[run] method=cagrad candidate=coord_05_method_baseline_cagrad_inner_lr_014 seed=2 steps=150 gpu=0
[run] cmd=
/home/zhujjing/anaconda3/envs/moe/bin/python /home/zhujjing/MOE-grad-conflict-routing/scripts/run.py --config configs/singletask_rte_real.yaml --set model.backbone_backend=hf --set model.hf_load_pretrained=true --set model.backbone=deberta --set model.hf_pretrained_name=microsoft/deberta-v3-base --set model.expert_type=lora --set model.routing_mode=topk --set model.num_experts=4 --set model.top_k=2 --set seed=2 --set method.name=baseline_cagrad --set train.steps=150 --set train.eval_every_steps=50 --set method.baseline_cagrad.c=0.1187523056 --set method.baseline_cagrad.inner_lr=0.02575731996 --set train.grad_clip=1.761572159 --set train.lr=4.460286243e-05 --set train.weight_decay=0.02536478282 --out /home/zhujjing/MOE-grad-conflict-routing/runs/paper_suite/single_gpu/single_task/deberta_rte_lora_e4_k2/hpo/cagrad/trial_runs/coord_05_method_baseline_cagrad_inner_lr_014/cagrad_s2.json --curve_out /home/zhujjing/MOE-grad-conflict-routing/runs/paper_suite/single_gpu/single_task/deberta_rte_lora_e4_k2/hpo/cagrad/trial_runs/coord_05_method_baseline_cagrad_inner_lr_014/cagrad_s2_curve.csv
Using the latest cached version of the dataset since glue couldn't be found on the Hugging Face Hub (offline mode is enabled).
Found the latest cached dataset configuration 'rte' at /home/zhujjing/hf_cache/datasets/glue/rte/0.0.0/bcdcba79d07bc864c1c254ccfcedcce55bcc9a8c (last modified on Thu Mar 19 15:00:36 2026).
/home/zhujjing/anaconda3/envs/moe/lib/python3.10/site-packages/transformers/utils/hub.py:124: FutureWarning: Using `TRANSFORMERS_CACHE` is deprecated and will be removed in v5 of Transformers. Use `HF_HOME` instead.
  warnings.warn(
/home/zhujjing/anaconda3/envs/moe/lib/python3.10/site-packages/transformers/convert_slow_tokenizer.py:560: UserWarning: The sentencepiece tokenizer that you are converting to a fast tokenizer uses the byte fallback option which is not implemented in the fast tokenizers. In practice this means that the fast version of the tokenizer can produce unknown tokens whereas the sentencepiece version would have converted these unknown tokens into a sequence of byte tokens matching the original piece of text.
  warnings.warn(
[step 0001/150] method=baseline_cagrad loss=0.7307 train_acc=nan train_loss=nan val_acc=nan val_loss=nan best=-1.0000
[step 0010/150] method=baseline_cagrad loss=0.8966 train_acc=nan train_loss=nan val_acc=nan val_loss=nan best=-1.0000
[step 0020/150] method=baseline_cagrad loss=0.7002 train_acc=nan train_loss=nan val_acc=nan val_loss=nan best=-1.0000
[step 0030/150] method=baseline_cagrad loss=0.6560 train_acc=nan train_loss=nan val_acc=nan val_loss=nan best=-1.0000
[step 0040/150] method=baseline_cagrad loss=0.6739 train_acc=nan train_loss=nan val_acc=nan val_loss=nan best=-1.0000
[step 0050/150] method=baseline_cagrad loss=0.4994 train_acc=0.6755 train_loss=0.6328 val_acc=0.6245 val_loss=0.6759 router_H=0.5492 best=0.6245
           router_load=[0.01128990389406681, 0.005127050448209047, 0.7458187341690063, 0.23776432871818542]
[step 0060/150] method=baseline_cagrad loss=0.6155 train_acc=0.6755 train_loss=0.6328 val_acc=0.6245 val_loss=0.6759 router_H=0.5492 best=0.6245
           router_load=[0.01128990389406681, 0.005127050448209047, 0.7458187341690063, 0.23776432871818542]
[step 0070/150] method=baseline_cagrad loss=0.6201 train_acc=0.6755 train_loss=0.6328 val_acc=0.6245 val_loss=0.6759 router_H=0.5492 best=0.6245
           router_load=[0.01128990389406681, 0.005127050448209047, 0.7458187341690063, 0.23776432871818542]
[step 0080/150] method=baseline_cagrad loss=0.4207 train_acc=0.6755 train_loss=0.6328 val_acc=0.6245 val_loss=0.6759 router_H=0.5492 best=0.6245
           router_load=[0.01128990389406681, 0.005127050448209047, 0.7458187341690063, 0.23776432871818542]
[step 0090/150] method=baseline_cagrad loss=0.2576 train_acc=0.6755 train_loss=0.6328 val_acc=0.6245 val_loss=0.6759 router_H=0.5492 best=0.6245
           router_load=[0.01128990389406681, 0.005127050448209047, 0.7458187341690063, 0.23776432871818542]
[step 0100/150] method=baseline_cagrad loss=0.4379 train_acc=0.8614 train_loss=0.3754 val_acc=0.7726 val_loss=0.4825 router_H=0.6007 best=0.7726
           router_load=[0.018184855580329895, 0.01453432347625494, 0.6913154125213623, 0.2759653925895691]
[step 0110/150] method=baseline_cagrad loss=0.4169 train_acc=0.8614 train_loss=0.3754 val_acc=0.7726 val_loss=0.4825 router_H=0.6007 best=0.7726
           router_load=[0.018184855580329895, 0.01453432347625494, 0.6913154125213623, 0.2759653925895691]
[step 0120/150] method=baseline_cagrad loss=0.3125 train_acc=0.8614 train_loss=0.3754 val_acc=0.7726 val_loss=0.4825 router_H=0.6007 best=0.7726
           router_load=[0.018184855580329895, 0.01453432347625494, 0.6913154125213623, 0.2759653925895691]
[step 0130/150] method=baseline_cagrad loss=0.5732 train_acc=0.8614 train_loss=0.3754 val_acc=0.7726 val_loss=0.4825 router_H=0.6007 best=0.7726
           router_load=[0.018184855580329895, 0.01453432347625494, 0.6913154125213623, 0.2759653925895691]
[step 0140/150] method=baseline_cagrad loss=0.5475 train_acc=0.8614 train_loss=0.3754 val_acc=0.7726 val_loss=0.4825 router_H=0.6007 best=0.7726
           router_load=[0.018184855580329895, 0.01453432347625494, 0.6913154125213623, 0.2759653925895691]
[step 0150/150] method=baseline_cagrad loss=0.5148 train_acc=0.9145 train_loss=0.2627 val_acc=0.8339 val_loss=0.4096 router_H=0.6171 best=0.8339
           router_load=[0.0, 0.20782609283924103, 0.6766712069511414, 0.11550246179103851]
saved summary -> /home/zhujjing/MOE-grad-conflict-routing/runs/paper_suite/single_gpu/single_task/deberta_rte_lora_e4_k2/hpo/cagrad/trial_runs/coord_05_method_baseline_cagrad_inner_lr_014/cagrad_s2.json
saved curve -> /home/zhujjing/MOE-grad-conflict-routing/runs/paper_suite/single_gpu/single_task/deberta_rte_lora_e4_k2/hpo/cagrad/trial_runs/coord_05_method_baseline_cagrad_inner_lr_014/cagrad_s2_curve.csv
