[run] method=cagrad candidate=coord_05_method_baseline_cagrad_inner_lr_000 seed=3 steps=150 gpu=0
[run] cmd=
/home/zhujjing/anaconda3/envs/moe/bin/python /home/zhujjing/MOE-grad-conflict-routing/scripts/run.py --config configs/singletask_sst2_real.yaml --set model.backbone_backend=hf --set model.hf_load_pretrained=true --set model.hf_local_files_only=true --set model.backbone=deberta --set model.hf_pretrained_name=microsoft/deberta-v3-base --set model.expert_type=ffn --set model.routing_mode=topk --set model.num_experts=4 --set model.top_k=2 --set seed=3 --set method.name=baseline_cagrad --set train.steps=150 --set train.eval_every_steps=50 --set method.baseline_cagrad.c=0.4809013596 --set method.baseline_cagrad.inner_lr=0.07815593766 --set train.grad_clip=1.273448831 --set train.lr=3.483800361e-05 --set train.weight_decay=0.03456878451 --out /home/zhujjing/MOE-grad-conflict-routing/runs/paper_suite/single_gpu/single_task/deberta_sst2_ffn_e4_k2_supplement/hpo/cagrad/trial_runs/coord_05_method_baseline_cagrad_inner_lr_000/cagrad_s3.json --curve_out /home/zhujjing/MOE-grad-conflict-routing/runs/paper_suite/single_gpu/single_task/deberta_sst2_ffn_e4_k2_supplement/hpo/cagrad/trial_runs/coord_05_method_baseline_cagrad_inner_lr_000/cagrad_s3_curve.csv
Using the latest cached version of the dataset since glue couldn't be found on the Hugging Face Hub (offline mode is enabled).
Found the latest cached dataset configuration 'sst2' at /home/zhujjing/hf_cache/datasets/glue/sst2/0.0.0/bcdcba79d07bc864c1c254ccfcedcce55bcc9a8c (last modified on Thu Mar 19 15:01:41 2026).
/home/zhujjing/anaconda3/envs/moe/lib/python3.10/site-packages/transformers/utils/hub.py:124: FutureWarning: Using `TRANSFORMERS_CACHE` is deprecated and will be removed in v5 of Transformers. Use `HF_HOME` instead.
  warnings.warn(
/home/zhujjing/anaconda3/envs/moe/lib/python3.10/site-packages/transformers/convert_slow_tokenizer.py:560: UserWarning: The sentencepiece tokenizer that you are converting to a fast tokenizer uses the byte fallback option which is not implemented in the fast tokenizers. In practice this means that the fast version of the tokenizer can produce unknown tokens whereas the sentencepiece version would have converted these unknown tokens into a sequence of byte tokens matching the original piece of text.
  warnings.warn(
[step 0001/150] method=baseline_cagrad loss=0.7204 train_acc=nan train_loss=nan val_acc=nan val_loss=nan best=-1.0000
[step 0010/150] method=baseline_cagrad loss=0.6335 train_acc=nan train_loss=nan val_acc=nan val_loss=nan best=-1.0000
[step 0020/150] method=baseline_cagrad loss=0.5650 train_acc=nan train_loss=nan val_acc=nan val_loss=nan best=-1.0000
[step 0030/150] method=baseline_cagrad loss=0.6169 train_acc=nan train_loss=nan val_acc=nan val_loss=nan best=-1.0000
[step 0040/150] method=baseline_cagrad loss=0.3086 train_acc=nan train_loss=nan val_acc=nan val_loss=nan best=-1.0000
[step 0050/150] method=baseline_cagrad loss=0.5214 train_acc=0.8915 train_loss=0.2983 val_acc=0.9037 val_loss=0.2589 router_H=0.6172 best=0.9037
           router_load=[0.6342208385467529, 0.23141179978847504, 0.006534545682370663, 0.12783274054527283]
[step 0060/150] method=baseline_cagrad loss=0.5935 train_acc=0.8915 train_loss=0.2983 val_acc=0.9037 val_loss=0.2589 router_H=0.6172 best=0.9037
           router_load=[0.6342208385467529, 0.23141179978847504, 0.006534545682370663, 0.12783274054527283]
[step 0070/150] method=baseline_cagrad loss=0.1716 train_acc=0.8915 train_loss=0.2983 val_acc=0.9037 val_loss=0.2589 router_H=0.6172 best=0.9037
           router_load=[0.6342208385467529, 0.23141179978847504, 0.006534545682370663, 0.12783274054527283]
[step 0080/150] method=baseline_cagrad loss=0.1115 train_acc=0.8915 train_loss=0.2983 val_acc=0.9037 val_loss=0.2589 router_H=0.6172 best=0.9037
           router_load=[0.6342208385467529, 0.23141179978847504, 0.006534545682370663, 0.12783274054527283]
[step 0090/150] method=baseline_cagrad loss=0.1514 train_acc=0.8915 train_loss=0.2983 val_acc=0.9037 val_loss=0.2589 router_H=0.6172 best=0.9037
           router_load=[0.6342208385467529, 0.23141179978847504, 0.006534545682370663, 0.12783274054527283]
[step 0100/150] method=baseline_cagrad loss=0.1347 train_acc=0.9124 train_loss=0.2253 val_acc=0.9151 val_loss=0.2183 router_H=0.6289 best=0.9151
           router_load=[0.624299943447113, 0.3604847490787506, 0.014463821426033974, 0.000751351413782686]
[step 0110/150] method=baseline_cagrad loss=0.4882 train_acc=0.9124 train_loss=0.2253 val_acc=0.9151 val_loss=0.2183 router_H=0.6289 best=0.9151
           router_load=[0.624299943447113, 0.3604847490787506, 0.014463821426033974, 0.000751351413782686]
[step 0120/150] method=baseline_cagrad loss=0.2684 train_acc=0.9124 train_loss=0.2253 val_acc=0.9151 val_loss=0.2183 router_H=0.6289 best=0.9151
           router_load=[0.624299943447113, 0.3604847490787506, 0.014463821426033974, 0.000751351413782686]
[step 0130/150] method=baseline_cagrad loss=0.2253 train_acc=0.9124 train_loss=0.2253 val_acc=0.9151 val_loss=0.2183 router_H=0.6289 best=0.9151
           router_load=[0.624299943447113, 0.3604847490787506, 0.014463821426033974, 0.000751351413782686]
[step 0140/150] method=baseline_cagrad loss=0.3288 train_acc=0.9124 train_loss=0.2253 val_acc=0.9151 val_loss=0.2183 router_H=0.6289 best=0.9151
           router_load=[0.624299943447113, 0.3604847490787506, 0.014463821426033974, 0.000751351413782686]
[step 0150/150] method=baseline_cagrad loss=0.2356 train_acc=0.9183 train_loss=0.2317 val_acc=0.9140 val_loss=0.2359 router_H=0.5178 best=0.9151
           router_load=[0.7249670624732971, 0.21891874074935913, 0.053561341017484665, 0.0025530164130032063]
saved summary -> /home/zhujjing/MOE-grad-conflict-routing/runs/paper_suite/single_gpu/single_task/deberta_sst2_ffn_e4_k2_supplement/hpo/cagrad/trial_runs/coord_05_method_baseline_cagrad_inner_lr_000/cagrad_s3.json
saved curve -> /home/zhujjing/MOE-grad-conflict-routing/runs/paper_suite/single_gpu/single_task/deberta_sst2_ffn_e4_k2_supplement/hpo/cagrad/trial_runs/coord_05_method_baseline_cagrad_inner_lr_000/cagrad_s3_curve.csv
