[run] method=cagrad candidate=coord_05_anchor seed=3 steps=150 gpu=0
[run] cmd=
/home/zhujjing/anaconda3/envs/moe/bin/python /home/zhujjing/MOE-grad-conflict-routing/scripts/run.py --config configs/singletask_sst2_real.yaml --set model.backbone_backend=hf --set model.hf_load_pretrained=true --set model.hf_local_files_only=true --set model.backbone=deberta --set model.hf_pretrained_name=microsoft/deberta-v3-base --set model.expert_type=ffn --set model.routing_mode=topk --set model.num_experts=4 --set model.top_k=2 --set seed=3 --set method.name=baseline_cagrad --set train.steps=150 --set train.eval_every_steps=50 --set method.baseline_cagrad.c=0.4809013596 --set method.baseline_cagrad.inner_lr=0.1 --set train.grad_clip=1.273448831 --set train.lr=3.483800361e-05 --set train.weight_decay=0.03456878451 --out /home/zhujjing/MOE-grad-conflict-routing/runs/paper_suite/single_gpu/single_task/deberta_sst2_ffn_e4_k2_supplement/hpo/cagrad/trial_runs/coord_05_anchor/cagrad_s3.json --curve_out /home/zhujjing/MOE-grad-conflict-routing/runs/paper_suite/single_gpu/single_task/deberta_sst2_ffn_e4_k2_supplement/hpo/cagrad/trial_runs/coord_05_anchor/cagrad_s3_curve.csv
Using the latest cached version of the dataset since glue couldn't be found on the Hugging Face Hub (offline mode is enabled).
Found the latest cached dataset configuration 'sst2' at /home/zhujjing/hf_cache/datasets/glue/sst2/0.0.0/bcdcba79d07bc864c1c254ccfcedcce55bcc9a8c (last modified on Thu Mar 19 15:01:41 2026).
/home/zhujjing/anaconda3/envs/moe/lib/python3.10/site-packages/transformers/utils/hub.py:124: FutureWarning: Using `TRANSFORMERS_CACHE` is deprecated and will be removed in v5 of Transformers. Use `HF_HOME` instead.
  warnings.warn(
/home/zhujjing/anaconda3/envs/moe/lib/python3.10/site-packages/transformers/convert_slow_tokenizer.py:560: UserWarning: The sentencepiece tokenizer that you are converting to a fast tokenizer uses the byte fallback option which is not implemented in the fast tokenizers. In practice this means that the fast version of the tokenizer can produce unknown tokens whereas the sentencepiece version would have converted these unknown tokens into a sequence of byte tokens matching the original piece of text.
  warnings.warn(
[step 0001/150] method=baseline_cagrad loss=0.6505 train_acc=nan train_loss=nan val_acc=nan val_loss=nan best=-1.0000
[step 0010/150] method=baseline_cagrad loss=0.5976 train_acc=nan train_loss=nan val_acc=nan val_loss=nan best=-1.0000
[step 0020/150] method=baseline_cagrad loss=0.4557 train_acc=nan train_loss=nan val_acc=nan val_loss=nan best=-1.0000
[step 0030/150] method=baseline_cagrad loss=0.5779 train_acc=nan train_loss=nan val_acc=nan val_loss=nan best=-1.0000
[step 0040/150] method=baseline_cagrad loss=0.2213 train_acc=nan train_loss=nan val_acc=nan val_loss=nan best=-1.0000
[step 0050/150] method=baseline_cagrad loss=0.3828 train_acc=0.8930 train_loss=0.2868 val_acc=0.8956 val_loss=0.2719 router_H=0.4720 best=0.8956
           router_load=[0.007020813412964344, 0.18965201079845428, 0.7836039662361145, 0.019723085686564445]
[step 0060/150] method=baseline_cagrad loss=0.5636 train_acc=0.8930 train_loss=0.2868 val_acc=0.8956 val_loss=0.2719 router_H=0.4720 best=0.8956
           router_load=[0.007020813412964344, 0.18965201079845428, 0.7836039662361145, 0.019723085686564445]
[step 0070/150] method=baseline_cagrad loss=0.1637 train_acc=0.8930 train_loss=0.2868 val_acc=0.8956 val_loss=0.2719 router_H=0.4720 best=0.8956
           router_load=[0.007020813412964344, 0.18965201079845428, 0.7836039662361145, 0.019723085686564445]
[step 0080/150] method=baseline_cagrad loss=0.2253 train_acc=0.8930 train_loss=0.2868 val_acc=0.8956 val_loss=0.2719 router_H=0.4720 best=0.8956
           router_load=[0.007020813412964344, 0.18965201079845428, 0.7836039662361145, 0.019723085686564445]
[step 0090/150] method=baseline_cagrad loss=0.2105 train_acc=0.8930 train_loss=0.2868 val_acc=0.8956 val_loss=0.2719 router_H=0.4720 best=0.8956
           router_load=[0.007020813412964344, 0.18965201079845428, 0.7836039662361145, 0.019723085686564445]
[step 0100/150] method=baseline_cagrad loss=0.5392 train_acc=0.9054 train_loss=0.3153 val_acc=0.9025 val_loss=0.3139 router_H=0.4612 best=0.9025
           router_load=[0.03928985819220543, 0.34350985288619995, 0.6170044541358948, 0.00019576439808588475]
[step 0110/150] method=baseline_cagrad loss=0.6275 train_acc=0.9054 train_loss=0.3153 val_acc=0.9025 val_loss=0.3139 router_H=0.4612 best=0.9025
           router_load=[0.03928985819220543, 0.34350985288619995, 0.6170044541358948, 0.00019576439808588475]
[step 0120/150] method=baseline_cagrad loss=0.3451 train_acc=0.9054 train_loss=0.3153 val_acc=0.9025 val_loss=0.3139 router_H=0.4612 best=0.9025
           router_load=[0.03928985819220543, 0.34350985288619995, 0.6170044541358948, 0.00019576439808588475]
[step 0130/150] method=baseline_cagrad loss=0.1088 train_acc=0.9054 train_loss=0.3153 val_acc=0.9025 val_loss=0.3139 router_H=0.4612 best=0.9025
           router_load=[0.03928985819220543, 0.34350985288619995, 0.6170044541358948, 0.00019576439808588475]
[step 0140/150] method=baseline_cagrad loss=0.3297 train_acc=0.9054 train_loss=0.3153 val_acc=0.9025 val_loss=0.3139 router_H=0.4612 best=0.9025
           router_load=[0.03928985819220543, 0.34350985288619995, 0.6170044541358948, 0.00019576439808588475]
[step 0150/150] method=baseline_cagrad loss=0.0859 train_acc=0.9261 train_loss=0.2184 val_acc=0.9358 val_loss=0.1943 router_H=0.4118 best=0.9358
           router_load=[0.024536993354558945, 0.2962050139904022, 0.6784231066703796, 0.0008350273128598928]
saved summary -> /home/zhujjing/MOE-grad-conflict-routing/runs/paper_suite/single_gpu/single_task/deberta_sst2_ffn_e4_k2_supplement/hpo/cagrad/trial_runs/coord_05_anchor/cagrad_s3.json
saved curve -> /home/zhujjing/MOE-grad-conflict-routing/runs/paper_suite/single_gpu/single_task/deberta_sst2_ffn_e4_k2_supplement/hpo/cagrad/trial_runs/coord_05_anchor/cagrad_s3_curve.csv
