[run] method=cagrad candidate=coord_05_method_baseline_cagrad_inner_lr_008 seed=3 steps=150 gpu=0
[run] cmd=
/home/zhujjing/anaconda3/envs/moe/bin/python /home/zhujjing/MOE-grad-conflict-routing/scripts/run.py --config configs/singletask_sst2_real.yaml --set model.backbone_backend=hf --set model.hf_load_pretrained=true --set model.hf_local_files_only=true --set model.backbone=deberta --set model.hf_pretrained_name=microsoft/deberta-v3-base --set model.expert_type=ffn --set model.routing_mode=topk --set model.num_experts=4 --set model.top_k=2 --set seed=3 --set method.name=baseline_cagrad --set train.steps=150 --set train.eval_every_steps=50 --set method.baseline_cagrad.c=0.4809013596 --set method.baseline_cagrad.inner_lr=0.0706776422 --set train.grad_clip=1.273448831 --set train.lr=3.483800361e-05 --set train.weight_decay=0.03456878451 --out /home/zhujjing/MOE-grad-conflict-routing/runs/paper_suite/single_gpu/single_task/deberta_sst2_ffn_e4_k2_supplement/hpo/cagrad/trial_runs/coord_05_method_baseline_cagrad_inner_lr_008/cagrad_s3.json --curve_out /home/zhujjing/MOE-grad-conflict-routing/runs/paper_suite/single_gpu/single_task/deberta_sst2_ffn_e4_k2_supplement/hpo/cagrad/trial_runs/coord_05_method_baseline_cagrad_inner_lr_008/cagrad_s3_curve.csv
Using the latest cached version of the dataset since glue couldn't be found on the Hugging Face Hub (offline mode is enabled).
Found the latest cached dataset configuration 'sst2' at /home/zhujjing/hf_cache/datasets/glue/sst2/0.0.0/bcdcba79d07bc864c1c254ccfcedcce55bcc9a8c (last modified on Thu Mar 19 15:01:41 2026).
/home/zhujjing/anaconda3/envs/moe/lib/python3.10/site-packages/transformers/utils/hub.py:124: FutureWarning: Using `TRANSFORMERS_CACHE` is deprecated and will be removed in v5 of Transformers. Use `HF_HOME` instead.
  warnings.warn(
/home/zhujjing/anaconda3/envs/moe/lib/python3.10/site-packages/transformers/convert_slow_tokenizer.py:560: UserWarning: The sentencepiece tokenizer that you are converting to a fast tokenizer uses the byte fallback option which is not implemented in the fast tokenizers. In practice this means that the fast version of the tokenizer can produce unknown tokens whereas the sentencepiece version would have converted these unknown tokens into a sequence of byte tokens matching the original piece of text.
  warnings.warn(
[step 0001/150] method=baseline_cagrad loss=0.7517 train_acc=nan train_loss=nan val_acc=nan val_loss=nan best=-1.0000
[step 0010/150] method=baseline_cagrad loss=0.6530 train_acc=nan train_loss=nan val_acc=nan val_loss=nan best=-1.0000
[step 0020/150] method=baseline_cagrad loss=0.5963 train_acc=nan train_loss=nan val_acc=nan val_loss=nan best=-1.0000
[step 0030/150] method=baseline_cagrad loss=0.5895 train_acc=nan train_loss=nan val_acc=nan val_loss=nan best=-1.0000
[step 0040/150] method=baseline_cagrad loss=0.5291 train_acc=nan train_loss=nan val_acc=nan val_loss=nan best=-1.0000
[step 0050/150] method=baseline_cagrad loss=0.6547 train_acc=0.8590 train_loss=0.3535 val_acc=0.8876 val_loss=0.2910 router_H=0.4207 best=0.8876
           router_load=[0.01916704699397087, 0.052456602454185486, 0.8100212812423706, 0.11835482716560364]
[step 0060/150] method=baseline_cagrad loss=0.4632 train_acc=0.8590 train_loss=0.3535 val_acc=0.8876 val_loss=0.2910 router_H=0.4207 best=0.8876
           router_load=[0.01916704699397087, 0.052456602454185486, 0.8100212812423706, 0.11835482716560364]
[step 0070/150] method=baseline_cagrad loss=0.1701 train_acc=0.8590 train_loss=0.3535 val_acc=0.8876 val_loss=0.2910 router_H=0.4207 best=0.8876
           router_load=[0.01916704699397087, 0.052456602454185486, 0.8100212812423706, 0.11835482716560364]
[step 0080/150] method=baseline_cagrad loss=0.1529 train_acc=0.8590 train_loss=0.3535 val_acc=0.8876 val_loss=0.2910 router_H=0.4207 best=0.8876
           router_load=[0.01916704699397087, 0.052456602454185486, 0.8100212812423706, 0.11835482716560364]
[step 0090/150] method=baseline_cagrad loss=0.1777 train_acc=0.8590 train_loss=0.3535 val_acc=0.8876 val_loss=0.2910 router_H=0.4207 best=0.8876
           router_load=[0.01916704699397087, 0.052456602454185486, 0.8100212812423706, 0.11835482716560364]
[step 0100/150] method=baseline_cagrad loss=0.2653 train_acc=0.9056 train_loss=0.2734 val_acc=0.9117 val_loss=0.2440 router_H=0.4350 best=0.9117
           router_load=[0.0, 0.09496502578258514, 0.777921199798584, 0.12711386382579803]
[step 0110/150] method=baseline_cagrad loss=0.5666 train_acc=0.9056 train_loss=0.2734 val_acc=0.9117 val_loss=0.2440 router_H=0.4350 best=0.9117
           router_load=[0.0, 0.09496502578258514, 0.777921199798584, 0.12711386382579803]
[step 0120/150] method=baseline_cagrad loss=0.4864 train_acc=0.9056 train_loss=0.2734 val_acc=0.9117 val_loss=0.2440 router_H=0.4350 best=0.9117
           router_load=[0.0, 0.09496502578258514, 0.777921199798584, 0.12711386382579803]
[step 0130/150] method=baseline_cagrad loss=0.4457 train_acc=0.9056 train_loss=0.2734 val_acc=0.9117 val_loss=0.2440 router_H=0.4350 best=0.9117
           router_load=[0.0, 0.09496502578258514, 0.777921199798584, 0.12711386382579803]
[step 0140/150] method=baseline_cagrad loss=0.2144 train_acc=0.9056 train_loss=0.2734 val_acc=0.9117 val_loss=0.2440 router_H=0.4350 best=0.9117
           router_load=[0.0, 0.09496502578258514, 0.777921199798584, 0.12711386382579803]
[step 0150/150] method=baseline_cagrad loss=0.2444 train_acc=0.9259 train_loss=0.2129 val_acc=0.9346 val_loss=0.1999 router_H=0.3494 best=0.9346
           router_load=[4.4492950109997764e-05, 0.0645475834608078, 0.8685443997383118, 0.06686361134052277]
saved summary -> /home/zhujjing/MOE-grad-conflict-routing/runs/paper_suite/single_gpu/single_task/deberta_sst2_ffn_e4_k2_supplement/hpo/cagrad/trial_runs/coord_05_method_baseline_cagrad_inner_lr_008/cagrad_s3.json
saved curve -> /home/zhujjing/MOE-grad-conflict-routing/runs/paper_suite/single_gpu/single_task/deberta_sst2_ffn_e4_k2_supplement/hpo/cagrad/trial_runs/coord_05_method_baseline_cagrad_inner_lr_008/cagrad_s3_curve.csv
