[run] method=cagrad candidate=coord_05_method_baseline_cagrad_inner_lr_001 seed=3 steps=150 gpu=0
[run] cmd=
/home/zhujjing/anaconda3/envs/moe/bin/python /home/zhujjing/MOE-grad-conflict-routing/scripts/run.py --config configs/singletask_sst2_real.yaml --set model.backbone_backend=hf --set model.hf_load_pretrained=true --set model.hf_local_files_only=true --set model.backbone=deberta --set model.hf_pretrained_name=microsoft/deberta-v3-base --set model.expert_type=ffn --set model.routing_mode=topk --set model.num_experts=4 --set model.top_k=2 --set seed=3 --set method.name=baseline_cagrad --set train.steps=150 --set train.eval_every_steps=50 --set method.baseline_cagrad.c=0.4809013596 --set method.baseline_cagrad.inner_lr=0.07654088955 --set train.grad_clip=1.273448831 --set train.lr=3.483800361e-05 --set train.weight_decay=0.03456878451 --out /home/zhujjing/MOE-grad-conflict-routing/runs/paper_suite/single_gpu/single_task/deberta_sst2_ffn_e4_k2_supplement/hpo/cagrad/trial_runs/coord_05_method_baseline_cagrad_inner_lr_001/cagrad_s3.json --curve_out /home/zhujjing/MOE-grad-conflict-routing/runs/paper_suite/single_gpu/single_task/deberta_sst2_ffn_e4_k2_supplement/hpo/cagrad/trial_runs/coord_05_method_baseline_cagrad_inner_lr_001/cagrad_s3_curve.csv
Using the latest cached version of the dataset since glue couldn't be found on the Hugging Face Hub (offline mode is enabled).
Found the latest cached dataset configuration 'sst2' at /home/zhujjing/hf_cache/datasets/glue/sst2/0.0.0/bcdcba79d07bc864c1c254ccfcedcce55bcc9a8c (last modified on Thu Mar 19 15:01:41 2026).
/home/zhujjing/anaconda3/envs/moe/lib/python3.10/site-packages/transformers/utils/hub.py:124: FutureWarning: Using `TRANSFORMERS_CACHE` is deprecated and will be removed in v5 of Transformers. Use `HF_HOME` instead.
  warnings.warn(
/home/zhujjing/anaconda3/envs/moe/lib/python3.10/site-packages/transformers/convert_slow_tokenizer.py:560: UserWarning: The sentencepiece tokenizer that you are converting to a fast tokenizer uses the byte fallback option which is not implemented in the fast tokenizers. In practice this means that the fast version of the tokenizer can produce unknown tokens whereas the sentencepiece version would have converted these unknown tokens into a sequence of byte tokens matching the original piece of text.
  warnings.warn(
[step 0001/150] method=baseline_cagrad loss=0.6997 train_acc=nan train_loss=nan val_acc=nan val_loss=nan best=-1.0000
[step 0010/150] method=baseline_cagrad loss=0.5858 train_acc=nan train_loss=nan val_acc=nan val_loss=nan best=-1.0000
[step 0020/150] method=baseline_cagrad loss=0.5103 train_acc=nan train_loss=nan val_acc=nan val_loss=nan best=-1.0000
[step 0030/150] method=baseline_cagrad loss=0.6424 train_acc=nan train_loss=nan val_acc=nan val_loss=nan best=-1.0000
[step 0040/150] method=baseline_cagrad loss=0.3054 train_acc=nan train_loss=nan val_acc=nan val_loss=nan best=-1.0000
[step 0050/150] method=baseline_cagrad loss=0.8246 train_acc=0.8514 train_loss=0.3862 val_acc=0.8280 val_loss=0.4076 router_H=0.2856 best=0.8280
           router_load=[0.017519354820251465, 0.04761002957820892, 0.9040404558181763, 0.030830295756459236]
[step 0060/150] method=baseline_cagrad loss=0.4370 train_acc=0.8514 train_loss=0.3862 val_acc=0.8280 val_loss=0.4076 router_H=0.2856 best=0.8280
           router_load=[0.017519354820251465, 0.04761002957820892, 0.9040404558181763, 0.030830295756459236]
[step 0070/150] method=baseline_cagrad loss=0.2129 train_acc=0.8514 train_loss=0.3862 val_acc=0.8280 val_loss=0.4076 router_H=0.2856 best=0.8280
           router_load=[0.017519354820251465, 0.04761002957820892, 0.9040404558181763, 0.030830295756459236]
[step 0080/150] method=baseline_cagrad loss=0.1562 train_acc=0.8514 train_loss=0.3862 val_acc=0.8280 val_loss=0.4076 router_H=0.2856 best=0.8280
           router_load=[0.017519354820251465, 0.04761002957820892, 0.9040404558181763, 0.030830295756459236]
[step 0090/150] method=baseline_cagrad loss=0.1711 train_acc=0.8514 train_loss=0.3862 val_acc=0.8280 val_loss=0.4076 router_H=0.2856 best=0.8280
           router_load=[0.017519354820251465, 0.04761002957820892, 0.9040404558181763, 0.030830295756459236]
[step 0100/150] method=baseline_cagrad loss=0.2746 train_acc=0.9038 train_loss=0.2590 val_acc=0.9163 val_loss=0.2444 router_H=0.3570 best=0.9163
           router_load=[0.0005272216512821615, 0.0886402279138565, 0.8680053353309631, 0.04282710328698158]
[step 0110/150] method=baseline_cagrad loss=0.8321 train_acc=0.9038 train_loss=0.2590 val_acc=0.9163 val_loss=0.2444 router_H=0.3570 best=0.9163
           router_load=[0.0005272216512821615, 0.0886402279138565, 0.8680053353309631, 0.04282710328698158]
[step 0120/150] method=baseline_cagrad loss=0.4947 train_acc=0.9038 train_loss=0.2590 val_acc=0.9163 val_loss=0.2444 router_H=0.3570 best=0.9163
           router_load=[0.0005272216512821615, 0.0886402279138565, 0.8680053353309631, 0.04282710328698158]
[step 0130/150] method=baseline_cagrad loss=0.2422 train_acc=0.9038 train_loss=0.2590 val_acc=0.9163 val_loss=0.2444 router_H=0.3570 best=0.9163
           router_load=[0.0005272216512821615, 0.0886402279138565, 0.8680053353309631, 0.04282710328698158]
[step 0140/150] method=baseline_cagrad loss=0.2075 train_acc=0.9038 train_loss=0.2590 val_acc=0.9163 val_loss=0.2444 router_H=0.3570 best=0.9163
           router_load=[0.0005272216512821615, 0.0886402279138565, 0.8680053353309631, 0.04282710328698158]
[step 0150/150] method=baseline_cagrad loss=0.2524 train_acc=0.9218 train_loss=0.2432 val_acc=0.9174 val_loss=0.2479 router_H=0.2877 best=0.9174
           router_load=[0.00036081793950870633, 0.011583153158426285, 0.9059557914733887, 0.08210013061761856]
saved summary -> /home/zhujjing/MOE-grad-conflict-routing/runs/paper_suite/single_gpu/single_task/deberta_sst2_ffn_e4_k2_supplement/hpo/cagrad/trial_runs/coord_05_method_baseline_cagrad_inner_lr_001/cagrad_s3.json
saved curve -> /home/zhujjing/MOE-grad-conflict-routing/runs/paper_suite/single_gpu/single_task/deberta_sst2_ffn_e4_k2_supplement/hpo/cagrad/trial_runs/coord_05_method_baseline_cagrad_inner_lr_001/cagrad_s3_curve.csv
