[run] method=cagrad candidate=coord_05_method_baseline_cagrad_inner_lr_013 seed=2 steps=150 gpu=0
[run] cmd=
/home/zhujjing/anaconda3/envs/moe/bin/python /home/zhujjing/MOE-grad-conflict-routing/scripts/run.py --config configs/singletask_sst2_real.yaml --set model.backbone_backend=hf --set model.hf_load_pretrained=true --set model.hf_local_files_only=true --set model.backbone=deberta --set model.hf_pretrained_name=microsoft/deberta-v3-base --set model.expert_type=ffn --set model.routing_mode=topk --set model.num_experts=4 --set model.top_k=2 --set seed=2 --set method.name=baseline_cagrad --set train.steps=150 --set train.eval_every_steps=50 --set method.baseline_cagrad.c=0.4809013596 --set method.baseline_cagrad.inner_lr=0.1824460376 --set train.grad_clip=1.273448831 --set train.lr=3.483800361e-05 --set train.weight_decay=0.03456878451 --out /home/zhujjing/MOE-grad-conflict-routing/runs/paper_suite/single_gpu/single_task/deberta_sst2_ffn_e4_k2_supplement/hpo/cagrad/trial_runs/coord_05_method_baseline_cagrad_inner_lr_013/cagrad_s2.json --curve_out /home/zhujjing/MOE-grad-conflict-routing/runs/paper_suite/single_gpu/single_task/deberta_sst2_ffn_e4_k2_supplement/hpo/cagrad/trial_runs/coord_05_method_baseline_cagrad_inner_lr_013/cagrad_s2_curve.csv
Using the latest cached version of the dataset since glue couldn't be found on the Hugging Face Hub (offline mode is enabled).
Found the latest cached dataset configuration 'sst2' at /home/zhujjing/hf_cache/datasets/glue/sst2/0.0.0/bcdcba79d07bc864c1c254ccfcedcce55bcc9a8c (last modified on Thu Mar 19 15:01:41 2026).
/home/zhujjing/anaconda3/envs/moe/lib/python3.10/site-packages/transformers/utils/hub.py:124: FutureWarning: Using `TRANSFORMERS_CACHE` is deprecated and will be removed in v5 of Transformers. Use `HF_HOME` instead.
  warnings.warn(
/home/zhujjing/anaconda3/envs/moe/lib/python3.10/site-packages/transformers/convert_slow_tokenizer.py:560: UserWarning: The sentencepiece tokenizer that you are converting to a fast tokenizer uses the byte fallback option which is not implemented in the fast tokenizers. In practice this means that the fast version of the tokenizer can produce unknown tokens whereas the sentencepiece version would have converted these unknown tokens into a sequence of byte tokens matching the original piece of text.
  warnings.warn(
[step 0001/150] method=baseline_cagrad loss=0.7041 train_acc=nan train_loss=nan val_acc=nan val_loss=nan best=-1.0000
[step 0010/150] method=baseline_cagrad loss=0.6958 train_acc=nan train_loss=nan val_acc=nan val_loss=nan best=-1.0000
[step 0020/150] method=baseline_cagrad loss=0.4120 train_acc=nan train_loss=nan val_acc=nan val_loss=nan best=-1.0000
[step 0030/150] method=baseline_cagrad loss=0.3385 train_acc=nan train_loss=nan val_acc=nan val_loss=nan best=-1.0000
[step 0040/150] method=baseline_cagrad loss=0.1288 train_acc=nan train_loss=nan val_acc=nan val_loss=nan best=-1.0000
[step 0050/150] method=baseline_cagrad loss=0.1071 train_acc=0.8817 train_loss=0.3361 val_acc=0.8291 val_loss=0.4660 router_H=0.6539 best=0.8291
           router_load=[0.08394855260848999, 0.1535121202468872, 0.3557398319244385, 0.40679946541786194]
[step 0060/150] method=baseline_cagrad loss=0.5420 train_acc=0.8817 train_loss=0.3361 val_acc=0.8291 val_loss=0.4660 router_H=0.6539 best=0.8291
           router_load=[0.08394855260848999, 0.1535121202468872, 0.3557398319244385, 0.40679946541786194]
[step 0070/150] method=baseline_cagrad loss=0.5092 train_acc=0.8817 train_loss=0.3361 val_acc=0.8291 val_loss=0.4660 router_H=0.6539 best=0.8291
           router_load=[0.08394855260848999, 0.1535121202468872, 0.3557398319244385, 0.40679946541786194]
[step 0080/150] method=baseline_cagrad loss=0.5470 train_acc=0.8817 train_loss=0.3361 val_acc=0.8291 val_loss=0.4660 router_H=0.6539 best=0.8291
           router_load=[0.08394855260848999, 0.1535121202468872, 0.3557398319244385, 0.40679946541786194]
[step 0090/150] method=baseline_cagrad loss=0.4142 train_acc=0.8817 train_loss=0.3361 val_acc=0.8291 val_loss=0.4660 router_H=0.6539 best=0.8291
           router_load=[0.08394855260848999, 0.1535121202468872, 0.3557398319244385, 0.40679946541786194]
[step 0100/150] method=baseline_cagrad loss=0.0347 train_acc=0.9175 train_loss=0.3166 val_acc=0.9151 val_loss=0.3511 router_H=0.4265 best=0.9151
           router_load=[0.37810018658638, 0.025608079507946968, 0.07630185782909393, 0.5199898481369019]
[step 0110/150] method=baseline_cagrad loss=0.2753 train_acc=0.9175 train_loss=0.3166 val_acc=0.9151 val_loss=0.3511 router_H=0.4265 best=0.9151
           router_load=[0.37810018658638, 0.025608079507946968, 0.07630185782909393, 0.5199898481369019]
[step 0120/150] method=baseline_cagrad loss=0.1764 train_acc=0.9175 train_loss=0.3166 val_acc=0.9151 val_loss=0.3511 router_H=0.4265 best=0.9151
           router_load=[0.37810018658638, 0.025608079507946968, 0.07630185782909393, 0.5199898481369019]
[step 0130/150] method=baseline_cagrad loss=0.4960 train_acc=0.9175 train_loss=0.3166 val_acc=0.9151 val_loss=0.3511 router_H=0.4265 best=0.9151
           router_load=[0.37810018658638, 0.025608079507946968, 0.07630185782909393, 0.5199898481369019]
[step 0140/150] method=baseline_cagrad loss=0.2980 train_acc=0.9175 train_loss=0.3166 val_acc=0.9151 val_loss=0.3511 router_H=0.4265 best=0.9151
           router_load=[0.37810018658638, 0.025608079507946968, 0.07630185782909393, 0.5199898481369019]
[step 0150/150] method=baseline_cagrad loss=0.2229 train_acc=0.9198 train_loss=0.2311 val_acc=0.9186 val_loss=0.2341 router_H=0.4837 best=0.9186
           router_load=[0.3727927803993225, 0.023920932784676552, 0.11795450747013092, 0.48533201217651367]
saved summary -> /home/zhujjing/MOE-grad-conflict-routing/runs/paper_suite/single_gpu/single_task/deberta_sst2_ffn_e4_k2_supplement/hpo/cagrad/trial_runs/coord_05_method_baseline_cagrad_inner_lr_013/cagrad_s2.json
saved curve -> /home/zhujjing/MOE-grad-conflict-routing/runs/paper_suite/single_gpu/single_task/deberta_sst2_ffn_e4_k2_supplement/hpo/cagrad/trial_runs/coord_05_method_baseline_cagrad_inner_lr_013/cagrad_s2_curve.csv
