[run] method=ours candidate=coord_03_train_grad_clip_007 seed=3 steps=150 gpu=0
[run] cmd=
/home/zhujjing/anaconda3/envs/moe/bin/python /home/zhujjing/MOE-grad-conflict-routing/scripts/run.py --config configs/singletask_mrpc_real.yaml --set model.backbone_backend=hf --set model.hf_load_pretrained=true --set model.backbone=deberta --set model.hf_pretrained_name=microsoft/deberta-v3-base --set model.expert_type=ffn --set model.routing_mode=topk --set model.num_experts=4 --set model.top_k=2 --set seed=3 --set method.name=ours --set train.steps=150 --set train.eval_every_steps=50 --set method.ours.use_load_norm=true --set method.ours.lambda_align=0.001 --set train.grad_clip=1.883381917 --set train.lr=3.356481249e-05 --set train.weight_decay=0.04283921792 --out /home/zhujjing/MOE-grad-conflict-routing/runs/paper_suite/single_gpu/single_task/deberta_mrpc_ffn_e4_k2/hpo/ours/trial_runs/coord_03_train_grad_clip_007/ours_s3.json --curve_out /home/zhujjing/MOE-grad-conflict-routing/runs/paper_suite/single_gpu/single_task/deberta_mrpc_ffn_e4_k2/hpo/ours/trial_runs/coord_03_train_grad_clip_007/ours_s3_curve.csv
Using the latest cached version of the dataset since glue couldn't be found on the Hugging Face Hub (offline mode is enabled).
Found the latest cached dataset configuration 'mrpc' at /home/zhujjing/hf_cache/datasets/glue/mrpc/0.0.0/bcdcba79d07bc864c1c254ccfcedcce55bcc9a8c (last modified on Thu Mar 19 15:01:06 2026).
/home/zhujjing/anaconda3/envs/moe/lib/python3.10/site-packages/transformers/utils/hub.py:124: FutureWarning: Using `TRANSFORMERS_CACHE` is deprecated and will be removed in v5 of Transformers. Use `HF_HOME` instead.
  warnings.warn(
/home/zhujjing/anaconda3/envs/moe/lib/python3.10/site-packages/transformers/convert_slow_tokenizer.py:560: UserWarning: The sentencepiece tokenizer that you are converting to a fast tokenizer uses the byte fallback option which is not implemented in the fast tokenizers. In practice this means that the fast version of the tokenizer can produce unknown tokens whereas the sentencepiece version would have converted these unknown tokens into a sequence of byte tokens matching the original piece of text.
  warnings.warn(
[step 0001/150] method=ours loss=0.6777 train_acc=nan train_loss=nan val_acc=nan val_loss=nan best=-1.0000
[step 0010/150] method=ours loss=0.6954 train_acc=nan train_loss=nan val_acc=nan val_loss=nan best=-1.0000
[step 0020/150] method=ours loss=0.5703 train_acc=nan train_loss=nan val_acc=nan val_loss=nan best=-1.0000
[step 0030/150] method=ours loss=0.4260 train_acc=nan train_loss=nan val_acc=nan val_loss=nan best=-1.0000
[step 0040/150] method=ours loss=0.4348 train_acc=nan train_loss=nan val_acc=nan val_loss=nan best=-1.0000
[step 0050/150] method=ours loss=0.2607 train_acc=0.8067 train_loss=0.4332 val_acc=0.7941 val_loss=0.4273 router_H=0.5199 best=0.7941
           router_load=[0.0008898646337911487, 0.29293718934059143, 0.7061730027198792, 0.0]
[step 0060/150] method=ours loss=0.3192 train_acc=0.8067 train_loss=0.4332 val_acc=0.7941 val_loss=0.4273 router_H=0.5199 best=0.7941
           router_load=[0.0008898646337911487, 0.29293718934059143, 0.7061730027198792, 0.0]
[step 0070/150] method=ours loss=0.3162 train_acc=0.8067 train_loss=0.4332 val_acc=0.7941 val_loss=0.4273 router_H=0.5199 best=0.7941
           router_load=[0.0008898646337911487, 0.29293718934059143, 0.7061730027198792, 0.0]
[step 0080/150] method=ours loss=0.2690 train_acc=0.8067 train_loss=0.4332 val_acc=0.7941 val_loss=0.4273 router_H=0.5199 best=0.7941
           router_load=[0.0008898646337911487, 0.29293718934059143, 0.7061730027198792, 0.0]
[step 0090/150] method=ours loss=0.3544 train_acc=0.8067 train_loss=0.4332 val_acc=0.7941 val_loss=0.4273 router_H=0.5199 best=0.7941
           router_load=[0.0008898646337911487, 0.29293718934059143, 0.7061730027198792, 0.0]
[step 0100/150] method=ours loss=0.3051 train_acc=0.8765 train_loss=0.2983 val_acc=0.8480 val_loss=0.3548 router_H=0.4705 best=0.8480
           router_load=[0.017559561878442764, 0.2774435579776764, 0.7044796943664551, 0.0005172877572476864]
[step 0110/150] method=ours loss=0.3701 train_acc=0.8765 train_loss=0.2983 val_acc=0.8480 val_loss=0.3548 router_H=0.4705 best=0.8480
           router_load=[0.017559561878442764, 0.2774435579776764, 0.7044796943664551, 0.0005172877572476864]
[step 0120/150] method=ours loss=0.2662 train_acc=0.8765 train_loss=0.2983 val_acc=0.8480 val_loss=0.3548 router_H=0.4705 best=0.8480
           router_load=[0.017559561878442764, 0.2774435579776764, 0.7044796943664551, 0.0005172877572476864]
[step 0130/150] method=ours loss=0.3182 train_acc=0.8765 train_loss=0.2983 val_acc=0.8480 val_loss=0.3548 router_H=0.4705 best=0.8480
           router_load=[0.017559561878442764, 0.2774435579776764, 0.7044796943664551, 0.0005172877572476864]
[step 0140/150] method=ours loss=0.7343 train_acc=0.8765 train_loss=0.2983 val_acc=0.8480 val_loss=0.3548 router_H=0.4705 best=0.8480
           router_load=[0.017559561878442764, 0.2774435579776764, 0.7044796943664551, 0.0005172877572476864]
[step 0150/150] method=ours loss=0.2955 train_acc=0.8781 train_loss=0.3002 val_acc=0.8578 val_loss=0.3401 router_H=0.2941 best=0.8578
           router_load=[0.05864284932613373, 0.043308112770318985, 0.8979600071907043, 8.908390736905858e-05]
saved summary -> /home/zhujjing/MOE-grad-conflict-routing/runs/paper_suite/single_gpu/single_task/deberta_mrpc_ffn_e4_k2/hpo/ours/trial_runs/coord_03_train_grad_clip_007/ours_s3.json
saved curve -> /home/zhujjing/MOE-grad-conflict-routing/runs/paper_suite/single_gpu/single_task/deberta_mrpc_ffn_e4_k2/hpo/ours/trial_runs/coord_03_train_grad_clip_007/ours_s3_curve.csv
