[run] method=ours candidate=coord_03_train_grad_clip_019 seed=2 steps=150 gpu=0
[run] cmd=
/home/zhujjing/anaconda3/envs/moe/bin/python /home/zhujjing/MOE-grad-conflict-routing/scripts/run.py --config configs/singletask_mrpc_real.yaml --set model.backbone_backend=hf --set model.hf_load_pretrained=true --set model.backbone=deberta --set model.hf_pretrained_name=microsoft/deberta-v3-base --set model.expert_type=lora --set model.routing_mode=topk --set model.num_experts=4 --set model.top_k=2 --set seed=2 --set method.name=ours --set train.steps=150 --set train.eval_every_steps=50 --set method.ours.use_load_norm=true --set method.ours.lambda_align=0.001 --set train.grad_clip=1.251497277 --set train.lr=5.484611636e-05 --set train.weight_decay=0.03112945656 --out /home/zhujjing/MOE-grad-conflict-routing/runs/paper_suite/single_gpu/single_task/deberta_mrpc_lora_e4_k2/hpo/ours/trial_runs/coord_03_train_grad_clip_019/ours_s2.json --curve_out /home/zhujjing/MOE-grad-conflict-routing/runs/paper_suite/single_gpu/single_task/deberta_mrpc_lora_e4_k2/hpo/ours/trial_runs/coord_03_train_grad_clip_019/ours_s2_curve.csv
Using the latest cached version of the dataset since glue couldn't be found on the Hugging Face Hub (offline mode is enabled).
Found the latest cached dataset configuration 'mrpc' at /home/zhujjing/hf_cache/datasets/glue/mrpc/0.0.0/bcdcba79d07bc864c1c254ccfcedcce55bcc9a8c (last modified on Thu Mar 19 15:01:06 2026).
/home/zhujjing/anaconda3/envs/moe/lib/python3.10/site-packages/transformers/utils/hub.py:124: FutureWarning: Using `TRANSFORMERS_CACHE` is deprecated and will be removed in v5 of Transformers. Use `HF_HOME` instead.
  warnings.warn(
/home/zhujjing/anaconda3/envs/moe/lib/python3.10/site-packages/transformers/convert_slow_tokenizer.py:560: UserWarning: The sentencepiece tokenizer that you are converting to a fast tokenizer uses the byte fallback option which is not implemented in the fast tokenizers. In practice this means that the fast version of the tokenizer can produce unknown tokens whereas the sentencepiece version would have converted these unknown tokens into a sequence of byte tokens matching the original piece of text.
  warnings.warn(
[step 0001/150] method=ours loss=0.9164 train_acc=nan train_loss=nan val_acc=nan val_loss=nan best=-1.0000
[step 0010/150] method=ours loss=0.7111 train_acc=nan train_loss=nan val_acc=nan val_loss=nan best=-1.0000
[step 0020/150] method=ours loss=0.7457 train_acc=nan train_loss=nan val_acc=nan val_loss=nan best=-1.0000
[step 0030/150] method=ours loss=0.4838 train_acc=nan train_loss=nan val_acc=nan val_loss=nan best=-1.0000
[step 0040/150] method=ours loss=0.4288 train_acc=nan train_loss=nan val_acc=nan val_loss=nan best=-1.0000
[step 0050/150] method=ours loss=0.4296 train_acc=0.8247 train_loss=0.4079 val_acc=0.8186 val_loss=0.4204 router_H=0.6803 best=0.8186
           router_load=[0.001106534036807716, 0.17839734256267548, 0.4306374788284302, 0.3898586928844452]
[step 0060/150] method=ours loss=0.3420 train_acc=0.8247 train_loss=0.4079 val_acc=0.8186 val_loss=0.4204 router_H=0.6803 best=0.8186
           router_load=[0.001106534036807716, 0.17839734256267548, 0.4306374788284302, 0.3898586928844452]
[step 0070/150] method=ours loss=0.3808 train_acc=0.8247 train_loss=0.4079 val_acc=0.8186 val_loss=0.4204 router_H=0.6803 best=0.8186
           router_load=[0.001106534036807716, 0.17839734256267548, 0.4306374788284302, 0.3898586928844452]
[step 0080/150] method=ours loss=0.3288 train_acc=0.8247 train_loss=0.4079 val_acc=0.8186 val_loss=0.4204 router_H=0.6803 best=0.8186
           router_load=[0.001106534036807716, 0.17839734256267548, 0.4306374788284302, 0.3898586928844452]
[step 0090/150] method=ours loss=0.4107 train_acc=0.8247 train_loss=0.4079 val_acc=0.8186 val_loss=0.4204 router_H=0.6803 best=0.8186
           router_load=[0.001106534036807716, 0.17839734256267548, 0.4306374788284302, 0.3898586928844452]
[step 0100/150] method=ours loss=0.3025 train_acc=0.8541 train_loss=0.3757 val_acc=0.8235 val_loss=0.4575 router_H=0.6769 best=0.8235
           router_load=[0.0, 0.1228703111410141, 0.4456334114074707, 0.4314962327480316]
[step 0110/150] method=ours loss=0.4974 train_acc=0.8541 train_loss=0.3757 val_acc=0.8235 val_loss=0.4575 router_H=0.6769 best=0.8235
           router_load=[0.0, 0.1228703111410141, 0.4456334114074707, 0.4314962327480316]
[step 0120/150] method=ours loss=0.2871 train_acc=0.8541 train_loss=0.3757 val_acc=0.8235 val_loss=0.4575 router_H=0.6769 best=0.8235
           router_load=[0.0, 0.1228703111410141, 0.4456334114074707, 0.4314962327480316]
[step 0130/150] method=ours loss=0.3705 train_acc=0.8541 train_loss=0.3757 val_acc=0.8235 val_loss=0.4575 router_H=0.6769 best=0.8235
           router_load=[0.0, 0.1228703111410141, 0.4456334114074707, 0.4314962327480316]
[step 0140/150] method=ours loss=0.1256 train_acc=0.8541 train_loss=0.3757 val_acc=0.8235 val_loss=0.4575 router_H=0.6769 best=0.8235
           router_load=[0.0, 0.1228703111410141, 0.4456334114074707, 0.4314962327480316]
[step 0150/150] method=ours loss=1.0367 train_acc=0.8536 train_loss=0.3592 val_acc=0.8235 val_loss=0.4439 router_H=0.6839 best=0.8235
           router_load=[0.0, 0.26255548000335693, 0.43735161423683167, 0.3000929653644562]
saved summary -> /home/zhujjing/MOE-grad-conflict-routing/runs/paper_suite/single_gpu/single_task/deberta_mrpc_lora_e4_k2/hpo/ours/trial_runs/coord_03_train_grad_clip_019/ours_s2.json
saved curve -> /home/zhujjing/MOE-grad-conflict-routing/runs/paper_suite/single_gpu/single_task/deberta_mrpc_lora_e4_k2/hpo/ours/trial_runs/coord_03_train_grad_clip_019/ours_s2_curve.csv
