[run] method=ours candidate=local_var_topk_024 seed=3 steps=150 gpu=0
[run] cmd=
/home/zhujjing/anaconda3/envs/moe/bin/python /home/zhujjing/MOE-grad-conflict-routing/scripts/run.py --config configs/singletask_rte_real.yaml --set model.backbone_backend=hf --set model.hf_load_pretrained=true --set model.backbone=deberta --set model.hf_pretrained_name=microsoft/deberta-v3-base --set model.expert_type=ffn --set model.routing_mode=topk --set model.num_experts=4 --set model.top_k=2 --set seed=3 --set method.name=ours --set train.steps=150 --set train.eval_every_steps=50 --set method.ours.use_load_norm=true --set method.ours.lambda_align=4.725677e-05 --set train.grad_clip=1.216011677 --set train.lr=8.4666933e-05 --set train.weight_decay=0.03963349774 --out /home/zhujjing/MOE-grad-conflict-routing/runs/paper_suite/single_gpu/single_task/deberta_rte_ffn_e4_k2/hpo/ours/trial_runs/local_var_topk_024/ours_s3.json --curve_out /home/zhujjing/MOE-grad-conflict-routing/runs/paper_suite/single_gpu/single_task/deberta_rte_ffn_e4_k2/hpo/ours/trial_runs/local_var_topk_024/ours_s3_curve.csv
Using the latest cached version of the dataset since glue couldn't be found on the Hugging Face Hub (offline mode is enabled).
Found the latest cached dataset configuration 'rte' at /home/zhujjing/hf_cache/datasets/glue/rte/0.0.0/bcdcba79d07bc864c1c254ccfcedcce55bcc9a8c (last modified on Thu Mar 19 15:00:36 2026).
/home/zhujjing/anaconda3/envs/moe/lib/python3.10/site-packages/transformers/utils/hub.py:124: FutureWarning: Using `TRANSFORMERS_CACHE` is deprecated and will be removed in v5 of Transformers. Use `HF_HOME` instead.
  warnings.warn(
/home/zhujjing/anaconda3/envs/moe/lib/python3.10/site-packages/transformers/convert_slow_tokenizer.py:560: UserWarning: The sentencepiece tokenizer that you are converting to a fast tokenizer uses the byte fallback option which is not implemented in the fast tokenizers. In practice this means that the fast version of the tokenizer can produce unknown tokens whereas the sentencepiece version would have converted these unknown tokens into a sequence of byte tokens matching the original piece of text.
  warnings.warn(
[step 0001/150] method=ours loss=0.6947 train_acc=nan train_loss=nan val_acc=nan val_loss=nan best=-1.0000
[step 0010/150] method=ours loss=0.7715 train_acc=nan train_loss=nan val_acc=nan val_loss=nan best=-1.0000
[step 0020/150] method=ours loss=0.7071 train_acc=nan train_loss=nan val_acc=nan val_loss=nan best=-1.0000
[step 0030/150] method=ours loss=0.6565 train_acc=nan train_loss=nan val_acc=nan val_loss=nan best=-1.0000
[step 0040/150] method=ours loss=0.7862 train_acc=nan train_loss=nan val_acc=nan val_loss=nan best=-1.0000
[step 0050/150] method=ours loss=0.6559 train_acc=0.5618 train_loss=0.6875 val_acc=0.5235 val_loss=0.7116 router_H=0.6077 best=0.5235
           router_load=[0.2519545257091522, 0.05307328701019287, 0.0, 0.6949722170829773]
[step 0060/150] method=ours loss=0.9122 train_acc=0.5618 train_loss=0.6875 val_acc=0.5235 val_loss=0.7116 router_H=0.6077 best=0.5235
           router_load=[0.2519545257091522, 0.05307328701019287, 0.0, 0.6949722170829773]
[step 0070/150] method=ours loss=0.6917 train_acc=0.5618 train_loss=0.6875 val_acc=0.5235 val_loss=0.7116 router_H=0.6077 best=0.5235
           router_load=[0.2519545257091522, 0.05307328701019287, 0.0, 0.6949722170829773]
[step 0080/150] method=ours loss=0.6615 train_acc=0.5618 train_loss=0.6875 val_acc=0.5235 val_loss=0.7116 router_H=0.6077 best=0.5235
           router_load=[0.2519545257091522, 0.05307328701019287, 0.0, 0.6949722170829773]
[step 0090/150] method=ours loss=0.6799 train_acc=0.5618 train_loss=0.6875 val_acc=0.5235 val_loss=0.7116 router_H=0.6077 best=0.5235
           router_load=[0.2519545257091522, 0.05307328701019287, 0.0, 0.6949722170829773]
[step 0100/150] method=ours loss=0.7122 train_acc=0.4984 train_loss=0.6932 val_acc=0.4729 val_loss=0.6940 router_H=0.6910 best=0.5235
           router_load=[0.0, 0.5327776670455933, 0.4672224223613739, 0.0]
[step 0110/150] method=ours loss=0.6426 train_acc=0.4984 train_loss=0.6932 val_acc=0.4729 val_loss=0.6940 router_H=0.6910 best=0.5235
           router_load=[0.0, 0.5327776670455933, 0.4672224223613739, 0.0]
[step 0120/150] method=ours loss=0.6916 train_acc=0.4984 train_loss=0.6932 val_acc=0.4729 val_loss=0.6940 router_H=0.6910 best=0.5235
           router_load=[0.0, 0.5327776670455933, 0.4672224223613739, 0.0]
[step 0130/150] method=ours loss=0.6866 train_acc=0.4984 train_loss=0.6932 val_acc=0.4729 val_loss=0.6940 router_H=0.6910 best=0.5235
           router_load=[0.0, 0.5327776670455933, 0.4672224223613739, 0.0]
[step 0140/150] method=ours loss=0.7173 train_acc=0.4984 train_loss=0.6932 val_acc=0.4729 val_loss=0.6940 router_H=0.6910 best=0.5235
           router_load=[0.0, 0.5327776670455933, 0.4672224223613739, 0.0]
[step 0150/150] method=ours loss=0.7517 train_acc=0.4984 train_loss=0.7054 val_acc=0.4729 val_loss=0.7163 router_H=0.6924 best=0.5235
           router_load=[0.0, 0.5197048783302307, 0.48029518127441406, 0.0]
saved summary -> /home/zhujjing/MOE-grad-conflict-routing/runs/paper_suite/single_gpu/single_task/deberta_rte_ffn_e4_k2/hpo/ours/trial_runs/local_var_topk_024/ours_s3.json
saved curve -> /home/zhujjing/MOE-grad-conflict-routing/runs/paper_suite/single_gpu/single_task/deberta_rte_ffn_e4_k2/hpo/ours/trial_runs/local_var_topk_024/ours_s3_curve.csv
