[run] method=baseline candidate=coord_01_train_lr_003 seed=2 steps=150 gpu=0
[run] cmd=
/home/zhujjing/anaconda3/envs/moe/bin/python /home/zhujjing/MOE-grad-conflict-routing/scripts/run.py --config configs/singletask_rte_real.yaml --set model.backbone_backend=hf --set model.hf_load_pretrained=true --set model.hf_local_files_only=true --set model.backbone=roberta --set model.hf_pretrained_name=roberta-base --set model.expert_type=ffn --set model.routing_mode=topk --set model.num_experts=4 --set model.top_k=2 --set seed=2 --set method.name=baseline_avg --set train.steps=150 --set train.eval_every_steps=50 --set train.grad_clip=1 --set train.lr=6.110024421e-06 --set train.weight_decay=0.01 --out /home/zhujjing/MOE-grad-conflict-routing/runs/paper_suite/single_gpu/single_task/roberta_rte_ffn_e4_k2_supplement/hpo/baseline/trial_runs/coord_01_train_lr_003/baseline_s2.json --curve_out /home/zhujjing/MOE-grad-conflict-routing/runs/paper_suite/single_gpu/single_task/roberta_rte_ffn_e4_k2_supplement/hpo/baseline/trial_runs/coord_01_train_lr_003/baseline_s2_curve.csv
Using the latest cached version of the dataset since glue couldn't be found on the Hugging Face Hub (offline mode is enabled).
Found the latest cached dataset configuration 'rte' at /home/zhujjing/hf_cache/datasets/glue/rte/0.0.0/bcdcba79d07bc864c1c254ccfcedcce55bcc9a8c (last modified on Thu Mar 19 15:00:36 2026).
/home/zhujjing/anaconda3/envs/moe/lib/python3.10/site-packages/transformers/utils/hub.py:124: FutureWarning: Using `TRANSFORMERS_CACHE` is deprecated and will be removed in v5 of Transformers. Use `HF_HOME` instead.
  warnings.warn(
Some weights of RobertaModel were not initialized from the model checkpoint at roberta-base and are newly initialized: ['roberta.pooler.dense.bias', 'roberta.pooler.dense.weight']
You should probably TRAIN this model on a down-stream task to be able to use it for predictions and inference.
[step 0001/150] method=baseline_avg loss=0.6833 train_acc=nan train_loss=nan val_acc=nan val_loss=nan best=-1.0000
[step 0010/150] method=baseline_avg loss=0.6905 train_acc=nan train_loss=nan val_acc=nan val_loss=nan best=-1.0000
[step 0020/150] method=baseline_avg loss=0.6869 train_acc=nan train_loss=nan val_acc=nan val_loss=nan best=-1.0000
[step 0030/150] method=baseline_avg loss=0.6759 train_acc=nan train_loss=nan val_acc=nan val_loss=nan best=-1.0000
[step 0040/150] method=baseline_avg loss=0.6978 train_acc=nan train_loss=nan val_acc=nan val_loss=nan best=-1.0000
[step 0050/150] method=baseline_avg loss=0.6899 train_acc=0.5625 train_loss=0.6875 val_acc=0.5451 val_loss=0.6893 router_H=0.6929 best=0.5451
           router_load=[0.310241162776947, 0.42454445362091064, 0.2652144134044647, 0.0]
[step 0060/150] method=baseline_avg loss=0.6912 train_acc=0.5625 train_loss=0.6875 val_acc=0.5451 val_loss=0.6893 router_H=0.6929 best=0.5451
           router_load=[0.310241162776947, 0.42454445362091064, 0.2652144134044647, 0.0]
[step 0070/150] method=baseline_avg loss=0.6785 train_acc=0.5625 train_loss=0.6875 val_acc=0.5451 val_loss=0.6893 router_H=0.6929 best=0.5451
           router_load=[0.310241162776947, 0.42454445362091064, 0.2652144134044647, 0.0]
[step 0080/150] method=baseline_avg loss=0.6689 train_acc=0.5625 train_loss=0.6875 val_acc=0.5451 val_loss=0.6893 router_H=0.6929 best=0.5451
           router_load=[0.310241162776947, 0.42454445362091064, 0.2652144134044647, 0.0]
[step 0090/150] method=baseline_avg loss=0.6783 train_acc=0.5625 train_loss=0.6875 val_acc=0.5451 val_loss=0.6893 router_H=0.6929 best=0.5451
           router_load=[0.310241162776947, 0.42454445362091064, 0.2652144134044647, 0.0]
[step 0100/150] method=baseline_avg loss=0.6637 train_acc=0.5742 train_loss=0.6763 val_acc=0.6137 val_loss=0.6706 router_H=0.6912 best=0.6137
           router_load=[0.16582243144512177, 0.40367087721824646, 0.4305066168308258, 0.0]
[step 0110/150] method=baseline_avg loss=0.6947 train_acc=0.5742 train_loss=0.6763 val_acc=0.6137 val_loss=0.6706 router_H=0.6912 best=0.6137
           router_load=[0.16582243144512177, 0.40367087721824646, 0.4305066168308258, 0.0]
[step 0120/150] method=baseline_avg loss=0.6536 train_acc=0.5742 train_loss=0.6763 val_acc=0.6137 val_loss=0.6706 router_H=0.6912 best=0.6137
           router_load=[0.16582243144512177, 0.40367087721824646, 0.4305066168308258, 0.0]
[step 0130/150] method=baseline_avg loss=0.6666 train_acc=0.5742 train_loss=0.6763 val_acc=0.6137 val_loss=0.6706 router_H=0.6912 best=0.6137
           router_load=[0.16582243144512177, 0.40367087721824646, 0.4305066168308258, 0.0]
[step 0140/150] method=baseline_avg loss=0.6383 train_acc=0.5742 train_loss=0.6763 val_acc=0.6137 val_loss=0.6706 router_H=0.6912 best=0.6137
           router_load=[0.16582243144512177, 0.40367087721824646, 0.4305066168308258, 0.0]
[step 0150/150] method=baseline_avg loss=0.6654 train_acc=0.7148 train_loss=0.6293 val_acc=0.6390 val_loss=0.6435 router_H=0.6651 best=0.6390
           router_load=[0.18470562994480133, 0.27172186970710754, 0.5369698405265808, 0.0066026849672198296]
saved summary -> /home/zhujjing/MOE-grad-conflict-routing/runs/paper_suite/single_gpu/single_task/roberta_rte_ffn_e4_k2_supplement/hpo/baseline/trial_runs/coord_01_train_lr_003/baseline_s2.json
saved curve -> /home/zhujjing/MOE-grad-conflict-routing/runs/paper_suite/single_gpu/single_task/roberta_rte_ffn_e4_k2_supplement/hpo/baseline/trial_runs/coord_01_train_lr_003/baseline_s2_curve.csv
