[run] method=ours candidate=coord_03_train_grad_clip_014 seed=3 steps=150 gpu=0
[run] cmd=
/home/zhujjing/anaconda3/envs/moe/bin/python /home/zhujjing/MOE-grad-conflict-routing/scripts/run.py --config configs/singletask_sst2_real.yaml --set model.backbone_backend=hf --set model.hf_load_pretrained=true --set model.backbone=roberta --set model.hf_pretrained_name=roberta-base --set model.expert_type=ffn --set model.routing_mode=topk --set model.num_experts=4 --set model.top_k=2 --set seed=3 --set method.name=ours --set train.steps=150 --set train.eval_every_steps=50 --set method.ours.use_load_norm=true --set method.ours.lambda_align=0.001 --set train.grad_clip=0.8160969585 --set train.lr=2.166929843e-05 --set train.weight_decay=0.01547655633 --out /home/zhujjing/MOE-grad-conflict-routing/runs/paper_suite/single_gpu/single_task/roberta_sst2_ffn_e4_k2/hpo/ours/trial_runs/coord_03_train_grad_clip_014/ours_s3.json --curve_out /home/zhujjing/MOE-grad-conflict-routing/runs/paper_suite/single_gpu/single_task/roberta_sst2_ffn_e4_k2/hpo/ours/trial_runs/coord_03_train_grad_clip_014/ours_s3_curve.csv
Using the latest cached version of the dataset since glue couldn't be found on the Hugging Face Hub (offline mode is enabled).
Found the latest cached dataset configuration 'sst2' at /home/zhujjing/hf_cache/datasets/glue/sst2/0.0.0/bcdcba79d07bc864c1c254ccfcedcce55bcc9a8c (last modified on Thu Mar 19 15:01:41 2026).
/home/zhujjing/anaconda3/envs/moe/lib/python3.10/site-packages/transformers/utils/hub.py:124: FutureWarning: Using `TRANSFORMERS_CACHE` is deprecated and will be removed in v5 of Transformers. Use `HF_HOME` instead.
  warnings.warn(
Some weights of RobertaModel were not initialized from the model checkpoint at roberta-base and are newly initialized: ['roberta.pooler.dense.bias', 'roberta.pooler.dense.weight']
You should probably TRAIN this model on a down-stream task to be able to use it for predictions and inference.
[step 0001/150] method=ours loss=0.6964 train_acc=nan train_loss=nan val_acc=nan val_loss=nan best=-1.0000
[step 0010/150] method=ours loss=0.6500 train_acc=nan train_loss=nan val_acc=nan val_loss=nan best=-1.0000
[step 0020/150] method=ours loss=0.6455 train_acc=nan train_loss=nan val_acc=nan val_loss=nan best=-1.0000
[step 0030/150] method=ours loss=0.5588 train_acc=nan train_loss=nan val_acc=nan val_loss=nan best=-1.0000
[step 0040/150] method=ours loss=0.6364 train_acc=nan train_loss=nan val_acc=nan val_loss=nan best=-1.0000
[step 0050/150] method=ours loss=0.4773 train_acc=0.8487 train_loss=0.3930 val_acc=0.8635 val_loss=0.3608 router_H=0.5521 best=0.8635
           router_load=[0.09240902960300446, 0.13276948034763336, 0.3241429030895233, 0.4506787061691284]
[step 0060/150] method=ours loss=0.6374 train_acc=0.8487 train_loss=0.3930 val_acc=0.8635 val_loss=0.3608 router_H=0.5521 best=0.8635
           router_load=[0.09240902960300446, 0.13276948034763336, 0.3241429030895233, 0.4506787061691284]
[step 0070/150] method=ours loss=0.3401 train_acc=0.8487 train_loss=0.3930 val_acc=0.8635 val_loss=0.3608 router_H=0.5521 best=0.8635
           router_load=[0.09240902960300446, 0.13276948034763336, 0.3241429030895233, 0.4506787061691284]
[step 0080/150] method=ours loss=0.5529 train_acc=0.8487 train_loss=0.3930 val_acc=0.8635 val_loss=0.3608 router_H=0.5521 best=0.8635
           router_load=[0.09240902960300446, 0.13276948034763336, 0.3241429030895233, 0.4506787061691284]
[step 0090/150] method=ours loss=0.3325 train_acc=0.8487 train_loss=0.3930 val_acc=0.8635 val_loss=0.3608 router_H=0.5521 best=0.8635
           router_load=[0.09240902960300446, 0.13276948034763336, 0.3241429030895233, 0.4506787061691284]
[step 0100/150] method=ours loss=0.5136 train_acc=0.8327 train_loss=0.3962 val_acc=0.8372 val_loss=0.3614 router_H=0.3819 best=0.8635
           router_load=[0.09459595382213593, 0.00391763262450695, 0.5919724702835083, 0.3095139265060425]
[step 0110/150] method=ours loss=0.2947 train_acc=0.8327 train_loss=0.3962 val_acc=0.8372 val_loss=0.3614 router_H=0.3819 best=0.8635
           router_load=[0.09459595382213593, 0.00391763262450695, 0.5919724702835083, 0.3095139265060425]
[step 0120/150] method=ours loss=0.4924 train_acc=0.8327 train_loss=0.3962 val_acc=0.8372 val_loss=0.3614 router_H=0.3819 best=0.8635
           router_load=[0.09459595382213593, 0.00391763262450695, 0.5919724702835083, 0.3095139265060425]
[step 0130/150] method=ours loss=0.4740 train_acc=0.8327 train_loss=0.3962 val_acc=0.8372 val_loss=0.3614 router_H=0.3819 best=0.8635
           router_load=[0.09459595382213593, 0.00391763262450695, 0.5919724702835083, 0.3095139265060425]
[step 0140/150] method=ours loss=0.2689 train_acc=0.8327 train_loss=0.3962 val_acc=0.8372 val_loss=0.3614 router_H=0.3819 best=0.8635
           router_load=[0.09459595382213593, 0.00391763262450695, 0.5919724702835083, 0.3095139265060425]
[step 0150/150] method=ours loss=0.1793 train_acc=0.8874 train_loss=0.3356 val_acc=0.9106 val_loss=0.2706 router_H=0.2946 best=0.9106
           router_load=[0.024489285424351692, 0.0029354565776884556, 0.4472355842590332, 0.5253397226333618]
saved summary -> /home/zhujjing/MOE-grad-conflict-routing/runs/paper_suite/single_gpu/single_task/roberta_sst2_ffn_e4_k2/hpo/ours/trial_runs/coord_03_train_grad_clip_014/ours_s3.json
saved curve -> /home/zhujjing/MOE-grad-conflict-routing/runs/paper_suite/single_gpu/single_task/roberta_sst2_ffn_e4_k2/hpo/ours/trial_runs/coord_03_train_grad_clip_014/ours_s3_curve.csv
