[run] method=ours candidate=coord_03_train_grad_clip_003 seed=3 steps=150 gpu=0
[run] cmd=
/home/zhujjing/anaconda3/envs/moe/bin/python /home/zhujjing/MOE-grad-conflict-routing/scripts/run.py --config configs/singletask_sst2_real.yaml --set model.backbone_backend=hf --set model.hf_load_pretrained=true --set model.backbone=roberta --set model.hf_pretrained_name=roberta-base --set model.expert_type=ffn --set model.routing_mode=topk --set model.num_experts=4 --set model.top_k=2 --set seed=3 --set method.name=ours --set train.steps=150 --set train.eval_every_steps=50 --set method.ours.use_load_norm=true --set method.ours.lambda_align=0.001 --set train.grad_clip=1.073694291 --set train.lr=2.166929843e-05 --set train.weight_decay=0.01547655633 --out /home/zhujjing/MOE-grad-conflict-routing/runs/paper_suite/single_gpu/single_task/roberta_sst2_ffn_e4_k2/hpo/ours/trial_runs/coord_03_train_grad_clip_003/ours_s3.json --curve_out /home/zhujjing/MOE-grad-conflict-routing/runs/paper_suite/single_gpu/single_task/roberta_sst2_ffn_e4_k2/hpo/ours/trial_runs/coord_03_train_grad_clip_003/ours_s3_curve.csv
Using the latest cached version of the dataset since glue couldn't be found on the Hugging Face Hub (offline mode is enabled).
Found the latest cached dataset configuration 'sst2' at /home/zhujjing/hf_cache/datasets/glue/sst2/0.0.0/bcdcba79d07bc864c1c254ccfcedcce55bcc9a8c (last modified on Thu Mar 19 15:01:41 2026).
/home/zhujjing/anaconda3/envs/moe/lib/python3.10/site-packages/transformers/utils/hub.py:124: FutureWarning: Using `TRANSFORMERS_CACHE` is deprecated and will be removed in v5 of Transformers. Use `HF_HOME` instead.
  warnings.warn(
Some weights of RobertaModel were not initialized from the model checkpoint at roberta-base and are newly initialized: ['roberta.pooler.dense.bias', 'roberta.pooler.dense.weight']
You should probably TRAIN this model on a down-stream task to be able to use it for predictions and inference.
[step 0001/150] method=ours loss=0.6838 train_acc=nan train_loss=nan val_acc=nan val_loss=nan best=-1.0000
[step 0010/150] method=ours loss=0.6438 train_acc=nan train_loss=nan val_acc=nan val_loss=nan best=-1.0000
[step 0020/150] method=ours loss=0.5483 train_acc=nan train_loss=nan val_acc=nan val_loss=nan best=-1.0000
[step 0030/150] method=ours loss=0.5229 train_acc=nan train_loss=nan val_acc=nan val_loss=nan best=-1.0000
[step 0040/150] method=ours loss=0.3494 train_acc=nan train_loss=nan val_acc=nan val_loss=nan best=-1.0000
[step 0050/150] method=ours loss=0.7304 train_acc=0.8449 train_loss=0.4410 val_acc=0.8211 val_loss=0.4945 router_H=0.5470 best=0.8211
           router_load=[0.08540228009223938, 0.20705243945121765, 0.6179547905921936, 0.08959046006202698]
[step 0060/150] method=ours loss=0.4909 train_acc=0.8449 train_loss=0.4410 val_acc=0.8211 val_loss=0.4945 router_H=0.5470 best=0.8211
           router_load=[0.08540228009223938, 0.20705243945121765, 0.6179547905921936, 0.08959046006202698]
[step 0070/150] method=ours loss=0.3887 train_acc=0.8449 train_loss=0.4410 val_acc=0.8211 val_loss=0.4945 router_H=0.5470 best=0.8211
           router_load=[0.08540228009223938, 0.20705243945121765, 0.6179547905921936, 0.08959046006202698]
[step 0080/150] method=ours loss=0.3738 train_acc=0.8449 train_loss=0.4410 val_acc=0.8211 val_loss=0.4945 router_H=0.5470 best=0.8211
           router_load=[0.08540228009223938, 0.20705243945121765, 0.6179547905921936, 0.08959046006202698]
[step 0090/150] method=ours loss=0.2335 train_acc=0.8449 train_loss=0.4410 val_acc=0.8211 val_loss=0.4945 router_H=0.5470 best=0.8211
           router_load=[0.08540228009223938, 0.20705243945121765, 0.6179547905921936, 0.08959046006202698]
[step 0100/150] method=ours loss=0.4290 train_acc=0.8801 train_loss=0.3258 val_acc=0.9128 val_loss=0.2696 router_H=0.4328 best=0.9128
           router_load=[0.0954786166548729, 0.3587714433670044, 0.5258844494819641, 0.019865216687321663]
[step 0110/150] method=ours loss=0.5054 train_acc=0.8801 train_loss=0.3258 val_acc=0.9128 val_loss=0.2696 router_H=0.4328 best=0.9128
           router_load=[0.0954786166548729, 0.3587714433670044, 0.5258844494819641, 0.019865216687321663]
[step 0120/150] method=ours loss=0.5659 train_acc=0.8801 train_loss=0.3258 val_acc=0.9128 val_loss=0.2696 router_H=0.4328 best=0.9128
           router_load=[0.0954786166548729, 0.3587714433670044, 0.5258844494819641, 0.019865216687321663]
[step 0130/150] method=ours loss=0.7323 train_acc=0.8801 train_loss=0.3258 val_acc=0.9128 val_loss=0.2696 router_H=0.4328 best=0.9128
           router_load=[0.0954786166548729, 0.3587714433670044, 0.5258844494819641, 0.019865216687321663]
[step 0140/150] method=ours loss=0.3908 train_acc=0.8801 train_loss=0.3258 val_acc=0.9128 val_loss=0.2696 router_H=0.4328 best=0.9128
           router_load=[0.0954786166548729, 0.3587714433670044, 0.5258844494819641, 0.019865216687321663]
[step 0150/150] method=ours loss=0.3019 train_acc=0.8910 train_loss=0.3481 val_acc=0.9117 val_loss=0.2854 router_H=0.3201 best=0.9128
           router_load=[0.018215691670775414, 0.44153478741645813, 0.4900608956813812, 0.050188496708869934]
saved summary -> /home/zhujjing/MOE-grad-conflict-routing/runs/paper_suite/single_gpu/single_task/roberta_sst2_ffn_e4_k2/hpo/ours/trial_runs/coord_03_train_grad_clip_003/ours_s3.json
saved curve -> /home/zhujjing/MOE-grad-conflict-routing/runs/paper_suite/single_gpu/single_task/roberta_sst2_ffn_e4_k2/hpo/ours/trial_runs/coord_03_train_grad_clip_003/ours_s3_curve.csv
