[run] method=ours candidate=local_var_topk_009 seed=3 steps=150 gpu=0
[run] cmd=
/home/zhujjing/anaconda3/envs/moe/bin/python /home/zhujjing/MOE-grad-conflict-routing/scripts/run.py --config configs/singletask_rte_real.yaml --set model.backbone_backend=hf --set model.hf_load_pretrained=true --set model.hf_local_files_only=true --set model.backbone=roberta --set model.hf_pretrained_name=roberta-base --set model.expert_type=ffn --set model.routing_mode=topk --set model.num_experts=4 --set model.top_k=2 --set seed=3 --set method.name=ours --set train.steps=150 --set train.eval_every_steps=50 --set method.ours.use_load_norm=true --set method.ours.lambda_align=0.00018695426 --set train.grad_clip=0.5039649002 --set train.lr=3.3564812e-05 --set train.weight_decay=0.02802613487 --out /home/zhujjing/MOE-grad-conflict-routing/runs/paper_suite/single_gpu/single_task/roberta_rte_ffn_e4_k2_supplement/hpo/ours/trial_runs/local_var_topk_009/ours_s3.json --curve_out /home/zhujjing/MOE-grad-conflict-routing/runs/paper_suite/single_gpu/single_task/roberta_rte_ffn_e4_k2_supplement/hpo/ours/trial_runs/local_var_topk_009/ours_s3_curve.csv
Using the latest cached version of the dataset since glue couldn't be found on the Hugging Face Hub (offline mode is enabled).
Found the latest cached dataset configuration 'rte' at /home/zhujjing/hf_cache/datasets/glue/rte/0.0.0/bcdcba79d07bc864c1c254ccfcedcce55bcc9a8c (last modified on Thu Mar 19 15:00:36 2026).
/home/zhujjing/anaconda3/envs/moe/lib/python3.10/site-packages/transformers/utils/hub.py:124: FutureWarning: Using `TRANSFORMERS_CACHE` is deprecated and will be removed in v5 of Transformers. Use `HF_HOME` instead.
  warnings.warn(
Some weights of RobertaModel were not initialized from the model checkpoint at roberta-base and are newly initialized: ['roberta.pooler.dense.bias', 'roberta.pooler.dense.weight']
You should probably TRAIN this model on a down-stream task to be able to use it for predictions and inference.
[step 0001/150] method=ours loss=0.6828 train_acc=nan train_loss=nan val_acc=nan val_loss=nan best=-1.0000
[step 0010/150] method=ours loss=0.6999 train_acc=nan train_loss=nan val_acc=nan val_loss=nan best=-1.0000
[step 0020/150] method=ours loss=0.7035 train_acc=nan train_loss=nan val_acc=nan val_loss=nan best=-1.0000
[step 0030/150] method=ours loss=0.6821 train_acc=nan train_loss=nan val_acc=nan val_loss=nan best=-1.0000
[step 0040/150] method=ours loss=0.6789 train_acc=nan train_loss=nan val_acc=nan val_loss=nan best=-1.0000
[step 0050/150] method=ours loss=0.6620 train_acc=0.6289 train_loss=0.6549 val_acc=0.6029 val_loss=0.6607 router_H=0.6417 best=0.6029
           router_load=[0.004542028997093439, 0.6559178829193115, 0.31447669863700867, 0.02506333589553833]
[step 0060/150] method=ours loss=0.5774 train_acc=0.6289 train_loss=0.6549 val_acc=0.6029 val_loss=0.6607 router_H=0.6417 best=0.6029
           router_load=[0.004542028997093439, 0.6559178829193115, 0.31447669863700867, 0.02506333589553833]
[step 0070/150] method=ours loss=0.7410 train_acc=0.6289 train_loss=0.6549 val_acc=0.6029 val_loss=0.6607 router_H=0.6417 best=0.6029
           router_load=[0.004542028997093439, 0.6559178829193115, 0.31447669863700867, 0.02506333589553833]
[step 0080/150] method=ours loss=0.6447 train_acc=0.6289 train_loss=0.6549 val_acc=0.6029 val_loss=0.6607 router_H=0.6417 best=0.6029
           router_load=[0.004542028997093439, 0.6559178829193115, 0.31447669863700867, 0.02506333589553833]
[step 0090/150] method=ours loss=0.6288 train_acc=0.6289 train_loss=0.6549 val_acc=0.6029 val_loss=0.6607 router_H=0.6417 best=0.6029
           router_load=[0.004542028997093439, 0.6559178829193115, 0.31447669863700867, 0.02506333589553833]
[step 0100/150] method=ours loss=0.5525 train_acc=0.7070 train_loss=0.5759 val_acc=0.6462 val_loss=0.6186 router_H=0.6378 best=0.6462
           router_load=[0.0, 0.6625871658325195, 0.3179652690887451, 0.019447429105639458]
[step 0110/150] method=ours loss=0.6251 train_acc=0.7070 train_loss=0.5759 val_acc=0.6462 val_loss=0.6186 router_H=0.6378 best=0.6462
           router_load=[0.0, 0.6625871658325195, 0.3179652690887451, 0.019447429105639458]
[step 0120/150] method=ours loss=0.7648 train_acc=0.7070 train_loss=0.5759 val_acc=0.6462 val_loss=0.6186 router_H=0.6378 best=0.6462
           router_load=[0.0, 0.6625871658325195, 0.3179652690887451, 0.019447429105639458]
[step 0130/150] method=ours loss=0.6124 train_acc=0.7070 train_loss=0.5759 val_acc=0.6462 val_loss=0.6186 router_H=0.6378 best=0.6462
           router_load=[0.0, 0.6625871658325195, 0.3179652690887451, 0.019447429105639458]
[step 0140/150] method=ours loss=0.6970 train_acc=0.7070 train_loss=0.5759 val_acc=0.6462 val_loss=0.6186 router_H=0.6378 best=0.6462
           router_load=[0.0, 0.6625871658325195, 0.3179652690887451, 0.019447429105639458]
[step 0150/150] method=ours loss=0.5713 train_acc=0.7109 train_loss=0.5733 val_acc=0.6787 val_loss=0.5933 router_H=0.6586 best=0.6787
           router_load=[0.0, 0.6244083642959595, 0.3181394636631012, 0.057452164590358734]
saved summary -> /home/zhujjing/MOE-grad-conflict-routing/runs/paper_suite/single_gpu/single_task/roberta_rte_ffn_e4_k2_supplement/hpo/ours/trial_runs/local_var_topk_009/ours_s3.json
saved curve -> /home/zhujjing/MOE-grad-conflict-routing/runs/paper_suite/single_gpu/single_task/roberta_rte_ffn_e4_k2_supplement/hpo/ours/trial_runs/local_var_topk_009/ours_s3_curve.csv
