[run] method=baseline candidate=coord_03_train_grad_clip_026 seed=3 steps=1000 gpu=0
[run] cmd=
/home/zhujjing/anaconda3/envs/moe/bin/python /home/zhujjing/MOE-grad-conflict-routing/scripts/run.py --config configs/singletask_rte_real.yaml --set model.backbone_backend=hf --set model.hf_load_pretrained=true --set model.backbone=deberta --set model.hf_pretrained_name=microsoft/deberta-v3-base --set model.expert_type=lora --set model.routing_mode=topk --set model.num_experts=4 --set model.top_k=2 --set seed=3 --set method.name=baseline_avg --set train.steps=1000 --set train.eval_every_steps=50 --set train.grad_clip=1.739365219 --set train.lr=4.073235309e-05 --set train.weight_decay=0.004430866959 --out /home/zhujjing/MOE-grad-conflict-routing/runs/paper_suite/single_gpu/single_task/deberta_rte_lora_e4_k2/final/baseline_s3.json --curve_out /home/zhujjing/MOE-grad-conflict-routing/runs/paper_suite/single_gpu/single_task/deberta_rte_lora_e4_k2/final/baseline_s3_curve.csv
Using the latest cached version of the dataset since glue couldn't be found on the Hugging Face Hub (offline mode is enabled).
Found the latest cached dataset configuration 'rte' at /home/zhujjing/hf_cache/datasets/glue/rte/0.0.0/bcdcba79d07bc864c1c254ccfcedcce55bcc9a8c (last modified on Thu Mar 19 15:00:36 2026).
/home/zhujjing/anaconda3/envs/moe/lib/python3.10/site-packages/transformers/utils/hub.py:124: FutureWarning: Using `TRANSFORMERS_CACHE` is deprecated and will be removed in v5 of Transformers. Use `HF_HOME` instead.
  warnings.warn(
/home/zhujjing/anaconda3/envs/moe/lib/python3.10/site-packages/transformers/convert_slow_tokenizer.py:560: UserWarning: The sentencepiece tokenizer that you are converting to a fast tokenizer uses the byte fallback option which is not implemented in the fast tokenizers. In practice this means that the fast version of the tokenizer can produce unknown tokens whereas the sentencepiece version would have converted these unknown tokens into a sequence of byte tokens matching the original piece of text.
  warnings.warn(
[step 0001/1000] method=baseline_avg loss=0.7159 train_acc=nan train_loss=nan val_acc=nan val_loss=nan best=-1.0000
[step 0010/1000] method=baseline_avg loss=0.6878 train_acc=nan train_loss=nan val_acc=nan val_loss=nan best=-1.0000
[step 0020/1000] method=baseline_avg loss=0.6553 train_acc=nan train_loss=nan val_acc=nan val_loss=nan best=-1.0000
[step 0030/1000] method=baseline_avg loss=0.6199 train_acc=nan train_loss=nan val_acc=nan val_loss=nan best=-1.0000
[step 0040/1000] method=baseline_avg loss=0.8313 train_acc=nan train_loss=nan val_acc=nan val_loss=nan best=-1.0000
[step 0050/1000] method=baseline_avg loss=0.5976 train_acc=0.7008 train_loss=0.5852 val_acc=0.6859 val_loss=0.6216 router_H=0.6689 best=0.6859
           router_load=[0.0, 0.5987566113471985, 0.40124353766441345, 0.0]
[step 0060/1000] method=baseline_avg loss=0.4670 train_acc=0.7008 train_loss=0.5852 val_acc=0.6859 val_loss=0.6216 router_H=0.6689 best=0.6859
           router_load=[0.0, 0.5987566113471985, 0.40124353766441345, 0.0]
[step 0070/1000] method=baseline_avg loss=0.7296 train_acc=0.7008 train_loss=0.5852 val_acc=0.6859 val_loss=0.6216 router_H=0.6689 best=0.6859
           router_load=[0.0, 0.5987566113471985, 0.40124353766441345, 0.0]
[step 0080/1000] method=baseline_avg loss=0.4522 train_acc=0.7008 train_loss=0.5852 val_acc=0.6859 val_loss=0.6216 router_H=0.6689 best=0.6859
           router_load=[0.0, 0.5987566113471985, 0.40124353766441345, 0.0]
[step 0090/1000] method=baseline_avg loss=0.4659 train_acc=0.7008 train_loss=0.5852 val_acc=0.6859 val_loss=0.6216 router_H=0.6689 best=0.6859
           router_load=[0.0, 0.5987566113471985, 0.40124353766441345, 0.0]
[step 0100/1000] method=baseline_avg loss=0.7306 train_acc=0.8325 train_loss=0.3925 val_acc=0.7545 val_loss=0.5135 router_H=0.6729 best=0.7545
           router_load=[0.0, 0.5872668623924255, 0.41273316740989685, 0.0]
[step 0110/1000] method=baseline_avg loss=0.4288 train_acc=0.8325 train_loss=0.3925 val_acc=0.7545 val_loss=0.5135 router_H=0.6729 best=0.7545
           router_load=[0.0, 0.5872668623924255, 0.41273316740989685, 0.0]
[step 0120/1000] method=baseline_avg loss=0.4403 train_acc=0.8325 train_loss=0.3925 val_acc=0.7545 val_loss=0.5135 router_H=0.6729 best=0.7545
           router_load=[0.0, 0.5872668623924255, 0.41273316740989685, 0.0]
[step 0130/1000] method=baseline_avg loss=0.5286 train_acc=0.8325 train_loss=0.3925 val_acc=0.7545 val_loss=0.5135 router_H=0.6729 best=0.7545
           router_load=[0.0, 0.5872668623924255, 0.41273316740989685, 0.0]
[step 0140/1000] method=baseline_avg loss=0.2710 train_acc=0.8325 train_loss=0.3925 val_acc=0.7545 val_loss=0.5135 router_H=0.6729 best=0.7545
           router_load=[0.0, 0.5872668623924255, 0.41273316740989685, 0.0]
[step 0150/1000] method=baseline_avg loss=0.1870 train_acc=0.8482 train_loss=0.3468 val_acc=0.7220 val_loss=0.5246 router_H=0.6677 best=0.7545
           router_load=[0.001317131333053112, 0.5949475169181824, 0.3060733675956726, 0.09766201674938202]
[step 0160/1000] method=baseline_avg loss=0.4750 train_acc=0.8482 train_loss=0.3468 val_acc=0.7220 val_loss=0.5246 router_H=0.6677 best=0.7545
           router_load=[0.001317131333053112, 0.5949475169181824, 0.3060733675956726, 0.09766201674938202]
[step 0170/1000] method=baseline_avg loss=0.5348 train_acc=0.8482 train_loss=0.3468 val_acc=0.7220 val_loss=0.5246 router_H=0.6677 best=0.7545
           router_load=[0.001317131333053112, 0.5949475169181824, 0.3060733675956726, 0.09766201674938202]
[step 0180/1000] method=baseline_avg loss=0.3237 train_acc=0.8482 train_loss=0.3468 val_acc=0.7220 val_loss=0.5246 router_H=0.6677 best=0.7545
           router_load=[0.001317131333053112, 0.5949475169181824, 0.3060733675956726, 0.09766201674938202]
[step 0190/1000] method=baseline_avg loss=0.4399 train_acc=0.8482 train_loss=0.3468 val_acc=0.7220 val_loss=0.5246 router_H=0.6677 best=0.7545
           router_load=[0.001317131333053112, 0.5949475169181824, 0.3060733675956726, 0.09766201674938202]
[step 0200/1000] method=baseline_avg loss=0.2347 train_acc=0.9466 train_loss=0.1522 val_acc=0.8412 val_loss=0.3839 router_H=0.6676 best=0.8412
           router_load=[0.0011546879541128874, 0.5561425089836121, 0.3396742343902588, 0.1030285507440567]
[step 0210/1000] method=baseline_avg loss=0.1346 train_acc=0.9466 train_loss=0.1522 val_acc=0.8412 val_loss=0.3839 router_H=0.6676 best=0.8412
           router_load=[0.0011546879541128874, 0.5561425089836121, 0.3396742343902588, 0.1030285507440567]
[step 0220/1000] method=baseline_avg loss=0.3109 train_acc=0.9466 train_loss=0.1522 val_acc=0.8412 val_loss=0.3839 router_H=0.6676 best=0.8412
           router_load=[0.0011546879541128874, 0.5561425089836121, 0.3396742343902588, 0.1030285507440567]
[step 0230/1000] method=baseline_avg loss=0.1429 train_acc=0.9466 train_loss=0.1522 val_acc=0.8412 val_loss=0.3839 router_H=0.6676 best=0.8412
           router_load=[0.0011546879541128874, 0.5561425089836121, 0.3396742343902588, 0.1030285507440567]
[step 0240/1000] method=baseline_avg loss=0.2127 train_acc=0.9466 train_loss=0.1522 val_acc=0.8412 val_loss=0.3839 router_H=0.6676 best=0.8412
           router_load=[0.0011546879541128874, 0.5561425089836121, 0.3396742343902588, 0.1030285507440567]
[step 0250/1000] method=baseline_avg loss=0.2554 train_acc=0.9414 train_loss=0.1810 val_acc=0.8087 val_loss=0.6254 router_H=0.6704 best=0.8412
           router_load=[0.01716429367661476, 0.4406406283378601, 0.24693188071250916, 0.2952631115913391]
[step 0260/1000] method=baseline_avg loss=0.2737 train_acc=0.9414 train_loss=0.1810 val_acc=0.8087 val_loss=0.6254 router_H=0.6704 best=0.8412
           router_load=[0.01716429367661476, 0.4406406283378601, 0.24693188071250916, 0.2952631115913391]
[step 0270/1000] method=baseline_avg loss=0.2285 train_acc=0.9414 train_loss=0.1810 val_acc=0.8087 val_loss=0.6254 router_H=0.6704 best=0.8412
           router_load=[0.01716429367661476, 0.4406406283378601, 0.24693188071250916, 0.2952631115913391]
[step 0280/1000] method=baseline_avg loss=0.2010 train_acc=0.9414 train_loss=0.1810 val_acc=0.8087 val_loss=0.6254 router_H=0.6704 best=0.8412
           router_load=[0.01716429367661476, 0.4406406283378601, 0.24693188071250916, 0.2952631115913391]
[step 0290/1000] method=baseline_avg loss=0.3312 train_acc=0.9414 train_loss=0.1810 val_acc=0.8087 val_loss=0.6254 router_H=0.6704 best=0.8412
           router_load=[0.01716429367661476, 0.4406406283378601, 0.24693188071250916, 0.2952631115913391]
[step 0300/1000] method=baseline_avg loss=0.0922 train_acc=0.9807 train_loss=0.0817 val_acc=0.8520 val_loss=0.3964 router_H=0.6803 best=0.8520
           router_load=[0.0, 0.5047900080680847, 0.28358468413352966, 0.2116253674030304]
[step 0310/1000] method=baseline_avg loss=0.0970 train_acc=0.9807 train_loss=0.0817 val_acc=0.8520 val_loss=0.3964 router_H=0.6803 best=0.8520
           router_load=[0.0, 0.5047900080680847, 0.28358468413352966, 0.2116253674030304]
[step 0320/1000] method=baseline_avg loss=0.1011 train_acc=0.9807 train_loss=0.0817 val_acc=0.8520 val_loss=0.3964 router_H=0.6803 best=0.8520
           router_load=[0.0, 0.5047900080680847, 0.28358468413352966, 0.2116253674030304]
[step 0330/1000] method=baseline_avg loss=0.2722 train_acc=0.9807 train_loss=0.0817 val_acc=0.8520 val_loss=0.3964 router_H=0.6803 best=0.8520
           router_load=[0.0, 0.5047900080680847, 0.28358468413352966, 0.2116253674030304]
[step 0340/1000] method=baseline_avg loss=0.0728 train_acc=0.9807 train_loss=0.0817 val_acc=0.8520 val_loss=0.3964 router_H=0.6803 best=0.8520
           router_load=[0.0, 0.5047900080680847, 0.28358468413352966, 0.2116253674030304]
[step 0350/1000] method=baseline_avg loss=0.0294 train_acc=0.9747 train_loss=0.0685 val_acc=0.8231 val_loss=0.6185 router_H=0.6199 best=0.8520
           router_load=[0.025152118876576424, 0.2926253378391266, 0.4846292734146118, 0.19759321212768555]
[step 0360/1000] method=baseline_avg loss=0.3258 train_acc=0.9747 train_loss=0.0685 val_acc=0.8231 val_loss=0.6185 router_H=0.6199 best=0.8520
           router_load=[0.025152118876576424, 0.2926253378391266, 0.4846292734146118, 0.19759321212768555]
[step 0370/1000] method=baseline_avg loss=0.0134 train_acc=0.9747 train_loss=0.0685 val_acc=0.8231 val_loss=0.6185 router_H=0.6199 best=0.8520
           router_load=[0.025152118876576424, 0.2926253378391266, 0.4846292734146118, 0.19759321212768555]
[step 0380/1000] method=baseline_avg loss=0.0540 train_acc=0.9747 train_loss=0.0685 val_acc=0.8231 val_loss=0.6185 router_H=0.6199 best=0.8520
           router_load=[0.025152118876576424, 0.2926253378391266, 0.4846292734146118, 0.19759321212768555]
[step 0390/1000] method=baseline_avg loss=0.0154 train_acc=0.9747 train_loss=0.0685 val_acc=0.8231 val_loss=0.6185 router_H=0.6199 best=0.8520
           router_load=[0.025152118876576424, 0.2926253378391266, 0.4846292734146118, 0.19759321212768555]
[step 0400/1000] method=baseline_avg loss=0.0793 train_acc=0.9731 train_loss=0.0761 val_acc=0.8051 val_loss=0.6378 router_H=0.6062 best=0.8520
           router_load=[0.010331900790333748, 0.278687059879303, 0.2560059726238251, 0.4549751281738281]
[step 0410/1000] method=baseline_avg loss=0.0149 train_acc=0.9731 train_loss=0.0761 val_acc=0.8051 val_loss=0.6378 router_H=0.6062 best=0.8520
           router_load=[0.010331900790333748, 0.278687059879303, 0.2560059726238251, 0.4549751281738281]
[step 0420/1000] method=baseline_avg loss=0.7328 train_acc=0.9731 train_loss=0.0761 val_acc=0.8051 val_loss=0.6378 router_H=0.6062 best=0.8520
           router_load=[0.010331900790333748, 0.278687059879303, 0.2560059726238251, 0.4549751281738281]
[step 0430/1000] method=baseline_avg loss=0.1232 train_acc=0.9731 train_loss=0.0761 val_acc=0.8051 val_loss=0.6378 router_H=0.6062 best=0.8520
           router_load=[0.010331900790333748, 0.278687059879303, 0.2560059726238251, 0.4549751281738281]
[step 0440/1000] method=baseline_avg loss=0.5889 train_acc=0.9731 train_loss=0.0761 val_acc=0.8051 val_loss=0.6378 router_H=0.6062 best=0.8520
           router_load=[0.010331900790333748, 0.278687059879303, 0.2560059726238251, 0.4549751281738281]
[step 0450/1000] method=baseline_avg loss=0.0749 train_acc=0.9928 train_loss=0.0243 val_acc=0.8664 val_loss=0.5820 router_H=0.5369 best=0.8664
           router_load=[0.05262347310781479, 0.16186745464801788, 0.37143996357917786, 0.41406914591789246]
[step 0460/1000] method=baseline_avg loss=0.1129 train_acc=0.9928 train_loss=0.0243 val_acc=0.8664 val_loss=0.5820 router_H=0.5369 best=0.8664
           router_load=[0.05262347310781479, 0.16186745464801788, 0.37143996357917786, 0.41406914591789246]
[step 0470/1000] method=baseline_avg loss=0.3604 train_acc=0.9928 train_loss=0.0243 val_acc=0.8664 val_loss=0.5820 router_H=0.5369 best=0.8664
           router_load=[0.05262347310781479, 0.16186745464801788, 0.37143996357917786, 0.41406914591789246]
[step 0480/1000] method=baseline_avg loss=0.0413 train_acc=0.9928 train_loss=0.0243 val_acc=0.8664 val_loss=0.5820 router_H=0.5369 best=0.8664
           router_load=[0.05262347310781479, 0.16186745464801788, 0.37143996357917786, 0.41406914591789246]
[step 0490/1000] method=baseline_avg loss=0.0706 train_acc=0.9928 train_loss=0.0243 val_acc=0.8664 val_loss=0.5820 router_H=0.5369 best=0.8664
           router_load=[0.05262347310781479, 0.16186745464801788, 0.37143996357917786, 0.41406914591789246]
[step 0500/1000] method=baseline_avg loss=0.0008 train_acc=0.9896 train_loss=0.0291 val_acc=0.8484 val_loss=0.7285 router_H=0.4917 best=0.8664
           router_load=[0.0495455302298069, 0.12276064604520798, 0.31074151396751404, 0.5169523358345032]
[step 0510/1000] method=baseline_avg loss=0.0043 train_acc=0.9896 train_loss=0.0291 val_acc=0.8484 val_loss=0.7285 router_H=0.4917 best=0.8664
           router_load=[0.0495455302298069, 0.12276064604520798, 0.31074151396751404, 0.5169523358345032]
[step 0520/1000] method=baseline_avg loss=0.0011 train_acc=0.9896 train_loss=0.0291 val_acc=0.8484 val_loss=0.7285 router_H=0.4917 best=0.8664
           router_load=[0.0495455302298069, 0.12276064604520798, 0.31074151396751404, 0.5169523358345032]
[step 0530/1000] method=baseline_avg loss=0.2716 train_acc=0.9896 train_loss=0.0291 val_acc=0.8484 val_loss=0.7285 router_H=0.4917 best=0.8664
           router_load=[0.0495455302298069, 0.12276064604520798, 0.31074151396751404, 0.5169523358345032]
[step 0540/1000] method=baseline_avg loss=0.0518 train_acc=0.9896 train_loss=0.0291 val_acc=0.8484 val_loss=0.7285 router_H=0.4917 best=0.8664
           router_load=[0.0495455302298069, 0.12276064604520798, 0.31074151396751404, 0.5169523358345032]
[step 0550/1000] method=baseline_avg loss=0.0254 train_acc=0.9916 train_loss=0.0241 val_acc=0.8412 val_loss=0.7501 router_H=0.4592 best=0.8664
           router_load=[0.07226140052080154, 0.08845927566289902, 0.324288934469223, 0.5149903297424316]
[step 0560/1000] method=baseline_avg loss=0.0016 train_acc=0.9916 train_loss=0.0241 val_acc=0.8412 val_loss=0.7501 router_H=0.4592 best=0.8664
           router_load=[0.07226140052080154, 0.08845927566289902, 0.324288934469223, 0.5149903297424316]
[step 0570/1000] method=baseline_avg loss=0.0014 train_acc=0.9916 train_loss=0.0241 val_acc=0.8412 val_loss=0.7501 router_H=0.4592 best=0.8664
           router_load=[0.07226140052080154, 0.08845927566289902, 0.324288934469223, 0.5149903297424316]
[step 0580/1000] method=baseline_avg loss=0.0019 train_acc=0.9916 train_loss=0.0241 val_acc=0.8412 val_loss=0.7501 router_H=0.4592 best=0.8664
           router_load=[0.07226140052080154, 0.08845927566289902, 0.324288934469223, 0.5149903297424316]
[step 0590/1000] method=baseline_avg loss=0.0323 train_acc=0.9916 train_loss=0.0241 val_acc=0.8412 val_loss=0.7501 router_H=0.4592 best=0.8664
           router_load=[0.07226140052080154, 0.08845927566289902, 0.324288934469223, 0.5149903297424316]
[step 0600/1000] method=baseline_avg loss=0.0819 train_acc=0.9960 train_loss=0.0228 val_acc=0.8448 val_loss=0.7420 router_H=0.4038 best=0.8664
           router_load=[0.06850132346153259, 0.04820042848587036, 0.3542650640010834, 0.5290332436561584]
[step 0610/1000] method=baseline_avg loss=0.0012 train_acc=0.9960 train_loss=0.0228 val_acc=0.8448 val_loss=0.7420 router_H=0.4038 best=0.8664
           router_load=[0.06850132346153259, 0.04820042848587036, 0.3542650640010834, 0.5290332436561584]
[step 0620/1000] method=baseline_avg loss=0.0417 train_acc=0.9960 train_loss=0.0228 val_acc=0.8448 val_loss=0.7420 router_H=0.4038 best=0.8664
           router_load=[0.06850132346153259, 0.04820042848587036, 0.3542650640010834, 0.5290332436561584]
[step 0630/1000] method=baseline_avg loss=0.1506 train_acc=0.9960 train_loss=0.0228 val_acc=0.8448 val_loss=0.7420 router_H=0.4038 best=0.8664
           router_load=[0.06850132346153259, 0.04820042848587036, 0.3542650640010834, 0.5290332436561584]
[step 0640/1000] method=baseline_avg loss=0.0005 train_acc=0.9960 train_loss=0.0228 val_acc=0.8448 val_loss=0.7420 router_H=0.4038 best=0.8664
           router_load=[0.06850132346153259, 0.04820042848587036, 0.3542650640010834, 0.5290332436561584]
[step 0650/1000] method=baseline_avg loss=0.0003 train_acc=0.9944 train_loss=0.0285 val_acc=0.8556 val_loss=0.7169 router_H=0.3825 best=0.8664
           router_load=[0.050689660012722015, 0.05043444037437439, 0.3306345045566559, 0.5682413578033447]
[step 0660/1000] method=baseline_avg loss=0.0011 train_acc=0.9944 train_loss=0.0285 val_acc=0.8556 val_loss=0.7169 router_H=0.3825 best=0.8664
           router_load=[0.050689660012722015, 0.05043444037437439, 0.3306345045566559, 0.5682413578033447]
[step 0670/1000] method=baseline_avg loss=0.0091 train_acc=0.9944 train_loss=0.0285 val_acc=0.8556 val_loss=0.7169 router_H=0.3825 best=0.8664
           router_load=[0.050689660012722015, 0.05043444037437439, 0.3306345045566559, 0.5682413578033447]
[step 0680/1000] method=baseline_avg loss=0.0043 train_acc=0.9944 train_loss=0.0285 val_acc=0.8556 val_loss=0.7169 router_H=0.3825 best=0.8664
           router_load=[0.050689660012722015, 0.05043444037437439, 0.3306345045566559, 0.5682413578033447]
[step 0690/1000] method=baseline_avg loss=0.0009 train_acc=0.9944 train_loss=0.0285 val_acc=0.8556 val_loss=0.7169 router_H=0.3825 best=0.8664
           router_load=[0.050689660012722015, 0.05043444037437439, 0.3306345045566559, 0.5682413578033447]
[step 0700/1000] method=baseline_avg loss=0.0005 train_acc=0.9976 train_loss=0.0089 val_acc=0.8628 val_loss=0.6654 router_H=0.3994 best=0.8664
           router_load=[0.07463771849870682, 0.045045848935842514, 0.4061770737171173, 0.4741394817829132]
[step 0710/1000] method=baseline_avg loss=0.0002 train_acc=0.9976 train_loss=0.0089 val_acc=0.8628 val_loss=0.6654 router_H=0.3994 best=0.8664
           router_load=[0.07463771849870682, 0.045045848935842514, 0.4061770737171173, 0.4741394817829132]
[step 0720/1000] method=baseline_avg loss=0.0015 train_acc=0.9976 train_loss=0.0089 val_acc=0.8628 val_loss=0.6654 router_H=0.3994 best=0.8664
           router_load=[0.07463771849870682, 0.045045848935842514, 0.4061770737171173, 0.4741394817829132]
[step 0730/1000] method=baseline_avg loss=0.0014 train_acc=0.9976 train_loss=0.0089 val_acc=0.8628 val_loss=0.6654 router_H=0.3994 best=0.8664
           router_load=[0.07463771849870682, 0.045045848935842514, 0.4061770737171173, 0.4741394817829132]
[step 0740/1000] method=baseline_avg loss=0.0028 train_acc=0.9976 train_loss=0.0089 val_acc=0.8628 val_loss=0.6654 router_H=0.3994 best=0.8664
           router_load=[0.07463771849870682, 0.045045848935842514, 0.4061770737171173, 0.4741394817829132]
[step 0750/1000] method=baseline_avg loss=0.0157 train_acc=0.9968 train_loss=0.0145 val_acc=0.8303 val_loss=0.8703 router_H=0.3647 best=0.8664
           router_load=[0.05210743844509125, 0.03729931637644768, 0.3490971028804779, 0.5614961385726929]
[step 0760/1000] method=baseline_avg loss=0.0002 train_acc=0.9968 train_loss=0.0145 val_acc=0.8303 val_loss=0.8703 router_H=0.3647 best=0.8664
           router_load=[0.05210743844509125, 0.03729931637644768, 0.3490971028804779, 0.5614961385726929]
[step 0770/1000] method=baseline_avg loss=0.0005 train_acc=0.9968 train_loss=0.0145 val_acc=0.8303 val_loss=0.8703 router_H=0.3647 best=0.8664
           router_load=[0.05210743844509125, 0.03729931637644768, 0.3490971028804779, 0.5614961385726929]
[step 0780/1000] method=baseline_avg loss=0.0001 train_acc=0.9968 train_loss=0.0145 val_acc=0.8303 val_loss=0.8703 router_H=0.3647 best=0.8664
           router_load=[0.05210743844509125, 0.03729931637644768, 0.3490971028804779, 0.5614961385726929]
[step 0790/1000] method=baseline_avg loss=0.0041 train_acc=0.9968 train_loss=0.0145 val_acc=0.8303 val_loss=0.8703 router_H=0.3647 best=0.8664
           router_load=[0.05210743844509125, 0.03729931637644768, 0.3490971028804779, 0.5614961385726929]
[step 0800/1000] method=baseline_avg loss=0.3375 train_acc=0.9980 train_loss=0.0130 val_acc=0.8520 val_loss=0.9285 router_H=0.2926 best=0.8664
           router_load=[0.03651243820786476, 0.031966980546712875, 0.3688200116157532, 0.5627005696296692]
[step 0810/1000] method=baseline_avg loss=0.0001 train_acc=0.9980 train_loss=0.0130 val_acc=0.8520 val_loss=0.9285 router_H=0.2926 best=0.8664
           router_load=[0.03651243820786476, 0.031966980546712875, 0.3688200116157532, 0.5627005696296692]
[step 0820/1000] method=baseline_avg loss=0.0002 train_acc=0.9980 train_loss=0.0130 val_acc=0.8520 val_loss=0.9285 router_H=0.2926 best=0.8664
           router_load=[0.03651243820786476, 0.031966980546712875, 0.3688200116157532, 0.5627005696296692]
[step 0830/1000] method=baseline_avg loss=0.0006 train_acc=0.9980 train_loss=0.0130 val_acc=0.8520 val_loss=0.9285 router_H=0.2926 best=0.8664
           router_load=[0.03651243820786476, 0.031966980546712875, 0.3688200116157532, 0.5627005696296692]
[step 0840/1000] method=baseline_avg loss=0.0003 train_acc=0.9980 train_loss=0.0130 val_acc=0.8520 val_loss=0.9285 router_H=0.2926 best=0.8664
           router_load=[0.03651243820786476, 0.031966980546712875, 0.3688200116157532, 0.5627005696296692]
[step 0850/1000] method=baseline_avg loss=0.0004 train_acc=0.9888 train_loss=0.0453 val_acc=0.8267 val_loss=1.0403 router_H=0.2918 best=0.8664
           router_load=[0.025387851521372795, 0.039346445351839066, 0.32825586199760437, 0.6070098280906677]
[step 0860/1000] method=baseline_avg loss=0.0002 train_acc=0.9888 train_loss=0.0453 val_acc=0.8267 val_loss=1.0403 router_H=0.2918 best=0.8664
           router_load=[0.025387851521372795, 0.039346445351839066, 0.32825586199760437, 0.6070098280906677]
[step 0870/1000] method=baseline_avg loss=0.0005 train_acc=0.9888 train_loss=0.0453 val_acc=0.8267 val_loss=1.0403 router_H=0.2918 best=0.8664
           router_load=[0.025387851521372795, 0.039346445351839066, 0.32825586199760437, 0.6070098280906677]
[step 0880/1000] method=baseline_avg loss=0.0192 train_acc=0.9888 train_loss=0.0453 val_acc=0.8267 val_loss=1.0403 router_H=0.2918 best=0.8664
           router_load=[0.025387851521372795, 0.039346445351839066, 0.32825586199760437, 0.6070098280906677]
[step 0890/1000] method=baseline_avg loss=0.0139 train_acc=0.9888 train_loss=0.0453 val_acc=0.8267 val_loss=1.0403 router_H=0.2918 best=0.8664
           router_load=[0.025387851521372795, 0.039346445351839066, 0.32825586199760437, 0.6070098280906677]
[step 0900/1000] method=baseline_avg loss=0.0016 train_acc=0.9940 train_loss=0.0189 val_acc=0.8556 val_loss=1.0085 router_H=0.2902 best=0.8664
           router_load=[0.0312851220369339, 0.041081156581640244, 0.32773318886756897, 0.5999006032943726]
[step 0910/1000] method=baseline_avg loss=0.3026 train_acc=0.9940 train_loss=0.0189 val_acc=0.8556 val_loss=1.0085 router_H=0.2902 best=0.8664
           router_load=[0.0312851220369339, 0.041081156581640244, 0.32773318886756897, 0.5999006032943726]
[step 0920/1000] method=baseline_avg loss=0.0003 train_acc=0.9940 train_loss=0.0189 val_acc=0.8556 val_loss=1.0085 router_H=0.2902 best=0.8664
           router_load=[0.0312851220369339, 0.041081156581640244, 0.32773318886756897, 0.5999006032943726]
[step 0930/1000] method=baseline_avg loss=0.0984 train_acc=0.9940 train_loss=0.0189 val_acc=0.8556 val_loss=1.0085 router_H=0.2902 best=0.8664
           router_load=[0.0312851220369339, 0.041081156581640244, 0.32773318886756897, 0.5999006032943726]
[step 0940/1000] method=baseline_avg loss=0.0007 train_acc=0.9940 train_loss=0.0189 val_acc=0.8556 val_loss=1.0085 router_H=0.2902 best=0.8664
           router_load=[0.0312851220369339, 0.041081156581640244, 0.32773318886756897, 0.5999006032943726]
[step 0950/1000] method=baseline_avg loss=0.0729 train_acc=0.9996 train_loss=0.0009 val_acc=0.8736 val_loss=0.7800 router_H=0.2965 best=0.8736
           router_load=[0.028961846604943275, 0.044718362390995026, 0.3991148769855499, 0.5272048711776733]
[step 0960/1000] method=baseline_avg loss=0.0002 train_acc=0.9996 train_loss=0.0009 val_acc=0.8736 val_loss=0.7800 router_H=0.2965 best=0.8736
           router_load=[0.028961846604943275, 0.044718362390995026, 0.3991148769855499, 0.5272048711776733]
[step 0970/1000] method=baseline_avg loss=0.0001 train_acc=0.9996 train_loss=0.0009 val_acc=0.8736 val_loss=0.7800 router_H=0.2965 best=0.8736
           router_load=[0.028961846604943275, 0.044718362390995026, 0.3991148769855499, 0.5272048711776733]
[step 0980/1000] method=baseline_avg loss=0.0002 train_acc=0.9996 train_loss=0.0009 val_acc=0.8736 val_loss=0.7800 router_H=0.2965 best=0.8736
           router_load=[0.028961846604943275, 0.044718362390995026, 0.3991148769855499, 0.5272048711776733]
[step 0990/1000] method=baseline_avg loss=0.0001 train_acc=0.9996 train_loss=0.0009 val_acc=0.8736 val_loss=0.7800 router_H=0.2965 best=0.8736
           router_load=[0.028961846604943275, 0.044718362390995026, 0.3991148769855499, 0.5272048711776733]
[step 1000/1000] method=baseline_avg loss=0.0001 train_acc=0.9988 train_loss=0.0063 val_acc=0.8736 val_loss=0.8563 router_H=0.3062 best=0.8736
           router_load=[0.03239157423377037, 0.04776360094547272, 0.43814265727996826, 0.4817022979259491]
saved summary -> /home/zhujjing/MOE-grad-conflict-routing/runs/paper_suite/single_gpu/single_task/deberta_rte_lora_e4_k2/final/baseline_s3.json
saved curve -> /home/zhujjing/MOE-grad-conflict-routing/runs/paper_suite/single_gpu/single_task/deberta_rte_lora_e4_k2/final/baseline_s3_curve.csv
