[run] method=baseline candidate=coord_02_train_weight_decay_029 seed=3 steps=150 gpu=0
[run] cmd=
/home/zhujjing/anaconda3/envs/moe/bin/python /home/zhujjing/MOE-grad-conflict-routing/scripts/run.py --config configs/singletask_mrpc_real.yaml --set model.backbone_backend=hf --set model.hf_load_pretrained=true --set model.hf_local_files_only=true --set model.backbone=roberta --set model.hf_pretrained_name=roberta-base --set model.expert_type=lora --set model.routing_mode=topk --set model.num_experts=4 --set model.top_k=2 --set seed=3 --set method.name=baseline_avg --set train.steps=150 --set train.eval_every_steps=50 --set train.grad_clip=1 --set train.lr=3.842377498e-05 --set train.weight_decay=0.03380028542 --out /home/zhujjing/MOE-grad-conflict-routing/runs/paper_suite/single_gpu/single_task/roberta_mrpc_lora_e4_k2_supplement/hpo/baseline/trial_runs/coord_02_train_weight_decay_029/baseline_s3.json --curve_out /home/zhujjing/MOE-grad-conflict-routing/runs/paper_suite/single_gpu/single_task/roberta_mrpc_lora_e4_k2_supplement/hpo/baseline/trial_runs/coord_02_train_weight_decay_029/baseline_s3_curve.csv
Using the latest cached version of the dataset since glue couldn't be found on the Hugging Face Hub (offline mode is enabled).
Found the latest cached dataset configuration 'mrpc' at /home/zhujjing/hf_cache/datasets/glue/mrpc/0.0.0/bcdcba79d07bc864c1c254ccfcedcce55bcc9a8c (last modified on Thu Mar 19 15:01:06 2026).
/home/zhujjing/anaconda3/envs/moe/lib/python3.10/site-packages/transformers/utils/hub.py:124: FutureWarning: Using `TRANSFORMERS_CACHE` is deprecated and will be removed in v5 of Transformers. Use `HF_HOME` instead.
  warnings.warn(
Some weights of RobertaModel were not initialized from the model checkpoint at roberta-base and are newly initialized: ['roberta.pooler.dense.bias', 'roberta.pooler.dense.weight']
You should probably TRAIN this model on a down-stream task to be able to use it for predictions and inference.
[step 0001/150] method=baseline_avg loss=0.6674 train_acc=nan train_loss=nan val_acc=nan val_loss=nan best=-1.0000
[step 0010/150] method=baseline_avg loss=0.7313 train_acc=nan train_loss=nan val_acc=nan val_loss=nan best=-1.0000
[step 0020/150] method=baseline_avg loss=0.6777 train_acc=nan train_loss=nan val_acc=nan val_loss=nan best=-1.0000
[step 0030/150] method=baseline_avg loss=0.4924 train_acc=nan train_loss=nan val_acc=nan val_loss=nan best=-1.0000
[step 0040/150] method=baseline_avg loss=0.6120 train_acc=nan train_loss=nan val_acc=nan val_loss=nan best=-1.0000
[step 0050/150] method=baseline_avg loss=0.4509 train_acc=0.7799 train_loss=0.4565 val_acc=0.7745 val_loss=0.4568 router_H=0.6922 best=0.7745
           router_load=[0.4706898629665375, 0.00959264300763607, 0.4970863461494446, 0.022631140425801277]
[step 0060/150] method=baseline_avg loss=0.5074 train_acc=0.7799 train_loss=0.4565 val_acc=0.7745 val_loss=0.4568 router_H=0.6922 best=0.7745
           router_load=[0.4706898629665375, 0.00959264300763607, 0.4970863461494446, 0.022631140425801277]
[step 0070/150] method=baseline_avg loss=0.3542 train_acc=0.7799 train_loss=0.4565 val_acc=0.7745 val_loss=0.4568 router_H=0.6922 best=0.7745
           router_load=[0.4706898629665375, 0.00959264300763607, 0.4970863461494446, 0.022631140425801277]
[step 0080/150] method=baseline_avg loss=0.4070 train_acc=0.7799 train_loss=0.4565 val_acc=0.7745 val_loss=0.4568 router_H=0.6922 best=0.7745
           router_load=[0.4706898629665375, 0.00959264300763607, 0.4970863461494446, 0.022631140425801277]
[step 0090/150] method=baseline_avg loss=0.4586 train_acc=0.7799 train_loss=0.4565 val_acc=0.7745 val_loss=0.4568 router_H=0.6922 best=0.7745
           router_load=[0.4706898629665375, 0.00959264300763607, 0.4970863461494446, 0.022631140425801277]
[step 0100/150] method=baseline_avg loss=0.6603 train_acc=0.8342 train_loss=0.3766 val_acc=0.8431 val_loss=0.3583 router_H=0.6885 best=0.8431
           router_load=[0.5361409783363342, 0.043878939002752304, 0.28395557403564453, 0.13602451980113983]
[step 0110/150] method=baseline_avg loss=0.5715 train_acc=0.8342 train_loss=0.3766 val_acc=0.8431 val_loss=0.3583 router_H=0.6885 best=0.8431
           router_load=[0.5361409783363342, 0.043878939002752304, 0.28395557403564453, 0.13602451980113983]
[step 0120/150] method=baseline_avg loss=0.3729 train_acc=0.8342 train_loss=0.3766 val_acc=0.8431 val_loss=0.3583 router_H=0.6885 best=0.8431
           router_load=[0.5361409783363342, 0.043878939002752304, 0.28395557403564453, 0.13602451980113983]
[step 0130/150] method=baseline_avg loss=0.5834 train_acc=0.8342 train_loss=0.3766 val_acc=0.8431 val_loss=0.3583 router_H=0.6885 best=0.8431
           router_load=[0.5361409783363342, 0.043878939002752304, 0.28395557403564453, 0.13602451980113983]
[step 0140/150] method=baseline_avg loss=0.5263 train_acc=0.8342 train_loss=0.3766 val_acc=0.8431 val_loss=0.3583 router_H=0.6885 best=0.8431
           router_load=[0.5361409783363342, 0.043878939002752304, 0.28395557403564453, 0.13602451980113983]
[step 0150/150] method=baseline_avg loss=0.4128 train_acc=0.8723 train_loss=0.3342 val_acc=0.8603 val_loss=0.3610 router_H=0.6922 best=0.8603
           router_load=[0.5067980289459229, 0.050040848553180695, 0.44316110014915466, 0.0]
saved summary -> /home/zhujjing/MOE-grad-conflict-routing/runs/paper_suite/single_gpu/single_task/roberta_mrpc_lora_e4_k2_supplement/hpo/baseline/trial_runs/coord_02_train_weight_decay_029/baseline_s3.json
saved curve -> /home/zhujjing/MOE-grad-conflict-routing/runs/paper_suite/single_gpu/single_task/roberta_mrpc_lora_e4_k2_supplement/hpo/baseline/trial_runs/coord_02_train_weight_decay_029/baseline_s3_curve.csv
