[run] method=baseline candidate=coord_02_train_weight_decay_005 seed=3 steps=150 gpu=0
[run] cmd=
/home/zhujjing/anaconda3/envs/moe/bin/python /home/zhujjing/MOE-grad-conflict-routing/scripts/run.py --config configs/singletask_mrpc_real.yaml --set model.backbone_backend=hf --set model.hf_load_pretrained=true --set model.hf_local_files_only=true --set model.backbone=roberta --set model.hf_pretrained_name=roberta-base --set model.expert_type=lora --set model.routing_mode=topk --set model.num_experts=4 --set model.top_k=2 --set seed=3 --set method.name=baseline_avg --set train.steps=150 --set train.eval_every_steps=50 --set train.grad_clip=1 --set train.lr=3.842377498e-05 --set train.weight_decay=0.01546097608 --out /home/zhujjing/MOE-grad-conflict-routing/runs/paper_suite/single_gpu/single_task/roberta_mrpc_lora_e4_k2_supplement/hpo/baseline/trial_runs/coord_02_train_weight_decay_005/baseline_s3.json --curve_out /home/zhujjing/MOE-grad-conflict-routing/runs/paper_suite/single_gpu/single_task/roberta_mrpc_lora_e4_k2_supplement/hpo/baseline/trial_runs/coord_02_train_weight_decay_005/baseline_s3_curve.csv
Using the latest cached version of the dataset since glue couldn't be found on the Hugging Face Hub (offline mode is enabled).
Found the latest cached dataset configuration 'mrpc' at /home/zhujjing/hf_cache/datasets/glue/mrpc/0.0.0/bcdcba79d07bc864c1c254ccfcedcce55bcc9a8c (last modified on Thu Mar 19 15:01:06 2026).
/home/zhujjing/anaconda3/envs/moe/lib/python3.10/site-packages/transformers/utils/hub.py:124: FutureWarning: Using `TRANSFORMERS_CACHE` is deprecated and will be removed in v5 of Transformers. Use `HF_HOME` instead.
  warnings.warn(
Some weights of RobertaModel were not initialized from the model checkpoint at roberta-base and are newly initialized: ['roberta.pooler.dense.bias', 'roberta.pooler.dense.weight']
You should probably TRAIN this model on a down-stream task to be able to use it for predictions and inference.
[step 0001/150] method=baseline_avg loss=0.6669 train_acc=nan train_loss=nan val_acc=nan val_loss=nan best=-1.0000
[step 0010/150] method=baseline_avg loss=0.6997 train_acc=nan train_loss=nan val_acc=nan val_loss=nan best=-1.0000
[step 0020/150] method=baseline_avg loss=0.6372 train_acc=nan train_loss=nan val_acc=nan val_loss=nan best=-1.0000
[step 0030/150] method=baseline_avg loss=0.4894 train_acc=nan train_loss=nan val_acc=nan val_loss=nan best=-1.0000
[step 0040/150] method=baseline_avg loss=0.5752 train_acc=nan train_loss=nan val_acc=nan val_loss=nan best=-1.0000
[step 0050/150] method=baseline_avg loss=0.4539 train_acc=0.7690 train_loss=0.4554 val_acc=0.7574 val_loss=0.4693 router_H=0.6910 best=0.7574
           router_load=[0.0021417331881821156, 0.5256192088127136, 0.0010494249872863293, 0.4711896479129791]
[step 0060/150] method=baseline_avg loss=0.4961 train_acc=0.7690 train_loss=0.4554 val_acc=0.7574 val_loss=0.4693 router_H=0.6910 best=0.7574
           router_load=[0.0021417331881821156, 0.5256192088127136, 0.0010494249872863293, 0.4711896479129791]
[step 0070/150] method=baseline_avg loss=0.3756 train_acc=0.7690 train_loss=0.4554 val_acc=0.7574 val_loss=0.4693 router_H=0.6910 best=0.7574
           router_load=[0.0021417331881821156, 0.5256192088127136, 0.0010494249872863293, 0.4711896479129791]
[step 0080/150] method=baseline_avg loss=0.5335 train_acc=0.7690 train_loss=0.4554 val_acc=0.7574 val_loss=0.4693 router_H=0.6910 best=0.7574
           router_load=[0.0021417331881821156, 0.5256192088127136, 0.0010494249872863293, 0.4711896479129791]
[step 0090/150] method=baseline_avg loss=0.5843 train_acc=0.7690 train_loss=0.4554 val_acc=0.7574 val_loss=0.4693 router_H=0.6910 best=0.7574
           router_load=[0.0021417331881821156, 0.5256192088127136, 0.0010494249872863293, 0.4711896479129791]
[step 0100/150] method=baseline_avg loss=0.6636 train_acc=0.8288 train_loss=0.3867 val_acc=0.8284 val_loss=0.3915 router_H=0.6907 best=0.8284
           router_load=[0.0010484824888408184, 0.5077323913574219, 0.0, 0.4912191331386566]
[step 0110/150] method=baseline_avg loss=0.4756 train_acc=0.8288 train_loss=0.3867 val_acc=0.8284 val_loss=0.3915 router_H=0.6907 best=0.8284
           router_load=[0.0010484824888408184, 0.5077323913574219, 0.0, 0.4912191331386566]
[step 0120/150] method=baseline_avg loss=0.4943 train_acc=0.8288 train_loss=0.3867 val_acc=0.8284 val_loss=0.3915 router_H=0.6907 best=0.8284
           router_load=[0.0010484824888408184, 0.5077323913574219, 0.0, 0.4912191331386566]
[step 0130/150] method=baseline_avg loss=0.3241 train_acc=0.8288 train_loss=0.3867 val_acc=0.8284 val_loss=0.3915 router_H=0.6907 best=0.8284
           router_load=[0.0010484824888408184, 0.5077323913574219, 0.0, 0.4912191331386566]
[step 0140/150] method=baseline_avg loss=0.4560 train_acc=0.8288 train_loss=0.3867 val_acc=0.8284 val_loss=0.3915 router_H=0.6907 best=0.8284
           router_load=[0.0010484824888408184, 0.5077323913574219, 0.0, 0.4912191331386566]
[step 0150/150] method=baseline_avg loss=0.5361 train_acc=0.8288 train_loss=0.3928 val_acc=0.7917 val_loss=0.4459 router_H=0.6916 best=0.8284
           router_load=[0.0, 0.5102069973945618, 0.0, 0.4897930324077606]
saved summary -> /home/zhujjing/MOE-grad-conflict-routing/runs/paper_suite/single_gpu/single_task/roberta_mrpc_lora_e4_k2_supplement/hpo/baseline/trial_runs/coord_02_train_weight_decay_005/baseline_s3.json
saved curve -> /home/zhujjing/MOE-grad-conflict-routing/runs/paper_suite/single_gpu/single_task/roberta_mrpc_lora_e4_k2_supplement/hpo/baseline/trial_runs/coord_02_train_weight_decay_005/baseline_s3_curve.csv
