[run] method=baseline candidate=coord_02_train_weight_decay_014 seed=2 steps=150 gpu=0
[run] cmd=
/home/zhujjing/anaconda3/envs/moe/bin/python /home/zhujjing/MOE-grad-conflict-routing/scripts/run.py --config configs/singletask_mrpc_real.yaml --set model.backbone_backend=hf --set model.hf_load_pretrained=true --set model.hf_local_files_only=true --set model.backbone=roberta --set model.hf_pretrained_name=roberta-base --set model.expert_type=lora --set model.routing_mode=topk --set model.num_experts=4 --set model.top_k=2 --set seed=2 --set method.name=baseline_avg --set train.steps=150 --set train.eval_every_steps=50 --set train.grad_clip=1 --set train.lr=3.842377498e-05 --set train.weight_decay=0.04394047402 --out /home/zhujjing/MOE-grad-conflict-routing/runs/paper_suite/single_gpu/single_task/roberta_mrpc_lora_e4_k2_supplement/hpo/baseline/trial_runs/coord_02_train_weight_decay_014/baseline_s2.json --curve_out /home/zhujjing/MOE-grad-conflict-routing/runs/paper_suite/single_gpu/single_task/roberta_mrpc_lora_e4_k2_supplement/hpo/baseline/trial_runs/coord_02_train_weight_decay_014/baseline_s2_curve.csv
Using the latest cached version of the dataset since glue couldn't be found on the Hugging Face Hub (offline mode is enabled).
Found the latest cached dataset configuration 'mrpc' at /home/zhujjing/hf_cache/datasets/glue/mrpc/0.0.0/bcdcba79d07bc864c1c254ccfcedcce55bcc9a8c (last modified on Thu Mar 19 15:01:06 2026).
/home/zhujjing/anaconda3/envs/moe/lib/python3.10/site-packages/transformers/utils/hub.py:124: FutureWarning: Using `TRANSFORMERS_CACHE` is deprecated and will be removed in v5 of Transformers. Use `HF_HOME` instead.
  warnings.warn(
Some weights of RobertaModel were not initialized from the model checkpoint at roberta-base and are newly initialized: ['roberta.pooler.dense.bias', 'roberta.pooler.dense.weight']
You should probably TRAIN this model on a down-stream task to be able to use it for predictions and inference.
[step 0001/150] method=baseline_avg loss=0.7597 train_acc=nan train_loss=nan val_acc=nan val_loss=nan best=-1.0000
[step 0010/150] method=baseline_avg loss=0.7082 train_acc=nan train_loss=nan val_acc=nan val_loss=nan best=-1.0000
[step 0020/150] method=baseline_avg loss=0.6009 train_acc=nan train_loss=nan val_acc=nan val_loss=nan best=-1.0000
[step 0030/150] method=baseline_avg loss=0.5448 train_acc=nan train_loss=nan val_acc=nan val_loss=nan best=-1.0000
[step 0040/150] method=baseline_avg loss=0.4866 train_acc=nan train_loss=nan val_acc=nan val_loss=nan best=-1.0000
[step 0050/150] method=baseline_avg loss=0.4781 train_acc=0.7310 train_loss=0.5282 val_acc=0.7647 val_loss=0.5004 router_H=0.6731 best=0.7647
           router_load=[0.0, 0.5978488326072693, 0.30556681752204895, 0.09658435732126236]
[step 0060/150] method=baseline_avg loss=0.7204 train_acc=0.7310 train_loss=0.5282 val_acc=0.7647 val_loss=0.5004 router_H=0.6731 best=0.7647
           router_load=[0.0, 0.5978488326072693, 0.30556681752204895, 0.09658435732126236]
[step 0070/150] method=baseline_avg loss=0.3424 train_acc=0.7310 train_loss=0.5282 val_acc=0.7647 val_loss=0.5004 router_H=0.6731 best=0.7647
           router_load=[0.0, 0.5978488326072693, 0.30556681752204895, 0.09658435732126236]
[step 0080/150] method=baseline_avg loss=0.3944 train_acc=0.7310 train_loss=0.5282 val_acc=0.7647 val_loss=0.5004 router_H=0.6731 best=0.7647
           router_load=[0.0, 0.5978488326072693, 0.30556681752204895, 0.09658435732126236]
[step 0090/150] method=baseline_avg loss=0.3519 train_acc=0.7310 train_loss=0.5282 val_acc=0.7647 val_loss=0.5004 router_H=0.6731 best=0.7647
           router_load=[0.0, 0.5978488326072693, 0.30556681752204895, 0.09658435732126236]
[step 0100/150] method=baseline_avg loss=0.4893 train_acc=0.8179 train_loss=0.4089 val_acc=0.8235 val_loss=0.4175 router_H=0.6813 best=0.8235
           router_load=[0.0, 0.5724489688873291, 0.255222886800766, 0.17232806980609894]
[step 0110/150] method=baseline_avg loss=0.8164 train_acc=0.8179 train_loss=0.4089 val_acc=0.8235 val_loss=0.4175 router_H=0.6813 best=0.8235
           router_load=[0.0, 0.5724489688873291, 0.255222886800766, 0.17232806980609894]
[step 0120/150] method=baseline_avg loss=0.2346 train_acc=0.8179 train_loss=0.4089 val_acc=0.8235 val_loss=0.4175 router_H=0.6813 best=0.8235
           router_load=[0.0, 0.5724489688873291, 0.255222886800766, 0.17232806980609894]
[step 0130/150] method=baseline_avg loss=0.3804 train_acc=0.8179 train_loss=0.4089 val_acc=0.8235 val_loss=0.4175 router_H=0.6813 best=0.8235
           router_load=[0.0, 0.5724489688873291, 0.255222886800766, 0.17232806980609894]
[step 0140/150] method=baseline_avg loss=0.2698 train_acc=0.8179 train_loss=0.4089 val_acc=0.8235 val_loss=0.4175 router_H=0.6813 best=0.8235
           router_load=[0.0, 0.5724489688873291, 0.255222886800766, 0.17232806980609894]
[step 0150/150] method=baseline_avg loss=0.8670 train_acc=0.8533 train_loss=0.3430 val_acc=0.8775 val_loss=0.3150 router_H=0.6849 best=0.8775
           router_load=[0.0, 0.5605747103691101, 0.3935721814632416, 0.045853134244680405]
saved summary -> /home/zhujjing/MOE-grad-conflict-routing/runs/paper_suite/single_gpu/single_task/roberta_mrpc_lora_e4_k2_supplement/hpo/baseline/trial_runs/coord_02_train_weight_decay_014/baseline_s2.json
saved curve -> /home/zhujjing/MOE-grad-conflict-routing/runs/paper_suite/single_gpu/single_task/roberta_mrpc_lora_e4_k2_supplement/hpo/baseline/trial_runs/coord_02_train_weight_decay_014/baseline_s2_curve.csv
