[run] method=ours candidate=coord_02_train_weight_decay_008 seed=2 steps=200 gpu=0
[run] cmd=
/home/zhujjing/anaconda3/envs/moe/bin/python /home/zhujjing/MOE-grad-conflict-routing/scripts/run.py --config configs/multitask_glue4_real.yaml --set model.backbone_backend=hf --set model.hf_load_pretrained=true --set model.hf_local_files_only=true --set model.backbone=deberta --set model.hf_pretrained_name=microsoft/deberta-v3-base --set model.expert_type=lora --set model.routing_mode=topk --set model.num_experts=4 --set model.top_k=2 --set train.eval_train_fraction=0.10 --set train.eval_train_max_batches=-1 --set train.eval_max_batches=-1 --set seed=2 --set method.name=ours --set train.steps=200 --set train.eval_every_steps=100 --set method.ours.use_load_norm=true --set method.ours.lambda_align=0.001 --set train.grad_clip=1 --set train.lr=5.731108509e-05 --set train.weight_decay=0.02294122098 --out /home/zhujjing/MOE-grad-conflict-routing/runs/paper_suite/single_gpu/multi_task/glue4_deberta_lora_e4_k2/hpo/ours/trial_runs/coord_02_train_weight_decay_008/ours_s2.json --curve_out /home/zhujjing/MOE-grad-conflict-routing/runs/paper_suite/single_gpu/multi_task/glue4_deberta_lora_e4_k2/hpo/ours/trial_runs/coord_02_train_weight_decay_008/ours_s2_curve.csv
Using the latest cached version of the dataset since glue couldn't be found on the Hugging Face Hub (offline mode is enabled).
Found the latest cached dataset configuration 'rte' at /home/zhujjing/hf_cache/datasets/glue/rte/0.0.0/bcdcba79d07bc864c1c254ccfcedcce55bcc9a8c (last modified on Thu Mar 19 15:00:36 2026).
/home/zhujjing/anaconda3/envs/moe/lib/python3.10/site-packages/transformers/utils/hub.py:124: FutureWarning: Using `TRANSFORMERS_CACHE` is deprecated and will be removed in v5 of Transformers. Use `HF_HOME` instead.
  warnings.warn(
/home/zhujjing/anaconda3/envs/moe/lib/python3.10/site-packages/transformers/convert_slow_tokenizer.py:560: UserWarning: The sentencepiece tokenizer that you are converting to a fast tokenizer uses the byte fallback option which is not implemented in the fast tokenizers. In practice this means that the fast version of the tokenizer can produce unknown tokens whereas the sentencepiece version would have converted these unknown tokens into a sequence of byte tokens matching the original piece of text.
  warnings.warn(
Using the latest cached version of the dataset since glue couldn't be found on the Hugging Face Hub (offline mode is enabled).
Found the latest cached dataset configuration 'mrpc' at /home/zhujjing/hf_cache/datasets/glue/mrpc/0.0.0/bcdcba79d07bc864c1c254ccfcedcce55bcc9a8c (last modified on Thu Mar 19 15:01:06 2026).
Using the latest cached version of the dataset since glue couldn't be found on the Hugging Face Hub (offline mode is enabled).
Found the latest cached dataset configuration 'sst2' at /home/zhujjing/hf_cache/datasets/glue/sst2/0.0.0/bcdcba79d07bc864c1c254ccfcedcce55bcc9a8c (last modified on Thu Mar 19 15:01:41 2026).
Using the latest cached version of the dataset since glue couldn't be found on the Hugging Face Hub (offline mode is enabled).
Found the latest cached dataset configuration 'cola' at /home/zhujjing/hf_cache/datasets/glue/cola/0.0.0/bcdcba79d07bc864c1c254ccfcedcce55bcc9a8c (last modified on Thu Mar 19 15:02:09 2026).
[step 0001/200] method=ours loss=0.6798 train_acc=nan train_loss=nan val_acc=nan val_loss=nan best=-1.0000
[step 0010/200] method=ours loss=0.7120 train_acc=nan train_loss=nan val_acc=nan val_loss=nan best=-1.0000
[step 0020/200] method=ours loss=0.5884 train_acc=nan train_loss=nan val_acc=nan val_loss=nan best=-1.0000
[step 0030/200] method=ours loss=0.5086 train_acc=nan train_loss=nan val_acc=nan val_loss=nan best=-1.0000
[step 0040/200] method=ours loss=0.5304 train_acc=nan train_loss=nan val_acc=nan val_loss=nan best=-1.0000
[step 0050/200] method=ours loss=0.3760 train_acc=nan train_loss=nan val_acc=nan val_loss=nan best=-1.0000
[step 0060/200] method=ours loss=0.4624 train_acc=nan train_loss=nan val_acc=nan val_loss=nan best=-1.0000
[step 0070/200] method=ours loss=0.4924 train_acc=nan train_loss=nan val_acc=nan val_loss=nan best=-1.0000
[step 0080/200] method=ours loss=0.5004 train_acc=nan train_loss=nan val_acc=nan val_loss=nan best=-1.0000
[step 0090/200] method=ours loss=0.3970 train_acc=nan train_loss=nan val_acc=nan val_loss=nan best=-1.0000
[step 0100/200] method=ours loss=0.3521 train_acc=0.8441 train_loss=0.3733 val_acc=0.8072 val_loss=0.4375 router_H=0.6488 best=0.8072
           router_load=[0.13555197417736053, 0.4822373688220978, 0.30146199464797974, 0.08074913918972015]
[step 0110/200] method=ours loss=0.3672 train_acc=0.8441 train_loss=0.3733 val_acc=0.8072 val_loss=0.4375 router_H=0.6488 best=0.8072
           router_load=[0.13555197417736053, 0.4822373688220978, 0.30146199464797974, 0.08074913918972015]
[step 0120/200] method=ours loss=0.4683 train_acc=0.8441 train_loss=0.3733 val_acc=0.8072 val_loss=0.4375 router_H=0.6488 best=0.8072
           router_load=[0.13555197417736053, 0.4822373688220978, 0.30146199464797974, 0.08074913918972015]
[step 0130/200] method=ours loss=0.3430 train_acc=0.8441 train_loss=0.3733 val_acc=0.8072 val_loss=0.4375 router_H=0.6488 best=0.8072
           router_load=[0.13555197417736053, 0.4822373688220978, 0.30146199464797974, 0.08074913918972015]
[step 0140/200] method=ours loss=0.3574 train_acc=0.8441 train_loss=0.3733 val_acc=0.8072 val_loss=0.4375 router_H=0.6488 best=0.8072
           router_load=[0.13555197417736053, 0.4822373688220978, 0.30146199464797974, 0.08074913918972015]
[step 0150/200] method=ours loss=0.3554 train_acc=0.8441 train_loss=0.3733 val_acc=0.8072 val_loss=0.4375 router_H=0.6488 best=0.8072
           router_load=[0.13555197417736053, 0.4822373688220978, 0.30146199464797974, 0.08074913918972015]
[step 0160/200] method=ours loss=0.3318 train_acc=0.8441 train_loss=0.3733 val_acc=0.8072 val_loss=0.4375 router_H=0.6488 best=0.8072
           router_load=[0.13555197417736053, 0.4822373688220978, 0.30146199464797974, 0.08074913918972015]
[step 0170/200] method=ours loss=0.3602 train_acc=0.8441 train_loss=0.3733 val_acc=0.8072 val_loss=0.4375 router_H=0.6488 best=0.8072
           router_load=[0.13555197417736053, 0.4822373688220978, 0.30146199464797974, 0.08074913918972015]
[step 0180/200] method=ours loss=0.3109 train_acc=0.8441 train_loss=0.3733 val_acc=0.8072 val_loss=0.4375 router_H=0.6488 best=0.8072
           router_load=[0.13555197417736053, 0.4822373688220978, 0.30146199464797974, 0.08074913918972015]
[step 0190/200] method=ours loss=0.3753 train_acc=0.8441 train_loss=0.3733 val_acc=0.8072 val_loss=0.4375 router_H=0.6488 best=0.8072
           router_load=[0.13555197417736053, 0.4822373688220978, 0.30146199464797974, 0.08074913918972015]
[step 0200/200] method=ours loss=0.2364 train_acc=0.9244 train_loss=0.1949 val_acc=0.8523 val_loss=0.3671 router_H=0.6309 best=0.8523
           router_load=[0.1774786114692688, 0.397305965423584, 0.2683870196342468, 0.15682832896709442]
saved summary -> /home/zhujjing/MOE-grad-conflict-routing/runs/paper_suite/single_gpu/multi_task/glue4_deberta_lora_e4_k2/hpo/ours/trial_runs/coord_02_train_weight_decay_008/ours_s2.json
saved curve -> /home/zhujjing/MOE-grad-conflict-routing/runs/paper_suite/single_gpu/multi_task/glue4_deberta_lora_e4_k2/hpo/ours/trial_runs/coord_02_train_weight_decay_008/ours_s2_curve.csv
