[run] method=baseline candidate=coord_03_train_grad_clip_009 seed=3 steps=200 gpu=0
[run] cmd=
/root/miniconda3/envs/optimization/bin/python /root/Optimization/MOE-grad-conflict-routing-appendix2/scripts/run.py --config configs/multitask_textcls_local_sst2_yelp_amazon_real.yaml --set model.backbone_backend=hf --set model.hf_load_pretrained=true --set model.hf_local_files_only=1 --set model.backbone=roberta --set model.hf_pretrained_name=roberta-base --set model.expert_type=lora --set model.routing_mode=topk --set model.num_experts=4 --set model.top_k=2 --set data.train_size=20000 --set data.val_size=4000 --set train.eval_val_fraction=0.2 --set train.skip_train_eval=true --set seed=3 --set method.name=baseline_avg --set train.steps=200 --set train.eval_every_steps=100 --set train.grad_clip=1.511233607 --set train.lr=2e-05 --set train.weight_decay=0.01546097608 --out /root/Optimization/MOE-grad-conflict-routing-appendix2/runs/paper_suite_supplement/appendix/multi_dataset_real/roberta_lora_e4_k2/_method_workers/baseline/hpo/baseline/trial_runs/coord_03_train_grad_clip_009/baseline_s3.json --curve_out /root/Optimization/MOE-grad-conflict-routing-appendix2/runs/paper_suite_supplement/appendix/multi_dataset_real/roberta_lora_e4_k2/_method_workers/baseline/hpo/baseline/trial_runs/coord_03_train_grad_clip_009/baseline_s3_curve.csv
Loading weights:   0%|          | 0/197 [00:00<?, ?it/s]Loading weights: 100%|██████████| 197/197 [00:00<00:00, 4691.70it/s]
[1mRobertaModel LOAD REPORT[0m from: roberta-base
Key                             | Status     | 
--------------------------------+------------+-
lm_head.layer_norm.weight       | UNEXPECTED | 
lm_head.layer_norm.bias         | UNEXPECTED | 
roberta.embeddings.position_ids | UNEXPECTED | 
lm_head.bias                    | UNEXPECTED | 
lm_head.dense.weight            | UNEXPECTED | 
lm_head.dense.bias              | UNEXPECTED | 
pooler.dense.weight             | MISSING    | 
pooler.dense.bias               | MISSING    | 

[3mNotes:
- UNEXPECTED[3m	:can be ignored when loading from different task/architecture; not ok if you expect identical arch.
- MISSING[3m	:those params were newly initialized because missing from the checkpoint. Consider training on your downstream task.[0m
[step 0001/200] method=baseline_avg loss=0.6985 train_acc=nan train_loss=nan val_acc=nan val_loss=nan best=-1.0000
[step 0010/200] method=baseline_avg loss=0.6493 train_acc=nan train_loss=nan val_acc=nan val_loss=nan best=-1.0000
[step 0020/200] method=baseline_avg loss=0.4283 train_acc=nan train_loss=nan val_acc=nan val_loss=nan best=-1.0000
[step 0030/200] method=baseline_avg loss=0.4382 train_acc=nan train_loss=nan val_acc=nan val_loss=nan best=-1.0000
[step 0040/200] method=baseline_avg loss=0.1661 train_acc=nan train_loss=nan val_acc=nan val_loss=nan best=-1.0000
[step 0050/200] method=baseline_avg loss=0.2833 train_acc=nan train_loss=nan val_acc=nan val_loss=nan best=-1.0000
[step 0060/200] method=baseline_avg loss=0.2915 train_acc=nan train_loss=nan val_acc=nan val_loss=nan best=-1.0000
[step 0070/200] method=baseline_avg loss=0.2949 train_acc=nan train_loss=nan val_acc=nan val_loss=nan best=-1.0000
[step 0080/200] method=baseline_avg loss=0.0796 train_acc=nan train_loss=nan val_acc=nan val_loss=nan best=-1.0000
[step 0090/200] method=baseline_avg loss=0.2259 train_acc=nan train_loss=nan val_acc=nan val_loss=nan best=-1.0000
[step 0100/200] method=baseline_avg loss=0.0890 train_acc=nan train_loss=nan val_acc=0.9079 val_loss=0.2362 router_H=0.6839 best=0.9079
           router_load=[0.2496461272239685, 0.46875226497650146, 0.27825337648391724, 0.003348128404468298]
[step 0110/200] method=baseline_avg loss=0.0833 train_acc=nan train_loss=nan val_acc=0.9079 val_loss=0.2362 router_H=0.6839 best=0.9079
           router_load=[0.2496461272239685, 0.46875226497650146, 0.27825337648391724, 0.003348128404468298]
[step 0120/200] method=baseline_avg loss=0.1306 train_acc=nan train_loss=nan val_acc=0.9079 val_loss=0.2362 router_H=0.6839 best=0.9079
           router_load=[0.2496461272239685, 0.46875226497650146, 0.27825337648391724, 0.003348128404468298]
[step 0130/200] method=baseline_avg loss=0.1631 train_acc=nan train_loss=nan val_acc=0.9079 val_loss=0.2362 router_H=0.6839 best=0.9079
           router_load=[0.2496461272239685, 0.46875226497650146, 0.27825337648391724, 0.003348128404468298]
[step 0140/200] method=baseline_avg loss=0.4103 train_acc=nan train_loss=nan val_acc=0.9079 val_loss=0.2362 router_H=0.6839 best=0.9079
           router_load=[0.2496461272239685, 0.46875226497650146, 0.27825337648391724, 0.003348128404468298]
[step 0150/200] method=baseline_avg loss=0.3357 train_acc=nan train_loss=nan val_acc=0.9079 val_loss=0.2362 router_H=0.6839 best=0.9079
           router_load=[0.2496461272239685, 0.46875226497650146, 0.27825337648391724, 0.003348128404468298]
[step 0160/200] method=baseline_avg loss=0.2029 train_acc=nan train_loss=nan val_acc=0.9079 val_loss=0.2362 router_H=0.6839 best=0.9079
           router_load=[0.2496461272239685, 0.46875226497650146, 0.27825337648391724, 0.003348128404468298]
[step 0170/200] method=baseline_avg loss=0.3172 train_acc=nan train_loss=nan val_acc=0.9079 val_loss=0.2362 router_H=0.6839 best=0.9079
           router_load=[0.2496461272239685, 0.46875226497650146, 0.27825337648391724, 0.003348128404468298]
[step 0180/200] method=baseline_avg loss=0.0560 train_acc=nan train_loss=nan val_acc=0.9079 val_loss=0.2362 router_H=0.6839 best=0.9079
           router_load=[0.2496461272239685, 0.46875226497650146, 0.27825337648391724, 0.003348128404468298]
[step 0190/200] method=baseline_avg loss=0.2636 train_acc=nan train_loss=nan val_acc=0.9079 val_loss=0.2362 router_H=0.6839 best=0.9079
           router_load=[0.2496461272239685, 0.46875226497650146, 0.27825337648391724, 0.003348128404468298]
[step 0200/200] method=baseline_avg loss=0.3008 train_acc=nan train_loss=nan val_acc=0.9262 val_loss=0.2005 router_H=0.6884 best=0.9262
           router_load=[0.2181055098772049, 0.40858641266822815, 0.3730558454990387, 0.0002518457476980984]
saved summary -> /root/Optimization/MOE-grad-conflict-routing-appendix2/runs/paper_suite_supplement/appendix/multi_dataset_real/roberta_lora_e4_k2/_method_workers/baseline/hpo/baseline/trial_runs/coord_03_train_grad_clip_009/baseline_s3.json
saved curve -> /root/Optimization/MOE-grad-conflict-routing-appendix2/runs/paper_suite_supplement/appendix/multi_dataset_real/roberta_lora_e4_k2/_method_workers/baseline/hpo/baseline/trial_runs/coord_03_train_grad_clip_009/baseline_s3_curve.csv
