[run] method=cagrad candidate=coord_04_method_baseline_cagrad_c_002 seed=2 steps=200 gpu=0
[run] cmd=
/root/miniconda3/envs/optimization/bin/python /root/Optimization/MOE-grad-conflict-routing-appendix2/scripts/run.py --config configs/multitask_textcls_local_sst2_yelp_amazon_real.yaml --set model.backbone_backend=hf --set model.hf_load_pretrained=true --set model.hf_local_files_only=true --set model.routing_mode=topk --set model.expert_type=lora --set model.num_experts=4 --set model.top_k=2 --set data.train_size=20000 --set data.val_size=4000 --set model.backbone=roberta --set model.hf_pretrained_name=roberta-base --set train.eval_val_fraction=0.2 --set train.skip_train_eval=true --set seed=2 --set method.name=baseline_cagrad --set train.steps=200 --set train.eval_every_steps=100 --set method.baseline_cagrad.c=0.5981601564 --set method.baseline_cagrad.inner_lr=0.1 --set train.grad_clip=1.511233607 --set train.lr=2.555178414e-05 --set train.weight_decay=0.0494133814 --out /root/Optimization/MOE-grad-conflict-routing-appendix2/runs/paper_suite_supplement/appendix/multi_dataset_real/roberta_lora_e4_k2/_method_workers/cagrad/hpo/cagrad/trial_runs/coord_04_method_baseline_cagrad_c_002/cagrad_s2.json --curve_out /root/Optimization/MOE-grad-conflict-routing-appendix2/runs/paper_suite_supplement/appendix/multi_dataset_real/roberta_lora_e4_k2/_method_workers/cagrad/hpo/cagrad/trial_runs/coord_04_method_baseline_cagrad_c_002/cagrad_s2_curve.csv
Loading weights:   0%|          | 0/197 [00:00<?, ?it/s]Loading weights: 100%|██████████| 197/197 [00:00<00:00, 8507.72it/s]
[1mRobertaModel LOAD REPORT[0m from: roberta-base
Key                             | Status     | 
--------------------------------+------------+-
lm_head.bias                    | UNEXPECTED | 
lm_head.layer_norm.weight       | UNEXPECTED | 
lm_head.dense.bias              | UNEXPECTED | 
lm_head.dense.weight            | UNEXPECTED | 
lm_head.layer_norm.bias         | UNEXPECTED | 
roberta.embeddings.position_ids | UNEXPECTED | 
pooler.dense.bias               | MISSING    | 
pooler.dense.weight             | MISSING    | 

[3mNotes:
- UNEXPECTED[3m	:can be ignored when loading from different task/architecture; not ok if you expect identical arch.
- MISSING[3m	:those params were newly initialized because missing from the checkpoint. Consider training on your downstream task.[0m
[step 0001/200] method=baseline_cagrad loss=0.7794 train_acc=nan train_loss=nan val_acc=nan val_loss=nan best=-1.0000
[step 0010/200] method=baseline_cagrad loss=0.7006 train_acc=nan train_loss=nan val_acc=nan val_loss=nan best=-1.0000
[step 0020/200] method=baseline_cagrad loss=0.3132 train_acc=nan train_loss=nan val_acc=nan val_loss=nan best=-1.0000
[step 0030/200] method=baseline_cagrad loss=0.3415 train_acc=nan train_loss=nan val_acc=nan val_loss=nan best=-1.0000
[step 0040/200] method=baseline_cagrad loss=0.2598 train_acc=nan train_loss=nan val_acc=nan val_loss=nan best=-1.0000
[step 0050/200] method=baseline_cagrad loss=0.4113 train_acc=nan train_loss=nan val_acc=nan val_loss=nan best=-1.0000
[step 0060/200] method=baseline_cagrad loss=0.1997 train_acc=nan train_loss=nan val_acc=nan val_loss=nan best=-1.0000
[step 0070/200] method=baseline_cagrad loss=0.2157 train_acc=nan train_loss=nan val_acc=nan val_loss=nan best=-1.0000
[step 0080/200] method=baseline_cagrad loss=0.4629 train_acc=nan train_loss=nan val_acc=nan val_loss=nan best=-1.0000
[step 0090/200] method=baseline_cagrad loss=0.1233 train_acc=nan train_loss=nan val_acc=nan val_loss=nan best=-1.0000
[step 0100/200] method=baseline_cagrad loss=0.4372 train_acc=nan train_loss=nan val_acc=0.9126 val_loss=0.2588 router_H=0.6774 best=0.9126
           router_load=[0.4637982249259949, 0.011740715242922306, 0.5174906849861145, 0.0069703711196780205]
[step 0110/200] method=baseline_cagrad loss=0.2238 train_acc=nan train_loss=nan val_acc=0.9126 val_loss=0.2588 router_H=0.6774 best=0.9126
           router_load=[0.4637982249259949, 0.011740715242922306, 0.5174906849861145, 0.0069703711196780205]
[step 0120/200] method=baseline_cagrad loss=0.2215 train_acc=nan train_loss=nan val_acc=0.9126 val_loss=0.2588 router_H=0.6774 best=0.9126
           router_load=[0.4637982249259949, 0.011740715242922306, 0.5174906849861145, 0.0069703711196780205]
[step 0130/200] method=baseline_cagrad loss=0.3579 train_acc=nan train_loss=nan val_acc=0.9126 val_loss=0.2588 router_H=0.6774 best=0.9126
           router_load=[0.4637982249259949, 0.011740715242922306, 0.5174906849861145, 0.0069703711196780205]
[step 0140/200] method=baseline_cagrad loss=0.3697 train_acc=nan train_loss=nan val_acc=0.9126 val_loss=0.2588 router_H=0.6774 best=0.9126
           router_load=[0.4637982249259949, 0.011740715242922306, 0.5174906849861145, 0.0069703711196780205]
[step 0150/200] method=baseline_cagrad loss=0.1848 train_acc=nan train_loss=nan val_acc=0.9126 val_loss=0.2588 router_H=0.6774 best=0.9126
           router_load=[0.4637982249259949, 0.011740715242922306, 0.5174906849861145, 0.0069703711196780205]
[step 0160/200] method=baseline_cagrad loss=0.4234 train_acc=nan train_loss=nan val_acc=0.9126 val_loss=0.2588 router_H=0.6774 best=0.9126
           router_load=[0.4637982249259949, 0.011740715242922306, 0.5174906849861145, 0.0069703711196780205]
[step 0170/200] method=baseline_cagrad loss=0.2084 train_acc=nan train_loss=nan val_acc=0.9126 val_loss=0.2588 router_H=0.6774 best=0.9126
           router_load=[0.4637982249259949, 0.011740715242922306, 0.5174906849861145, 0.0069703711196780205]
[step 0180/200] method=baseline_cagrad loss=0.3302 train_acc=nan train_loss=nan val_acc=0.9126 val_loss=0.2588 router_H=0.6774 best=0.9126
           router_load=[0.4637982249259949, 0.011740715242922306, 0.5174906849861145, 0.0069703711196780205]
[step 0190/200] method=baseline_cagrad loss=0.3073 train_acc=nan train_loss=nan val_acc=0.9126 val_loss=0.2588 router_H=0.6774 best=0.9126
           router_load=[0.4637982249259949, 0.011740715242922306, 0.5174906849861145, 0.0069703711196780205]
[step 0200/200] method=baseline_cagrad loss=0.0316 train_acc=nan train_loss=nan val_acc=0.9191 val_loss=0.2553 router_H=0.6789 best=0.9191
           router_load=[0.5543937087059021, 0.028271419927477837, 0.4152306914329529, 0.0021041538566350937]
saved summary -> /root/Optimization/MOE-grad-conflict-routing-appendix2/runs/paper_suite_supplement/appendix/multi_dataset_real/roberta_lora_e4_k2/_method_workers/cagrad/hpo/cagrad/trial_runs/coord_04_method_baseline_cagrad_c_002/cagrad_s2.json
saved curve -> /root/Optimization/MOE-grad-conflict-routing-appendix2/runs/paper_suite_supplement/appendix/multi_dataset_real/roberta_lora_e4_k2/_method_workers/cagrad/hpo/cagrad/trial_runs/coord_04_method_baseline_cagrad_c_002/cagrad_s2_curve.csv
