[run] method=cagrad candidate=coord_04_method_baseline_cagrad_c_006 seed=3 steps=200 gpu=0
[run] cmd=
/root/miniconda3/envs/optimization/bin/python /root/Optimization/MOE-grad-conflict-routing-appendix2/scripts/run.py --config configs/multitask_textcls_local_sst2_yelp_amazon_real.yaml --set model.backbone_backend=hf --set model.hf_load_pretrained=true --set model.hf_local_files_only=true --set model.routing_mode=topk --set model.expert_type=lora --set model.num_experts=4 --set model.top_k=2 --set data.train_size=20000 --set data.val_size=4000 --set model.backbone=roberta --set model.hf_pretrained_name=roberta-base --set train.eval_val_fraction=0.2 --set train.skip_train_eval=true --set seed=3 --set method.name=baseline_cagrad --set train.steps=200 --set train.eval_every_steps=100 --set method.baseline_cagrad.c=0.599552511 --set method.baseline_cagrad.inner_lr=0.1 --set train.grad_clip=1.511233607 --set train.lr=2.555178414e-05 --set train.weight_decay=0.0494133814 --out /root/Optimization/MOE-grad-conflict-routing-appendix2/runs/paper_suite_supplement/appendix/multi_dataset_real/roberta_lora_e4_k2/_method_workers/cagrad/hpo/cagrad/trial_runs/coord_04_method_baseline_cagrad_c_006/cagrad_s3.json --curve_out /root/Optimization/MOE-grad-conflict-routing-appendix2/runs/paper_suite_supplement/appendix/multi_dataset_real/roberta_lora_e4_k2/_method_workers/cagrad/hpo/cagrad/trial_runs/coord_04_method_baseline_cagrad_c_006/cagrad_s3_curve.csv
Loading weights:   0%|          | 0/197 [00:00<?, ?it/s]Loading weights: 100%|██████████| 197/197 [00:00<00:00, 26847.25it/s]
[1mRobertaModel LOAD REPORT[0m from: roberta-base
Key                             | Status     | 
--------------------------------+------------+-
lm_head.layer_norm.weight       | UNEXPECTED | 
lm_head.dense.bias              | UNEXPECTED | 
lm_head.dense.weight            | UNEXPECTED | 
lm_head.bias                    | UNEXPECTED | 
roberta.embeddings.position_ids | UNEXPECTED | 
lm_head.layer_norm.bias         | UNEXPECTED | 
pooler.dense.bias               | MISSING    | 
pooler.dense.weight             | MISSING    | 

[3mNotes:
- UNEXPECTED[3m	:can be ignored when loading from different task/architecture; not ok if you expect identical arch.
- MISSING[3m	:those params were newly initialized because missing from the checkpoint. Consider training on your downstream task.[0m
[step 0001/200] method=baseline_cagrad loss=0.6988 train_acc=nan train_loss=nan val_acc=nan val_loss=nan best=-1.0000
[step 0010/200] method=baseline_cagrad loss=0.6402 train_acc=nan train_loss=nan val_acc=nan val_loss=nan best=-1.0000
[step 0020/200] method=baseline_cagrad loss=0.4684 train_acc=nan train_loss=nan val_acc=nan val_loss=nan best=-1.0000
[step 0030/200] method=baseline_cagrad loss=0.5039 train_acc=nan train_loss=nan val_acc=nan val_loss=nan best=-1.0000
[step 0040/200] method=baseline_cagrad loss=0.1878 train_acc=nan train_loss=nan val_acc=nan val_loss=nan best=-1.0000
[step 0050/200] method=baseline_cagrad loss=0.3387 train_acc=nan train_loss=nan val_acc=nan val_loss=nan best=-1.0000
[step 0060/200] method=baseline_cagrad loss=0.2122 train_acc=nan train_loss=nan val_acc=nan val_loss=nan best=-1.0000
[step 0070/200] method=baseline_cagrad loss=0.4357 train_acc=nan train_loss=nan val_acc=nan val_loss=nan best=-1.0000
[step 0080/200] method=baseline_cagrad loss=0.0800 train_acc=nan train_loss=nan val_acc=nan val_loss=nan best=-1.0000
[step 0090/200] method=baseline_cagrad loss=0.3878 train_acc=nan train_loss=nan val_acc=nan val_loss=nan best=-1.0000
[step 0100/200] method=baseline_cagrad loss=0.0665 train_acc=nan train_loss=nan val_acc=0.8993 val_loss=0.3297 router_H=0.6688 best=0.8993
           router_load=[0.0015042171580716968, 0.42922481894493103, 0.0001687308249529451, 0.5691022872924805]
[step 0110/200] method=baseline_cagrad loss=0.1682 train_acc=nan train_loss=nan val_acc=0.8993 val_loss=0.3297 router_H=0.6688 best=0.8993
           router_load=[0.0015042171580716968, 0.42922481894493103, 0.0001687308249529451, 0.5691022872924805]
[step 0120/200] method=baseline_cagrad loss=0.0433 train_acc=nan train_loss=nan val_acc=0.8993 val_loss=0.3297 router_H=0.6688 best=0.8993
           router_load=[0.0015042171580716968, 0.42922481894493103, 0.0001687308249529451, 0.5691022872924805]
[step 0130/200] method=baseline_cagrad loss=0.1921 train_acc=nan train_loss=nan val_acc=0.8993 val_loss=0.3297 router_H=0.6688 best=0.8993
           router_load=[0.0015042171580716968, 0.42922481894493103, 0.0001687308249529451, 0.5691022872924805]
[step 0140/200] method=baseline_cagrad loss=0.3512 train_acc=nan train_loss=nan val_acc=0.8993 val_loss=0.3297 router_H=0.6688 best=0.8993
           router_load=[0.0015042171580716968, 0.42922481894493103, 0.0001687308249529451, 0.5691022872924805]
[step 0150/200] method=baseline_cagrad loss=0.3376 train_acc=nan train_loss=nan val_acc=0.8993 val_loss=0.3297 router_H=0.6688 best=0.8993
           router_load=[0.0015042171580716968, 0.42922481894493103, 0.0001687308249529451, 0.5691022872924805]
[step 0160/200] method=baseline_cagrad loss=0.2057 train_acc=nan train_loss=nan val_acc=0.8993 val_loss=0.3297 router_H=0.6688 best=0.8993
           router_load=[0.0015042171580716968, 0.42922481894493103, 0.0001687308249529451, 0.5691022872924805]
[step 0170/200] method=baseline_cagrad loss=0.3303 train_acc=nan train_loss=nan val_acc=0.8993 val_loss=0.3297 router_H=0.6688 best=0.8993
           router_load=[0.0015042171580716968, 0.42922481894493103, 0.0001687308249529451, 0.5691022872924805]
[step 0180/200] method=baseline_cagrad loss=0.0424 train_acc=nan train_loss=nan val_acc=0.8993 val_loss=0.3297 router_H=0.6688 best=0.8993
           router_load=[0.0015042171580716968, 0.42922481894493103, 0.0001687308249529451, 0.5691022872924805]
[step 0190/200] method=baseline_cagrad loss=0.2978 train_acc=nan train_loss=nan val_acc=0.8993 val_loss=0.3297 router_H=0.6688 best=0.8993
           router_load=[0.0015042171580716968, 0.42922481894493103, 0.0001687308249529451, 0.5691022872924805]
[step 0200/200] method=baseline_cagrad loss=0.2866 train_acc=nan train_loss=nan val_acc=0.9088 val_loss=0.2127 router_H=0.6498 best=0.9088
           router_load=[0.0017234981060028076, 0.33239424228668213, 0.029326116666197777, 0.6365561485290527]
saved summary -> /root/Optimization/MOE-grad-conflict-routing-appendix2/runs/paper_suite_supplement/appendix/multi_dataset_real/roberta_lora_e4_k2/_method_workers/cagrad/hpo/cagrad/trial_runs/coord_04_method_baseline_cagrad_c_006/cagrad_s3.json
saved curve -> /root/Optimization/MOE-grad-conflict-routing-appendix2/runs/paper_suite_supplement/appendix/multi_dataset_real/roberta_lora_e4_k2/_method_workers/cagrad/hpo/cagrad/trial_runs/coord_04_method_baseline_cagrad_c_006/cagrad_s3_curve.csv
