[run] method=cagrad candidate=local_var_topk_003 seed=3 steps=150 gpu=0
[run] cmd=
/home/zhujjing/anaconda3/envs/moe/bin/python /home/zhujjing/MOE-grad-conflict-routing/scripts/run.py --config configs/singletask_mrpc_real.yaml --set model.backbone_backend=hf --set model.hf_load_pretrained=true --set model.hf_local_files_only=true --set model.backbone=roberta --set model.hf_pretrained_name=roberta-base --set model.expert_type=lora --set model.routing_mode=topk --set model.num_experts=4 --set model.top_k=2 --set seed=3 --set method.name=baseline_cagrad --set train.steps=150 --set train.eval_every_steps=50 --set method.baseline_cagrad.c=0.4 --set method.baseline_cagrad.inner_lr=0.07754270008 --set train.grad_clip=0.9778028381 --set train.lr=1e-05 --set train.weight_decay=0.003745151078 --out /home/zhujjing/MOE-grad-conflict-routing/runs/paper_suite/single_gpu/single_task/roberta_mrpc_lora_e4_k2_supplement/hpo/cagrad/trial_runs/local_var_topk_003/cagrad_s3.json --curve_out /home/zhujjing/MOE-grad-conflict-routing/runs/paper_suite/single_gpu/single_task/roberta_mrpc_lora_e4_k2_supplement/hpo/cagrad/trial_runs/local_var_topk_003/cagrad_s3_curve.csv
Using the latest cached version of the dataset since glue couldn't be found on the Hugging Face Hub (offline mode is enabled).
Found the latest cached dataset configuration 'mrpc' at /home/zhujjing/hf_cache/datasets/glue/mrpc/0.0.0/bcdcba79d07bc864c1c254ccfcedcce55bcc9a8c (last modified on Thu Mar 19 15:01:06 2026).
/home/zhujjing/anaconda3/envs/moe/lib/python3.10/site-packages/transformers/utils/hub.py:124: FutureWarning: Using `TRANSFORMERS_CACHE` is deprecated and will be removed in v5 of Transformers. Use `HF_HOME` instead.
  warnings.warn(
Some weights of RobertaModel were not initialized from the model checkpoint at roberta-base and are newly initialized: ['roberta.pooler.dense.bias', 'roberta.pooler.dense.weight']
You should probably TRAIN this model on a down-stream task to be able to use it for predictions and inference.
[step 0001/150] method=baseline_cagrad loss=0.8009 train_acc=nan train_loss=nan val_acc=nan val_loss=nan best=-1.0000
[step 0010/150] method=baseline_cagrad loss=0.7613 train_acc=nan train_loss=nan val_acc=nan val_loss=nan best=-1.0000
[step 0020/150] method=baseline_cagrad loss=0.6675 train_acc=nan train_loss=nan val_acc=nan val_loss=nan best=-1.0000
[step 0030/150] method=baseline_cagrad loss=0.5373 train_acc=nan train_loss=nan val_acc=nan val_loss=nan best=-1.0000
[step 0040/150] method=baseline_cagrad loss=0.6793 train_acc=nan train_loss=nan val_acc=nan val_loss=nan best=-1.0000
[step 0050/150] method=baseline_cagrad loss=0.6154 train_acc=0.7337 train_loss=0.5275 val_acc=0.7206 val_loss=0.5320 router_H=0.6922 best=0.7206
           router_load=[0.35930299758911133, 0.26059967279434204, 0.017403680831193924, 0.36269381642341614]
[step 0060/150] method=baseline_cagrad loss=0.5985 train_acc=0.7337 train_loss=0.5275 val_acc=0.7206 val_loss=0.5320 router_H=0.6922 best=0.7206
           router_load=[0.35930299758911133, 0.26059967279434204, 0.017403680831193924, 0.36269381642341614]
[step 0070/150] method=baseline_cagrad loss=0.4089 train_acc=0.7337 train_loss=0.5275 val_acc=0.7206 val_loss=0.5320 router_H=0.6922 best=0.7206
           router_load=[0.35930299758911133, 0.26059967279434204, 0.017403680831193924, 0.36269381642341614]
[step 0080/150] method=baseline_cagrad loss=0.5873 train_acc=0.7337 train_loss=0.5275 val_acc=0.7206 val_loss=0.5320 router_H=0.6922 best=0.7206
           router_load=[0.35930299758911133, 0.26059967279434204, 0.017403680831193924, 0.36269381642341614]
[step 0090/150] method=baseline_cagrad loss=0.6550 train_acc=0.7337 train_loss=0.5275 val_acc=0.7206 val_loss=0.5320 router_H=0.6922 best=0.7206
           router_load=[0.35930299758911133, 0.26059967279434204, 0.017403680831193924, 0.36269381642341614]
[step 0100/150] method=baseline_cagrad loss=0.5734 train_acc=0.7690 train_loss=0.4284 val_acc=0.7917 val_loss=0.4429 router_H=0.6916 best=0.7917
           router_load=[0.28188997507095337, 0.3290731906890869, 0.02996165305376053, 0.3590752184391022]
[step 0110/150] method=baseline_cagrad loss=0.3266 train_acc=0.7690 train_loss=0.4284 val_acc=0.7917 val_loss=0.4429 router_H=0.6916 best=0.7917
           router_load=[0.28188997507095337, 0.3290731906890869, 0.02996165305376053, 0.3590752184391022]
[step 0120/150] method=baseline_cagrad loss=0.3486 train_acc=0.7690 train_loss=0.4284 val_acc=0.7917 val_loss=0.4429 router_H=0.6916 best=0.7917
           router_load=[0.28188997507095337, 0.3290731906890869, 0.02996165305376053, 0.3590752184391022]
[step 0130/150] method=baseline_cagrad loss=0.2725 train_acc=0.7690 train_loss=0.4284 val_acc=0.7917 val_loss=0.4429 router_H=0.6916 best=0.7917
           router_load=[0.28188997507095337, 0.3290731906890869, 0.02996165305376053, 0.3590752184391022]
[step 0140/150] method=baseline_cagrad loss=0.4396 train_acc=0.7690 train_loss=0.4284 val_acc=0.7917 val_loss=0.4429 router_H=0.6916 best=0.7917
           router_load=[0.28188997507095337, 0.3290731906890869, 0.02996165305376053, 0.3590752184391022]
[step 0150/150] method=baseline_cagrad loss=0.3635 train_acc=0.8505 train_loss=0.3418 val_acc=0.8260 val_loss=0.3836 router_H=0.6911 best=0.8260
           router_load=[0.2906288802623749, 0.3251701295375824, 0.05167977884411812, 0.3325212597846985]
saved summary -> /home/zhujjing/MOE-grad-conflict-routing/runs/paper_suite/single_gpu/single_task/roberta_mrpc_lora_e4_k2_supplement/hpo/cagrad/trial_runs/local_var_topk_003/cagrad_s3.json
saved curve -> /home/zhujjing/MOE-grad-conflict-routing/runs/paper_suite/single_gpu/single_task/roberta_mrpc_lora_e4_k2_supplement/hpo/cagrad/trial_runs/local_var_topk_003/cagrad_s3_curve.csv
