[run] method=cagrad candidate=local_var_topk_000 seed=2 steps=150 gpu=0
[run] cmd=
/home/zhujjing/anaconda3/envs/moe/bin/python /home/zhujjing/MOE-grad-conflict-routing/scripts/run.py --config configs/singletask_mrpc_real.yaml --set model.backbone_backend=hf --set model.hf_load_pretrained=true --set model.hf_local_files_only=true --set model.backbone=roberta --set model.hf_pretrained_name=roberta-base --set model.expert_type=lora --set model.routing_mode=topk --set model.num_experts=4 --set model.top_k=2 --set seed=2 --set method.name=baseline_cagrad --set train.steps=150 --set train.eval_every_steps=50 --set method.baseline_cagrad.c=0.4 --set method.baseline_cagrad.inner_lr=0.07754270008 --set train.grad_clip=0.6778028381 --set train.lr=1e-05 --set train.weight_decay=0.003745151078 --out /home/zhujjing/MOE-grad-conflict-routing/runs/paper_suite/single_gpu/single_task/roberta_mrpc_lora_e4_k2_supplement/hpo/cagrad/trial_runs/local_var_topk_000/cagrad_s2.json --curve_out /home/zhujjing/MOE-grad-conflict-routing/runs/paper_suite/single_gpu/single_task/roberta_mrpc_lora_e4_k2_supplement/hpo/cagrad/trial_runs/local_var_topk_000/cagrad_s2_curve.csv
Using the latest cached version of the dataset since glue couldn't be found on the Hugging Face Hub (offline mode is enabled).
Found the latest cached dataset configuration 'mrpc' at /home/zhujjing/hf_cache/datasets/glue/mrpc/0.0.0/bcdcba79d07bc864c1c254ccfcedcce55bcc9a8c (last modified on Thu Mar 19 15:01:06 2026).
/home/zhujjing/anaconda3/envs/moe/lib/python3.10/site-packages/transformers/utils/hub.py:124: FutureWarning: Using `TRANSFORMERS_CACHE` is deprecated and will be removed in v5 of Transformers. Use `HF_HOME` instead.
  warnings.warn(
Some weights of RobertaModel were not initialized from the model checkpoint at roberta-base and are newly initialized: ['roberta.pooler.dense.bias', 'roberta.pooler.dense.weight']
You should probably TRAIN this model on a down-stream task to be able to use it for predictions and inference.
[step 0001/150] method=baseline_cagrad loss=0.7543 train_acc=nan train_loss=nan val_acc=nan val_loss=nan best=-1.0000
[step 0010/150] method=baseline_cagrad loss=0.6442 train_acc=nan train_loss=nan val_acc=nan val_loss=nan best=-1.0000
[step 0020/150] method=baseline_cagrad loss=0.7098 train_acc=nan train_loss=nan val_acc=nan val_loss=nan best=-1.0000
[step 0030/150] method=baseline_cagrad loss=0.6850 train_acc=nan train_loss=nan val_acc=nan val_loss=nan best=-1.0000
[step 0040/150] method=baseline_cagrad loss=0.5960 train_acc=nan train_loss=nan val_acc=nan val_loss=nan best=-1.0000
[step 0050/150] method=baseline_cagrad loss=0.5023 train_acc=0.7038 train_loss=0.5501 val_acc=0.7181 val_loss=0.5263 router_H=0.6919 best=0.7181
           router_load=[0.0, 0.004649333655834198, 0.5121672749519348, 0.4831833839416504]
[step 0060/150] method=baseline_cagrad loss=0.5864 train_acc=0.7038 train_loss=0.5501 val_acc=0.7181 val_loss=0.5263 router_H=0.6919 best=0.7181
           router_load=[0.0, 0.004649333655834198, 0.5121672749519348, 0.4831833839416504]
[step 0070/150] method=baseline_cagrad loss=0.3971 train_acc=0.7038 train_loss=0.5501 val_acc=0.7181 val_loss=0.5263 router_H=0.6919 best=0.7181
           router_load=[0.0, 0.004649333655834198, 0.5121672749519348, 0.4831833839416504]
[step 0080/150] method=baseline_cagrad loss=0.4478 train_acc=0.7038 train_loss=0.5501 val_acc=0.7181 val_loss=0.5263 router_H=0.6919 best=0.7181
           router_load=[0.0, 0.004649333655834198, 0.5121672749519348, 0.4831833839416504]
[step 0090/150] method=baseline_cagrad loss=0.4288 train_acc=0.7038 train_loss=0.5501 val_acc=0.7181 val_loss=0.5263 router_H=0.6919 best=0.7181
           router_load=[0.0, 0.004649333655834198, 0.5121672749519348, 0.4831833839416504]
[step 0100/150] method=baseline_cagrad loss=0.5750 train_acc=0.8016 train_loss=0.3931 val_acc=0.8113 val_loss=0.4114 router_H=0.6910 best=0.8113
           router_load=[0.0, 0.014984561130404472, 0.5166385173797607, 0.46837693452835083]
[step 0110/150] method=baseline_cagrad loss=0.6883 train_acc=0.8016 train_loss=0.3931 val_acc=0.8113 val_loss=0.4114 router_H=0.6910 best=0.8113
           router_load=[0.0, 0.014984561130404472, 0.5166385173797607, 0.46837693452835083]
[step 0120/150] method=baseline_cagrad loss=0.2736 train_acc=0.8016 train_loss=0.3931 val_acc=0.8113 val_loss=0.4114 router_H=0.6910 best=0.8113
           router_load=[0.0, 0.014984561130404472, 0.5166385173797607, 0.46837693452835083]
[step 0130/150] method=baseline_cagrad loss=0.5609 train_acc=0.8016 train_loss=0.3931 val_acc=0.8113 val_loss=0.4114 router_H=0.6910 best=0.8113
           router_load=[0.0, 0.014984561130404472, 0.5166385173797607, 0.46837693452835083]
[step 0140/150] method=baseline_cagrad loss=0.4775 train_acc=0.8016 train_loss=0.3931 val_acc=0.8113 val_loss=0.4114 router_H=0.6910 best=0.8113
           router_load=[0.0, 0.014984561130404472, 0.5166385173797607, 0.46837693452835083]
[step 0150/150] method=baseline_cagrad loss=0.5805 train_acc=0.8179 train_loss=0.3732 val_acc=0.8333 val_loss=0.3645 router_H=0.6913 best=0.8333
           router_load=[0.0, 0.02106689289212227, 0.49418964982032776, 0.48474350571632385]
saved summary -> /home/zhujjing/MOE-grad-conflict-routing/runs/paper_suite/single_gpu/single_task/roberta_mrpc_lora_e4_k2_supplement/hpo/cagrad/trial_runs/local_var_topk_000/cagrad_s2.json
saved curve -> /home/zhujjing/MOE-grad-conflict-routing/runs/paper_suite/single_gpu/single_task/roberta_mrpc_lora_e4_k2_supplement/hpo/cagrad/trial_runs/local_var_topk_000/cagrad_s2_curve.csv
