[run] method=cagrad candidate=local_var_topk_009 seed=2 steps=150 gpu=0
[run] cmd=
/home/zhujjing/anaconda3/envs/moe/bin/python /home/zhujjing/MOE-grad-conflict-routing/scripts/run.py --config configs/singletask_mrpc_real.yaml --set model.backbone_backend=hf --set model.hf_load_pretrained=true --set model.hf_local_files_only=true --set model.backbone=roberta --set model.hf_pretrained_name=roberta-base --set model.expert_type=lora --set model.routing_mode=topk --set model.num_experts=4 --set model.top_k=2 --set seed=2 --set method.name=baseline_cagrad --set train.steps=150 --set train.eval_every_steps=50 --set method.baseline_cagrad.c=0.4 --set method.baseline_cagrad.inner_lr=0.07754270008 --set train.grad_clip=0.6778028381 --set train.lr=2e-05 --set train.weight_decay=0.003745151078 --out /home/zhujjing/MOE-grad-conflict-routing/runs/paper_suite/single_gpu/single_task/roberta_mrpc_lora_e4_k2_supplement/hpo/cagrad/trial_runs/local_var_topk_009/cagrad_s2.json --curve_out /home/zhujjing/MOE-grad-conflict-routing/runs/paper_suite/single_gpu/single_task/roberta_mrpc_lora_e4_k2_supplement/hpo/cagrad/trial_runs/local_var_topk_009/cagrad_s2_curve.csv
Using the latest cached version of the dataset since glue couldn't be found on the Hugging Face Hub (offline mode is enabled).
Found the latest cached dataset configuration 'mrpc' at /home/zhujjing/hf_cache/datasets/glue/mrpc/0.0.0/bcdcba79d07bc864c1c254ccfcedcce55bcc9a8c (last modified on Thu Mar 19 15:01:06 2026).
/home/zhujjing/anaconda3/envs/moe/lib/python3.10/site-packages/transformers/utils/hub.py:124: FutureWarning: Using `TRANSFORMERS_CACHE` is deprecated and will be removed in v5 of Transformers. Use `HF_HOME` instead.
  warnings.warn(
Some weights of RobertaModel were not initialized from the model checkpoint at roberta-base and are newly initialized: ['roberta.pooler.dense.bias', 'roberta.pooler.dense.weight']
You should probably TRAIN this model on a down-stream task to be able to use it for predictions and inference.
[step 0001/150] method=baseline_cagrad loss=0.7419 train_acc=nan train_loss=nan val_acc=nan val_loss=nan best=-1.0000
[step 0010/150] method=baseline_cagrad loss=0.7074 train_acc=nan train_loss=nan val_acc=nan val_loss=nan best=-1.0000
[step 0020/150] method=baseline_cagrad loss=0.5890 train_acc=nan train_loss=nan val_acc=nan val_loss=nan best=-1.0000
[step 0030/150] method=baseline_cagrad loss=0.6581 train_acc=nan train_loss=nan val_acc=nan val_loss=nan best=-1.0000
[step 0040/150] method=baseline_cagrad loss=0.5469 train_acc=nan train_loss=nan val_acc=nan val_loss=nan best=-1.0000
[step 0050/150] method=baseline_cagrad loss=0.5260 train_acc=0.7120 train_loss=0.5727 val_acc=0.7304 val_loss=0.5376 router_H=0.6880 best=0.7304
           router_load=[0.4330061376094818, 0.5426726341247559, 0.0, 0.02432122826576233]
[step 0060/150] method=baseline_cagrad loss=0.6062 train_acc=0.7120 train_loss=0.5727 val_acc=0.7304 val_loss=0.5376 router_H=0.6880 best=0.7304
           router_load=[0.4330061376094818, 0.5426726341247559, 0.0, 0.02432122826576233]
[step 0070/150] method=baseline_cagrad loss=0.3998 train_acc=0.7120 train_loss=0.5727 val_acc=0.7304 val_loss=0.5376 router_H=0.6880 best=0.7304
           router_load=[0.4330061376094818, 0.5426726341247559, 0.0, 0.02432122826576233]
[step 0080/150] method=baseline_cagrad loss=0.4629 train_acc=0.7120 train_loss=0.5727 val_acc=0.7304 val_loss=0.5376 router_H=0.6880 best=0.7304
           router_load=[0.4330061376094818, 0.5426726341247559, 0.0, 0.02432122826576233]
[step 0090/150] method=baseline_cagrad loss=0.3336 train_acc=0.7120 train_loss=0.5727 val_acc=0.7304 val_loss=0.5376 router_H=0.6880 best=0.7304
           router_load=[0.4330061376094818, 0.5426726341247559, 0.0, 0.02432122826576233]
[step 0100/150] method=baseline_cagrad loss=0.5520 train_acc=0.7826 train_loss=0.4393 val_acc=0.7696 val_loss=0.4372 router_H=0.6755 best=0.7696
           router_load=[0.32874545454978943, 0.5892881155014038, 0.0, 0.08196640759706497]
[step 0110/150] method=baseline_cagrad loss=0.7085 train_acc=0.7826 train_loss=0.4393 val_acc=0.7696 val_loss=0.4372 router_H=0.6755 best=0.7696
           router_load=[0.32874545454978943, 0.5892881155014038, 0.0, 0.08196640759706497]
[step 0120/150] method=baseline_cagrad loss=0.3199 train_acc=0.7826 train_loss=0.4393 val_acc=0.7696 val_loss=0.4372 router_H=0.6755 best=0.7696
           router_load=[0.32874545454978943, 0.5892881155014038, 0.0, 0.08196640759706497]
[step 0130/150] method=baseline_cagrad loss=0.5310 train_acc=0.7826 train_loss=0.4393 val_acc=0.7696 val_loss=0.4372 router_H=0.6755 best=0.7696
           router_load=[0.32874545454978943, 0.5892881155014038, 0.0, 0.08196640759706497]
[step 0140/150] method=baseline_cagrad loss=0.2350 train_acc=0.7826 train_loss=0.4393 val_acc=0.7696 val_loss=0.4372 router_H=0.6755 best=0.7696
           router_load=[0.32874545454978943, 0.5892881155014038, 0.0, 0.08196640759706497]
[step 0150/150] method=baseline_cagrad loss=0.7955 train_acc=0.8261 train_loss=0.4588 val_acc=0.8505 val_loss=0.4356 router_H=0.6837 best=0.8505
           router_load=[0.32448068261146545, 0.5309739708900452, 0.06408689171075821, 0.08045843243598938]
saved summary -> /home/zhujjing/MOE-grad-conflict-routing/runs/paper_suite/single_gpu/single_task/roberta_mrpc_lora_e4_k2_supplement/hpo/cagrad/trial_runs/local_var_topk_009/cagrad_s2.json
saved curve -> /home/zhujjing/MOE-grad-conflict-routing/runs/paper_suite/single_gpu/single_task/roberta_mrpc_lora_e4_k2_supplement/hpo/cagrad/trial_runs/local_var_topk_009/cagrad_s2_curve.csv
