[run] method=ours candidate=coord_04_method_ours_lambda_align_004 seed=2 steps=150 gpu=0
[run] cmd=
/home/zhujjing/anaconda3/envs/moe/bin/python /home/zhujjing/MOE-grad-conflict-routing/scripts/run.py --config configs/singletask_mrpc_real.yaml --set model.backbone_backend=hf --set model.hf_load_pretrained=true --set model.hf_local_files_only=true --set model.backbone=roberta --set model.hf_pretrained_name=roberta-base --set model.expert_type=lora --set model.routing_mode=topk --set model.num_experts=4 --set model.top_k=2 --set seed=2 --set method.name=ours --set train.steps=150 --set train.eval_every_steps=50 --set method.ours.use_load_norm=true --set method.ours.lambda_align=0.0003739085203 --set train.grad_clip=1.803542842 --set train.lr=4.233346635e-05 --set train.weight_decay=0.01 --out /home/zhujjing/MOE-grad-conflict-routing/runs/paper_suite/single_gpu/single_task/roberta_mrpc_lora_e4_k2_supplement/hpo/ours/trial_runs/coord_04_method_ours_lambda_align_004/ours_s2.json --curve_out /home/zhujjing/MOE-grad-conflict-routing/runs/paper_suite/single_gpu/single_task/roberta_mrpc_lora_e4_k2_supplement/hpo/ours/trial_runs/coord_04_method_ours_lambda_align_004/ours_s2_curve.csv
Using the latest cached version of the dataset since glue couldn't be found on the Hugging Face Hub (offline mode is enabled).
Found the latest cached dataset configuration 'mrpc' at /home/zhujjing/hf_cache/datasets/glue/mrpc/0.0.0/bcdcba79d07bc864c1c254ccfcedcce55bcc9a8c (last modified on Thu Mar 19 15:01:06 2026).
/home/zhujjing/anaconda3/envs/moe/lib/python3.10/site-packages/transformers/utils/hub.py:124: FutureWarning: Using `TRANSFORMERS_CACHE` is deprecated and will be removed in v5 of Transformers. Use `HF_HOME` instead.
  warnings.warn(
Some weights of RobertaModel were not initialized from the model checkpoint at roberta-base and are newly initialized: ['roberta.pooler.dense.bias', 'roberta.pooler.dense.weight']
You should probably TRAIN this model on a down-stream task to be able to use it for predictions and inference.
[step 0001/150] method=ours loss=0.6796 train_acc=nan train_loss=nan val_acc=nan val_loss=nan best=-1.0000
[step 0010/150] method=ours loss=0.7708 train_acc=nan train_loss=nan val_acc=nan val_loss=nan best=-1.0000
[step 0020/150] method=ours loss=0.6478 train_acc=nan train_loss=nan val_acc=nan val_loss=nan best=-1.0000
[step 0030/150] method=ours loss=0.5444 train_acc=nan train_loss=nan val_acc=nan val_loss=nan best=-1.0000
[step 0040/150] method=ours loss=0.5123 train_acc=nan train_loss=nan val_acc=nan val_loss=nan best=-1.0000
[step 0050/150] method=ours loss=0.4736 train_acc=0.7500 train_loss=0.5331 val_acc=0.7647 val_loss=0.5083 router_H=0.6926 best=0.7647
           router_load=[0.18976770341396332, 0.47771355509757996, 0.3313397169113159, 0.0011790271382778883]
[step 0060/150] method=ours loss=0.6445 train_acc=0.7500 train_loss=0.5331 val_acc=0.7647 val_loss=0.5083 router_H=0.6926 best=0.7647
           router_load=[0.18976770341396332, 0.47771355509757996, 0.3313397169113159, 0.0011790271382778883]
[step 0070/150] method=ours loss=0.3533 train_acc=0.7500 train_loss=0.5331 val_acc=0.7647 val_loss=0.5083 router_H=0.6926 best=0.7647
           router_load=[0.18976770341396332, 0.47771355509757996, 0.3313397169113159, 0.0011790271382778883]
[step 0080/150] method=ours loss=0.3658 train_acc=0.7500 train_loss=0.5331 val_acc=0.7647 val_loss=0.5083 router_H=0.6926 best=0.7647
           router_load=[0.18976770341396332, 0.47771355509757996, 0.3313397169113159, 0.0011790271382778883]
[step 0090/150] method=ours loss=0.3260 train_acc=0.7500 train_loss=0.5331 val_acc=0.7647 val_loss=0.5083 router_H=0.6926 best=0.7647
           router_load=[0.18976770341396332, 0.47771355509757996, 0.3313397169113159, 0.0011790271382778883]
[step 0100/150] method=ours loss=0.5739 train_acc=0.7527 train_loss=0.4871 val_acc=0.7426 val_loss=0.5017 router_H=0.6915 best=0.7647
           router_load=[0.3763582110404968, 0.371334969997406, 0.22300030291080475, 0.029306523501873016]
[step 0110/150] method=ours loss=0.7258 train_acc=0.7527 train_loss=0.4871 val_acc=0.7426 val_loss=0.5017 router_H=0.6915 best=0.7647
           router_load=[0.3763582110404968, 0.371334969997406, 0.22300030291080475, 0.029306523501873016]
[step 0120/150] method=ours loss=0.3196 train_acc=0.7527 train_loss=0.4871 val_acc=0.7426 val_loss=0.5017 router_H=0.6915 best=0.7647
           router_load=[0.3763582110404968, 0.371334969997406, 0.22300030291080475, 0.029306523501873016]
[step 0130/150] method=ours loss=0.4866 train_acc=0.7527 train_loss=0.4871 val_acc=0.7426 val_loss=0.5017 router_H=0.6915 best=0.7647
           router_load=[0.3763582110404968, 0.371334969997406, 0.22300030291080475, 0.029306523501873016]
[step 0140/150] method=ours loss=0.3271 train_acc=0.7527 train_loss=0.4871 val_acc=0.7426 val_loss=0.5017 router_H=0.6915 best=0.7647
           router_load=[0.3763582110404968, 0.371334969997406, 0.22300030291080475, 0.029306523501873016]
[step 0150/150] method=ours loss=0.8981 train_acc=0.8370 train_loss=0.3692 val_acc=0.8554 val_loss=0.3531 router_H=0.6869 best=0.8554
           router_load=[0.1431376188993454, 0.37553587555885315, 0.41758993268013, 0.06373646855354309]
saved summary -> /home/zhujjing/MOE-grad-conflict-routing/runs/paper_suite/single_gpu/single_task/roberta_mrpc_lora_e4_k2_supplement/hpo/ours/trial_runs/coord_04_method_ours_lambda_align_004/ours_s2.json
saved curve -> /home/zhujjing/MOE-grad-conflict-routing/runs/paper_suite/single_gpu/single_task/roberta_mrpc_lora_e4_k2_supplement/hpo/ours/trial_runs/coord_04_method_ours_lambda_align_004/ours_s2_curve.csv
