[run] method=ours candidate=coord_04_method_ours_lambda_align_009 seed=3 steps=150 gpu=0
[run] cmd=
/home/zhujjing/anaconda3/envs/moe/bin/python /home/zhujjing/MOE-grad-conflict-routing/scripts/run.py --config configs/singletask_mrpc_real.yaml --set model.backbone_backend=hf --set model.hf_load_pretrained=true --set model.hf_local_files_only=true --set model.backbone=roberta --set model.hf_pretrained_name=roberta-base --set model.expert_type=lora --set model.routing_mode=topk --set model.num_experts=4 --set model.top_k=2 --set seed=3 --set method.name=ours --set train.steps=150 --set train.eval_every_steps=50 --set method.ours.use_load_norm=true --set method.ours.lambda_align=0.0002708806329 --set train.grad_clip=1.803542842 --set train.lr=4.233346635e-05 --set train.weight_decay=0.01 --out /home/zhujjing/MOE-grad-conflict-routing/runs/paper_suite/single_gpu/single_task/roberta_mrpc_lora_e4_k2_supplement/hpo/ours/trial_runs/coord_04_method_ours_lambda_align_009/ours_s3.json --curve_out /home/zhujjing/MOE-grad-conflict-routing/runs/paper_suite/single_gpu/single_task/roberta_mrpc_lora_e4_k2_supplement/hpo/ours/trial_runs/coord_04_method_ours_lambda_align_009/ours_s3_curve.csv
Using the latest cached version of the dataset since glue couldn't be found on the Hugging Face Hub (offline mode is enabled).
Found the latest cached dataset configuration 'mrpc' at /home/zhujjing/hf_cache/datasets/glue/mrpc/0.0.0/bcdcba79d07bc864c1c254ccfcedcce55bcc9a8c (last modified on Thu Mar 19 15:01:06 2026).
/home/zhujjing/anaconda3/envs/moe/lib/python3.10/site-packages/transformers/utils/hub.py:124: FutureWarning: Using `TRANSFORMERS_CACHE` is deprecated and will be removed in v5 of Transformers. Use `HF_HOME` instead.
  warnings.warn(
Some weights of RobertaModel were not initialized from the model checkpoint at roberta-base and are newly initialized: ['roberta.pooler.dense.bias', 'roberta.pooler.dense.weight']
You should probably TRAIN this model on a down-stream task to be able to use it for predictions and inference.
[step 0001/150] method=ours loss=0.6927 train_acc=nan train_loss=nan val_acc=nan val_loss=nan best=-1.0000
[step 0010/150] method=ours loss=0.6653 train_acc=nan train_loss=nan val_acc=nan val_loss=nan best=-1.0000
[step 0020/150] method=ours loss=0.5515 train_acc=nan train_loss=nan val_acc=nan val_loss=nan best=-1.0000
[step 0030/150] method=ours loss=0.4279 train_acc=nan train_loss=nan val_acc=nan val_loss=nan best=-1.0000
[step 0040/150] method=ours loss=0.5684 train_acc=nan train_loss=nan val_acc=nan val_loss=nan best=-1.0000
[step 0050/150] method=ours loss=0.3964 train_acc=0.7745 train_loss=0.5351 val_acc=0.7721 val_loss=0.5134 router_H=0.6917 best=0.7721
           router_load=[0.00824622344225645, 0.471356064081192, 0.5171401500701904, 0.0032576550729572773]
[step 0060/150] method=ours loss=0.5614 train_acc=0.7745 train_loss=0.5351 val_acc=0.7721 val_loss=0.5134 router_H=0.6917 best=0.7721
           router_load=[0.00824622344225645, 0.471356064081192, 0.5171401500701904, 0.0032576550729572773]
[step 0070/150] method=ours loss=0.3367 train_acc=0.7745 train_loss=0.5351 val_acc=0.7721 val_loss=0.5134 router_H=0.6917 best=0.7721
           router_load=[0.00824622344225645, 0.471356064081192, 0.5171401500701904, 0.0032576550729572773]
[step 0080/150] method=ours loss=0.3879 train_acc=0.7745 train_loss=0.5351 val_acc=0.7721 val_loss=0.5134 router_H=0.6917 best=0.7721
           router_load=[0.00824622344225645, 0.471356064081192, 0.5171401500701904, 0.0032576550729572773]
[step 0090/150] method=ours loss=0.8563 train_acc=0.7745 train_loss=0.5351 val_acc=0.7721 val_loss=0.5134 router_H=0.6917 best=0.7721
           router_load=[0.00824622344225645, 0.471356064081192, 0.5171401500701904, 0.0032576550729572773]
[step 0100/150] method=ours loss=0.3587 train_acc=0.8560 train_loss=0.3581 val_acc=0.8456 val_loss=0.3723 router_H=0.6846 best=0.8456
           router_load=[0.3910678029060364, 0.03771575167775154, 0.557312548160553, 0.013903948478400707]
[step 0110/150] method=ours loss=0.5315 train_acc=0.8560 train_loss=0.3581 val_acc=0.8456 val_loss=0.3723 router_H=0.6846 best=0.8456
           router_load=[0.3910678029060364, 0.03771575167775154, 0.557312548160553, 0.013903948478400707]
[step 0120/150] method=ours loss=0.2827 train_acc=0.8560 train_loss=0.3581 val_acc=0.8456 val_loss=0.3723 router_H=0.6846 best=0.8456
           router_load=[0.3910678029060364, 0.03771575167775154, 0.557312548160553, 0.013903948478400707]
[step 0130/150] method=ours loss=0.3389 train_acc=0.8560 train_loss=0.3581 val_acc=0.8456 val_loss=0.3723 router_H=0.6846 best=0.8456
           router_load=[0.3910678029060364, 0.03771575167775154, 0.557312548160553, 0.013903948478400707]
[step 0140/150] method=ours loss=0.5885 train_acc=0.8560 train_loss=0.3581 val_acc=0.8456 val_loss=0.3723 router_H=0.6846 best=0.8456
           router_load=[0.3910678029060364, 0.03771575167775154, 0.557312548160553, 0.013903948478400707]
[step 0150/150] method=ours loss=0.4594 train_acc=0.8370 train_loss=0.3766 val_acc=0.8162 val_loss=0.4353 router_H=0.6899 best=0.8456
           router_load=[0.33775466680526733, 0.08273715525865555, 0.5348179936408997, 0.04469022527337074]
saved summary -> /home/zhujjing/MOE-grad-conflict-routing/runs/paper_suite/single_gpu/single_task/roberta_mrpc_lora_e4_k2_supplement/hpo/ours/trial_runs/coord_04_method_ours_lambda_align_009/ours_s3.json
saved curve -> /home/zhujjing/MOE-grad-conflict-routing/runs/paper_suite/single_gpu/single_task/roberta_mrpc_lora_e4_k2_supplement/hpo/ours/trial_runs/coord_04_method_ours_lambda_align_009/ours_s3_curve.csv
