[run] method=ours candidate=coord_04_anchor seed=2 steps=150 gpu=0
[run] cmd=
/home/zhujjing/anaconda3/envs/moe/bin/python /home/zhujjing/MOE-grad-conflict-routing/scripts/run.py --config configs/singletask_mrpc_real.yaml --set model.backbone_backend=hf --set model.hf_load_pretrained=true --set model.hf_local_files_only=true --set model.backbone=roberta --set model.hf_pretrained_name=roberta-base --set model.expert_type=lora --set model.routing_mode=topk --set model.num_experts=4 --set model.top_k=2 --set seed=2 --set method.name=ours --set train.steps=150 --set train.eval_every_steps=50 --set method.ours.use_load_norm=true --set method.ours.lambda_align=0.001 --set train.grad_clip=1.803542842 --set train.lr=4.233346635e-05 --set train.weight_decay=0.01 --out /home/zhujjing/MOE-grad-conflict-routing/runs/paper_suite/single_gpu/single_task/roberta_mrpc_lora_e4_k2_supplement/hpo/ours/trial_runs/coord_04_anchor/ours_s2.json --curve_out /home/zhujjing/MOE-grad-conflict-routing/runs/paper_suite/single_gpu/single_task/roberta_mrpc_lora_e4_k2_supplement/hpo/ours/trial_runs/coord_04_anchor/ours_s2_curve.csv
Using the latest cached version of the dataset since glue couldn't be found on the Hugging Face Hub (offline mode is enabled).
Found the latest cached dataset configuration 'mrpc' at /home/zhujjing/hf_cache/datasets/glue/mrpc/0.0.0/bcdcba79d07bc864c1c254ccfcedcce55bcc9a8c (last modified on Thu Mar 19 15:01:06 2026).
/home/zhujjing/anaconda3/envs/moe/lib/python3.10/site-packages/transformers/utils/hub.py:124: FutureWarning: Using `TRANSFORMERS_CACHE` is deprecated and will be removed in v5 of Transformers. Use `HF_HOME` instead.
  warnings.warn(
Some weights of RobertaModel were not initialized from the model checkpoint at roberta-base and are newly initialized: ['roberta.pooler.dense.bias', 'roberta.pooler.dense.weight']
You should probably TRAIN this model on a down-stream task to be able to use it for predictions and inference.
[step 0001/150] method=ours loss=0.6952 train_acc=nan train_loss=nan val_acc=nan val_loss=nan best=-1.0000
[step 0010/150] method=ours loss=0.7849 train_acc=nan train_loss=nan val_acc=nan val_loss=nan best=-1.0000
[step 0020/150] method=ours loss=0.6499 train_acc=nan train_loss=nan val_acc=nan val_loss=nan best=-1.0000
[step 0030/150] method=ours loss=0.5878 train_acc=nan train_loss=nan val_acc=nan val_loss=nan best=-1.0000
[step 0040/150] method=ours loss=0.5083 train_acc=nan train_loss=nan val_acc=nan val_loss=nan best=-1.0000
[step 0050/150] method=ours loss=0.5160 train_acc=0.6984 train_loss=0.5416 val_acc=0.7475 val_loss=0.5123 router_H=0.6923 best=0.7475
           router_load=[0.4937407970428467, 0.3764180839061737, 0.0, 0.12984110414981842]
[step 0060/150] method=ours loss=0.5909 train_acc=0.6984 train_loss=0.5416 val_acc=0.7475 val_loss=0.5123 router_H=0.6923 best=0.7475
           router_load=[0.4937407970428467, 0.3764180839061737, 0.0, 0.12984110414981842]
[step 0070/150] method=ours loss=0.3570 train_acc=0.6984 train_loss=0.5416 val_acc=0.7475 val_loss=0.5123 router_H=0.6923 best=0.7475
           router_load=[0.4937407970428467, 0.3764180839061737, 0.0, 0.12984110414981842]
[step 0080/150] method=ours loss=0.5044 train_acc=0.6984 train_loss=0.5416 val_acc=0.7475 val_loss=0.5123 router_H=0.6923 best=0.7475
           router_load=[0.4937407970428467, 0.3764180839061737, 0.0, 0.12984110414981842]
[step 0090/150] method=ours loss=0.4324 train_acc=0.6984 train_loss=0.5416 val_acc=0.7475 val_loss=0.5123 router_H=0.6923 best=0.7475
           router_load=[0.4937407970428467, 0.3764180839061737, 0.0, 0.12984110414981842]
[step 0100/150] method=ours loss=0.4509 train_acc=0.8397 train_loss=0.3456 val_acc=0.8284 val_loss=0.3909 router_H=0.6919 best=0.8284
           router_load=[0.2697145342826843, 0.4846206605434418, 0.0, 0.24566471576690674]
[step 0110/150] method=ours loss=0.7159 train_acc=0.8397 train_loss=0.3456 val_acc=0.8284 val_loss=0.3909 router_H=0.6919 best=0.8284
           router_load=[0.2697145342826843, 0.4846206605434418, 0.0, 0.24566471576690674]
[step 0120/150] method=ours loss=0.2227 train_acc=0.8397 train_loss=0.3456 val_acc=0.8284 val_loss=0.3909 router_H=0.6919 best=0.8284
           router_load=[0.2697145342826843, 0.4846206605434418, 0.0, 0.24566471576690674]
[step 0130/150] method=ours loss=0.5140 train_acc=0.8397 train_loss=0.3456 val_acc=0.8284 val_loss=0.3909 router_H=0.6919 best=0.8284
           router_load=[0.2697145342826843, 0.4846206605434418, 0.0, 0.24566471576690674]
[step 0140/150] method=ours loss=0.3380 train_acc=0.8397 train_loss=0.3456 val_acc=0.8284 val_loss=0.3909 router_H=0.6919 best=0.8284
           router_load=[0.2697145342826843, 0.4846206605434418, 0.0, 0.24566471576690674]
[step 0150/150] method=ours loss=0.9322 train_acc=0.8098 train_loss=0.4530 val_acc=0.8358 val_loss=0.3792 router_H=0.6909 best=0.8358
           router_load=[0.5233288407325745, 0.45264390110969543, 0.0, 0.024027258157730103]
saved summary -> /home/zhujjing/MOE-grad-conflict-routing/runs/paper_suite/single_gpu/single_task/roberta_mrpc_lora_e4_k2_supplement/hpo/ours/trial_runs/coord_04_anchor/ours_s2.json
saved curve -> /home/zhujjing/MOE-grad-conflict-routing/runs/paper_suite/single_gpu/single_task/roberta_mrpc_lora_e4_k2_supplement/hpo/ours/trial_runs/coord_04_anchor/ours_s2_curve.csv
