[run] method=ours candidate=coord_04_method_ours_lambda_align_022 seed=3 steps=150 gpu=0
[run] cmd=
/home/zhujjing/anaconda3/envs/moe/bin/python /home/zhujjing/MOE-grad-conflict-routing/scripts/run.py --config configs/singletask_mrpc_real.yaml --set model.backbone_backend=hf --set model.hf_load_pretrained=true --set model.hf_local_files_only=true --set model.backbone=roberta --set model.hf_pretrained_name=roberta-base --set model.expert_type=lora --set model.routing_mode=topk --set model.num_experts=4 --set model.top_k=2 --set seed=3 --set method.name=ours --set train.steps=150 --set train.eval_every_steps=50 --set method.ours.use_load_norm=true --set method.ours.lambda_align=0.0004819417029 --set train.grad_clip=1.803542842 --set train.lr=4.233346635e-05 --set train.weight_decay=0.01 --out /home/zhujjing/MOE-grad-conflict-routing/runs/paper_suite/single_gpu/single_task/roberta_mrpc_lora_e4_k2_supplement/hpo/ours/trial_runs/coord_04_method_ours_lambda_align_022/ours_s3.json --curve_out /home/zhujjing/MOE-grad-conflict-routing/runs/paper_suite/single_gpu/single_task/roberta_mrpc_lora_e4_k2_supplement/hpo/ours/trial_runs/coord_04_method_ours_lambda_align_022/ours_s3_curve.csv
Using the latest cached version of the dataset since glue couldn't be found on the Hugging Face Hub (offline mode is enabled).
Found the latest cached dataset configuration 'mrpc' at /home/zhujjing/hf_cache/datasets/glue/mrpc/0.0.0/bcdcba79d07bc864c1c254ccfcedcce55bcc9a8c (last modified on Thu Mar 19 15:01:06 2026).
/home/zhujjing/anaconda3/envs/moe/lib/python3.10/site-packages/transformers/utils/hub.py:124: FutureWarning: Using `TRANSFORMERS_CACHE` is deprecated and will be removed in v5 of Transformers. Use `HF_HOME` instead.
  warnings.warn(
Some weights of RobertaModel were not initialized from the model checkpoint at roberta-base and are newly initialized: ['roberta.pooler.dense.bias', 'roberta.pooler.dense.weight']
You should probably TRAIN this model on a down-stream task to be able to use it for predictions and inference.
[step 0001/150] method=ours loss=0.7408 train_acc=nan train_loss=nan val_acc=nan val_loss=nan best=-1.0000
[step 0010/150] method=ours loss=0.7662 train_acc=nan train_loss=nan val_acc=nan val_loss=nan best=-1.0000
[step 0020/150] method=ours loss=0.6915 train_acc=nan train_loss=nan val_acc=nan val_loss=nan best=-1.0000
[step 0030/150] method=ours loss=0.5291 train_acc=nan train_loss=nan val_acc=nan val_loss=nan best=-1.0000
[step 0040/150] method=ours loss=0.5531 train_acc=nan train_loss=nan val_acc=nan val_loss=nan best=-1.0000
[step 0050/150] method=ours loss=0.3920 train_acc=0.8071 train_loss=0.4372 val_acc=0.7770 val_loss=0.4633 router_H=0.6889 best=0.7770
           router_load=[0.11931988596916199, 0.5346145033836365, 0.3460654318332672, 0.0]
[step 0060/150] method=ours loss=0.4793 train_acc=0.8071 train_loss=0.4372 val_acc=0.7770 val_loss=0.4633 router_H=0.6889 best=0.7770
           router_load=[0.11931988596916199, 0.5346145033836365, 0.3460654318332672, 0.0]
[step 0070/150] method=ours loss=0.4415 train_acc=0.8071 train_loss=0.4372 val_acc=0.7770 val_loss=0.4633 router_H=0.6889 best=0.7770
           router_load=[0.11931988596916199, 0.5346145033836365, 0.3460654318332672, 0.0]
[step 0080/150] method=ours loss=0.4787 train_acc=0.8071 train_loss=0.4372 val_acc=0.7770 val_loss=0.4633 router_H=0.6889 best=0.7770
           router_load=[0.11931988596916199, 0.5346145033836365, 0.3460654318332672, 0.0]
[step 0090/150] method=ours loss=0.7776 train_acc=0.8071 train_loss=0.4372 val_acc=0.7770 val_loss=0.4633 router_H=0.6889 best=0.7770
           router_load=[0.11931988596916199, 0.5346145033836365, 0.3460654318332672, 0.0]
[step 0100/150] method=ours loss=0.6345 train_acc=0.7853 train_loss=0.4656 val_acc=0.7819 val_loss=0.4635 router_H=0.6859 best=0.7819
           router_load=[0.2178189903497696, 0.5478968620300293, 0.23428405821323395, 0.0]
[step 0110/150] method=ours loss=0.5791 train_acc=0.7853 train_loss=0.4656 val_acc=0.7819 val_loss=0.4635 router_H=0.6859 best=0.7819
           router_load=[0.2178189903497696, 0.5478968620300293, 0.23428405821323395, 0.0]
[step 0120/150] method=ours loss=0.3058 train_acc=0.7853 train_loss=0.4656 val_acc=0.7819 val_loss=0.4635 router_H=0.6859 best=0.7819
           router_load=[0.2178189903497696, 0.5478968620300293, 0.23428405821323395, 0.0]
[step 0130/150] method=ours loss=0.6140 train_acc=0.7853 train_loss=0.4656 val_acc=0.7819 val_loss=0.4635 router_H=0.6859 best=0.7819
           router_load=[0.2178189903497696, 0.5478968620300293, 0.23428405821323395, 0.0]
[step 0140/150] method=ours loss=0.6629 train_acc=0.7853 train_loss=0.4656 val_acc=0.7819 val_loss=0.4635 router_H=0.6859 best=0.7819
           router_load=[0.2178189903497696, 0.5478968620300293, 0.23428405821323395, 0.0]
[step 0150/150] method=ours loss=0.4606 train_acc=0.8696 train_loss=0.3447 val_acc=0.8701 val_loss=0.3502 router_H=0.6893 best=0.8701
           router_load=[0.5006799697875977, 0.49714940786361694, 0.0021706162951886654, 0.0]
saved summary -> /home/zhujjing/MOE-grad-conflict-routing/runs/paper_suite/single_gpu/single_task/roberta_mrpc_lora_e4_k2_supplement/hpo/ours/trial_runs/coord_04_method_ours_lambda_align_022/ours_s3.json
saved curve -> /home/zhujjing/MOE-grad-conflict-routing/runs/paper_suite/single_gpu/single_task/roberta_mrpc_lora_e4_k2_supplement/hpo/ours/trial_runs/coord_04_method_ours_lambda_align_022/ours_s3_curve.csv
