[run] method=cagrad candidate=coord_02_train_weight_decay_007 seed=2 steps=150 gpu=0
[run] cmd=
/home/zhujjing/anaconda3/envs/moe/bin/python /home/zhujjing/MOE-grad-conflict-routing/scripts/run.py --config configs/singletask_mrpc_real.yaml --set model.backbone_backend=hf --set model.hf_load_pretrained=true --set model.hf_local_files_only=true --set model.backbone=roberta --set model.hf_pretrained_name=roberta-base --set model.expert_type=lora --set model.routing_mode=topk --set model.num_experts=4 --set model.top_k=2 --set seed=2 --set method.name=baseline_cagrad --set train.steps=150 --set train.eval_every_steps=50 --set method.baseline_cagrad.c=0.4 --set method.baseline_cagrad.inner_lr=0.1 --set train.grad_clip=1 --set train.lr=2e-05 --set train.weight_decay=0.005634744023 --out /home/zhujjing/MOE-grad-conflict-routing/runs/paper_suite/single_gpu/single_task/roberta_mrpc_lora_e4_k2_supplement/hpo/cagrad/trial_runs/coord_02_train_weight_decay_007/cagrad_s2.json --curve_out /home/zhujjing/MOE-grad-conflict-routing/runs/paper_suite/single_gpu/single_task/roberta_mrpc_lora_e4_k2_supplement/hpo/cagrad/trial_runs/coord_02_train_weight_decay_007/cagrad_s2_curve.csv
Using the latest cached version of the dataset since glue couldn't be found on the Hugging Face Hub (offline mode is enabled).
Found the latest cached dataset configuration 'mrpc' at /home/zhujjing/hf_cache/datasets/glue/mrpc/0.0.0/bcdcba79d07bc864c1c254ccfcedcce55bcc9a8c (last modified on Thu Mar 19 15:01:06 2026).
/home/zhujjing/anaconda3/envs/moe/lib/python3.10/site-packages/transformers/utils/hub.py:124: FutureWarning: Using `TRANSFORMERS_CACHE` is deprecated and will be removed in v5 of Transformers. Use `HF_HOME` instead.
  warnings.warn(
Some weights of RobertaModel were not initialized from the model checkpoint at roberta-base and are newly initialized: ['roberta.pooler.dense.bias', 'roberta.pooler.dense.weight']
You should probably TRAIN this model on a down-stream task to be able to use it for predictions and inference.
[step 0001/150] method=baseline_cagrad loss=0.8115 train_acc=nan train_loss=nan val_acc=nan val_loss=nan best=-1.0000
[step 0010/150] method=baseline_cagrad loss=0.7292 train_acc=nan train_loss=nan val_acc=nan val_loss=nan best=-1.0000
[step 0020/150] method=baseline_cagrad loss=0.5967 train_acc=nan train_loss=nan val_acc=nan val_loss=nan best=-1.0000
[step 0030/150] method=baseline_cagrad loss=0.6844 train_acc=nan train_loss=nan val_acc=nan val_loss=nan best=-1.0000
[step 0040/150] method=baseline_cagrad loss=0.5180 train_acc=nan train_loss=nan val_acc=nan val_loss=nan best=-1.0000
[step 0050/150] method=baseline_cagrad loss=0.5194 train_acc=0.7201 train_loss=0.5449 val_acc=0.7451 val_loss=0.5162 router_H=0.6859 best=0.7451
           router_load=[0.5466413497924805, 0.1300831437110901, 0.0, 0.32327547669410706]
[step 0060/150] method=baseline_cagrad loss=0.5838 train_acc=0.7201 train_loss=0.5449 val_acc=0.7451 val_loss=0.5162 router_H=0.6859 best=0.7451
           router_load=[0.5466413497924805, 0.1300831437110901, 0.0, 0.32327547669410706]
[step 0070/150] method=baseline_cagrad loss=0.4284 train_acc=0.7201 train_loss=0.5449 val_acc=0.7451 val_loss=0.5162 router_H=0.6859 best=0.7451
           router_load=[0.5466413497924805, 0.1300831437110901, 0.0, 0.32327547669410706]
[step 0080/150] method=baseline_cagrad loss=0.4313 train_acc=0.7201 train_loss=0.5449 val_acc=0.7451 val_loss=0.5162 router_H=0.6859 best=0.7451
           router_load=[0.5466413497924805, 0.1300831437110901, 0.0, 0.32327547669410706]
[step 0090/150] method=baseline_cagrad loss=0.3562 train_acc=0.7201 train_loss=0.5449 val_acc=0.7451 val_loss=0.5162 router_H=0.6859 best=0.7451
           router_load=[0.5466413497924805, 0.1300831437110901, 0.0, 0.32327547669410706]
[step 0100/150] method=baseline_cagrad loss=0.5365 train_acc=0.8424 train_loss=0.3614 val_acc=0.8162 val_loss=0.4009 router_H=0.6912 best=0.8162
           router_load=[0.4741504490375519, 0.0779321938753128, 0.0, 0.4479173421859741]
[step 0110/150] method=baseline_cagrad loss=0.8463 train_acc=0.8424 train_loss=0.3614 val_acc=0.8162 val_loss=0.4009 router_H=0.6912 best=0.8162
           router_load=[0.4741504490375519, 0.0779321938753128, 0.0, 0.4479173421859741]
[step 0120/150] method=baseline_cagrad loss=0.2363 train_acc=0.8424 train_loss=0.3614 val_acc=0.8162 val_loss=0.4009 router_H=0.6912 best=0.8162
           router_load=[0.4741504490375519, 0.0779321938753128, 0.0, 0.4479173421859741]
[step 0130/150] method=baseline_cagrad loss=0.6042 train_acc=0.8424 train_loss=0.3614 val_acc=0.8162 val_loss=0.4009 router_H=0.6912 best=0.8162
           router_load=[0.4741504490375519, 0.0779321938753128, 0.0, 0.4479173421859741]
[step 0140/150] method=baseline_cagrad loss=0.3782 train_acc=0.8424 train_loss=0.3614 val_acc=0.8162 val_loss=0.4009 router_H=0.6912 best=0.8162
           router_load=[0.4741504490375519, 0.0779321938753128, 0.0, 0.4479173421859741]
[step 0150/150] method=baseline_cagrad loss=0.7092 train_acc=0.8234 train_loss=0.4272 val_acc=0.8578 val_loss=0.3716 router_H=0.6898 best=0.8578
           router_load=[0.5056809782981873, 0.2885441780090332, 0.0, 0.20577490329742432]
saved summary -> /home/zhujjing/MOE-grad-conflict-routing/runs/paper_suite/single_gpu/single_task/roberta_mrpc_lora_e4_k2_supplement/hpo/cagrad/trial_runs/coord_02_train_weight_decay_007/cagrad_s2.json
saved curve -> /home/zhujjing/MOE-grad-conflict-routing/runs/paper_suite/single_gpu/single_task/roberta_mrpc_lora_e4_k2_supplement/hpo/cagrad/trial_runs/coord_02_train_weight_decay_007/cagrad_s2_curve.csv
