[run] method=cagrad candidate=coord_02_train_weight_decay_007 seed=3 steps=150 gpu=0
[run] cmd=
/home/zhujjing/anaconda3/envs/moe/bin/python /home/zhujjing/MOE-grad-conflict-routing/scripts/run.py --config configs/singletask_mrpc_real.yaml --set model.backbone_backend=hf --set model.hf_load_pretrained=true --set model.hf_local_files_only=true --set model.backbone=roberta --set model.hf_pretrained_name=roberta-base --set model.expert_type=lora --set model.routing_mode=topk --set model.num_experts=4 --set model.top_k=2 --set seed=3 --set method.name=baseline_cagrad --set train.steps=150 --set train.eval_every_steps=50 --set method.baseline_cagrad.c=0.4 --set method.baseline_cagrad.inner_lr=0.1 --set train.grad_clip=1 --set train.lr=2e-05 --set train.weight_decay=0.005634744023 --out /home/zhujjing/MOE-grad-conflict-routing/runs/paper_suite/single_gpu/single_task/roberta_mrpc_lora_e4_k2_supplement/hpo/cagrad/trial_runs/coord_02_train_weight_decay_007/cagrad_s3.json --curve_out /home/zhujjing/MOE-grad-conflict-routing/runs/paper_suite/single_gpu/single_task/roberta_mrpc_lora_e4_k2_supplement/hpo/cagrad/trial_runs/coord_02_train_weight_decay_007/cagrad_s3_curve.csv
Using the latest cached version of the dataset since glue couldn't be found on the Hugging Face Hub (offline mode is enabled).
Found the latest cached dataset configuration 'mrpc' at /home/zhujjing/hf_cache/datasets/glue/mrpc/0.0.0/bcdcba79d07bc864c1c254ccfcedcce55bcc9a8c (last modified on Thu Mar 19 15:01:06 2026).
/home/zhujjing/anaconda3/envs/moe/lib/python3.10/site-packages/transformers/utils/hub.py:124: FutureWarning: Using `TRANSFORMERS_CACHE` is deprecated and will be removed in v5 of Transformers. Use `HF_HOME` instead.
  warnings.warn(
Some weights of RobertaModel were not initialized from the model checkpoint at roberta-base and are newly initialized: ['roberta.pooler.dense.bias', 'roberta.pooler.dense.weight']
You should probably TRAIN this model on a down-stream task to be able to use it for predictions and inference.
[step 0001/150] method=baseline_cagrad loss=0.6520 train_acc=nan train_loss=nan val_acc=nan val_loss=nan best=-1.0000
[step 0010/150] method=baseline_cagrad loss=0.7209 train_acc=nan train_loss=nan val_acc=nan val_loss=nan best=-1.0000
[step 0020/150] method=baseline_cagrad loss=0.6076 train_acc=nan train_loss=nan val_acc=nan val_loss=nan best=-1.0000
[step 0030/150] method=baseline_cagrad loss=0.6101 train_acc=nan train_loss=nan val_acc=nan val_loss=nan best=-1.0000
[step 0040/150] method=baseline_cagrad loss=0.5924 train_acc=nan train_loss=nan val_acc=nan val_loss=nan best=-1.0000
[step 0050/150] method=baseline_cagrad loss=0.4475 train_acc=0.7799 train_loss=0.4598 val_acc=0.7721 val_loss=0.4561 router_H=0.6861 best=0.7721
           router_load=[0.00925402995198965, 0.44115227460861206, 0.5486174821853638, 0.0009762274567037821]
[step 0060/150] method=baseline_cagrad loss=0.5456 train_acc=0.7799 train_loss=0.4598 val_acc=0.7721 val_loss=0.4561 router_H=0.6861 best=0.7721
           router_load=[0.00925402995198965, 0.44115227460861206, 0.5486174821853638, 0.0009762274567037821]
[step 0070/150] method=baseline_cagrad loss=0.3504 train_acc=0.7799 train_loss=0.4598 val_acc=0.7721 val_loss=0.4561 router_H=0.6861 best=0.7721
           router_load=[0.00925402995198965, 0.44115227460861206, 0.5486174821853638, 0.0009762274567037821]
[step 0080/150] method=baseline_cagrad loss=0.5065 train_acc=0.7799 train_loss=0.4598 val_acc=0.7721 val_loss=0.4561 router_H=0.6861 best=0.7721
           router_load=[0.00925402995198965, 0.44115227460861206, 0.5486174821853638, 0.0009762274567037821]
[step 0090/150] method=baseline_cagrad loss=0.7630 train_acc=0.7799 train_loss=0.4598 val_acc=0.7721 val_loss=0.4561 router_H=0.6861 best=0.7721
           router_load=[0.00925402995198965, 0.44115227460861206, 0.5486174821853638, 0.0009762274567037821]
[step 0100/150] method=baseline_cagrad loss=0.5217 train_acc=0.8342 train_loss=0.4034 val_acc=0.8358 val_loss=0.3860 router_H=0.6806 best=0.8358
           router_load=[0.09867961704730988, 0.5622527599334717, 0.3364602327346802, 0.0026072897017002106]
[step 0110/150] method=baseline_cagrad loss=0.4554 train_acc=0.8342 train_loss=0.4034 val_acc=0.8358 val_loss=0.3860 router_H=0.6806 best=0.8358
           router_load=[0.09867961704730988, 0.5622527599334717, 0.3364602327346802, 0.0026072897017002106]
[step 0120/150] method=baseline_cagrad loss=0.3064 train_acc=0.8342 train_loss=0.4034 val_acc=0.8358 val_loss=0.3860 router_H=0.6806 best=0.8358
           router_load=[0.09867961704730988, 0.5622527599334717, 0.3364602327346802, 0.0026072897017002106]
[step 0130/150] method=baseline_cagrad loss=0.4995 train_acc=0.8342 train_loss=0.4034 val_acc=0.8358 val_loss=0.3860 router_H=0.6806 best=0.8358
           router_load=[0.09867961704730988, 0.5622527599334717, 0.3364602327346802, 0.0026072897017002106]
[step 0140/150] method=baseline_cagrad loss=0.7434 train_acc=0.8342 train_loss=0.4034 val_acc=0.8358 val_loss=0.3860 router_H=0.6806 best=0.8358
           router_load=[0.09867961704730988, 0.5622527599334717, 0.3364602327346802, 0.0026072897017002106]
[step 0150/150] method=baseline_cagrad loss=0.5434 train_acc=0.8505 train_loss=0.3494 val_acc=0.8309 val_loss=0.3832 router_H=0.6918 best=0.8358
           router_load=[0.0, 0.49228113889694214, 0.5042984485626221, 0.0034204144030809402]
saved summary -> /home/zhujjing/MOE-grad-conflict-routing/runs/paper_suite/single_gpu/single_task/roberta_mrpc_lora_e4_k2_supplement/hpo/cagrad/trial_runs/coord_02_train_weight_decay_007/cagrad_s3.json
saved curve -> /home/zhujjing/MOE-grad-conflict-routing/runs/paper_suite/single_gpu/single_task/roberta_mrpc_lora_e4_k2_supplement/hpo/cagrad/trial_runs/coord_02_train_weight_decay_007/cagrad_s3_curve.csv
