[run] method=ours candidate=coord_01_train_lr_009 seed=3 steps=200 gpu=0
[run] cmd=
/root/miniconda3/envs/optimization/bin/python /root/Optimization/MOE-grad-conflict-routing/scripts/run.py --config configs/multitask_glue3_rte_mrpc_cola_real.yaml --set model.backbone_backend=hf --set model.hf_load_pretrained=true --set model.hf_local_files_only=true --set model.backbone=roberta --set model.hf_pretrained_name=roberta-base --set model.routing_mode=topk --set model.expert_type=lora --set model.num_experts=6 --set model.top_k=3 --set train.eval_train_fraction=0.10 --set train.eval_train_max_batches=-1 --set train.eval_max_batches=-1 --set seed=3 --set method.name=ours --set train.steps=200 --set train.eval_every_steps=100 --set method.ours.use_load_norm=true --set method.ours.lambda_align=0.001 --set train.grad_clip=1 --set train.lr=0.0005669721432 --set train.weight_decay=0.01 --out /root/Optimization/MOE-grad-conflict-routing/runs/paper_suite_supplement/appendix/more_expert/glue3_roberta_lora_e6_k3/hpo/ours/trial_runs/coord_01_train_lr_009/ours_s3.json --curve_out /root/Optimization/MOE-grad-conflict-routing/runs/paper_suite_supplement/appendix/more_expert/glue3_roberta_lora_e6_k3/hpo/ours/trial_runs/coord_01_train_lr_009/ours_s3_curve.csv
Using the latest cached version of the dataset since glue couldn't be found on the Hugging Face Hub (offline mode is enabled).
Found the latest cached dataset configuration 'rte' at /root/.cache/huggingface/datasets/glue/rte/0.0.0/bcdcba79d07bc864c1c254ccfcedcce55bcc9a8c (last modified on Thu Mar 26 19:09:12 2026).
Using the latest cached version of the dataset since glue couldn't be found on the Hugging Face Hub (offline mode is enabled).
Found the latest cached dataset configuration 'mrpc' at /root/.cache/huggingface/datasets/glue/mrpc/0.0.0/bcdcba79d07bc864c1c254ccfcedcce55bcc9a8c (last modified on Thu Mar 26 20:11:06 2026).
Using the latest cached version of the dataset since glue couldn't be found on the Hugging Face Hub (offline mode is enabled).
Found the latest cached dataset configuration 'cola' at /root/.cache/huggingface/datasets/glue/cola/0.0.0/bcdcba79d07bc864c1c254ccfcedcce55bcc9a8c (last modified on Thu Mar 26 23:46:11 2026).
Loading weights:   0%|          | 0/197 [00:00<?, ?it/s]Loading weights: 100%|██████████| 197/197 [00:00<00:00, 4177.61it/s]
[1mRobertaModel LOAD REPORT[0m from: roberta-base
Key                             | Status     | 
--------------------------------+------------+-
lm_head.layer_norm.bias         | UNEXPECTED | 
lm_head.layer_norm.weight       | UNEXPECTED | 
lm_head.dense.weight            | UNEXPECTED | 
lm_head.bias                    | UNEXPECTED | 
lm_head.dense.bias              | UNEXPECTED | 
roberta.embeddings.position_ids | UNEXPECTED | 
pooler.dense.bias               | MISSING    | 
pooler.dense.weight             | MISSING    | 

[3mNotes:
- UNEXPECTED[3m	:can be ignored when loading from different task/architecture; not ok if you expect identical arch.
- MISSING[3m	:those params were newly initialized because missing from the checkpoint. Consider training on your downstream task.[0m
[step 0001/200] method=ours loss=0.6536 train_acc=nan train_loss=nan val_acc=nan val_loss=nan best=-1.0000
[step 0010/200] method=ours loss=0.5385 train_acc=nan train_loss=nan val_acc=nan val_loss=nan best=-1.0000
[step 0020/200] method=ours loss=0.5437 train_acc=nan train_loss=nan val_acc=nan val_loss=nan best=-1.0000
[step 0030/200] method=ours loss=0.6801 train_acc=nan train_loss=nan val_acc=nan val_loss=nan best=-1.0000
[step 0040/200] method=ours loss=0.6789 train_acc=nan train_loss=nan val_acc=nan val_loss=nan best=-1.0000
[step 0050/200] method=ours loss=0.6430 train_acc=nan train_loss=nan val_acc=nan val_loss=nan best=-1.0000
[step 0060/200] method=ours loss=0.6662 train_acc=nan train_loss=nan val_acc=nan val_loss=nan best=-1.0000
[step 0070/200] method=ours loss=0.6427 train_acc=nan train_loss=nan val_acc=nan val_loss=nan best=-1.0000
[step 0080/200] method=ours loss=0.6828 train_acc=nan train_loss=nan val_acc=nan val_loss=nan best=-1.0000
[step 0090/200] method=ours loss=0.6019 train_acc=nan train_loss=nan val_acc=nan val_loss=nan best=-1.0000
[step 0100/200] method=ours loss=0.6415 train_acc=0.6384 train_loss=0.6548 val_acc=0.6160 val_loss=0.6695 router_H=1.0821 best=0.6160
           router_load=[0.0, 0.3564848303794861, 0.2519018352031708, 0.0, 0.0, 0.3916153609752655]
[step 0110/200] method=ours loss=0.6517 train_acc=0.6384 train_loss=0.6548 val_acc=0.6160 val_loss=0.6695 router_H=1.0821 best=0.6160
           router_load=[0.0, 0.3564848303794861, 0.2519018352031708, 0.0, 0.0, 0.3916153609752655]
[step 0120/200] method=ours loss=0.6890 train_acc=0.6384 train_loss=0.6548 val_acc=0.6160 val_loss=0.6695 router_H=1.0821 best=0.6160
           router_load=[0.0, 0.3564848303794861, 0.2519018352031708, 0.0, 0.0, 0.3916153609752655]
[step 0130/200] method=ours loss=0.7091 train_acc=0.6384 train_loss=0.6548 val_acc=0.6160 val_loss=0.6695 router_H=1.0821 best=0.6160
           router_load=[0.0, 0.3564848303794861, 0.2519018352031708, 0.0, 0.0, 0.3916153609752655]
[step 0140/200] method=ours loss=0.6363 train_acc=0.6384 train_loss=0.6548 val_acc=0.6160 val_loss=0.6695 router_H=1.0821 best=0.6160
           router_load=[0.0, 0.3564848303794861, 0.2519018352031708, 0.0, 0.0, 0.3916153609752655]
[step 0150/200] method=ours loss=0.6199 train_acc=0.6384 train_loss=0.6548 val_acc=0.6160 val_loss=0.6695 router_H=1.0821 best=0.6160
           router_load=[0.0, 0.3564848303794861, 0.2519018352031708, 0.0, 0.0, 0.3916153609752655]
[step 0160/200] method=ours loss=0.6086 train_acc=0.6384 train_loss=0.6548 val_acc=0.6160 val_loss=0.6695 router_H=1.0821 best=0.6160
           router_load=[0.0, 0.3564848303794861, 0.2519018352031708, 0.0, 0.0, 0.3916153609752655]
[step 0170/200] method=ours loss=0.6515 train_acc=0.6384 train_loss=0.6548 val_acc=0.6160 val_loss=0.6695 router_H=1.0821 best=0.6160
           router_load=[0.0, 0.3564848303794861, 0.2519018352031708, 0.0, 0.0, 0.3916153609752655]
[step 0180/200] method=ours loss=0.7084 train_acc=0.6384 train_loss=0.6548 val_acc=0.6160 val_loss=0.6695 router_H=1.0821 best=0.6160
           router_load=[0.0, 0.3564848303794861, 0.2519018352031708, 0.0, 0.0, 0.3916153609752655]
[step 0190/200] method=ours loss=0.7574 train_acc=0.6384 train_loss=0.6548 val_acc=0.6160 val_loss=0.6695 router_H=1.0821 best=0.6160
           router_load=[0.0, 0.3564848303794861, 0.2519018352031708, 0.0, 0.0, 0.3916153609752655]
[step 0200/200] method=ours loss=0.6639 train_acc=0.6342 train_loss=0.6596 val_acc=0.6160 val_loss=0.6672 router_H=1.0981 best=0.6160
           router_load=[0.0, 0.33196374773979187, 0.0, 0.0, 0.3472426235675812, 0.32079508900642395]
saved summary -> /root/Optimization/MOE-grad-conflict-routing/runs/paper_suite_supplement/appendix/more_expert/glue3_roberta_lora_e6_k3/hpo/ours/trial_runs/coord_01_train_lr_009/ours_s3.json
saved curve -> /root/Optimization/MOE-grad-conflict-routing/runs/paper_suite_supplement/appendix/more_expert/glue3_roberta_lora_e6_k3/hpo/ours/trial_runs/coord_01_train_lr_009/ours_s3_curve.csv
