[run] method=baseline candidate=coord_01_train_lr_007 seed=2 steps=200 gpu=0
[run] cmd=
/root/miniconda3/envs/optimization/bin/python /root/Optimization/MOE-grad-conflict-routing/scripts/run.py --config configs/multitask_glue3_rte_mrpc_cola_real.yaml --set model.backbone_backend=hf --set model.hf_load_pretrained=true --set model.hf_local_files_only=true --set model.backbone=roberta --set model.hf_pretrained_name=roberta-base --set model.routing_mode=topk --set model.expert_type=lora --set model.num_experts=4 --set model.top_k=2 --set model.lora_rank=32 --set model.lora_alpha=32 --set train.eval_train_fraction=0.10 --set train.eval_train_max_batches=-1 --set train.eval_max_batches=-1 --set seed=2 --set method.name=baseline_avg --set train.steps=200 --set train.eval_every_steps=100 --set train.grad_clip=1 --set train.lr=4.073235309e-05 --set train.weight_decay=0.01 --out /root/Optimization/MOE-grad-conflict-routing/runs/paper_suite_supplement/appendix/rank/multi_glue3_roberta_r32_lora_e4_k2/hpo/baseline/trial_runs/coord_01_train_lr_007/baseline_s2.json --curve_out /root/Optimization/MOE-grad-conflict-routing/runs/paper_suite_supplement/appendix/rank/multi_glue3_roberta_r32_lora_e4_k2/hpo/baseline/trial_runs/coord_01_train_lr_007/baseline_s2_curve.csv
Using the latest cached version of the dataset since glue couldn't be found on the Hugging Face Hub (offline mode is enabled).
Found the latest cached dataset configuration 'rte' at /root/.cache/huggingface/datasets/glue/rte/0.0.0/bcdcba79d07bc864c1c254ccfcedcce55bcc9a8c (last modified on Thu Mar 26 19:09:12 2026).
Using the latest cached version of the dataset since glue couldn't be found on the Hugging Face Hub (offline mode is enabled).
Found the latest cached dataset configuration 'mrpc' at /root/.cache/huggingface/datasets/glue/mrpc/0.0.0/bcdcba79d07bc864c1c254ccfcedcce55bcc9a8c (last modified on Thu Mar 26 20:11:06 2026).
Using the latest cached version of the dataset since glue couldn't be found on the Hugging Face Hub (offline mode is enabled).
Found the latest cached dataset configuration 'cola' at /root/.cache/huggingface/datasets/glue/cola/0.0.0/bcdcba79d07bc864c1c254ccfcedcce55bcc9a8c (last modified on Thu Mar 26 23:46:11 2026).
Loading weights:   0%|          | 0/197 [00:00<?, ?it/s]Loading weights: 100%|██████████| 197/197 [00:00<00:00, 4835.65it/s]
[1mRobertaModel LOAD REPORT[0m from: roberta-base
Key                             | Status     | 
--------------------------------+------------+-
lm_head.layer_norm.bias         | UNEXPECTED | 
lm_head.bias                    | UNEXPECTED | 
lm_head.dense.weight            | UNEXPECTED | 
lm_head.dense.bias              | UNEXPECTED | 
lm_head.layer_norm.weight       | UNEXPECTED | 
roberta.embeddings.position_ids | UNEXPECTED | 
pooler.dense.weight             | MISSING    | 
pooler.dense.bias               | MISSING    | 

[3mNotes:
- UNEXPECTED[3m	:can be ignored when loading from different task/architecture; not ok if you expect identical arch.
- MISSING[3m	:those params were newly initialized because missing from the checkpoint. Consider training on your downstream task.[0m
[step 0001/200] method=baseline_avg loss=0.6815 train_acc=nan train_loss=nan val_acc=nan val_loss=nan best=-1.0000
[step 0010/200] method=baseline_avg loss=0.6074 train_acc=nan train_loss=nan val_acc=nan val_loss=nan best=-1.0000
[step 0020/200] method=baseline_avg loss=0.6470 train_acc=nan train_loss=nan val_acc=nan val_loss=nan best=-1.0000
[step 0030/200] method=baseline_avg loss=0.7121 train_acc=nan train_loss=nan val_acc=nan val_loss=nan best=-1.0000
[step 0040/200] method=baseline_avg loss=0.7615 train_acc=nan train_loss=nan val_acc=nan val_loss=nan best=-1.0000
[step 0050/200] method=baseline_avg loss=0.6527 train_acc=nan train_loss=nan val_acc=nan val_loss=nan best=-1.0000
[step 0060/200] method=baseline_avg loss=0.6700 train_acc=nan train_loss=nan val_acc=nan val_loss=nan best=-1.0000
[step 0070/200] method=baseline_avg loss=0.5987 train_acc=nan train_loss=nan val_acc=nan val_loss=nan best=-1.0000
[step 0080/200] method=baseline_avg loss=0.5792 train_acc=nan train_loss=nan val_acc=nan val_loss=nan best=-1.0000
[step 0090/200] method=baseline_avg loss=0.6041 train_acc=nan train_loss=nan val_acc=nan val_loss=nan best=-1.0000
[step 0100/200] method=baseline_avg loss=0.6406 train_acc=0.6308 train_loss=0.6462 val_acc=0.6276 val_loss=0.6542 router_H=0.6852 best=0.6276
           router_load=[0.0011773937148973346, 0.42953428626060486, 0.5564020276069641, 0.0128865921869874]
[step 0110/200] method=baseline_avg loss=0.5506 train_acc=0.6308 train_loss=0.6462 val_acc=0.6276 val_loss=0.6542 router_H=0.6852 best=0.6276
           router_load=[0.0011773937148973346, 0.42953428626060486, 0.5564020276069641, 0.0128865921869874]
[step 0120/200] method=baseline_avg loss=0.6244 train_acc=0.6308 train_loss=0.6462 val_acc=0.6276 val_loss=0.6542 router_H=0.6852 best=0.6276
           router_load=[0.0011773937148973346, 0.42953428626060486, 0.5564020276069641, 0.0128865921869874]
[step 0130/200] method=baseline_avg loss=0.5747 train_acc=0.6308 train_loss=0.6462 val_acc=0.6276 val_loss=0.6542 router_H=0.6852 best=0.6276
           router_load=[0.0011773937148973346, 0.42953428626060486, 0.5564020276069641, 0.0128865921869874]
[step 0140/200] method=baseline_avg loss=0.6170 train_acc=0.6308 train_loss=0.6462 val_acc=0.6276 val_loss=0.6542 router_H=0.6852 best=0.6276
           router_load=[0.0011773937148973346, 0.42953428626060486, 0.5564020276069641, 0.0128865921869874]
[step 0150/200] method=baseline_avg loss=0.5195 train_acc=0.6308 train_loss=0.6462 val_acc=0.6276 val_loss=0.6542 router_H=0.6852 best=0.6276
           router_load=[0.0011773937148973346, 0.42953428626060486, 0.5564020276069641, 0.0128865921869874]
[step 0160/200] method=baseline_avg loss=0.6457 train_acc=0.6308 train_loss=0.6462 val_acc=0.6276 val_loss=0.6542 router_H=0.6852 best=0.6276
           router_load=[0.0011773937148973346, 0.42953428626060486, 0.5564020276069641, 0.0128865921869874]
[step 0170/200] method=baseline_avg loss=0.6324 train_acc=0.6308 train_loss=0.6462 val_acc=0.6276 val_loss=0.6542 router_H=0.6852 best=0.6276
           router_load=[0.0011773937148973346, 0.42953428626060486, 0.5564020276069641, 0.0128865921869874]
[step 0180/200] method=baseline_avg loss=0.6413 train_acc=0.6308 train_loss=0.6462 val_acc=0.6276 val_loss=0.6542 router_H=0.6852 best=0.6276
           router_load=[0.0011773937148973346, 0.42953428626060486, 0.5564020276069641, 0.0128865921869874]
[step 0190/200] method=baseline_avg loss=0.5904 train_acc=0.6308 train_loss=0.6462 val_acc=0.6276 val_loss=0.6542 router_H=0.6852 best=0.6276
           router_load=[0.0011773937148973346, 0.42953428626060486, 0.5564020276069641, 0.0128865921869874]
[step 0200/200] method=baseline_avg loss=0.5647 train_acc=0.6536 train_loss=0.5809 val_acc=0.6264 val_loss=0.6125 router_H=0.6834 best=0.6276
           router_load=[0.0013492385623976588, 0.4351171553134918, 0.5602403283119202, 0.003293186193332076]
saved summary -> /root/Optimization/MOE-grad-conflict-routing/runs/paper_suite_supplement/appendix/rank/multi_glue3_roberta_r32_lora_e4_k2/hpo/baseline/trial_runs/coord_01_train_lr_007/baseline_s2.json
saved curve -> /root/Optimization/MOE-grad-conflict-routing/runs/paper_suite_supplement/appendix/rank/multi_glue3_roberta_r32_lora_e4_k2/hpo/baseline/trial_runs/coord_01_train_lr_007/baseline_s2_curve.csv
