[run] method=cagrad candidate=coord_03_train_grad_clip_001 seed=2 steps=150 gpu=0
[run] cmd=
/home/zhujjing/anaconda3/envs/moe/bin/python /home/zhujjing/MOE-grad-conflict-routing/scripts/run.py --config configs/singletask_sst2_real.yaml --set model.backbone_backend=hf --set model.hf_load_pretrained=true --set model.backbone=roberta --set model.hf_pretrained_name=roberta-base --set model.expert_type=ffn --set model.routing_mode=topk --set model.num_experts=4 --set model.top_k=2 --set seed=2 --set method.name=baseline_cagrad --set train.steps=150 --set train.eval_every_steps=50 --set method.baseline_cagrad.c=0.4 --set method.baseline_cagrad.inner_lr=0.1 --set train.grad_clip=1.19532768 --set train.lr=2.410351909e-05 --set train.weight_decay=0.01 --out /home/zhujjing/MOE-grad-conflict-routing/runs/paper_suite/single_gpu/single_task/roberta_sst2_ffn_e4_k2/hpo/cagrad/trial_runs/coord_03_train_grad_clip_001/cagrad_s2.json --curve_out /home/zhujjing/MOE-grad-conflict-routing/runs/paper_suite/single_gpu/single_task/roberta_sst2_ffn_e4_k2/hpo/cagrad/trial_runs/coord_03_train_grad_clip_001/cagrad_s2_curve.csv
Using the latest cached version of the dataset since glue couldn't be found on the Hugging Face Hub (offline mode is enabled).
Found the latest cached dataset configuration 'sst2' at /home/zhujjing/hf_cache/datasets/glue/sst2/0.0.0/bcdcba79d07bc864c1c254ccfcedcce55bcc9a8c (last modified on Thu Mar 19 15:01:41 2026).
/home/zhujjing/anaconda3/envs/moe/lib/python3.10/site-packages/transformers/utils/hub.py:124: FutureWarning: Using `TRANSFORMERS_CACHE` is deprecated and will be removed in v5 of Transformers. Use `HF_HOME` instead.
  warnings.warn(
Some weights of RobertaModel were not initialized from the model checkpoint at roberta-base and are newly initialized: ['roberta.pooler.dense.bias', 'roberta.pooler.dense.weight']
You should probably TRAIN this model on a down-stream task to be able to use it for predictions and inference.
[step 0001/150] method=baseline_cagrad loss=0.7281 train_acc=nan train_loss=nan val_acc=nan val_loss=nan best=-1.0000
[step 0010/150] method=baseline_cagrad loss=0.7183 train_acc=nan train_loss=nan val_acc=nan val_loss=nan best=-1.0000
[step 0020/150] method=baseline_cagrad loss=0.4503 train_acc=nan train_loss=nan val_acc=nan val_loss=nan best=-1.0000
[step 0030/150] method=baseline_cagrad loss=0.2351 train_acc=nan train_loss=nan val_acc=nan val_loss=nan best=-1.0000
[step 0040/150] method=baseline_cagrad loss=0.3170 train_acc=nan train_loss=nan val_acc=nan val_loss=nan best=-1.0000
[step 0050/150] method=baseline_cagrad loss=0.3915 train_acc=0.8324 train_loss=0.4109 val_acc=0.8165 val_loss=0.4358 router_H=0.5657 best=0.8165
           router_load=[0.0077699925750494, 0.44955021142959595, 0.04354144632816315, 0.4991382360458374]
[step 0060/150] method=baseline_cagrad loss=0.3035 train_acc=0.8324 train_loss=0.4109 val_acc=0.8165 val_loss=0.4358 router_H=0.5657 best=0.8165
           router_load=[0.0077699925750494, 0.44955021142959595, 0.04354144632816315, 0.4991382360458374]
[step 0070/150] method=baseline_cagrad loss=0.4604 train_acc=0.8324 train_loss=0.4109 val_acc=0.8165 val_loss=0.4358 router_H=0.5657 best=0.8165
           router_load=[0.0077699925750494, 0.44955021142959595, 0.04354144632816315, 0.4991382360458374]
[step 0080/150] method=baseline_cagrad loss=0.4761 train_acc=0.8324 train_loss=0.4109 val_acc=0.8165 val_loss=0.4358 router_H=0.5657 best=0.8165
           router_load=[0.0077699925750494, 0.44955021142959595, 0.04354144632816315, 0.4991382360458374]
[step 0090/150] method=baseline_cagrad loss=0.1944 train_acc=0.8324 train_loss=0.4109 val_acc=0.8165 val_loss=0.4358 router_H=0.5657 best=0.8165
           router_load=[0.0077699925750494, 0.44955021142959595, 0.04354144632816315, 0.4991382360458374]
[step 0100/150] method=baseline_cagrad loss=0.6403 train_acc=0.8307 train_loss=0.4984 val_acc=0.7924 val_loss=0.6251 router_H=0.4163 best=0.8165
           router_load=[0.05335162580013275, 0.24782530963420868, 0.0025806871708482504, 0.6962427496910095]
[step 0110/150] method=baseline_cagrad loss=0.3225 train_acc=0.8307 train_loss=0.4984 val_acc=0.7924 val_loss=0.6251 router_H=0.4163 best=0.8165
           router_load=[0.05335162580013275, 0.24782530963420868, 0.0025806871708482504, 0.6962427496910095]
[step 0120/150] method=baseline_cagrad loss=0.3664 train_acc=0.8307 train_loss=0.4984 val_acc=0.7924 val_loss=0.6251 router_H=0.4163 best=0.8165
           router_load=[0.05335162580013275, 0.24782530963420868, 0.0025806871708482504, 0.6962427496910095]
[step 0130/150] method=baseline_cagrad loss=0.3621 train_acc=0.8307 train_loss=0.4984 val_acc=0.7924 val_loss=0.6251 router_H=0.4163 best=0.8165
           router_load=[0.05335162580013275, 0.24782530963420868, 0.0025806871708482504, 0.6962427496910095]
[step 0140/150] method=baseline_cagrad loss=0.5008 train_acc=0.8307 train_loss=0.4984 val_acc=0.7924 val_loss=0.6251 router_H=0.4163 best=0.8165
           router_load=[0.05335162580013275, 0.24782530963420868, 0.0025806871708482504, 0.6962427496910095]
[step 0150/150] method=baseline_cagrad loss=0.4115 train_acc=0.8875 train_loss=0.2925 val_acc=0.8991 val_loss=0.2867 router_H=0.4891 best=0.8991
           router_load=[0.022682493552565575, 0.40889906883239746, 0.016171379014849663, 0.5522471070289612]
saved summary -> /home/zhujjing/MOE-grad-conflict-routing/runs/paper_suite/single_gpu/single_task/roberta_sst2_ffn_e4_k2/hpo/cagrad/trial_runs/coord_03_train_grad_clip_001/cagrad_s2.json
saved curve -> /home/zhujjing/MOE-grad-conflict-routing/runs/paper_suite/single_gpu/single_task/roberta_sst2_ffn_e4_k2/hpo/cagrad/trial_runs/coord_03_train_grad_clip_001/cagrad_s2_curve.csv
