[run] method=cagrad candidate=coord_03_train_grad_clip_005 seed=3 steps=150 gpu=0
[run] cmd=
/home/zhujjing/anaconda3/envs/moe/bin/python /home/zhujjing/MOE-grad-conflict-routing/scripts/run.py --config configs/singletask_sst2_real.yaml --set model.backbone_backend=hf --set model.hf_load_pretrained=true --set model.backbone=roberta --set model.hf_pretrained_name=roberta-base --set model.expert_type=ffn --set model.routing_mode=topk --set model.num_experts=4 --set model.top_k=2 --set seed=3 --set method.name=baseline_cagrad --set train.steps=150 --set train.eval_every_steps=50 --set method.baseline_cagrad.c=0.4 --set method.baseline_cagrad.inner_lr=0.1 --set train.grad_clip=0.7780371314 --set train.lr=2.410351909e-05 --set train.weight_decay=0.01 --out /home/zhujjing/MOE-grad-conflict-routing/runs/paper_suite/single_gpu/single_task/roberta_sst2_ffn_e4_k2/hpo/cagrad/trial_runs/coord_03_train_grad_clip_005/cagrad_s3.json --curve_out /home/zhujjing/MOE-grad-conflict-routing/runs/paper_suite/single_gpu/single_task/roberta_sst2_ffn_e4_k2/hpo/cagrad/trial_runs/coord_03_train_grad_clip_005/cagrad_s3_curve.csv
Using the latest cached version of the dataset since glue couldn't be found on the Hugging Face Hub (offline mode is enabled).
Found the latest cached dataset configuration 'sst2' at /home/zhujjing/hf_cache/datasets/glue/sst2/0.0.0/bcdcba79d07bc864c1c254ccfcedcce55bcc9a8c (last modified on Thu Mar 19 15:01:41 2026).
/home/zhujjing/anaconda3/envs/moe/lib/python3.10/site-packages/transformers/utils/hub.py:124: FutureWarning: Using `TRANSFORMERS_CACHE` is deprecated and will be removed in v5 of Transformers. Use `HF_HOME` instead.
  warnings.warn(
Some weights of RobertaModel were not initialized from the model checkpoint at roberta-base and are newly initialized: ['roberta.pooler.dense.bias', 'roberta.pooler.dense.weight']
You should probably TRAIN this model on a down-stream task to be able to use it for predictions and inference.
[step 0001/150] method=baseline_cagrad loss=0.7072 train_acc=nan train_loss=nan val_acc=nan val_loss=nan best=-1.0000
[step 0010/150] method=baseline_cagrad loss=0.6406 train_acc=nan train_loss=nan val_acc=nan val_loss=nan best=-1.0000
[step 0020/150] method=baseline_cagrad loss=0.5661 train_acc=nan train_loss=nan val_acc=nan val_loss=nan best=-1.0000
[step 0030/150] method=baseline_cagrad loss=0.5402 train_acc=nan train_loss=nan val_acc=nan val_loss=nan best=-1.0000
[step 0040/150] method=baseline_cagrad loss=0.6052 train_acc=nan train_loss=nan val_acc=nan val_loss=nan best=-1.0000
[step 0050/150] method=baseline_cagrad loss=0.6294 train_acc=0.8589 train_loss=0.4029 val_acc=0.8612 val_loss=0.4072 router_H=0.6294 best=0.8612
           router_load=[0.17247679829597473, 0.65566086769104, 0.17186248302459717, 0.0]
[step 0060/150] method=baseline_cagrad loss=0.6009 train_acc=0.8589 train_loss=0.4029 val_acc=0.8612 val_loss=0.4072 router_H=0.6294 best=0.8612
           router_load=[0.17247679829597473, 0.65566086769104, 0.17186248302459717, 0.0]
[step 0070/150] method=baseline_cagrad loss=0.5420 train_acc=0.8589 train_loss=0.4029 val_acc=0.8612 val_loss=0.4072 router_H=0.6294 best=0.8612
           router_load=[0.17247679829597473, 0.65566086769104, 0.17186248302459717, 0.0]
[step 0080/150] method=baseline_cagrad loss=0.3718 train_acc=0.8589 train_loss=0.4029 val_acc=0.8612 val_loss=0.4072 router_H=0.6294 best=0.8612
           router_load=[0.17247679829597473, 0.65566086769104, 0.17186248302459717, 0.0]
[step 0090/150] method=baseline_cagrad loss=0.1429 train_acc=0.8589 train_loss=0.4029 val_acc=0.8612 val_loss=0.4072 router_H=0.6294 best=0.8612
           router_load=[0.17247679829597473, 0.65566086769104, 0.17186248302459717, 0.0]
[step 0100/150] method=baseline_cagrad loss=0.4115 train_acc=0.8661 train_loss=0.3559 val_acc=0.8991 val_loss=0.2765 router_H=0.5220 best=0.8991
           router_load=[0.03518982231616974, 0.7058494687080383, 0.24084308743476868, 0.01811755821108818]
[step 0110/150] method=baseline_cagrad loss=0.4734 train_acc=0.8661 train_loss=0.3559 val_acc=0.8991 val_loss=0.2765 router_H=0.5220 best=0.8991
           router_load=[0.03518982231616974, 0.7058494687080383, 0.24084308743476868, 0.01811755821108818]
[step 0120/150] method=baseline_cagrad loss=0.3235 train_acc=0.8661 train_loss=0.3559 val_acc=0.8991 val_loss=0.2765 router_H=0.5220 best=0.8991
           router_load=[0.03518982231616974, 0.7058494687080383, 0.24084308743476868, 0.01811755821108818]
[step 0130/150] method=baseline_cagrad loss=0.3038 train_acc=0.8661 train_loss=0.3559 val_acc=0.8991 val_loss=0.2765 router_H=0.5220 best=0.8991
           router_load=[0.03518982231616974, 0.7058494687080383, 0.24084308743476868, 0.01811755821108818]
[step 0140/150] method=baseline_cagrad loss=0.2158 train_acc=0.8661 train_loss=0.3559 val_acc=0.8991 val_loss=0.2765 router_H=0.5220 best=0.8991
           router_load=[0.03518982231616974, 0.7058494687080383, 0.24084308743476868, 0.01811755821108818]
[step 0150/150] method=baseline_cagrad loss=0.1594 train_acc=0.8925 train_loss=0.2808 val_acc=0.9128 val_loss=0.2381 router_H=0.4837 best=0.9128
           router_load=[0.018729211762547493, 0.6430031061172485, 0.31742873787879944, 0.020838778465986252]
saved summary -> /home/zhujjing/MOE-grad-conflict-routing/runs/paper_suite/single_gpu/single_task/roberta_sst2_ffn_e4_k2/hpo/cagrad/trial_runs/coord_03_train_grad_clip_005/cagrad_s3.json
saved curve -> /home/zhujjing/MOE-grad-conflict-routing/runs/paper_suite/single_gpu/single_task/roberta_sst2_ffn_e4_k2/hpo/cagrad/trial_runs/coord_03_train_grad_clip_005/cagrad_s3_curve.csv
