[run] method=cagrad candidate=local_var_topk_024 seed=3 steps=200 gpu=0
[run] cmd=
/home/zhujjing/anaconda3/envs/moe/bin/python /home/zhujjing/MOE-grad-conflict-routing/scripts/run.py --config configs/multitask_glue3_rte_mrpc_cola_real.yaml --set model.backbone_backend=hf --set model.hf_load_pretrained=true --set model.hf_local_files_only=true --set model.backbone=roberta --set model.hf_pretrained_name=roberta-base --set model.expert_type=ffn --set model.routing_mode=topk --set model.num_experts=4 --set model.top_k=2 --set train.eval_train_fraction=0.10 --set train.eval_train_max_batches=-1 --set train.eval_max_batches=-1 --set seed=3 --set method.name=baseline_cagrad --set train.steps=200 --set train.eval_every_steps=100 --set method.baseline_cagrad.c=0.51392653 --set method.baseline_cagrad.inner_lr=0.07383627008 --set train.grad_clip=1.594082469 --set train.lr=4e-05 --set train.weight_decay=0.01034654618 --out /home/zhujjing/MOE-grad-conflict-routing/runs/paper_suite/single_gpu/multi_task/glue3_roberta_ffn_e4_k2/hpo/cagrad/trial_runs/local_var_topk_024/cagrad_s3.json --curve_out /home/zhujjing/MOE-grad-conflict-routing/runs/paper_suite/single_gpu/multi_task/glue3_roberta_ffn_e4_k2/hpo/cagrad/trial_runs/local_var_topk_024/cagrad_s3_curve.csv
Using the latest cached version of the dataset since glue couldn't be found on the Hugging Face Hub (offline mode is enabled).
Found the latest cached dataset configuration 'rte' at /home/zhujjing/hf_cache/datasets/glue/rte/0.0.0/bcdcba79d07bc864c1c254ccfcedcce55bcc9a8c (last modified on Thu Mar 19 15:00:36 2026).
/home/zhujjing/anaconda3/envs/moe/lib/python3.10/site-packages/transformers/utils/hub.py:124: FutureWarning: Using `TRANSFORMERS_CACHE` is deprecated and will be removed in v5 of Transformers. Use `HF_HOME` instead.
  warnings.warn(
Using the latest cached version of the dataset since glue couldn't be found on the Hugging Face Hub (offline mode is enabled).
Found the latest cached dataset configuration 'mrpc' at /home/zhujjing/hf_cache/datasets/glue/mrpc/0.0.0/bcdcba79d07bc864c1c254ccfcedcce55bcc9a8c (last modified on Thu Mar 19 15:01:06 2026).
Using the latest cached version of the dataset since glue couldn't be found on the Hugging Face Hub (offline mode is enabled).
Found the latest cached dataset configuration 'cola' at /home/zhujjing/hf_cache/datasets/glue/cola/0.0.0/bcdcba79d07bc864c1c254ccfcedcce55bcc9a8c (last modified on Thu Mar 19 15:02:09 2026).
Some weights of RobertaModel were not initialized from the model checkpoint at roberta-base and are newly initialized: ['roberta.pooler.dense.bias', 'roberta.pooler.dense.weight']
You should probably TRAIN this model on a down-stream task to be able to use it for predictions and inference.
[step 0001/200] method=baseline_cagrad loss=0.6844 train_acc=nan train_loss=nan val_acc=nan val_loss=nan best=-1.0000
[step 0010/200] method=baseline_cagrad loss=0.5431 train_acc=nan train_loss=nan val_acc=nan val_loss=nan best=-1.0000
[step 0020/200] method=baseline_cagrad loss=0.4834 train_acc=nan train_loss=nan val_acc=nan val_loss=nan best=-1.0000
[step 0030/200] method=baseline_cagrad loss=0.6647 train_acc=nan train_loss=nan val_acc=nan val_loss=nan best=-1.0000
[step 0040/200] method=baseline_cagrad loss=0.6493 train_acc=nan train_loss=nan val_acc=nan val_loss=nan best=-1.0000
[step 0050/200] method=baseline_cagrad loss=0.5766 train_acc=nan train_loss=nan val_acc=nan val_loss=nan best=-1.0000
[step 0060/200] method=baseline_cagrad loss=0.5978 train_acc=nan train_loss=nan val_acc=nan val_loss=nan best=-1.0000
[step 0070/200] method=baseline_cagrad loss=0.6064 train_acc=nan train_loss=nan val_acc=nan val_loss=nan best=-1.0000
[step 0080/200] method=baseline_cagrad loss=0.7681 train_acc=nan train_loss=nan val_acc=nan val_loss=nan best=-1.0000
[step 0090/200] method=baseline_cagrad loss=0.4578 train_acc=nan train_loss=nan val_acc=nan val_loss=nan best=-1.0000
[step 0100/200] method=baseline_cagrad loss=0.6962 train_acc=0.6323 train_loss=0.5996 val_acc=0.6254 val_loss=0.6214 router_H=0.5405 best=0.6254
           router_load=[0.17960189282894135, 0.7475951313972473, 0.01049269363284111, 0.06231062114238739]
[step 0110/200] method=baseline_cagrad loss=0.5184 train_acc=0.6323 train_loss=0.5996 val_acc=0.6254 val_loss=0.6214 router_H=0.5405 best=0.6254
           router_load=[0.17960189282894135, 0.7475951313972473, 0.01049269363284111, 0.06231062114238739]
[step 0120/200] method=baseline_cagrad loss=0.5284 train_acc=0.6323 train_loss=0.5996 val_acc=0.6254 val_loss=0.6214 router_H=0.5405 best=0.6254
           router_load=[0.17960189282894135, 0.7475951313972473, 0.01049269363284111, 0.06231062114238739]
[step 0130/200] method=baseline_cagrad loss=0.4520 train_acc=0.6323 train_loss=0.5996 val_acc=0.6254 val_loss=0.6214 router_H=0.5405 best=0.6254
           router_load=[0.17960189282894135, 0.7475951313972473, 0.01049269363284111, 0.06231062114238739]
[step 0140/200] method=baseline_cagrad loss=0.6652 train_acc=0.6323 train_loss=0.5996 val_acc=0.6254 val_loss=0.6214 router_H=0.5405 best=0.6254
           router_load=[0.17960189282894135, 0.7475951313972473, 0.01049269363284111, 0.06231062114238739]
[step 0150/200] method=baseline_cagrad loss=0.5379 train_acc=0.6323 train_loss=0.5996 val_acc=0.6254 val_loss=0.6214 router_H=0.5405 best=0.6254
           router_load=[0.17960189282894135, 0.7475951313972473, 0.01049269363284111, 0.06231062114238739]
[step 0160/200] method=baseline_cagrad loss=0.5973 train_acc=0.6323 train_loss=0.5996 val_acc=0.6254 val_loss=0.6214 router_H=0.5405 best=0.6254
           router_load=[0.17960189282894135, 0.7475951313972473, 0.01049269363284111, 0.06231062114238739]
[step 0170/200] method=baseline_cagrad loss=0.6870 train_acc=0.6323 train_loss=0.5996 val_acc=0.6254 val_loss=0.6214 router_H=0.5405 best=0.6254
           router_load=[0.17960189282894135, 0.7475951313972473, 0.01049269363284111, 0.06231062114238739]
[step 0180/200] method=baseline_cagrad loss=0.8276 train_acc=0.6323 train_loss=0.5996 val_acc=0.6254 val_loss=0.6214 router_H=0.5405 best=0.6254
           router_load=[0.17960189282894135, 0.7475951313972473, 0.01049269363284111, 0.06231062114238739]
[step 0190/200] method=baseline_cagrad loss=0.6671 train_acc=0.6323 train_loss=0.5996 val_acc=0.6254 val_loss=0.6214 router_H=0.5405 best=0.6254
           router_load=[0.17960189282894135, 0.7475951313972473, 0.01049269363284111, 0.06231062114238739]
[step 0200/200] method=baseline_cagrad loss=0.6634 train_acc=0.6732 train_loss=0.5934 val_acc=0.6906 val_loss=0.5948 router_H=0.6236 best=0.6906
           router_load=[0.0525912381708622, 0.663532018661499, 0.24146366119384766, 0.042413268238306046]
saved summary -> /home/zhujjing/MOE-grad-conflict-routing/runs/paper_suite/single_gpu/multi_task/glue3_roberta_ffn_e4_k2/hpo/cagrad/trial_runs/local_var_topk_024/cagrad_s3.json
saved curve -> /home/zhujjing/MOE-grad-conflict-routing/runs/paper_suite/single_gpu/multi_task/glue3_roberta_ffn_e4_k2/hpo/cagrad/trial_runs/local_var_topk_024/cagrad_s3_curve.csv
