[run] method=cagrad candidate=coord_02_train_weight_decay_007 seed=3 steps=150 gpu=0
[run] cmd=
/home/zhujjing/anaconda3/envs/moe/bin/python /home/zhujjing/MOE-grad-conflict-routing/scripts/run.py --config configs/singletask_mrpc_real.yaml --set model.backbone_backend=hf --set model.hf_load_pretrained=true --set model.backbone=deberta --set model.hf_pretrained_name=microsoft/deberta-v3-base --set model.expert_type=ffn --set model.routing_mode=topk --set model.num_experts=4 --set model.top_k=2 --set seed=3 --set method.name=baseline_cagrad --set train.steps=150 --set train.eval_every_steps=50 --set method.baseline_cagrad.c=0.4 --set method.baseline_cagrad.inner_lr=0.1 --set train.grad_clip=1 --set train.lr=7.848640431e-05 --set train.weight_decay=0.005634744023 --out /home/zhujjing/MOE-grad-conflict-routing/runs/paper_suite/single_gpu/single_task/deberta_mrpc_ffn_e4_k2/hpo/cagrad/trial_runs/coord_02_train_weight_decay_007/cagrad_s3.json --curve_out /home/zhujjing/MOE-grad-conflict-routing/runs/paper_suite/single_gpu/single_task/deberta_mrpc_ffn_e4_k2/hpo/cagrad/trial_runs/coord_02_train_weight_decay_007/cagrad_s3_curve.csv
Using the latest cached version of the dataset since glue couldn't be found on the Hugging Face Hub (offline mode is enabled).
Found the latest cached dataset configuration 'mrpc' at /home/zhujjing/hf_cache/datasets/glue/mrpc/0.0.0/bcdcba79d07bc864c1c254ccfcedcce55bcc9a8c (last modified on Thu Mar 19 15:01:06 2026).
/home/zhujjing/anaconda3/envs/moe/lib/python3.10/site-packages/transformers/utils/hub.py:124: FutureWarning: Using `TRANSFORMERS_CACHE` is deprecated and will be removed in v5 of Transformers. Use `HF_HOME` instead.
  warnings.warn(
/home/zhujjing/anaconda3/envs/moe/lib/python3.10/site-packages/transformers/convert_slow_tokenizer.py:560: UserWarning: The sentencepiece tokenizer that you are converting to a fast tokenizer uses the byte fallback option which is not implemented in the fast tokenizers. In practice this means that the fast version of the tokenizer can produce unknown tokens whereas the sentencepiece version would have converted these unknown tokens into a sequence of byte tokens matching the original piece of text.
  warnings.warn(
[step 0001/150] method=baseline_cagrad loss=0.7030 train_acc=nan train_loss=nan val_acc=nan val_loss=nan best=-1.0000
[step 0010/150] method=baseline_cagrad loss=0.6577 train_acc=nan train_loss=nan val_acc=nan val_loss=nan best=-1.0000
[step 0020/150] method=baseline_cagrad loss=0.5200 train_acc=nan train_loss=nan val_acc=nan val_loss=nan best=-1.0000
[step 0030/150] method=baseline_cagrad loss=0.4102 train_acc=nan train_loss=nan val_acc=nan val_loss=nan best=-1.0000
[step 0040/150] method=baseline_cagrad loss=0.5155 train_acc=nan train_loss=nan val_acc=nan val_loss=nan best=-1.0000
[step 0050/150] method=baseline_cagrad loss=0.2834 train_acc=0.8146 train_loss=0.3894 val_acc=0.8088 val_loss=0.3975 router_H=0.4968 best=0.8088
           router_load=[0.7724406719207764, 0.22755944728851318, 0.0, 0.0]
[step 0060/150] method=baseline_cagrad loss=0.6263 train_acc=0.8146 train_loss=0.3894 val_acc=0.8088 val_loss=0.3975 router_H=0.4968 best=0.8088
           router_load=[0.7724406719207764, 0.22755944728851318, 0.0, 0.0]
[step 0070/150] method=baseline_cagrad loss=0.3225 train_acc=0.8146 train_loss=0.3894 val_acc=0.8088 val_loss=0.3975 router_H=0.4968 best=0.8088
           router_load=[0.7724406719207764, 0.22755944728851318, 0.0, 0.0]
[step 0080/150] method=baseline_cagrad loss=0.3327 train_acc=0.8146 train_loss=0.3894 val_acc=0.8088 val_loss=0.3975 router_H=0.4968 best=0.8088
           router_load=[0.7724406719207764, 0.22755944728851318, 0.0, 0.0]
[step 0090/150] method=baseline_cagrad loss=0.7315 train_acc=0.8146 train_loss=0.3894 val_acc=0.8088 val_loss=0.3975 router_H=0.4968 best=0.8088
           router_load=[0.7724406719207764, 0.22755944728851318, 0.0, 0.0]
[step 0100/150] method=baseline_cagrad loss=0.4970 train_acc=0.8610 train_loss=0.3387 val_acc=0.8260 val_loss=0.3913 router_H=0.4267 best=0.8260
           router_load=[0.7708815932273865, 0.22835735976696014, 0.0007611997425556183, 0.0]
[step 0110/150] method=baseline_cagrad loss=0.4426 train_acc=0.8610 train_loss=0.3387 val_acc=0.8260 val_loss=0.3913 router_H=0.4267 best=0.8260
           router_load=[0.7708815932273865, 0.22835735976696014, 0.0007611997425556183, 0.0]
[step 0120/150] method=baseline_cagrad loss=0.2297 train_acc=0.8610 train_loss=0.3387 val_acc=0.8260 val_loss=0.3913 router_H=0.4267 best=0.8260
           router_load=[0.7708815932273865, 0.22835735976696014, 0.0007611997425556183, 0.0]
[step 0130/150] method=baseline_cagrad loss=0.3148 train_acc=0.8610 train_loss=0.3387 val_acc=0.8260 val_loss=0.3913 router_H=0.4267 best=0.8260
           router_load=[0.7708815932273865, 0.22835735976696014, 0.0007611997425556183, 0.0]
[step 0140/150] method=baseline_cagrad loss=0.5745 train_acc=0.8610 train_loss=0.3387 val_acc=0.8260 val_loss=0.3913 router_H=0.4267 best=0.8260
           router_load=[0.7708815932273865, 0.22835735976696014, 0.0007611997425556183, 0.0]
[step 0150/150] method=baseline_cagrad loss=0.2436 train_acc=0.8879 train_loss=0.2916 val_acc=0.8750 val_loss=0.3138 router_H=0.4470 best=0.8750
           router_load=[0.6504918932914734, 0.3154003620147705, 0.0316443108022213, 0.0024633388966321945]
saved summary -> /home/zhujjing/MOE-grad-conflict-routing/runs/paper_suite/single_gpu/single_task/deberta_mrpc_ffn_e4_k2/hpo/cagrad/trial_runs/coord_02_train_weight_decay_007/cagrad_s3.json
saved curve -> /home/zhujjing/MOE-grad-conflict-routing/runs/paper_suite/single_gpu/single_task/deberta_mrpc_ffn_e4_k2/hpo/cagrad/trial_runs/coord_02_train_weight_decay_007/cagrad_s3_curve.csv
