[run] method=cagrad candidate=coord_04_method_baseline_cagrad_c_007 seed=3 steps=150 gpu=0
[run] cmd=
/home/zhujjing/anaconda3/envs/moe/bin/python /home/zhujjing/MOE-grad-conflict-routing/scripts/run.py --config configs/singletask_rte_real.yaml --set model.backbone_backend=hf --set model.hf_load_pretrained=true --set model.hf_local_files_only=true --set model.backbone=roberta --set model.hf_pretrained_name=roberta-base --set model.expert_type=ffn --set model.routing_mode=topk --set model.num_experts=4 --set model.top_k=2 --set seed=3 --set method.name=baseline_cagrad --set train.steps=150 --set train.eval_every_steps=50 --set method.baseline_cagrad.c=0.69392653 --set method.baseline_cagrad.inner_lr=0.1 --set train.grad_clip=0.7780371314 --set train.lr=2.52305587e-05 --set train.weight_decay=0.03456878451 --out /home/zhujjing/MOE-grad-conflict-routing/runs/paper_suite/single_gpu/single_task/roberta_rte_ffn_e4_k2_supplement/hpo/cagrad/trial_runs/coord_04_method_baseline_cagrad_c_007/cagrad_s3.json --curve_out /home/zhujjing/MOE-grad-conflict-routing/runs/paper_suite/single_gpu/single_task/roberta_rte_ffn_e4_k2_supplement/hpo/cagrad/trial_runs/coord_04_method_baseline_cagrad_c_007/cagrad_s3_curve.csv
Using the latest cached version of the dataset since glue couldn't be found on the Hugging Face Hub (offline mode is enabled).
Found the latest cached dataset configuration 'rte' at /home/zhujjing/hf_cache/datasets/glue/rte/0.0.0/bcdcba79d07bc864c1c254ccfcedcce55bcc9a8c (last modified on Thu Mar 19 15:00:36 2026).
/home/zhujjing/anaconda3/envs/moe/lib/python3.10/site-packages/transformers/utils/hub.py:124: FutureWarning: Using `TRANSFORMERS_CACHE` is deprecated and will be removed in v5 of Transformers. Use `HF_HOME` instead.
  warnings.warn(
Some weights of RobertaModel were not initialized from the model checkpoint at roberta-base and are newly initialized: ['roberta.pooler.dense.bias', 'roberta.pooler.dense.weight']
You should probably TRAIN this model on a down-stream task to be able to use it for predictions and inference.
[step 0001/150] method=baseline_cagrad loss=0.6933 train_acc=nan train_loss=nan val_acc=nan val_loss=nan best=-1.0000
[step 0010/150] method=baseline_cagrad loss=0.7045 train_acc=nan train_loss=nan val_acc=nan val_loss=nan best=-1.0000
[step 0020/150] method=baseline_cagrad loss=0.7091 train_acc=nan train_loss=nan val_acc=nan val_loss=nan best=-1.0000
[step 0030/150] method=baseline_cagrad loss=0.6645 train_acc=nan train_loss=nan val_acc=nan val_loss=nan best=-1.0000
[step 0040/150] method=baseline_cagrad loss=0.6704 train_acc=nan train_loss=nan val_acc=nan val_loss=nan best=-1.0000
[step 0050/150] method=baseline_cagrad loss=0.6253 train_acc=0.5625 train_loss=0.6759 val_acc=0.5632 val_loss=0.6964 router_H=0.6667 best=0.5632
           router_load=[0.5839838981628418, 0.0840071365237236, 0.011930936016142368, 0.320078045129776]
[step 0060/150] method=baseline_cagrad loss=0.6294 train_acc=0.5625 train_loss=0.6759 val_acc=0.5632 val_loss=0.6964 router_H=0.6667 best=0.5632
           router_load=[0.5839838981628418, 0.0840071365237236, 0.011930936016142368, 0.320078045129776]
[step 0070/150] method=baseline_cagrad loss=0.6764 train_acc=0.5625 train_loss=0.6759 val_acc=0.5632 val_loss=0.6964 router_H=0.6667 best=0.5632
           router_load=[0.5839838981628418, 0.0840071365237236, 0.011930936016142368, 0.320078045129776]
[step 0080/150] method=baseline_cagrad loss=0.5663 train_acc=0.5625 train_loss=0.6759 val_acc=0.5632 val_loss=0.6964 router_H=0.6667 best=0.5632
           router_load=[0.5839838981628418, 0.0840071365237236, 0.011930936016142368, 0.320078045129776]
[step 0090/150] method=baseline_cagrad loss=0.5923 train_acc=0.5625 train_loss=0.6759 val_acc=0.5632 val_loss=0.6964 router_H=0.6667 best=0.5632
           router_load=[0.5839838981628418, 0.0840071365237236, 0.011930936016142368, 0.320078045129776]
[step 0100/150] method=baseline_cagrad loss=0.7161 train_acc=0.7305 train_loss=0.5818 val_acc=0.6426 val_loss=0.6291 router_H=0.5635 best=0.6426
           router_load=[0.7454822659492493, 0.1603347808122635, 0.05195394903421402, 0.04222913086414337]
[step 0110/150] method=baseline_cagrad loss=0.6227 train_acc=0.7305 train_loss=0.5818 val_acc=0.6426 val_loss=0.6291 router_H=0.5635 best=0.6426
           router_load=[0.7454822659492493, 0.1603347808122635, 0.05195394903421402, 0.04222913086414337]
[step 0120/150] method=baseline_cagrad loss=0.7422 train_acc=0.7305 train_loss=0.5818 val_acc=0.6426 val_loss=0.6291 router_H=0.5635 best=0.6426
           router_load=[0.7454822659492493, 0.1603347808122635, 0.05195394903421402, 0.04222913086414337]
[step 0130/150] method=baseline_cagrad loss=0.7040 train_acc=0.7305 train_loss=0.5818 val_acc=0.6426 val_loss=0.6291 router_H=0.5635 best=0.6426
           router_load=[0.7454822659492493, 0.1603347808122635, 0.05195394903421402, 0.04222913086414337]
[step 0140/150] method=baseline_cagrad loss=0.5859 train_acc=0.7305 train_loss=0.5818 val_acc=0.6426 val_loss=0.6291 router_H=0.5635 best=0.6426
           router_load=[0.7454822659492493, 0.1603347808122635, 0.05195394903421402, 0.04222913086414337]
[step 0150/150] method=baseline_cagrad loss=0.5182 train_acc=0.7422 train_loss=0.5340 val_acc=0.7112 val_loss=0.5707 router_H=0.5702 best=0.7112
           router_load=[0.7378959059715271, 0.155491903424263, 0.04777281731367111, 0.058839280158281326]
saved summary -> /home/zhujjing/MOE-grad-conflict-routing/runs/paper_suite/single_gpu/single_task/roberta_rte_ffn_e4_k2_supplement/hpo/cagrad/trial_runs/coord_04_method_baseline_cagrad_c_007/cagrad_s3.json
saved curve -> /home/zhujjing/MOE-grad-conflict-routing/runs/paper_suite/single_gpu/single_task/roberta_rte_ffn_e4_k2_supplement/hpo/cagrad/trial_runs/coord_04_method_baseline_cagrad_c_007/cagrad_s3_curve.csv
