[run] method=cagrad candidate=coord_04_method_baseline_cagrad_c_012 seed=3 steps=150 gpu=0
[run] cmd=
/home/zhujjing/anaconda3/envs/moe/bin/python /home/zhujjing/MOE-grad-conflict-routing/scripts/run.py --config configs/singletask_rte_real.yaml --set model.backbone_backend=hf --set model.hf_load_pretrained=true --set model.hf_local_files_only=true --set model.backbone=roberta --set model.hf_pretrained_name=roberta-base --set model.expert_type=ffn --set model.routing_mode=topk --set model.num_experts=4 --set model.top_k=2 --set seed=3 --set method.name=baseline_cagrad --set train.steps=150 --set train.eval_every_steps=50 --set method.baseline_cagrad.c=0.9009367383 --set method.baseline_cagrad.inner_lr=0.1 --set train.grad_clip=0.7780371314 --set train.lr=2.52305587e-05 --set train.weight_decay=0.03456878451 --out /home/zhujjing/MOE-grad-conflict-routing/runs/paper_suite/single_gpu/single_task/roberta_rte_ffn_e4_k2_supplement/hpo/cagrad/trial_runs/coord_04_method_baseline_cagrad_c_012/cagrad_s3.json --curve_out /home/zhujjing/MOE-grad-conflict-routing/runs/paper_suite/single_gpu/single_task/roberta_rte_ffn_e4_k2_supplement/hpo/cagrad/trial_runs/coord_04_method_baseline_cagrad_c_012/cagrad_s3_curve.csv
Using the latest cached version of the dataset since glue couldn't be found on the Hugging Face Hub (offline mode is enabled).
Found the latest cached dataset configuration 'rte' at /home/zhujjing/hf_cache/datasets/glue/rte/0.0.0/bcdcba79d07bc864c1c254ccfcedcce55bcc9a8c (last modified on Thu Mar 19 15:00:36 2026).
/home/zhujjing/anaconda3/envs/moe/lib/python3.10/site-packages/transformers/utils/hub.py:124: FutureWarning: Using `TRANSFORMERS_CACHE` is deprecated and will be removed in v5 of Transformers. Use `HF_HOME` instead.
  warnings.warn(
Some weights of RobertaModel were not initialized from the model checkpoint at roberta-base and are newly initialized: ['roberta.pooler.dense.bias', 'roberta.pooler.dense.weight']
You should probably TRAIN this model on a down-stream task to be able to use it for predictions and inference.
[step 0001/150] method=baseline_cagrad loss=0.6916 train_acc=nan train_loss=nan val_acc=nan val_loss=nan best=-1.0000
[step 0010/150] method=baseline_cagrad loss=0.6931 train_acc=nan train_loss=nan val_acc=nan val_loss=nan best=-1.0000
[step 0020/150] method=baseline_cagrad loss=0.6951 train_acc=nan train_loss=nan val_acc=nan val_loss=nan best=-1.0000
[step 0030/150] method=baseline_cagrad loss=0.6898 train_acc=nan train_loss=nan val_acc=nan val_loss=nan best=-1.0000
[step 0040/150] method=baseline_cagrad loss=0.6778 train_acc=nan train_loss=nan val_acc=nan val_loss=nan best=-1.0000
[step 0050/150] method=baseline_cagrad loss=0.6704 train_acc=0.6406 train_loss=0.6481 val_acc=0.5957 val_loss=0.6647 router_H=0.6406 best=0.5957
           router_load=[0.34637343883514404, 0.10105188190937042, 0.0, 0.5525748133659363]
[step 0060/150] method=baseline_cagrad loss=0.6356 train_acc=0.6406 train_loss=0.6481 val_acc=0.5957 val_loss=0.6647 router_H=0.6406 best=0.5957
           router_load=[0.34637343883514404, 0.10105188190937042, 0.0, 0.5525748133659363]
[step 0070/150] method=baseline_cagrad loss=0.7123 train_acc=0.6406 train_loss=0.6481 val_acc=0.5957 val_loss=0.6647 router_H=0.6406 best=0.5957
           router_load=[0.34637343883514404, 0.10105188190937042, 0.0, 0.5525748133659363]
[step 0080/150] method=baseline_cagrad loss=0.5860 train_acc=0.6406 train_loss=0.6481 val_acc=0.5957 val_loss=0.6647 router_H=0.6406 best=0.5957
           router_load=[0.34637343883514404, 0.10105188190937042, 0.0, 0.5525748133659363]
[step 0090/150] method=baseline_cagrad loss=0.5647 train_acc=0.6406 train_loss=0.6481 val_acc=0.5957 val_loss=0.6647 router_H=0.6406 best=0.5957
           router_load=[0.34637343883514404, 0.10105188190937042, 0.0, 0.5525748133659363]
[step 0100/150] method=baseline_cagrad loss=0.7685 train_acc=0.7305 train_loss=0.5476 val_acc=0.6679 val_loss=0.6036 router_H=0.4449 best=0.6679
           router_load=[0.023652397096157074, 0.013668539933860302, 0.12750805914402008, 0.8351709842681885]
[step 0110/150] method=baseline_cagrad loss=0.6551 train_acc=0.7305 train_loss=0.5476 val_acc=0.6679 val_loss=0.6036 router_H=0.4449 best=0.6679
           router_load=[0.023652397096157074, 0.013668539933860302, 0.12750805914402008, 0.8351709842681885]
[step 0120/150] method=baseline_cagrad loss=0.7661 train_acc=0.7305 train_loss=0.5476 val_acc=0.6679 val_loss=0.6036 router_H=0.4449 best=0.6679
           router_load=[0.023652397096157074, 0.013668539933860302, 0.12750805914402008, 0.8351709842681885]
[step 0130/150] method=baseline_cagrad loss=0.7402 train_acc=0.7305 train_loss=0.5476 val_acc=0.6679 val_loss=0.6036 router_H=0.4449 best=0.6679
           router_load=[0.023652397096157074, 0.013668539933860302, 0.12750805914402008, 0.8351709842681885]
[step 0140/150] method=baseline_cagrad loss=0.6156 train_acc=0.7305 train_loss=0.5476 val_acc=0.6679 val_loss=0.6036 router_H=0.4449 best=0.6679
           router_load=[0.023652397096157074, 0.013668539933860302, 0.12750805914402008, 0.8351709842681885]
[step 0150/150] method=baseline_cagrad loss=0.5309 train_acc=0.7852 train_loss=0.5081 val_acc=0.7112 val_loss=0.5825 router_H=0.5976 best=0.7112
           router_load=[0.12082359194755554, 0.03656398132443428, 0.13944043219089508, 0.7031721472740173]
saved summary -> /home/zhujjing/MOE-grad-conflict-routing/runs/paper_suite/single_gpu/single_task/roberta_rte_ffn_e4_k2_supplement/hpo/cagrad/trial_runs/coord_04_method_baseline_cagrad_c_012/cagrad_s3.json
saved curve -> /home/zhujjing/MOE-grad-conflict-routing/runs/paper_suite/single_gpu/single_task/roberta_rte_ffn_e4_k2_supplement/hpo/cagrad/trial_runs/coord_04_method_baseline_cagrad_c_012/cagrad_s3_curve.csv
