[run] method=ours candidate=coord_03_anchor seed=2 steps=150 gpu=0
[run] cmd=
/home/zhujjing/anaconda3/envs/moe/bin/python /home/zhujjing/MOE-grad-conflict-routing/scripts/run.py --config configs/singletask_sst2_real.yaml --set model.backbone_backend=hf --set model.hf_load_pretrained=true --set model.hf_local_files_only=true --set model.backbone=deberta --set model.hf_pretrained_name=microsoft/deberta-v3-base --set model.expert_type=lora --set model.routing_mode=topk --set model.num_experts=4 --set model.top_k=2 --set seed=2 --set method.name=ours --set train.steps=150 --set train.eval_every_steps=50 --set method.ours.use_load_norm=true --set method.ours.lambda_align=0.001 --set train.grad_clip=1 --set train.lr=2.166929843e-05 --set train.weight_decay=0.002820878098 --out /home/zhujjing/MOE-grad-conflict-routing/runs/paper_suite/single_gpu/single_task/deberta_sst2_lora_e4_k2_supplement/hpo/ours/trial_runs/coord_03_anchor/ours_s2.json --curve_out /home/zhujjing/MOE-grad-conflict-routing/runs/paper_suite/single_gpu/single_task/deberta_sst2_lora_e4_k2_supplement/hpo/ours/trial_runs/coord_03_anchor/ours_s2_curve.csv
Using the latest cached version of the dataset since glue couldn't be found on the Hugging Face Hub (offline mode is enabled).
Found the latest cached dataset configuration 'sst2' at /home/zhujjing/hf_cache/datasets/glue/sst2/0.0.0/bcdcba79d07bc864c1c254ccfcedcce55bcc9a8c (last modified on Thu Mar 19 15:01:41 2026).
/home/zhujjing/anaconda3/envs/moe/lib/python3.10/site-packages/transformers/utils/hub.py:124: FutureWarning: Using `TRANSFORMERS_CACHE` is deprecated and will be removed in v5 of Transformers. Use `HF_HOME` instead.
  warnings.warn(
/home/zhujjing/anaconda3/envs/moe/lib/python3.10/site-packages/transformers/convert_slow_tokenizer.py:560: UserWarning: The sentencepiece tokenizer that you are converting to a fast tokenizer uses the byte fallback option which is not implemented in the fast tokenizers. In practice this means that the fast version of the tokenizer can produce unknown tokens whereas the sentencepiece version would have converted these unknown tokens into a sequence of byte tokens matching the original piece of text.
  warnings.warn(
[step 0001/150] method=ours loss=0.5175 train_acc=nan train_loss=nan val_acc=nan val_loss=nan best=-1.0000
[step 0010/150] method=ours loss=0.6872 train_acc=nan train_loss=nan val_acc=nan val_loss=nan best=-1.0000
[step 0020/150] method=ours loss=0.4269 train_acc=nan train_loss=nan val_acc=nan val_loss=nan best=-1.0000
[step 0030/150] method=ours loss=0.4062 train_acc=nan train_loss=nan val_acc=nan val_loss=nan best=-1.0000
[step 0040/150] method=ours loss=0.1172 train_acc=nan train_loss=nan val_acc=nan val_loss=nan best=-1.0000
[step 0050/150] method=ours loss=0.0843 train_acc=0.8585 train_loss=0.3970 val_acc=0.7523 val_loss=0.6404 router_H=0.6836 best=0.7523
           router_load=[0.00864547211676836, 0.3422454595565796, 0.5470001101493835, 0.10210888832807541]
[step 0060/150] method=ours loss=0.1603 train_acc=0.8585 train_loss=0.3970 val_acc=0.7523 val_loss=0.6404 router_H=0.6836 best=0.7523
           router_load=[0.00864547211676836, 0.3422454595565796, 0.5470001101493835, 0.10210888832807541]
[step 0070/150] method=ours loss=0.5367 train_acc=0.8585 train_loss=0.3970 val_acc=0.7523 val_loss=0.6404 router_H=0.6836 best=0.7523
           router_load=[0.00864547211676836, 0.3422454595565796, 0.5470001101493835, 0.10210888832807541]
[step 0080/150] method=ours loss=0.4136 train_acc=0.8585 train_loss=0.3970 val_acc=0.7523 val_loss=0.6404 router_H=0.6836 best=0.7523
           router_load=[0.00864547211676836, 0.3422454595565796, 0.5470001101493835, 0.10210888832807541]
[step 0090/150] method=ours loss=0.1646 train_acc=0.8585 train_loss=0.3970 val_acc=0.7523 val_loss=0.6404 router_H=0.6836 best=0.7523
           router_load=[0.00864547211676836, 0.3422454595565796, 0.5470001101493835, 0.10210888832807541]
[step 0100/150] method=ours loss=0.2400 train_acc=0.9069 train_loss=0.2657 val_acc=0.8865 val_loss=0.3108 router_H=0.6869 best=0.8865
           router_load=[0.018099309876561165, 0.28397655487060547, 0.4991821050643921, 0.1987418830394745]
[step 0110/150] method=ours loss=0.1439 train_acc=0.9069 train_loss=0.2657 val_acc=0.8865 val_loss=0.3108 router_H=0.6869 best=0.8865
           router_load=[0.018099309876561165, 0.28397655487060547, 0.4991821050643921, 0.1987418830394745]
[step 0120/150] method=ours loss=0.2483 train_acc=0.9069 train_loss=0.2657 val_acc=0.8865 val_loss=0.3108 router_H=0.6869 best=0.8865
           router_load=[0.018099309876561165, 0.28397655487060547, 0.4991821050643921, 0.1987418830394745]
[step 0130/150] method=ours loss=0.3965 train_acc=0.9069 train_loss=0.2657 val_acc=0.8865 val_loss=0.3108 router_H=0.6869 best=0.8865
           router_load=[0.018099309876561165, 0.28397655487060547, 0.4991821050643921, 0.1987418830394745]
[step 0140/150] method=ours loss=0.2775 train_acc=0.9069 train_loss=0.2657 val_acc=0.8865 val_loss=0.3108 router_H=0.6869 best=0.8865
           router_load=[0.018099309876561165, 0.28397655487060547, 0.4991821050643921, 0.1987418830394745]
[step 0150/150] method=ours loss=0.2503 train_acc=0.9227 train_loss=0.2184 val_acc=0.9197 val_loss=0.2390 router_H=0.6848 best=0.9197
           router_load=[0.13539770245552063, 0.2654872536659241, 0.5149422883987427, 0.0841728001832962]
saved summary -> /home/zhujjing/MOE-grad-conflict-routing/runs/paper_suite/single_gpu/single_task/deberta_sst2_lora_e4_k2_supplement/hpo/ours/trial_runs/coord_03_anchor/ours_s2.json
saved curve -> /home/zhujjing/MOE-grad-conflict-routing/runs/paper_suite/single_gpu/single_task/deberta_sst2_lora_e4_k2_supplement/hpo/ours/trial_runs/coord_03_anchor/ours_s2_curve.csv
