[run] method=ours candidate=coord_03_train_grad_clip_012 seed=3 steps=150 gpu=0
[run] cmd=
/home/zhujjing/anaconda3/envs/moe/bin/python /home/zhujjing/MOE-grad-conflict-routing/scripts/run.py --config configs/singletask_sst2_real.yaml --set model.backbone_backend=hf --set model.hf_load_pretrained=true --set model.hf_local_files_only=true --set model.backbone=deberta --set model.hf_pretrained_name=microsoft/deberta-v3-base --set model.expert_type=lora --set model.routing_mode=topk --set model.num_experts=4 --set model.top_k=2 --set seed=3 --set method.name=ours --set train.steps=150 --set train.eval_every_steps=50 --set method.ours.use_load_norm=true --set method.ours.lambda_align=0.001 --set train.grad_clip=0.6534831993 --set train.lr=2.166929843e-05 --set train.weight_decay=0.002820878098 --out /home/zhujjing/MOE-grad-conflict-routing/runs/paper_suite/single_gpu/single_task/deberta_sst2_lora_e4_k2_supplement/hpo/ours/trial_runs/coord_03_train_grad_clip_012/ours_s3.json --curve_out /home/zhujjing/MOE-grad-conflict-routing/runs/paper_suite/single_gpu/single_task/deberta_sst2_lora_e4_k2_supplement/hpo/ours/trial_runs/coord_03_train_grad_clip_012/ours_s3_curve.csv
Using the latest cached version of the dataset since glue couldn't be found on the Hugging Face Hub (offline mode is enabled).
Found the latest cached dataset configuration 'sst2' at /home/zhujjing/hf_cache/datasets/glue/sst2/0.0.0/bcdcba79d07bc864c1c254ccfcedcce55bcc9a8c (last modified on Thu Mar 19 15:01:41 2026).
/home/zhujjing/anaconda3/envs/moe/lib/python3.10/site-packages/transformers/utils/hub.py:124: FutureWarning: Using `TRANSFORMERS_CACHE` is deprecated and will be removed in v5 of Transformers. Use `HF_HOME` instead.
  warnings.warn(
/home/zhujjing/anaconda3/envs/moe/lib/python3.10/site-packages/transformers/convert_slow_tokenizer.py:560: UserWarning: The sentencepiece tokenizer that you are converting to a fast tokenizer uses the byte fallback option which is not implemented in the fast tokenizers. In practice this means that the fast version of the tokenizer can produce unknown tokens whereas the sentencepiece version would have converted these unknown tokens into a sequence of byte tokens matching the original piece of text.
  warnings.warn(
[step 0001/150] method=ours loss=1.0279 train_acc=nan train_loss=nan val_acc=nan val_loss=nan best=-1.0000
[step 0010/150] method=ours loss=0.6073 train_acc=nan train_loss=nan val_acc=nan val_loss=nan best=-1.0000
[step 0020/150] method=ours loss=0.4876 train_acc=nan train_loss=nan val_acc=nan val_loss=nan best=-1.0000
[step 0030/150] method=ours loss=0.5167 train_acc=nan train_loss=nan val_acc=nan val_loss=nan best=-1.0000
[step 0040/150] method=ours loss=0.3070 train_acc=nan train_loss=nan val_acc=nan val_loss=nan best=-1.0000
[step 0050/150] method=ours loss=0.4268 train_acc=0.8927 train_loss=0.2831 val_acc=0.8830 val_loss=0.2890 router_H=0.6086 best=0.8830
           router_load=[0.23499040305614471, 0.055466100573539734, 0.6382281184196472, 0.07131526619195938]
[step 0060/150] method=ours loss=0.4583 train_acc=0.8927 train_loss=0.2831 val_acc=0.8830 val_loss=0.2890 router_H=0.6086 best=0.8830
           router_load=[0.23499040305614471, 0.055466100573539734, 0.6382281184196472, 0.07131526619195938]
[step 0070/150] method=ours loss=0.2808 train_acc=0.8927 train_loss=0.2831 val_acc=0.8830 val_loss=0.2890 router_H=0.6086 best=0.8830
           router_load=[0.23499040305614471, 0.055466100573539734, 0.6382281184196472, 0.07131526619195938]
[step 0080/150] method=ours loss=0.2044 train_acc=0.8927 train_loss=0.2831 val_acc=0.8830 val_loss=0.2890 router_H=0.6086 best=0.8830
           router_load=[0.23499040305614471, 0.055466100573539734, 0.6382281184196472, 0.07131526619195938]
[step 0090/150] method=ours loss=0.0821 train_acc=0.8927 train_loss=0.2831 val_acc=0.8830 val_loss=0.2890 router_H=0.6086 best=0.8830
           router_load=[0.23499040305614471, 0.055466100573539734, 0.6382281184196472, 0.07131526619195938]
[step 0100/150] method=ours loss=0.3932 train_acc=0.9126 train_loss=0.2521 val_acc=0.9174 val_loss=0.2338 router_H=0.5983 best=0.9174
           router_load=[0.32046106457710266, 0.13470035791397095, 0.4930098056793213, 0.051828838884830475]
[step 0110/150] method=ours loss=0.4769 train_acc=0.9126 train_loss=0.2521 val_acc=0.9174 val_loss=0.2338 router_H=0.5983 best=0.9174
           router_load=[0.32046106457710266, 0.13470035791397095, 0.4930098056793213, 0.051828838884830475]
[step 0120/150] method=ours loss=0.3942 train_acc=0.9126 train_loss=0.2521 val_acc=0.9174 val_loss=0.2338 router_H=0.5983 best=0.9174
           router_load=[0.32046106457710266, 0.13470035791397095, 0.4930098056793213, 0.051828838884830475]
[step 0130/150] method=ours loss=0.1467 train_acc=0.9126 train_loss=0.2521 val_acc=0.9174 val_loss=0.2338 router_H=0.5983 best=0.9174
           router_load=[0.32046106457710266, 0.13470035791397095, 0.4930098056793213, 0.051828838884830475]
[step 0140/150] method=ours loss=0.3508 train_acc=0.9126 train_loss=0.2521 val_acc=0.9174 val_loss=0.2338 router_H=0.5983 best=0.9174
           router_load=[0.32046106457710266, 0.13470035791397095, 0.4930098056793213, 0.051828838884830475]
[step 0150/150] method=ours loss=0.1276 train_acc=0.9244 train_loss=0.2031 val_acc=0.9300 val_loss=0.1971 router_H=0.6098 best=0.9300
           router_load=[0.27352064847946167, 0.12807539105415344, 0.5507004857063293, 0.04770350083708763]
saved summary -> /home/zhujjing/MOE-grad-conflict-routing/runs/paper_suite/single_gpu/single_task/deberta_sst2_lora_e4_k2_supplement/hpo/ours/trial_runs/coord_03_train_grad_clip_012/ours_s3.json
saved curve -> /home/zhujjing/MOE-grad-conflict-routing/runs/paper_suite/single_gpu/single_task/deberta_sst2_lora_e4_k2_supplement/hpo/ours/trial_runs/coord_03_train_grad_clip_012/ours_s3_curve.csv
