[run] method=ours candidate=coord_03_train_grad_clip_001 seed=3 steps=150 gpu=0
[run] cmd=
/home/zhujjing/anaconda3/envs/moe/bin/python /home/zhujjing/MOE-grad-conflict-routing/scripts/run.py --config configs/singletask_sst2_real.yaml --set model.backbone_backend=hf --set model.hf_load_pretrained=true --set model.hf_local_files_only=true --set model.backbone=deberta --set model.hf_pretrained_name=microsoft/deberta-v3-base --set model.expert_type=lora --set model.routing_mode=topk --set model.num_experts=4 --set model.top_k=2 --set seed=3 --set method.name=ours --set train.steps=150 --set train.eval_every_steps=50 --set method.ours.use_load_norm=true --set method.ours.lambda_align=0.001 --set train.grad_clip=1.764511791 --set train.lr=2.166929843e-05 --set train.weight_decay=0.002820878098 --out /home/zhujjing/MOE-grad-conflict-routing/runs/paper_suite/single_gpu/single_task/deberta_sst2_lora_e4_k2_supplement/hpo/ours/trial_runs/coord_03_train_grad_clip_001/ours_s3.json --curve_out /home/zhujjing/MOE-grad-conflict-routing/runs/paper_suite/single_gpu/single_task/deberta_sst2_lora_e4_k2_supplement/hpo/ours/trial_runs/coord_03_train_grad_clip_001/ours_s3_curve.csv
Using the latest cached version of the dataset since glue couldn't be found on the Hugging Face Hub (offline mode is enabled).
Found the latest cached dataset configuration 'sst2' at /home/zhujjing/hf_cache/datasets/glue/sst2/0.0.0/bcdcba79d07bc864c1c254ccfcedcce55bcc9a8c (last modified on Thu Mar 19 15:01:41 2026).
/home/zhujjing/anaconda3/envs/moe/lib/python3.10/site-packages/transformers/utils/hub.py:124: FutureWarning: Using `TRANSFORMERS_CACHE` is deprecated and will be removed in v5 of Transformers. Use `HF_HOME` instead.
  warnings.warn(
/home/zhujjing/anaconda3/envs/moe/lib/python3.10/site-packages/transformers/convert_slow_tokenizer.py:560: UserWarning: The sentencepiece tokenizer that you are converting to a fast tokenizer uses the byte fallback option which is not implemented in the fast tokenizers. In practice this means that the fast version of the tokenizer can produce unknown tokens whereas the sentencepiece version would have converted these unknown tokens into a sequence of byte tokens matching the original piece of text.
  warnings.warn(
[step 0001/150] method=ours loss=0.7813 train_acc=nan train_loss=nan val_acc=nan val_loss=nan best=-1.0000
[step 0010/150] method=ours loss=0.5785 train_acc=nan train_loss=nan val_acc=nan val_loss=nan best=-1.0000
[step 0020/150] method=ours loss=0.5846 train_acc=nan train_loss=nan val_acc=nan val_loss=nan best=-1.0000
[step 0030/150] method=ours loss=0.5943 train_acc=nan train_loss=nan val_acc=nan val_loss=nan best=-1.0000
[step 0040/150] method=ours loss=0.5032 train_acc=nan train_loss=nan val_acc=nan val_loss=nan best=-1.0000
[step 0050/150] method=ours loss=0.4093 train_acc=0.8909 train_loss=0.2890 val_acc=0.8979 val_loss=0.2717 router_H=0.6778 best=0.8979
           router_load=[0.39218613505363464, 0.5081358551979065, 0.06484848260879517, 0.03482960909605026]
[step 0060/150] method=ours loss=0.4934 train_acc=0.8909 train_loss=0.2890 val_acc=0.8979 val_loss=0.2717 router_H=0.6778 best=0.8979
           router_load=[0.39218613505363464, 0.5081358551979065, 0.06484848260879517, 0.03482960909605026]
[step 0070/150] method=ours loss=0.2221 train_acc=0.8909 train_loss=0.2890 val_acc=0.8979 val_loss=0.2717 router_H=0.6778 best=0.8979
           router_load=[0.39218613505363464, 0.5081358551979065, 0.06484848260879517, 0.03482960909605026]
[step 0080/150] method=ours loss=0.1127 train_acc=0.8909 train_loss=0.2890 val_acc=0.8979 val_loss=0.2717 router_H=0.6778 best=0.8979
           router_load=[0.39218613505363464, 0.5081358551979065, 0.06484848260879517, 0.03482960909605026]
[step 0090/150] method=ours loss=0.2228 train_acc=0.8909 train_loss=0.2890 val_acc=0.8979 val_loss=0.2717 router_H=0.6778 best=0.8979
           router_load=[0.39218613505363464, 0.5081358551979065, 0.06484848260879517, 0.03482960909605026]
[step 0100/150] method=ours loss=0.2286 train_acc=0.9042 train_loss=0.2649 val_acc=0.9163 val_loss=0.2281 router_H=0.6606 best=0.9163
           router_load=[0.16319625079631805, 0.5511999130249023, 0.22060935199260712, 0.06499449163675308]
[step 0110/150] method=ours loss=0.5330 train_acc=0.9042 train_loss=0.2649 val_acc=0.9163 val_loss=0.2281 router_H=0.6606 best=0.9163
           router_load=[0.16319625079631805, 0.5511999130249023, 0.22060935199260712, 0.06499449163675308]
[step 0120/150] method=ours loss=0.2787 train_acc=0.9042 train_loss=0.2649 val_acc=0.9163 val_loss=0.2281 router_H=0.6606 best=0.9163
           router_load=[0.16319625079631805, 0.5511999130249023, 0.22060935199260712, 0.06499449163675308]
[step 0130/150] method=ours loss=0.1547 train_acc=0.9042 train_loss=0.2649 val_acc=0.9163 val_loss=0.2281 router_H=0.6606 best=0.9163
           router_load=[0.16319625079631805, 0.5511999130249023, 0.22060935199260712, 0.06499449163675308]
[step 0140/150] method=ours loss=0.3369 train_acc=0.9042 train_loss=0.2649 val_acc=0.9163 val_loss=0.2281 router_H=0.6606 best=0.9163
           router_load=[0.16319625079631805, 0.5511999130249023, 0.22060935199260712, 0.06499449163675308]
[step 0150/150] method=ours loss=0.1577 train_acc=0.9207 train_loss=0.2080 val_acc=0.9289 val_loss=0.1847 router_H=0.6544 best=0.9289
           router_load=[0.11603358387947083, 0.4799397587776184, 0.33950075507164, 0.06452596932649612]
saved summary -> /home/zhujjing/MOE-grad-conflict-routing/runs/paper_suite/single_gpu/single_task/deberta_sst2_lora_e4_k2_supplement/hpo/ours/trial_runs/coord_03_train_grad_clip_001/ours_s3.json
saved curve -> /home/zhujjing/MOE-grad-conflict-routing/runs/paper_suite/single_gpu/single_task/deberta_sst2_lora_e4_k2_supplement/hpo/ours/trial_runs/coord_03_train_grad_clip_001/ours_s3_curve.csv
