[run] method=ours candidate=coord_03_train_grad_clip_017 seed=2 steps=150 gpu=0
[run] cmd=
/home/zhujjing/anaconda3/envs/moe/bin/python /home/zhujjing/MOE-grad-conflict-routing/scripts/run.py --config configs/singletask_sst2_real.yaml --set model.backbone_backend=hf --set model.hf_load_pretrained=true --set model.hf_local_files_only=true --set model.backbone=deberta --set model.hf_pretrained_name=microsoft/deberta-v3-base --set model.expert_type=lora --set model.routing_mode=topk --set model.num_experts=4 --set model.top_k=2 --set seed=2 --set method.name=ours --set train.steps=150 --set train.eval_every_steps=50 --set method.ours.use_load_norm=true --set method.ours.lambda_align=0.001 --set train.grad_clip=0.8874671569 --set train.lr=2.166929843e-05 --set train.weight_decay=0.002820878098 --out /home/zhujjing/MOE-grad-conflict-routing/runs/paper_suite/single_gpu/single_task/deberta_sst2_lora_e4_k2_supplement/hpo/ours/trial_runs/coord_03_train_grad_clip_017/ours_s2.json --curve_out /home/zhujjing/MOE-grad-conflict-routing/runs/paper_suite/single_gpu/single_task/deberta_sst2_lora_e4_k2_supplement/hpo/ours/trial_runs/coord_03_train_grad_clip_017/ours_s2_curve.csv
Using the latest cached version of the dataset since glue couldn't be found on the Hugging Face Hub (offline mode is enabled).
Found the latest cached dataset configuration 'sst2' at /home/zhujjing/hf_cache/datasets/glue/sst2/0.0.0/bcdcba79d07bc864c1c254ccfcedcce55bcc9a8c (last modified on Thu Mar 19 15:01:41 2026).
/home/zhujjing/anaconda3/envs/moe/lib/python3.10/site-packages/transformers/utils/hub.py:124: FutureWarning: Using `TRANSFORMERS_CACHE` is deprecated and will be removed in v5 of Transformers. Use `HF_HOME` instead.
  warnings.warn(
/home/zhujjing/anaconda3/envs/moe/lib/python3.10/site-packages/transformers/convert_slow_tokenizer.py:560: UserWarning: The sentencepiece tokenizer that you are converting to a fast tokenizer uses the byte fallback option which is not implemented in the fast tokenizers. In practice this means that the fast version of the tokenizer can produce unknown tokens whereas the sentencepiece version would have converted these unknown tokens into a sequence of byte tokens matching the original piece of text.
  warnings.warn(
[step 0001/150] method=ours loss=0.6874 train_acc=nan train_loss=nan val_acc=nan val_loss=nan best=-1.0000
[step 0010/150] method=ours loss=0.6826 train_acc=nan train_loss=nan val_acc=nan val_loss=nan best=-1.0000
[step 0020/150] method=ours loss=0.5002 train_acc=nan train_loss=nan val_acc=nan val_loss=nan best=-1.0000
[step 0030/150] method=ours loss=0.2612 train_acc=nan train_loss=nan val_acc=nan val_loss=nan best=-1.0000
[step 0040/150] method=ours loss=0.1078 train_acc=nan train_loss=nan val_acc=nan val_loss=nan best=-1.0000
[step 0050/150] method=ours loss=0.2309 train_acc=0.8315 train_loss=0.4849 val_acc=0.7397 val_loss=0.7304 router_H=0.6825 best=0.7397
           router_load=[0.363252729177475, 0.5114519596099854, 0.12529537081718445, 0.0]
[step 0060/150] method=ours loss=0.2536 train_acc=0.8315 train_loss=0.4849 val_acc=0.7397 val_loss=0.7304 router_H=0.6825 best=0.7397
           router_load=[0.363252729177475, 0.5114519596099854, 0.12529537081718445, 0.0]
[step 0070/150] method=ours loss=0.5770 train_acc=0.8315 train_loss=0.4849 val_acc=0.7397 val_loss=0.7304 router_H=0.6825 best=0.7397
           router_load=[0.363252729177475, 0.5114519596099854, 0.12529537081718445, 0.0]
[step 0080/150] method=ours loss=0.3865 train_acc=0.8315 train_loss=0.4849 val_acc=0.7397 val_loss=0.7304 router_H=0.6825 best=0.7397
           router_load=[0.363252729177475, 0.5114519596099854, 0.12529537081718445, 0.0]
[step 0090/150] method=ours loss=0.2044 train_acc=0.8315 train_loss=0.4849 val_acc=0.7397 val_loss=0.7304 router_H=0.6825 best=0.7397
           router_load=[0.363252729177475, 0.5114519596099854, 0.12529537081718445, 0.0]
[step 0100/150] method=ours loss=0.2701 train_acc=0.8922 train_loss=0.3091 val_acc=0.8635 val_loss=0.3722 router_H=0.6809 best=0.8635
           router_load=[0.3001978099346161, 0.4798027575016022, 0.21999944746494293, 0.0]
[step 0110/150] method=ours loss=0.1881 train_acc=0.8922 train_loss=0.3091 val_acc=0.8635 val_loss=0.3722 router_H=0.6809 best=0.8635
           router_load=[0.3001978099346161, 0.4798027575016022, 0.21999944746494293, 0.0]
[step 0120/150] method=ours loss=0.0829 train_acc=0.8922 train_loss=0.3091 val_acc=0.8635 val_loss=0.3722 router_H=0.6809 best=0.8635
           router_load=[0.3001978099346161, 0.4798027575016022, 0.21999944746494293, 0.0]
[step 0130/150] method=ours loss=0.1857 train_acc=0.8922 train_loss=0.3091 val_acc=0.8635 val_loss=0.3722 router_H=0.6809 best=0.8635
           router_load=[0.3001978099346161, 0.4798027575016022, 0.21999944746494293, 0.0]
[step 0140/150] method=ours loss=0.3926 train_acc=0.8922 train_loss=0.3091 val_acc=0.8635 val_loss=0.3722 router_H=0.6809 best=0.8635
           router_load=[0.3001978099346161, 0.4798027575016022, 0.21999944746494293, 0.0]
[step 0150/150] method=ours loss=0.4036 train_acc=0.9191 train_loss=0.2307 val_acc=0.9117 val_loss=0.2550 router_H=0.6758 best=0.9117
           router_load=[0.25212082266807556, 0.44481462240219116, 0.3002319931983948, 0.002832557074725628]
saved summary -> /home/zhujjing/MOE-grad-conflict-routing/runs/paper_suite/single_gpu/single_task/deberta_sst2_lora_e4_k2_supplement/hpo/ours/trial_runs/coord_03_train_grad_clip_017/ours_s2.json
saved curve -> /home/zhujjing/MOE-grad-conflict-routing/runs/paper_suite/single_gpu/single_task/deberta_sst2_lora_e4_k2_supplement/hpo/ours/trial_runs/coord_03_train_grad_clip_017/ours_s2_curve.csv
