[run] method=ours candidate=coord_03_train_grad_clip_010 seed=2 steps=150 gpu=0
[run] cmd=
/home/zhujjing/anaconda3/envs/moe/bin/python /home/zhujjing/MOE-grad-conflict-routing/scripts/run.py --config configs/singletask_sst2_real.yaml --set model.backbone_backend=hf --set model.hf_load_pretrained=true --set model.hf_local_files_only=true --set model.backbone=deberta --set model.hf_pretrained_name=microsoft/deberta-v3-base --set model.expert_type=lora --set model.routing_mode=topk --set model.num_experts=4 --set model.top_k=2 --set seed=2 --set method.name=ours --set train.steps=150 --set train.eval_every_steps=50 --set method.ours.use_load_norm=true --set method.ours.lambda_align=0.001 --set train.grad_clip=1.803542842 --set train.lr=2.166929843e-05 --set train.weight_decay=0.002820878098 --out /home/zhujjing/MOE-grad-conflict-routing/runs/paper_suite/single_gpu/single_task/deberta_sst2_lora_e4_k2_supplement/hpo/ours/trial_runs/coord_03_train_grad_clip_010/ours_s2.json --curve_out /home/zhujjing/MOE-grad-conflict-routing/runs/paper_suite/single_gpu/single_task/deberta_sst2_lora_e4_k2_supplement/hpo/ours/trial_runs/coord_03_train_grad_clip_010/ours_s2_curve.csv
Using the latest cached version of the dataset since glue couldn't be found on the Hugging Face Hub (offline mode is enabled).
Found the latest cached dataset configuration 'sst2' at /home/zhujjing/hf_cache/datasets/glue/sst2/0.0.0/bcdcba79d07bc864c1c254ccfcedcce55bcc9a8c (last modified on Thu Mar 19 15:01:41 2026).
/home/zhujjing/anaconda3/envs/moe/lib/python3.10/site-packages/transformers/utils/hub.py:124: FutureWarning: Using `TRANSFORMERS_CACHE` is deprecated and will be removed in v5 of Transformers. Use `HF_HOME` instead.
  warnings.warn(
/home/zhujjing/anaconda3/envs/moe/lib/python3.10/site-packages/transformers/convert_slow_tokenizer.py:560: UserWarning: The sentencepiece tokenizer that you are converting to a fast tokenizer uses the byte fallback option which is not implemented in the fast tokenizers. In practice this means that the fast version of the tokenizer can produce unknown tokens whereas the sentencepiece version would have converted these unknown tokens into a sequence of byte tokens matching the original piece of text.
  warnings.warn(
[step 0001/150] method=ours loss=0.6004 train_acc=nan train_loss=nan val_acc=nan val_loss=nan best=-1.0000
[step 0010/150] method=ours loss=0.6575 train_acc=nan train_loss=nan val_acc=nan val_loss=nan best=-1.0000
[step 0020/150] method=ours loss=0.4764 train_acc=nan train_loss=nan val_acc=nan val_loss=nan best=-1.0000
[step 0030/150] method=ours loss=0.3160 train_acc=nan train_loss=nan val_acc=nan val_loss=nan best=-1.0000
[step 0040/150] method=ours loss=0.0783 train_acc=nan train_loss=nan val_acc=nan val_loss=nan best=-1.0000
[step 0050/150] method=ours loss=0.0758 train_acc=0.8410 train_loss=0.4871 val_acc=0.7454 val_loss=0.8138 router_H=0.6531 best=0.7454
           router_load=[0.09676823019981384, 0.13324281573295593, 0.18937814235687256, 0.5806108117103577]
[step 0060/150] method=ours loss=0.2540 train_acc=0.8410 train_loss=0.4871 val_acc=0.7454 val_loss=0.8138 router_H=0.6531 best=0.7454
           router_load=[0.09676823019981384, 0.13324281573295593, 0.18937814235687256, 0.5806108117103577]
[step 0070/150] method=ours loss=0.4669 train_acc=0.8410 train_loss=0.4871 val_acc=0.7454 val_loss=0.8138 router_H=0.6531 best=0.7454
           router_load=[0.09676823019981384, 0.13324281573295593, 0.18937814235687256, 0.5806108117103577]
[step 0080/150] method=ours loss=0.5375 train_acc=0.8410 train_loss=0.4871 val_acc=0.7454 val_loss=0.8138 router_H=0.6531 best=0.7454
           router_load=[0.09676823019981384, 0.13324281573295593, 0.18937814235687256, 0.5806108117103577]
[step 0090/150] method=ours loss=0.2134 train_acc=0.8410 train_loss=0.4871 val_acc=0.7454 val_loss=0.8138 router_H=0.6531 best=0.7454
           router_load=[0.09676823019981384, 0.13324281573295593, 0.18937814235687256, 0.5806108117103577]
[step 0100/150] method=ours loss=0.1179 train_acc=0.9212 train_loss=0.2258 val_acc=0.9220 val_loss=0.2238 router_H=0.6671 best=0.9220
           router_load=[0.14420951902866364, 0.1693078726530075, 0.12519001960754395, 0.5612927079200745]
[step 0110/150] method=ours loss=0.1863 train_acc=0.9212 train_loss=0.2258 val_acc=0.9220 val_loss=0.2238 router_H=0.6671 best=0.9220
           router_load=[0.14420951902866364, 0.1693078726530075, 0.12519001960754395, 0.5612927079200745]
[step 0120/150] method=ours loss=0.2250 train_acc=0.9212 train_loss=0.2258 val_acc=0.9220 val_loss=0.2238 router_H=0.6671 best=0.9220
           router_load=[0.14420951902866364, 0.1693078726530075, 0.12519001960754395, 0.5612927079200745]
[step 0130/150] method=ours loss=0.3062 train_acc=0.9212 train_loss=0.2258 val_acc=0.9220 val_loss=0.2238 router_H=0.6671 best=0.9220
           router_load=[0.14420951902866364, 0.1693078726530075, 0.12519001960754395, 0.5612927079200745]
[step 0140/150] method=ours loss=0.3234 train_acc=0.9212 train_loss=0.2258 val_acc=0.9220 val_loss=0.2238 router_H=0.6671 best=0.9220
           router_load=[0.14420951902866364, 0.1693078726530075, 0.12519001960754395, 0.5612927079200745]
[step 0150/150] method=ours loss=0.4060 train_acc=0.9135 train_loss=0.2296 val_acc=0.9140 val_loss=0.2229 router_H=0.6429 best=0.9220
           router_load=[0.1782216578722, 0.23039396107196808, 0.029909510165452957, 0.5614747405052185]
saved summary -> /home/zhujjing/MOE-grad-conflict-routing/runs/paper_suite/single_gpu/single_task/deberta_sst2_lora_e4_k2_supplement/hpo/ours/trial_runs/coord_03_train_grad_clip_010/ours_s2.json
saved curve -> /home/zhujjing/MOE-grad-conflict-routing/runs/paper_suite/single_gpu/single_task/deberta_sst2_lora_e4_k2_supplement/hpo/ours/trial_runs/coord_03_train_grad_clip_010/ours_s2_curve.csv
