[run] method=baseline candidate=coord_02_train_weight_decay_015 seed=2 steps=150 gpu=0
[run] cmd=
/home/zhujjing/anaconda3/envs/moe/bin/python /home/zhujjing/MOE-grad-conflict-routing/scripts/run.py --config configs/singletask_rte_real.yaml --set model.backbone_backend=hf --set model.hf_load_pretrained=true --set model.hf_local_files_only=true --set model.backbone=deberta --set model.hf_pretrained_name=microsoft/deberta-v3-base --set model.expert_type=lora --set model.routing_mode=topk --set model.num_experts=4 --set model.top_k=2 --set seed=2 --set method.name=baseline_avg --set train.steps=150 --set train.eval_every_steps=50 --set train.grad_clip=1 --set train.lr=3.07386945e-05 --set train.weight_decay=0.002253014112 --out /home/zhujjing/MOE-grad-conflict-routing/runs/paper_suite/single_gpu/single_task/deberta_rte_lora_e4_k2_supplement/hpo/baseline/trial_runs/coord_02_train_weight_decay_015/baseline_s2.json --curve_out /home/zhujjing/MOE-grad-conflict-routing/runs/paper_suite/single_gpu/single_task/deberta_rte_lora_e4_k2_supplement/hpo/baseline/trial_runs/coord_02_train_weight_decay_015/baseline_s2_curve.csv
Using the latest cached version of the dataset since glue couldn't be found on the Hugging Face Hub (offline mode is enabled).
Found the latest cached dataset configuration 'rte' at /home/zhujjing/hf_cache/datasets/glue/rte/0.0.0/bcdcba79d07bc864c1c254ccfcedcce55bcc9a8c (last modified on Thu Mar 19 15:00:36 2026).
/home/zhujjing/anaconda3/envs/moe/lib/python3.10/site-packages/transformers/utils/hub.py:124: FutureWarning: Using `TRANSFORMERS_CACHE` is deprecated and will be removed in v5 of Transformers. Use `HF_HOME` instead.
  warnings.warn(
/home/zhujjing/anaconda3/envs/moe/lib/python3.10/site-packages/transformers/convert_slow_tokenizer.py:560: UserWarning: The sentencepiece tokenizer that you are converting to a fast tokenizer uses the byte fallback option which is not implemented in the fast tokenizers. In practice this means that the fast version of the tokenizer can produce unknown tokens whereas the sentencepiece version would have converted these unknown tokens into a sequence of byte tokens matching the original piece of text.
  warnings.warn(
[step 0001/150] method=baseline_avg loss=0.7102 train_acc=nan train_loss=nan val_acc=nan val_loss=nan best=-1.0000
[step 0010/150] method=baseline_avg loss=0.7872 train_acc=nan train_loss=nan val_acc=nan val_loss=nan best=-1.0000
[step 0020/150] method=baseline_avg loss=0.6608 train_acc=nan train_loss=nan val_acc=nan val_loss=nan best=-1.0000
[step 0030/150] method=baseline_avg loss=0.5423 train_acc=nan train_loss=nan val_acc=nan val_loss=nan best=-1.0000
[step 0040/150] method=baseline_avg loss=0.6180 train_acc=nan train_loss=nan val_acc=nan val_loss=nan best=-1.0000
[step 0050/150] method=baseline_avg loss=0.6364 train_acc=0.7422 train_loss=0.5368 val_acc=0.7076 val_loss=0.5670 router_H=0.6808 best=0.7076
           router_load=[0.5575223565101624, 0.4309521019458771, 0.011525560170412064, 0.0]
[step 0060/150] method=baseline_avg loss=0.5137 train_acc=0.7422 train_loss=0.5368 val_acc=0.7076 val_loss=0.5670 router_H=0.6808 best=0.7076
           router_load=[0.5575223565101624, 0.4309521019458771, 0.011525560170412064, 0.0]
[step 0070/150] method=baseline_avg loss=0.5418 train_acc=0.7422 train_loss=0.5368 val_acc=0.7076 val_loss=0.5670 router_H=0.6808 best=0.7076
           router_load=[0.5575223565101624, 0.4309521019458771, 0.011525560170412064, 0.0]
[step 0080/150] method=baseline_avg loss=0.5794 train_acc=0.7422 train_loss=0.5368 val_acc=0.7076 val_loss=0.5670 router_H=0.6808 best=0.7076
           router_load=[0.5575223565101624, 0.4309521019458771, 0.011525560170412064, 0.0]
[step 0090/150] method=baseline_avg loss=0.3875 train_acc=0.7422 train_loss=0.5368 val_acc=0.7076 val_loss=0.5670 router_H=0.6808 best=0.7076
           router_load=[0.5575223565101624, 0.4309521019458771, 0.011525560170412064, 0.0]
[step 0100/150] method=baseline_avg loss=0.4649 train_acc=0.8203 train_loss=0.4201 val_acc=0.7653 val_loss=0.5031 router_H=0.6784 best=0.7653
           router_load=[0.5495571494102478, 0.41140514612197876, 0.036379262804985046, 0.0026583620347082615]
[step 0110/150] method=baseline_avg loss=0.5189 train_acc=0.8203 train_loss=0.4201 val_acc=0.7653 val_loss=0.5031 router_H=0.6784 best=0.7653
           router_load=[0.5495571494102478, 0.41140514612197876, 0.036379262804985046, 0.0026583620347082615]
[step 0120/150] method=baseline_avg loss=0.3697 train_acc=0.8203 train_loss=0.4201 val_acc=0.7653 val_loss=0.5031 router_H=0.6784 best=0.7653
           router_load=[0.5495571494102478, 0.41140514612197876, 0.036379262804985046, 0.0026583620347082615]
[step 0130/150] method=baseline_avg loss=0.6114 train_acc=0.8203 train_loss=0.4201 val_acc=0.7653 val_loss=0.5031 router_H=0.6784 best=0.7653
           router_load=[0.5495571494102478, 0.41140514612197876, 0.036379262804985046, 0.0026583620347082615]
[step 0140/150] method=baseline_avg loss=0.8868 train_acc=0.8203 train_loss=0.4201 val_acc=0.7653 val_loss=0.5031 router_H=0.6784 best=0.7653
           router_load=[0.5495571494102478, 0.41140514612197876, 0.036379262804985046, 0.0026583620347082615]
[step 0150/150] method=baseline_avg loss=0.5085 train_acc=0.9102 train_loss=0.2750 val_acc=0.8159 val_loss=0.4300 router_H=0.6743 best=0.8159
           router_load=[0.5071932673454285, 0.43490177392959595, 0.053026460111141205, 0.004878586623817682]
saved summary -> /home/zhujjing/MOE-grad-conflict-routing/runs/paper_suite/single_gpu/single_task/deberta_rte_lora_e4_k2_supplement/hpo/baseline/trial_runs/coord_02_train_weight_decay_015/baseline_s2.json
saved curve -> /home/zhujjing/MOE-grad-conflict-routing/runs/paper_suite/single_gpu/single_task/deberta_rte_lora_e4_k2_supplement/hpo/baseline/trial_runs/coord_02_train_weight_decay_015/baseline_s2_curve.csv
