[run] method=baseline candidate=coord_02_train_weight_decay_023 seed=3 steps=150 gpu=0
[run] cmd=
/home/zhujjing/anaconda3/envs/moe/bin/python /home/zhujjing/MOE-grad-conflict-routing/scripts/run.py --config configs/singletask_rte_real.yaml --set model.backbone_backend=hf --set model.hf_load_pretrained=true --set model.hf_local_files_only=true --set model.backbone=deberta --set model.hf_pretrained_name=microsoft/deberta-v3-base --set model.expert_type=lora --set model.routing_mode=topk --set model.num_experts=4 --set model.top_k=2 --set seed=3 --set method.name=baseline_avg --set train.steps=150 --set train.eval_every_steps=50 --set train.grad_clip=1 --set train.lr=3.07386945e-05 --set train.weight_decay=0.01901080581 --out /home/zhujjing/MOE-grad-conflict-routing/runs/paper_suite/single_gpu/single_task/deberta_rte_lora_e4_k2_supplement/hpo/baseline/trial_runs/coord_02_train_weight_decay_023/baseline_s3.json --curve_out /home/zhujjing/MOE-grad-conflict-routing/runs/paper_suite/single_gpu/single_task/deberta_rte_lora_e4_k2_supplement/hpo/baseline/trial_runs/coord_02_train_weight_decay_023/baseline_s3_curve.csv
Using the latest cached version of the dataset since glue couldn't be found on the Hugging Face Hub (offline mode is enabled).
Found the latest cached dataset configuration 'rte' at /home/zhujjing/hf_cache/datasets/glue/rte/0.0.0/bcdcba79d07bc864c1c254ccfcedcce55bcc9a8c (last modified on Thu Mar 19 15:00:36 2026).
/home/zhujjing/anaconda3/envs/moe/lib/python3.10/site-packages/transformers/utils/hub.py:124: FutureWarning: Using `TRANSFORMERS_CACHE` is deprecated and will be removed in v5 of Transformers. Use `HF_HOME` instead.
  warnings.warn(
/home/zhujjing/anaconda3/envs/moe/lib/python3.10/site-packages/transformers/convert_slow_tokenizer.py:560: UserWarning: The sentencepiece tokenizer that you are converting to a fast tokenizer uses the byte fallback option which is not implemented in the fast tokenizers. In practice this means that the fast version of the tokenizer can produce unknown tokens whereas the sentencepiece version would have converted these unknown tokens into a sequence of byte tokens matching the original piece of text.
  warnings.warn(
[step 0001/150] method=baseline_avg loss=0.7359 train_acc=nan train_loss=nan val_acc=nan val_loss=nan best=-1.0000
[step 0010/150] method=baseline_avg loss=0.6526 train_acc=nan train_loss=nan val_acc=nan val_loss=nan best=-1.0000
[step 0020/150] method=baseline_avg loss=0.6408 train_acc=nan train_loss=nan val_acc=nan val_loss=nan best=-1.0000
[step 0030/150] method=baseline_avg loss=0.5403 train_acc=nan train_loss=nan val_acc=nan val_loss=nan best=-1.0000
[step 0040/150] method=baseline_avg loss=0.6486 train_acc=nan train_loss=nan val_acc=nan val_loss=nan best=-1.0000
[step 0050/150] method=baseline_avg loss=0.5518 train_acc=0.7578 train_loss=0.5194 val_acc=0.6787 val_loss=0.5808 router_H=0.6594 best=0.6787
           router_load=[0.0072753592394292355, 0.011291850358247757, 0.36207953095436096, 0.6193532347679138]
[step 0060/150] method=baseline_avg loss=0.4129 train_acc=0.7578 train_loss=0.5194 val_acc=0.6787 val_loss=0.5808 router_H=0.6594 best=0.6787
           router_load=[0.0072753592394292355, 0.011291850358247757, 0.36207953095436096, 0.6193532347679138]
[step 0070/150] method=baseline_avg loss=0.6803 train_acc=0.7578 train_loss=0.5194 val_acc=0.6787 val_loss=0.5808 router_H=0.6594 best=0.6787
           router_load=[0.0072753592394292355, 0.011291850358247757, 0.36207953095436096, 0.6193532347679138]
[step 0080/150] method=baseline_avg loss=0.4103 train_acc=0.7578 train_loss=0.5194 val_acc=0.6787 val_loss=0.5808 router_H=0.6594 best=0.6787
           router_load=[0.0072753592394292355, 0.011291850358247757, 0.36207953095436096, 0.6193532347679138]
[step 0090/150] method=baseline_avg loss=0.5769 train_acc=0.7578 train_loss=0.5194 val_acc=0.6787 val_loss=0.5808 router_H=0.6594 best=0.6787
           router_load=[0.0072753592394292355, 0.011291850358247757, 0.36207953095436096, 0.6193532347679138]
[step 0100/150] method=baseline_avg loss=0.4356 train_acc=0.8984 train_loss=0.3074 val_acc=0.7653 val_loss=0.4887 router_H=0.6442 best=0.7653
           router_load=[0.05373675748705864, 0.006202151533216238, 0.3012160062789917, 0.6388450264930725]
[step 0110/150] method=baseline_avg loss=0.4262 train_acc=0.8984 train_loss=0.3074 val_acc=0.7653 val_loss=0.4887 router_H=0.6442 best=0.7653
           router_load=[0.05373675748705864, 0.006202151533216238, 0.3012160062789917, 0.6388450264930725]
[step 0120/150] method=baseline_avg loss=0.4652 train_acc=0.8984 train_loss=0.3074 val_acc=0.7653 val_loss=0.4887 router_H=0.6442 best=0.7653
           router_load=[0.05373675748705864, 0.006202151533216238, 0.3012160062789917, 0.6388450264930725]
[step 0130/150] method=baseline_avg loss=0.4367 train_acc=0.8984 train_loss=0.3074 val_acc=0.7653 val_loss=0.4887 router_H=0.6442 best=0.7653
           router_load=[0.05373675748705864, 0.006202151533216238, 0.3012160062789917, 0.6388450264930725]
[step 0140/150] method=baseline_avg loss=0.2477 train_acc=0.8984 train_loss=0.3074 val_acc=0.7653 val_loss=0.4887 router_H=0.6442 best=0.7653
           router_load=[0.05373675748705864, 0.006202151533216238, 0.3012160062789917, 0.6388450264930725]
[step 0150/150] method=baseline_avg loss=0.2442 train_acc=0.8945 train_loss=0.2779 val_acc=0.7148 val_loss=0.4996 router_H=0.6553 best=0.7653
           router_load=[0.1449510008096695, 0.05086397007107735, 0.17798718810081482, 0.6261978149414062]
saved summary -> /home/zhujjing/MOE-grad-conflict-routing/runs/paper_suite/single_gpu/single_task/deberta_rte_lora_e4_k2_supplement/hpo/baseline/trial_runs/coord_02_train_weight_decay_023/baseline_s3.json
saved curve -> /home/zhujjing/MOE-grad-conflict-routing/runs/paper_suite/single_gpu/single_task/deberta_rte_lora_e4_k2_supplement/hpo/baseline/trial_runs/coord_02_train_weight_decay_023/baseline_s3_curve.csv
