[run] method=baseline candidate=coord_02_train_weight_decay_026 seed=3 steps=150 gpu=0
[run] cmd=
/home/zhujjing/anaconda3/envs/moe/bin/python /home/zhujjing/MOE-grad-conflict-routing/scripts/run.py --config configs/singletask_rte_real.yaml --set model.backbone_backend=hf --set model.hf_load_pretrained=true --set model.hf_local_files_only=true --set model.backbone=deberta --set model.hf_pretrained_name=microsoft/deberta-v3-base --set model.expert_type=lora --set model.routing_mode=topk --set model.num_experts=4 --set model.top_k=2 --set seed=3 --set method.name=baseline_avg --set train.steps=150 --set train.eval_every_steps=50 --set train.grad_clip=1 --set train.lr=3.07386945e-05 --set train.weight_decay=0.04603734299 --out /home/zhujjing/MOE-grad-conflict-routing/runs/paper_suite/single_gpu/single_task/deberta_rte_lora_e4_k2_supplement/hpo/baseline/trial_runs/coord_02_train_weight_decay_026/baseline_s3.json --curve_out /home/zhujjing/MOE-grad-conflict-routing/runs/paper_suite/single_gpu/single_task/deberta_rte_lora_e4_k2_supplement/hpo/baseline/trial_runs/coord_02_train_weight_decay_026/baseline_s3_curve.csv
Using the latest cached version of the dataset since glue couldn't be found on the Hugging Face Hub (offline mode is enabled).
Found the latest cached dataset configuration 'rte' at /home/zhujjing/hf_cache/datasets/glue/rte/0.0.0/bcdcba79d07bc864c1c254ccfcedcce55bcc9a8c (last modified on Thu Mar 19 15:00:36 2026).
/home/zhujjing/anaconda3/envs/moe/lib/python3.10/site-packages/transformers/utils/hub.py:124: FutureWarning: Using `TRANSFORMERS_CACHE` is deprecated and will be removed in v5 of Transformers. Use `HF_HOME` instead.
  warnings.warn(
/home/zhujjing/anaconda3/envs/moe/lib/python3.10/site-packages/transformers/convert_slow_tokenizer.py:560: UserWarning: The sentencepiece tokenizer that you are converting to a fast tokenizer uses the byte fallback option which is not implemented in the fast tokenizers. In practice this means that the fast version of the tokenizer can produce unknown tokens whereas the sentencepiece version would have converted these unknown tokens into a sequence of byte tokens matching the original piece of text.
  warnings.warn(
[step 0001/150] method=baseline_avg loss=0.6924 train_acc=nan train_loss=nan val_acc=nan val_loss=nan best=-1.0000
[step 0010/150] method=baseline_avg loss=0.6670 train_acc=nan train_loss=nan val_acc=nan val_loss=nan best=-1.0000
[step 0020/150] method=baseline_avg loss=0.6622 train_acc=nan train_loss=nan val_acc=nan val_loss=nan best=-1.0000
[step 0030/150] method=baseline_avg loss=0.5904 train_acc=nan train_loss=nan val_acc=nan val_loss=nan best=-1.0000
[step 0040/150] method=baseline_avg loss=0.5759 train_acc=nan train_loss=nan val_acc=nan val_loss=nan best=-1.0000
[step 0050/150] method=baseline_avg loss=0.5377 train_acc=0.7422 train_loss=0.5179 val_acc=0.7040 val_loss=0.5771 router_H=0.6754 best=0.7040
           router_load=[0.3106920123100281, 0.5333486795425415, 0.0707225501537323, 0.08523678034543991]
[step 0060/150] method=baseline_avg loss=0.3656 train_acc=0.7422 train_loss=0.5179 val_acc=0.7040 val_loss=0.5771 router_H=0.6754 best=0.7040
           router_load=[0.3106920123100281, 0.5333486795425415, 0.0707225501537323, 0.08523678034543991]
[step 0070/150] method=baseline_avg loss=0.6843 train_acc=0.7422 train_loss=0.5179 val_acc=0.7040 val_loss=0.5771 router_H=0.6754 best=0.7040
           router_load=[0.3106920123100281, 0.5333486795425415, 0.0707225501537323, 0.08523678034543991]
[step 0080/150] method=baseline_avg loss=0.4198 train_acc=0.7422 train_loss=0.5179 val_acc=0.7040 val_loss=0.5771 router_H=0.6754 best=0.7040
           router_load=[0.3106920123100281, 0.5333486795425415, 0.0707225501537323, 0.08523678034543991]
[step 0090/150] method=baseline_avg loss=0.4986 train_acc=0.7422 train_loss=0.5179 val_acc=0.7040 val_loss=0.5771 router_H=0.6754 best=0.7040
           router_load=[0.3106920123100281, 0.5333486795425415, 0.0707225501537323, 0.08523678034543991]
[step 0100/150] method=baseline_avg loss=0.4103 train_acc=0.8828 train_loss=0.3340 val_acc=0.7545 val_loss=0.5100 router_H=0.6339 best=0.7545
           router_load=[0.13951975107192993, 0.6032885313034058, 0.12523387372493744, 0.13195791840553284]
[step 0110/150] method=baseline_avg loss=0.5052 train_acc=0.8828 train_loss=0.3340 val_acc=0.7545 val_loss=0.5100 router_H=0.6339 best=0.7545
           router_load=[0.13951975107192993, 0.6032885313034058, 0.12523387372493744, 0.13195791840553284]
[step 0120/150] method=baseline_avg loss=0.4323 train_acc=0.8828 train_loss=0.3340 val_acc=0.7545 val_loss=0.5100 router_H=0.6339 best=0.7545
           router_load=[0.13951975107192993, 0.6032885313034058, 0.12523387372493744, 0.13195791840553284]
[step 0130/150] method=baseline_avg loss=0.5214 train_acc=0.8828 train_loss=0.3340 val_acc=0.7545 val_loss=0.5100 router_H=0.6339 best=0.7545
           router_load=[0.13951975107192993, 0.6032885313034058, 0.12523387372493744, 0.13195791840553284]
[step 0140/150] method=baseline_avg loss=0.3104 train_acc=0.8828 train_loss=0.3340 val_acc=0.7545 val_loss=0.5100 router_H=0.6339 best=0.7545
           router_load=[0.13951975107192993, 0.6032885313034058, 0.12523387372493744, 0.13195791840553284]
[step 0150/150] method=baseline_avg loss=0.2340 train_acc=0.8789 train_loss=0.2920 val_acc=0.7437 val_loss=0.4959 router_H=0.6152 best=0.7545
           router_load=[0.0910029411315918, 0.6414607167243958, 0.07384303212165833, 0.19369332492351532]
saved summary -> /home/zhujjing/MOE-grad-conflict-routing/runs/paper_suite/single_gpu/single_task/deberta_rte_lora_e4_k2_supplement/hpo/baseline/trial_runs/coord_02_train_weight_decay_026/baseline_s3.json
saved curve -> /home/zhujjing/MOE-grad-conflict-routing/runs/paper_suite/single_gpu/single_task/deberta_rte_lora_e4_k2_supplement/hpo/baseline/trial_runs/coord_02_train_weight_decay_026/baseline_s3_curve.csv
