[run] method=cagrad candidate=coord_03_train_grad_clip_014 seed=2 steps=150 gpu=0
[run] cmd=
/home/zhujjing/anaconda3/envs/moe/bin/python /home/zhujjing/MOE-grad-conflict-routing/scripts/run.py --config configs/singletask_mrpc_real.yaml --set model.backbone_backend=hf --set model.hf_load_pretrained=true --set model.backbone=deberta --set model.hf_pretrained_name=microsoft/deberta-v3-base --set model.expert_type=lora --set model.routing_mode=topk --set model.num_experts=4 --set model.top_k=2 --set seed=2 --set method.name=baseline_cagrad --set train.steps=150 --set train.eval_every_steps=50 --set method.baseline_cagrad.c=0.4 --set method.baseline_cagrad.inner_lr=0.1 --set train.grad_clip=0.712672082 --set train.lr=7.848640431e-05 --set train.weight_decay=0.01566577443 --out /home/zhujjing/MOE-grad-conflict-routing/runs/paper_suite/single_gpu/single_task/deberta_mrpc_lora_e4_k2/hpo/cagrad/trial_runs/coord_03_train_grad_clip_014/cagrad_s2.json --curve_out /home/zhujjing/MOE-grad-conflict-routing/runs/paper_suite/single_gpu/single_task/deberta_mrpc_lora_e4_k2/hpo/cagrad/trial_runs/coord_03_train_grad_clip_014/cagrad_s2_curve.csv
Using the latest cached version of the dataset since glue couldn't be found on the Hugging Face Hub (offline mode is enabled).
Found the latest cached dataset configuration 'mrpc' at /home/zhujjing/hf_cache/datasets/glue/mrpc/0.0.0/bcdcba79d07bc864c1c254ccfcedcce55bcc9a8c (last modified on Thu Mar 19 15:01:06 2026).
/home/zhujjing/anaconda3/envs/moe/lib/python3.10/site-packages/transformers/utils/hub.py:124: FutureWarning: Using `TRANSFORMERS_CACHE` is deprecated and will be removed in v5 of Transformers. Use `HF_HOME` instead.
  warnings.warn(
/home/zhujjing/anaconda3/envs/moe/lib/python3.10/site-packages/transformers/convert_slow_tokenizer.py:560: UserWarning: The sentencepiece tokenizer that you are converting to a fast tokenizer uses the byte fallback option which is not implemented in the fast tokenizers. In practice this means that the fast version of the tokenizer can produce unknown tokens whereas the sentencepiece version would have converted these unknown tokens into a sequence of byte tokens matching the original piece of text.
  warnings.warn(
[step 0001/150] method=baseline_cagrad loss=0.6865 train_acc=nan train_loss=nan val_acc=nan val_loss=nan best=-1.0000
[step 0010/150] method=baseline_cagrad loss=0.6119 train_acc=nan train_loss=nan val_acc=nan val_loss=nan best=-1.0000
[step 0020/150] method=baseline_cagrad loss=0.7631 train_acc=nan train_loss=nan val_acc=nan val_loss=nan best=-1.0000
[step 0030/150] method=baseline_cagrad loss=0.4622 train_acc=nan train_loss=nan val_acc=nan val_loss=nan best=-1.0000
[step 0040/150] method=baseline_cagrad loss=0.3810 train_acc=nan train_loss=nan val_acc=nan val_loss=nan best=-1.0000
[step 0050/150] method=baseline_cagrad loss=0.4759 train_acc=0.8179 train_loss=0.4480 val_acc=0.8186 val_loss=0.4430 router_H=0.6889 best=0.8186
           router_load=[0.10478662699460983, 0.009645182639360428, 0.43257781863212585, 0.4529903531074524]
[step 0060/150] method=baseline_cagrad loss=0.4712 train_acc=0.8179 train_loss=0.4480 val_acc=0.8186 val_loss=0.4430 router_H=0.6889 best=0.8186
           router_load=[0.10478662699460983, 0.009645182639360428, 0.43257781863212585, 0.4529903531074524]
[step 0070/150] method=baseline_cagrad loss=0.5418 train_acc=0.8179 train_loss=0.4480 val_acc=0.8186 val_loss=0.4430 router_H=0.6889 best=0.8186
           router_load=[0.10478662699460983, 0.009645182639360428, 0.43257781863212585, 0.4529903531074524]
[step 0080/150] method=baseline_cagrad loss=0.2547 train_acc=0.8179 train_loss=0.4480 val_acc=0.8186 val_loss=0.4430 router_H=0.6889 best=0.8186
           router_load=[0.10478662699460983, 0.009645182639360428, 0.43257781863212585, 0.4529903531074524]
[step 0090/150] method=baseline_cagrad loss=0.6231 train_acc=0.8179 train_loss=0.4480 val_acc=0.8186 val_loss=0.4430 router_H=0.6889 best=0.8186
           router_load=[0.10478662699460983, 0.009645182639360428, 0.43257781863212585, 0.4529903531074524]
[step 0100/150] method=baseline_cagrad loss=0.3678 train_acc=0.8465 train_loss=0.3325 val_acc=0.8333 val_loss=0.3664 router_H=0.6623 best=0.8333
           router_load=[0.1803482323884964, 0.0015724024269729853, 0.5279653072357178, 0.2901141345500946]
[step 0110/150] method=baseline_cagrad loss=0.4123 train_acc=0.8465 train_loss=0.3325 val_acc=0.8333 val_loss=0.3664 router_H=0.6623 best=0.8333
           router_load=[0.1803482323884964, 0.0015724024269729853, 0.5279653072357178, 0.2901141345500946]
[step 0120/150] method=baseline_cagrad loss=0.2991 train_acc=0.8465 train_loss=0.3325 val_acc=0.8333 val_loss=0.3664 router_H=0.6623 best=0.8333
           router_load=[0.1803482323884964, 0.0015724024269729853, 0.5279653072357178, 0.2901141345500946]
[step 0130/150] method=baseline_cagrad loss=0.3286 train_acc=0.8465 train_loss=0.3325 val_acc=0.8333 val_loss=0.3664 router_H=0.6623 best=0.8333
           router_load=[0.1803482323884964, 0.0015724024269729853, 0.5279653072357178, 0.2901141345500946]
[step 0140/150] method=baseline_cagrad loss=0.4029 train_acc=0.8465 train_loss=0.3325 val_acc=0.8333 val_loss=0.3664 router_H=0.6623 best=0.8333
           router_load=[0.1803482323884964, 0.0015724024269729853, 0.5279653072357178, 0.2901141345500946]
[step 0150/150] method=baseline_cagrad loss=0.6794 train_acc=0.8893 train_loss=0.2628 val_acc=0.8578 val_loss=0.3162 router_H=0.6665 best=0.8578
           router_load=[0.09268048405647278, 0.20792461931705475, 0.556056559085846, 0.14333832263946533]
saved summary -> /home/zhujjing/MOE-grad-conflict-routing/runs/paper_suite/single_gpu/single_task/deberta_mrpc_lora_e4_k2/hpo/cagrad/trial_runs/coord_03_train_grad_clip_014/cagrad_s2.json
saved curve -> /home/zhujjing/MOE-grad-conflict-routing/runs/paper_suite/single_gpu/single_task/deberta_mrpc_lora_e4_k2/hpo/cagrad/trial_runs/coord_03_train_grad_clip_014/cagrad_s2_curve.csv
