[run] method=ours candidate=coord_02_train_weight_decay_001 seed=3 steps=150 gpu=0
[run] cmd=
/home/zhujjing/anaconda3/envs/moe/bin/python /home/zhujjing/MOE-grad-conflict-routing/scripts/run.py --config configs/singletask_rte_real.yaml --set model.backbone_backend=hf --set model.hf_load_pretrained=true --set model.hf_local_files_only=true --set model.backbone=deberta --set model.hf_pretrained_name=microsoft/deberta-v3-base --set model.expert_type=lora --set model.routing_mode=topk --set model.num_experts=4 --set model.top_k=2 --set seed=3 --set method.name=ours --set train.steps=150 --set train.eval_every_steps=50 --set method.ours.use_load_norm=true --set method.ours.lambda_align=0.001 --set train.grad_clip=1 --set train.lr=5.484611636e-05 --set train.weight_decay=0.02576137036 --out /home/zhujjing/MOE-grad-conflict-routing/runs/paper_suite/single_gpu/single_task/deberta_rte_lora_e4_k2_supplement/hpo/ours/trial_runs/coord_02_train_weight_decay_001/ours_s3.json --curve_out /home/zhujjing/MOE-grad-conflict-routing/runs/paper_suite/single_gpu/single_task/deberta_rte_lora_e4_k2_supplement/hpo/ours/trial_runs/coord_02_train_weight_decay_001/ours_s3_curve.csv
Using the latest cached version of the dataset since glue couldn't be found on the Hugging Face Hub (offline mode is enabled).
Found the latest cached dataset configuration 'rte' at /home/zhujjing/hf_cache/datasets/glue/rte/0.0.0/bcdcba79d07bc864c1c254ccfcedcce55bcc9a8c (last modified on Thu Mar 19 15:00:36 2026).
/home/zhujjing/anaconda3/envs/moe/lib/python3.10/site-packages/transformers/utils/hub.py:124: FutureWarning: Using `TRANSFORMERS_CACHE` is deprecated and will be removed in v5 of Transformers. Use `HF_HOME` instead.
  warnings.warn(
/home/zhujjing/anaconda3/envs/moe/lib/python3.10/site-packages/transformers/convert_slow_tokenizer.py:560: UserWarning: The sentencepiece tokenizer that you are converting to a fast tokenizer uses the byte fallback option which is not implemented in the fast tokenizers. In practice this means that the fast version of the tokenizer can produce unknown tokens whereas the sentencepiece version would have converted these unknown tokens into a sequence of byte tokens matching the original piece of text.
  warnings.warn(
[step 0001/150] method=ours loss=0.7874 train_acc=nan train_loss=nan val_acc=nan val_loss=nan best=-1.0000
[step 0010/150] method=ours loss=0.7319 train_acc=nan train_loss=nan val_acc=nan val_loss=nan best=-1.0000
[step 0020/150] method=ours loss=0.6820 train_acc=nan train_loss=nan val_acc=nan val_loss=nan best=-1.0000
[step 0030/150] method=ours loss=0.5481 train_acc=nan train_loss=nan val_acc=nan val_loss=nan best=-1.0000
[step 0040/150] method=ours loss=0.8147 train_acc=nan train_loss=nan val_acc=nan val_loss=nan best=-1.0000
[step 0050/150] method=ours loss=0.6045 train_acc=0.7617 train_loss=0.5561 val_acc=0.6751 val_loss=0.5919 router_H=0.5514 best=0.6751
           router_load=[0.0, 0.756237268447876, 0.23961953818798065, 0.004143075086176395]
[step 0060/150] method=ours loss=0.6204 train_acc=0.7617 train_loss=0.5561 val_acc=0.6751 val_loss=0.5919 router_H=0.5514 best=0.6751
           router_load=[0.0, 0.756237268447876, 0.23961953818798065, 0.004143075086176395]
[step 0070/150] method=ours loss=0.7289 train_acc=0.7617 train_loss=0.5561 val_acc=0.6751 val_loss=0.5919 router_H=0.5514 best=0.6751
           router_load=[0.0, 0.756237268447876, 0.23961953818798065, 0.004143075086176395]
[step 0080/150] method=ours loss=0.4230 train_acc=0.7617 train_loss=0.5561 val_acc=0.6751 val_loss=0.5919 router_H=0.5514 best=0.6751
           router_load=[0.0, 0.756237268447876, 0.23961953818798065, 0.004143075086176395]
[step 0090/150] method=ours loss=0.4152 train_acc=0.7617 train_loss=0.5561 val_acc=0.6751 val_loss=0.5919 router_H=0.5514 best=0.6751
           router_load=[0.0, 0.756237268447876, 0.23961953818798065, 0.004143075086176395]
[step 0100/150] method=ours loss=0.9588 train_acc=0.8281 train_loss=0.3799 val_acc=0.7401 val_loss=0.5428 router_H=0.6132 best=0.7401
           router_load=[0.0, 0.6850360631942749, 0.3140905797481537, 0.00087328179506585]
[step 0110/150] method=ours loss=0.4841 train_acc=0.8281 train_loss=0.3799 val_acc=0.7401 val_loss=0.5428 router_H=0.6132 best=0.7401
           router_load=[0.0, 0.6850360631942749, 0.3140905797481537, 0.00087328179506585]
[step 0120/150] method=ours loss=0.5622 train_acc=0.8281 train_loss=0.3799 val_acc=0.7401 val_loss=0.5428 router_H=0.6132 best=0.7401
           router_load=[0.0, 0.6850360631942749, 0.3140905797481537, 0.00087328179506585]
[step 0130/150] method=ours loss=0.4548 train_acc=0.8281 train_loss=0.3799 val_acc=0.7401 val_loss=0.5428 router_H=0.6132 best=0.7401
           router_load=[0.0, 0.6850360631942749, 0.3140905797481537, 0.00087328179506585]
[step 0140/150] method=ours loss=0.3964 train_acc=0.8281 train_loss=0.3799 val_acc=0.7401 val_loss=0.5428 router_H=0.6132 best=0.7401
           router_load=[0.0, 0.6850360631942749, 0.3140905797481537, 0.00087328179506585]
[step 0150/150] method=ours loss=0.2891 train_acc=0.9219 train_loss=0.2398 val_acc=0.8051 val_loss=0.4401 router_H=0.5957 best=0.8051
           router_load=[0.0, 0.7046163082122803, 0.2935348153114319, 0.001848784857429564]
saved summary -> /home/zhujjing/MOE-grad-conflict-routing/runs/paper_suite/single_gpu/single_task/deberta_rte_lora_e4_k2_supplement/hpo/ours/trial_runs/coord_02_train_weight_decay_001/ours_s3.json
saved curve -> /home/zhujjing/MOE-grad-conflict-routing/runs/paper_suite/single_gpu/single_task/deberta_rte_lora_e4_k2_supplement/hpo/ours/trial_runs/coord_02_train_weight_decay_001/ours_s3_curve.csv
