[run] method=cagrad candidate=local_var_topk_017 seed=3 steps=200 gpu=0
[run] cmd=
/home/zhujjing/anaconda3/envs/moe/bin/python /home/zhujjing/MOE-grad-conflict-routing/scripts/run.py --config configs/multitask_glue3_rte_mrpc_cola_real.yaml --set model.backbone_backend=hf --set model.hf_load_pretrained=true --set model.hf_local_files_only=true --set model.backbone=gpt2 --set model.hf_pretrained_name=gpt2-medium --set model.expert_type=lora --set model.routing_mode=topk --set model.num_experts=4 --set model.top_k=2 --set train.eval_train_fraction=0.10 --set train.eval_train_max_batches=-1 --set train.eval_max_batches=-1 --set seed=3 --set method.name=baseline_cagrad --set train.steps=200 --set train.eval_every_steps=100 --set method.baseline_cagrad.c=0.4811638322 --set method.baseline_cagrad.inner_lr=0.1530817791 --set train.grad_clip=0.9778028381 --set train.lr=2e-05 --set train.weight_decay=0.01374515108 --out /home/zhujjing/MOE-grad-conflict-routing/runs/paper_suite/single_gpu/multi_task/glue3_gpt2_lora_e4_k2/hpo/cagrad/trial_runs/local_var_topk_017/cagrad_s3.json --curve_out /home/zhujjing/MOE-grad-conflict-routing/runs/paper_suite/single_gpu/multi_task/glue3_gpt2_lora_e4_k2/hpo/cagrad/trial_runs/local_var_topk_017/cagrad_s3_curve.csv
Using the latest cached version of the dataset since glue couldn't be found on the Hugging Face Hub (offline mode is enabled).
Found the latest cached dataset configuration 'rte' at /home/zhujjing/hf_cache/datasets/glue/rte/0.0.0/bcdcba79d07bc864c1c254ccfcedcce55bcc9a8c (last modified on Thu Mar 19 15:00:36 2026).
/home/zhujjing/anaconda3/envs/moe/lib/python3.10/site-packages/transformers/utils/hub.py:124: FutureWarning: Using `TRANSFORMERS_CACHE` is deprecated and will be removed in v5 of Transformers. Use `HF_HOME` instead.
  warnings.warn(
Using the latest cached version of the dataset since glue couldn't be found on the Hugging Face Hub (offline mode is enabled).
Found the latest cached dataset configuration 'mrpc' at /home/zhujjing/hf_cache/datasets/glue/mrpc/0.0.0/bcdcba79d07bc864c1c254ccfcedcce55bcc9a8c (last modified on Thu Mar 19 15:01:06 2026).
Using the latest cached version of the dataset since glue couldn't be found on the Hugging Face Hub (offline mode is enabled).
Found the latest cached dataset configuration 'cola' at /home/zhujjing/hf_cache/datasets/glue/cola/0.0.0/bcdcba79d07bc864c1c254ccfcedcce55bcc9a8c (last modified on Thu Mar 19 15:02:09 2026).
[step 0001/200] method=baseline_cagrad loss=0.7234 train_acc=nan train_loss=nan val_acc=nan val_loss=nan best=-1.0000
[step 0010/200] method=baseline_cagrad loss=0.5468 train_acc=nan train_loss=nan val_acc=nan val_loss=nan best=-1.0000
[step 0020/200] method=baseline_cagrad loss=0.4845 train_acc=nan train_loss=nan val_acc=nan val_loss=nan best=-1.0000
[step 0030/200] method=baseline_cagrad loss=0.6057 train_acc=nan train_loss=nan val_acc=nan val_loss=nan best=-1.0000
[step 0040/200] method=baseline_cagrad loss=0.6206 train_acc=nan train_loss=nan val_acc=nan val_loss=nan best=-1.0000
[step 0050/200] method=baseline_cagrad loss=0.5940 train_acc=nan train_loss=nan val_acc=nan val_loss=nan best=-1.0000
[step 0060/200] method=baseline_cagrad loss=0.6110 train_acc=nan train_loss=nan val_acc=nan val_loss=nan best=-1.0000
[step 0070/200] method=baseline_cagrad loss=0.6349 train_acc=nan train_loss=nan val_acc=nan val_loss=nan best=-1.0000
[step 0080/200] method=baseline_cagrad loss=0.8887 train_acc=nan train_loss=nan val_acc=nan val_loss=nan best=-1.0000
[step 0090/200] method=baseline_cagrad loss=0.4734 train_acc=nan train_loss=nan val_acc=nan val_loss=nan best=-1.0000
[step 0100/200] method=baseline_cagrad loss=0.6558 train_acc=0.6617 train_loss=0.6259 val_acc=0.6418 val_loss=0.6448 router_H=0.1907 best=0.6418
           router_load=[0.0, 0.9244474768638611, 0.07328730076551437, 0.0022655283100903034]
[step 0110/200] method=baseline_cagrad loss=0.5285 train_acc=0.6617 train_loss=0.6259 val_acc=0.6418 val_loss=0.6448 router_H=0.1907 best=0.6418
           router_load=[0.0, 0.9244474768638611, 0.07328730076551437, 0.0022655283100903034]
[step 0120/200] method=baseline_cagrad loss=0.6194 train_acc=0.6617 train_loss=0.6259 val_acc=0.6418 val_loss=0.6448 router_H=0.1907 best=0.6418
           router_load=[0.0, 0.9244474768638611, 0.07328730076551437, 0.0022655283100903034]
[step 0130/200] method=baseline_cagrad loss=0.5624 train_acc=0.6617 train_loss=0.6259 val_acc=0.6418 val_loss=0.6448 router_H=0.1907 best=0.6418
           router_load=[0.0, 0.9244474768638611, 0.07328730076551437, 0.0022655283100903034]
[step 0140/200] method=baseline_cagrad loss=0.6577 train_acc=0.6617 train_loss=0.6259 val_acc=0.6418 val_loss=0.6448 router_H=0.1907 best=0.6418
           router_load=[0.0, 0.9244474768638611, 0.07328730076551437, 0.0022655283100903034]
[step 0150/200] method=baseline_cagrad loss=0.4917 train_acc=0.6617 train_loss=0.6259 val_acc=0.6418 val_loss=0.6448 router_H=0.1907 best=0.6418
           router_load=[0.0, 0.9244474768638611, 0.07328730076551437, 0.0022655283100903034]
[step 0160/200] method=baseline_cagrad loss=0.6161 train_acc=0.6617 train_loss=0.6259 val_acc=0.6418 val_loss=0.6448 router_H=0.1907 best=0.6418
           router_load=[0.0, 0.9244474768638611, 0.07328730076551437, 0.0022655283100903034]
[step 0170/200] method=baseline_cagrad loss=0.7111 train_acc=0.6617 train_loss=0.6259 val_acc=0.6418 val_loss=0.6448 router_H=0.1907 best=0.6418
           router_load=[0.0, 0.9244474768638611, 0.07328730076551437, 0.0022655283100903034]
[step 0180/200] method=baseline_cagrad loss=0.6971 train_acc=0.6617 train_loss=0.6259 val_acc=0.6418 val_loss=0.6448 router_H=0.1907 best=0.6418
           router_load=[0.0, 0.9244474768638611, 0.07328730076551437, 0.0022655283100903034]
[step 0190/200] method=baseline_cagrad loss=0.7397 train_acc=0.6617 train_loss=0.6259 val_acc=0.6418 val_loss=0.6448 router_H=0.1907 best=0.6418
           router_load=[0.0, 0.9244474768638611, 0.07328730076551437, 0.0022655283100903034]
[step 0200/200] method=baseline_cagrad loss=0.7631 train_acc=0.6889 train_loss=0.5756 val_acc=0.6601 val_loss=0.6049 router_H=0.2202 best=0.6601
           router_load=[0.000689708802383393, 0.9238102436065674, 0.07378795742988586, 0.0017123754369094968]
saved summary -> /home/zhujjing/MOE-grad-conflict-routing/runs/paper_suite/single_gpu/multi_task/glue3_gpt2_lora_e4_k2/hpo/cagrad/trial_runs/local_var_topk_017/cagrad_s3.json
saved curve -> /home/zhujjing/MOE-grad-conflict-routing/runs/paper_suite/single_gpu/multi_task/glue3_gpt2_lora_e4_k2/hpo/cagrad/trial_runs/local_var_topk_017/cagrad_s3_curve.csv
