[run] method=cagrad candidate=local_var_topk_002 seed=2 steps=200 gpu=0
[run] cmd=
/home/zhujjing/anaconda3/envs/moe/bin/python /home/zhujjing/MOE-grad-conflict-routing/scripts/run.py --config configs/multitask_glue3_rte_mrpc_cola_real.yaml --set model.backbone_backend=hf --set model.hf_load_pretrained=true --set model.hf_local_files_only=true --set model.backbone=gpt2 --set model.hf_pretrained_name=gpt2-medium --set model.expert_type=lora --set model.routing_mode=topk --set model.num_experts=4 --set model.top_k=2 --set train.eval_train_fraction=0.10 --set train.eval_train_max_batches=-1 --set train.eval_max_batches=-1 --set seed=2 --set method.name=baseline_cagrad --set train.steps=200 --set train.eval_every_steps=100 --set method.baseline_cagrad.c=0.4811638322 --set method.baseline_cagrad.inner_lr=0.03827044478 --set train.grad_clip=0.9778028381 --set train.lr=1e-05 --set train.weight_decay=0.01374515108 --out /home/zhujjing/MOE-grad-conflict-routing/runs/paper_suite/single_gpu/multi_task/glue3_gpt2_lora_e4_k2/hpo/cagrad/trial_runs/local_var_topk_002/cagrad_s2.json --curve_out /home/zhujjing/MOE-grad-conflict-routing/runs/paper_suite/single_gpu/multi_task/glue3_gpt2_lora_e4_k2/hpo/cagrad/trial_runs/local_var_topk_002/cagrad_s2_curve.csv
Using the latest cached version of the dataset since glue couldn't be found on the Hugging Face Hub (offline mode is enabled).
Found the latest cached dataset configuration 'rte' at /home/zhujjing/hf_cache/datasets/glue/rte/0.0.0/bcdcba79d07bc864c1c254ccfcedcce55bcc9a8c (last modified on Thu Mar 19 15:00:36 2026).
/home/zhujjing/anaconda3/envs/moe/lib/python3.10/site-packages/transformers/utils/hub.py:124: FutureWarning: Using `TRANSFORMERS_CACHE` is deprecated and will be removed in v5 of Transformers. Use `HF_HOME` instead.
  warnings.warn(
Using the latest cached version of the dataset since glue couldn't be found on the Hugging Face Hub (offline mode is enabled).
Found the latest cached dataset configuration 'mrpc' at /home/zhujjing/hf_cache/datasets/glue/mrpc/0.0.0/bcdcba79d07bc864c1c254ccfcedcce55bcc9a8c (last modified on Thu Mar 19 15:01:06 2026).
Using the latest cached version of the dataset since glue couldn't be found on the Hugging Face Hub (offline mode is enabled).
Found the latest cached dataset configuration 'cola' at /home/zhujjing/hf_cache/datasets/glue/cola/0.0.0/bcdcba79d07bc864c1c254ccfcedcce55bcc9a8c (last modified on Thu Mar 19 15:02:09 2026).
[step 0001/200] method=baseline_cagrad loss=1.6673 train_acc=nan train_loss=nan val_acc=nan val_loss=nan best=-1.0000
[step 0010/200] method=baseline_cagrad loss=0.6504 train_acc=nan train_loss=nan val_acc=nan val_loss=nan best=-1.0000
[step 0020/200] method=baseline_cagrad loss=0.7703 train_acc=nan train_loss=nan val_acc=nan val_loss=nan best=-1.0000
[step 0030/200] method=baseline_cagrad loss=0.7918 train_acc=nan train_loss=nan val_acc=nan val_loss=nan best=-1.0000
[step 0040/200] method=baseline_cagrad loss=0.7873 train_acc=nan train_loss=nan val_acc=nan val_loss=nan best=-1.0000
[step 0050/200] method=baseline_cagrad loss=0.6550 train_acc=nan train_loss=nan val_acc=nan val_loss=nan best=-1.0000
[step 0060/200] method=baseline_cagrad loss=0.7308 train_acc=nan train_loss=nan val_acc=nan val_loss=nan best=-1.0000
[step 0070/200] method=baseline_cagrad loss=0.6324 train_acc=nan train_loss=nan val_acc=nan val_loss=nan best=-1.0000
[step 0080/200] method=baseline_cagrad loss=0.7564 train_acc=nan train_loss=nan val_acc=nan val_loss=nan best=-1.0000
[step 0090/200] method=baseline_cagrad loss=0.8441 train_acc=nan train_loss=nan val_acc=nan val_loss=nan best=-1.0000
[step 0100/200] method=baseline_cagrad loss=0.7864 train_acc=0.6401 train_loss=0.6496 val_acc=0.6347 val_loss=0.6640 router_H=0.5466 best=0.6347
           router_load=[0.003890453139320016, 0.24581630527973175, 0.7501415610313416, 0.00015159988834057003]
[step 0110/200] method=baseline_cagrad loss=0.6721 train_acc=0.6401 train_loss=0.6496 val_acc=0.6347 val_loss=0.6640 router_H=0.5466 best=0.6347
           router_load=[0.003890453139320016, 0.24581630527973175, 0.7501415610313416, 0.00015159988834057003]
[step 0120/200] method=baseline_cagrad loss=0.6321 train_acc=0.6401 train_loss=0.6496 val_acc=0.6347 val_loss=0.6640 router_H=0.5466 best=0.6347
           router_load=[0.003890453139320016, 0.24581630527973175, 0.7501415610313416, 0.00015159988834057003]
[step 0130/200] method=baseline_cagrad loss=0.5010 train_acc=0.6401 train_loss=0.6496 val_acc=0.6347 val_loss=0.6640 router_H=0.5466 best=0.6347
           router_load=[0.003890453139320016, 0.24581630527973175, 0.7501415610313416, 0.00015159988834057003]
[step 0140/200] method=baseline_cagrad loss=0.5778 train_acc=0.6401 train_loss=0.6496 val_acc=0.6347 val_loss=0.6640 router_H=0.5466 best=0.6347
           router_load=[0.003890453139320016, 0.24581630527973175, 0.7501415610313416, 0.00015159988834057003]
[step 0150/200] method=baseline_cagrad loss=0.5682 train_acc=0.6401 train_loss=0.6496 val_acc=0.6347 val_loss=0.6640 router_H=0.5466 best=0.6347
           router_load=[0.003890453139320016, 0.24581630527973175, 0.7501415610313416, 0.00015159988834057003]
[step 0160/200] method=baseline_cagrad loss=0.7178 train_acc=0.6401 train_loss=0.6496 val_acc=0.6347 val_loss=0.6640 router_H=0.5466 best=0.6347
           router_load=[0.003890453139320016, 0.24581630527973175, 0.7501415610313416, 0.00015159988834057003]
[step 0170/200] method=baseline_cagrad loss=0.6830 train_acc=0.6401 train_loss=0.6496 val_acc=0.6347 val_loss=0.6640 router_H=0.5466 best=0.6347
           router_load=[0.003890453139320016, 0.24581630527973175, 0.7501415610313416, 0.00015159988834057003]
[step 0180/200] method=baseline_cagrad loss=0.6608 train_acc=0.6401 train_loss=0.6496 val_acc=0.6347 val_loss=0.6640 router_H=0.5466 best=0.6347
           router_load=[0.003890453139320016, 0.24581630527973175, 0.7501415610313416, 0.00015159988834057003]
[step 0190/200] method=baseline_cagrad loss=0.5521 train_acc=0.6401 train_loss=0.6496 val_acc=0.6347 val_loss=0.6640 router_H=0.5466 best=0.6347
           router_load=[0.003890453139320016, 0.24581630527973175, 0.7501415610313416, 0.00015159988834057003]
[step 0200/200] method=baseline_cagrad loss=0.5727 train_acc=0.6899 train_loss=0.5933 val_acc=0.6823 val_loss=0.6082 router_H=0.6044 best=0.6823
           router_load=[0.013415748253464699, 0.2981744110584259, 0.6782085299491882, 0.01020144298672676]
saved summary -> /home/zhujjing/MOE-grad-conflict-routing/runs/paper_suite/single_gpu/multi_task/glue3_gpt2_lora_e4_k2/hpo/cagrad/trial_runs/local_var_topk_002/cagrad_s2.json
saved curve -> /home/zhujjing/MOE-grad-conflict-routing/runs/paper_suite/single_gpu/multi_task/glue3_gpt2_lora_e4_k2/hpo/cagrad/trial_runs/local_var_topk_002/cagrad_s2_curve.csv
