[run] method=baseline candidate=coord_02_train_weight_decay_029 seed=3 steps=150 gpu=0
[run] cmd=
/home/zhujjing/anaconda3/envs/moe/bin/python /home/zhujjing/MOE-grad-conflict-routing/scripts/run.py --config configs/singletask_mrpc_real.yaml --set model.backbone_backend=hf --set model.hf_load_pretrained=true --set model.backbone=deberta --set model.hf_pretrained_name=microsoft/deberta-v3-base --set model.expert_type=lora --set model.routing_mode=topk --set model.num_experts=4 --set model.top_k=2 --set seed=3 --set method.name=baseline_avg --set train.steps=150 --set train.eval_every_steps=50 --set train.grad_clip=1 --set train.lr=9.047754224e-05 --set train.weight_decay=0.03380028542 --out /home/zhujjing/MOE-grad-conflict-routing/runs/paper_suite/single_gpu/single_task/deberta_mrpc_lora_e4_k2/hpo/baseline/trial_runs/coord_02_train_weight_decay_029/baseline_s3.json --curve_out /home/zhujjing/MOE-grad-conflict-routing/runs/paper_suite/single_gpu/single_task/deberta_mrpc_lora_e4_k2/hpo/baseline/trial_runs/coord_02_train_weight_decay_029/baseline_s3_curve.csv
Using the latest cached version of the dataset since glue couldn't be found on the Hugging Face Hub (offline mode is enabled).
Found the latest cached dataset configuration 'mrpc' at /home/zhujjing/hf_cache/datasets/glue/mrpc/0.0.0/bcdcba79d07bc864c1c254ccfcedcce55bcc9a8c (last modified on Thu Mar 19 15:01:06 2026).
/home/zhujjing/anaconda3/envs/moe/lib/python3.10/site-packages/transformers/utils/hub.py:124: FutureWarning: Using `TRANSFORMERS_CACHE` is deprecated and will be removed in v5 of Transformers. Use `HF_HOME` instead.
  warnings.warn(
/home/zhujjing/anaconda3/envs/moe/lib/python3.10/site-packages/transformers/convert_slow_tokenizer.py:560: UserWarning: The sentencepiece tokenizer that you are converting to a fast tokenizer uses the byte fallback option which is not implemented in the fast tokenizers. In practice this means that the fast version of the tokenizer can produce unknown tokens whereas the sentencepiece version would have converted these unknown tokens into a sequence of byte tokens matching the original piece of text.
  warnings.warn(
[step 0001/150] method=baseline_avg loss=0.7077 train_acc=nan train_loss=nan val_acc=nan val_loss=nan best=-1.0000
[step 0010/150] method=baseline_avg loss=0.6200 train_acc=nan train_loss=nan val_acc=nan val_loss=nan best=-1.0000
[step 0020/150] method=baseline_avg loss=0.4984 train_acc=nan train_loss=nan val_acc=nan val_loss=nan best=-1.0000
[step 0030/150] method=baseline_avg loss=0.4458 train_acc=nan train_loss=nan val_acc=nan val_loss=nan best=-1.0000
[step 0040/150] method=baseline_avg loss=0.4997 train_acc=nan train_loss=nan val_acc=nan val_loss=nan best=-1.0000
[step 0050/150] method=baseline_avg loss=0.3670 train_acc=0.8182 train_loss=0.4151 val_acc=0.8235 val_loss=0.4006 router_H=0.6742 best=0.8235
           router_load=[0.0, 0.0, 0.5775370597839355, 0.4224628806114197]
[step 0060/150] method=baseline_avg loss=0.2712 train_acc=0.8182 train_loss=0.4151 val_acc=0.8235 val_loss=0.4006 router_H=0.6742 best=0.8235
           router_load=[0.0, 0.0, 0.5775370597839355, 0.4224628806114197]
[step 0070/150] method=baseline_avg loss=0.2369 train_acc=0.8182 train_loss=0.4151 val_acc=0.8235 val_loss=0.4006 router_H=0.6742 best=0.8235
           router_load=[0.0, 0.0, 0.5775370597839355, 0.4224628806114197]
[step 0080/150] method=baseline_avg loss=0.6238 train_acc=0.8182 train_loss=0.4151 val_acc=0.8235 val_loss=0.4006 router_H=0.6742 best=0.8235
           router_load=[0.0, 0.0, 0.5775370597839355, 0.4224628806114197]
[step 0090/150] method=baseline_avg loss=0.3899 train_acc=0.8182 train_loss=0.4151 val_acc=0.8235 val_loss=0.4006 router_H=0.6742 best=0.8235
           router_load=[0.0, 0.0, 0.5775370597839355, 0.4224628806114197]
[step 0100/150] method=baseline_avg loss=0.5061 train_acc=0.8441 train_loss=0.3749 val_acc=0.8211 val_loss=0.4385 router_H=0.6484 best=0.8235
           router_load=[0.0, 0.0, 0.642103910446167, 0.3578960597515106]
[step 0110/150] method=baseline_avg loss=0.2968 train_acc=0.8441 train_loss=0.3749 val_acc=0.8211 val_loss=0.4385 router_H=0.6484 best=0.8235
           router_load=[0.0, 0.0, 0.642103910446167, 0.3578960597515106]
[step 0120/150] method=baseline_avg loss=0.1652 train_acc=0.8441 train_loss=0.3749 val_acc=0.8211 val_loss=0.4385 router_H=0.6484 best=0.8235
           router_load=[0.0, 0.0, 0.642103910446167, 0.3578960597515106]
[step 0130/150] method=baseline_avg loss=0.3029 train_acc=0.8441 train_loss=0.3749 val_acc=0.8211 val_loss=0.4385 router_H=0.6484 best=0.8235
           router_load=[0.0, 0.0, 0.642103910446167, 0.3578960597515106]
[step 0140/150] method=baseline_avg loss=0.7045 train_acc=0.8441 train_loss=0.3749 val_acc=0.8211 val_loss=0.4385 router_H=0.6484 best=0.8235
           router_load=[0.0, 0.0, 0.642103910446167, 0.3578960597515106]
[step 0150/150] method=baseline_avg loss=0.3453 train_acc=0.8839 train_loss=0.2781 val_acc=0.8627 val_loss=0.3019 router_H=0.6886 best=0.8627
           router_load=[0.0, 0.0, 0.49721279740333557, 0.502787172794342]
saved summary -> /home/zhujjing/MOE-grad-conflict-routing/runs/paper_suite/single_gpu/single_task/deberta_mrpc_lora_e4_k2/hpo/baseline/trial_runs/coord_02_train_weight_decay_029/baseline_s3.json
saved curve -> /home/zhujjing/MOE-grad-conflict-routing/runs/paper_suite/single_gpu/single_task/deberta_mrpc_lora_e4_k2/hpo/baseline/trial_runs/coord_02_train_weight_decay_029/baseline_s3_curve.csv
