[run] method=baseline candidate=local_var_topk_003 seed=3 steps=200 gpu=0
[run] cmd=
/root/miniconda3/envs/optimization/bin/python /root/Optimization/MOE-grad-conflict-routing-appendix2/scripts/run.py --config configs/multitask_glue4_real.yaml --set model.backbone_backend=hf --set model.hf_load_pretrained=true --set model.hf_local_files_only=1 --set model.backbone=roberta --set model.hf_pretrained_name=roberta-base --set model.routing_mode=topk --set model.expert_type=lora --set model.num_experts=6 --set model.top_k=3 --set train.eval_train_fraction=0.10 --set train.eval_train_max_batches=-1 --set train.eval_max_batches=-1 --set train.eval_val_fraction=0.2 --set train.skip_train_eval=true --set seed=3 --set method.name=baseline_avg --set train.steps=200 --set train.eval_every_steps=100 --set train.grad_clip=0.5 --set train.lr=2.0366177e-05 --set train.weight_decay=0.02446709884 --out /root/Optimization/MOE-grad-conflict-routing-appendix2/runs/paper_suite_supplement/appendix/more_expert/glue4_roberta_lora_e6_k3/_method_workers/baseline/hpo/baseline/trial_runs/local_var_topk_003/baseline_s3.json --curve_out /root/Optimization/MOE-grad-conflict-routing-appendix2/runs/paper_suite_supplement/appendix/more_expert/glue4_roberta_lora_e6_k3/_method_workers/baseline/hpo/baseline/trial_runs/local_var_topk_003/baseline_s3_curve.csv
Using the latest cached version of the dataset since glue couldn't be found on the Hugging Face Hub (offline mode is enabled).
Found the latest cached dataset configuration 'rte' at /root/.cache/huggingface/datasets/glue/rte/0.0.0/bcdcba79d07bc864c1c254ccfcedcce55bcc9a8c (last modified on Thu Mar 26 19:09:12 2026).
Using the latest cached version of the dataset since glue couldn't be found on the Hugging Face Hub (offline mode is enabled).
Found the latest cached dataset configuration 'mrpc' at /root/.cache/huggingface/datasets/glue/mrpc/0.0.0/bcdcba79d07bc864c1c254ccfcedcce55bcc9a8c (last modified on Thu Mar 26 20:11:06 2026).
Using the latest cached version of the dataset since glue couldn't be found on the Hugging Face Hub (offline mode is enabled).
Found the latest cached dataset configuration 'sst2' at /root/.cache/huggingface/datasets/glue/sst2/0.0.0/bcdcba79d07bc864c1c254ccfcedcce55bcc9a8c (last modified on Fri Mar 27 01:56:24 2026).
Using the latest cached version of the dataset since glue couldn't be found on the Hugging Face Hub (offline mode is enabled).
Found the latest cached dataset configuration 'cola' at /root/.cache/huggingface/datasets/glue/cola/0.0.0/bcdcba79d07bc864c1c254ccfcedcce55bcc9a8c (last modified on Thu Mar 26 23:46:11 2026).
Loading weights:   0%|          | 0/197 [00:00<?, ?it/s]Loading weights: 100%|██████████| 197/197 [00:00<00:00, 25649.65it/s]
[1mRobertaModel LOAD REPORT[0m from: roberta-base
Key                             | Status     | 
--------------------------------+------------+-
lm_head.dense.weight            | UNEXPECTED | 
lm_head.layer_norm.bias         | UNEXPECTED | 
lm_head.bias                    | UNEXPECTED | 
roberta.embeddings.position_ids | UNEXPECTED | 
lm_head.dense.bias              | UNEXPECTED | 
lm_head.layer_norm.weight       | UNEXPECTED | 
pooler.dense.weight             | MISSING    | 
pooler.dense.bias               | MISSING    | 

[3mNotes:
- UNEXPECTED[3m	:can be ignored when loading from different task/architecture; not ok if you expect identical arch.
- MISSING[3m	:those params were newly initialized because missing from the checkpoint. Consider training on your downstream task.[0m
[step 0001/200] method=baseline_avg loss=0.6568 train_acc=nan train_loss=nan val_acc=nan val_loss=nan best=-1.0000
[step 0010/200] method=baseline_avg loss=0.6566 train_acc=nan train_loss=nan val_acc=nan val_loss=nan best=-1.0000
[step 0020/200] method=baseline_avg loss=0.6774 train_acc=nan train_loss=nan val_acc=nan val_loss=nan best=-1.0000
[step 0030/200] method=baseline_avg loss=0.5888 train_acc=nan train_loss=nan val_acc=nan val_loss=nan best=-1.0000
[step 0040/200] method=baseline_avg loss=0.5895 train_acc=nan train_loss=nan val_acc=nan val_loss=nan best=-1.0000
[step 0050/200] method=baseline_avg loss=0.6044 train_acc=nan train_loss=nan val_acc=nan val_loss=nan best=-1.0000
[step 0060/200] method=baseline_avg loss=0.5463 train_acc=nan train_loss=nan val_acc=nan val_loss=nan best=-1.0000
[step 0070/200] method=baseline_avg loss=0.5095 train_acc=nan train_loss=nan val_acc=nan val_loss=nan best=-1.0000
[step 0080/200] method=baseline_avg loss=0.4832 train_acc=nan train_loss=nan val_acc=nan val_loss=nan best=-1.0000
[step 0090/200] method=baseline_avg loss=0.5233 train_acc=nan train_loss=nan val_acc=nan val_loss=nan best=-1.0000
[step 0100/200] method=baseline_avg loss=0.5143 train_acc=nan train_loss=nan val_acc=0.6763 val_loss=0.5322 router_H=1.0735 best=0.6763
           router_load=[0.0370311476290226, 0.09909961372613907, 0.21678462624549866, 0.0, 0.22334419190883636, 0.4237404465675354]
[step 0110/200] method=baseline_avg loss=0.4935 train_acc=nan train_loss=nan val_acc=0.6763 val_loss=0.5322 router_H=1.0735 best=0.6763
           router_load=[0.0370311476290226, 0.09909961372613907, 0.21678462624549866, 0.0, 0.22334419190883636, 0.4237404465675354]
[step 0120/200] method=baseline_avg loss=0.4699 train_acc=nan train_loss=nan val_acc=0.6763 val_loss=0.5322 router_H=1.0735 best=0.6763
           router_load=[0.0370311476290226, 0.09909961372613907, 0.21678462624549866, 0.0, 0.22334419190883636, 0.4237404465675354]
[step 0130/200] method=baseline_avg loss=0.5238 train_acc=nan train_loss=nan val_acc=0.6763 val_loss=0.5322 router_H=1.0735 best=0.6763
           router_load=[0.0370311476290226, 0.09909961372613907, 0.21678462624549866, 0.0, 0.22334419190883636, 0.4237404465675354]
[step 0140/200] method=baseline_avg loss=0.4202 train_acc=nan train_loss=nan val_acc=0.6763 val_loss=0.5322 router_H=1.0735 best=0.6763
           router_load=[0.0370311476290226, 0.09909961372613907, 0.21678462624549866, 0.0, 0.22334419190883636, 0.4237404465675354]
[step 0150/200] method=baseline_avg loss=0.4332 train_acc=nan train_loss=nan val_acc=0.6763 val_loss=0.5322 router_H=1.0735 best=0.6763
           router_load=[0.0370311476290226, 0.09909961372613907, 0.21678462624549866, 0.0, 0.22334419190883636, 0.4237404465675354]
[step 0160/200] method=baseline_avg loss=0.5606 train_acc=nan train_loss=nan val_acc=0.6763 val_loss=0.5322 router_H=1.0735 best=0.6763
           router_load=[0.0370311476290226, 0.09909961372613907, 0.21678462624549866, 0.0, 0.22334419190883636, 0.4237404465675354]
[step 0170/200] method=baseline_avg loss=0.4562 train_acc=nan train_loss=nan val_acc=0.6763 val_loss=0.5322 router_H=1.0735 best=0.6763
           router_load=[0.0370311476290226, 0.09909961372613907, 0.21678462624549866, 0.0, 0.22334419190883636, 0.4237404465675354]
[step 0180/200] method=baseline_avg loss=0.4750 train_acc=nan train_loss=nan val_acc=0.6763 val_loss=0.5322 router_H=1.0735 best=0.6763
           router_load=[0.0370311476290226, 0.09909961372613907, 0.21678462624549866, 0.0, 0.22334419190883636, 0.4237404465675354]
[step 0190/200] method=baseline_avg loss=0.4082 train_acc=nan train_loss=nan val_acc=0.6763 val_loss=0.5322 router_H=1.0735 best=0.6763
           router_load=[0.0370311476290226, 0.09909961372613907, 0.21678462624549866, 0.0, 0.22334419190883636, 0.4237404465675354]
[step 0200/200] method=baseline_avg loss=0.3888 train_acc=nan train_loss=nan val_acc=0.7403 val_loss=0.5372 router_H=1.0764 best=0.7403
           router_load=[0.07319081574678421, 0.07701253890991211, 0.20770864188671112, 0.0, 0.2407156080007553, 0.4013724625110626]
saved summary -> /root/Optimization/MOE-grad-conflict-routing-appendix2/runs/paper_suite_supplement/appendix/more_expert/glue4_roberta_lora_e6_k3/_method_workers/baseline/hpo/baseline/trial_runs/local_var_topk_003/baseline_s3.json
saved curve -> /root/Optimization/MOE-grad-conflict-routing-appendix2/runs/paper_suite_supplement/appendix/more_expert/glue4_roberta_lora_e6_k3/_method_workers/baseline/hpo/baseline/trial_runs/local_var_topk_003/baseline_s3_curve.csv
