[run] method=ours candidate=local_var_topk_023 seed=2 steps=200 gpu=0
[run] cmd=
/home/zhujjing/anaconda3/envs/moe/bin/python /home/zhujjing/MOE-grad-conflict-routing/scripts/run.py --config configs/multitask_glue4_real.yaml --set model.backbone_backend=hf --set model.hf_load_pretrained=true --set model.hf_local_files_only=true --set model.backbone=deberta --set model.hf_pretrained_name=microsoft/deberta-v3-base --set model.expert_type=lora --set model.routing_mode=topk --set model.num_experts=4 --set model.top_k=2 --set train.eval_train_fraction=0.10 --set train.eval_train_max_batches=-1 --set train.eval_max_batches=-1 --set seed=2 --set method.name=ours --set train.steps=200 --set train.eval_every_steps=100 --set method.ours.use_load_norm=true --set method.ours.lambda_align=0.000132894918 --set train.grad_clip=1.536374401 --set train.lr=0.00011462217 --set train.weight_decay=0 --out /home/zhujjing/MOE-grad-conflict-routing/runs/paper_suite/single_gpu/multi_task/glue4_deberta_lora_e4_k2/hpo/ours/trial_runs/local_var_topk_023/ours_s2.json --curve_out /home/zhujjing/MOE-grad-conflict-routing/runs/paper_suite/single_gpu/multi_task/glue4_deberta_lora_e4_k2/hpo/ours/trial_runs/local_var_topk_023/ours_s2_curve.csv
Using the latest cached version of the dataset since glue couldn't be found on the Hugging Face Hub (offline mode is enabled).
Found the latest cached dataset configuration 'rte' at /home/zhujjing/hf_cache/datasets/glue/rte/0.0.0/bcdcba79d07bc864c1c254ccfcedcce55bcc9a8c (last modified on Thu Mar 19 15:00:36 2026).
/home/zhujjing/anaconda3/envs/moe/lib/python3.10/site-packages/transformers/utils/hub.py:124: FutureWarning: Using `TRANSFORMERS_CACHE` is deprecated and will be removed in v5 of Transformers. Use `HF_HOME` instead.
  warnings.warn(
/home/zhujjing/anaconda3/envs/moe/lib/python3.10/site-packages/transformers/convert_slow_tokenizer.py:560: UserWarning: The sentencepiece tokenizer that you are converting to a fast tokenizer uses the byte fallback option which is not implemented in the fast tokenizers. In practice this means that the fast version of the tokenizer can produce unknown tokens whereas the sentencepiece version would have converted these unknown tokens into a sequence of byte tokens matching the original piece of text.
  warnings.warn(
Using the latest cached version of the dataset since glue couldn't be found on the Hugging Face Hub (offline mode is enabled).
Found the latest cached dataset configuration 'mrpc' at /home/zhujjing/hf_cache/datasets/glue/mrpc/0.0.0/bcdcba79d07bc864c1c254ccfcedcce55bcc9a8c (last modified on Thu Mar 19 15:01:06 2026).
Using the latest cached version of the dataset since glue couldn't be found on the Hugging Face Hub (offline mode is enabled).
Found the latest cached dataset configuration 'sst2' at /home/zhujjing/hf_cache/datasets/glue/sst2/0.0.0/bcdcba79d07bc864c1c254ccfcedcce55bcc9a8c (last modified on Thu Mar 19 15:01:41 2026).
Using the latest cached version of the dataset since glue couldn't be found on the Hugging Face Hub (offline mode is enabled).
Found the latest cached dataset configuration 'cola' at /home/zhujjing/hf_cache/datasets/glue/cola/0.0.0/bcdcba79d07bc864c1c254ccfcedcce55bcc9a8c (last modified on Thu Mar 19 15:02:09 2026).
[step 0001/200] method=ours loss=0.7005 train_acc=nan train_loss=nan val_acc=nan val_loss=nan best=-1.0000
[step 0010/200] method=ours loss=0.6745 train_acc=nan train_loss=nan val_acc=nan val_loss=nan best=-1.0000
[step 0020/200] method=ours loss=0.5310 train_acc=nan train_loss=nan val_acc=nan val_loss=nan best=-1.0000
[step 0030/200] method=ours loss=0.5495 train_acc=nan train_loss=nan val_acc=nan val_loss=nan best=-1.0000
[step 0040/200] method=ours loss=0.5327 train_acc=nan train_loss=nan val_acc=nan val_loss=nan best=-1.0000
[step 0050/200] method=ours loss=0.5000 train_acc=nan train_loss=nan val_acc=nan val_loss=nan best=-1.0000
[step 0060/200] method=ours loss=0.4771 train_acc=nan train_loss=nan val_acc=nan val_loss=nan best=-1.0000
[step 0070/200] method=ours loss=0.5151 train_acc=nan train_loss=nan val_acc=nan val_loss=nan best=-1.0000
[step 0080/200] method=ours loss=0.4232 train_acc=nan train_loss=nan val_acc=nan val_loss=nan best=-1.0000
[step 0090/200] method=ours loss=0.3370 train_acc=nan train_loss=nan val_acc=nan val_loss=nan best=-1.0000
[step 0100/200] method=ours loss=0.3638 train_acc=0.8574 train_loss=0.3428 val_acc=0.8181 val_loss=0.4181 router_H=0.6708 best=0.8181
           router_load=[0.03009853884577751, 0.5396398901939392, 0.3614218235015869, 0.06883992999792099]
[step 0110/200] method=ours loss=0.3706 train_acc=0.8574 train_loss=0.3428 val_acc=0.8181 val_loss=0.4181 router_H=0.6708 best=0.8181
           router_load=[0.03009853884577751, 0.5396398901939392, 0.3614218235015869, 0.06883992999792099]
[step 0120/200] method=ours loss=0.3847 train_acc=0.8574 train_loss=0.3428 val_acc=0.8181 val_loss=0.4181 router_H=0.6708 best=0.8181
           router_load=[0.03009853884577751, 0.5396398901939392, 0.3614218235015869, 0.06883992999792099]
[step 0130/200] method=ours loss=0.4008 train_acc=0.8574 train_loss=0.3428 val_acc=0.8181 val_loss=0.4181 router_H=0.6708 best=0.8181
           router_load=[0.03009853884577751, 0.5396398901939392, 0.3614218235015869, 0.06883992999792099]
[step 0140/200] method=ours loss=0.3945 train_acc=0.8574 train_loss=0.3428 val_acc=0.8181 val_loss=0.4181 router_H=0.6708 best=0.8181
           router_load=[0.03009853884577751, 0.5396398901939392, 0.3614218235015869, 0.06883992999792099]
[step 0150/200] method=ours loss=0.4365 train_acc=0.8574 train_loss=0.3428 val_acc=0.8181 val_loss=0.4181 router_H=0.6708 best=0.8181
           router_load=[0.03009853884577751, 0.5396398901939392, 0.3614218235015869, 0.06883992999792099]
[step 0160/200] method=ours loss=0.3924 train_acc=0.8574 train_loss=0.3428 val_acc=0.8181 val_loss=0.4181 router_H=0.6708 best=0.8181
           router_load=[0.03009853884577751, 0.5396398901939392, 0.3614218235015869, 0.06883992999792099]
[step 0170/200] method=ours loss=0.3301 train_acc=0.8574 train_loss=0.3428 val_acc=0.8181 val_loss=0.4181 router_H=0.6708 best=0.8181
           router_load=[0.03009853884577751, 0.5396398901939392, 0.3614218235015869, 0.06883992999792099]
[step 0180/200] method=ours loss=0.3309 train_acc=0.8574 train_loss=0.3428 val_acc=0.8181 val_loss=0.4181 router_H=0.6708 best=0.8181
           router_load=[0.03009853884577751, 0.5396398901939392, 0.3614218235015869, 0.06883992999792099]
[step 0190/200] method=ours loss=0.3422 train_acc=0.8574 train_loss=0.3428 val_acc=0.8181 val_loss=0.4181 router_H=0.6708 best=0.8181
           router_load=[0.03009853884577751, 0.5396398901939392, 0.3614218235015869, 0.06883992999792099]
[step 0200/200] method=ours loss=0.2691 train_acc=0.9161 train_loss=0.2094 val_acc=0.8475 val_loss=0.3579 router_H=0.6733 best=0.8475
           router_load=[0.034546103328466415, 0.44412845373153687, 0.3933869004249573, 0.12793844938278198]
saved summary -> /home/zhujjing/MOE-grad-conflict-routing/runs/paper_suite/single_gpu/multi_task/glue4_deberta_lora_e4_k2/hpo/ours/trial_runs/local_var_topk_023/ours_s2.json
saved curve -> /home/zhujjing/MOE-grad-conflict-routing/runs/paper_suite/single_gpu/multi_task/glue4_deberta_lora_e4_k2/hpo/ours/trial_runs/local_var_topk_023/ours_s2_curve.csv
