[run] method=baseline candidate=coord_01_train_lr_002 seed=2 steps=200 gpu=0
[run] cmd=
/home/zhujjing/anaconda3/envs/moe/bin/python /home/zhujjing/MOE-grad-conflict-routing/scripts/run.py --config configs/multitask_glue3_rte_mrpc_cola_real.yaml --set model.backbone_backend=hf --set model.hf_load_pretrained=true --set model.hf_local_files_only=true --set model.backbone=roberta --set model.hf_pretrained_name=roberta-base --set model.expert_type=lora --set model.routing_mode=topk --set model.num_experts=4 --set model.top_k=2 --set train.eval_train_fraction=0.10 --set train.eval_train_max_batches=-1 --set train.eval_max_batches=-1 --set seed=2 --set method.name=baseline_avg --set train.steps=200 --set train.eval_every_steps=100 --set train.grad_clip=1 --set train.lr=0.003661385907 --set train.weight_decay=0.01 --out /home/zhujjing/MOE-grad-conflict-routing/runs/paper_suite/single_gpu/multi_task/glue3_roberta_lora_e4_k2/hpo/baseline/trial_runs/coord_01_train_lr_002/baseline_s2.json --curve_out /home/zhujjing/MOE-grad-conflict-routing/runs/paper_suite/single_gpu/multi_task/glue3_roberta_lora_e4_k2/hpo/baseline/trial_runs/coord_01_train_lr_002/baseline_s2_curve.csv
Using the latest cached version of the dataset since glue couldn't be found on the Hugging Face Hub (offline mode is enabled).
Found the latest cached dataset configuration 'rte' at /home/zhujjing/hf_cache/datasets/glue/rte/0.0.0/bcdcba79d07bc864c1c254ccfcedcce55bcc9a8c (last modified on Thu Mar 19 15:00:36 2026).
/home/zhujjing/anaconda3/envs/moe/lib/python3.10/site-packages/transformers/utils/hub.py:124: FutureWarning: Using `TRANSFORMERS_CACHE` is deprecated and will be removed in v5 of Transformers. Use `HF_HOME` instead.
  warnings.warn(
Using the latest cached version of the dataset since glue couldn't be found on the Hugging Face Hub (offline mode is enabled).
Found the latest cached dataset configuration 'mrpc' at /home/zhujjing/hf_cache/datasets/glue/mrpc/0.0.0/bcdcba79d07bc864c1c254ccfcedcce55bcc9a8c (last modified on Thu Mar 19 15:01:06 2026).
Using the latest cached version of the dataset since glue couldn't be found on the Hugging Face Hub (offline mode is enabled).
Found the latest cached dataset configuration 'cola' at /home/zhujjing/hf_cache/datasets/glue/cola/0.0.0/bcdcba79d07bc864c1c254ccfcedcce55bcc9a8c (last modified on Thu Mar 19 15:02:09 2026).
Some weights of RobertaModel were not initialized from the model checkpoint at roberta-base and are newly initialized: ['roberta.pooler.dense.bias', 'roberta.pooler.dense.weight']
You should probably TRAIN this model on a down-stream task to be able to use it for predictions and inference.
[step 0001/200] method=baseline_avg loss=0.6879 train_acc=nan train_loss=nan val_acc=nan val_loss=nan best=-1.0000
[step 0010/200] method=baseline_avg loss=0.6372 train_acc=nan train_loss=nan val_acc=nan val_loss=nan best=-1.0000
[step 0020/200] method=baseline_avg loss=0.6538 train_acc=nan train_loss=nan val_acc=nan val_loss=nan best=-1.0000
[step 0030/200] method=baseline_avg loss=0.6849 train_acc=nan train_loss=nan val_acc=nan val_loss=nan best=-1.0000
[step 0040/200] method=baseline_avg loss=0.8168 train_acc=nan train_loss=nan val_acc=nan val_loss=nan best=-1.0000
[step 0050/200] method=baseline_avg loss=0.7548 train_acc=nan train_loss=nan val_acc=nan val_loss=nan best=-1.0000
[step 0060/200] method=baseline_avg loss=1.0818 train_acc=nan train_loss=nan val_acc=nan val_loss=nan best=-1.0000
[step 0070/200] method=baseline_avg loss=0.6289 train_acc=nan train_loss=nan val_acc=nan val_loss=nan best=-1.0000
[step 0080/200] method=baseline_avg loss=0.6970 train_acc=nan train_loss=nan val_acc=nan val_loss=nan best=-1.0000
[step 0090/200] method=baseline_avg loss=0.7409 train_acc=nan train_loss=nan val_acc=nan val_loss=nan best=-1.0000
[step 0100/200] method=baseline_avg loss=0.7127 train_acc=0.6236 train_loss=0.6837 val_acc=0.6160 val_loss=0.6844 router_H=0.2128 best=0.6160
           router_load=[0.0, 0.05495261400938034, 0.0, 0.9450454711914062]
[step 0110/200] method=baseline_avg loss=0.6888 train_acc=0.6236 train_loss=0.6837 val_acc=0.6160 val_loss=0.6844 router_H=0.2128 best=0.6160
           router_load=[0.0, 0.05495261400938034, 0.0, 0.9450454711914062]
[step 0120/200] method=baseline_avg loss=0.6587 train_acc=0.6236 train_loss=0.6837 val_acc=0.6160 val_loss=0.6844 router_H=0.2128 best=0.6160
           router_load=[0.0, 0.05495261400938034, 0.0, 0.9450454711914062]
[step 0130/200] method=baseline_avg loss=0.4531 train_acc=0.6236 train_loss=0.6837 val_acc=0.6160 val_loss=0.6844 router_H=0.2128 best=0.6160
           router_load=[0.0, 0.05495261400938034, 0.0, 0.9450454711914062]
[step 0140/200] method=baseline_avg loss=0.6849 train_acc=0.6236 train_loss=0.6837 val_acc=0.6160 val_loss=0.6844 router_H=0.2128 best=0.6160
           router_load=[0.0, 0.05495261400938034, 0.0, 0.9450454711914062]
[step 0150/200] method=baseline_avg loss=0.5361 train_acc=0.6236 train_loss=0.6837 val_acc=0.6160 val_loss=0.6844 router_H=0.2128 best=0.6160
           router_load=[0.0, 0.05495261400938034, 0.0, 0.9450454711914062]
[step 0160/200] method=baseline_avg loss=0.6820 train_acc=0.6236 train_loss=0.6837 val_acc=0.6160 val_loss=0.6844 router_H=0.2128 best=0.6160
           router_load=[0.0, 0.05495261400938034, 0.0, 0.9450454711914062]
[step 0170/200] method=baseline_avg loss=0.6635 train_acc=0.6236 train_loss=0.6837 val_acc=0.6160 val_loss=0.6844 router_H=0.2128 best=0.6160
           router_load=[0.0, 0.05495261400938034, 0.0, 0.9450454711914062]
[step 0180/200] method=baseline_avg loss=0.5714 train_acc=0.6236 train_loss=0.6837 val_acc=0.6160 val_loss=0.6844 router_H=0.2128 best=0.6160
           router_load=[0.0, 0.05495261400938034, 0.0, 0.9450454711914062]
[step 0190/200] method=baseline_avg loss=0.7194 train_acc=0.6236 train_loss=0.6837 val_acc=0.6160 val_loss=0.6844 router_H=0.2128 best=0.6160
           router_load=[0.0, 0.05495261400938034, 0.0, 0.9450454711914062]
[step 0200/200] method=baseline_avg loss=0.6786 train_acc=0.6379 train_loss=0.6564 val_acc=0.6160 val_loss=0.6665 router_H=0.5486 best=0.6160
           router_load=[0.0, 0.23783160746097565, 0.0, 0.7621674537658691]
saved summary -> /home/zhujjing/MOE-grad-conflict-routing/runs/paper_suite/single_gpu/multi_task/glue3_roberta_lora_e4_k2/hpo/baseline/trial_runs/coord_01_train_lr_002/baseline_s2.json
saved curve -> /home/zhujjing/MOE-grad-conflict-routing/runs/paper_suite/single_gpu/multi_task/glue3_roberta_lora_e4_k2/hpo/baseline/trial_runs/coord_01_train_lr_002/baseline_s2_curve.csv
