[run] method=ours candidate=coord_01_train_lr_008 seed=3 steps=200 gpu=0
[run] cmd=
/root/miniconda3/envs/optimization/bin/python /root/Optimization/MOE-grad-conflict-routing-appendix2/scripts/run.py --config configs/multitask_textcls_local_sst2_imdb_yelp_amazon_real.yaml --set model.backbone_backend=hf --set model.hf_load_pretrained=true --set model.hf_local_files_only=true --set model.routing_mode=topk --set model.expert_type=lora --set model.num_experts=4 --set model.top_k=2 --set data.train_size=20000 --set data.val_size=4000 --set model.backbone=roberta --set model.hf_pretrained_name=roberta-base --set train.eval_val_fraction=0.2 --set train.skip_train_eval=true --set seed=3 --set method.name=ours --set train.steps=200 --set train.eval_every_steps=100 --set method.ours.use_load_norm=true --set method.ours.lambda_align=0.001 --set train.grad_clip=1 --set train.lr=3.07386945e-05 --set train.weight_decay=0.01 --out /root/Optimization/MOE-grad-conflict-routing-appendix2/runs/paper_suite_supplement/appendix/multi_dataset_real/roberta_lora_e4_k2_sst2_imdb_yelp_amazon/_method_workers/ours/hpo/ours/trial_runs/coord_01_train_lr_008/ours_s3.json --curve_out /root/Optimization/MOE-grad-conflict-routing-appendix2/runs/paper_suite_supplement/appendix/multi_dataset_real/roberta_lora_e4_k2_sst2_imdb_yelp_amazon/_method_workers/ours/hpo/ours/trial_runs/coord_01_train_lr_008/ours_s3_curve.csv
Loading weights:   0%|          | 0/197 [00:00<?, ?it/s]Loading weights: 100%|██████████| 197/197 [00:00<00:00, 21642.78it/s]
[1mRobertaModel LOAD REPORT[0m from: roberta-base
Key                             | Status     | 
--------------------------------+------------+-
lm_head.layer_norm.bias         | UNEXPECTED | 
roberta.embeddings.position_ids | UNEXPECTED | 
lm_head.layer_norm.weight       | UNEXPECTED | 
lm_head.dense.weight            | UNEXPECTED | 
lm_head.bias                    | UNEXPECTED | 
lm_head.dense.bias              | UNEXPECTED | 
pooler.dense.bias               | MISSING    | 
pooler.dense.weight             | MISSING    | 

[3mNotes:
- UNEXPECTED[3m	:can be ignored when loading from different task/architecture; not ok if you expect identical arch.
- MISSING[3m	:those params were newly initialized because missing from the checkpoint. Consider training on your downstream task.[0m
[step 0001/200] method=ours loss=0.6843 train_acc=nan train_loss=nan val_acc=nan val_loss=nan best=-1.0000
[step 0010/200] method=ours loss=0.6044 train_acc=nan train_loss=nan val_acc=nan val_loss=nan best=-1.0000
[step 0020/200] method=ours loss=0.4452 train_acc=nan train_loss=nan val_acc=nan val_loss=nan best=-1.0000
[step 0030/200] method=ours loss=0.3348 train_acc=nan train_loss=nan val_acc=nan val_loss=nan best=-1.0000
[step 0040/200] method=ours loss=0.0623 train_acc=nan train_loss=nan val_acc=nan val_loss=nan best=-1.0000
[step 0050/200] method=ours loss=0.6609 train_acc=nan train_loss=nan val_acc=nan val_loss=nan best=-1.0000
[step 0060/200] method=ours loss=0.2677 train_acc=nan train_loss=nan val_acc=nan val_loss=nan best=-1.0000
[step 0070/200] method=ours loss=0.2495 train_acc=nan train_loss=nan val_acc=nan val_loss=nan best=-1.0000
[step 0080/200] method=ours loss=0.2083 train_acc=nan train_loss=nan val_acc=nan val_loss=nan best=-1.0000
[step 0090/200] method=ours loss=0.1190 train_acc=nan train_loss=nan val_acc=nan val_loss=nan best=-1.0000
[step 0100/200] method=ours loss=0.0902 train_acc=nan train_loss=nan val_acc=0.8947 val_loss=0.2524 router_H=0.6887 best=0.8947
           router_load=[0.011951083317399025, 0.3718487620353699, 0.1909649819135666, 0.42523497343063354]
[step 0110/200] method=ours loss=0.2898 train_acc=nan train_loss=nan val_acc=0.8947 val_loss=0.2524 router_H=0.6887 best=0.8947
           router_load=[0.011951083317399025, 0.3718487620353699, 0.1909649819135666, 0.42523497343063354]
[step 0120/200] method=ours loss=0.2916 train_acc=nan train_loss=nan val_acc=0.8947 val_loss=0.2524 router_H=0.6887 best=0.8947
           router_load=[0.011951083317399025, 0.3718487620353699, 0.1909649819135666, 0.42523497343063354]
[step 0130/200] method=ours loss=0.0976 train_acc=nan train_loss=nan val_acc=0.8947 val_loss=0.2524 router_H=0.6887 best=0.8947
           router_load=[0.011951083317399025, 0.3718487620353699, 0.1909649819135666, 0.42523497343063354]
[step 0140/200] method=ours loss=0.3099 train_acc=nan train_loss=nan val_acc=0.8947 val_loss=0.2524 router_H=0.6887 best=0.8947
           router_load=[0.011951083317399025, 0.3718487620353699, 0.1909649819135666, 0.42523497343063354]
[step 0150/200] method=ours loss=0.3362 train_acc=nan train_loss=nan val_acc=0.8947 val_loss=0.2524 router_H=0.6887 best=0.8947
           router_load=[0.011951083317399025, 0.3718487620353699, 0.1909649819135666, 0.42523497343063354]
[step 0160/200] method=ours loss=0.1291 train_acc=nan train_loss=nan val_acc=0.8947 val_loss=0.2524 router_H=0.6887 best=0.8947
           router_load=[0.011951083317399025, 0.3718487620353699, 0.1909649819135666, 0.42523497343063354]
[step 0170/200] method=ours loss=0.8563 train_acc=nan train_loss=nan val_acc=0.8947 val_loss=0.2524 router_H=0.6887 best=0.8947
           router_load=[0.011951083317399025, 0.3718487620353699, 0.1909649819135666, 0.42523497343063354]
[step 0180/200] method=ours loss=0.1736 train_acc=nan train_loss=nan val_acc=0.8947 val_loss=0.2524 router_H=0.6887 best=0.8947
           router_load=[0.011951083317399025, 0.3718487620353699, 0.1909649819135666, 0.42523497343063354]
[step 0190/200] method=ours loss=0.2018 train_acc=nan train_loss=nan val_acc=0.8947 val_loss=0.2524 router_H=0.6887 best=0.8947
           router_load=[0.011951083317399025, 0.3718487620353699, 0.1909649819135666, 0.42523497343063354]
[step 0200/200] method=ours loss=0.2426 train_acc=nan train_loss=nan val_acc=0.9276 val_loss=0.1902 router_H=0.6823 best=0.9276
           router_load=[0.0064873709343373775, 0.3711562156677246, 0.16344431042671204, 0.458912193775177]
saved summary -> /root/Optimization/MOE-grad-conflict-routing-appendix2/runs/paper_suite_supplement/appendix/multi_dataset_real/roberta_lora_e4_k2_sst2_imdb_yelp_amazon/_method_workers/ours/hpo/ours/trial_runs/coord_01_train_lr_008/ours_s3.json
saved curve -> /root/Optimization/MOE-grad-conflict-routing-appendix2/runs/paper_suite_supplement/appendix/multi_dataset_real/roberta_lora_e4_k2_sst2_imdb_yelp_amazon/_method_workers/ours/hpo/ours/trial_runs/coord_01_train_lr_008/ours_s3_curve.csv
