[run] method=baseline candidate=local_var_topk_002 seed=2 steps=150 gpu=0
[run] cmd=
/home/zhujjing/anaconda3/envs/moe/bin/python /home/zhujjing/MOE-grad-conflict-routing/scripts/run.py --config configs/singletask_rte_real.yaml --set model.backbone_backend=hf --set model.hf_load_pretrained=true --set model.hf_local_files_only=true --set model.backbone=deberta --set model.hf_pretrained_name=microsoft/deberta-v3-base --set model.expert_type=lora --set model.routing_mode=topk --set model.num_experts=4 --set model.top_k=2 --set seed=2 --set method.name=baseline_avg --set train.steps=150 --set train.eval_every_steps=50 --set train.grad_clip=1.572120212 --set train.lr=1.5369347e-05 --set train.weight_decay=0.01239201578 --out /home/zhujjing/MOE-grad-conflict-routing/runs/paper_suite/single_gpu/single_task/deberta_rte_lora_e4_k2_supplement/hpo/baseline/trial_runs/local_var_topk_002/baseline_s2.json --curve_out /home/zhujjing/MOE-grad-conflict-routing/runs/paper_suite/single_gpu/single_task/deberta_rte_lora_e4_k2_supplement/hpo/baseline/trial_runs/local_var_topk_002/baseline_s2_curve.csv
Using the latest cached version of the dataset since glue couldn't be found on the Hugging Face Hub (offline mode is enabled).
Found the latest cached dataset configuration 'rte' at /home/zhujjing/hf_cache/datasets/glue/rte/0.0.0/bcdcba79d07bc864c1c254ccfcedcce55bcc9a8c (last modified on Thu Mar 19 15:00:36 2026).
/home/zhujjing/anaconda3/envs/moe/lib/python3.10/site-packages/transformers/utils/hub.py:124: FutureWarning: Using `TRANSFORMERS_CACHE` is deprecated and will be removed in v5 of Transformers. Use `HF_HOME` instead.
  warnings.warn(
/home/zhujjing/anaconda3/envs/moe/lib/python3.10/site-packages/transformers/convert_slow_tokenizer.py:560: UserWarning: The sentencepiece tokenizer that you are converting to a fast tokenizer uses the byte fallback option which is not implemented in the fast tokenizers. In practice this means that the fast version of the tokenizer can produce unknown tokens whereas the sentencepiece version would have converted these unknown tokens into a sequence of byte tokens matching the original piece of text.
  warnings.warn(
[step 0001/150] method=baseline_avg loss=0.7062 train_acc=nan train_loss=nan val_acc=nan val_loss=nan best=-1.0000
[step 0010/150] method=baseline_avg loss=0.8448 train_acc=nan train_loss=nan val_acc=nan val_loss=nan best=-1.0000
[step 0020/150] method=baseline_avg loss=0.6455 train_acc=nan train_loss=nan val_acc=nan val_loss=nan best=-1.0000
[step 0030/150] method=baseline_avg loss=0.6145 train_acc=nan train_loss=nan val_acc=nan val_loss=nan best=-1.0000
[step 0040/150] method=baseline_avg loss=0.6213 train_acc=nan train_loss=nan val_acc=nan val_loss=nan best=-1.0000
[step 0050/150] method=baseline_avg loss=0.5451 train_acc=0.6992 train_loss=0.5979 val_acc=0.6534 val_loss=0.5890 router_H=0.6149 best=0.6534
           router_load=[0.005994205363094807, 0.324081152677536, 0.6699246764183044, 0.0]
[step 0060/150] method=baseline_avg loss=0.5289 train_acc=0.6992 train_loss=0.5979 val_acc=0.6534 val_loss=0.5890 router_H=0.6149 best=0.6534
           router_load=[0.005994205363094807, 0.324081152677536, 0.6699246764183044, 0.0]
[step 0070/150] method=baseline_avg loss=0.6221 train_acc=0.6992 train_loss=0.5979 val_acc=0.6534 val_loss=0.5890 router_H=0.6149 best=0.6534
           router_load=[0.005994205363094807, 0.324081152677536, 0.6699246764183044, 0.0]
[step 0080/150] method=baseline_avg loss=0.4643 train_acc=0.6992 train_loss=0.5979 val_acc=0.6534 val_loss=0.5890 router_H=0.6149 best=0.6534
           router_load=[0.005994205363094807, 0.324081152677536, 0.6699246764183044, 0.0]
[step 0090/150] method=baseline_avg loss=0.4947 train_acc=0.6992 train_loss=0.5979 val_acc=0.6534 val_loss=0.5890 router_H=0.6149 best=0.6534
           router_load=[0.005994205363094807, 0.324081152677536, 0.6699246764183044, 0.0]
[step 0100/150] method=baseline_avg loss=0.4964 train_acc=0.8320 train_loss=0.4579 val_acc=0.7581 val_loss=0.5134 router_H=0.6185 best=0.7581
           router_load=[0.031223252415657043, 0.30799421668052673, 0.6607823967933655, 0.0]
[step 0110/150] method=baseline_avg loss=0.5320 train_acc=0.8320 train_loss=0.4579 val_acc=0.7581 val_loss=0.5134 router_H=0.6185 best=0.7581
           router_load=[0.031223252415657043, 0.30799421668052673, 0.6607823967933655, 0.0]
[step 0120/150] method=baseline_avg loss=0.5140 train_acc=0.8320 train_loss=0.4579 val_acc=0.7581 val_loss=0.5134 router_H=0.6185 best=0.7581
           router_load=[0.031223252415657043, 0.30799421668052673, 0.6607823967933655, 0.0]
[step 0130/150] method=baseline_avg loss=0.5132 train_acc=0.8320 train_loss=0.4579 val_acc=0.7581 val_loss=0.5134 router_H=0.6185 best=0.7581
           router_load=[0.031223252415657043, 0.30799421668052673, 0.6607823967933655, 0.0]
[step 0140/150] method=baseline_avg loss=1.0295 train_acc=0.8320 train_loss=0.4579 val_acc=0.7581 val_loss=0.5134 router_H=0.6185 best=0.7581
           router_load=[0.031223252415657043, 0.30799421668052673, 0.6607823967933655, 0.0]
[step 0150/150] method=baseline_avg loss=0.5167 train_acc=0.8828 train_loss=0.3762 val_acc=0.7690 val_loss=0.5070 router_H=0.6319 best=0.7690
           router_load=[0.05429336801171303, 0.30489447712898254, 0.6408121585845947, 0.0]
saved summary -> /home/zhujjing/MOE-grad-conflict-routing/runs/paper_suite/single_gpu/single_task/deberta_rte_lora_e4_k2_supplement/hpo/baseline/trial_runs/local_var_topk_002/baseline_s2.json
saved curve -> /home/zhujjing/MOE-grad-conflict-routing/runs/paper_suite/single_gpu/single_task/deberta_rte_lora_e4_k2_supplement/hpo/baseline/trial_runs/local_var_topk_002/baseline_s2_curve.csv
