[run] method=baseline candidate=local_var_topk_023 seed=3 steps=150 gpu=0
[run] cmd=
/home/zhujjing/anaconda3/envs/moe/bin/python /home/zhujjing/MOE-grad-conflict-routing/scripts/run.py --config configs/singletask_rte_real.yaml --set model.backbone_backend=hf --set model.hf_load_pretrained=true --set model.hf_local_files_only=true --set model.backbone=deberta --set model.hf_pretrained_name=microsoft/deberta-v3-base --set model.expert_type=lora --set model.routing_mode=topk --set model.num_experts=4 --set model.top_k=2 --set seed=3 --set method.name=baseline_avg --set train.steps=150 --set train.eval_every_steps=50 --set train.grad_clip=1.872120212 --set train.lr=6.1477389e-05 --set train.weight_decay=0.01239201578 --out /home/zhujjing/MOE-grad-conflict-routing/runs/paper_suite/single_gpu/single_task/deberta_rte_lora_e4_k2_supplement/hpo/baseline/trial_runs/local_var_topk_023/baseline_s3.json --curve_out /home/zhujjing/MOE-grad-conflict-routing/runs/paper_suite/single_gpu/single_task/deberta_rte_lora_e4_k2_supplement/hpo/baseline/trial_runs/local_var_topk_023/baseline_s3_curve.csv
Using the latest cached version of the dataset since glue couldn't be found on the Hugging Face Hub (offline mode is enabled).
Found the latest cached dataset configuration 'rte' at /home/zhujjing/hf_cache/datasets/glue/rte/0.0.0/bcdcba79d07bc864c1c254ccfcedcce55bcc9a8c (last modified on Thu Mar 19 15:00:36 2026).
/home/zhujjing/anaconda3/envs/moe/lib/python3.10/site-packages/transformers/utils/hub.py:124: FutureWarning: Using `TRANSFORMERS_CACHE` is deprecated and will be removed in v5 of Transformers. Use `HF_HOME` instead.
  warnings.warn(
/home/zhujjing/anaconda3/envs/moe/lib/python3.10/site-packages/transformers/convert_slow_tokenizer.py:560: UserWarning: The sentencepiece tokenizer that you are converting to a fast tokenizer uses the byte fallback option which is not implemented in the fast tokenizers. In practice this means that the fast version of the tokenizer can produce unknown tokens whereas the sentencepiece version would have converted these unknown tokens into a sequence of byte tokens matching the original piece of text.
  warnings.warn(
[step 0001/150] method=baseline_avg loss=0.7240 train_acc=nan train_loss=nan val_acc=nan val_loss=nan best=-1.0000
[step 0010/150] method=baseline_avg loss=0.7746 train_acc=nan train_loss=nan val_acc=nan val_loss=nan best=-1.0000
[step 0020/150] method=baseline_avg loss=0.6491 train_acc=nan train_loss=nan val_acc=nan val_loss=nan best=-1.0000
[step 0030/150] method=baseline_avg loss=0.4412 train_acc=nan train_loss=nan val_acc=nan val_loss=nan best=-1.0000
[step 0040/150] method=baseline_avg loss=0.4021 train_acc=nan train_loss=nan val_acc=nan val_loss=nan best=-1.0000
[step 0050/150] method=baseline_avg loss=0.5885 train_acc=0.7344 train_loss=0.5172 val_acc=0.6859 val_loss=0.5792 router_H=0.6513 best=0.6859
           router_load=[0.635453999042511, 0.3645460307598114, 0.0, 0.0]
[step 0060/150] method=baseline_avg loss=0.3952 train_acc=0.7344 train_loss=0.5172 val_acc=0.6859 val_loss=0.5792 router_H=0.6513 best=0.6859
           router_load=[0.635453999042511, 0.3645460307598114, 0.0, 0.0]
[step 0070/150] method=baseline_avg loss=0.6732 train_acc=0.7344 train_loss=0.5172 val_acc=0.6859 val_loss=0.5792 router_H=0.6513 best=0.6859
           router_load=[0.635453999042511, 0.3645460307598114, 0.0, 0.0]
[step 0080/150] method=baseline_avg loss=0.5431 train_acc=0.7344 train_loss=0.5172 val_acc=0.6859 val_loss=0.5792 router_H=0.6513 best=0.6859
           router_load=[0.635453999042511, 0.3645460307598114, 0.0, 0.0]
[step 0090/150] method=baseline_avg loss=0.7059 train_acc=0.7344 train_loss=0.5172 val_acc=0.6859 val_loss=0.5792 router_H=0.6513 best=0.6859
           router_load=[0.635453999042511, 0.3645460307598114, 0.0, 0.0]
[step 0100/150] method=baseline_avg loss=0.6599 train_acc=0.8828 train_loss=0.3695 val_acc=0.7870 val_loss=0.4975 router_H=0.6557 best=0.7870
           router_load=[0.6279029846191406, 0.37209686636924744, 0.0, 0.0]
[step 0110/150] method=baseline_avg loss=0.6453 train_acc=0.8828 train_loss=0.3695 val_acc=0.7870 val_loss=0.4975 router_H=0.6557 best=0.7870
           router_load=[0.6279029846191406, 0.37209686636924744, 0.0, 0.0]
[step 0120/150] method=baseline_avg loss=0.5660 train_acc=0.8828 train_loss=0.3695 val_acc=0.7870 val_loss=0.4975 router_H=0.6557 best=0.7870
           router_load=[0.6279029846191406, 0.37209686636924744, 0.0, 0.0]
[step 0130/150] method=baseline_avg loss=0.3098 train_acc=0.8828 train_loss=0.3695 val_acc=0.7870 val_loss=0.4975 router_H=0.6557 best=0.7870
           router_load=[0.6279029846191406, 0.37209686636924744, 0.0, 0.0]
[step 0140/150] method=baseline_avg loss=0.3362 train_acc=0.8828 train_loss=0.3695 val_acc=0.7870 val_loss=0.4975 router_H=0.6557 best=0.7870
           router_load=[0.6279029846191406, 0.37209686636924744, 0.0, 0.0]
[step 0150/150] method=baseline_avg loss=0.2321 train_acc=0.8203 train_loss=0.4233 val_acc=0.6968 val_loss=0.6635 router_H=0.6844 best=0.7870
           router_load=[0.5361499786376953, 0.23726916313171387, 0.0, 0.2265809178352356]
saved summary -> /home/zhujjing/MOE-grad-conflict-routing/runs/paper_suite/single_gpu/single_task/deberta_rte_lora_e4_k2_supplement/hpo/baseline/trial_runs/local_var_topk_023/baseline_s3.json
saved curve -> /home/zhujjing/MOE-grad-conflict-routing/runs/paper_suite/single_gpu/single_task/deberta_rte_lora_e4_k2_supplement/hpo/baseline/trial_runs/local_var_topk_023/baseline_s3_curve.csv
