[run] method=cagrad candidate=coord_01_train_lr_011 seed=2 steps=150 gpu=0
[run] cmd=
/home/zhujjing/anaconda3/envs/moe/bin/python /home/zhujjing/MOE-grad-conflict-routing/scripts/run.py --config configs/singletask_rte_real.yaml --set model.backbone_backend=hf --set model.hf_load_pretrained=true --set model.hf_local_files_only=true --set model.backbone=roberta --set model.hf_pretrained_name=roberta-base --set model.expert_type=ffn --set model.routing_mode=topk --set model.num_experts=4 --set model.top_k=2 --set seed=2 --set method.name=baseline_cagrad --set train.steps=150 --set train.eval_every_steps=50 --set method.baseline_cagrad.c=0.4 --set method.baseline_cagrad.inner_lr=0.1 --set train.grad_clip=1 --set train.lr=2.310879692e-06 --set train.weight_decay=0.01 --out /home/zhujjing/MOE-grad-conflict-routing/runs/paper_suite/single_gpu/single_task/roberta_rte_ffn_e4_k2_supplement/hpo/cagrad/trial_runs/coord_01_train_lr_011/cagrad_s2.json --curve_out /home/zhujjing/MOE-grad-conflict-routing/runs/paper_suite/single_gpu/single_task/roberta_rte_ffn_e4_k2_supplement/hpo/cagrad/trial_runs/coord_01_train_lr_011/cagrad_s2_curve.csv
Using the latest cached version of the dataset since glue couldn't be found on the Hugging Face Hub (offline mode is enabled).
Found the latest cached dataset configuration 'rte' at /home/zhujjing/hf_cache/datasets/glue/rte/0.0.0/bcdcba79d07bc864c1c254ccfcedcce55bcc9a8c (last modified on Thu Mar 19 15:00:36 2026).
/home/zhujjing/anaconda3/envs/moe/lib/python3.10/site-packages/transformers/utils/hub.py:124: FutureWarning: Using `TRANSFORMERS_CACHE` is deprecated and will be removed in v5 of Transformers. Use `HF_HOME` instead.
  warnings.warn(
Some weights of RobertaModel were not initialized from the model checkpoint at roberta-base and are newly initialized: ['roberta.pooler.dense.bias', 'roberta.pooler.dense.weight']
You should probably TRAIN this model on a down-stream task to be able to use it for predictions and inference.
[step 0001/150] method=baseline_cagrad loss=0.6926 train_acc=nan train_loss=nan val_acc=nan val_loss=nan best=-1.0000
[step 0010/150] method=baseline_cagrad loss=0.6993 train_acc=nan train_loss=nan val_acc=nan val_loss=nan best=-1.0000
[step 0020/150] method=baseline_cagrad loss=0.6877 train_acc=nan train_loss=nan val_acc=nan val_loss=nan best=-1.0000
[step 0030/150] method=baseline_cagrad loss=0.6903 train_acc=nan train_loss=nan val_acc=nan val_loss=nan best=-1.0000
[step 0040/150] method=baseline_cagrad loss=0.6837 train_acc=nan train_loss=nan val_acc=nan val_loss=nan best=-1.0000
[step 0050/150] method=baseline_cagrad loss=0.6782 train_acc=0.5312 train_loss=0.6911 val_acc=0.5054 val_loss=0.6918 router_H=0.6923 best=0.5054
           router_load=[0.4761829674243927, 0.5118364095687866, 0.00177255820017308, 0.010208042338490486]
[step 0060/150] method=baseline_cagrad loss=0.6899 train_acc=0.5312 train_loss=0.6911 val_acc=0.5054 val_loss=0.6918 router_H=0.6923 best=0.5054
           router_load=[0.4761829674243927, 0.5118364095687866, 0.00177255820017308, 0.010208042338490486]
[step 0070/150] method=baseline_cagrad loss=0.6886 train_acc=0.5312 train_loss=0.6911 val_acc=0.5054 val_loss=0.6918 router_H=0.6923 best=0.5054
           router_load=[0.4761829674243927, 0.5118364095687866, 0.00177255820017308, 0.010208042338490486]
[step 0080/150] method=baseline_cagrad loss=0.6836 train_acc=0.5312 train_loss=0.6911 val_acc=0.5054 val_loss=0.6918 router_H=0.6923 best=0.5054
           router_load=[0.4761829674243927, 0.5118364095687866, 0.00177255820017308, 0.010208042338490486]
[step 0090/150] method=baseline_cagrad loss=0.7085 train_acc=0.5312 train_loss=0.6911 val_acc=0.5054 val_loss=0.6918 router_H=0.6923 best=0.5054
           router_load=[0.4761829674243927, 0.5118364095687866, 0.00177255820017308, 0.010208042338490486]
[step 0100/150] method=baseline_cagrad loss=0.6861 train_acc=0.4766 train_loss=0.6935 val_acc=0.5018 val_loss=0.6916 router_H=0.6913 best=0.5054
           router_load=[0.43192291259765625, 0.5263410210609436, 0.008569578640162945, 0.03316658362746239]
[step 0110/150] method=baseline_cagrad loss=0.6901 train_acc=0.4766 train_loss=0.6935 val_acc=0.5018 val_loss=0.6916 router_H=0.6913 best=0.5054
           router_load=[0.43192291259765625, 0.5263410210609436, 0.008569578640162945, 0.03316658362746239]
[step 0120/150] method=baseline_cagrad loss=0.6980 train_acc=0.4766 train_loss=0.6935 val_acc=0.5018 val_loss=0.6916 router_H=0.6913 best=0.5054
           router_load=[0.43192291259765625, 0.5263410210609436, 0.008569578640162945, 0.03316658362746239]
[step 0130/150] method=baseline_cagrad loss=0.6923 train_acc=0.4766 train_loss=0.6935 val_acc=0.5018 val_loss=0.6916 router_H=0.6913 best=0.5054
           router_load=[0.43192291259765625, 0.5263410210609436, 0.008569578640162945, 0.03316658362746239]
[step 0140/150] method=baseline_cagrad loss=0.6827 train_acc=0.4766 train_loss=0.6935 val_acc=0.5018 val_loss=0.6916 router_H=0.6913 best=0.5054
           router_load=[0.43192291259765625, 0.5263410210609436, 0.008569578640162945, 0.03316658362746239]
[step 0150/150] method=baseline_cagrad loss=0.6865 train_acc=0.5039 train_loss=0.6926 val_acc=0.4910 val_loss=0.6948 router_H=0.6885 best=0.5054
           router_load=[0.37732604146003723, 0.5453908443450928, 0.014791969209909439, 0.062491122633218765]
saved summary -> /home/zhujjing/MOE-grad-conflict-routing/runs/paper_suite/single_gpu/single_task/roberta_rte_ffn_e4_k2_supplement/hpo/cagrad/trial_runs/coord_01_train_lr_011/cagrad_s2.json
saved curve -> /home/zhujjing/MOE-grad-conflict-routing/runs/paper_suite/single_gpu/single_task/roberta_rte_ffn_e4_k2_supplement/hpo/cagrad/trial_runs/coord_01_train_lr_011/cagrad_s2_curve.csv
