[run] method=baseline candidate=coord_01_train_lr_003 seed=3 steps=200 gpu=0
[run] cmd=
/home/zhujjing/anaconda3/envs/moe/bin/python /home/zhujjing/MOE-grad-conflict-routing/scripts/run.py --config configs/multitask_glue4_real.yaml --set model.backbone_backend=hf --set model.hf_load_pretrained=true --set model.hf_local_files_only=true --set model.backbone=roberta --set model.hf_pretrained_name=roberta-base --set model.expert_type=lora --set model.routing_mode=topk --set model.num_experts=4 --set model.top_k=2 --set train.eval_train_fraction=0.10 --set train.eval_train_max_batches=-1 --set train.eval_max_batches=-1 --set seed=3 --set method.name=baseline_avg --set train.steps=200 --set train.eval_every_steps=100 --set train.grad_clip=1 --set train.lr=6.110024421e-06 --set train.weight_decay=0 --out /home/zhujjing/MOE-grad-conflict-routing/runs/paper_suite/single_gpu/multi_task/glue4_roberta_lora_e4_k2/hpo/baseline/trial_runs/coord_01_train_lr_003/baseline_s3.json --curve_out /home/zhujjing/MOE-grad-conflict-routing/runs/paper_suite/single_gpu/multi_task/glue4_roberta_lora_e4_k2/hpo/baseline/trial_runs/coord_01_train_lr_003/baseline_s3_curve.csv
Using the latest cached version of the dataset since glue couldn't be found on the Hugging Face Hub (offline mode is enabled).
Found the latest cached dataset configuration 'rte' at /home/zhujjing/hf_cache/datasets/glue/rte/0.0.0/bcdcba79d07bc864c1c254ccfcedcce55bcc9a8c (last modified on Thu Mar 19 15:00:36 2026).
/home/zhujjing/anaconda3/envs/moe/lib/python3.10/site-packages/transformers/utils/hub.py:124: FutureWarning: Using `TRANSFORMERS_CACHE` is deprecated and will be removed in v5 of Transformers. Use `HF_HOME` instead.
  warnings.warn(
Using the latest cached version of the dataset since glue couldn't be found on the Hugging Face Hub (offline mode is enabled).
Found the latest cached dataset configuration 'mrpc' at /home/zhujjing/hf_cache/datasets/glue/mrpc/0.0.0/bcdcba79d07bc864c1c254ccfcedcce55bcc9a8c (last modified on Thu Mar 19 15:01:06 2026).
Using the latest cached version of the dataset since glue couldn't be found on the Hugging Face Hub (offline mode is enabled).
Found the latest cached dataset configuration 'sst2' at /home/zhujjing/hf_cache/datasets/glue/sst2/0.0.0/bcdcba79d07bc864c1c254ccfcedcce55bcc9a8c (last modified on Thu Mar 19 15:01:41 2026).
Using the latest cached version of the dataset since glue couldn't be found on the Hugging Face Hub (offline mode is enabled).
Found the latest cached dataset configuration 'cola' at /home/zhujjing/hf_cache/datasets/glue/cola/0.0.0/bcdcba79d07bc864c1c254ccfcedcce55bcc9a8c (last modified on Thu Mar 19 15:02:09 2026).
Some weights of RobertaModel were not initialized from the model checkpoint at roberta-base and are newly initialized: ['roberta.pooler.dense.bias', 'roberta.pooler.dense.weight']
You should probably TRAIN this model on a down-stream task to be able to use it for predictions and inference.
[step 0001/200] method=baseline_avg loss=0.6618 train_acc=nan train_loss=nan val_acc=nan val_loss=nan best=-1.0000
[step 0010/200] method=baseline_avg loss=0.6733 train_acc=nan train_loss=nan val_acc=nan val_loss=nan best=-1.0000
[step 0020/200] method=baseline_avg loss=0.6659 train_acc=nan train_loss=nan val_acc=nan val_loss=nan best=-1.0000
[step 0030/200] method=baseline_avg loss=0.6572 train_acc=nan train_loss=nan val_acc=nan val_loss=nan best=-1.0000
[step 0040/200] method=baseline_avg loss=0.6616 train_acc=nan train_loss=nan val_acc=nan val_loss=nan best=-1.0000
[step 0050/200] method=baseline_avg loss=0.6758 train_acc=nan train_loss=nan val_acc=nan val_loss=nan best=-1.0000
[step 0060/200] method=baseline_avg loss=0.6517 train_acc=nan train_loss=nan val_acc=nan val_loss=nan best=-1.0000
[step 0070/200] method=baseline_avg loss=0.6193 train_acc=nan train_loss=nan val_acc=nan val_loss=nan best=-1.0000
[step 0080/200] method=baseline_avg loss=0.5545 train_acc=nan train_loss=nan val_acc=nan val_loss=nan best=-1.0000
[step 0090/200] method=baseline_avg loss=0.6176 train_acc=nan train_loss=nan val_acc=nan val_loss=nan best=-1.0000
[step 0100/200] method=baseline_avg loss=0.5972 train_acc=0.6816 train_loss=0.5682 val_acc=0.6586 val_loss=0.5847 router_H=0.6889 best=0.6586
           router_load=[0.49995648860931396, 0.0, 0.18832184374332428, 0.3117215931415558]
[step 0110/200] method=baseline_avg loss=0.5857 train_acc=0.6816 train_loss=0.5682 val_acc=0.6586 val_loss=0.5847 router_H=0.6889 best=0.6586
           router_load=[0.49995648860931396, 0.0, 0.18832184374332428, 0.3117215931415558]
[step 0120/200] method=baseline_avg loss=0.5219 train_acc=0.6816 train_loss=0.5682 val_acc=0.6586 val_loss=0.5847 router_H=0.6889 best=0.6586
           router_load=[0.49995648860931396, 0.0, 0.18832184374332428, 0.3117215931415558]
[step 0130/200] method=baseline_avg loss=0.4854 train_acc=0.6816 train_loss=0.5682 val_acc=0.6586 val_loss=0.5847 router_H=0.6889 best=0.6586
           router_load=[0.49995648860931396, 0.0, 0.18832184374332428, 0.3117215931415558]
[step 0140/200] method=baseline_avg loss=0.4504 train_acc=0.6816 train_loss=0.5682 val_acc=0.6586 val_loss=0.5847 router_H=0.6889 best=0.6586
           router_load=[0.49995648860931396, 0.0, 0.18832184374332428, 0.3117215931415558]
[step 0150/200] method=baseline_avg loss=0.5044 train_acc=0.6816 train_loss=0.5682 val_acc=0.6586 val_loss=0.5847 router_H=0.6889 best=0.6586
           router_load=[0.49995648860931396, 0.0, 0.18832184374332428, 0.3117215931415558]
[step 0160/200] method=baseline_avg loss=0.5830 train_acc=0.6816 train_loss=0.5682 val_acc=0.6586 val_loss=0.5847 router_H=0.6889 best=0.6586
           router_load=[0.49995648860931396, 0.0, 0.18832184374332428, 0.3117215931415558]
[step 0170/200] method=baseline_avg loss=0.4791 train_acc=0.6816 train_loss=0.5682 val_acc=0.6586 val_loss=0.5847 router_H=0.6889 best=0.6586
           router_load=[0.49995648860931396, 0.0, 0.18832184374332428, 0.3117215931415558]
[step 0180/200] method=baseline_avg loss=0.4443 train_acc=0.6816 train_loss=0.5682 val_acc=0.6586 val_loss=0.5847 router_H=0.6889 best=0.6586
           router_load=[0.49995648860931396, 0.0, 0.18832184374332428, 0.3117215931415558]
[step 0190/200] method=baseline_avg loss=0.4579 train_acc=0.6816 train_loss=0.5682 val_acc=0.6586 val_loss=0.5847 router_H=0.6889 best=0.6586
           router_load=[0.49995648860931396, 0.0, 0.18832184374332428, 0.3117215931415558]
[step 0200/200] method=baseline_avg loss=0.5046 train_acc=0.7524 train_loss=0.4778 val_acc=0.7275 val_loss=0.5174 router_H=0.6844 best=0.7275
           router_load=[0.5241169333457947, 0.0020506558939814568, 0.25136858224868774, 0.2224637120962143]
saved summary -> /home/zhujjing/MOE-grad-conflict-routing/runs/paper_suite/single_gpu/multi_task/glue4_roberta_lora_e4_k2/hpo/baseline/trial_runs/coord_01_train_lr_003/baseline_s3.json
saved curve -> /home/zhujjing/MOE-grad-conflict-routing/runs/paper_suite/single_gpu/multi_task/glue4_roberta_lora_e4_k2/hpo/baseline/trial_runs/coord_01_train_lr_003/baseline_s3_curve.csv
