[run] method=ours candidate=local_var_topk_025 seed=3 steps=200 gpu=0
[run] cmd=
/root/miniconda3/envs/optimization/bin/python /root/Optimization/MOE-grad-conflict-routing-appendix2/scripts/run.py --config configs/singletask_cola_real.yaml --set model.backbone_backend=hf --set model.hf_load_pretrained=true --set model.hf_local_files_only=1 --set model.backbone=roberta --set model.hf_pretrained_name=roberta-base --set model.expert_type=ffn --set model.routing_mode=topk --set model.num_experts=4 --set model.top_k=2 --set train.eval_val_fraction=0.2 --set train.skip_train_eval=true --set seed=3 --set method.name=ours --set train.steps=200 --set train.eval_every_steps=100 --set method.ours.use_load_norm=true --set method.ours.lambda_align=2.7792147e-05 --set train.grad_clip=1.723562336 --set train.lr=5.1103568e-05 --set train.weight_decay=0.007589584458 --out /root/Optimization/MOE-grad-conflict-routing-appendix2/runs/paper_suite_server3/experiment4/single_task/roberta_cola_ffn_e4_k2/_method_workers/ours/hpo/ours/trial_runs/local_var_topk_025/ours_s3.json --curve_out /root/Optimization/MOE-grad-conflict-routing-appendix2/runs/paper_suite_server3/experiment4/single_task/roberta_cola_ffn_e4_k2/_method_workers/ours/hpo/ours/trial_runs/local_var_topk_025/ours_s3_curve.csv
Using the latest cached version of the dataset since glue couldn't be found on the Hugging Face Hub (offline mode is enabled).
Found the latest cached dataset configuration 'cola' at /root/.cache/huggingface/datasets/glue/cola/0.0.0/bcdcba79d07bc864c1c254ccfcedcce55bcc9a8c (last modified on Thu Mar 26 23:46:11 2026).
Loading weights:   0%|          | 0/197 [00:00<?, ?it/s]Loading weights: 100%|██████████| 197/197 [00:00<00:00, 3317.49it/s]
[1mRobertaModel LOAD REPORT[0m from: roberta-base
Key                             | Status     | 
--------------------------------+------------+-
lm_head.layer_norm.bias         | UNEXPECTED | 
roberta.embeddings.position_ids | UNEXPECTED | 
lm_head.layer_norm.weight       | UNEXPECTED | 
lm_head.dense.bias              | UNEXPECTED | 
lm_head.dense.weight            | UNEXPECTED | 
lm_head.bias                    | UNEXPECTED | 
pooler.dense.weight             | MISSING    | 
pooler.dense.bias               | MISSING    | 

[3mNotes:
- UNEXPECTED[3m	:can be ignored when loading from different task/architecture; not ok if you expect identical arch.
- MISSING[3m	:those params were newly initialized because missing from the checkpoint. Consider training on your downstream task.[0m
[step 0001/200] method=ours loss=0.6856 train_acc=nan train_loss=nan val_acc=nan val_loss=nan best=-1.0000
[step 0010/200] method=ours loss=0.3829 train_acc=nan train_loss=nan val_acc=nan val_loss=nan best=-1.0000
[step 0020/200] method=ours loss=0.7229 train_acc=nan train_loss=nan val_acc=nan val_loss=nan best=-1.0000
[step 0030/200] method=ours loss=0.6820 train_acc=nan train_loss=nan val_acc=nan val_loss=nan best=-1.0000
[step 0040/200] method=ours loss=0.7216 train_acc=nan train_loss=nan val_acc=nan val_loss=nan best=-1.0000
[step 0050/200] method=ours loss=0.7024 train_acc=nan train_loss=nan val_acc=nan val_loss=nan best=-1.0000
[step 0060/200] method=ours loss=0.5764 train_acc=nan train_loss=nan val_acc=nan val_loss=nan best=-1.0000
[step 0070/200] method=ours loss=0.6321 train_acc=nan train_loss=nan val_acc=nan val_loss=nan best=-1.0000
[step 0080/200] method=ours loss=0.5229 train_acc=nan train_loss=nan val_acc=nan val_loss=nan best=-1.0000
[step 0090/200] method=ours loss=0.6177 train_acc=nan train_loss=nan val_acc=nan val_loss=nan best=-1.0000
[step 0100/200] method=ours loss=0.4868 train_acc=nan train_loss=nan val_acc=0.6518 val_loss=0.6482 router_H=0.6120 best=0.6518
           router_load=[0.0, 0.0, 0.30135437846183777, 0.6986456513404846]
[step 0110/200] method=ours loss=0.5238 train_acc=nan train_loss=nan val_acc=0.6518 val_loss=0.6482 router_H=0.6120 best=0.6518
           router_load=[0.0, 0.0, 0.30135437846183777, 0.6986456513404846]
[step 0120/200] method=ours loss=0.6402 train_acc=nan train_loss=nan val_acc=0.6518 val_loss=0.6482 router_H=0.6120 best=0.6518
           router_load=[0.0, 0.0, 0.30135437846183777, 0.6986456513404846]
[step 0130/200] method=ours loss=0.6741 train_acc=nan train_loss=nan val_acc=0.6518 val_loss=0.6482 router_H=0.6120 best=0.6518
           router_load=[0.0, 0.0, 0.30135437846183777, 0.6986456513404846]
[step 0140/200] method=ours loss=0.5735 train_acc=nan train_loss=nan val_acc=0.6518 val_loss=0.6482 router_H=0.6120 best=0.6518
           router_load=[0.0, 0.0, 0.30135437846183777, 0.6986456513404846]
[step 0150/200] method=ours loss=0.5032 train_acc=nan train_loss=nan val_acc=0.6518 val_loss=0.6482 router_H=0.6120 best=0.6518
           router_load=[0.0, 0.0, 0.30135437846183777, 0.6986456513404846]
[step 0160/200] method=ours loss=0.6104 train_acc=nan train_loss=nan val_acc=0.6518 val_loss=0.6482 router_H=0.6120 best=0.6518
           router_load=[0.0, 0.0, 0.30135437846183777, 0.6986456513404846]
[step 0170/200] method=ours loss=0.5239 train_acc=nan train_loss=nan val_acc=0.6518 val_loss=0.6482 router_H=0.6120 best=0.6518
           router_load=[0.0, 0.0, 0.30135437846183777, 0.6986456513404846]
[step 0180/200] method=ours loss=0.6151 train_acc=nan train_loss=nan val_acc=0.6518 val_loss=0.6482 router_H=0.6120 best=0.6518
           router_load=[0.0, 0.0, 0.30135437846183777, 0.6986456513404846]
[step 0190/200] method=ours loss=0.5278 train_acc=nan train_loss=nan val_acc=0.6518 val_loss=0.6482 router_H=0.6120 best=0.6518
           router_load=[0.0, 0.0, 0.30135437846183777, 0.6986456513404846]
[step 0200/200] method=ours loss=0.5913 train_acc=nan train_loss=nan val_acc=0.6518 val_loss=0.6464 router_H=0.6644 best=0.6518
           router_load=[0.0, 0.0, 0.3806157410144806, 0.6193841695785522]
saved summary -> /root/Optimization/MOE-grad-conflict-routing-appendix2/runs/paper_suite_server3/experiment4/single_task/roberta_cola_ffn_e4_k2/_method_workers/ours/hpo/ours/trial_runs/local_var_topk_025/ours_s3.json
saved curve -> /root/Optimization/MOE-grad-conflict-routing-appendix2/runs/paper_suite_server3/experiment4/single_task/roberta_cola_ffn_e4_k2/_method_workers/ours/hpo/ours/trial_runs/local_var_topk_025/ours_s3_curve.csv
