[run] method=ours candidate=coord_02_train_weight_decay_003 seed=3 steps=150 gpu=0
[run] cmd=
/home/zhujjing/anaconda3/envs/moe/bin/python /home/zhujjing/MOE-grad-conflict-routing/scripts/run.py --config configs/singletask_mrpc_real.yaml --set model.backbone_backend=hf --set model.hf_load_pretrained=true --set model.backbone=deberta --set model.hf_pretrained_name=microsoft/deberta-v3-base --set model.expert_type=lora --set model.routing_mode=topk --set model.num_experts=4 --set model.top_k=2 --set seed=3 --set method.name=ours --set train.steps=150 --set train.eval_every_steps=50 --set method.ours.use_load_norm=true --set method.ours.lambda_align=0.001 --set train.grad_clip=1 --set train.lr=5.484611636e-05 --set train.weight_decay=0.04145867636 --out /home/zhujjing/MOE-grad-conflict-routing/runs/paper_suite/single_gpu/single_task/deberta_mrpc_lora_e4_k2/hpo/ours/trial_runs/coord_02_train_weight_decay_003/ours_s3.json --curve_out /home/zhujjing/MOE-grad-conflict-routing/runs/paper_suite/single_gpu/single_task/deberta_mrpc_lora_e4_k2/hpo/ours/trial_runs/coord_02_train_weight_decay_003/ours_s3_curve.csv
Using the latest cached version of the dataset since glue couldn't be found on the Hugging Face Hub (offline mode is enabled).
Found the latest cached dataset configuration 'mrpc' at /home/zhujjing/hf_cache/datasets/glue/mrpc/0.0.0/bcdcba79d07bc864c1c254ccfcedcce55bcc9a8c (last modified on Thu Mar 19 15:01:06 2026).
/home/zhujjing/anaconda3/envs/moe/lib/python3.10/site-packages/transformers/utils/hub.py:124: FutureWarning: Using `TRANSFORMERS_CACHE` is deprecated and will be removed in v5 of Transformers. Use `HF_HOME` instead.
  warnings.warn(
/home/zhujjing/anaconda3/envs/moe/lib/python3.10/site-packages/transformers/convert_slow_tokenizer.py:560: UserWarning: The sentencepiece tokenizer that you are converting to a fast tokenizer uses the byte fallback option which is not implemented in the fast tokenizers. In practice this means that the fast version of the tokenizer can produce unknown tokens whereas the sentencepiece version would have converted these unknown tokens into a sequence of byte tokens matching the original piece of text.
  warnings.warn(
[step 0001/150] method=ours loss=0.6367 train_acc=nan train_loss=nan val_acc=nan val_loss=nan best=-1.0000
[step 0010/150] method=ours loss=0.6176 train_acc=nan train_loss=nan val_acc=nan val_loss=nan best=-1.0000
[step 0020/150] method=ours loss=0.4319 train_acc=nan train_loss=nan val_acc=nan val_loss=nan best=-1.0000
[step 0030/150] method=ours loss=0.4588 train_acc=nan train_loss=nan val_acc=nan val_loss=nan best=-1.0000
[step 0040/150] method=ours loss=0.5282 train_acc=nan train_loss=nan val_acc=nan val_loss=nan best=-1.0000
[step 0050/150] method=ours loss=0.3395 train_acc=0.7909 train_loss=0.4337 val_acc=0.7843 val_loss=0.4558 router_H=0.6668 best=0.7843
           router_load=[0.0029214187525212765, 0.0, 0.6075054407119751, 0.3895731270313263]
[step 0060/150] method=ours loss=0.5178 train_acc=0.7909 train_loss=0.4337 val_acc=0.7843 val_loss=0.4558 router_H=0.6668 best=0.7843
           router_load=[0.0029214187525212765, 0.0, 0.6075054407119751, 0.3895731270313263]
[step 0070/150] method=ours loss=0.3505 train_acc=0.7909 train_loss=0.4337 val_acc=0.7843 val_loss=0.4558 router_H=0.6668 best=0.7843
           router_load=[0.0029214187525212765, 0.0, 0.6075054407119751, 0.3895731270313263]
[step 0080/150] method=ours loss=0.2459 train_acc=0.7909 train_loss=0.4337 val_acc=0.7843 val_loss=0.4558 router_H=0.6668 best=0.7843
           router_load=[0.0029214187525212765, 0.0, 0.6075054407119751, 0.3895731270313263]
[step 0090/150] method=ours loss=0.5032 train_acc=0.7909 train_loss=0.4337 val_acc=0.7843 val_loss=0.4558 router_H=0.6668 best=0.7843
           router_load=[0.0029214187525212765, 0.0, 0.6075054407119751, 0.3895731270313263]
[step 0100/150] method=ours loss=0.2603 train_acc=0.8828 train_loss=0.2768 val_acc=0.8824 val_loss=0.3148 router_H=0.6857 best=0.8824
           router_load=[0.0, 0.0, 0.5403502583503723, 0.4596497118473053]
[step 0110/150] method=ours loss=0.4898 train_acc=0.8828 train_loss=0.2768 val_acc=0.8824 val_loss=0.3148 router_H=0.6857 best=0.8824
           router_load=[0.0, 0.0, 0.5403502583503723, 0.4596497118473053]
[step 0120/150] method=ours loss=0.3712 train_acc=0.8828 train_loss=0.2768 val_acc=0.8824 val_loss=0.3148 router_H=0.6857 best=0.8824
           router_load=[0.0, 0.0, 0.5403502583503723, 0.4596497118473053]
[step 0130/150] method=ours loss=0.5719 train_acc=0.8828 train_loss=0.2768 val_acc=0.8824 val_loss=0.3148 router_H=0.6857 best=0.8824
           router_load=[0.0, 0.0, 0.5403502583503723, 0.4596497118473053]
[step 0140/150] method=ours loss=0.7270 train_acc=0.8828 train_loss=0.2768 val_acc=0.8824 val_loss=0.3148 router_H=0.6857 best=0.8824
           router_load=[0.0, 0.0, 0.5403502583503723, 0.4596497118473053]
[step 0150/150] method=ours loss=0.4485 train_acc=0.8860 train_loss=0.2705 val_acc=0.8480 val_loss=0.3254 router_H=0.6866 best=0.8824
           router_load=[0.0, 0.0, 0.5411466360092163, 0.4588533639907837]
saved summary -> /home/zhujjing/MOE-grad-conflict-routing/runs/paper_suite/single_gpu/single_task/deberta_mrpc_lora_e4_k2/hpo/ours/trial_runs/coord_02_train_weight_decay_003/ours_s3.json
saved curve -> /home/zhujjing/MOE-grad-conflict-routing/runs/paper_suite/single_gpu/single_task/deberta_mrpc_lora_e4_k2/hpo/ours/trial_runs/coord_02_train_weight_decay_003/ours_s3_curve.csv
