[run] method=ours candidate=local_var_topk_007 seed=2 steps=150 gpu=0
[run] cmd=
/home/zhujjing/anaconda3/envs/moe/bin/python /home/zhujjing/MOE-grad-conflict-routing/scripts/run.py --config configs/singletask_sst2_real.yaml --set model.backbone_backend=hf --set model.hf_load_pretrained=true --set model.hf_local_files_only=true --set model.backbone=deberta --set model.hf_pretrained_name=microsoft/deberta-v3-base --set model.expert_type=ffn --set model.routing_mode=topk --set model.num_experts=4 --set model.top_k=2 --set seed=2 --set method.name=ours --set train.steps=150 --set train.eval_every_steps=50 --set method.ours.use_load_norm=true --set method.ours.lambda_align=0.000132894918 --set train.grad_clip=1.764511791 --set train.lr=1e-05 --set train.weight_decay=0.01112938535 --out /home/zhujjing/MOE-grad-conflict-routing/runs/paper_suite/single_gpu/single_task/deberta_sst2_ffn_e4_k2_supplement/hpo/ours/trial_runs/local_var_topk_007/ours_s2.json --curve_out /home/zhujjing/MOE-grad-conflict-routing/runs/paper_suite/single_gpu/single_task/deberta_sst2_ffn_e4_k2_supplement/hpo/ours/trial_runs/local_var_topk_007/ours_s2_curve.csv
Using the latest cached version of the dataset since glue couldn't be found on the Hugging Face Hub (offline mode is enabled).
Found the latest cached dataset configuration 'sst2' at /home/zhujjing/hf_cache/datasets/glue/sst2/0.0.0/bcdcba79d07bc864c1c254ccfcedcce55bcc9a8c (last modified on Thu Mar 19 15:01:41 2026).
/home/zhujjing/anaconda3/envs/moe/lib/python3.10/site-packages/transformers/utils/hub.py:124: FutureWarning: Using `TRANSFORMERS_CACHE` is deprecated and will be removed in v5 of Transformers. Use `HF_HOME` instead.
  warnings.warn(
/home/zhujjing/anaconda3/envs/moe/lib/python3.10/site-packages/transformers/convert_slow_tokenizer.py:560: UserWarning: The sentencepiece tokenizer that you are converting to a fast tokenizer uses the byte fallback option which is not implemented in the fast tokenizers. In practice this means that the fast version of the tokenizer can produce unknown tokens whereas the sentencepiece version would have converted these unknown tokens into a sequence of byte tokens matching the original piece of text.
  warnings.warn(
[step 0001/150] method=ours loss=0.6819 train_acc=nan train_loss=nan val_acc=nan val_loss=nan best=-1.0000
[step 0010/150] method=ours loss=0.7338 train_acc=nan train_loss=nan val_acc=nan val_loss=nan best=-1.0000
[step 0020/150] method=ours loss=0.6613 train_acc=nan train_loss=nan val_acc=nan val_loss=nan best=-1.0000
[step 0030/150] method=ours loss=0.6295 train_acc=nan train_loss=nan val_acc=nan val_loss=nan best=-1.0000
[step 0040/150] method=ours loss=0.5748 train_acc=nan train_loss=nan val_acc=nan val_loss=nan best=-1.0000
[step 0050/150] method=ours loss=0.4894 train_acc=0.8033 train_loss=0.4884 val_acc=0.7936 val_loss=0.4823 router_H=0.5729 best=0.7936
           router_load=[0.06749669462442398, 0.08576361835002899, 0.6023703813552856, 0.24436920881271362]
[step 0060/150] method=ours loss=0.4747 train_acc=0.8033 train_loss=0.4884 val_acc=0.7936 val_loss=0.4823 router_H=0.5729 best=0.7936
           router_load=[0.06749669462442398, 0.08576361835002899, 0.6023703813552856, 0.24436920881271362]
[step 0070/150] method=ours loss=0.5382 train_acc=0.8033 train_loss=0.4884 val_acc=0.7936 val_loss=0.4823 router_H=0.5729 best=0.7936
           router_load=[0.06749669462442398, 0.08576361835002899, 0.6023703813552856, 0.24436920881271362]
[step 0080/150] method=ours loss=0.3811 train_acc=0.8033 train_loss=0.4884 val_acc=0.7936 val_loss=0.4823 router_H=0.5729 best=0.7936
           router_load=[0.06749669462442398, 0.08576361835002899, 0.6023703813552856, 0.24436920881271362]
[step 0090/150] method=ours loss=0.3319 train_acc=0.8033 train_loss=0.4884 val_acc=0.7936 val_loss=0.4823 router_H=0.5729 best=0.7936
           router_load=[0.06749669462442398, 0.08576361835002899, 0.6023703813552856, 0.24436920881271362]
[step 0100/150] method=ours loss=0.2145 train_acc=0.8846 train_loss=0.2973 val_acc=0.8750 val_loss=0.3147 router_H=0.4206 best=0.8750
           router_load=[0.02268492616713047, 0.022133613005280495, 0.6057414412498474, 0.3494400382041931]
[step 0110/150] method=ours loss=0.3294 train_acc=0.8846 train_loss=0.2973 val_acc=0.8750 val_loss=0.3147 router_H=0.4206 best=0.8750
           router_load=[0.02268492616713047, 0.022133613005280495, 0.6057414412498474, 0.3494400382041931]
[step 0120/150] method=ours loss=0.6961 train_acc=0.8846 train_loss=0.2973 val_acc=0.8750 val_loss=0.3147 router_H=0.4206 best=0.8750
           router_load=[0.02268492616713047, 0.022133613005280495, 0.6057414412498474, 0.3494400382041931]
[step 0130/150] method=ours loss=0.4127 train_acc=0.8846 train_loss=0.2973 val_acc=0.8750 val_loss=0.3147 router_H=0.4206 best=0.8750
           router_load=[0.02268492616713047, 0.022133613005280495, 0.6057414412498474, 0.3494400382041931]
[step 0140/150] method=ours loss=0.4007 train_acc=0.8846 train_loss=0.2973 val_acc=0.8750 val_loss=0.3147 router_H=0.4206 best=0.8750
           router_load=[0.02268492616713047, 0.022133613005280495, 0.6057414412498474, 0.3494400382041931]
[step 0150/150] method=ours loss=0.4780 train_acc=0.9148 train_loss=0.2426 val_acc=0.9060 val_loss=0.2398 router_H=0.3828 best=0.9060
           router_load=[0.026566630229353905, 0.0490848571062088, 0.5331393480300903, 0.39120927453041077]
saved summary -> /home/zhujjing/MOE-grad-conflict-routing/runs/paper_suite/single_gpu/single_task/deberta_sst2_ffn_e4_k2_supplement/hpo/ours/trial_runs/local_var_topk_007/ours_s2.json
saved curve -> /home/zhujjing/MOE-grad-conflict-routing/runs/paper_suite/single_gpu/single_task/deberta_sst2_ffn_e4_k2_supplement/hpo/ours/trial_runs/local_var_topk_007/ours_s2_curve.csv
