[run] method=ours candidate=local_var_topk_008 seed=3 steps=150 gpu=0
[run] cmd=
/home/zhujjing/anaconda3/envs/moe/bin/python /home/zhujjing/MOE-grad-conflict-routing/scripts/run.py --config configs/singletask_sst2_real.yaml --set model.backbone_backend=hf --set model.hf_load_pretrained=true --set model.hf_local_files_only=true --set model.backbone=deberta --set model.hf_pretrained_name=microsoft/deberta-v3-base --set model.expert_type=ffn --set model.routing_mode=topk --set model.num_experts=4 --set model.top_k=2 --set seed=3 --set method.name=ours --set train.steps=150 --set train.eval_every_steps=50 --set method.ours.use_load_norm=true --set method.ours.lambda_align=0.000265789836 --set train.grad_clip=1.764511791 --set train.lr=1e-05 --set train.weight_decay=0.01112938535 --out /home/zhujjing/MOE-grad-conflict-routing/runs/paper_suite/single_gpu/single_task/deberta_sst2_ffn_e4_k2_supplement/hpo/ours/trial_runs/local_var_topk_008/ours_s3.json --curve_out /home/zhujjing/MOE-grad-conflict-routing/runs/paper_suite/single_gpu/single_task/deberta_sst2_ffn_e4_k2_supplement/hpo/ours/trial_runs/local_var_topk_008/ours_s3_curve.csv
Using the latest cached version of the dataset since glue couldn't be found on the Hugging Face Hub (offline mode is enabled).
Found the latest cached dataset configuration 'sst2' at /home/zhujjing/hf_cache/datasets/glue/sst2/0.0.0/bcdcba79d07bc864c1c254ccfcedcce55bcc9a8c (last modified on Thu Mar 19 15:01:41 2026).
/home/zhujjing/anaconda3/envs/moe/lib/python3.10/site-packages/transformers/utils/hub.py:124: FutureWarning: Using `TRANSFORMERS_CACHE` is deprecated and will be removed in v5 of Transformers. Use `HF_HOME` instead.
  warnings.warn(
/home/zhujjing/anaconda3/envs/moe/lib/python3.10/site-packages/transformers/convert_slow_tokenizer.py:560: UserWarning: The sentencepiece tokenizer that you are converting to a fast tokenizer uses the byte fallback option which is not implemented in the fast tokenizers. In practice this means that the fast version of the tokenizer can produce unknown tokens whereas the sentencepiece version would have converted these unknown tokens into a sequence of byte tokens matching the original piece of text.
  warnings.warn(
[step 0001/150] method=ours loss=0.6715 train_acc=nan train_loss=nan val_acc=nan val_loss=nan best=-1.0000
[step 0010/150] method=ours loss=0.6602 train_acc=nan train_loss=nan val_acc=nan val_loss=nan best=-1.0000
[step 0020/150] method=ours loss=0.6298 train_acc=nan train_loss=nan val_acc=nan val_loss=nan best=-1.0000
[step 0030/150] method=ours loss=0.6871 train_acc=nan train_loss=nan val_acc=nan val_loss=nan best=-1.0000
[step 0040/150] method=ours loss=0.6774 train_acc=nan train_loss=nan val_acc=nan val_loss=nan best=-1.0000
[step 0050/150] method=ours loss=0.6376 train_acc=0.8052 train_loss=0.5224 val_acc=0.8142 val_loss=0.5170 router_H=0.6661 best=0.8142
           router_load=[0.06004783511161804, 0.5669588446617126, 0.03997201472520828, 0.33302125334739685]
[step 0060/150] method=ours loss=0.5392 train_acc=0.8052 train_loss=0.5224 val_acc=0.8142 val_loss=0.5170 router_H=0.6661 best=0.8142
           router_load=[0.06004783511161804, 0.5669588446617126, 0.03997201472520828, 0.33302125334739685]
[step 0070/150] method=ours loss=0.3603 train_acc=0.8052 train_loss=0.5224 val_acc=0.8142 val_loss=0.5170 router_H=0.6661 best=0.8142
           router_load=[0.06004783511161804, 0.5669588446617126, 0.03997201472520828, 0.33302125334739685]
[step 0080/150] method=ours loss=0.1796 train_acc=0.8052 train_loss=0.5224 val_acc=0.8142 val_loss=0.5170 router_H=0.6661 best=0.8142
           router_load=[0.06004783511161804, 0.5669588446617126, 0.03997201472520828, 0.33302125334739685]
[step 0090/150] method=ours loss=0.1106 train_acc=0.8052 train_loss=0.5224 val_acc=0.8142 val_loss=0.5170 router_H=0.6661 best=0.8142
           router_load=[0.06004783511161804, 0.5669588446617126, 0.03997201472520828, 0.33302125334739685]
[step 0100/150] method=ours loss=0.1463 train_acc=0.8953 train_loss=0.2810 val_acc=0.9060 val_loss=0.2632 router_H=0.4909 best=0.9060
           router_load=[0.06057875603437424, 0.7775261402130127, 0.1520712673664093, 0.009823805652558804]
[step 0110/150] method=ours loss=0.3903 train_acc=0.8953 train_loss=0.2810 val_acc=0.9060 val_loss=0.2632 router_H=0.4909 best=0.9060
           router_load=[0.06057875603437424, 0.7775261402130127, 0.1520712673664093, 0.009823805652558804]
[step 0120/150] method=ours loss=0.5710 train_acc=0.8953 train_loss=0.2810 val_acc=0.9060 val_loss=0.2632 router_H=0.4909 best=0.9060
           router_load=[0.06057875603437424, 0.7775261402130127, 0.1520712673664093, 0.009823805652558804]
[step 0130/150] method=ours loss=0.2910 train_acc=0.8953 train_loss=0.2810 val_acc=0.9060 val_loss=0.2632 router_H=0.4909 best=0.9060
           router_load=[0.06057875603437424, 0.7775261402130127, 0.1520712673664093, 0.009823805652558804]
[step 0140/150] method=ours loss=0.3216 train_acc=0.8953 train_loss=0.2810 val_acc=0.9060 val_loss=0.2632 router_H=0.4909 best=0.9060
           router_load=[0.06057875603437424, 0.7775261402130127, 0.1520712673664093, 0.009823805652558804]
[step 0150/150] method=ours loss=0.2042 train_acc=0.9066 train_loss=0.2640 val_acc=0.8945 val_loss=0.2844 router_H=0.4855 best=0.9060
           router_load=[0.15169845521450043, 0.7818561792373657, 0.0495225191116333, 0.016922781243920326]
saved summary -> /home/zhujjing/MOE-grad-conflict-routing/runs/paper_suite/single_gpu/single_task/deberta_sst2_ffn_e4_k2_supplement/hpo/ours/trial_runs/local_var_topk_008/ours_s3.json
saved curve -> /home/zhujjing/MOE-grad-conflict-routing/runs/paper_suite/single_gpu/single_task/deberta_sst2_ffn_e4_k2_supplement/hpo/ours/trial_runs/local_var_topk_008/ours_s3_curve.csv
