[run] method=ours candidate=local_var_topk_024 seed=3 steps=150 gpu=0
[run] cmd=
/home/zhujjing/anaconda3/envs/moe/bin/python /home/zhujjing/MOE-grad-conflict-routing/scripts/run.py --config configs/singletask_sst2_real.yaml --set model.backbone_backend=hf --set model.hf_load_pretrained=true --set model.hf_local_files_only=true --set model.backbone=deberta --set model.hf_pretrained_name=microsoft/deberta-v3-base --set model.expert_type=ffn --set model.routing_mode=topk --set model.num_experts=4 --set model.top_k=2 --set seed=3 --set method.name=ours --set train.steps=150 --set train.eval_every_steps=50 --set method.ours.use_load_norm=true --set method.ours.lambda_align=6.6447459e-05 --set train.grad_clip=1.764511791 --set train.lr=4e-05 --set train.weight_decay=0.01112938535 --out /home/zhujjing/MOE-grad-conflict-routing/runs/paper_suite/single_gpu/single_task/deberta_sst2_ffn_e4_k2_supplement/hpo/ours/trial_runs/local_var_topk_024/ours_s3.json --curve_out /home/zhujjing/MOE-grad-conflict-routing/runs/paper_suite/single_gpu/single_task/deberta_sst2_ffn_e4_k2_supplement/hpo/ours/trial_runs/local_var_topk_024/ours_s3_curve.csv
Using the latest cached version of the dataset since glue couldn't be found on the Hugging Face Hub (offline mode is enabled).
Found the latest cached dataset configuration 'sst2' at /home/zhujjing/hf_cache/datasets/glue/sst2/0.0.0/bcdcba79d07bc864c1c254ccfcedcce55bcc9a8c (last modified on Thu Mar 19 15:01:41 2026).
/home/zhujjing/anaconda3/envs/moe/lib/python3.10/site-packages/transformers/utils/hub.py:124: FutureWarning: Using `TRANSFORMERS_CACHE` is deprecated and will be removed in v5 of Transformers. Use `HF_HOME` instead.
  warnings.warn(
/home/zhujjing/anaconda3/envs/moe/lib/python3.10/site-packages/transformers/convert_slow_tokenizer.py:560: UserWarning: The sentencepiece tokenizer that you are converting to a fast tokenizer uses the byte fallback option which is not implemented in the fast tokenizers. In practice this means that the fast version of the tokenizer can produce unknown tokens whereas the sentencepiece version would have converted these unknown tokens into a sequence of byte tokens matching the original piece of text.
  warnings.warn(
[step 0001/150] method=ours loss=0.6942 train_acc=nan train_loss=nan val_acc=nan val_loss=nan best=-1.0000
[step 0010/150] method=ours loss=0.5970 train_acc=nan train_loss=nan val_acc=nan val_loss=nan best=-1.0000
[step 0020/150] method=ours loss=0.5329 train_acc=nan train_loss=nan val_acc=nan val_loss=nan best=-1.0000
[step 0030/150] method=ours loss=0.5986 train_acc=nan train_loss=nan val_acc=nan val_loss=nan best=-1.0000
[step 0040/150] method=ours loss=0.2812 train_acc=nan train_loss=nan val_acc=nan val_loss=nan best=-1.0000
[step 0050/150] method=ours loss=0.5210 train_acc=0.8944 train_loss=0.2862 val_acc=0.9025 val_loss=0.2481 router_H=0.5990 best=0.9025
           router_load=[0.1615535020828247, 0.6764410138130188, 0.1615087389945984, 0.0004967580898664892]
[step 0060/150] method=ours loss=0.6142 train_acc=0.8944 train_loss=0.2862 val_acc=0.9025 val_loss=0.2481 router_H=0.5990 best=0.9025
           router_load=[0.1615535020828247, 0.6764410138130188, 0.1615087389945984, 0.0004967580898664892]
[step 0070/150] method=ours loss=0.1548 train_acc=0.8944 train_loss=0.2862 val_acc=0.9025 val_loss=0.2481 router_H=0.5990 best=0.9025
           router_load=[0.1615535020828247, 0.6764410138130188, 0.1615087389945984, 0.0004967580898664892]
[step 0080/150] method=ours loss=0.0752 train_acc=0.8944 train_loss=0.2862 val_acc=0.9025 val_loss=0.2481 router_H=0.5990 best=0.9025
           router_load=[0.1615535020828247, 0.6764410138130188, 0.1615087389945984, 0.0004967580898664892]
[step 0090/150] method=ours loss=0.2225 train_acc=0.8944 train_loss=0.2862 val_acc=0.9025 val_loss=0.2481 router_H=0.5990 best=0.9025
           router_load=[0.1615535020828247, 0.6764410138130188, 0.1615087389945984, 0.0004967580898664892]
[step 0100/150] method=ours loss=0.1438 train_acc=0.9126 train_loss=0.2406 val_acc=0.9220 val_loss=0.2183 router_H=0.6333 best=0.9220
           router_load=[0.2158951610326767, 0.6108719706535339, 0.0029754904098808765, 0.17025728523731232]
[step 0110/150] method=ours loss=0.5284 train_acc=0.9126 train_loss=0.2406 val_acc=0.9220 val_loss=0.2183 router_H=0.6333 best=0.9220
           router_load=[0.2158951610326767, 0.6108719706535339, 0.0029754904098808765, 0.17025728523731232]
[step 0120/150] method=ours loss=0.6194 train_acc=0.9126 train_loss=0.2406 val_acc=0.9220 val_loss=0.2183 router_H=0.6333 best=0.9220
           router_load=[0.2158951610326767, 0.6108719706535339, 0.0029754904098808765, 0.17025728523731232]
[step 0130/150] method=ours loss=0.3756 train_acc=0.9126 train_loss=0.2406 val_acc=0.9220 val_loss=0.2183 router_H=0.6333 best=0.9220
           router_load=[0.2158951610326767, 0.6108719706535339, 0.0029754904098808765, 0.17025728523731232]
[step 0140/150] method=ours loss=0.1981 train_acc=0.9126 train_loss=0.2406 val_acc=0.9220 val_loss=0.2183 router_H=0.6333 best=0.9220
           router_load=[0.2158951610326767, 0.6108719706535339, 0.0029754904098808765, 0.17025728523731232]
[step 0150/150] method=ours loss=0.3014 train_acc=0.9221 train_loss=0.2438 val_acc=0.9174 val_loss=0.2532 router_H=0.6052 best=0.9220
           router_load=[0.15141263604164124, 0.666753351688385, 0.004346528090536594, 0.1774875819683075]
saved summary -> /home/zhujjing/MOE-grad-conflict-routing/runs/paper_suite/single_gpu/single_task/deberta_sst2_ffn_e4_k2_supplement/hpo/ours/trial_runs/local_var_topk_024/ours_s3.json
saved curve -> /home/zhujjing/MOE-grad-conflict-routing/runs/paper_suite/single_gpu/single_task/deberta_sst2_ffn_e4_k2_supplement/hpo/ours/trial_runs/local_var_topk_024/ours_s3_curve.csv
