[run] method=ours candidate=local_var_topk_023 seed=2 steps=150 gpu=0
[run] cmd=
/home/zhujjing/anaconda3/envs/moe/bin/python /home/zhujjing/MOE-grad-conflict-routing/scripts/run.py --config configs/singletask_sst2_real.yaml --set model.backbone_backend=hf --set model.hf_load_pretrained=true --set model.backbone=roberta --set model.hf_pretrained_name=roberta-base --set model.expert_type=lora --set model.routing_mode=topk --set model.num_experts=4 --set model.top_k=2 --set seed=2 --set method.name=ours --set train.steps=150 --set train.eval_every_steps=50 --set method.ours.use_load_norm=true --set method.ours.lambda_align=0.000265789836 --set train.grad_clip=0.5039649002 --set train.lr=4e-05 --set train.weight_decay=0.0452861226 --out /home/zhujjing/MOE-grad-conflict-routing/runs/paper_suite/single_gpu/single_task/roberta_sst2_lora_e4_k2/hpo/ours/trial_runs/local_var_topk_023/ours_s2.json --curve_out /home/zhujjing/MOE-grad-conflict-routing/runs/paper_suite/single_gpu/single_task/roberta_sst2_lora_e4_k2/hpo/ours/trial_runs/local_var_topk_023/ours_s2_curve.csv
Using the latest cached version of the dataset since glue couldn't be found on the Hugging Face Hub (offline mode is enabled).
Found the latest cached dataset configuration 'sst2' at /home/zhujjing/hf_cache/datasets/glue/sst2/0.0.0/bcdcba79d07bc864c1c254ccfcedcce55bcc9a8c (last modified on Thu Mar 19 15:01:41 2026).
/home/zhujjing/anaconda3/envs/moe/lib/python3.10/site-packages/transformers/utils/hub.py:124: FutureWarning: Using `TRANSFORMERS_CACHE` is deprecated and will be removed in v5 of Transformers. Use `HF_HOME` instead.
  warnings.warn(
Some weights of RobertaModel were not initialized from the model checkpoint at roberta-base and are newly initialized: ['roberta.pooler.dense.bias', 'roberta.pooler.dense.weight']
You should probably TRAIN this model on a down-stream task to be able to use it for predictions and inference.
[step 0001/150] method=ours loss=0.6155 train_acc=nan train_loss=nan val_acc=nan val_loss=nan best=-1.0000
[step 0010/150] method=ours loss=0.6645 train_acc=nan train_loss=nan val_acc=nan val_loss=nan best=-1.0000
[step 0020/150] method=ours loss=0.4493 train_acc=nan train_loss=nan val_acc=nan val_loss=nan best=-1.0000
[step 0030/150] method=ours loss=0.1375 train_acc=nan train_loss=nan val_acc=nan val_loss=nan best=-1.0000
[step 0040/150] method=ours loss=0.2394 train_acc=nan train_loss=nan val_acc=nan val_loss=nan best=-1.0000
[step 0050/150] method=ours loss=0.2657 train_acc=0.8469 train_loss=0.3802 val_acc=0.8154 val_loss=0.3943 router_H=0.6852 best=0.8154
           router_load=[0.0, 0.4877356290817261, 0.17737647891044617, 0.33488789200782776]
[step 0060/150] method=ours loss=0.1370 train_acc=0.8469 train_loss=0.3802 val_acc=0.8154 val_loss=0.3943 router_H=0.6852 best=0.8154
           router_load=[0.0, 0.4877356290817261, 0.17737647891044617, 0.33488789200782776]
[step 0070/150] method=ours loss=0.4991 train_acc=0.8469 train_loss=0.3802 val_acc=0.8154 val_loss=0.3943 router_H=0.6852 best=0.8154
           router_load=[0.0, 0.4877356290817261, 0.17737647891044617, 0.33488789200782776]
[step 0080/150] method=ours loss=0.6878 train_acc=0.8469 train_loss=0.3802 val_acc=0.8154 val_loss=0.3943 router_H=0.6852 best=0.8154
           router_load=[0.0, 0.4877356290817261, 0.17737647891044617, 0.33488789200782776]
[step 0090/150] method=ours loss=0.3395 train_acc=0.8469 train_loss=0.3802 val_acc=0.8154 val_loss=0.3943 router_H=0.6852 best=0.8154
           router_load=[0.0, 0.4877356290817261, 0.17737647891044617, 0.33488789200782776]
[step 0100/150] method=ours loss=0.6785 train_acc=0.7494 train_loss=0.5303 val_acc=0.6571 val_loss=0.6450 router_H=0.6882 best=0.8154
           router_load=[0.0, 0.5440610647201538, 0.031930919736623764, 0.42400798201560974]
[step 0110/150] method=ours loss=0.4116 train_acc=0.7494 train_loss=0.5303 val_acc=0.6571 val_loss=0.6450 router_H=0.6882 best=0.8154
           router_load=[0.0, 0.5440610647201538, 0.031930919736623764, 0.42400798201560974]
[step 0120/150] method=ours loss=0.5044 train_acc=0.7494 train_loss=0.5303 val_acc=0.6571 val_loss=0.6450 router_H=0.6882 best=0.8154
           router_load=[0.0, 0.5440610647201538, 0.031930919736623764, 0.42400798201560974]
[step 0130/150] method=ours loss=0.2831 train_acc=0.7494 train_loss=0.5303 val_acc=0.6571 val_loss=0.6450 router_H=0.6882 best=0.8154
           router_load=[0.0, 0.5440610647201538, 0.031930919736623764, 0.42400798201560974]
[step 0140/150] method=ours loss=0.5397 train_acc=0.7494 train_loss=0.5303 val_acc=0.6571 val_loss=0.6450 router_H=0.6882 best=0.8154
           router_load=[0.0, 0.5440610647201538, 0.031930919736623764, 0.42400798201560974]
[step 0150/150] method=ours loss=0.4934 train_acc=0.8848 train_loss=0.2890 val_acc=0.8876 val_loss=0.2785 router_H=0.6872 best=0.8876
           router_load=[0.0005702158086933196, 0.41373008489608765, 0.15010270476341248, 0.4355970621109009]
saved summary -> /home/zhujjing/MOE-grad-conflict-routing/runs/paper_suite/single_gpu/single_task/roberta_sst2_lora_e4_k2/hpo/ours/trial_runs/local_var_topk_023/ours_s2.json
saved curve -> /home/zhujjing/MOE-grad-conflict-routing/runs/paper_suite/single_gpu/single_task/roberta_sst2_lora_e4_k2/hpo/ours/trial_runs/local_var_topk_023/ours_s2_curve.csv
