[run] method=ours candidate=coord_02_train_weight_decay_014 seed=2 steps=150 gpu=0
[run] cmd=
/home/zhujjing/anaconda3/envs/moe/bin/python /home/zhujjing/MOE-grad-conflict-routing/scripts/run.py --config configs/singletask_mrpc_real.yaml --set model.backbone_backend=hf --set model.hf_load_pretrained=true --set model.backbone=deberta --set model.hf_pretrained_name=microsoft/deberta-v3-base --set model.expert_type=ffn --set model.routing_mode=topk --set model.num_experts=4 --set model.top_k=2 --set seed=2 --set method.name=ours --set train.steps=150 --set train.eval_every_steps=50 --set method.ours.use_load_norm=true --set method.ours.lambda_align=0.001 --set train.grad_clip=1 --set train.lr=3.356481249e-05 --set train.weight_decay=0.03285287567 --out /home/zhujjing/MOE-grad-conflict-routing/runs/paper_suite/single_gpu/single_task/deberta_mrpc_ffn_e4_k2/hpo/ours/trial_runs/coord_02_train_weight_decay_014/ours_s2.json --curve_out /home/zhujjing/MOE-grad-conflict-routing/runs/paper_suite/single_gpu/single_task/deberta_mrpc_ffn_e4_k2/hpo/ours/trial_runs/coord_02_train_weight_decay_014/ours_s2_curve.csv
Using the latest cached version of the dataset since glue couldn't be found on the Hugging Face Hub (offline mode is enabled).
Found the latest cached dataset configuration 'mrpc' at /home/zhujjing/hf_cache/datasets/glue/mrpc/0.0.0/bcdcba79d07bc864c1c254ccfcedcce55bcc9a8c (last modified on Thu Mar 19 15:01:06 2026).
/home/zhujjing/anaconda3/envs/moe/lib/python3.10/site-packages/transformers/utils/hub.py:124: FutureWarning: Using `TRANSFORMERS_CACHE` is deprecated and will be removed in v5 of Transformers. Use `HF_HOME` instead.
  warnings.warn(
/home/zhujjing/anaconda3/envs/moe/lib/python3.10/site-packages/transformers/convert_slow_tokenizer.py:560: UserWarning: The sentencepiece tokenizer that you are converting to a fast tokenizer uses the byte fallback option which is not implemented in the fast tokenizers. In practice this means that the fast version of the tokenizer can produce unknown tokens whereas the sentencepiece version would have converted these unknown tokens into a sequence of byte tokens matching the original piece of text.
  warnings.warn(
[step 0001/150] method=ours loss=0.6850 train_acc=nan train_loss=nan val_acc=nan val_loss=nan best=-1.0000
[step 0010/150] method=ours loss=0.6423 train_acc=nan train_loss=nan val_acc=nan val_loss=nan best=-1.0000
[step 0020/150] method=ours loss=0.5983 train_acc=nan train_loss=nan val_acc=nan val_loss=nan best=-1.0000
[step 0030/150] method=ours loss=0.5368 train_acc=nan train_loss=nan val_acc=nan val_loss=nan best=-1.0000
[step 0040/150] method=ours loss=0.4721 train_acc=nan train_loss=nan val_acc=nan val_loss=nan best=-1.0000
[step 0050/150] method=ours loss=0.4372 train_acc=0.8111 train_loss=0.4292 val_acc=0.8015 val_loss=0.4362 router_H=0.2967 best=0.8015
           router_load=[0.08448164910078049, 0.911738395690918, 0.0035699079744517803, 0.0002100358105963096]
[step 0060/150] method=ours loss=0.4120 train_acc=0.8111 train_loss=0.4292 val_acc=0.8015 val_loss=0.4362 router_H=0.2967 best=0.8015
           router_load=[0.08448164910078049, 0.911738395690918, 0.0035699079744517803, 0.0002100358105963096]
[step 0070/150] method=ours loss=0.3104 train_acc=0.8111 train_loss=0.4292 val_acc=0.8015 val_loss=0.4362 router_H=0.2967 best=0.8015
           router_load=[0.08448164910078049, 0.911738395690918, 0.0035699079744517803, 0.0002100358105963096]
[step 0080/150] method=ours loss=0.3344 train_acc=0.8111 train_loss=0.4292 val_acc=0.8015 val_loss=0.4362 router_H=0.2967 best=0.8015
           router_load=[0.08448164910078049, 0.911738395690918, 0.0035699079744517803, 0.0002100358105963096]
[step 0090/150] method=ours loss=0.3436 train_acc=0.8111 train_loss=0.4292 val_acc=0.8015 val_loss=0.4362 router_H=0.2967 best=0.8015
           router_load=[0.08448164910078049, 0.911738395690918, 0.0035699079744517803, 0.0002100358105963096]
[step 0100/150] method=ours loss=0.1819 train_acc=0.8948 train_loss=0.2607 val_acc=0.8554 val_loss=0.3260 router_H=0.2505 best=0.8554
           router_load=[0.038678236305713654, 0.9299691319465637, 0.030115162953734398, 0.0012375112855806947]
[step 0110/150] method=ours loss=0.3325 train_acc=0.8948 train_loss=0.2607 val_acc=0.8554 val_loss=0.3260 router_H=0.2505 best=0.8554
           router_load=[0.038678236305713654, 0.9299691319465637, 0.030115162953734398, 0.0012375112855806947]
[step 0120/150] method=ours loss=0.3496 train_acc=0.8948 train_loss=0.2607 val_acc=0.8554 val_loss=0.3260 router_H=0.2505 best=0.8554
           router_load=[0.038678236305713654, 0.9299691319465637, 0.030115162953734398, 0.0012375112855806947]
[step 0130/150] method=ours loss=0.4600 train_acc=0.8948 train_loss=0.2607 val_acc=0.8554 val_loss=0.3260 router_H=0.2505 best=0.8554
           router_load=[0.038678236305713654, 0.9299691319465637, 0.030115162953734398, 0.0012375112855806947]
[step 0140/150] method=ours loss=0.2970 train_acc=0.8948 train_loss=0.2607 val_acc=0.8554 val_loss=0.3260 router_H=0.2505 best=0.8554
           router_load=[0.038678236305713654, 0.9299691319465637, 0.030115162953734398, 0.0012375112855806947]
[step 0150/150] method=ours loss=0.7783 train_acc=0.9038 train_loss=0.2775 val_acc=0.8701 val_loss=0.3932 router_H=0.2857 best=0.8701
           router_load=[0.053708266466856, 0.9157406091690063, 0.02092592418193817, 0.009625080972909927]
saved summary -> /home/zhujjing/MOE-grad-conflict-routing/runs/paper_suite/single_gpu/single_task/deberta_mrpc_ffn_e4_k2/hpo/ours/trial_runs/coord_02_train_weight_decay_014/ours_s2.json
saved curve -> /home/zhujjing/MOE-grad-conflict-routing/runs/paper_suite/single_gpu/single_task/deberta_mrpc_ffn_e4_k2/hpo/ours/trial_runs/coord_02_train_weight_decay_014/ours_s2_curve.csv
