[run] method=ours candidate=coord_02_train_weight_decay_002 seed=3 steps=150 gpu=0
[run] cmd=
/home/zhujjing/anaconda3/envs/moe/bin/python /home/zhujjing/MOE-grad-conflict-routing/scripts/run.py --config configs/singletask_mrpc_real.yaml --set model.backbone_backend=hf --set model.hf_load_pretrained=true --set model.backbone=deberta --set model.hf_pretrained_name=microsoft/deberta-v3-base --set model.expert_type=ffn --set model.routing_mode=topk --set model.num_experts=4 --set model.top_k=2 --set seed=3 --set method.name=ours --set train.steps=150 --set train.eval_every_steps=50 --set method.ours.use_load_norm=true --set method.ours.lambda_align=0.001 --set train.grad_clip=1 --set train.lr=3.356481249e-05 --set train.weight_decay=0.002820878098 --out /home/zhujjing/MOE-grad-conflict-routing/runs/paper_suite/single_gpu/single_task/deberta_mrpc_ffn_e4_k2/hpo/ours/trial_runs/coord_02_train_weight_decay_002/ours_s3.json --curve_out /home/zhujjing/MOE-grad-conflict-routing/runs/paper_suite/single_gpu/single_task/deberta_mrpc_ffn_e4_k2/hpo/ours/trial_runs/coord_02_train_weight_decay_002/ours_s3_curve.csv
Using the latest cached version of the dataset since glue couldn't be found on the Hugging Face Hub (offline mode is enabled).
Found the latest cached dataset configuration 'mrpc' at /home/zhujjing/hf_cache/datasets/glue/mrpc/0.0.0/bcdcba79d07bc864c1c254ccfcedcce55bcc9a8c (last modified on Thu Mar 19 15:01:06 2026).
/home/zhujjing/anaconda3/envs/moe/lib/python3.10/site-packages/transformers/utils/hub.py:124: FutureWarning: Using `TRANSFORMERS_CACHE` is deprecated and will be removed in v5 of Transformers. Use `HF_HOME` instead.
  warnings.warn(
/home/zhujjing/anaconda3/envs/moe/lib/python3.10/site-packages/transformers/convert_slow_tokenizer.py:560: UserWarning: The sentencepiece tokenizer that you are converting to a fast tokenizer uses the byte fallback option which is not implemented in the fast tokenizers. In practice this means that the fast version of the tokenizer can produce unknown tokens whereas the sentencepiece version would have converted these unknown tokens into a sequence of byte tokens matching the original piece of text.
  warnings.warn(
[step 0001/150] method=ours loss=0.6842 train_acc=nan train_loss=nan val_acc=nan val_loss=nan best=-1.0000
[step 0010/150] method=ours loss=0.6562 train_acc=nan train_loss=nan val_acc=nan val_loss=nan best=-1.0000
[step 0020/150] method=ours loss=0.6091 train_acc=nan train_loss=nan val_acc=nan val_loss=nan best=-1.0000
[step 0030/150] method=ours loss=0.4672 train_acc=nan train_loss=nan val_acc=nan val_loss=nan best=-1.0000
[step 0040/150] method=ours loss=0.5484 train_acc=nan train_loss=nan val_acc=nan val_loss=nan best=-1.0000
[step 0050/150] method=ours loss=0.3725 train_acc=0.7830 train_loss=0.4556 val_acc=0.7770 val_loss=0.4572 router_H=0.4309 best=0.7770
           router_load=[0.10150917619466782, 0.8406357765197754, 0.05581648275256157, 0.0020386837422847748]
[step 0060/150] method=ours loss=0.4270 train_acc=0.7830 train_loss=0.4556 val_acc=0.7770 val_loss=0.4572 router_H=0.4309 best=0.7770
           router_load=[0.10150917619466782, 0.8406357765197754, 0.05581648275256157, 0.0020386837422847748]
[step 0070/150] method=ours loss=0.4093 train_acc=0.7830 train_loss=0.4556 val_acc=0.7770 val_loss=0.4572 router_H=0.4309 best=0.7770
           router_load=[0.10150917619466782, 0.8406357765197754, 0.05581648275256157, 0.0020386837422847748]
[step 0080/150] method=ours loss=0.2767 train_acc=0.7830 train_loss=0.4556 val_acc=0.7770 val_loss=0.4572 router_H=0.4309 best=0.7770
           router_load=[0.10150917619466782, 0.8406357765197754, 0.05581648275256157, 0.0020386837422847748]
[step 0090/150] method=ours loss=0.4643 train_acc=0.7830 train_loss=0.4556 val_acc=0.7770 val_loss=0.4572 router_H=0.4309 best=0.7770
           router_load=[0.10150917619466782, 0.8406357765197754, 0.05581648275256157, 0.0020386837422847748]
[step 0100/150] method=ours loss=0.2217 train_acc=0.8809 train_loss=0.3039 val_acc=0.8750 val_loss=0.3579 router_H=0.3372 best=0.8750
           router_load=[0.09398851543664932, 0.8883221745491028, 0.017048010602593422, 0.0006413774681277573]
[step 0110/150] method=ours loss=0.3784 train_acc=0.8809 train_loss=0.3039 val_acc=0.8750 val_loss=0.3579 router_H=0.3372 best=0.8750
           router_load=[0.09398851543664932, 0.8883221745491028, 0.017048010602593422, 0.0006413774681277573]
[step 0120/150] method=ours loss=0.2778 train_acc=0.8809 train_loss=0.3039 val_acc=0.8750 val_loss=0.3579 router_H=0.3372 best=0.8750
           router_load=[0.09398851543664932, 0.8883221745491028, 0.017048010602593422, 0.0006413774681277573]
[step 0130/150] method=ours loss=0.2500 train_acc=0.8809 train_loss=0.3039 val_acc=0.8750 val_loss=0.3579 router_H=0.3372 best=0.8750
           router_load=[0.09398851543664932, 0.8883221745491028, 0.017048010602593422, 0.0006413774681277573]
[step 0140/150] method=ours loss=0.6739 train_acc=0.8809 train_loss=0.3039 val_acc=0.8750 val_loss=0.3579 router_H=0.3372 best=0.8750
           router_load=[0.09398851543664932, 0.8883221745491028, 0.017048010602593422, 0.0006413774681277573]
[step 0150/150] method=ours loss=0.4698 train_acc=0.8964 train_loss=0.2652 val_acc=0.8603 val_loss=0.3108 router_H=0.4108 best=0.8750
           router_load=[0.1452963799238205, 0.8516671657562256, 0.002549896016716957, 0.0004864536749664694]
saved summary -> /home/zhujjing/MOE-grad-conflict-routing/runs/paper_suite/single_gpu/single_task/deberta_mrpc_ffn_e4_k2/hpo/ours/trial_runs/coord_02_train_weight_decay_002/ours_s3.json
saved curve -> /home/zhujjing/MOE-grad-conflict-routing/runs/paper_suite/single_gpu/single_task/deberta_mrpc_ffn_e4_k2/hpo/ours/trial_runs/coord_02_train_weight_decay_002/ours_s3_curve.csv
