[run] method=baseline candidate=coord_02_train_weight_decay_012 seed=2 steps=200 gpu=0
[run] cmd=
/root/miniconda3/envs/optimization/bin/python /root/Optimization/MOE-grad-conflict-routing/scripts/run.py --config configs/singletask_cola_real.yaml --set model.backbone_backend=hf --set model.hf_load_pretrained=true --set model.backbone=roberta --set model.hf_pretrained_name=roberta-base --set model.expert_type=ffn --set model.routing_mode=topk --set model.num_experts=4 --set model.top_k=2 --set seed=2 --set method.name=baseline_avg --set train.steps=200 --set train.eval_every_steps=50 --set train.grad_clip=1 --set train.lr=2.555178414e-05 --set train.weight_decay=0.02770196132 --out /root/Optimization/MOE-grad-conflict-routing/runs/paper_suite_supplement/single_task_add_rerun/single_task/roberta_cola_ffn_e4_k2/hpo/baseline/trial_runs/coord_02_train_weight_decay_012/baseline_s2.json --curve_out /root/Optimization/MOE-grad-conflict-routing/runs/paper_suite_supplement/single_task_add_rerun/single_task/roberta_cola_ffn_e4_k2/hpo/baseline/trial_runs/coord_02_train_weight_decay_012/baseline_s2_curve.csv
Using the latest cached version of the dataset since glue couldn't be found on the Hugging Face Hub (offline mode is enabled).
Found the latest cached dataset configuration 'cola' at /root/.cache/huggingface/datasets/glue/cola/0.0.0/bcdcba79d07bc864c1c254ccfcedcce55bcc9a8c (last modified on Mon Mar 23 09:28:48 2026).
Loading weights:   0%|          | 0/197 [00:00<?, ?it/s]Loading weights: 100%|██████████| 197/197 [00:00<00:00, 18391.16it/s]
[1mRobertaModel LOAD REPORT[0m from: roberta-base
Key                             | Status     | 
--------------------------------+------------+-
lm_head.dense.weight            | UNEXPECTED | 
lm_head.dense.bias              | UNEXPECTED | 
lm_head.bias                    | UNEXPECTED | 
roberta.embeddings.position_ids | UNEXPECTED | 
lm_head.layer_norm.weight       | UNEXPECTED | 
lm_head.layer_norm.bias         | UNEXPECTED | 
pooler.dense.weight             | MISSING    | 
pooler.dense.bias               | MISSING    | 

[3mNotes:
- UNEXPECTED[3m	:can be ignored when loading from different task/architecture; not ok if you expect identical arch.
- MISSING[3m	:those params were newly initialized because missing from the checkpoint. Consider training on your downstream task.[0m
[step 0001/200] method=baseline_avg loss=0.7022 train_acc=nan train_loss=nan val_acc=nan val_loss=nan best=-1.0000
[step 0010/200] method=baseline_avg loss=0.5680 train_acc=nan train_loss=nan val_acc=nan val_loss=nan best=-1.0000
[step 0020/200] method=baseline_avg loss=0.6440 train_acc=nan train_loss=nan val_acc=nan val_loss=nan best=-1.0000
[step 0030/200] method=baseline_avg loss=0.5171 train_acc=nan train_loss=nan val_acc=nan val_loss=nan best=-1.0000
[step 0040/200] method=baseline_avg loss=0.4423 train_acc=nan train_loss=nan val_acc=nan val_loss=nan best=-1.0000
[step 0050/200] method=baseline_avg loss=0.4743 train_acc=0.7044 train_loss=0.5293 val_acc=0.6913 val_loss=0.5500 router_H=0.5734 best=0.6913
           router_load=[0.27815380692481995, 0.0015947184292599559, 0.0, 0.7202515602111816]
[step 0060/200] method=baseline_avg loss=0.4610 train_acc=0.7044 train_loss=0.5293 val_acc=0.6913 val_loss=0.5500 router_H=0.5734 best=0.6913
           router_load=[0.27815380692481995, 0.0015947184292599559, 0.0, 0.7202515602111816]
[step 0070/200] method=baseline_avg loss=0.5348 train_acc=0.7044 train_loss=0.5293 val_acc=0.6913 val_loss=0.5500 router_H=0.5734 best=0.6913
           router_load=[0.27815380692481995, 0.0015947184292599559, 0.0, 0.7202515602111816]
[step 0080/200] method=baseline_avg loss=0.6937 train_acc=0.7044 train_loss=0.5293 val_acc=0.6913 val_loss=0.5500 router_H=0.5734 best=0.6913
           router_load=[0.27815380692481995, 0.0015947184292599559, 0.0, 0.7202515602111816]
[step 0090/200] method=baseline_avg loss=0.5695 train_acc=0.7044 train_loss=0.5293 val_acc=0.6913 val_loss=0.5500 router_H=0.5734 best=0.6913
           router_load=[0.27815380692481995, 0.0015947184292599559, 0.0, 0.7202515602111816]
[step 0100/200] method=baseline_avg loss=0.5734 train_acc=0.7904 train_loss=0.4642 val_acc=0.7766 val_loss=0.4970 router_H=0.5419 best=0.7766
           router_load=[0.23776233196258545, 0.021081468090415, 0.002033514203503728, 0.7391226887702942]
[step 0110/200] method=baseline_avg loss=0.6588 train_acc=0.7904 train_loss=0.4642 val_acc=0.7766 val_loss=0.4970 router_H=0.5419 best=0.7766
           router_load=[0.23776233196258545, 0.021081468090415, 0.002033514203503728, 0.7391226887702942]
[step 0120/200] method=baseline_avg loss=0.5611 train_acc=0.7904 train_loss=0.4642 val_acc=0.7766 val_loss=0.4970 router_H=0.5419 best=0.7766
           router_load=[0.23776233196258545, 0.021081468090415, 0.002033514203503728, 0.7391226887702942]
[step 0130/200] method=baseline_avg loss=0.4543 train_acc=0.7904 train_loss=0.4642 val_acc=0.7766 val_loss=0.4970 router_H=0.5419 best=0.7766
           router_load=[0.23776233196258545, 0.021081468090415, 0.002033514203503728, 0.7391226887702942]
[step 0140/200] method=baseline_avg loss=0.5009 train_acc=0.7904 train_loss=0.4642 val_acc=0.7766 val_loss=0.4970 router_H=0.5419 best=0.7766
           router_load=[0.23776233196258545, 0.021081468090415, 0.002033514203503728, 0.7391226887702942]
[step 0150/200] method=baseline_avg loss=0.6057 train_acc=0.8144 train_loss=0.4274 val_acc=0.7833 val_loss=0.4743 router_H=0.5794 best=0.7833
           router_load=[0.3002554178237915, 0.001585070975124836, 0.0017011406598612666, 0.6964584589004517]
[step 0160/200] method=baseline_avg loss=0.5564 train_acc=0.8144 train_loss=0.4274 val_acc=0.7833 val_loss=0.4743 router_H=0.5794 best=0.7833
           router_load=[0.3002554178237915, 0.001585070975124836, 0.0017011406598612666, 0.6964584589004517]
[step 0170/200] method=baseline_avg loss=0.4850 train_acc=0.8144 train_loss=0.4274 val_acc=0.7833 val_loss=0.4743 router_H=0.5794 best=0.7833
           router_load=[0.3002554178237915, 0.001585070975124836, 0.0017011406598612666, 0.6964584589004517]
[step 0180/200] method=baseline_avg loss=0.5713 train_acc=0.8144 train_loss=0.4274 val_acc=0.7833 val_loss=0.4743 router_H=0.5794 best=0.7833
           router_load=[0.3002554178237915, 0.001585070975124836, 0.0017011406598612666, 0.6964584589004517]
[step 0190/200] method=baseline_avg loss=0.4253 train_acc=0.8144 train_loss=0.4274 val_acc=0.7833 val_loss=0.4743 router_H=0.5794 best=0.7833
           router_load=[0.3002554178237915, 0.001585070975124836, 0.0017011406598612666, 0.6964584589004517]
[step 0200/200] method=baseline_avg loss=0.9868 train_acc=0.7778 train_loss=0.5380 val_acc=0.7392 val_loss=0.6290 router_H=0.4568 best=0.7833
           router_load=[0.08489947766065598, 0.0013818717561662197, 0.0995410829782486, 0.8141775131225586]
saved summary -> /root/Optimization/MOE-grad-conflict-routing/runs/paper_suite_supplement/single_task_add_rerun/single_task/roberta_cola_ffn_e4_k2/hpo/baseline/trial_runs/coord_02_train_weight_decay_012/baseline_s2.json
saved curve -> /root/Optimization/MOE-grad-conflict-routing/runs/paper_suite_supplement/single_task_add_rerun/single_task/roberta_cola_ffn_e4_k2/hpo/baseline/trial_runs/coord_02_train_weight_decay_012/baseline_s2_curve.csv
