[run] method=baseline candidate=coord_02_train_weight_decay_009 seed=2 steps=200 gpu=0
[run] cmd=
/root/miniconda3/envs/optimization/bin/python /root/Optimization/MOE-grad-conflict-routing/scripts/run.py --config configs/singletask_cola_real.yaml --set train.eval_train_fraction=0.1 --set model.backbone_backend=hf --set model.hf_load_pretrained=true --set model.hf_local_files_only=true --set model.backbone=roberta --set model.hf_pretrained_name=roberta-base --set model.expert_type=ffn --set model.routing_mode=topk --set model.num_experts=4 --set model.top_k=2 --set seed=2 --set method.name=baseline_avg --set train.steps=200 --set train.eval_every_steps=100 --set train.grad_clip=1 --set train.lr=1.263268742e-05 --set train.weight_decay=0.007863245139 --out /root/Optimization/MOE-grad-conflict-routing/runs/paper_suite_supplement/single_task_add_rerun/single_task/roberta_cola_ffn_e4_k2/hpo/baseline/trial_runs/coord_02_train_weight_decay_009/baseline_s2.json --curve_out /root/Optimization/MOE-grad-conflict-routing/runs/paper_suite_supplement/single_task_add_rerun/single_task/roberta_cola_ffn_e4_k2/hpo/baseline/trial_runs/coord_02_train_weight_decay_009/baseline_s2_curve.csv
Using the latest cached version of the dataset since glue couldn't be found on the Hugging Face Hub (offline mode is enabled).
Found the latest cached dataset configuration 'cola' at /root/.cache/huggingface/datasets/glue/cola/0.0.0/bcdcba79d07bc864c1c254ccfcedcce55bcc9a8c (last modified on Thu Mar 26 23:46:11 2026).
Loading weights:   0%|          | 0/197 [00:00<?, ?it/s]Loading weights: 100%|██████████| 197/197 [00:00<00:00, 5906.33it/s]
[1mRobertaModel LOAD REPORT[0m from: roberta-base
Key                             | Status     | 
--------------------------------+------------+-
lm_head.bias                    | UNEXPECTED | 
lm_head.dense.bias              | UNEXPECTED | 
lm_head.layer_norm.weight       | UNEXPECTED | 
lm_head.layer_norm.bias         | UNEXPECTED | 
lm_head.dense.weight            | UNEXPECTED | 
roberta.embeddings.position_ids | UNEXPECTED | 
pooler.dense.weight             | MISSING    | 
pooler.dense.bias               | MISSING    | 

[3mNotes:
- UNEXPECTED[3m	:can be ignored when loading from different task/architecture; not ok if you expect identical arch.
- MISSING[3m	:those params were newly initialized because missing from the checkpoint. Consider training on your downstream task.[0m
[step 0001/200] method=baseline_avg loss=0.6966 train_acc=nan train_loss=nan val_acc=nan val_loss=nan best=-1.0000
[step 0010/200] method=baseline_avg loss=0.5897 train_acc=nan train_loss=nan val_acc=nan val_loss=nan best=-1.0000
[step 0020/200] method=baseline_avg loss=0.6808 train_acc=nan train_loss=nan val_acc=nan val_loss=nan best=-1.0000
[step 0030/200] method=baseline_avg loss=0.5287 train_acc=nan train_loss=nan val_acc=nan val_loss=nan best=-1.0000
[step 0040/200] method=baseline_avg loss=0.4650 train_acc=nan train_loss=nan val_acc=nan val_loss=nan best=-1.0000
[step 0050/200] method=baseline_avg loss=0.4896 train_acc=nan train_loss=nan val_acc=nan val_loss=nan best=-1.0000
[step 0060/200] method=baseline_avg loss=0.5224 train_acc=nan train_loss=nan val_acc=nan val_loss=nan best=-1.0000
[step 0070/200] method=baseline_avg loss=0.5174 train_acc=nan train_loss=nan val_acc=nan val_loss=nan best=-1.0000
[step 0080/200] method=baseline_avg loss=0.5058 train_acc=nan train_loss=nan val_acc=nan val_loss=nan best=-1.0000
[step 0090/200] method=baseline_avg loss=0.5774 train_acc=nan train_loss=nan val_acc=nan val_loss=nan best=-1.0000
[step 0100/200] method=baseline_avg loss=0.4677 train_acc=0.7245 train_loss=0.4618 val_acc=0.7009 val_loss=0.5113 router_H=0.4953 best=0.7009
           router_load=[0.010406235232949257, 0.7616013884544373, 0.2187305986881256, 0.009261875413358212]
[step 0110/200] method=baseline_avg loss=0.6303 train_acc=0.7245 train_loss=0.4618 val_acc=0.7009 val_loss=0.5113 router_H=0.4953 best=0.7009
           router_load=[0.010406235232949257, 0.7616013884544373, 0.2187305986881256, 0.009261875413358212]
[step 0120/200] method=baseline_avg loss=0.5747 train_acc=0.7245 train_loss=0.4618 val_acc=0.7009 val_loss=0.5113 router_H=0.4953 best=0.7009
           router_load=[0.010406235232949257, 0.7616013884544373, 0.2187305986881256, 0.009261875413358212]
[step 0130/200] method=baseline_avg loss=0.4959 train_acc=0.7245 train_loss=0.4618 val_acc=0.7009 val_loss=0.5113 router_H=0.4953 best=0.7009
           router_load=[0.010406235232949257, 0.7616013884544373, 0.2187305986881256, 0.009261875413358212]
[step 0140/200] method=baseline_avg loss=0.5572 train_acc=0.7245 train_loss=0.4618 val_acc=0.7009 val_loss=0.5113 router_H=0.4953 best=0.7009
           router_load=[0.010406235232949257, 0.7616013884544373, 0.2187305986881256, 0.009261875413358212]
[step 0150/200] method=baseline_avg loss=0.4677 train_acc=0.7245 train_loss=0.4618 val_acc=0.7009 val_loss=0.5113 router_H=0.4953 best=0.7009
           router_load=[0.010406235232949257, 0.7616013884544373, 0.2187305986881256, 0.009261875413358212]
[step 0160/200] method=baseline_avg loss=0.4003 train_acc=0.7245 train_loss=0.4618 val_acc=0.7009 val_loss=0.5113 router_H=0.4953 best=0.7009
           router_load=[0.010406235232949257, 0.7616013884544373, 0.2187305986881256, 0.009261875413358212]
[step 0170/200] method=baseline_avg loss=0.5810 train_acc=0.7245 train_loss=0.4618 val_acc=0.7009 val_loss=0.5113 router_H=0.4953 best=0.7009
           router_load=[0.010406235232949257, 0.7616013884544373, 0.2187305986881256, 0.009261875413358212]
[step 0180/200] method=baseline_avg loss=0.4685 train_acc=0.7245 train_loss=0.4618 val_acc=0.7009 val_loss=0.5113 router_H=0.4953 best=0.7009
           router_load=[0.010406235232949257, 0.7616013884544373, 0.2187305986881256, 0.009261875413358212]
[step 0190/200] method=baseline_avg loss=0.4937 train_acc=0.7245 train_loss=0.4618 val_acc=0.7009 val_loss=0.5113 router_H=0.4953 best=0.7009
           router_load=[0.010406235232949257, 0.7616013884544373, 0.2187305986881256, 0.009261875413358212]
[step 0200/200] method=baseline_avg loss=0.8104 train_acc=0.7419 train_loss=0.5834 val_acc=0.7440 val_loss=0.6222 router_H=0.4070 best=0.7440
           router_load=[0.02517058700323105, 0.8368695974349976, 0.13106733560562134, 0.006892533041536808]
saved summary -> /root/Optimization/MOE-grad-conflict-routing/runs/paper_suite_supplement/single_task_add_rerun/single_task/roberta_cola_ffn_e4_k2/hpo/baseline/trial_runs/coord_02_train_weight_decay_009/baseline_s2.json
saved curve -> /root/Optimization/MOE-grad-conflict-routing/runs/paper_suite_supplement/single_task_add_rerun/single_task/roberta_cola_ffn_e4_k2/hpo/baseline/trial_runs/coord_02_train_weight_decay_009/baseline_s2_curve.csv
