[run] method=ours candidate=local_var_topk_007 seed=2 steps=200 gpu=0
[run] cmd=
/root/miniconda3/envs/optimization/bin/python /root/Optimization/MOE-grad-conflict-routing/scripts/run.py --config configs/multitask_glue3_rte_mrpc_cola_real.yaml --set model.backbone_backend=hf --set model.hf_load_pretrained=true --set model.hf_local_files_only=true --set model.backbone=roberta --set model.hf_pretrained_name=roberta-base --set model.routing_mode=topk --set model.expert_type=lora --set model.num_experts=4 --set model.top_k=2 --set model.lora_rank=32 --set model.lora_alpha=32 --set train.eval_train_fraction=0.10 --set train.eval_train_max_batches=-1 --set train.eval_max_batches=-1 --set seed=2 --set method.name=ours --set train.steps=200 --set train.eval_every_steps=100 --set method.ours.use_load_norm=true --set method.ours.lambda_align=0.001375745954 --set train.grad_clip=0.9919648274 --set train.lr=8.465509e-06 --set train.weight_decay=0.04456878451 --out /root/Optimization/MOE-grad-conflict-routing/runs/paper_suite_supplement/appendix/rank/multi_glue3_roberta_r32_lora_e4_k2/hpo/ours/trial_runs/local_var_topk_007/ours_s2.json --curve_out /root/Optimization/MOE-grad-conflict-routing/runs/paper_suite_supplement/appendix/rank/multi_glue3_roberta_r32_lora_e4_k2/hpo/ours/trial_runs/local_var_topk_007/ours_s2_curve.csv
Using the latest cached version of the dataset since glue couldn't be found on the Hugging Face Hub (offline mode is enabled).
Found the latest cached dataset configuration 'rte' at /root/.cache/huggingface/datasets/glue/rte/0.0.0/bcdcba79d07bc864c1c254ccfcedcce55bcc9a8c (last modified on Thu Mar 26 19:09:12 2026).
Using the latest cached version of the dataset since glue couldn't be found on the Hugging Face Hub (offline mode is enabled).
Found the latest cached dataset configuration 'mrpc' at /root/.cache/huggingface/datasets/glue/mrpc/0.0.0/bcdcba79d07bc864c1c254ccfcedcce55bcc9a8c (last modified on Thu Mar 26 20:11:06 2026).
Using the latest cached version of the dataset since glue couldn't be found on the Hugging Face Hub (offline mode is enabled).
Found the latest cached dataset configuration 'cola' at /root/.cache/huggingface/datasets/glue/cola/0.0.0/bcdcba79d07bc864c1c254ccfcedcce55bcc9a8c (last modified on Thu Mar 26 23:46:11 2026).
Loading weights:   0%|          | 0/197 [00:00<?, ?it/s]Loading weights: 100%|██████████| 197/197 [00:00<00:00, 6342.81it/s]
[1mRobertaModel LOAD REPORT[0m from: roberta-base
Key                             | Status     | 
--------------------------------+------------+-
lm_head.dense.weight            | UNEXPECTED | 
lm_head.dense.bias              | UNEXPECTED | 
lm_head.layer_norm.weight       | UNEXPECTED | 
roberta.embeddings.position_ids | UNEXPECTED | 
lm_head.layer_norm.bias         | UNEXPECTED | 
lm_head.bias                    | UNEXPECTED | 
pooler.dense.weight             | MISSING    | 
pooler.dense.bias               | MISSING    | 

[3mNotes:
- UNEXPECTED[3m	:can be ignored when loading from different task/architecture; not ok if you expect identical arch.
- MISSING[3m	:those params were newly initialized because missing from the checkpoint. Consider training on your downstream task.[0m
[step 0001/200] method=ours loss=0.6982 train_acc=nan train_loss=nan val_acc=nan val_loss=nan best=-1.0000
[step 0010/200] method=ours loss=0.6323 train_acc=nan train_loss=nan val_acc=nan val_loss=nan best=-1.0000
[step 0020/200] method=ours loss=0.6348 train_acc=nan train_loss=nan val_acc=nan val_loss=nan best=-1.0000
[step 0030/200] method=ours loss=0.6718 train_acc=nan train_loss=nan val_acc=nan val_loss=nan best=-1.0000
[step 0040/200] method=ours loss=0.7712 train_acc=nan train_loss=nan val_acc=nan val_loss=nan best=-1.0000
[step 0050/200] method=ours loss=0.6307 train_acc=nan train_loss=nan val_acc=nan val_loss=nan best=-1.0000
[step 0060/200] method=ours loss=0.6248 train_acc=nan train_loss=nan val_acc=nan val_loss=nan best=-1.0000
[step 0070/200] method=ours loss=0.5732 train_acc=nan train_loss=nan val_acc=nan val_loss=nan best=-1.0000
[step 0080/200] method=ours loss=0.6075 train_acc=nan train_loss=nan val_acc=nan val_loss=nan best=-1.0000
[step 0090/200] method=ours loss=0.6178 train_acc=nan train_loss=nan val_acc=nan val_loss=nan best=-1.0000
[step 0100/200] method=ours loss=0.5855 train_acc=0.6478 train_loss=0.5977 val_acc=0.6436 val_loss=0.6033 router_H=0.6918 best=0.6436
           router_load=[0.18143205344676971, 0.22324422001838684, 0.14281658828258514, 0.4525071978569031]
[step 0110/200] method=ours loss=0.6065 train_acc=0.6478 train_loss=0.5977 val_acc=0.6436 val_loss=0.6033 router_H=0.6918 best=0.6436
           router_load=[0.18143205344676971, 0.22324422001838684, 0.14281658828258514, 0.4525071978569031]
[step 0120/200] method=ours loss=0.4987 train_acc=0.6478 train_loss=0.5977 val_acc=0.6436 val_loss=0.6033 router_H=0.6918 best=0.6436
           router_load=[0.18143205344676971, 0.22324422001838684, 0.14281658828258514, 0.4525071978569031]
[step 0130/200] method=ours loss=0.5302 train_acc=0.6478 train_loss=0.5977 val_acc=0.6436 val_loss=0.6033 router_H=0.6918 best=0.6436
           router_load=[0.18143205344676971, 0.22324422001838684, 0.14281658828258514, 0.4525071978569031]
[step 0140/200] method=ours loss=0.6058 train_acc=0.6478 train_loss=0.5977 val_acc=0.6436 val_loss=0.6033 router_H=0.6918 best=0.6436
           router_load=[0.18143205344676971, 0.22324422001838684, 0.14281658828258514, 0.4525071978569031]
[step 0150/200] method=ours loss=0.5240 train_acc=0.6478 train_loss=0.5977 val_acc=0.6436 val_loss=0.6033 router_H=0.6918 best=0.6436
           router_load=[0.18143205344676971, 0.22324422001838684, 0.14281658828258514, 0.4525071978569031]
[step 0160/200] method=ours loss=0.6259 train_acc=0.6478 train_loss=0.5977 val_acc=0.6436 val_loss=0.6033 router_H=0.6918 best=0.6436
           router_load=[0.18143205344676971, 0.22324422001838684, 0.14281658828258514, 0.4525071978569031]
[step 0170/200] method=ours loss=0.6147 train_acc=0.6478 train_loss=0.5977 val_acc=0.6436 val_loss=0.6033 router_H=0.6918 best=0.6436
           router_load=[0.18143205344676971, 0.22324422001838684, 0.14281658828258514, 0.4525071978569031]
[step 0180/200] method=ours loss=0.6721 train_acc=0.6478 train_loss=0.5977 val_acc=0.6436 val_loss=0.6033 router_H=0.6918 best=0.6436
           router_load=[0.18143205344676971, 0.22324422001838684, 0.14281658828258514, 0.4525071978569031]
[step 0190/200] method=ours loss=0.5243 train_acc=0.6478 train_loss=0.5977 val_acc=0.6436 val_loss=0.6033 router_H=0.6918 best=0.6436
           router_load=[0.18143205344676971, 0.22324422001838684, 0.14281658828258514, 0.4525071978569031]
[step 0200/200] method=ours loss=0.5937 train_acc=0.6935 train_loss=0.5433 val_acc=0.6591 val_loss=0.5622 router_H=0.6902 best=0.6591
           router_load=[0.3391227126121521, 0.19137506186962128, 0.10501322150230408, 0.3644891083240509]
saved summary -> /root/Optimization/MOE-grad-conflict-routing/runs/paper_suite_supplement/appendix/rank/multi_glue3_roberta_r32_lora_e4_k2/hpo/ours/trial_runs/local_var_topk_007/ours_s2.json
saved curve -> /root/Optimization/MOE-grad-conflict-routing/runs/paper_suite_supplement/appendix/rank/multi_glue3_roberta_r32_lora_e4_k2/hpo/ours/trial_runs/local_var_topk_007/ours_s2_curve.csv
