[run] method=cagrad candidate=coord_04_method_baseline_cagrad_c_005 seed=2 steps=150 gpu=0
[run] cmd=
/home/zhujjing/anaconda3/envs/moe/bin/python /home/zhujjing/MOE-grad-conflict-routing/scripts/run.py --config configs/singletask_rte_real.yaml --set model.backbone_backend=hf --set model.hf_load_pretrained=true --set model.backbone=deberta --set model.hf_pretrained_name=microsoft/deberta-v3-base --set model.expert_type=lora --set model.routing_mode=topk --set model.num_experts=4 --set model.top_k=2 --set seed=2 --set method.name=baseline_cagrad --set train.steps=150 --set train.eval_every_steps=50 --set method.baseline_cagrad.c=0.6535281282 --set method.baseline_cagrad.inner_lr=0.1 --set train.grad_clip=1.761572159 --set train.lr=4.460286243e-05 --set train.weight_decay=0.02536478282 --out /home/zhujjing/MOE-grad-conflict-routing/runs/paper_suite/single_gpu/single_task/deberta_rte_lora_e4_k2/hpo/cagrad/trial_runs/coord_04_method_baseline_cagrad_c_005/cagrad_s2.json --curve_out /home/zhujjing/MOE-grad-conflict-routing/runs/paper_suite/single_gpu/single_task/deberta_rte_lora_e4_k2/hpo/cagrad/trial_runs/coord_04_method_baseline_cagrad_c_005/cagrad_s2_curve.csv
Using the latest cached version of the dataset since glue couldn't be found on the Hugging Face Hub (offline mode is enabled).
Found the latest cached dataset configuration 'rte' at /home/zhujjing/hf_cache/datasets/glue/rte/0.0.0/bcdcba79d07bc864c1c254ccfcedcce55bcc9a8c (last modified on Thu Mar 19 15:00:36 2026).
/home/zhujjing/anaconda3/envs/moe/lib/python3.10/site-packages/transformers/utils/hub.py:124: FutureWarning: Using `TRANSFORMERS_CACHE` is deprecated and will be removed in v5 of Transformers. Use `HF_HOME` instead.
  warnings.warn(
/home/zhujjing/anaconda3/envs/moe/lib/python3.10/site-packages/transformers/convert_slow_tokenizer.py:560: UserWarning: The sentencepiece tokenizer that you are converting to a fast tokenizer uses the byte fallback option which is not implemented in the fast tokenizers. In practice this means that the fast version of the tokenizer can produce unknown tokens whereas the sentencepiece version would have converted these unknown tokens into a sequence of byte tokens matching the original piece of text.
  warnings.warn(
[step 0001/150] method=baseline_cagrad loss=0.7148 train_acc=nan train_loss=nan val_acc=nan val_loss=nan best=-1.0000
[step 0010/150] method=baseline_cagrad loss=0.9681 train_acc=nan train_loss=nan val_acc=nan val_loss=nan best=-1.0000
[step 0020/150] method=baseline_cagrad loss=0.6442 train_acc=nan train_loss=nan val_acc=nan val_loss=nan best=-1.0000
[step 0030/150] method=baseline_cagrad loss=0.5865 train_acc=nan train_loss=nan val_acc=nan val_loss=nan best=-1.0000
[step 0040/150] method=baseline_cagrad loss=0.7035 train_acc=nan train_loss=nan val_acc=nan val_loss=nan best=-1.0000
[step 0050/150] method=baseline_cagrad loss=0.6582 train_acc=0.7771 train_loss=0.5134 val_acc=0.7365 val_loss=0.5639 router_H=0.6605 best=0.7365
           router_load=[0.3303240239620209, 0.014513547532260418, 0.6143810749053955, 0.040781229734420776]
[step 0060/150] method=baseline_cagrad loss=0.4985 train_acc=0.7771 train_loss=0.5134 val_acc=0.7365 val_loss=0.5639 router_H=0.6605 best=0.7365
           router_load=[0.3303240239620209, 0.014513547532260418, 0.6143810749053955, 0.040781229734420776]
[step 0070/150] method=baseline_cagrad loss=0.7227 train_acc=0.7771 train_loss=0.5134 val_acc=0.7365 val_loss=0.5639 router_H=0.6605 best=0.7365
           router_load=[0.3303240239620209, 0.014513547532260418, 0.6143810749053955, 0.040781229734420776]
[step 0080/150] method=baseline_cagrad loss=0.6565 train_acc=0.7771 train_loss=0.5134 val_acc=0.7365 val_loss=0.5639 router_H=0.6605 best=0.7365
           router_load=[0.3303240239620209, 0.014513547532260418, 0.6143810749053955, 0.040781229734420776]
[step 0090/150] method=baseline_cagrad loss=0.4521 train_acc=0.7771 train_loss=0.5134 val_acc=0.7365 val_loss=0.5639 router_H=0.6605 best=0.7365
           router_load=[0.3303240239620209, 0.014513547532260418, 0.6143810749053955, 0.040781229734420776]
[step 0100/150] method=baseline_cagrad loss=0.5146 train_acc=0.8185 train_loss=0.4542 val_acc=0.7256 val_loss=0.5217 router_H=0.6635 best=0.7365
           router_load=[0.38156989216804504, 0.008962693624198437, 0.6022602915763855, 0.007207063026726246]
[step 0110/150] method=baseline_cagrad loss=0.5110 train_acc=0.8185 train_loss=0.4542 val_acc=0.7256 val_loss=0.5217 router_H=0.6635 best=0.7365
           router_load=[0.38156989216804504, 0.008962693624198437, 0.6022602915763855, 0.007207063026726246]
[step 0120/150] method=baseline_cagrad loss=0.3314 train_acc=0.8185 train_loss=0.4542 val_acc=0.7256 val_loss=0.5217 router_H=0.6635 best=0.7365
           router_load=[0.38156989216804504, 0.008962693624198437, 0.6022602915763855, 0.007207063026726246]
[step 0130/150] method=baseline_cagrad loss=0.5383 train_acc=0.8185 train_loss=0.4542 val_acc=0.7256 val_loss=0.5217 router_H=0.6635 best=0.7365
           router_load=[0.38156989216804504, 0.008962693624198437, 0.6022602915763855, 0.007207063026726246]
[step 0140/150] method=baseline_cagrad loss=0.7546 train_acc=0.8185 train_loss=0.4542 val_acc=0.7256 val_loss=0.5217 router_H=0.6635 best=0.7365
           router_load=[0.38156989216804504, 0.008962693624198437, 0.6022602915763855, 0.007207063026726246]
[step 0150/150] method=baseline_cagrad loss=0.5505 train_acc=0.9056 train_loss=0.2708 val_acc=0.7978 val_loss=0.4639 router_H=0.6682 best=0.7978
           router_load=[0.3406917452812195, 0.10747536271810532, 0.540252685546875, 0.011580295860767365]
saved summary -> /home/zhujjing/MOE-grad-conflict-routing/runs/paper_suite/single_gpu/single_task/deberta_rte_lora_e4_k2/hpo/cagrad/trial_runs/coord_04_method_baseline_cagrad_c_005/cagrad_s2.json
saved curve -> /home/zhujjing/MOE-grad-conflict-routing/runs/paper_suite/single_gpu/single_task/deberta_rte_lora_e4_k2/hpo/cagrad/trial_runs/coord_04_method_baseline_cagrad_c_005/cagrad_s2_curve.csv
