[run] method=ours candidate=coord_01_train_lr_000 seed=3 steps=200 gpu=0
[run] cmd=
/root/miniconda3/envs/optimization/bin/python /root/Optimization/MOE-grad-conflict-routing/scripts/run.py --config configs/singletask_rte_real.yaml --set model.backbone_backend=hf --set model.hf_load_pretrained=true --set model.backbone=roberta --set model.hf_pretrained_name=roberta-base --set model.expert_type=ffn --set model.routing_mode=topk --set model.num_experts=4 --set model.top_k=2 --set train.lr=2.5551784142791192e-05 --set seed=3 --set method.name=ours --set train.steps=200 --set train.eval_every_steps=50 --set method.ours.use_load_norm=true --set method.ours.lambda_align=0.001 --set train.grad_clip=1 --set train.lr=1.980533107e-05 --set train.weight_decay=0.01 --out /root/Optimization/MOE-grad-conflict-routing/runs/paper_suite_supplement/single_task_add_rerun/rerun/roberta_rte_ffn_e4_k2_ours_lr_centered/hpo/ours/trial_runs/coord_01_train_lr_000/ours_s3.json --curve_out /root/Optimization/MOE-grad-conflict-routing/runs/paper_suite_supplement/single_task_add_rerun/rerun/roberta_rte_ffn_e4_k2_ours_lr_centered/hpo/ours/trial_runs/coord_01_train_lr_000/ours_s3_curve.csv
Using the latest cached version of the dataset since glue couldn't be found on the Hugging Face Hub (offline mode is enabled).
Found the latest cached dataset configuration 'rte' at /root/.cache/huggingface/datasets/glue/rte/0.0.0/bcdcba79d07bc864c1c254ccfcedcce55bcc9a8c (last modified on Sun Mar 22 21:39:13 2026).
Loading weights:   0%|          | 0/197 [00:00<?, ?it/s]Loading weights: 100%|██████████| 197/197 [00:00<00:00, 6741.93it/s]
[1mRobertaModel LOAD REPORT[0m from: roberta-base
Key                             | Status     | 
--------------------------------+------------+-
lm_head.layer_norm.weight       | UNEXPECTED | 
lm_head.bias                    | UNEXPECTED | 
roberta.embeddings.position_ids | UNEXPECTED | 
lm_head.dense.weight            | UNEXPECTED | 
lm_head.dense.bias              | UNEXPECTED | 
lm_head.layer_norm.bias         | UNEXPECTED | 
pooler.dense.weight             | MISSING    | 
pooler.dense.bias               | MISSING    | 

[3mNotes:
- UNEXPECTED[3m	:can be ignored when loading from different task/architecture; not ok if you expect identical arch.
- MISSING[3m	:those params were newly initialized because missing from the checkpoint. Consider training on your downstream task.[0m
[step 0001/200] method=ours loss=0.6961 train_acc=nan train_loss=nan val_acc=nan val_loss=nan best=-1.0000
[step 0010/200] method=ours loss=0.7002 train_acc=nan train_loss=nan val_acc=nan val_loss=nan best=-1.0000
[step 0020/200] method=ours loss=0.6993 train_acc=nan train_loss=nan val_acc=nan val_loss=nan best=-1.0000
[step 0030/200] method=ours loss=0.6834 train_acc=nan train_loss=nan val_acc=nan val_loss=nan best=-1.0000
[step 0040/200] method=ours loss=0.6661 train_acc=nan train_loss=nan val_acc=nan val_loss=nan best=-1.0000
[step 0050/200] method=ours loss=0.6705 train_acc=0.6257 train_loss=0.6670 val_acc=0.6282 val_loss=0.6775 router_H=0.6601 best=0.6282
           router_load=[0.11651895195245743, 0.6220957636833191, 0.0, 0.2613852918148041]
[step 0060/200] method=ours loss=0.5933 train_acc=0.6257 train_loss=0.6670 val_acc=0.6282 val_loss=0.6775 router_H=0.6601 best=0.6282
           router_load=[0.11651895195245743, 0.6220957636833191, 0.0, 0.2613852918148041]
[step 0070/200] method=ours loss=0.6989 train_acc=0.6257 train_loss=0.6670 val_acc=0.6282 val_loss=0.6775 router_H=0.6601 best=0.6282
           router_load=[0.11651895195245743, 0.6220957636833191, 0.0, 0.2613852918148041]
[step 0080/200] method=ours loss=0.5536 train_acc=0.6257 train_loss=0.6670 val_acc=0.6282 val_loss=0.6775 router_H=0.6601 best=0.6282
           router_load=[0.11651895195245743, 0.6220957636833191, 0.0, 0.2613852918148041]
[step 0090/200] method=ours loss=0.6960 train_acc=0.6257 train_loss=0.6670 val_acc=0.6282 val_loss=0.6775 router_H=0.6601 best=0.6282
           router_load=[0.11651895195245743, 0.6220957636833191, 0.0, 0.2613852918148041]
[step 0100/200] method=ours loss=0.6420 train_acc=0.6819 train_loss=0.6080 val_acc=0.6318 val_loss=0.6379 router_H=0.6626 best=0.6318
           router_load=[0.0, 0.5947268009185791, 0.0, 0.40527328848838806]
[step 0110/200] method=ours loss=0.7222 train_acc=0.6819 train_loss=0.6080 val_acc=0.6318 val_loss=0.6379 router_H=0.6626 best=0.6318
           router_load=[0.0, 0.5947268009185791, 0.0, 0.40527328848838806]
[step 0120/200] method=ours loss=0.6845 train_acc=0.6819 train_loss=0.6080 val_acc=0.6318 val_loss=0.6379 router_H=0.6626 best=0.6318
           router_load=[0.0, 0.5947268009185791, 0.0, 0.40527328848838806]
[step 0130/200] method=ours loss=0.6704 train_acc=0.6819 train_loss=0.6080 val_acc=0.6318 val_loss=0.6379 router_H=0.6626 best=0.6318
           router_load=[0.0, 0.5947268009185791, 0.0, 0.40527328848838806]
[step 0140/200] method=ours loss=0.5798 train_acc=0.6819 train_loss=0.6080 val_acc=0.6318 val_loss=0.6379 router_H=0.6626 best=0.6318
           router_load=[0.0, 0.5947268009185791, 0.0, 0.40527328848838806]
[step 0150/200] method=ours loss=0.6133 train_acc=0.7594 train_loss=0.5138 val_acc=0.6751 val_loss=0.6066 router_H=0.5635 best=0.6751
           router_load=[0.0008660866878926754, 0.726806640625, 0.0, 0.27232715487480164]
[step 0160/200] method=ours loss=0.5119 train_acc=0.7594 train_loss=0.5138 val_acc=0.6751 val_loss=0.6066 router_H=0.5635 best=0.6751
           router_load=[0.0008660866878926754, 0.726806640625, 0.0, 0.27232715487480164]
[step 0170/200] method=ours loss=0.4691 train_acc=0.7594 train_loss=0.5138 val_acc=0.6751 val_loss=0.6066 router_H=0.5635 best=0.6751
           router_load=[0.0008660866878926754, 0.726806640625, 0.0, 0.27232715487480164]
[step 0180/200] method=ours loss=0.6755 train_acc=0.7594 train_loss=0.5138 val_acc=0.6751 val_loss=0.6066 router_H=0.5635 best=0.6751
           router_load=[0.0008660866878926754, 0.726806640625, 0.0, 0.27232715487480164]
[step 0190/200] method=ours loss=0.6132 train_acc=0.7594 train_loss=0.5138 val_acc=0.6751 val_loss=0.6066 router_H=0.5635 best=0.6751
           router_load=[0.0008660866878926754, 0.726806640625, 0.0, 0.27232715487480164]
[step 0200/200] method=ours loss=0.4764 train_acc=0.8036 train_loss=0.4709 val_acc=0.7004 val_loss=0.5975 router_H=0.5237 best=0.7004
           router_load=[0.011581755243241787, 0.7563105225563049, 0.0, 0.23210763931274414]
saved summary -> /root/Optimization/MOE-grad-conflict-routing/runs/paper_suite_supplement/single_task_add_rerun/rerun/roberta_rte_ffn_e4_k2_ours_lr_centered/hpo/ours/trial_runs/coord_01_train_lr_000/ours_s3.json
saved curve -> /root/Optimization/MOE-grad-conflict-routing/runs/paper_suite_supplement/single_task_add_rerun/rerun/roberta_rte_ffn_e4_k2_ours_lr_centered/hpo/ours/trial_runs/coord_01_train_lr_000/ours_s3_curve.csv
