[run] method=ours candidate=coord_03_train_grad_clip_006 seed=3 steps=150 gpu=0
[run] cmd=
/home/zhujjing/anaconda3/envs/moe/bin/python /home/zhujjing/MOE-grad-conflict-routing/scripts/run.py --config configs/singletask_mrpc_real.yaml --set model.backbone_backend=hf --set model.hf_load_pretrained=true --set model.backbone=deberta --set model.hf_pretrained_name=microsoft/deberta-v3-base --set model.expert_type=lora --set model.routing_mode=topk --set model.num_experts=4 --set model.top_k=2 --set seed=3 --set method.name=ours --set train.steps=150 --set train.eval_every_steps=50 --set method.ours.use_load_norm=true --set method.ours.lambda_align=0.001 --set train.grad_clip=1.236374401 --set train.lr=5.484611636e-05 --set train.weight_decay=0.03112945656 --out /home/zhujjing/MOE-grad-conflict-routing/runs/paper_suite/single_gpu/single_task/deberta_mrpc_lora_e4_k2/hpo/ours/trial_runs/coord_03_train_grad_clip_006/ours_s3.json --curve_out /home/zhujjing/MOE-grad-conflict-routing/runs/paper_suite/single_gpu/single_task/deberta_mrpc_lora_e4_k2/hpo/ours/trial_runs/coord_03_train_grad_clip_006/ours_s3_curve.csv
Using the latest cached version of the dataset since glue couldn't be found on the Hugging Face Hub (offline mode is enabled).
Found the latest cached dataset configuration 'mrpc' at /home/zhujjing/hf_cache/datasets/glue/mrpc/0.0.0/bcdcba79d07bc864c1c254ccfcedcce55bcc9a8c (last modified on Thu Mar 19 15:01:06 2026).
/home/zhujjing/anaconda3/envs/moe/lib/python3.10/site-packages/transformers/utils/hub.py:124: FutureWarning: Using `TRANSFORMERS_CACHE` is deprecated and will be removed in v5 of Transformers. Use `HF_HOME` instead.
  warnings.warn(
/home/zhujjing/anaconda3/envs/moe/lib/python3.10/site-packages/transformers/convert_slow_tokenizer.py:560: UserWarning: The sentencepiece tokenizer that you are converting to a fast tokenizer uses the byte fallback option which is not implemented in the fast tokenizers. In practice this means that the fast version of the tokenizer can produce unknown tokens whereas the sentencepiece version would have converted these unknown tokens into a sequence of byte tokens matching the original piece of text.
  warnings.warn(
[step 0001/150] method=ours loss=0.7305 train_acc=nan train_loss=nan val_acc=nan val_loss=nan best=-1.0000
[step 0010/150] method=ours loss=0.5899 train_acc=nan train_loss=nan val_acc=nan val_loss=nan best=-1.0000
[step 0020/150] method=ours loss=0.5005 train_acc=nan train_loss=nan val_acc=nan val_loss=nan best=-1.0000
[step 0030/150] method=ours loss=0.4803 train_acc=nan train_loss=nan val_acc=nan val_loss=nan best=-1.0000
[step 0040/150] method=ours loss=0.4697 train_acc=nan train_loss=nan val_acc=nan val_loss=nan best=-1.0000
[step 0050/150] method=ours loss=0.2692 train_acc=0.8255 train_loss=0.3818 val_acc=0.8064 val_loss=0.3936 router_H=0.6892 best=0.8064
           router_load=[0.41266220808029175, 0.005702523048967123, 0.12704715132713318, 0.4545880854129791]
[step 0060/150] method=ours loss=0.2796 train_acc=0.8255 train_loss=0.3818 val_acc=0.8064 val_loss=0.3936 router_H=0.6892 best=0.8064
           router_load=[0.41266220808029175, 0.005702523048967123, 0.12704715132713318, 0.4545880854129791]
[step 0070/150] method=ours loss=0.1679 train_acc=0.8255 train_loss=0.3818 val_acc=0.8064 val_loss=0.3936 router_H=0.6892 best=0.8064
           router_load=[0.41266220808029175, 0.005702523048967123, 0.12704715132713318, 0.4545880854129791]
[step 0080/150] method=ours loss=0.2203 train_acc=0.8255 train_loss=0.3818 val_acc=0.8064 val_loss=0.3936 router_H=0.6892 best=0.8064
           router_load=[0.41266220808029175, 0.005702523048967123, 0.12704715132713318, 0.4545880854129791]
[step 0090/150] method=ours loss=0.4537 train_acc=0.8255 train_loss=0.3818 val_acc=0.8064 val_loss=0.3936 router_H=0.6892 best=0.8064
           router_load=[0.41266220808029175, 0.005702523048967123, 0.12704715132713318, 0.4545880854129791]
[step 0100/150] method=ours loss=0.6000 train_acc=0.8394 train_loss=0.4418 val_acc=0.8235 val_loss=0.5380 router_H=0.6766 best=0.8235
           router_load=[0.3822794258594513, 0.00195750268176198, 0.12378773838281631, 0.4919753968715668]
[step 0110/150] method=ours loss=0.3071 train_acc=0.8394 train_loss=0.4418 val_acc=0.8235 val_loss=0.5380 router_H=0.6766 best=0.8235
           router_load=[0.3822794258594513, 0.00195750268176198, 0.12378773838281631, 0.4919753968715668]
[step 0120/150] method=ours loss=0.1681 train_acc=0.8394 train_loss=0.4418 val_acc=0.8235 val_loss=0.5380 router_H=0.6766 best=0.8235
           router_load=[0.3822794258594513, 0.00195750268176198, 0.12378773838281631, 0.4919753968715668]
[step 0130/150] method=ours loss=0.3652 train_acc=0.8394 train_loss=0.4418 val_acc=0.8235 val_loss=0.5380 router_H=0.6766 best=0.8235
           router_load=[0.3822794258594513, 0.00195750268176198, 0.12378773838281631, 0.4919753968715668]
[step 0140/150] method=ours loss=0.8483 train_acc=0.8394 train_loss=0.4418 val_acc=0.8235 val_loss=0.5380 router_H=0.6766 best=0.8235
           router_load=[0.3822794258594513, 0.00195750268176198, 0.12378773838281631, 0.4919753968715668]
[step 0150/150] method=ours loss=0.3536 train_acc=0.9128 train_loss=0.2547 val_acc=0.8652 val_loss=0.3036 router_H=0.6744 best=0.8652
           router_load=[0.10265801101922989, 0.01299727987498045, 0.4055624306201935, 0.4787823557853699]
saved summary -> /home/zhujjing/MOE-grad-conflict-routing/runs/paper_suite/single_gpu/single_task/deberta_mrpc_lora_e4_k2/hpo/ours/trial_runs/coord_03_train_grad_clip_006/ours_s3.json
saved curve -> /home/zhujjing/MOE-grad-conflict-routing/runs/paper_suite/single_gpu/single_task/deberta_mrpc_lora_e4_k2/hpo/ours/trial_runs/coord_03_train_grad_clip_006/ours_s3_curve.csv
