[run] method=ours candidate=coord_02_train_weight_decay_008 seed=3 steps=150 gpu=0
[run] cmd=
/home/zhujjing/anaconda3/envs/moe/bin/python /home/zhujjing/MOE-grad-conflict-routing/scripts/run.py --config configs/singletask_mrpc_real.yaml --set model.backbone_backend=hf --set model.hf_load_pretrained=true --set model.hf_local_files_only=true --set model.backbone=roberta --set model.hf_pretrained_name=roberta-base --set model.expert_type=lora --set model.routing_mode=topk --set model.num_experts=4 --set model.top_k=2 --set seed=3 --set method.name=ours --set train.steps=150 --set train.eval_every_steps=50 --set method.ours.use_load_norm=true --set method.ours.lambda_align=0.001 --set train.grad_clip=1 --set train.lr=4.233346635e-05 --set train.weight_decay=0.02294122098 --out /home/zhujjing/MOE-grad-conflict-routing/runs/paper_suite/single_gpu/single_task/roberta_mrpc_lora_e4_k2_supplement/hpo/ours/trial_runs/coord_02_train_weight_decay_008/ours_s3.json --curve_out /home/zhujjing/MOE-grad-conflict-routing/runs/paper_suite/single_gpu/single_task/roberta_mrpc_lora_e4_k2_supplement/hpo/ours/trial_runs/coord_02_train_weight_decay_008/ours_s3_curve.csv
Using the latest cached version of the dataset since glue couldn't be found on the Hugging Face Hub (offline mode is enabled).
Found the latest cached dataset configuration 'mrpc' at /home/zhujjing/hf_cache/datasets/glue/mrpc/0.0.0/bcdcba79d07bc864c1c254ccfcedcce55bcc9a8c (last modified on Thu Mar 19 15:01:06 2026).
/home/zhujjing/anaconda3/envs/moe/lib/python3.10/site-packages/transformers/utils/hub.py:124: FutureWarning: Using `TRANSFORMERS_CACHE` is deprecated and will be removed in v5 of Transformers. Use `HF_HOME` instead.
  warnings.warn(
Some weights of RobertaModel were not initialized from the model checkpoint at roberta-base and are newly initialized: ['roberta.pooler.dense.bias', 'roberta.pooler.dense.weight']
You should probably TRAIN this model on a down-stream task to be able to use it for predictions and inference.
[step 0001/150] method=ours loss=0.7939 train_acc=nan train_loss=nan val_acc=nan val_loss=nan best=-1.0000
[step 0010/150] method=ours loss=0.7256 train_acc=nan train_loss=nan val_acc=nan val_loss=nan best=-1.0000
[step 0020/150] method=ours loss=0.6925 train_acc=nan train_loss=nan val_acc=nan val_loss=nan best=-1.0000
[step 0030/150] method=ours loss=0.5416 train_acc=nan train_loss=nan val_acc=nan val_loss=nan best=-1.0000
[step 0040/150] method=ours loss=0.5390 train_acc=nan train_loss=nan val_acc=nan val_loss=nan best=-1.0000
[step 0050/150] method=ours loss=0.5346 train_acc=0.7582 train_loss=0.5221 val_acc=0.7475 val_loss=0.5080 router_H=0.6894 best=0.7475
           router_load=[0.0, 0.24024613201618195, 0.5400137901306152, 0.21974003314971924]
[step 0060/150] method=ours loss=0.4133 train_acc=0.7582 train_loss=0.5221 val_acc=0.7475 val_loss=0.5080 router_H=0.6894 best=0.7475
           router_load=[0.0, 0.24024613201618195, 0.5400137901306152, 0.21974003314971924]
[step 0070/150] method=ours loss=0.3425 train_acc=0.7582 train_loss=0.5221 val_acc=0.7475 val_loss=0.5080 router_H=0.6894 best=0.7475
           router_load=[0.0, 0.24024613201618195, 0.5400137901306152, 0.21974003314971924]
[step 0080/150] method=ours loss=0.3526 train_acc=0.7582 train_loss=0.5221 val_acc=0.7475 val_loss=0.5080 router_H=0.6894 best=0.7475
           router_load=[0.0, 0.24024613201618195, 0.5400137901306152, 0.21974003314971924]
[step 0090/150] method=ours loss=0.6663 train_acc=0.7582 train_loss=0.5221 val_acc=0.7475 val_loss=0.5080 router_H=0.6894 best=0.7475
           router_load=[0.0, 0.24024613201618195, 0.5400137901306152, 0.21974003314971924]
[step 0100/150] method=ours loss=0.4876 train_acc=0.8125 train_loss=0.4223 val_acc=0.8015 val_loss=0.4292 router_H=0.6906 best=0.8015
           router_load=[0.0024126339703798294, 0.1514337807893753, 0.5164873600006104, 0.32966622710227966]
[step 0110/150] method=ours loss=0.4766 train_acc=0.8125 train_loss=0.4223 val_acc=0.8015 val_loss=0.4292 router_H=0.6906 best=0.8015
           router_load=[0.0024126339703798294, 0.1514337807893753, 0.5164873600006104, 0.32966622710227966]
[step 0120/150] method=ours loss=1.0912 train_acc=0.8125 train_loss=0.4223 val_acc=0.8015 val_loss=0.4292 router_H=0.6906 best=0.8015
           router_load=[0.0024126339703798294, 0.1514337807893753, 0.5164873600006104, 0.32966622710227966]
[step 0130/150] method=ours loss=0.4856 train_acc=0.8125 train_loss=0.4223 val_acc=0.8015 val_loss=0.4292 router_H=0.6906 best=0.8015
           router_load=[0.0024126339703798294, 0.1514337807893753, 0.5164873600006104, 0.32966622710227966]
[step 0140/150] method=ours loss=0.5236 train_acc=0.8125 train_loss=0.4223 val_acc=0.8015 val_loss=0.4292 router_H=0.6906 best=0.8015
           router_load=[0.0024126339703798294, 0.1514337807893753, 0.5164873600006104, 0.32966622710227966]
[step 0150/150] method=ours loss=0.4649 train_acc=0.8424 train_loss=0.3808 val_acc=0.8284 val_loss=0.4130 router_H=0.6919 best=0.8284
           router_load=[0.0, 0.08770041167736053, 0.49286720156669617, 0.41943228244781494]
saved summary -> /home/zhujjing/MOE-grad-conflict-routing/runs/paper_suite/single_gpu/single_task/roberta_mrpc_lora_e4_k2_supplement/hpo/ours/trial_runs/coord_02_train_weight_decay_008/ours_s3.json
saved curve -> /home/zhujjing/MOE-grad-conflict-routing/runs/paper_suite/single_gpu/single_task/roberta_mrpc_lora_e4_k2_supplement/hpo/ours/trial_runs/coord_02_train_weight_decay_008/ours_s3_curve.csv
