[run] method=ours candidate=coord_02_train_weight_decay_014 seed=3 steps=150 gpu=0
[run] cmd=
/home/zhujjing/anaconda3/envs/moe/bin/python /home/zhujjing/MOE-grad-conflict-routing/scripts/run.py --config configs/singletask_mrpc_real.yaml --set model.backbone_backend=hf --set model.hf_load_pretrained=true --set model.hf_local_files_only=true --set model.backbone=roberta --set model.hf_pretrained_name=roberta-base --set model.expert_type=lora --set model.routing_mode=topk --set model.num_experts=4 --set model.top_k=2 --set seed=3 --set method.name=ours --set train.steps=150 --set train.eval_every_steps=50 --set method.ours.use_load_norm=true --set method.ours.lambda_align=0.001 --set train.grad_clip=1 --set train.lr=4.233346635e-05 --set train.weight_decay=0.03285287567 --out /home/zhujjing/MOE-grad-conflict-routing/runs/paper_suite/single_gpu/single_task/roberta_mrpc_lora_e4_k2_supplement/hpo/ours/trial_runs/coord_02_train_weight_decay_014/ours_s3.json --curve_out /home/zhujjing/MOE-grad-conflict-routing/runs/paper_suite/single_gpu/single_task/roberta_mrpc_lora_e4_k2_supplement/hpo/ours/trial_runs/coord_02_train_weight_decay_014/ours_s3_curve.csv
Using the latest cached version of the dataset since glue couldn't be found on the Hugging Face Hub (offline mode is enabled).
Found the latest cached dataset configuration 'mrpc' at /home/zhujjing/hf_cache/datasets/glue/mrpc/0.0.0/bcdcba79d07bc864c1c254ccfcedcce55bcc9a8c (last modified on Thu Mar 19 15:01:06 2026).
/home/zhujjing/anaconda3/envs/moe/lib/python3.10/site-packages/transformers/utils/hub.py:124: FutureWarning: Using `TRANSFORMERS_CACHE` is deprecated and will be removed in v5 of Transformers. Use `HF_HOME` instead.
  warnings.warn(
Some weights of RobertaModel were not initialized from the model checkpoint at roberta-base and are newly initialized: ['roberta.pooler.dense.bias', 'roberta.pooler.dense.weight']
You should probably TRAIN this model on a down-stream task to be able to use it for predictions and inference.
[step 0001/150] method=ours loss=0.6877 train_acc=nan train_loss=nan val_acc=nan val_loss=nan best=-1.0000
[step 0010/150] method=ours loss=0.7162 train_acc=nan train_loss=nan val_acc=nan val_loss=nan best=-1.0000
[step 0020/150] method=ours loss=0.6118 train_acc=nan train_loss=nan val_acc=nan val_loss=nan best=-1.0000
[step 0030/150] method=ours loss=0.5172 train_acc=nan train_loss=nan val_acc=nan val_loss=nan best=-1.0000
[step 0040/150] method=ours loss=0.5639 train_acc=nan train_loss=nan val_acc=nan val_loss=nan best=-1.0000
[step 0050/150] method=ours loss=0.5960 train_acc=0.7228 train_loss=0.4840 val_acc=0.7549 val_loss=0.4641 router_H=0.6883 best=0.7549
           router_load=[0.3584105670452118, 0.0, 0.15795589983463287, 0.4836336374282837]
[step 0060/150] method=ours loss=0.4861 train_acc=0.7228 train_loss=0.4840 val_acc=0.7549 val_loss=0.4641 router_H=0.6883 best=0.7549
           router_load=[0.3584105670452118, 0.0, 0.15795589983463287, 0.4836336374282837]
[step 0070/150] method=ours loss=0.3840 train_acc=0.7228 train_loss=0.4840 val_acc=0.7549 val_loss=0.4641 router_H=0.6883 best=0.7549
           router_load=[0.3584105670452118, 0.0, 0.15795589983463287, 0.4836336374282837]
[step 0080/150] method=ours loss=0.6319 train_acc=0.7228 train_loss=0.4840 val_acc=0.7549 val_loss=0.4641 router_H=0.6883 best=0.7549
           router_load=[0.3584105670452118, 0.0, 0.15795589983463287, 0.4836336374282837]
[step 0090/150] method=ours loss=0.6600 train_acc=0.7228 train_loss=0.4840 val_acc=0.7549 val_loss=0.4641 router_H=0.6883 best=0.7549
           router_load=[0.3584105670452118, 0.0, 0.15795589983463287, 0.4836336374282837]
[step 0100/150] method=ours loss=0.5485 train_acc=0.8207 train_loss=0.4310 val_acc=0.8284 val_loss=0.4117 router_H=0.6906 best=0.8284
           router_load=[0.33711615204811096, 0.0, 0.30307385325431824, 0.3598100543022156]
[step 0110/150] method=ours loss=0.4679 train_acc=0.8207 train_loss=0.4310 val_acc=0.8284 val_loss=0.4117 router_H=0.6906 best=0.8284
           router_load=[0.33711615204811096, 0.0, 0.30307385325431824, 0.3598100543022156]
[step 0120/150] method=ours loss=0.4097 train_acc=0.8207 train_loss=0.4310 val_acc=0.8284 val_loss=0.4117 router_H=0.6906 best=0.8284
           router_load=[0.33711615204811096, 0.0, 0.30307385325431824, 0.3598100543022156]
[step 0130/150] method=ours loss=0.2531 train_acc=0.8207 train_loss=0.4310 val_acc=0.8284 val_loss=0.4117 router_H=0.6906 best=0.8284
           router_load=[0.33711615204811096, 0.0, 0.30307385325431824, 0.3598100543022156]
[step 0140/150] method=ours loss=0.6311 train_acc=0.8207 train_loss=0.4310 val_acc=0.8284 val_loss=0.4117 router_H=0.6906 best=0.8284
           router_load=[0.33711615204811096, 0.0, 0.30307385325431824, 0.3598100543022156]
[step 0150/150] method=ours loss=0.5354 train_acc=0.8723 train_loss=0.3837 val_acc=0.8260 val_loss=0.4133 router_H=0.6895 best=0.8284
           router_load=[0.21690087020397186, 0.051449816673994064, 0.22951480746269226, 0.5021345615386963]
saved summary -> /home/zhujjing/MOE-grad-conflict-routing/runs/paper_suite/single_gpu/single_task/roberta_mrpc_lora_e4_k2_supplement/hpo/ours/trial_runs/coord_02_train_weight_decay_014/ours_s3.json
saved curve -> /home/zhujjing/MOE-grad-conflict-routing/runs/paper_suite/single_gpu/single_task/roberta_mrpc_lora_e4_k2_supplement/hpo/ours/trial_runs/coord_02_train_weight_decay_014/ours_s3_curve.csv
