[run] method=ours candidate=coord_02_train_weight_decay_004 seed=2 steps=150 gpu=0
[run] cmd=
/home/zhujjing/anaconda3/envs/moe/bin/python /home/zhujjing/MOE-grad-conflict-routing/scripts/run.py --config configs/singletask_mrpc_real.yaml --set model.backbone_backend=hf --set model.hf_load_pretrained=true --set model.hf_local_files_only=true --set model.backbone=roberta --set model.hf_pretrained_name=roberta-base --set model.expert_type=lora --set model.routing_mode=topk --set model.num_experts=4 --set model.top_k=2 --set seed=2 --set method.name=ours --set train.steps=150 --set train.eval_every_steps=50 --set method.ours.use_load_norm=true --set method.ours.lambda_align=0.001 --set train.grad_clip=1 --set train.lr=4.233346635e-05 --set train.weight_decay=0.0343855891 --out /home/zhujjing/MOE-grad-conflict-routing/runs/paper_suite/single_gpu/single_task/roberta_mrpc_lora_e4_k2_supplement/hpo/ours/trial_runs/coord_02_train_weight_decay_004/ours_s2.json --curve_out /home/zhujjing/MOE-grad-conflict-routing/runs/paper_suite/single_gpu/single_task/roberta_mrpc_lora_e4_k2_supplement/hpo/ours/trial_runs/coord_02_train_weight_decay_004/ours_s2_curve.csv
Using the latest cached version of the dataset since glue couldn't be found on the Hugging Face Hub (offline mode is enabled).
Found the latest cached dataset configuration 'mrpc' at /home/zhujjing/hf_cache/datasets/glue/mrpc/0.0.0/bcdcba79d07bc864c1c254ccfcedcce55bcc9a8c (last modified on Thu Mar 19 15:01:06 2026).
/home/zhujjing/anaconda3/envs/moe/lib/python3.10/site-packages/transformers/utils/hub.py:124: FutureWarning: Using `TRANSFORMERS_CACHE` is deprecated and will be removed in v5 of Transformers. Use `HF_HOME` instead.
  warnings.warn(
Some weights of RobertaModel were not initialized from the model checkpoint at roberta-base and are newly initialized: ['roberta.pooler.dense.bias', 'roberta.pooler.dense.weight']
You should probably TRAIN this model on a down-stream task to be able to use it for predictions and inference.
[step 0001/150] method=ours loss=0.6530 train_acc=nan train_loss=nan val_acc=nan val_loss=nan best=-1.0000
[step 0010/150] method=ours loss=0.7266 train_acc=nan train_loss=nan val_acc=nan val_loss=nan best=-1.0000
[step 0020/150] method=ours loss=0.5632 train_acc=nan train_loss=nan val_acc=nan val_loss=nan best=-1.0000
[step 0030/150] method=ours loss=0.5034 train_acc=nan train_loss=nan val_acc=nan val_loss=nan best=-1.0000
[step 0040/150] method=ours loss=0.5196 train_acc=nan train_loss=nan val_acc=nan val_loss=nan best=-1.0000
[step 0050/150] method=ours loss=0.4693 train_acc=0.7554 train_loss=0.5248 val_acc=0.7696 val_loss=0.4859 router_H=0.6846 best=0.7696
           router_load=[0.5630679130554199, 0.032349202781915665, 0.034346748143434525, 0.3702361583709717]
[step 0060/150] method=ours loss=0.5744 train_acc=0.7554 train_loss=0.5248 val_acc=0.7696 val_loss=0.4859 router_H=0.6846 best=0.7696
           router_load=[0.5630679130554199, 0.032349202781915665, 0.034346748143434525, 0.3702361583709717]
[step 0070/150] method=ours loss=0.3479 train_acc=0.7554 train_loss=0.5248 val_acc=0.7696 val_loss=0.4859 router_H=0.6846 best=0.7696
           router_load=[0.5630679130554199, 0.032349202781915665, 0.034346748143434525, 0.3702361583709717]
[step 0080/150] method=ours loss=0.3904 train_acc=0.7554 train_loss=0.5248 val_acc=0.7696 val_loss=0.4859 router_H=0.6846 best=0.7696
           router_load=[0.5630679130554199, 0.032349202781915665, 0.034346748143434525, 0.3702361583709717]
[step 0090/150] method=ours loss=0.5797 train_acc=0.7554 train_loss=0.5248 val_acc=0.7696 val_loss=0.4859 router_H=0.6846 best=0.7696
           router_load=[0.5630679130554199, 0.032349202781915665, 0.034346748143434525, 0.3702361583709717]
[step 0100/150] method=ours loss=0.5616 train_acc=0.8098 train_loss=0.4437 val_acc=0.8235 val_loss=0.4574 router_H=0.6877 best=0.8235
           router_load=[0.5446195602416992, 0.025975750759243965, 0.005052694119513035, 0.42435193061828613]
[step 0110/150] method=ours loss=0.5560 train_acc=0.8098 train_loss=0.4437 val_acc=0.8235 val_loss=0.4574 router_H=0.6877 best=0.8235
           router_load=[0.5446195602416992, 0.025975750759243965, 0.005052694119513035, 0.42435193061828613]
[step 0120/150] method=ours loss=0.2327 train_acc=0.8098 train_loss=0.4437 val_acc=0.8235 val_loss=0.4574 router_H=0.6877 best=0.8235
           router_load=[0.5446195602416992, 0.025975750759243965, 0.005052694119513035, 0.42435193061828613]
[step 0130/150] method=ours loss=0.5237 train_acc=0.8098 train_loss=0.4437 val_acc=0.8235 val_loss=0.4574 router_H=0.6877 best=0.8235
           router_load=[0.5446195602416992, 0.025975750759243965, 0.005052694119513035, 0.42435193061828613]
[step 0140/150] method=ours loss=0.3166 train_acc=0.8098 train_loss=0.4437 val_acc=0.8235 val_loss=0.4574 router_H=0.6877 best=0.8235
           router_load=[0.5446195602416992, 0.025975750759243965, 0.005052694119513035, 0.42435193061828613]
[step 0150/150] method=ours loss=0.7733 train_acc=0.8261 train_loss=0.4323 val_acc=0.8333 val_loss=0.4136 router_H=0.6871 best=0.8333
           router_load=[0.4864374101161957, 0.022066161036491394, 0.004108614753931761, 0.48738783597946167]
saved summary -> /home/zhujjing/MOE-grad-conflict-routing/runs/paper_suite/single_gpu/single_task/roberta_mrpc_lora_e4_k2_supplement/hpo/ours/trial_runs/coord_02_train_weight_decay_004/ours_s2.json
saved curve -> /home/zhujjing/MOE-grad-conflict-routing/runs/paper_suite/single_gpu/single_task/roberta_mrpc_lora_e4_k2_supplement/hpo/ours/trial_runs/coord_02_train_weight_decay_004/ours_s2_curve.csv
