[run] method=ours candidate=coord_02_train_weight_decay_013 seed=2 steps=150 gpu=0
[run] cmd=
/home/zhujjing/anaconda3/envs/moe/bin/python /home/zhujjing/MOE-grad-conflict-routing/scripts/run.py --config configs/singletask_mrpc_real.yaml --set model.backbone_backend=hf --set model.hf_load_pretrained=true --set model.hf_local_files_only=true --set model.backbone=roberta --set model.hf_pretrained_name=roberta-base --set model.expert_type=lora --set model.routing_mode=topk --set model.num_experts=4 --set model.top_k=2 --set seed=2 --set method.name=ours --set train.steps=150 --set train.eval_every_steps=50 --set method.ours.use_load_norm=true --set method.ours.lambda_align=0.001 --set train.grad_clip=1 --set train.lr=4.233346635e-05 --set train.weight_decay=0.04796146989 --out /home/zhujjing/MOE-grad-conflict-routing/runs/paper_suite/single_gpu/single_task/roberta_mrpc_lora_e4_k2_supplement/hpo/ours/trial_runs/coord_02_train_weight_decay_013/ours_s2.json --curve_out /home/zhujjing/MOE-grad-conflict-routing/runs/paper_suite/single_gpu/single_task/roberta_mrpc_lora_e4_k2_supplement/hpo/ours/trial_runs/coord_02_train_weight_decay_013/ours_s2_curve.csv
Using the latest cached version of the dataset since glue couldn't be found on the Hugging Face Hub (offline mode is enabled).
Found the latest cached dataset configuration 'mrpc' at /home/zhujjing/hf_cache/datasets/glue/mrpc/0.0.0/bcdcba79d07bc864c1c254ccfcedcce55bcc9a8c (last modified on Thu Mar 19 15:01:06 2026).
/home/zhujjing/anaconda3/envs/moe/lib/python3.10/site-packages/transformers/utils/hub.py:124: FutureWarning: Using `TRANSFORMERS_CACHE` is deprecated and will be removed in v5 of Transformers. Use `HF_HOME` instead.
  warnings.warn(
Some weights of RobertaModel were not initialized from the model checkpoint at roberta-base and are newly initialized: ['roberta.pooler.dense.bias', 'roberta.pooler.dense.weight']
You should probably TRAIN this model on a down-stream task to be able to use it for predictions and inference.
[step 0001/150] method=ours loss=0.7098 train_acc=nan train_loss=nan val_acc=nan val_loss=nan best=-1.0000
[step 0010/150] method=ours loss=0.6790 train_acc=nan train_loss=nan val_acc=nan val_loss=nan best=-1.0000
[step 0020/150] method=ours loss=0.5786 train_acc=nan train_loss=nan val_acc=nan val_loss=nan best=-1.0000
[step 0030/150] method=ours loss=0.6034 train_acc=nan train_loss=nan val_acc=nan val_loss=nan best=-1.0000
[step 0040/150] method=ours loss=0.5464 train_acc=nan train_loss=nan val_acc=nan val_loss=nan best=-1.0000
[step 0050/150] method=ours loss=0.4572 train_acc=0.7065 train_loss=0.5454 val_acc=0.7132 val_loss=0.5283 router_H=0.6782 best=0.7132
           router_load=[0.41490933299064636, 0.585090696811676, 0.0, 0.0]
[step 0060/150] method=ours loss=0.5853 train_acc=0.7065 train_loss=0.5454 val_acc=0.7132 val_loss=0.5283 router_H=0.6782 best=0.7132
           router_load=[0.41490933299064636, 0.585090696811676, 0.0, 0.0]
[step 0070/150] method=ours loss=0.4055 train_acc=0.7065 train_loss=0.5454 val_acc=0.7132 val_loss=0.5283 router_H=0.6782 best=0.7132
           router_load=[0.41490933299064636, 0.585090696811676, 0.0, 0.0]
[step 0080/150] method=ours loss=0.3563 train_acc=0.7065 train_loss=0.5454 val_acc=0.7132 val_loss=0.5283 router_H=0.6782 best=0.7132
           router_load=[0.41490933299064636, 0.585090696811676, 0.0, 0.0]
[step 0090/150] method=ours loss=0.3310 train_acc=0.7065 train_loss=0.5454 val_acc=0.7132 val_loss=0.5283 router_H=0.6782 best=0.7132
           router_load=[0.41490933299064636, 0.585090696811676, 0.0, 0.0]
[step 0100/150] method=ours loss=0.3864 train_acc=0.8397 train_loss=0.3473 val_acc=0.8578 val_loss=0.3528 router_H=0.6388 best=0.8578
           router_load=[0.19951631128787994, 0.6519372463226318, 0.12275853008031845, 0.025788012892007828]
[step 0110/150] method=ours loss=0.6097 train_acc=0.8397 train_loss=0.3473 val_acc=0.8578 val_loss=0.3528 router_H=0.6388 best=0.8578
           router_load=[0.19951631128787994, 0.6519372463226318, 0.12275853008031845, 0.025788012892007828]
[step 0120/150] method=ours loss=0.3810 train_acc=0.8397 train_loss=0.3473 val_acc=0.8578 val_loss=0.3528 router_H=0.6388 best=0.8578
           router_load=[0.19951631128787994, 0.6519372463226318, 0.12275853008031845, 0.025788012892007828]
[step 0130/150] method=ours loss=0.4474 train_acc=0.8397 train_loss=0.3473 val_acc=0.8578 val_loss=0.3528 router_H=0.6388 best=0.8578
           router_load=[0.19951631128787994, 0.6519372463226318, 0.12275853008031845, 0.025788012892007828]
[step 0140/150] method=ours loss=0.4034 train_acc=0.8397 train_loss=0.3473 val_acc=0.8578 val_loss=0.3528 router_H=0.6388 best=0.8578
           router_load=[0.19951631128787994, 0.6519372463226318, 0.12275853008031845, 0.025788012892007828]
[step 0150/150] method=ours loss=0.6712 train_acc=0.8288 train_loss=0.4171 val_acc=0.8554 val_loss=0.3799 router_H=0.6497 best=0.8578
           router_load=[0.2549407184123993, 0.6366198062896729, 0.1084393784403801, 0.0]
saved summary -> /home/zhujjing/MOE-grad-conflict-routing/runs/paper_suite/single_gpu/single_task/roberta_mrpc_lora_e4_k2_supplement/hpo/ours/trial_runs/coord_02_train_weight_decay_013/ours_s2.json
saved curve -> /home/zhujjing/MOE-grad-conflict-routing/runs/paper_suite/single_gpu/single_task/roberta_mrpc_lora_e4_k2_supplement/hpo/ours/trial_runs/coord_02_train_weight_decay_013/ours_s2_curve.csv
