[run] method=cagrad candidate=coord_02_train_weight_decay_004 seed=3 steps=150 gpu=0
[run] cmd=
/home/zhujjing/anaconda3/envs/moe/bin/python /home/zhujjing/MOE-grad-conflict-routing/scripts/run.py --config configs/singletask_rte_real.yaml --set model.backbone_backend=hf --set model.hf_load_pretrained=true --set model.backbone=deberta --set model.hf_pretrained_name=microsoft/deberta-v3-base --set model.expert_type=lora --set model.routing_mode=topk --set model.num_experts=4 --set model.top_k=2 --set seed=3 --set method.name=baseline_cagrad --set train.steps=150 --set train.eval_every_steps=50 --set method.baseline_cagrad.c=0.4 --set method.baseline_cagrad.inner_lr=0.1 --set train.grad_clip=1 --set train.lr=4.460286243e-05 --set train.weight_decay=0.01436751473 --out /home/zhujjing/MOE-grad-conflict-routing/runs/paper_suite/single_gpu/single_task/deberta_rte_lora_e4_k2/hpo/cagrad/trial_runs/coord_02_train_weight_decay_004/cagrad_s3.json --curve_out /home/zhujjing/MOE-grad-conflict-routing/runs/paper_suite/single_gpu/single_task/deberta_rte_lora_e4_k2/hpo/cagrad/trial_runs/coord_02_train_weight_decay_004/cagrad_s3_curve.csv
Using the latest cached version of the dataset since glue couldn't be found on the Hugging Face Hub (offline mode is enabled).
Found the latest cached dataset configuration 'rte' at /home/zhujjing/hf_cache/datasets/glue/rte/0.0.0/bcdcba79d07bc864c1c254ccfcedcce55bcc9a8c (last modified on Thu Mar 19 15:00:36 2026).
/home/zhujjing/anaconda3/envs/moe/lib/python3.10/site-packages/transformers/utils/hub.py:124: FutureWarning: Using `TRANSFORMERS_CACHE` is deprecated and will be removed in v5 of Transformers. Use `HF_HOME` instead.
  warnings.warn(
/home/zhujjing/anaconda3/envs/moe/lib/python3.10/site-packages/transformers/convert_slow_tokenizer.py:560: UserWarning: The sentencepiece tokenizer that you are converting to a fast tokenizer uses the byte fallback option which is not implemented in the fast tokenizers. In practice this means that the fast version of the tokenizer can produce unknown tokens whereas the sentencepiece version would have converted these unknown tokens into a sequence of byte tokens matching the original piece of text.
  warnings.warn(
[step 0001/150] method=baseline_cagrad loss=0.6568 train_acc=nan train_loss=nan val_acc=nan val_loss=nan best=-1.0000
[step 0010/150] method=baseline_cagrad loss=0.7042 train_acc=nan train_loss=nan val_acc=nan val_loss=nan best=-1.0000
[step 0020/150] method=baseline_cagrad loss=0.5883 train_acc=nan train_loss=nan val_acc=nan val_loss=nan best=-1.0000
[step 0030/150] method=baseline_cagrad loss=0.5854 train_acc=nan train_loss=nan val_acc=nan val_loss=nan best=-1.0000
[step 0040/150] method=baseline_cagrad loss=0.8209 train_acc=nan train_loss=nan val_acc=nan val_loss=nan best=-1.0000
[step 0050/150] method=baseline_cagrad loss=0.5596 train_acc=0.7269 train_loss=0.5526 val_acc=0.6895 val_loss=0.5921 router_H=0.6888 best=0.6895
           router_load=[0.477875679731369, 0.0, 0.021408796310424805, 0.500715434551239]
[step 0060/150] method=baseline_cagrad loss=0.4213 train_acc=0.7269 train_loss=0.5526 val_acc=0.6895 val_loss=0.5921 router_H=0.6888 best=0.6895
           router_load=[0.477875679731369, 0.0, 0.021408796310424805, 0.500715434551239]
[step 0070/150] method=baseline_cagrad loss=0.7580 train_acc=0.7269 train_loss=0.5526 val_acc=0.6895 val_loss=0.5921 router_H=0.6888 best=0.6895
           router_load=[0.477875679731369, 0.0, 0.021408796310424805, 0.500715434551239]
[step 0080/150] method=baseline_cagrad loss=0.4151 train_acc=0.7269 train_loss=0.5526 val_acc=0.6895 val_loss=0.5921 router_H=0.6888 best=0.6895
           router_load=[0.477875679731369, 0.0, 0.021408796310424805, 0.500715434551239]
[step 0090/150] method=baseline_cagrad loss=0.4426 train_acc=0.7269 train_loss=0.5526 val_acc=0.6895 val_loss=0.5921 router_H=0.6888 best=0.6895
           router_load=[0.477875679731369, 0.0, 0.021408796310424805, 0.500715434551239]
[step 0100/150] method=baseline_cagrad loss=0.6735 train_acc=0.8402 train_loss=0.3713 val_acc=0.7906 val_loss=0.4776 router_H=0.6865 best=0.7906
           router_load=[0.5222970843315125, 0.0, 0.027537310495972633, 0.45016562938690186]
[step 0110/150] method=baseline_cagrad loss=0.4439 train_acc=0.8402 train_loss=0.3713 val_acc=0.7906 val_loss=0.4776 router_H=0.6865 best=0.7906
           router_load=[0.5222970843315125, 0.0, 0.027537310495972633, 0.45016562938690186]
[step 0120/150] method=baseline_cagrad loss=0.4621 train_acc=0.8402 train_loss=0.3713 val_acc=0.7906 val_loss=0.4776 router_H=0.6865 best=0.7906
           router_load=[0.5222970843315125, 0.0, 0.027537310495972633, 0.45016562938690186]
[step 0130/150] method=baseline_cagrad loss=0.4513 train_acc=0.8402 train_loss=0.3713 val_acc=0.7906 val_loss=0.4776 router_H=0.6865 best=0.7906
           router_load=[0.5222970843315125, 0.0, 0.027537310495972633, 0.45016562938690186]
[step 0140/150] method=baseline_cagrad loss=0.3206 train_acc=0.8402 train_loss=0.3713 val_acc=0.7906 val_loss=0.4776 router_H=0.6865 best=0.7906
           router_load=[0.5222970843315125, 0.0, 0.027537310495972633, 0.45016562938690186]
[step 0150/150] method=baseline_cagrad loss=0.2168 train_acc=0.8755 train_loss=0.3036 val_acc=0.7509 val_loss=0.4964 router_H=0.6866 best=0.7906
           router_load=[0.4716980755329132, 0.0, 0.008192247711122036, 0.5201097130775452]
saved summary -> /home/zhujjing/MOE-grad-conflict-routing/runs/paper_suite/single_gpu/single_task/deberta_rte_lora_e4_k2/hpo/cagrad/trial_runs/coord_02_train_weight_decay_004/cagrad_s3.json
saved curve -> /home/zhujjing/MOE-grad-conflict-routing/runs/paper_suite/single_gpu/single_task/deberta_rte_lora_e4_k2/hpo/cagrad/trial_runs/coord_02_train_weight_decay_004/cagrad_s3_curve.csv
