[run] method=cagrad candidate=coord_04_anchor seed=2 steps=200 gpu=0
[run] cmd=
/home/zhujjing/anaconda3/envs/moe/bin/python /home/zhujjing/MOE-grad-conflict-routing/scripts/run.py --config configs/multitask_glue3_rte_mrpc_cola_real.yaml --set model.backbone_backend=hf --set model.hf_load_pretrained=true --set model.hf_local_files_only=true --set model.backbone=roberta --set model.hf_pretrained_name=roberta-base --set model.expert_type=ffn --set model.routing_mode=topk --set model.num_experts=4 --set model.top_k=2 --set train.eval_train_fraction=0.10 --set train.eval_train_max_batches=-1 --set train.eval_max_batches=-1 --set seed=2 --set method.name=baseline_cagrad --set train.steps=200 --set train.eval_every_steps=100 --set method.baseline_cagrad.c=0.4 --set method.baseline_cagrad.inner_lr=0.1 --set train.grad_clip=1.594082469 --set train.lr=2e-05 --set train.weight_decay=0.0003465461751 --out /home/zhujjing/MOE-grad-conflict-routing/runs/paper_suite/single_gpu/multi_task/glue3_roberta_ffn_e4_k2/hpo/cagrad/trial_runs/coord_04_anchor/cagrad_s2.json --curve_out /home/zhujjing/MOE-grad-conflict-routing/runs/paper_suite/single_gpu/multi_task/glue3_roberta_ffn_e4_k2/hpo/cagrad/trial_runs/coord_04_anchor/cagrad_s2_curve.csv
Using the latest cached version of the dataset since glue couldn't be found on the Hugging Face Hub (offline mode is enabled).
Found the latest cached dataset configuration 'rte' at /home/zhujjing/hf_cache/datasets/glue/rte/0.0.0/bcdcba79d07bc864c1c254ccfcedcce55bcc9a8c (last modified on Thu Mar 19 15:00:36 2026).
/home/zhujjing/anaconda3/envs/moe/lib/python3.10/site-packages/transformers/utils/hub.py:124: FutureWarning: Using `TRANSFORMERS_CACHE` is deprecated and will be removed in v5 of Transformers. Use `HF_HOME` instead.
  warnings.warn(
Using the latest cached version of the dataset since glue couldn't be found on the Hugging Face Hub (offline mode is enabled).
Found the latest cached dataset configuration 'mrpc' at /home/zhujjing/hf_cache/datasets/glue/mrpc/0.0.0/bcdcba79d07bc864c1c254ccfcedcce55bcc9a8c (last modified on Thu Mar 19 15:01:06 2026).
Using the latest cached version of the dataset since glue couldn't be found on the Hugging Face Hub (offline mode is enabled).
Found the latest cached dataset configuration 'cola' at /home/zhujjing/hf_cache/datasets/glue/cola/0.0.0/bcdcba79d07bc864c1c254ccfcedcce55bcc9a8c (last modified on Thu Mar 19 15:02:09 2026).
Some weights of RobertaModel were not initialized from the model checkpoint at roberta-base and are newly initialized: ['roberta.pooler.dense.bias', 'roberta.pooler.dense.weight']
You should probably TRAIN this model on a down-stream task to be able to use it for predictions and inference.
[step 0001/200] method=baseline_cagrad loss=0.6912 train_acc=nan train_loss=nan val_acc=nan val_loss=nan best=-1.0000
[step 0010/200] method=baseline_cagrad loss=0.6232 train_acc=nan train_loss=nan val_acc=nan val_loss=nan best=-1.0000
[step 0020/200] method=baseline_cagrad loss=0.6538 train_acc=nan train_loss=nan val_acc=nan val_loss=nan best=-1.0000
[step 0030/200] method=baseline_cagrad loss=0.6409 train_acc=nan train_loss=nan val_acc=nan val_loss=nan best=-1.0000
[step 0040/200] method=baseline_cagrad loss=0.8541 train_acc=nan train_loss=nan val_acc=nan val_loss=nan best=-1.0000
[step 0050/200] method=baseline_cagrad loss=0.6410 train_acc=nan train_loss=nan val_acc=nan val_loss=nan best=-1.0000
[step 0060/200] method=baseline_cagrad loss=0.6129 train_acc=nan train_loss=nan val_acc=nan val_loss=nan best=-1.0000
[step 0070/200] method=baseline_cagrad loss=0.5683 train_acc=nan train_loss=nan val_acc=nan val_loss=nan best=-1.0000
[step 0080/200] method=baseline_cagrad loss=0.5813 train_acc=nan train_loss=nan val_acc=nan val_loss=nan best=-1.0000
[step 0090/200] method=baseline_cagrad loss=0.6150 train_acc=nan train_loss=nan val_acc=nan val_loss=nan best=-1.0000
[step 0100/200] method=baseline_cagrad loss=0.5063 train_acc=0.6586 train_loss=0.5686 val_acc=0.6516 val_loss=0.5765 router_H=0.6199 best=0.6516
           router_load=[0.011157835833728313, 0.003221415914595127, 0.6528399586677551, 0.3327806890010834]
[step 0110/200] method=baseline_cagrad loss=0.5465 train_acc=0.6586 train_loss=0.5686 val_acc=0.6516 val_loss=0.5765 router_H=0.6199 best=0.6516
           router_load=[0.011157835833728313, 0.003221415914595127, 0.6528399586677551, 0.3327806890010834]
[step 0120/200] method=baseline_cagrad loss=0.5027 train_acc=0.6586 train_loss=0.5686 val_acc=0.6516 val_loss=0.5765 router_H=0.6199 best=0.6516
           router_load=[0.011157835833728313, 0.003221415914595127, 0.6528399586677551, 0.3327806890010834]
[step 0130/200] method=baseline_cagrad loss=0.5671 train_acc=0.6586 train_loss=0.5686 val_acc=0.6516 val_loss=0.5765 router_H=0.6199 best=0.6516
           router_load=[0.011157835833728313, 0.003221415914595127, 0.6528399586677551, 0.3327806890010834]
[step 0140/200] method=baseline_cagrad loss=0.6328 train_acc=0.6586 train_loss=0.5686 val_acc=0.6516 val_loss=0.5765 router_H=0.6199 best=0.6516
           router_load=[0.011157835833728313, 0.003221415914595127, 0.6528399586677551, 0.3327806890010834]
[step 0150/200] method=baseline_cagrad loss=0.4898 train_acc=0.6586 train_loss=0.5686 val_acc=0.6516 val_loss=0.5765 router_H=0.6199 best=0.6516
           router_load=[0.011157835833728313, 0.003221415914595127, 0.6528399586677551, 0.3327806890010834]
[step 0160/200] method=baseline_cagrad loss=0.6127 train_acc=0.6586 train_loss=0.5686 val_acc=0.6516 val_loss=0.5765 router_H=0.6199 best=0.6516
           router_load=[0.011157835833728313, 0.003221415914595127, 0.6528399586677551, 0.3327806890010834]
[step 0170/200] method=baseline_cagrad loss=0.6092 train_acc=0.6586 train_loss=0.5686 val_acc=0.6516 val_loss=0.5765 router_H=0.6199 best=0.6516
           router_load=[0.011157835833728313, 0.003221415914595127, 0.6528399586677551, 0.3327806890010834]
[step 0180/200] method=baseline_cagrad loss=0.7646 train_acc=0.6586 train_loss=0.5686 val_acc=0.6516 val_loss=0.5765 router_H=0.6199 best=0.6516
           router_load=[0.011157835833728313, 0.003221415914595127, 0.6528399586677551, 0.3327806890010834]
[step 0190/200] method=baseline_cagrad loss=0.4869 train_acc=0.6586 train_loss=0.5686 val_acc=0.6516 val_loss=0.5765 router_H=0.6199 best=0.6516
           router_load=[0.011157835833728313, 0.003221415914595127, 0.6528399586677551, 0.3327806890010834]
[step 0200/200] method=baseline_cagrad loss=0.5622 train_acc=0.7400 train_loss=0.5284 val_acc=0.7023 val_loss=0.5418 router_H=0.6012 best=0.7023
           router_load=[0.08660151064395905, 0.00011268319940427318, 0.6853919625282288, 0.22789379954338074]
saved summary -> /home/zhujjing/MOE-grad-conflict-routing/runs/paper_suite/single_gpu/multi_task/glue3_roberta_ffn_e4_k2/hpo/cagrad/trial_runs/coord_04_anchor/cagrad_s2.json
saved curve -> /home/zhujjing/MOE-grad-conflict-routing/runs/paper_suite/single_gpu/multi_task/glue3_roberta_ffn_e4_k2/hpo/cagrad/trial_runs/coord_04_anchor/cagrad_s2_curve.csv
