[run] method=ours candidate=local_var_topk_003 seed=2 steps=1000 gpu=0
[run] cmd=
/home/zhujjing/anaconda3/envs/moe/bin/python /home/zhujjing/MOE-grad-conflict-routing/scripts/run.py --config configs/multitask_glue3_rte_mrpc_cola_real.yaml --set model.backbone_backend=hf --set model.hf_load_pretrained=true --set model.hf_local_files_only=true --set model.backbone=gpt2 --set model.hf_pretrained_name=gpt2-medium --set model.expert_type=lora --set model.routing_mode=topk --set model.num_experts=4 --set model.top_k=2 --set train.eval_train_fraction=0.10 --set train.eval_train_max_batches=-1 --set train.eval_max_batches=-1 --set seed=2 --set method.name=ours --set train.steps=1000 --set train.eval_every_steps=100 --set method.ours.use_load_norm=true --set method.ours.lambda_align=2.430985345e-05 --set train.grad_clip=0.8089774084 --set train.lr=2.1166733e-05 --set train.weight_decay=0.01 --out /home/zhujjing/MOE-grad-conflict-routing/runs/paper_suite/single_gpu/multi_task/glue3_gpt2_lora_e4_k2/final/ours_s2.json --curve_out /home/zhujjing/MOE-grad-conflict-routing/runs/paper_suite/single_gpu/multi_task/glue3_gpt2_lora_e4_k2/final/ours_s2_curve.csv
Using the latest cached version of the dataset since glue couldn't be found on the Hugging Face Hub (offline mode is enabled).
Found the latest cached dataset configuration 'rte' at /home/zhujjing/hf_cache/datasets/glue/rte/0.0.0/bcdcba79d07bc864c1c254ccfcedcce55bcc9a8c (last modified on Thu Mar 19 15:00:36 2026).
/home/zhujjing/anaconda3/envs/moe/lib/python3.10/site-packages/transformers/utils/hub.py:124: FutureWarning: Using `TRANSFORMERS_CACHE` is deprecated and will be removed in v5 of Transformers. Use `HF_HOME` instead.
  warnings.warn(
Using the latest cached version of the dataset since glue couldn't be found on the Hugging Face Hub (offline mode is enabled).
Found the latest cached dataset configuration 'mrpc' at /home/zhujjing/hf_cache/datasets/glue/mrpc/0.0.0/bcdcba79d07bc864c1c254ccfcedcce55bcc9a8c (last modified on Thu Mar 19 15:01:06 2026).
Using the latest cached version of the dataset since glue couldn't be found on the Hugging Face Hub (offline mode is enabled).
Found the latest cached dataset configuration 'cola' at /home/zhujjing/hf_cache/datasets/glue/cola/0.0.0/bcdcba79d07bc864c1c254ccfcedcce55bcc9a8c (last modified on Thu Mar 19 15:02:09 2026).
[step 0001/1000] method=ours loss=5.6900 train_acc=nan train_loss=nan val_acc=nan val_loss=nan best=-1.0000
[step 0010/1000] method=ours loss=0.8701 train_acc=nan train_loss=nan val_acc=nan val_loss=nan best=-1.0000
[step 0020/1000] method=ours loss=0.7869 train_acc=nan train_loss=nan val_acc=nan val_loss=nan best=-1.0000
[step 0030/1000] method=ours loss=0.8725 train_acc=nan train_loss=nan val_acc=nan val_loss=nan best=-1.0000
[step 0040/1000] method=ours loss=1.3145 train_acc=nan train_loss=nan val_acc=nan val_loss=nan best=-1.0000
[step 0050/1000] method=ours loss=0.8539 train_acc=nan train_loss=nan val_acc=nan val_loss=nan best=-1.0000
[step 0060/1000] method=ours loss=0.7666 train_acc=nan train_loss=nan val_acc=nan val_loss=nan best=-1.0000
[step 0070/1000] method=ours loss=0.5659 train_acc=nan train_loss=nan val_acc=nan val_loss=nan best=-1.0000
[step 0080/1000] method=ours loss=0.6960 train_acc=nan train_loss=nan val_acc=nan val_loss=nan best=-1.0000
[step 0090/1000] method=ours loss=0.7520 train_acc=nan train_loss=nan val_acc=nan val_loss=nan best=-1.0000
[step 0100/1000] method=ours loss=0.8278 train_acc=0.5771 train_loss=0.6867 val_acc=0.5770 val_loss=0.6917 router_H=0.6752 best=0.5770
           router_load=[0.42012733221054077, 0.23956452310085297, 0.33881285786628723, 0.001495390199124813]
[step 0110/1000] method=ours loss=0.6617 train_acc=0.5771 train_loss=0.6867 val_acc=0.5770 val_loss=0.6917 router_H=0.6752 best=0.5770
           router_load=[0.42012733221054077, 0.23956452310085297, 0.33881285786628723, 0.001495390199124813]
[step 0120/1000] method=ours loss=0.5479 train_acc=0.5771 train_loss=0.6867 val_acc=0.5770 val_loss=0.6917 router_H=0.6752 best=0.5770
           router_load=[0.42012733221054077, 0.23956452310085297, 0.33881285786628723, 0.001495390199124813]
[step 0130/1000] method=ours loss=0.5602 train_acc=0.5771 train_loss=0.6867 val_acc=0.5770 val_loss=0.6917 router_H=0.6752 best=0.5770
           router_load=[0.42012733221054077, 0.23956452310085297, 0.33881285786628723, 0.001495390199124813]
[step 0140/1000] method=ours loss=0.5601 train_acc=0.5771 train_loss=0.6867 val_acc=0.5770 val_loss=0.6917 router_H=0.6752 best=0.5770
           router_load=[0.42012733221054077, 0.23956452310085297, 0.33881285786628723, 0.001495390199124813]
[step 0150/1000] method=ours loss=0.6533 train_acc=0.5771 train_loss=0.6867 val_acc=0.5770 val_loss=0.6917 router_H=0.6752 best=0.5770
           router_load=[0.42012733221054077, 0.23956452310085297, 0.33881285786628723, 0.001495390199124813]
[step 0160/1000] method=ours loss=0.7108 train_acc=0.5771 train_loss=0.6867 val_acc=0.5770 val_loss=0.6917 router_H=0.6752 best=0.5770
           router_load=[0.42012733221054077, 0.23956452310085297, 0.33881285786628723, 0.001495390199124813]
[step 0170/1000] method=ours loss=0.6958 train_acc=0.5771 train_loss=0.6867 val_acc=0.5770 val_loss=0.6917 router_H=0.6752 best=0.5770
           router_load=[0.42012733221054077, 0.23956452310085297, 0.33881285786628723, 0.001495390199124813]
[step 0180/1000] method=ours loss=0.5458 train_acc=0.5771 train_loss=0.6867 val_acc=0.5770 val_loss=0.6917 router_H=0.6752 best=0.5770
           router_load=[0.42012733221054077, 0.23956452310085297, 0.33881285786628723, 0.001495390199124813]
[step 0190/1000] method=ours loss=0.5568 train_acc=0.5771 train_loss=0.6867 val_acc=0.5770 val_loss=0.6917 router_H=0.6752 best=0.5770
           router_load=[0.42012733221054077, 0.23956452310085297, 0.33881285786628723, 0.001495390199124813]
[step 0200/1000] method=ours loss=0.5399 train_acc=0.6916 train_loss=0.5622 val_acc=0.6577 val_loss=0.5923 router_H=0.6772 best=0.6577
           router_load=[0.5169811248779297, 0.20173345506191254, 0.2806050777435303, 0.0006803351570852101]
[step 0210/1000] method=ours loss=0.6993 train_acc=0.6916 train_loss=0.5622 val_acc=0.6577 val_loss=0.5923 router_H=0.6772 best=0.6577
           router_load=[0.5169811248779297, 0.20173345506191254, 0.2806050777435303, 0.0006803351570852101]
[step 0220/1000] method=ours loss=0.7076 train_acc=0.6916 train_loss=0.5622 val_acc=0.6577 val_loss=0.5923 router_H=0.6772 best=0.6577
           router_load=[0.5169811248779297, 0.20173345506191254, 0.2806050777435303, 0.0006803351570852101]
[step 0230/1000] method=ours loss=0.4899 train_acc=0.6916 train_loss=0.5622 val_acc=0.6577 val_loss=0.5923 router_H=0.6772 best=0.6577
           router_load=[0.5169811248779297, 0.20173345506191254, 0.2806050777435303, 0.0006803351570852101]
[step 0240/1000] method=ours loss=0.6607 train_acc=0.6916 train_loss=0.5622 val_acc=0.6577 val_loss=0.5923 router_H=0.6772 best=0.6577
           router_load=[0.5169811248779297, 0.20173345506191254, 0.2806050777435303, 0.0006803351570852101]
[step 0250/1000] method=ours loss=0.5554 train_acc=0.6916 train_loss=0.5622 val_acc=0.6577 val_loss=0.5923 router_H=0.6772 best=0.6577
           router_load=[0.5169811248779297, 0.20173345506191254, 0.2806050777435303, 0.0006803351570852101]
[step 0260/1000] method=ours loss=0.4954 train_acc=0.6916 train_loss=0.5622 val_acc=0.6577 val_loss=0.5923 router_H=0.6772 best=0.6577
           router_load=[0.5169811248779297, 0.20173345506191254, 0.2806050777435303, 0.0006803351570852101]
[step 0270/1000] method=ours loss=0.5610 train_acc=0.6916 train_loss=0.5622 val_acc=0.6577 val_loss=0.5923 router_H=0.6772 best=0.6577
           router_load=[0.5169811248779297, 0.20173345506191254, 0.2806050777435303, 0.0006803351570852101]
[step 0280/1000] method=ours loss=0.5947 train_acc=0.6916 train_loss=0.5622 val_acc=0.6577 val_loss=0.5923 router_H=0.6772 best=0.6577
           router_load=[0.5169811248779297, 0.20173345506191254, 0.2806050777435303, 0.0006803351570852101]
[step 0290/1000] method=ours loss=0.4544 train_acc=0.6916 train_loss=0.5622 val_acc=0.6577 val_loss=0.5923 router_H=0.6772 best=0.6577
           router_load=[0.5169811248779297, 0.20173345506191254, 0.2806050777435303, 0.0006803351570852101]
[step 0300/1000] method=ours loss=0.6025 train_acc=0.7745 train_loss=0.4950 val_acc=0.7154 val_loss=0.5584 router_H=0.6738 best=0.7154
           router_load=[0.3950401246547699, 0.3501342535018921, 0.2535027265548706, 0.0013230310287326574]
[step 0310/1000] method=ours loss=0.5066 train_acc=0.7745 train_loss=0.4950 val_acc=0.7154 val_loss=0.5584 router_H=0.6738 best=0.7154
           router_load=[0.3950401246547699, 0.3501342535018921, 0.2535027265548706, 0.0013230310287326574]
[step 0320/1000] method=ours loss=0.4573 train_acc=0.7745 train_loss=0.4950 val_acc=0.7154 val_loss=0.5584 router_H=0.6738 best=0.7154
           router_load=[0.3950401246547699, 0.3501342535018921, 0.2535027265548706, 0.0013230310287326574]
[step 0330/1000] method=ours loss=0.6631 train_acc=0.7745 train_loss=0.4950 val_acc=0.7154 val_loss=0.5584 router_H=0.6738 best=0.7154
           router_load=[0.3950401246547699, 0.3501342535018921, 0.2535027265548706, 0.0013230310287326574]
[step 0340/1000] method=ours loss=0.5984 train_acc=0.7745 train_loss=0.4950 val_acc=0.7154 val_loss=0.5584 router_H=0.6738 best=0.7154
           router_load=[0.3950401246547699, 0.3501342535018921, 0.2535027265548706, 0.0013230310287326574]
[step 0350/1000] method=ours loss=0.6208 train_acc=0.7745 train_loss=0.4950 val_acc=0.7154 val_loss=0.5584 router_H=0.6738 best=0.7154
           router_load=[0.3950401246547699, 0.3501342535018921, 0.2535027265548706, 0.0013230310287326574]
[step 0360/1000] method=ours loss=0.4907 train_acc=0.7745 train_loss=0.4950 val_acc=0.7154 val_loss=0.5584 router_H=0.6738 best=0.7154
           router_load=[0.3950401246547699, 0.3501342535018921, 0.2535027265548706, 0.0013230310287326574]
[step 0370/1000] method=ours loss=0.6075 train_acc=0.7745 train_loss=0.4950 val_acc=0.7154 val_loss=0.5584 router_H=0.6738 best=0.7154
           router_load=[0.3950401246547699, 0.3501342535018921, 0.2535027265548706, 0.0013230310287326574]
[step 0380/1000] method=ours loss=0.4154 train_acc=0.7745 train_loss=0.4950 val_acc=0.7154 val_loss=0.5584 router_H=0.6738 best=0.7154
           router_load=[0.3950401246547699, 0.3501342535018921, 0.2535027265548706, 0.0013230310287326574]
[step 0390/1000] method=ours loss=0.3700 train_acc=0.7745 train_loss=0.4950 val_acc=0.7154 val_loss=0.5584 router_H=0.6738 best=0.7154
           router_load=[0.3950401246547699, 0.3501342535018921, 0.2535027265548706, 0.0013230310287326574]
[step 0400/1000] method=ours loss=0.6259 train_acc=0.7354 train_loss=0.5017 val_acc=0.7077 val_loss=0.5657 router_H=0.6450 best=0.7154
           router_load=[0.31279540061950684, 0.48695072531700134, 0.1911303848028183, 0.009123534895479679]
[step 0410/1000] method=ours loss=0.5805 train_acc=0.7354 train_loss=0.5017 val_acc=0.7077 val_loss=0.5657 router_H=0.6450 best=0.7154
           router_load=[0.31279540061950684, 0.48695072531700134, 0.1911303848028183, 0.009123534895479679]
[step 0420/1000] method=ours loss=0.5637 train_acc=0.7354 train_loss=0.5017 val_acc=0.7077 val_loss=0.5657 router_H=0.6450 best=0.7154
           router_load=[0.31279540061950684, 0.48695072531700134, 0.1911303848028183, 0.009123534895479679]
[step 0430/1000] method=ours loss=0.5719 train_acc=0.7354 train_loss=0.5017 val_acc=0.7077 val_loss=0.5657 router_H=0.6450 best=0.7154
           router_load=[0.31279540061950684, 0.48695072531700134, 0.1911303848028183, 0.009123534895479679]
[step 0440/1000] method=ours loss=0.5077 train_acc=0.7354 train_loss=0.5017 val_acc=0.7077 val_loss=0.5657 router_H=0.6450 best=0.7154
           router_load=[0.31279540061950684, 0.48695072531700134, 0.1911303848028183, 0.009123534895479679]
[step 0450/1000] method=ours loss=0.4190 train_acc=0.7354 train_loss=0.5017 val_acc=0.7077 val_loss=0.5657 router_H=0.6450 best=0.7154
           router_load=[0.31279540061950684, 0.48695072531700134, 0.1911303848028183, 0.009123534895479679]
[step 0460/1000] method=ours loss=0.6998 train_acc=0.7354 train_loss=0.5017 val_acc=0.7077 val_loss=0.5657 router_H=0.6450 best=0.7154
           router_load=[0.31279540061950684, 0.48695072531700134, 0.1911303848028183, 0.009123534895479679]
[step 0470/1000] method=ours loss=0.5757 train_acc=0.7354 train_loss=0.5017 val_acc=0.7077 val_loss=0.5657 router_H=0.6450 best=0.7154
           router_load=[0.31279540061950684, 0.48695072531700134, 0.1911303848028183, 0.009123534895479679]
[step 0480/1000] method=ours loss=0.5344 train_acc=0.7354 train_loss=0.5017 val_acc=0.7077 val_loss=0.5657 router_H=0.6450 best=0.7154
           router_load=[0.31279540061950684, 0.48695072531700134, 0.1911303848028183, 0.009123534895479679]
[step 0490/1000] method=ours loss=0.4708 train_acc=0.7354 train_loss=0.5017 val_acc=0.7077 val_loss=0.5657 router_H=0.6450 best=0.7154
           router_load=[0.31279540061950684, 0.48695072531700134, 0.1911303848028183, 0.009123534895479679]
[step 0500/1000] method=ours loss=0.6542 train_acc=0.7739 train_loss=0.4947 val_acc=0.7273 val_loss=0.5938 router_H=0.6664 best=0.7273
           router_load=[0.42628467082977295, 0.2492821365594864, 0.3239957094192505, 0.0004374851123429835]
[step 0510/1000] method=ours loss=0.5585 train_acc=0.7739 train_loss=0.4947 val_acc=0.7273 val_loss=0.5938 router_H=0.6664 best=0.7273
           router_load=[0.42628467082977295, 0.2492821365594864, 0.3239957094192505, 0.0004374851123429835]
[step 0520/1000] method=ours loss=0.5262 train_acc=0.7739 train_loss=0.4947 val_acc=0.7273 val_loss=0.5938 router_H=0.6664 best=0.7273
           router_load=[0.42628467082977295, 0.2492821365594864, 0.3239957094192505, 0.0004374851123429835]
[step 0530/1000] method=ours loss=0.4380 train_acc=0.7739 train_loss=0.4947 val_acc=0.7273 val_loss=0.5938 router_H=0.6664 best=0.7273
           router_load=[0.42628467082977295, 0.2492821365594864, 0.3239957094192505, 0.0004374851123429835]
[step 0540/1000] method=ours loss=0.5550 train_acc=0.7739 train_loss=0.4947 val_acc=0.7273 val_loss=0.5938 router_H=0.6664 best=0.7273
           router_load=[0.42628467082977295, 0.2492821365594864, 0.3239957094192505, 0.0004374851123429835]
[step 0550/1000] method=ours loss=0.7020 train_acc=0.7739 train_loss=0.4947 val_acc=0.7273 val_loss=0.5938 router_H=0.6664 best=0.7273
           router_load=[0.42628467082977295, 0.2492821365594864, 0.3239957094192505, 0.0004374851123429835]
[step 0560/1000] method=ours loss=0.3997 train_acc=0.7739 train_loss=0.4947 val_acc=0.7273 val_loss=0.5938 router_H=0.6664 best=0.7273
           router_load=[0.42628467082977295, 0.2492821365594864, 0.3239957094192505, 0.0004374851123429835]
[step 0570/1000] method=ours loss=0.7130 train_acc=0.7739 train_loss=0.4947 val_acc=0.7273 val_loss=0.5938 router_H=0.6664 best=0.7273
           router_load=[0.42628467082977295, 0.2492821365594864, 0.3239957094192505, 0.0004374851123429835]
[step 0580/1000] method=ours loss=0.5092 train_acc=0.7739 train_loss=0.4947 val_acc=0.7273 val_loss=0.5938 router_H=0.6664 best=0.7273
           router_load=[0.42628467082977295, 0.2492821365594864, 0.3239957094192505, 0.0004374851123429835]
[step 0590/1000] method=ours loss=0.5051 train_acc=0.7739 train_loss=0.4947 val_acc=0.7273 val_loss=0.5938 router_H=0.6664 best=0.7273
           router_load=[0.42628467082977295, 0.2492821365594864, 0.3239957094192505, 0.0004374851123429835]
[step 0600/1000] method=ours loss=0.6944 train_acc=0.8140 train_loss=0.4038 val_acc=0.7335 val_loss=0.5412 router_H=0.6709 best=0.7335
           router_load=[0.40591350197792053, 0.1409088522195816, 0.45300137996673584, 0.00017625809414312243]
[step 0610/1000] method=ours loss=0.4673 train_acc=0.8140 train_loss=0.4038 val_acc=0.7335 val_loss=0.5412 router_H=0.6709 best=0.7335
           router_load=[0.40591350197792053, 0.1409088522195816, 0.45300137996673584, 0.00017625809414312243]
[step 0620/1000] method=ours loss=0.3263 train_acc=0.8140 train_loss=0.4038 val_acc=0.7335 val_loss=0.5412 router_H=0.6709 best=0.7335
           router_load=[0.40591350197792053, 0.1409088522195816, 0.45300137996673584, 0.00017625809414312243]
[step 0630/1000] method=ours loss=0.6044 train_acc=0.8140 train_loss=0.4038 val_acc=0.7335 val_loss=0.5412 router_H=0.6709 best=0.7335
           router_load=[0.40591350197792053, 0.1409088522195816, 0.45300137996673584, 0.00017625809414312243]
[step 0640/1000] method=ours loss=0.3173 train_acc=0.8140 train_loss=0.4038 val_acc=0.7335 val_loss=0.5412 router_H=0.6709 best=0.7335
           router_load=[0.40591350197792053, 0.1409088522195816, 0.45300137996673584, 0.00017625809414312243]
[step 0650/1000] method=ours loss=0.5642 train_acc=0.8140 train_loss=0.4038 val_acc=0.7335 val_loss=0.5412 router_H=0.6709 best=0.7335
           router_load=[0.40591350197792053, 0.1409088522195816, 0.45300137996673584, 0.00017625809414312243]
[step 0660/1000] method=ours loss=0.4254 train_acc=0.8140 train_loss=0.4038 val_acc=0.7335 val_loss=0.5412 router_H=0.6709 best=0.7335
           router_load=[0.40591350197792053, 0.1409088522195816, 0.45300137996673584, 0.00017625809414312243]
[step 0670/1000] method=ours loss=0.3019 train_acc=0.8140 train_loss=0.4038 val_acc=0.7335 val_loss=0.5412 router_H=0.6709 best=0.7335
           router_load=[0.40591350197792053, 0.1409088522195816, 0.45300137996673584, 0.00017625809414312243]
[step 0680/1000] method=ours loss=0.7983 train_acc=0.8140 train_loss=0.4038 val_acc=0.7335 val_loss=0.5412 router_H=0.6709 best=0.7335
           router_load=[0.40591350197792053, 0.1409088522195816, 0.45300137996673584, 0.00017625809414312243]
[step 0690/1000] method=ours loss=0.5004 train_acc=0.8140 train_loss=0.4038 val_acc=0.7335 val_loss=0.5412 router_H=0.6709 best=0.7335
           router_load=[0.40591350197792053, 0.1409088522195816, 0.45300137996673584, 0.00017625809414312243]
[step 0700/1000] method=ours loss=0.3737 train_acc=0.8501 train_loss=0.3620 val_acc=0.7412 val_loss=0.5356 router_H=0.6707 best=0.7412
           router_load=[0.39850181341171265, 0.255049467086792, 0.34578725695610046, 0.0006612659781239927]
[step 0710/1000] method=ours loss=0.5091 train_acc=0.8501 train_loss=0.3620 val_acc=0.7412 val_loss=0.5356 router_H=0.6707 best=0.7412
           router_load=[0.39850181341171265, 0.255049467086792, 0.34578725695610046, 0.0006612659781239927]
[step 0720/1000] method=ours loss=0.5632 train_acc=0.8501 train_loss=0.3620 val_acc=0.7412 val_loss=0.5356 router_H=0.6707 best=0.7412
           router_load=[0.39850181341171265, 0.255049467086792, 0.34578725695610046, 0.0006612659781239927]
[step 0730/1000] method=ours loss=0.2980 train_acc=0.8501 train_loss=0.3620 val_acc=0.7412 val_loss=0.5356 router_H=0.6707 best=0.7412
           router_load=[0.39850181341171265, 0.255049467086792, 0.34578725695610046, 0.0006612659781239927]
[step 0740/1000] method=ours loss=0.2831 train_acc=0.8501 train_loss=0.3620 val_acc=0.7412 val_loss=0.5356 router_H=0.6707 best=0.7412
           router_load=[0.39850181341171265, 0.255049467086792, 0.34578725695610046, 0.0006612659781239927]
[step 0750/1000] method=ours loss=0.5256 train_acc=0.8501 train_loss=0.3620 val_acc=0.7412 val_loss=0.5356 router_H=0.6707 best=0.7412
           router_load=[0.39850181341171265, 0.255049467086792, 0.34578725695610046, 0.0006612659781239927]
[step 0760/1000] method=ours loss=0.4222 train_acc=0.8501 train_loss=0.3620 val_acc=0.7412 val_loss=0.5356 router_H=0.6707 best=0.7412
           router_load=[0.39850181341171265, 0.255049467086792, 0.34578725695610046, 0.0006612659781239927]
[step 0770/1000] method=ours loss=0.5385 train_acc=0.8501 train_loss=0.3620 val_acc=0.7412 val_loss=0.5356 router_H=0.6707 best=0.7412
           router_load=[0.39850181341171265, 0.255049467086792, 0.34578725695610046, 0.0006612659781239927]
[step 0780/1000] method=ours loss=0.4069 train_acc=0.8501 train_loss=0.3620 val_acc=0.7412 val_loss=0.5356 router_H=0.6707 best=0.7412
           router_load=[0.39850181341171265, 0.255049467086792, 0.34578725695610046, 0.0006612659781239927]
[step 0790/1000] method=ours loss=0.5567 train_acc=0.8501 train_loss=0.3620 val_acc=0.7412 val_loss=0.5356 router_H=0.6707 best=0.7412
           router_load=[0.39850181341171265, 0.255049467086792, 0.34578725695610046, 0.0006612659781239927]
[step 0800/1000] method=ours loss=0.8183 train_acc=0.8706 train_loss=0.3147 val_acc=0.7492 val_loss=0.5442 router_H=0.6618 best=0.7492
           router_load=[0.4191463589668274, 0.14268873631954193, 0.43734773993492126, 0.0008171004592441022]
[step 0810/1000] method=ours loss=0.2777 train_acc=0.8706 train_loss=0.3147 val_acc=0.7492 val_loss=0.5442 router_H=0.6618 best=0.7492
           router_load=[0.4191463589668274, 0.14268873631954193, 0.43734773993492126, 0.0008171004592441022]
[step 0820/1000] method=ours loss=0.3767 train_acc=0.8706 train_loss=0.3147 val_acc=0.7492 val_loss=0.5442 router_H=0.6618 best=0.7492
           router_load=[0.4191463589668274, 0.14268873631954193, 0.43734773993492126, 0.0008171004592441022]
[step 0830/1000] method=ours loss=0.4061 train_acc=0.8706 train_loss=0.3147 val_acc=0.7492 val_loss=0.5442 router_H=0.6618 best=0.7492
           router_load=[0.4191463589668274, 0.14268873631954193, 0.43734773993492126, 0.0008171004592441022]
[step 0840/1000] method=ours loss=0.7469 train_acc=0.8706 train_loss=0.3147 val_acc=0.7492 val_loss=0.5442 router_H=0.6618 best=0.7492
           router_load=[0.4191463589668274, 0.14268873631954193, 0.43734773993492126, 0.0008171004592441022]
[step 0850/1000] method=ours loss=0.5553 train_acc=0.8706 train_loss=0.3147 val_acc=0.7492 val_loss=0.5442 router_H=0.6618 best=0.7492
           router_load=[0.4191463589668274, 0.14268873631954193, 0.43734773993492126, 0.0008171004592441022]
[step 0860/1000] method=ours loss=0.5286 train_acc=0.8706 train_loss=0.3147 val_acc=0.7492 val_loss=0.5442 router_H=0.6618 best=0.7492
           router_load=[0.4191463589668274, 0.14268873631954193, 0.43734773993492126, 0.0008171004592441022]
[step 0870/1000] method=ours loss=0.4455 train_acc=0.8706 train_loss=0.3147 val_acc=0.7492 val_loss=0.5442 router_H=0.6618 best=0.7492
           router_load=[0.4191463589668274, 0.14268873631954193, 0.43734773993492126, 0.0008171004592441022]
[step 0880/1000] method=ours loss=0.5808 train_acc=0.8706 train_loss=0.3147 val_acc=0.7492 val_loss=0.5442 router_H=0.6618 best=0.7492
           router_load=[0.4191463589668274, 0.14268873631954193, 0.43734773993492126, 0.0008171004592441022]
[step 0890/1000] method=ours loss=0.6183 train_acc=0.8706 train_loss=0.3147 val_acc=0.7492 val_loss=0.5442 router_H=0.6618 best=0.7492
           router_load=[0.4191463589668274, 0.14268873631954193, 0.43734773993492126, 0.0008171004592441022]
[step 0900/1000] method=ours loss=0.4057 train_acc=0.8880 train_loss=0.2947 val_acc=0.7554 val_loss=0.5111 router_H=0.6722 best=0.7554
           router_load=[0.46515098214149475, 0.11104848980903625, 0.4226114749908447, 0.0011889708694070578]
[step 0910/1000] method=ours loss=0.5450 train_acc=0.8880 train_loss=0.2947 val_acc=0.7554 val_loss=0.5111 router_H=0.6722 best=0.7554
           router_load=[0.46515098214149475, 0.11104848980903625, 0.4226114749908447, 0.0011889708694070578]
[step 0920/1000] method=ours loss=0.7467 train_acc=0.8880 train_loss=0.2947 val_acc=0.7554 val_loss=0.5111 router_H=0.6722 best=0.7554
           router_load=[0.46515098214149475, 0.11104848980903625, 0.4226114749908447, 0.0011889708694070578]
[step 0930/1000] method=ours loss=0.3306 train_acc=0.8880 train_loss=0.2947 val_acc=0.7554 val_loss=0.5111 router_H=0.6722 best=0.7554
           router_load=[0.46515098214149475, 0.11104848980903625, 0.4226114749908447, 0.0011889708694070578]
[step 0940/1000] method=ours loss=0.5336 train_acc=0.8880 train_loss=0.2947 val_acc=0.7554 val_loss=0.5111 router_H=0.6722 best=0.7554
           router_load=[0.46515098214149475, 0.11104848980903625, 0.4226114749908447, 0.0011889708694070578]
[step 0950/1000] method=ours loss=0.3985 train_acc=0.8880 train_loss=0.2947 val_acc=0.7554 val_loss=0.5111 router_H=0.6722 best=0.7554
           router_load=[0.46515098214149475, 0.11104848980903625, 0.4226114749908447, 0.0011889708694070578]
[step 0960/1000] method=ours loss=0.2280 train_acc=0.8880 train_loss=0.2947 val_acc=0.7554 val_loss=0.5111 router_H=0.6722 best=0.7554
           router_load=[0.46515098214149475, 0.11104848980903625, 0.4226114749908447, 0.0011889708694070578]
[step 0970/1000] method=ours loss=0.2869 train_acc=0.8880 train_loss=0.2947 val_acc=0.7554 val_loss=0.5111 router_H=0.6722 best=0.7554
           router_load=[0.46515098214149475, 0.11104848980903625, 0.4226114749908447, 0.0011889708694070578]
[step 0980/1000] method=ours loss=0.4526 train_acc=0.8880 train_loss=0.2947 val_acc=0.7554 val_loss=0.5111 router_H=0.6722 best=0.7554
           router_load=[0.46515098214149475, 0.11104848980903625, 0.4226114749908447, 0.0011889708694070578]
[step 0990/1000] method=ours loss=0.2839 train_acc=0.8880 train_loss=0.2947 val_acc=0.7554 val_loss=0.5111 router_H=0.6722 best=0.7554
           router_load=[0.46515098214149475, 0.11104848980903625, 0.4226114749908447, 0.0011889708694070578]
[step 1000/1000] method=ours loss=0.1964 train_acc=0.8956 train_loss=0.2676 val_acc=0.7512 val_loss=0.6967 router_H=0.6339 best=0.7554
           router_load=[0.3473825454711914, 0.3598398268222809, 0.28383323550224304, 0.008944220840930939]
saved summary -> /home/zhujjing/MOE-grad-conflict-routing/runs/paper_suite/single_gpu/multi_task/glue3_gpt2_lora_e4_k2/final/ours_s2.json
saved curve -> /home/zhujjing/MOE-grad-conflict-routing/runs/paper_suite/single_gpu/multi_task/glue3_gpt2_lora_e4_k2/final/ours_s2_curve.csv
