[run] method=ours candidate=local_var_topk_005 seed=2 steps=200 gpu=0
[run] cmd=
/root/miniconda3/envs/optimization/bin/python /root/Optimization/MOE-grad-conflict-routing/scripts/run.py --config configs/singletask_rte_real.yaml --set model.backbone_backend=hf --set model.hf_load_pretrained=true --set model.backbone=roberta --set model.hf_pretrained_name=roberta-base --set model.expert_type=ffn --set model.routing_mode=topk --set model.num_experts=4 --set model.top_k=2 --set train.lr=2.5551784142791192e-05 --set seed=2 --set method.name=ours --set train.steps=200 --set train.eval_every_steps=50 --set method.ours.use_load_norm=true --set method.ours.lambda_align=0.02332602621 --set train.grad_clip=0.5690175238 --set train.lr=9.902666e-06 --set train.weight_decay=0.01262791402 --out /root/Optimization/MOE-grad-conflict-routing/runs/paper_suite_supplement/single_task_add_rerun/rerun/roberta_rte_ffn_e4_k2_ours_lr_centered/hpo/ours/trial_runs/local_var_topk_005/ours_s2.json --curve_out /root/Optimization/MOE-grad-conflict-routing/runs/paper_suite_supplement/single_task_add_rerun/rerun/roberta_rte_ffn_e4_k2_ours_lr_centered/hpo/ours/trial_runs/local_var_topk_005/ours_s2_curve.csv
Using the latest cached version of the dataset since glue couldn't be found on the Hugging Face Hub (offline mode is enabled).
Found the latest cached dataset configuration 'rte' at /root/.cache/huggingface/datasets/glue/rte/0.0.0/bcdcba79d07bc864c1c254ccfcedcce55bcc9a8c (last modified on Sun Mar 22 21:39:13 2026).
Loading weights:   0%|          | 0/197 [00:00<?, ?it/s]Loading weights: 100%|██████████| 197/197 [00:00<00:00, 5761.65it/s]
[1mRobertaModel LOAD REPORT[0m from: roberta-base
Key                             | Status     | 
--------------------------------+------------+-
lm_head.layer_norm.bias         | UNEXPECTED | 
roberta.embeddings.position_ids | UNEXPECTED | 
lm_head.dense.weight            | UNEXPECTED | 
lm_head.dense.bias              | UNEXPECTED | 
lm_head.layer_norm.weight       | UNEXPECTED | 
lm_head.bias                    | UNEXPECTED | 
pooler.dense.bias               | MISSING    | 
pooler.dense.weight             | MISSING    | 

[3mNotes:
- UNEXPECTED[3m	:can be ignored when loading from different task/architecture; not ok if you expect identical arch.
- MISSING[3m	:those params were newly initialized because missing from the checkpoint. Consider training on your downstream task.[0m
[step 0001/200] method=ours loss=0.7028 train_acc=nan train_loss=nan val_acc=nan val_loss=nan best=-1.0000
[step 0010/200] method=ours loss=0.7123 train_acc=nan train_loss=nan val_acc=nan val_loss=nan best=-1.0000
[step 0020/200] method=ours loss=0.6868 train_acc=nan train_loss=nan val_acc=nan val_loss=nan best=-1.0000
[step 0030/200] method=ours loss=0.6858 train_acc=nan train_loss=nan val_acc=nan val_loss=nan best=-1.0000
[step 0040/200] method=ours loss=0.6889 train_acc=nan train_loss=nan val_acc=nan val_loss=nan best=-1.0000
[step 0050/200] method=ours loss=0.6543 train_acc=0.5016 train_loss=0.6893 val_acc=0.5271 val_loss=0.6853 router_H=0.6925 best=0.5271
           router_load=[0.49346163868904114, 0.0016196136130020022, 0.5049187541007996, 0.0]
[step 0060/200] method=ours loss=0.6892 train_acc=0.5016 train_loss=0.6893 val_acc=0.5271 val_loss=0.6853 router_H=0.6925 best=0.5271
           router_load=[0.49346163868904114, 0.0016196136130020022, 0.5049187541007996, 0.0]
[step 0070/200] method=ours loss=0.6772 train_acc=0.5016 train_loss=0.6893 val_acc=0.5271 val_loss=0.6853 router_H=0.6925 best=0.5271
           router_load=[0.49346163868904114, 0.0016196136130020022, 0.5049187541007996, 0.0]
[step 0080/200] method=ours loss=0.7030 train_acc=0.5016 train_loss=0.6893 val_acc=0.5271 val_loss=0.6853 router_H=0.6925 best=0.5271
           router_load=[0.49346163868904114, 0.0016196136130020022, 0.5049187541007996, 0.0]
[step 0090/200] method=ours loss=0.6969 train_acc=0.5016 train_loss=0.6893 val_acc=0.5271 val_loss=0.6853 router_H=0.6925 best=0.5271
           router_load=[0.49346163868904114, 0.0016196136130020022, 0.5049187541007996, 0.0]
[step 0100/200] method=ours loss=0.6591 train_acc=0.6357 train_loss=0.6575 val_acc=0.6065 val_loss=0.6585 router_H=0.6468 best=0.6065
           router_load=[0.1246214359998703, 0.21891771256923676, 0.6475623846054077, 0.008898415602743626]
[step 0110/200] method=ours loss=0.6560 train_acc=0.6357 train_loss=0.6575 val_acc=0.6065 val_loss=0.6585 router_H=0.6468 best=0.6065
           router_load=[0.1246214359998703, 0.21891771256923676, 0.6475623846054077, 0.008898415602743626]
[step 0120/200] method=ours loss=0.6640 train_acc=0.6357 train_loss=0.6575 val_acc=0.6065 val_loss=0.6585 router_H=0.6468 best=0.6065
           router_load=[0.1246214359998703, 0.21891771256923676, 0.6475623846054077, 0.008898415602743626]
[step 0130/200] method=ours loss=0.6705 train_acc=0.6357 train_loss=0.6575 val_acc=0.6065 val_loss=0.6585 router_H=0.6468 best=0.6065
           router_load=[0.1246214359998703, 0.21891771256923676, 0.6475623846054077, 0.008898415602743626]
[step 0140/200] method=ours loss=0.5137 train_acc=0.6357 train_loss=0.6575 val_acc=0.6065 val_loss=0.6585 router_H=0.6468 best=0.6065
           router_load=[0.1246214359998703, 0.21891771256923676, 0.6475623846054077, 0.008898415602743626]
[step 0150/200] method=ours loss=0.6243 train_acc=0.6900 train_loss=0.6078 val_acc=0.6606 val_loss=0.6340 router_H=0.6435 best=0.6606
           router_load=[0.05188208445906639, 0.3203431963920593, 0.6133926510810852, 0.014382093213498592]
[step 0160/200] method=ours loss=0.6804 train_acc=0.6900 train_loss=0.6078 val_acc=0.6606 val_loss=0.6340 router_H=0.6435 best=0.6606
           router_load=[0.05188208445906639, 0.3203431963920593, 0.6133926510810852, 0.014382093213498592]
[step 0170/200] method=ours loss=0.5132 train_acc=0.6900 train_loss=0.6078 val_acc=0.6606 val_loss=0.6340 router_H=0.6435 best=0.6606
           router_load=[0.05188208445906639, 0.3203431963920593, 0.6133926510810852, 0.014382093213498592]
[step 0180/200] method=ours loss=0.6719 train_acc=0.6900 train_loss=0.6078 val_acc=0.6606 val_loss=0.6340 router_H=0.6435 best=0.6606
           router_load=[0.05188208445906639, 0.3203431963920593, 0.6133926510810852, 0.014382093213498592]
[step 0190/200] method=ours loss=0.5333 train_acc=0.6900 train_loss=0.6078 val_acc=0.6606 val_loss=0.6340 router_H=0.6435 best=0.6606
           router_load=[0.05188208445906639, 0.3203431963920593, 0.6133926510810852, 0.014382093213498592]
[step 0200/200] method=ours loss=0.6736 train_acc=0.7442 train_loss=0.5251 val_acc=0.6679 val_loss=0.5927 router_H=0.5573 best=0.6679
           router_load=[0.039312221109867096, 0.23830755054950714, 0.7191957235336304, 0.0031845583580434322]
saved summary -> /root/Optimization/MOE-grad-conflict-routing/runs/paper_suite_supplement/single_task_add_rerun/rerun/roberta_rte_ffn_e4_k2_ours_lr_centered/hpo/ours/trial_runs/local_var_topk_005/ours_s2.json
saved curve -> /root/Optimization/MOE-grad-conflict-routing/runs/paper_suite_supplement/single_task_add_rerun/rerun/roberta_rte_ffn_e4_k2_ours_lr_centered/hpo/ours/trial_runs/local_var_topk_005/ours_s2_curve.csv
