[run] method=ours candidate=local_var_topk_066 seed=2 steps=200 gpu=0
[run] cmd=
/root/miniconda3/envs/optimization/bin/python /root/Optimization/MOE-grad-conflict-routing/scripts/run.py --config configs/singletask_rte_real.yaml --set model.backbone_backend=hf --set model.hf_load_pretrained=true --set model.backbone=roberta --set model.hf_pretrained_name=roberta-base --set model.expert_type=ffn --set model.routing_mode=topk --set model.num_experts=4 --set model.top_k=2 --set train.lr=2.5551784142791192e-05 --set seed=2 --set method.name=ours --set train.steps=200 --set train.eval_every_steps=50 --set method.ours.use_load_norm=true --set method.ours.lambda_align=0.005831506553 --set train.grad_clip=0.8690175238 --set train.lr=3.9610662e-05 --set train.weight_decay=0.01262791402 --out /root/Optimization/MOE-grad-conflict-routing/runs/paper_suite_supplement/single_task_add_rerun/rerun/roberta_rte_ffn_e4_k2_ours_lr_centered/hpo/ours/trial_runs/local_var_topk_066/ours_s2.json --curve_out /root/Optimization/MOE-grad-conflict-routing/runs/paper_suite_supplement/single_task_add_rerun/rerun/roberta_rte_ffn_e4_k2_ours_lr_centered/hpo/ours/trial_runs/local_var_topk_066/ours_s2_curve.csv
Using the latest cached version of the dataset since glue couldn't be found on the Hugging Face Hub (offline mode is enabled).
Found the latest cached dataset configuration 'rte' at /root/.cache/huggingface/datasets/glue/rte/0.0.0/bcdcba79d07bc864c1c254ccfcedcce55bcc9a8c (last modified on Sun Mar 22 21:39:13 2026).
Loading weights:   0%|          | 0/197 [00:00<?, ?it/s]Loading weights: 100%|██████████| 197/197 [00:00<00:00, 4062.27it/s]
[1mRobertaModel LOAD REPORT[0m from: roberta-base
Key                             | Status     | 
--------------------------------+------------+-
roberta.embeddings.position_ids | UNEXPECTED | 
lm_head.layer_norm.weight       | UNEXPECTED | 
lm_head.bias                    | UNEXPECTED | 
lm_head.layer_norm.bias         | UNEXPECTED | 
lm_head.dense.weight            | UNEXPECTED | 
lm_head.dense.bias              | UNEXPECTED | 
pooler.dense.weight             | MISSING    | 
pooler.dense.bias               | MISSING    | 

[3mNotes:
- UNEXPECTED[3m	:can be ignored when loading from different task/architecture; not ok if you expect identical arch.
- MISSING[3m	:those params were newly initialized because missing from the checkpoint. Consider training on your downstream task.[0m
[step 0001/200] method=ours loss=0.6921 train_acc=nan train_loss=nan val_acc=nan val_loss=nan best=-1.0000
[step 0010/200] method=ours loss=0.7821 train_acc=nan train_loss=nan val_acc=nan val_loss=nan best=-1.0000
[step 0020/200] method=ours loss=0.6881 train_acc=nan train_loss=nan val_acc=nan val_loss=nan best=-1.0000
[step 0030/200] method=ours loss=0.7036 train_acc=nan train_loss=nan val_acc=nan val_loss=nan best=-1.0000
[step 0040/200] method=ours loss=0.7083 train_acc=nan train_loss=nan val_acc=nan val_loss=nan best=-1.0000
[step 0050/200] method=ours loss=0.6498 train_acc=0.5016 train_loss=0.6897 val_acc=0.5271 val_loss=0.6834 router_H=0.6902 best=0.5271
           router_load=[0.13842181861400604, 0.534755527973175, 0.0, 0.3268227279186249]
[step 0060/200] method=ours loss=0.6639 train_acc=0.5016 train_loss=0.6897 val_acc=0.5271 val_loss=0.6834 router_H=0.6902 best=0.5271
           router_load=[0.13842181861400604, 0.534755527973175, 0.0, 0.3268227279186249]
[step 0070/200] method=ours loss=0.7171 train_acc=0.5016 train_loss=0.6897 val_acc=0.5271 val_loss=0.6834 router_H=0.6902 best=0.5271
           router_load=[0.13842181861400604, 0.534755527973175, 0.0, 0.3268227279186249]
[step 0080/200] method=ours loss=0.7515 train_acc=0.5016 train_loss=0.6897 val_acc=0.5271 val_loss=0.6834 router_H=0.6902 best=0.5271
           router_load=[0.13842181861400604, 0.534755527973175, 0.0, 0.3268227279186249]
[step 0090/200] method=ours loss=0.7419 train_acc=0.5016 train_loss=0.6897 val_acc=0.5271 val_loss=0.6834 router_H=0.6902 best=0.5271
           router_load=[0.13842181861400604, 0.534755527973175, 0.0, 0.3268227279186249]
[step 0100/200] method=ours loss=0.6926 train_acc=0.5867 train_loss=0.6906 val_acc=0.5487 val_loss=0.6918 router_H=0.6884 best=0.5487
           router_load=[0.0016093103913590312, 0.5479496121406555, 0.0, 0.45044103264808655]
[step 0110/200] method=ours loss=0.6618 train_acc=0.5867 train_loss=0.6906 val_acc=0.5487 val_loss=0.6918 router_H=0.6884 best=0.5487
           router_load=[0.0016093103913590312, 0.5479496121406555, 0.0, 0.45044103264808655]
[step 0120/200] method=ours loss=0.7099 train_acc=0.5867 train_loss=0.6906 val_acc=0.5487 val_loss=0.6918 router_H=0.6884 best=0.5487
           router_load=[0.0016093103913590312, 0.5479496121406555, 0.0, 0.45044103264808655]
[step 0130/200] method=ours loss=0.6548 train_acc=0.5867 train_loss=0.6906 val_acc=0.5487 val_loss=0.6918 router_H=0.6884 best=0.5487
           router_load=[0.0016093103913590312, 0.5479496121406555, 0.0, 0.45044103264808655]
[step 0140/200] method=ours loss=0.6602 train_acc=0.5867 train_loss=0.6906 val_acc=0.5487 val_loss=0.6918 router_H=0.6884 best=0.5487
           router_load=[0.0016093103913590312, 0.5479496121406555, 0.0, 0.45044103264808655]
[step 0150/200] method=ours loss=0.7266 train_acc=0.5016 train_loss=0.6983 val_acc=0.5271 val_loss=0.6905 router_H=0.6806 best=0.5487
           router_load=[0.0330367386341095, 0.3880215585231781, 0.0, 0.5789417028427124]
[step 0160/200] method=ours loss=0.6937 train_acc=0.5016 train_loss=0.6983 val_acc=0.5271 val_loss=0.6905 router_H=0.6806 best=0.5487
           router_load=[0.0330367386341095, 0.3880215585231781, 0.0, 0.5789417028427124]
[step 0170/200] method=ours loss=0.6861 train_acc=0.5016 train_loss=0.6983 val_acc=0.5271 val_loss=0.6905 router_H=0.6806 best=0.5487
           router_load=[0.0330367386341095, 0.3880215585231781, 0.0, 0.5789417028427124]
[step 0180/200] method=ours loss=0.7046 train_acc=0.5016 train_loss=0.6983 val_acc=0.5271 val_loss=0.6905 router_H=0.6806 best=0.5487
           router_load=[0.0330367386341095, 0.3880215585231781, 0.0, 0.5789417028427124]
[step 0190/200] method=ours loss=0.6946 train_acc=0.5016 train_loss=0.6983 val_acc=0.5271 val_loss=0.6905 router_H=0.6806 best=0.5487
           router_load=[0.0330367386341095, 0.3880215585231781, 0.0, 0.5789417028427124]
[step 0200/200] method=ours loss=0.7806 train_acc=0.6518 train_loss=0.6418 val_acc=0.6101 val_loss=0.6620 router_H=0.6893 best=0.6101
           router_load=[0.0, 0.45997777581214905, 0.0, 0.5400221943855286]
saved summary -> /root/Optimization/MOE-grad-conflict-routing/runs/paper_suite_supplement/single_task_add_rerun/rerun/roberta_rte_ffn_e4_k2_ours_lr_centered/hpo/ours/trial_runs/local_var_topk_066/ours_s2.json
saved curve -> /root/Optimization/MOE-grad-conflict-routing/runs/paper_suite_supplement/single_task_add_rerun/rerun/roberta_rte_ffn_e4_k2_ours_lr_centered/hpo/ours/trial_runs/local_var_topk_066/ours_s2_curve.csv
