[run] method=baseline candidate=coord_02_train_weight_decay_002 seed=2 steps=200 gpu=0
[run] cmd=
/root/miniconda3/envs/optimization/bin/python /root/Optimization/MOE-grad-conflict-routing/scripts/run.py --config configs/multitask_glue3_rte_mrpc_cola_real.yaml --set model.backbone_backend=hf --set model.hf_load_pretrained=true --set model.hf_local_files_only=true --set model.backbone=roberta --set model.hf_pretrained_name=roberta-base --set model.routing_mode=topk --set model.expert_type=lora --set model.num_experts=4 --set model.top_k=2 --set model.lora_rank=16 --set model.lora_alpha=16 --set train.eval_train_fraction=0.10 --set train.eval_train_max_batches=-1 --set train.eval_max_batches=-1 --set seed=2 --set method.name=baseline_avg --set train.steps=200 --set train.eval_every_steps=100 --set train.grad_clip=1 --set train.lr=2.555178414e-05 --set train.weight_decay=0.03175375625 --out /root/Optimization/MOE-grad-conflict-routing/runs/paper_suite_supplement/appendix/rank/multi_glue3_roberta_r16_lora_e4_k2/hpo/baseline/trial_runs/coord_02_train_weight_decay_002/baseline_s2.json --curve_out /root/Optimization/MOE-grad-conflict-routing/runs/paper_suite_supplement/appendix/rank/multi_glue3_roberta_r16_lora_e4_k2/hpo/baseline/trial_runs/coord_02_train_weight_decay_002/baseline_s2_curve.csv
Using the latest cached version of the dataset since glue couldn't be found on the Hugging Face Hub (offline mode is enabled).
Found the latest cached dataset configuration 'rte' at /root/.cache/huggingface/datasets/glue/rte/0.0.0/bcdcba79d07bc864c1c254ccfcedcce55bcc9a8c (last modified on Thu Mar 26 19:09:12 2026).
Using the latest cached version of the dataset since glue couldn't be found on the Hugging Face Hub (offline mode is enabled).
Found the latest cached dataset configuration 'mrpc' at /root/.cache/huggingface/datasets/glue/mrpc/0.0.0/bcdcba79d07bc864c1c254ccfcedcce55bcc9a8c (last modified on Thu Mar 26 20:11:06 2026).
Using the latest cached version of the dataset since glue couldn't be found on the Hugging Face Hub (offline mode is enabled).
Found the latest cached dataset configuration 'cola' at /root/.cache/huggingface/datasets/glue/cola/0.0.0/bcdcba79d07bc864c1c254ccfcedcce55bcc9a8c (last modified on Thu Mar 26 23:46:11 2026).
Loading weights:   0%|          | 0/197 [00:00<?, ?it/s]Loading weights: 100%|██████████| 197/197 [00:00<00:00, 7199.74it/s]
[1mRobertaModel LOAD REPORT[0m from: roberta-base
Key                             | Status     | 
--------------------------------+------------+-
lm_head.dense.bias              | UNEXPECTED | 
lm_head.bias                    | UNEXPECTED | 
roberta.embeddings.position_ids | UNEXPECTED | 
lm_head.dense.weight            | UNEXPECTED | 
lm_head.layer_norm.bias         | UNEXPECTED | 
lm_head.layer_norm.weight       | UNEXPECTED | 
pooler.dense.weight             | MISSING    | 
pooler.dense.bias               | MISSING    | 

[3mNotes:
- UNEXPECTED[3m	:can be ignored when loading from different task/architecture; not ok if you expect identical arch.
- MISSING[3m	:those params were newly initialized because missing from the checkpoint. Consider training on your downstream task.[0m
[step 0001/200] method=baseline_avg loss=0.7296 train_acc=nan train_loss=nan val_acc=nan val_loss=nan best=-1.0000
[step 0010/200] method=baseline_avg loss=0.6181 train_acc=nan train_loss=nan val_acc=nan val_loss=nan best=-1.0000
[step 0020/200] method=baseline_avg loss=0.6751 train_acc=nan train_loss=nan val_acc=nan val_loss=nan best=-1.0000
[step 0030/200] method=baseline_avg loss=0.6051 train_acc=nan train_loss=nan val_acc=nan val_loss=nan best=-1.0000
[step 0040/200] method=baseline_avg loss=0.9267 train_acc=nan train_loss=nan val_acc=nan val_loss=nan best=-1.0000
[step 0050/200] method=baseline_avg loss=0.6373 train_acc=nan train_loss=nan val_acc=nan val_loss=nan best=-1.0000
[step 0060/200] method=baseline_avg loss=0.6737 train_acc=nan train_loss=nan val_acc=nan val_loss=nan best=-1.0000
[step 0070/200] method=baseline_avg loss=0.6239 train_acc=nan train_loss=nan val_acc=nan val_loss=nan best=-1.0000
[step 0080/200] method=baseline_avg loss=0.6066 train_acc=nan train_loss=nan val_acc=nan val_loss=nan best=-1.0000
[step 0090/200] method=baseline_avg loss=0.6389 train_acc=nan train_loss=nan val_acc=nan val_loss=nan best=-1.0000
[step 0100/200] method=baseline_avg loss=0.6170 train_acc=0.6712 train_loss=0.5987 val_acc=0.6683 val_loss=0.5953 router_H=0.6906 best=0.6683
           router_load=[0.31270143389701843, 0.00100750382989645, 0.5172148942947388, 0.16907626390457153]
[step 0110/200] method=baseline_avg loss=0.5970 train_acc=0.6712 train_loss=0.5987 val_acc=0.6683 val_loss=0.5953 router_H=0.6906 best=0.6683
           router_load=[0.31270143389701843, 0.00100750382989645, 0.5172148942947388, 0.16907626390457153]
[step 0120/200] method=baseline_avg loss=0.5002 train_acc=0.6712 train_loss=0.5987 val_acc=0.6683 val_loss=0.5953 router_H=0.6906 best=0.6683
           router_load=[0.31270143389701843, 0.00100750382989645, 0.5172148942947388, 0.16907626390457153]
[step 0130/200] method=baseline_avg loss=0.5609 train_acc=0.6712 train_loss=0.5987 val_acc=0.6683 val_loss=0.5953 router_H=0.6906 best=0.6683
           router_load=[0.31270143389701843, 0.00100750382989645, 0.5172148942947388, 0.16907626390457153]
[step 0140/200] method=baseline_avg loss=0.6913 train_acc=0.6712 train_loss=0.5987 val_acc=0.6683 val_loss=0.5953 router_H=0.6906 best=0.6683
           router_load=[0.31270143389701843, 0.00100750382989645, 0.5172148942947388, 0.16907626390457153]
[step 0150/200] method=baseline_avg loss=0.4505 train_acc=0.6712 train_loss=0.5987 val_acc=0.6683 val_loss=0.5953 router_H=0.6906 best=0.6683
           router_load=[0.31270143389701843, 0.00100750382989645, 0.5172148942947388, 0.16907626390457153]
[step 0160/200] method=baseline_avg loss=0.6565 train_acc=0.6712 train_loss=0.5987 val_acc=0.6683 val_loss=0.5953 router_H=0.6906 best=0.6683
           router_load=[0.31270143389701843, 0.00100750382989645, 0.5172148942947388, 0.16907626390457153]
[step 0170/200] method=baseline_avg loss=0.7700 train_acc=0.6712 train_loss=0.5987 val_acc=0.6683 val_loss=0.5953 router_H=0.6906 best=0.6683
           router_load=[0.31270143389701843, 0.00100750382989645, 0.5172148942947388, 0.16907626390457153]
[step 0180/200] method=baseline_avg loss=0.6646 train_acc=0.6712 train_loss=0.5987 val_acc=0.6683 val_loss=0.5953 router_H=0.6906 best=0.6683
           router_load=[0.31270143389701843, 0.00100750382989645, 0.5172148942947388, 0.16907626390457153]
[step 0190/200] method=baseline_avg loss=0.5275 train_acc=0.6712 train_loss=0.5987 val_acc=0.6683 val_loss=0.5953 router_H=0.6906 best=0.6683
           router_load=[0.31270143389701843, 0.00100750382989645, 0.5172148942947388, 0.16907626390457153]
[step 0200/200] method=baseline_avg loss=0.5873 train_acc=0.6937 train_loss=0.5380 val_acc=0.6606 val_loss=0.5583 router_H=0.6911 best=0.6683
           router_load=[0.4142257571220398, 0.20677563548088074, 0.2947489023208618, 0.08424984663724899]
saved summary -> /root/Optimization/MOE-grad-conflict-routing/runs/paper_suite_supplement/appendix/rank/multi_glue3_roberta_r16_lora_e4_k2/hpo/baseline/trial_runs/coord_02_train_weight_decay_002/baseline_s2.json
saved curve -> /root/Optimization/MOE-grad-conflict-routing/runs/paper_suite_supplement/appendix/rank/multi_glue3_roberta_r16_lora_e4_k2/hpo/baseline/trial_runs/coord_02_train_weight_decay_002/baseline_s2_curve.csv
