[run] method=baseline candidate=coord_01_train_lr_014 seed=2 steps=150 gpu=0
[run] cmd=
/home/zhujjing/anaconda3/envs/moe/bin/python /home/zhujjing/MOE-grad-conflict-routing/scripts/run.py --config configs/singletask_sst2_real.yaml --set model.backbone_backend=hf --set model.hf_load_pretrained=true --set model.backbone=roberta --set model.hf_pretrained_name=roberta-base --set model.expert_type=ffn --set model.routing_mode=topk --set model.num_experts=4 --set model.top_k=2 --set seed=2 --set method.name=baseline_avg --set train.steps=150 --set train.eval_every_steps=50 --set train.grad_clip=1 --set train.lr=5.108296151e-06 --set train.weight_decay=0.01 --out /home/zhujjing/MOE-grad-conflict-routing/runs/paper_suite/single_gpu/single_task/roberta_sst2_ffn_e4_k2/hpo/baseline/trial_runs/coord_01_train_lr_014/baseline_s2.json --curve_out /home/zhujjing/MOE-grad-conflict-routing/runs/paper_suite/single_gpu/single_task/roberta_sst2_ffn_e4_k2/hpo/baseline/trial_runs/coord_01_train_lr_014/baseline_s2_curve.csv
Using the latest cached version of the dataset since glue couldn't be found on the Hugging Face Hub (offline mode is enabled).
Found the latest cached dataset configuration 'sst2' at /home/zhujjing/hf_cache/datasets/glue/sst2/0.0.0/bcdcba79d07bc864c1c254ccfcedcce55bcc9a8c (last modified on Thu Mar 19 15:01:41 2026).
/home/zhujjing/anaconda3/envs/moe/lib/python3.10/site-packages/transformers/utils/hub.py:124: FutureWarning: Using `TRANSFORMERS_CACHE` is deprecated and will be removed in v5 of Transformers. Use `HF_HOME` instead.
  warnings.warn(
Some weights of RobertaModel were not initialized from the model checkpoint at roberta-base and are newly initialized: ['roberta.pooler.dense.bias', 'roberta.pooler.dense.weight']
You should probably TRAIN this model on a down-stream task to be able to use it for predictions and inference.
[step 0001/150] method=baseline_avg loss=0.6926 train_acc=nan train_loss=nan val_acc=nan val_loss=nan best=-1.0000
[step 0010/150] method=baseline_avg loss=0.7074 train_acc=nan train_loss=nan val_acc=nan val_loss=nan best=-1.0000
[step 0020/150] method=baseline_avg loss=0.6878 train_acc=nan train_loss=nan val_acc=nan val_loss=nan best=-1.0000
[step 0030/150] method=baseline_avg loss=0.6817 train_acc=nan train_loss=nan val_acc=nan val_loss=nan best=-1.0000
[step 0040/150] method=baseline_avg loss=0.6446 train_acc=nan train_loss=nan val_acc=nan val_loss=nan best=-1.0000
[step 0050/150] method=baseline_avg loss=0.5890 train_acc=0.5578 train_loss=0.6612 val_acc=0.5092 val_loss=0.6782 router_H=0.6308 best=0.5092
           router_load=[0.30171042680740356, 0.0, 0.025781963020563126, 0.6725075840950012]
[step 0060/150] method=baseline_avg loss=0.6951 train_acc=0.5578 train_loss=0.6612 val_acc=0.5092 val_loss=0.6782 router_H=0.6308 best=0.5092
           router_load=[0.30171042680740356, 0.0, 0.025781963020563126, 0.6725075840950012]
[step 0070/150] method=baseline_avg loss=0.6182 train_acc=0.5578 train_loss=0.6612 val_acc=0.5092 val_loss=0.6782 router_H=0.6308 best=0.5092
           router_load=[0.30171042680740356, 0.0, 0.025781963020563126, 0.6725075840950012]
[step 0080/150] method=baseline_avg loss=0.5448 train_acc=0.5578 train_loss=0.6612 val_acc=0.5092 val_loss=0.6782 router_H=0.6308 best=0.5092
           router_load=[0.30171042680740356, 0.0, 0.025781963020563126, 0.6725075840950012]
[step 0090/150] method=baseline_avg loss=0.5596 train_acc=0.5578 train_loss=0.6612 val_acc=0.5092 val_loss=0.6782 router_H=0.6308 best=0.5092
           router_load=[0.30171042680740356, 0.0, 0.025781963020563126, 0.6725075840950012]
[step 0100/150] method=baseline_avg loss=0.4468 train_acc=0.8558 train_loss=0.4683 val_acc=0.8394 val_loss=0.4864 router_H=0.5425 best=0.8394
           router_load=[0.2877964675426483, 0.007808309979736805, 0.018199747428297997, 0.686195433139801]
[step 0110/150] method=baseline_avg loss=0.4549 train_acc=0.8558 train_loss=0.4683 val_acc=0.8394 val_loss=0.4864 router_H=0.5425 best=0.8394
           router_load=[0.2877964675426483, 0.007808309979736805, 0.018199747428297997, 0.686195433139801]
[step 0120/150] method=baseline_avg loss=0.5170 train_acc=0.8558 train_loss=0.4683 val_acc=0.8394 val_loss=0.4864 router_H=0.5425 best=0.8394
           router_load=[0.2877964675426483, 0.007808309979736805, 0.018199747428297997, 0.686195433139801]
[step 0130/150] method=baseline_avg loss=0.1883 train_acc=0.8558 train_loss=0.4683 val_acc=0.8394 val_loss=0.4864 router_H=0.5425 best=0.8394
           router_load=[0.2877964675426483, 0.007808309979736805, 0.018199747428297997, 0.686195433139801]
[step 0140/150] method=baseline_avg loss=0.4029 train_acc=0.8558 train_loss=0.4683 val_acc=0.8394 val_loss=0.4864 router_H=0.5425 best=0.8394
           router_load=[0.2877964675426483, 0.007808309979736805, 0.018199747428297997, 0.686195433139801]
[step 0150/150] method=baseline_avg loss=0.4093 train_acc=0.8867 train_loss=0.3133 val_acc=0.8865 val_loss=0.3169 router_H=0.3738 best=0.8865
           router_load=[0.4987230598926544, 0.0446854904294014, 0.012200802564620972, 0.44439059495925903]
saved summary -> /home/zhujjing/MOE-grad-conflict-routing/runs/paper_suite/single_gpu/single_task/roberta_sst2_ffn_e4_k2/hpo/baseline/trial_runs/coord_01_train_lr_014/baseline_s2.json
saved curve -> /home/zhujjing/MOE-grad-conflict-routing/runs/paper_suite/single_gpu/single_task/roberta_sst2_ffn_e4_k2/hpo/baseline/trial_runs/coord_01_train_lr_014/baseline_s2_curve.csv
