[run] method=baseline candidate=coord_02_train_weight_decay_026 seed=3 steps=150 gpu=0
[run] cmd=
/home/zhujjing/anaconda3/envs/moe/bin/python /home/zhujjing/MOE-grad-conflict-routing/scripts/run.py --config configs/singletask_rte_real.yaml --set model.backbone_backend=hf --set model.hf_load_pretrained=true --set model.hf_local_files_only=true --set model.backbone=roberta --set model.hf_pretrained_name=roberta-base --set model.expert_type=ffn --set model.routing_mode=topk --set model.num_experts=4 --set model.top_k=2 --set seed=3 --set method.name=baseline_avg --set train.steps=150 --set train.eval_every_steps=50 --set train.grad_clip=1 --set train.lr=1.302122972e-05 --set train.weight_decay=0.04603734299 --out /home/zhujjing/MOE-grad-conflict-routing/runs/paper_suite/single_gpu/single_task/roberta_rte_ffn_e4_k2_supplement/hpo/baseline/trial_runs/coord_02_train_weight_decay_026/baseline_s3.json --curve_out /home/zhujjing/MOE-grad-conflict-routing/runs/paper_suite/single_gpu/single_task/roberta_rte_ffn_e4_k2_supplement/hpo/baseline/trial_runs/coord_02_train_weight_decay_026/baseline_s3_curve.csv
Using the latest cached version of the dataset since glue couldn't be found on the Hugging Face Hub (offline mode is enabled).
Found the latest cached dataset configuration 'rte' at /home/zhujjing/hf_cache/datasets/glue/rte/0.0.0/bcdcba79d07bc864c1c254ccfcedcce55bcc9a8c (last modified on Thu Mar 19 15:00:36 2026).
/home/zhujjing/anaconda3/envs/moe/lib/python3.10/site-packages/transformers/utils/hub.py:124: FutureWarning: Using `TRANSFORMERS_CACHE` is deprecated and will be removed in v5 of Transformers. Use `HF_HOME` instead.
  warnings.warn(
Some weights of RobertaModel were not initialized from the model checkpoint at roberta-base and are newly initialized: ['roberta.pooler.dense.bias', 'roberta.pooler.dense.weight']
You should probably TRAIN this model on a down-stream task to be able to use it for predictions and inference.
[step 0001/150] method=baseline_avg loss=0.6960 train_acc=nan train_loss=nan val_acc=nan val_loss=nan best=-1.0000
[step 0010/150] method=baseline_avg loss=0.6916 train_acc=nan train_loss=nan val_acc=nan val_loss=nan best=-1.0000
[step 0020/150] method=baseline_avg loss=0.6871 train_acc=nan train_loss=nan val_acc=nan val_loss=nan best=-1.0000
[step 0030/150] method=baseline_avg loss=0.6869 train_acc=nan train_loss=nan val_acc=nan val_loss=nan best=-1.0000
[step 0040/150] method=baseline_avg loss=0.6711 train_acc=nan train_loss=nan val_acc=nan val_loss=nan best=-1.0000
[step 0050/150] method=baseline_avg loss=0.6855 train_acc=0.5938 train_loss=0.6849 val_acc=0.6318 val_loss=0.6834 router_H=0.6888 best=0.6318
           router_load=[0.019624989479780197, 0.05673283338546753, 0.507878303527832, 0.4157637655735016]
[step 0060/150] method=baseline_avg loss=0.6273 train_acc=0.5938 train_loss=0.6849 val_acc=0.6318 val_loss=0.6834 router_H=0.6888 best=0.6318
           router_load=[0.019624989479780197, 0.05673283338546753, 0.507878303527832, 0.4157637655735016]
[step 0070/150] method=baseline_avg loss=0.6526 train_acc=0.5938 train_loss=0.6849 val_acc=0.6318 val_loss=0.6834 router_H=0.6888 best=0.6318
           router_load=[0.019624989479780197, 0.05673283338546753, 0.507878303527832, 0.4157637655735016]
[step 0080/150] method=baseline_avg loss=0.5625 train_acc=0.5938 train_loss=0.6849 val_acc=0.6318 val_loss=0.6834 router_H=0.6888 best=0.6318
           router_load=[0.019624989479780197, 0.05673283338546753, 0.507878303527832, 0.4157637655735016]
[step 0090/150] method=baseline_avg loss=0.5873 train_acc=0.5938 train_loss=0.6849 val_acc=0.6318 val_loss=0.6834 router_H=0.6888 best=0.6318
           router_load=[0.019624989479780197, 0.05673283338546753, 0.507878303527832, 0.4157637655735016]
[step 0100/150] method=baseline_avg loss=0.7875 train_acc=0.6680 train_loss=0.6249 val_acc=0.6570 val_loss=0.6574 router_H=0.6814 best=0.6570
           router_load=[0.0, 0.5225982666015625, 0.16071785986423492, 0.31668391823768616]
[step 0110/150] method=baseline_avg loss=0.6445 train_acc=0.6680 train_loss=0.6249 val_acc=0.6570 val_loss=0.6574 router_H=0.6814 best=0.6570
           router_load=[0.0, 0.5225982666015625, 0.16071785986423492, 0.31668391823768616]
[step 0120/150] method=baseline_avg loss=0.6050 train_acc=0.6680 train_loss=0.6249 val_acc=0.6570 val_loss=0.6574 router_H=0.6814 best=0.6570
           router_load=[0.0, 0.5225982666015625, 0.16071785986423492, 0.31668391823768616]
[step 0130/150] method=baseline_avg loss=0.6853 train_acc=0.6680 train_loss=0.6249 val_acc=0.6570 val_loss=0.6574 router_H=0.6814 best=0.6570
           router_load=[0.0, 0.5225982666015625, 0.16071785986423492, 0.31668391823768616]
[step 0140/150] method=baseline_avg loss=0.6605 train_acc=0.6680 train_loss=0.6249 val_acc=0.6570 val_loss=0.6574 router_H=0.6814 best=0.6570
           router_load=[0.0, 0.5225982666015625, 0.16071785986423492, 0.31668391823768616]
[step 0150/150] method=baseline_avg loss=0.6772 train_acc=0.7188 train_loss=0.6051 val_acc=0.6823 val_loss=0.6230 router_H=0.6870 best=0.6823
           router_load=[0.0, 0.4677527844905853, 0.23649892210960388, 0.2957482635974884]
saved summary -> /home/zhujjing/MOE-grad-conflict-routing/runs/paper_suite/single_gpu/single_task/roberta_rte_ffn_e4_k2_supplement/hpo/baseline/trial_runs/coord_02_train_weight_decay_026/baseline_s3.json
saved curve -> /home/zhujjing/MOE-grad-conflict-routing/runs/paper_suite/single_gpu/single_task/roberta_rte_ffn_e4_k2_supplement/hpo/baseline/trial_runs/coord_02_train_weight_decay_026/baseline_s3_curve.csv
