[run] method=baseline candidate=coord_02_train_weight_decay_009 seed=3 steps=150 gpu=0
[run] cmd=
/home/zhujjing/anaconda3/envs/moe/bin/python /home/zhujjing/MOE-grad-conflict-routing/scripts/run.py --config configs/singletask_rte_real.yaml --set model.backbone_backend=hf --set model.hf_load_pretrained=true --set model.hf_local_files_only=true --set model.backbone=roberta --set model.hf_pretrained_name=roberta-base --set model.expert_type=ffn --set model.routing_mode=topk --set model.num_experts=4 --set model.top_k=2 --set seed=3 --set method.name=baseline_avg --set train.steps=150 --set train.eval_every_steps=50 --set train.grad_clip=1 --set train.lr=1.302122972e-05 --set train.weight_decay=0.007863245139 --out /home/zhujjing/MOE-grad-conflict-routing/runs/paper_suite/single_gpu/single_task/roberta_rte_ffn_e4_k2_supplement/hpo/baseline/trial_runs/coord_02_train_weight_decay_009/baseline_s3.json --curve_out /home/zhujjing/MOE-grad-conflict-routing/runs/paper_suite/single_gpu/single_task/roberta_rte_ffn_e4_k2_supplement/hpo/baseline/trial_runs/coord_02_train_weight_decay_009/baseline_s3_curve.csv
Using the latest cached version of the dataset since glue couldn't be found on the Hugging Face Hub (offline mode is enabled).
Found the latest cached dataset configuration 'rte' at /home/zhujjing/hf_cache/datasets/glue/rte/0.0.0/bcdcba79d07bc864c1c254ccfcedcce55bcc9a8c (last modified on Thu Mar 19 15:00:36 2026).
/home/zhujjing/anaconda3/envs/moe/lib/python3.10/site-packages/transformers/utils/hub.py:124: FutureWarning: Using `TRANSFORMERS_CACHE` is deprecated and will be removed in v5 of Transformers. Use `HF_HOME` instead.
  warnings.warn(
Some weights of RobertaModel were not initialized from the model checkpoint at roberta-base and are newly initialized: ['roberta.pooler.dense.bias', 'roberta.pooler.dense.weight']
You should probably TRAIN this model on a down-stream task to be able to use it for predictions and inference.
[step 0001/150] method=baseline_avg loss=0.7025 train_acc=nan train_loss=nan val_acc=nan val_loss=nan best=-1.0000
[step 0010/150] method=baseline_avg loss=0.6908 train_acc=nan train_loss=nan val_acc=nan val_loss=nan best=-1.0000
[step 0020/150] method=baseline_avg loss=0.6917 train_acc=nan train_loss=nan val_acc=nan val_loss=nan best=-1.0000
[step 0030/150] method=baseline_avg loss=0.6833 train_acc=nan train_loss=nan val_acc=nan val_loss=nan best=-1.0000
[step 0040/150] method=baseline_avg loss=0.6742 train_acc=nan train_loss=nan val_acc=nan val_loss=nan best=-1.0000
[step 0050/150] method=baseline_avg loss=0.6885 train_acc=0.5352 train_loss=0.6869 val_acc=0.4982 val_loss=0.6929 router_H=0.6878 best=0.4982
           router_load=[0.5462455153465271, 0.43607959151268005, 0.009802165441215038, 0.007872741669416428]
[step 0060/150] method=baseline_avg loss=0.6706 train_acc=0.5352 train_loss=0.6869 val_acc=0.4982 val_loss=0.6929 router_H=0.6878 best=0.4982
           router_load=[0.5462455153465271, 0.43607959151268005, 0.009802165441215038, 0.007872741669416428]
[step 0070/150] method=baseline_avg loss=0.7033 train_acc=0.5352 train_loss=0.6869 val_acc=0.4982 val_loss=0.6929 router_H=0.6878 best=0.4982
           router_load=[0.5462455153465271, 0.43607959151268005, 0.009802165441215038, 0.007872741669416428]
[step 0080/150] method=baseline_avg loss=0.6197 train_acc=0.5352 train_loss=0.6869 val_acc=0.4982 val_loss=0.6929 router_H=0.6878 best=0.4982
           router_load=[0.5462455153465271, 0.43607959151268005, 0.009802165441215038, 0.007872741669416428]
[step 0090/150] method=baseline_avg loss=0.5821 train_acc=0.5352 train_loss=0.6869 val_acc=0.4982 val_loss=0.6929 router_H=0.6878 best=0.4982
           router_load=[0.5462455153465271, 0.43607959151268005, 0.009802165441215038, 0.007872741669416428]
[step 0100/150] method=baseline_avg loss=0.7992 train_acc=0.6289 train_loss=0.6169 val_acc=0.6173 val_loss=0.6614 router_H=0.6608 best=0.6173
           router_load=[0.6185601353645325, 0.3163897693157196, 0.011504663154482841, 0.05354541912674904]
[step 0110/150] method=baseline_avg loss=0.6116 train_acc=0.6289 train_loss=0.6169 val_acc=0.6173 val_loss=0.6614 router_H=0.6608 best=0.6173
           router_load=[0.6185601353645325, 0.3163897693157196, 0.011504663154482841, 0.05354541912674904]
[step 0120/150] method=baseline_avg loss=0.6115 train_acc=0.6289 train_loss=0.6169 val_acc=0.6173 val_loss=0.6614 router_H=0.6608 best=0.6173
           router_load=[0.6185601353645325, 0.3163897693157196, 0.011504663154482841, 0.05354541912674904]
[step 0130/150] method=baseline_avg loss=0.7268 train_acc=0.6289 train_loss=0.6169 val_acc=0.6173 val_loss=0.6614 router_H=0.6608 best=0.6173
           router_load=[0.6185601353645325, 0.3163897693157196, 0.011504663154482841, 0.05354541912674904]
[step 0140/150] method=baseline_avg loss=0.6677 train_acc=0.6289 train_loss=0.6169 val_acc=0.6173 val_loss=0.6614 router_H=0.6608 best=0.6173
           router_load=[0.6185601353645325, 0.3163897693157196, 0.011504663154482841, 0.05354541912674904]
[step 0150/150] method=baseline_avg loss=0.6416 train_acc=0.7227 train_loss=0.5984 val_acc=0.6534 val_loss=0.6271 router_H=0.6859 best=0.6534
           router_load=[0.43700283765792847, 0.526848316192627, 0.03614877536892891, 0.0]
saved summary -> /home/zhujjing/MOE-grad-conflict-routing/runs/paper_suite/single_gpu/single_task/roberta_rte_ffn_e4_k2_supplement/hpo/baseline/trial_runs/coord_02_train_weight_decay_009/baseline_s3.json
saved curve -> /home/zhujjing/MOE-grad-conflict-routing/runs/paper_suite/single_gpu/single_task/roberta_rte_ffn_e4_k2_supplement/hpo/baseline/trial_runs/coord_02_train_weight_decay_009/baseline_s3_curve.csv
