[run] method=baseline candidate=coord_02_train_weight_decay_023 seed=3 steps=150 gpu=0
[run] cmd=
/home/zhujjing/anaconda3/envs/moe/bin/python /home/zhujjing/MOE-grad-conflict-routing/scripts/run.py --config configs/singletask_rte_real.yaml --set model.backbone_backend=hf --set model.hf_load_pretrained=true --set model.hf_local_files_only=true --set model.backbone=roberta --set model.hf_pretrained_name=roberta-base --set model.expert_type=ffn --set model.routing_mode=topk --set model.num_experts=4 --set model.top_k=2 --set seed=3 --set method.name=baseline_avg --set train.steps=150 --set train.eval_every_steps=50 --set train.grad_clip=1 --set train.lr=1.302122972e-05 --set train.weight_decay=0.01901080581 --out /home/zhujjing/MOE-grad-conflict-routing/runs/paper_suite/single_gpu/single_task/roberta_rte_ffn_e4_k2_supplement/hpo/baseline/trial_runs/coord_02_train_weight_decay_023/baseline_s3.json --curve_out /home/zhujjing/MOE-grad-conflict-routing/runs/paper_suite/single_gpu/single_task/roberta_rte_ffn_e4_k2_supplement/hpo/baseline/trial_runs/coord_02_train_weight_decay_023/baseline_s3_curve.csv
Using the latest cached version of the dataset since glue couldn't be found on the Hugging Face Hub (offline mode is enabled).
Found the latest cached dataset configuration 'rte' at /home/zhujjing/hf_cache/datasets/glue/rte/0.0.0/bcdcba79d07bc864c1c254ccfcedcce55bcc9a8c (last modified on Thu Mar 19 15:00:36 2026).
/home/zhujjing/anaconda3/envs/moe/lib/python3.10/site-packages/transformers/utils/hub.py:124: FutureWarning: Using `TRANSFORMERS_CACHE` is deprecated and will be removed in v5 of Transformers. Use `HF_HOME` instead.
  warnings.warn(
Some weights of RobertaModel were not initialized from the model checkpoint at roberta-base and are newly initialized: ['roberta.pooler.dense.bias', 'roberta.pooler.dense.weight']
You should probably TRAIN this model on a down-stream task to be able to use it for predictions and inference.
[step 0001/150] method=baseline_avg loss=0.6958 train_acc=nan train_loss=nan val_acc=nan val_loss=nan best=-1.0000
[step 0010/150] method=baseline_avg loss=0.6999 train_acc=nan train_loss=nan val_acc=nan val_loss=nan best=-1.0000
[step 0020/150] method=baseline_avg loss=0.6878 train_acc=nan train_loss=nan val_acc=nan val_loss=nan best=-1.0000
[step 0030/150] method=baseline_avg loss=0.6908 train_acc=nan train_loss=nan val_acc=nan val_loss=nan best=-1.0000
[step 0040/150] method=baseline_avg loss=0.6759 train_acc=nan train_loss=nan val_acc=nan val_loss=nan best=-1.0000
[step 0050/150] method=baseline_avg loss=0.6881 train_acc=0.5469 train_loss=0.6848 val_acc=0.5162 val_loss=0.6928 router_H=0.6920 best=0.5162
           router_load=[0.0, 0.0, 0.5143926739692688, 0.4856073260307312]
[step 0060/150] method=baseline_avg loss=0.6632 train_acc=0.5469 train_loss=0.6848 val_acc=0.5162 val_loss=0.6928 router_H=0.6920 best=0.5162
           router_load=[0.0, 0.0, 0.5143926739692688, 0.4856073260307312]
[step 0070/150] method=baseline_avg loss=0.6698 train_acc=0.5469 train_loss=0.6848 val_acc=0.5162 val_loss=0.6928 router_H=0.6920 best=0.5162
           router_load=[0.0, 0.0, 0.5143926739692688, 0.4856073260307312]
[step 0080/150] method=baseline_avg loss=0.6281 train_acc=0.5469 train_loss=0.6848 val_acc=0.5162 val_loss=0.6928 router_H=0.6920 best=0.5162
           router_load=[0.0, 0.0, 0.5143926739692688, 0.4856073260307312]
[step 0090/150] method=baseline_avg loss=0.5483 train_acc=0.5469 train_loss=0.6848 val_acc=0.5162 val_loss=0.6928 router_H=0.6920 best=0.5162
           router_load=[0.0, 0.0, 0.5143926739692688, 0.4856073260307312]
[step 0100/150] method=baseline_avg loss=0.7329 train_acc=0.7148 train_loss=0.5726 val_acc=0.6498 val_loss=0.6295 router_H=0.6826 best=0.6498
           router_load=[0.03578079119324684, 0.0069025675766170025, 0.5448459386825562, 0.41247063875198364]
[step 0110/150] method=baseline_avg loss=0.5703 train_acc=0.7148 train_loss=0.5726 val_acc=0.6498 val_loss=0.6295 router_H=0.6826 best=0.6498
           router_load=[0.03578079119324684, 0.0069025675766170025, 0.5448459386825562, 0.41247063875198364]
[step 0120/150] method=baseline_avg loss=0.6068 train_acc=0.7148 train_loss=0.5726 val_acc=0.6498 val_loss=0.6295 router_H=0.6826 best=0.6498
           router_load=[0.03578079119324684, 0.0069025675766170025, 0.5448459386825562, 0.41247063875198364]
[step 0130/150] method=baseline_avg loss=0.6904 train_acc=0.7148 train_loss=0.5726 val_acc=0.6498 val_loss=0.6295 router_H=0.6826 best=0.6498
           router_load=[0.03578079119324684, 0.0069025675766170025, 0.5448459386825562, 0.41247063875198364]
[step 0140/150] method=baseline_avg loss=0.6194 train_acc=0.7148 train_loss=0.5726 val_acc=0.6498 val_loss=0.6295 router_H=0.6826 best=0.6498
           router_load=[0.03578079119324684, 0.0069025675766170025, 0.5448459386825562, 0.41247063875198364]
[step 0150/150] method=baseline_avg loss=0.5702 train_acc=0.7227 train_loss=0.5735 val_acc=0.6643 val_loss=0.6043 router_H=0.6056 best=0.6643
           router_load=[0.005172742530703545, 0.003548119217157364, 0.6974283456802368, 0.293850839138031]
saved summary -> /home/zhujjing/MOE-grad-conflict-routing/runs/paper_suite/single_gpu/single_task/roberta_rte_ffn_e4_k2_supplement/hpo/baseline/trial_runs/coord_02_train_weight_decay_023/baseline_s3.json
saved curve -> /home/zhujjing/MOE-grad-conflict-routing/runs/paper_suite/single_gpu/single_task/roberta_rte_ffn_e4_k2_supplement/hpo/baseline/trial_runs/coord_02_train_weight_decay_023/baseline_s3_curve.csv
