[probe] phase=ours:local_var_topk gpu=0
[probe] cmd=
/home/zhujjing/anaconda3/envs/moe/bin/python /home/zhujjing/MOE-grad-conflict-routing/scripts/run.py --config configs/multitask_glue4_real.yaml --set model.backbone_backend=hf --set model.hf_load_pretrained=true --set model.hf_local_files_only=true --set model.backbone=deberta --set model.hf_pretrained_name=microsoft/deberta-v3-base --set model.expert_type=lora --set model.routing_mode=topk --set model.num_experts=4 --set model.top_k=2 --set train.eval_train_fraction=0.10 --set train.eval_train_max_batches=-1 --set train.eval_max_batches=-1 --set seed=2 --set method.name=ours --set train.steps=100 --set train.eval_every_steps=0 --set method.ours.use_load_norm=true --set method.ours.lambda_align=6.6447459e-05 --set train.grad_clip=0.9363744014 --set train.lr=2.8655543e-05 --set train.weight_decay=0 --out /tmp/moe_probe_lcixxcym/probe_summary.json --curve_out /tmp/moe_probe_lcixxcym/probe_curve.csv
Using the latest cached version of the dataset since glue couldn't be found on the Hugging Face Hub (offline mode is enabled).
Found the latest cached dataset configuration 'rte' at /home/zhujjing/hf_cache/datasets/glue/rte/0.0.0/bcdcba79d07bc864c1c254ccfcedcce55bcc9a8c (last modified on Thu Mar 19 15:00:36 2026).
/home/zhujjing/anaconda3/envs/moe/lib/python3.10/site-packages/transformers/utils/hub.py:124: FutureWarning: Using `TRANSFORMERS_CACHE` is deprecated and will be removed in v5 of Transformers. Use `HF_HOME` instead.
  warnings.warn(
/home/zhujjing/anaconda3/envs/moe/lib/python3.10/site-packages/transformers/convert_slow_tokenizer.py:560: UserWarning: The sentencepiece tokenizer that you are converting to a fast tokenizer uses the byte fallback option which is not implemented in the fast tokenizers. In practice this means that the fast version of the tokenizer can produce unknown tokens whereas the sentencepiece version would have converted these unknown tokens into a sequence of byte tokens matching the original piece of text.
  warnings.warn(
Using the latest cached version of the dataset since glue couldn't be found on the Hugging Face Hub (offline mode is enabled).
Found the latest cached dataset configuration 'mrpc' at /home/zhujjing/hf_cache/datasets/glue/mrpc/0.0.0/bcdcba79d07bc864c1c254ccfcedcce55bcc9a8c (last modified on Thu Mar 19 15:01:06 2026).
Using the latest cached version of the dataset since glue couldn't be found on the Hugging Face Hub (offline mode is enabled).
Found the latest cached dataset configuration 'sst2' at /home/zhujjing/hf_cache/datasets/glue/sst2/0.0.0/bcdcba79d07bc864c1c254ccfcedcce55bcc9a8c (last modified on Thu Mar 19 15:01:41 2026).
Using the latest cached version of the dataset since glue couldn't be found on the Hugging Face Hub (offline mode is enabled).
Found the latest cached dataset configuration 'cola' at /home/zhujjing/hf_cache/datasets/glue/cola/0.0.0/bcdcba79d07bc864c1c254ccfcedcce55bcc9a8c (last modified on Thu Mar 19 15:02:09 2026).
[step 0001/100] method=ours loss=0.8099 train_acc=nan train_loss=nan val_acc=nan val_loss=nan best=-1.0000
[step 0010/100] method=ours loss=0.6698 train_acc=nan train_loss=nan val_acc=nan val_loss=nan best=-1.0000
[step 0020/100] method=ours loss=0.6105 train_acc=nan train_loss=nan val_acc=nan val_loss=nan best=-1.0000
[step 0030/100] method=ours loss=0.5821 train_acc=nan train_loss=nan val_acc=nan val_loss=nan best=-1.0000
[step 0040/100] method=ours loss=0.5284 train_acc=nan train_loss=nan val_acc=nan val_loss=nan best=-1.0000
[step 0050/100] method=ours loss=0.4692 train_acc=nan train_loss=nan val_acc=nan val_loss=nan best=-1.0000
[step 0060/100] method=ours loss=0.4501 train_acc=nan train_loss=nan val_acc=nan val_loss=nan best=-1.0000
[step 0070/100] method=ours loss=0.5466 train_acc=nan train_loss=nan val_acc=nan val_loss=nan best=-1.0000
[step 0080/100] method=ours loss=0.4271 train_acc=nan train_loss=nan val_acc=nan val_loss=nan best=-1.0000
[step 0090/100] method=ours loss=0.4382 train_acc=nan train_loss=nan val_acc=nan val_loss=nan best=-1.0000
[step 0100/100] method=ours loss=0.3406 train_acc=0.8308 train_loss=0.4063 val_acc=0.7837 val_loss=0.4641 router_H=0.6503 best=0.7837
           router_load=[0.4023236632347107, 0.12892811000347137, 0.4096773564815521, 0.05907081440091133]
saved summary -> /tmp/moe_probe_lcixxcym/probe_summary.json
saved curve -> /tmp/moe_probe_lcixxcym/probe_curve.csv
