[run] method=cagrad candidate=coord_04_method_baseline_cagrad_c_012 seed=3 steps=150 gpu=0
[run] cmd=
/home/zhujjing/anaconda3/envs/moe/bin/python /home/zhujjing/MOE-grad-conflict-routing/scripts/run.py --config configs/singletask_sst2_real.yaml --set model.backbone_backend=hf --set model.hf_load_pretrained=true --set model.hf_local_files_only=true --set model.backbone=deberta --set model.hf_pretrained_name=microsoft/deberta-v3-base --set model.expert_type=lora --set model.routing_mode=topk --set model.num_experts=4 --set model.top_k=2 --set seed=3 --set method.name=baseline_cagrad --set train.steps=150 --set train.eval_every_steps=50 --set method.baseline_cagrad.c=0.9009367383 --set method.baseline_cagrad.inner_lr=0.1 --set train.grad_clip=1.888120198 --set train.lr=2e-05 --set train.weight_decay=0.04430050278 --out /home/zhujjing/MOE-grad-conflict-routing/runs/paper_suite/single_gpu/single_task/deberta_sst2_lora_e4_k2_supplement/hpo/cagrad/trial_runs/coord_04_method_baseline_cagrad_c_012/cagrad_s3.json --curve_out /home/zhujjing/MOE-grad-conflict-routing/runs/paper_suite/single_gpu/single_task/deberta_sst2_lora_e4_k2_supplement/hpo/cagrad/trial_runs/coord_04_method_baseline_cagrad_c_012/cagrad_s3_curve.csv
Using the latest cached version of the dataset since glue couldn't be found on the Hugging Face Hub (offline mode is enabled).
Found the latest cached dataset configuration 'sst2' at /home/zhujjing/hf_cache/datasets/glue/sst2/0.0.0/bcdcba79d07bc864c1c254ccfcedcce55bcc9a8c (last modified on Thu Mar 19 15:01:41 2026).
/home/zhujjing/anaconda3/envs/moe/lib/python3.10/site-packages/transformers/utils/hub.py:124: FutureWarning: Using `TRANSFORMERS_CACHE` is deprecated and will be removed in v5 of Transformers. Use `HF_HOME` instead.
  warnings.warn(
/home/zhujjing/anaconda3/envs/moe/lib/python3.10/site-packages/transformers/convert_slow_tokenizer.py:560: UserWarning: The sentencepiece tokenizer that you are converting to a fast tokenizer uses the byte fallback option which is not implemented in the fast tokenizers. In practice this means that the fast version of the tokenizer can produce unknown tokens whereas the sentencepiece version would have converted these unknown tokens into a sequence of byte tokens matching the original piece of text.
  warnings.warn(
[step 0001/150] method=baseline_cagrad loss=0.7192 train_acc=nan train_loss=nan val_acc=nan val_loss=nan best=-1.0000
[step 0010/150] method=baseline_cagrad loss=0.6230 train_acc=nan train_loss=nan val_acc=nan val_loss=nan best=-1.0000
[step 0020/150] method=baseline_cagrad loss=0.5671 train_acc=nan train_loss=nan val_acc=nan val_loss=nan best=-1.0000
[step 0030/150] method=baseline_cagrad loss=0.6163 train_acc=nan train_loss=nan val_acc=nan val_loss=nan best=-1.0000
[step 0040/150] method=baseline_cagrad loss=0.4050 train_acc=nan train_loss=nan val_acc=nan val_loss=nan best=-1.0000
[step 0050/150] method=baseline_cagrad loss=0.5604 train_acc=0.8817 train_loss=0.3157 val_acc=0.8647 val_loss=0.3332 router_H=0.6513 best=0.8647
           router_load=[0.3958643674850464, 0.16112425923347473, 0.04295528307557106, 0.40005597472190857]
[step 0060/150] method=baseline_cagrad loss=0.5185 train_acc=0.8817 train_loss=0.3157 val_acc=0.8647 val_loss=0.3332 router_H=0.6513 best=0.8647
           router_load=[0.3958643674850464, 0.16112425923347473, 0.04295528307557106, 0.40005597472190857]
[step 0070/150] method=baseline_cagrad loss=0.2268 train_acc=0.8817 train_loss=0.3157 val_acc=0.8647 val_loss=0.3332 router_H=0.6513 best=0.8647
           router_load=[0.3958643674850464, 0.16112425923347473, 0.04295528307557106, 0.40005597472190857]
[step 0080/150] method=baseline_cagrad loss=0.1805 train_acc=0.8817 train_loss=0.3157 val_acc=0.8647 val_loss=0.3332 router_H=0.6513 best=0.8647
           router_load=[0.3958643674850464, 0.16112425923347473, 0.04295528307557106, 0.40005597472190857]
[step 0090/150] method=baseline_cagrad loss=0.0605 train_acc=0.8817 train_loss=0.3157 val_acc=0.8647 val_loss=0.3332 router_H=0.6513 best=0.8647
           router_load=[0.3958643674850464, 0.16112425923347473, 0.04295528307557106, 0.40005597472190857]
[step 0100/150] method=baseline_cagrad loss=0.3521 train_acc=0.9047 train_loss=0.2720 val_acc=0.9083 val_loss=0.2330 router_H=0.6729 best=0.9083
           router_load=[0.3224673271179199, 0.18670904636383057, 0.11451255530118942, 0.37631097435951233]
[step 0110/150] method=baseline_cagrad loss=0.3638 train_acc=0.9047 train_loss=0.2720 val_acc=0.9083 val_loss=0.2330 router_H=0.6729 best=0.9083
           router_load=[0.3224673271179199, 0.18670904636383057, 0.11451255530118942, 0.37631097435951233]
[step 0120/150] method=baseline_cagrad loss=0.5333 train_acc=0.9047 train_loss=0.2720 val_acc=0.9083 val_loss=0.2330 router_H=0.6729 best=0.9083
           router_load=[0.3224673271179199, 0.18670904636383057, 0.11451255530118942, 0.37631097435951233]
[step 0130/150] method=baseline_cagrad loss=0.1237 train_acc=0.9047 train_loss=0.2720 val_acc=0.9083 val_loss=0.2330 router_H=0.6729 best=0.9083
           router_load=[0.3224673271179199, 0.18670904636383057, 0.11451255530118942, 0.37631097435951233]
[step 0140/150] method=baseline_cagrad loss=0.3065 train_acc=0.9047 train_loss=0.2720 val_acc=0.9083 val_loss=0.2330 router_H=0.6729 best=0.9083
           router_load=[0.3224673271179199, 0.18670904636383057, 0.11451255530118942, 0.37631097435951233]
[step 0150/150] method=baseline_cagrad loss=0.2346 train_acc=0.9225 train_loss=0.2137 val_acc=0.9289 val_loss=0.2058 router_H=0.6721 best=0.9289
           router_load=[0.33854779601097107, 0.12158475071191788, 0.1510476917028427, 0.38881969451904297]
saved summary -> /home/zhujjing/MOE-grad-conflict-routing/runs/paper_suite/single_gpu/single_task/deberta_sst2_lora_e4_k2_supplement/hpo/cagrad/trial_runs/coord_04_method_baseline_cagrad_c_012/cagrad_s3.json
saved curve -> /home/zhujjing/MOE-grad-conflict-routing/runs/paper_suite/single_gpu/single_task/deberta_sst2_lora_e4_k2_supplement/hpo/cagrad/trial_runs/coord_04_method_baseline_cagrad_c_012/cagrad_s3_curve.csv
