[run] method=cagrad candidate=coord_04_method_baseline_cagrad_c_017 seed=2 steps=150 gpu=0
[run] cmd=
/home/zhujjing/anaconda3/envs/moe/bin/python /home/zhujjing/MOE-grad-conflict-routing/scripts/run.py --config configs/singletask_sst2_real.yaml --set model.backbone_backend=hf --set model.hf_load_pretrained=true --set model.hf_local_files_only=true --set model.backbone=deberta --set model.hf_pretrained_name=microsoft/deberta-v3-base --set model.expert_type=lora --set model.routing_mode=topk --set model.num_experts=4 --set model.top_k=2 --set seed=2 --set method.name=baseline_cagrad --set train.steps=150 --set train.eval_every_steps=50 --set method.baseline_cagrad.c=0.4809013596 --set method.baseline_cagrad.inner_lr=0.1 --set train.grad_clip=1.888120198 --set train.lr=2e-05 --set train.weight_decay=0.04430050278 --out /home/zhujjing/MOE-grad-conflict-routing/runs/paper_suite/single_gpu/single_task/deberta_sst2_lora_e4_k2_supplement/hpo/cagrad/trial_runs/coord_04_method_baseline_cagrad_c_017/cagrad_s2.json --curve_out /home/zhujjing/MOE-grad-conflict-routing/runs/paper_suite/single_gpu/single_task/deberta_sst2_lora_e4_k2_supplement/hpo/cagrad/trial_runs/coord_04_method_baseline_cagrad_c_017/cagrad_s2_curve.csv
Using the latest cached version of the dataset since glue couldn't be found on the Hugging Face Hub (offline mode is enabled).
Found the latest cached dataset configuration 'sst2' at /home/zhujjing/hf_cache/datasets/glue/sst2/0.0.0/bcdcba79d07bc864c1c254ccfcedcce55bcc9a8c (last modified on Thu Mar 19 15:01:41 2026).
/home/zhujjing/anaconda3/envs/moe/lib/python3.10/site-packages/transformers/utils/hub.py:124: FutureWarning: Using `TRANSFORMERS_CACHE` is deprecated and will be removed in v5 of Transformers. Use `HF_HOME` instead.
  warnings.warn(
/home/zhujjing/anaconda3/envs/moe/lib/python3.10/site-packages/transformers/convert_slow_tokenizer.py:560: UserWarning: The sentencepiece tokenizer that you are converting to a fast tokenizer uses the byte fallback option which is not implemented in the fast tokenizers. In practice this means that the fast version of the tokenizer can produce unknown tokens whereas the sentencepiece version would have converted these unknown tokens into a sequence of byte tokens matching the original piece of text.
  warnings.warn(
[step 0001/150] method=baseline_cagrad loss=0.7970 train_acc=nan train_loss=nan val_acc=nan val_loss=nan best=-1.0000
[step 0010/150] method=baseline_cagrad loss=0.6397 train_acc=nan train_loss=nan val_acc=nan val_loss=nan best=-1.0000
[step 0020/150] method=baseline_cagrad loss=0.5964 train_acc=nan train_loss=nan val_acc=nan val_loss=nan best=-1.0000
[step 0030/150] method=baseline_cagrad loss=0.4545 train_acc=nan train_loss=nan val_acc=nan val_loss=nan best=-1.0000
[step 0040/150] method=baseline_cagrad loss=0.1596 train_acc=nan train_loss=nan val_acc=nan val_loss=nan best=-1.0000
[step 0050/150] method=baseline_cagrad loss=0.0974 train_acc=0.8570 train_loss=0.4008 val_acc=0.7959 val_loss=0.5884 router_H=0.6684 best=0.7959
           router_load=[0.10828298330307007, 0.005956793669611216, 0.4012712240219116, 0.4844890236854553]
[step 0060/150] method=baseline_cagrad loss=0.2169 train_acc=0.8570 train_loss=0.4008 val_acc=0.7959 val_loss=0.5884 router_H=0.6684 best=0.7959
           router_load=[0.10828298330307007, 0.005956793669611216, 0.4012712240219116, 0.4844890236854553]
[step 0070/150] method=baseline_cagrad loss=0.4241 train_acc=0.8570 train_loss=0.4008 val_acc=0.7959 val_loss=0.5884 router_H=0.6684 best=0.7959
           router_load=[0.10828298330307007, 0.005956793669611216, 0.4012712240219116, 0.4844890236854553]
[step 0080/150] method=baseline_cagrad loss=0.3453 train_acc=0.8570 train_loss=0.4008 val_acc=0.7959 val_loss=0.5884 router_H=0.6684 best=0.7959
           router_load=[0.10828298330307007, 0.005956793669611216, 0.4012712240219116, 0.4844890236854553]
[step 0090/150] method=baseline_cagrad loss=0.3124 train_acc=0.8570 train_loss=0.4008 val_acc=0.7959 val_loss=0.5884 router_H=0.6684 best=0.7959
           router_load=[0.10828298330307007, 0.005956793669611216, 0.4012712240219116, 0.4844890236854553]
[step 0100/150] method=baseline_cagrad loss=0.2061 train_acc=0.8965 train_loss=0.2930 val_acc=0.8612 val_loss=0.3730 router_H=0.6791 best=0.8612
           router_load=[0.12734408676624298, 0.0009168217075057328, 0.418904185295105, 0.4528349041938782]
[step 0110/150] method=baseline_cagrad loss=0.1999 train_acc=0.8965 train_loss=0.2930 val_acc=0.8612 val_loss=0.3730 router_H=0.6791 best=0.8612
           router_load=[0.12734408676624298, 0.0009168217075057328, 0.418904185295105, 0.4528349041938782]
[step 0120/150] method=baseline_cagrad loss=0.5058 train_acc=0.8965 train_loss=0.2930 val_acc=0.8612 val_loss=0.3730 router_H=0.6791 best=0.8612
           router_load=[0.12734408676624298, 0.0009168217075057328, 0.418904185295105, 0.4528349041938782]
[step 0130/150] method=baseline_cagrad loss=0.3171 train_acc=0.8965 train_loss=0.2930 val_acc=0.8612 val_loss=0.3730 router_H=0.6791 best=0.8612
           router_load=[0.12734408676624298, 0.0009168217075057328, 0.418904185295105, 0.4528349041938782]
[step 0140/150] method=baseline_cagrad loss=0.3069 train_acc=0.8965 train_loss=0.2930 val_acc=0.8612 val_loss=0.3730 router_H=0.6791 best=0.8612
           router_load=[0.12734408676624298, 0.0009168217075057328, 0.418904185295105, 0.4528349041938782]
[step 0150/150] method=baseline_cagrad loss=0.3291 train_acc=0.9200 train_loss=0.2200 val_acc=0.9151 val_loss=0.2229 router_H=0.6857 best=0.9151
           router_load=[0.17779989540576935, 0.0013322019949555397, 0.4918670058250427, 0.3290010392665863]
saved summary -> /home/zhujjing/MOE-grad-conflict-routing/runs/paper_suite/single_gpu/single_task/deberta_sst2_lora_e4_k2_supplement/hpo/cagrad/trial_runs/coord_04_method_baseline_cagrad_c_017/cagrad_s2.json
saved curve -> /home/zhujjing/MOE-grad-conflict-routing/runs/paper_suite/single_gpu/single_task/deberta_sst2_lora_e4_k2_supplement/hpo/cagrad/trial_runs/coord_04_method_baseline_cagrad_c_017/cagrad_s2_curve.csv
