[run] method=ours candidate=coord_02_train_weight_decay_022 seed=3 steps=150 gpu=0
[run] cmd=
/home/zhujjing/anaconda3/envs/moe/bin/python /home/zhujjing/MOE-grad-conflict-routing/scripts/run.py --config configs/singletask_rte_real.yaml --set model.backbone_backend=hf --set model.hf_load_pretrained=true --set model.backbone=deberta --set model.hf_pretrained_name=microsoft/deberta-v3-base --set model.expert_type=ffn --set model.routing_mode=topk --set model.num_experts=4 --set model.top_k=2 --set seed=3 --set method.name=ours --set train.steps=150 --set train.eval_every_steps=50 --set method.ours.use_load_norm=true --set method.ours.lambda_align=0.001 --set train.grad_clip=1 --set train.lr=4.233346635e-05 --set train.weight_decay=0.01547655633 --out /home/zhujjing/MOE-grad-conflict-routing/runs/paper_suite/single_gpu/single_task/deberta_rte_ffn_e4_k2/hpo/ours/trial_runs/coord_02_train_weight_decay_022/ours_s3.json --curve_out /home/zhujjing/MOE-grad-conflict-routing/runs/paper_suite/single_gpu/single_task/deberta_rte_ffn_e4_k2/hpo/ours/trial_runs/coord_02_train_weight_decay_022/ours_s3_curve.csv
Using the latest cached version of the dataset since glue couldn't be found on the Hugging Face Hub (offline mode is enabled).
Found the latest cached dataset configuration 'rte' at /home/zhujjing/hf_cache/datasets/glue/rte/0.0.0/bcdcba79d07bc864c1c254ccfcedcce55bcc9a8c (last modified on Thu Mar 19 15:00:36 2026).
/home/zhujjing/anaconda3/envs/moe/lib/python3.10/site-packages/transformers/utils/hub.py:124: FutureWarning: Using `TRANSFORMERS_CACHE` is deprecated and will be removed in v5 of Transformers. Use `HF_HOME` instead.
  warnings.warn(
/home/zhujjing/anaconda3/envs/moe/lib/python3.10/site-packages/transformers/convert_slow_tokenizer.py:560: UserWarning: The sentencepiece tokenizer that you are converting to a fast tokenizer uses the byte fallback option which is not implemented in the fast tokenizers. In practice this means that the fast version of the tokenizer can produce unknown tokens whereas the sentencepiece version would have converted these unknown tokens into a sequence of byte tokens matching the original piece of text.
  warnings.warn(
[step 0001/150] method=ours loss=0.7146 train_acc=nan train_loss=nan val_acc=nan val_loss=nan best=-1.0000
[step 0010/150] method=ours loss=0.6830 train_acc=nan train_loss=nan val_acc=nan val_loss=nan best=-1.0000
[step 0020/150] method=ours loss=0.6425 train_acc=nan train_loss=nan val_acc=nan val_loss=nan best=-1.0000
[step 0030/150] method=ours loss=0.4981 train_acc=nan train_loss=nan val_acc=nan val_loss=nan best=-1.0000
[step 0040/150] method=ours loss=0.8937 train_acc=nan train_loss=nan val_acc=nan val_loss=nan best=-1.0000
[step 0050/150] method=ours loss=0.5945 train_acc=0.7494 train_loss=0.5598 val_acc=0.6643 val_loss=0.6069 router_H=0.6731 best=0.6643
           router_load=[0.5051345825195312, 0.0, 0.04831381514668465, 0.44655153155326843]
[step 0060/150] method=ours loss=0.4153 train_acc=0.7494 train_loss=0.5598 val_acc=0.6643 val_loss=0.6069 router_H=0.6731 best=0.6643
           router_load=[0.5051345825195312, 0.0, 0.04831381514668465, 0.44655153155326843]
[step 0070/150] method=ours loss=0.7672 train_acc=0.7494 train_loss=0.5598 val_acc=0.6643 val_loss=0.6069 router_H=0.6731 best=0.6643
           router_load=[0.5051345825195312, 0.0, 0.04831381514668465, 0.44655153155326843]
[step 0080/150] method=ours loss=0.3765 train_acc=0.7494 train_loss=0.5598 val_acc=0.6643 val_loss=0.6069 router_H=0.6731 best=0.6643
           router_load=[0.5051345825195312, 0.0, 0.04831381514668465, 0.44655153155326843]
[step 0090/150] method=ours loss=0.5774 train_acc=0.7494 train_loss=0.5598 val_acc=0.6643 val_loss=0.6069 router_H=0.6731 best=0.6643
           router_load=[0.5051345825195312, 0.0, 0.04831381514668465, 0.44655153155326843]
[step 0100/150] method=ours loss=0.9998 train_acc=0.7394 train_loss=0.4933 val_acc=0.6426 val_loss=0.6566 router_H=0.5017 best=0.6643
           router_load=[0.2387520968914032, 0.007121628616005182, 0.00732171256095171, 0.7468045949935913]
[step 0110/150] method=ours loss=0.4399 train_acc=0.7394 train_loss=0.4933 val_acc=0.6426 val_loss=0.6566 router_H=0.5017 best=0.6643
           router_load=[0.2387520968914032, 0.007121628616005182, 0.00732171256095171, 0.7468045949935913]
[step 0120/150] method=ours loss=0.4516 train_acc=0.7394 train_loss=0.4933 val_acc=0.6426 val_loss=0.6566 router_H=0.5017 best=0.6643
           router_load=[0.2387520968914032, 0.007121628616005182, 0.00732171256095171, 0.7468045949935913]
[step 0130/150] method=ours loss=0.6291 train_acc=0.7394 train_loss=0.4933 val_acc=0.6426 val_loss=0.6566 router_H=0.5017 best=0.6643
           router_load=[0.2387520968914032, 0.007121628616005182, 0.00732171256095171, 0.7468045949935913]
[step 0140/150] method=ours loss=0.3451 train_acc=0.7394 train_loss=0.4933 val_acc=0.6426 val_loss=0.6566 router_H=0.5017 best=0.6643
           router_load=[0.2387520968914032, 0.007121628616005182, 0.00732171256095171, 0.7468045949935913]
[step 0150/150] method=ours loss=0.2556 train_acc=0.8920 train_loss=0.2770 val_acc=0.7617 val_loss=0.4947 router_H=0.6246 best=0.7617
           router_load=[0.4447765052318573, 0.002388886408880353, 0.2211265116930008, 0.3317081034183502]
saved summary -> /home/zhujjing/MOE-grad-conflict-routing/runs/paper_suite/single_gpu/single_task/deberta_rte_ffn_e4_k2/hpo/ours/trial_runs/coord_02_train_weight_decay_022/ours_s3.json
saved curve -> /home/zhujjing/MOE-grad-conflict-routing/runs/paper_suite/single_gpu/single_task/deberta_rte_ffn_e4_k2/hpo/ours/trial_runs/coord_02_train_weight_decay_022/ours_s3_curve.csv
