[run] method=ours candidate=coord_02_train_weight_decay_002 seed=2 steps=200 gpu=0
[run] cmd=
/root/miniconda3/envs/optimization/bin/python /root/Optimization/MOE-grad-conflict-routing-appendix2/scripts/run.py --config configs/singletask_cola_real.yaml --set model.backbone_backend=hf --set model.hf_load_pretrained=true --set model.hf_local_files_only=1 --set model.backbone=roberta --set model.hf_pretrained_name=roberta-base --set model.expert_type=ffn --set model.routing_mode=topk --set model.num_experts=4 --set model.top_k=2 --set train.eval_val_fraction=0.2 --set train.skip_train_eval=true --set seed=2 --set method.name=ours --set train.steps=200 --set train.eval_every_steps=100 --set method.ours.use_load_norm=true --set method.ours.lambda_align=0.001 --set train.grad_clip=1 --set train.lr=2.555178414e-05 --set train.weight_decay=0.03175375625 --out /root/Optimization/MOE-grad-conflict-routing-appendix2/runs/paper_suite_server3/experiment4/single_task/roberta_cola_ffn_e4_k2/_method_workers/ours/hpo/ours/trial_runs/coord_02_train_weight_decay_002/ours_s2.json --curve_out /root/Optimization/MOE-grad-conflict-routing-appendix2/runs/paper_suite_server3/experiment4/single_task/roberta_cola_ffn_e4_k2/_method_workers/ours/hpo/ours/trial_runs/coord_02_train_weight_decay_002/ours_s2_curve.csv
Using the latest cached version of the dataset since glue couldn't be found on the Hugging Face Hub (offline mode is enabled).
Found the latest cached dataset configuration 'cola' at /root/.cache/huggingface/datasets/glue/cola/0.0.0/bcdcba79d07bc864c1c254ccfcedcce55bcc9a8c (last modified on Thu Mar 26 23:46:11 2026).
Loading weights:   0%|          | 0/197 [00:00<?, ?it/s]Loading weights: 100%|██████████| 197/197 [00:00<00:00, 20628.58it/s]
[1mRobertaModel LOAD REPORT[0m from: roberta-base
Key                             | Status     | 
--------------------------------+------------+-
lm_head.layer_norm.bias         | UNEXPECTED | 
lm_head.dense.bias              | UNEXPECTED | 
lm_head.bias                    | UNEXPECTED | 
lm_head.layer_norm.weight       | UNEXPECTED | 
lm_head.dense.weight            | UNEXPECTED | 
roberta.embeddings.position_ids | UNEXPECTED | 
pooler.dense.bias               | MISSING    | 
pooler.dense.weight             | MISSING    | 

[3mNotes:
- UNEXPECTED[3m	:can be ignored when loading from different task/architecture; not ok if you expect identical arch.
- MISSING[3m	:those params were newly initialized because missing from the checkpoint. Consider training on your downstream task.[0m
[step 0001/200] method=ours loss=0.6912 train_acc=nan train_loss=nan val_acc=nan val_loss=nan best=-1.0000
[step 0010/200] method=ours loss=0.5133 train_acc=nan train_loss=nan val_acc=nan val_loss=nan best=-1.0000
[step 0020/200] method=ours loss=0.6335 train_acc=nan train_loss=nan val_acc=nan val_loss=nan best=-1.0000
[step 0030/200] method=ours loss=0.5518 train_acc=nan train_loss=nan val_acc=nan val_loss=nan best=-1.0000
[step 0040/200] method=ours loss=0.3924 train_acc=nan train_loss=nan val_acc=nan val_loss=nan best=-1.0000
[step 0050/200] method=ours loss=0.3907 train_acc=nan train_loss=nan val_acc=nan val_loss=nan best=-1.0000
[step 0060/200] method=ours loss=0.4688 train_acc=nan train_loss=nan val_acc=nan val_loss=nan best=-1.0000
[step 0070/200] method=ours loss=0.4484 train_acc=nan train_loss=nan val_acc=nan val_loss=nan best=-1.0000
[step 0080/200] method=ours loss=0.6401 train_acc=nan train_loss=nan val_acc=nan val_loss=nan best=-1.0000
[step 0090/200] method=ours loss=0.5427 train_acc=nan train_loss=nan val_acc=nan val_loss=nan best=-1.0000
[step 0100/200] method=ours loss=0.5157 train_acc=nan train_loss=nan val_acc=0.7545 val_loss=0.5282 router_H=0.5211 best=0.7545
           router_load=[0.09928964078426361, 0.0612664632499218, 0.07730630785226822, 0.7621375322341919]
[step 0110/200] method=ours loss=0.6221 train_acc=nan train_loss=nan val_acc=0.7545 val_loss=0.5282 router_H=0.5211 best=0.7545
           router_load=[0.09928964078426361, 0.0612664632499218, 0.07730630785226822, 0.7621375322341919]
[step 0120/200] method=ours loss=0.5699 train_acc=nan train_loss=nan val_acc=0.7545 val_loss=0.5282 router_H=0.5211 best=0.7545
           router_load=[0.09928964078426361, 0.0612664632499218, 0.07730630785226822, 0.7621375322341919]
[step 0130/200] method=ours loss=0.4514 train_acc=nan train_loss=nan val_acc=0.7545 val_loss=0.5282 router_H=0.5211 best=0.7545
           router_load=[0.09928964078426361, 0.0612664632499218, 0.07730630785226822, 0.7621375322341919]
[step 0140/200] method=ours loss=0.4807 train_acc=nan train_loss=nan val_acc=0.7545 val_loss=0.5282 router_H=0.5211 best=0.7545
           router_load=[0.09928964078426361, 0.0612664632499218, 0.07730630785226822, 0.7621375322341919]
[step 0150/200] method=ours loss=0.6329 train_acc=nan train_loss=nan val_acc=0.7545 val_loss=0.5282 router_H=0.5211 best=0.7545
           router_load=[0.09928964078426361, 0.0612664632499218, 0.07730630785226822, 0.7621375322341919]
[step 0160/200] method=ours loss=0.4250 train_acc=nan train_loss=nan val_acc=0.7545 val_loss=0.5282 router_H=0.5211 best=0.7545
           router_load=[0.09928964078426361, 0.0612664632499218, 0.07730630785226822, 0.7621375322341919]
[step 0170/200] method=ours loss=0.6215 train_acc=nan train_loss=nan val_acc=0.7545 val_loss=0.5282 router_H=0.5211 best=0.7545
           router_load=[0.09928964078426361, 0.0612664632499218, 0.07730630785226822, 0.7621375322341919]
[step 0180/200] method=ours loss=0.6114 train_acc=nan train_loss=nan val_acc=0.7545 val_loss=0.5282 router_H=0.5211 best=0.7545
           router_load=[0.09928964078426361, 0.0612664632499218, 0.07730630785226822, 0.7621375322341919]
[step 0190/200] method=ours loss=0.5532 train_acc=nan train_loss=nan val_acc=0.7545 val_loss=0.5282 router_H=0.5211 best=0.7545
           router_load=[0.09928964078426361, 0.0612664632499218, 0.07730630785226822, 0.7621375322341919]
[step 0200/200] method=ours loss=0.9150 train_acc=nan train_loss=nan val_acc=0.7009 val_loss=0.7493 router_H=0.4037 best=0.7545
           router_load=[0.12393846362829208, 0.019932398572564125, 0.00681344186887145, 0.8493156433105469]
saved summary -> /root/Optimization/MOE-grad-conflict-routing-appendix2/runs/paper_suite_server3/experiment4/single_task/roberta_cola_ffn_e4_k2/_method_workers/ours/hpo/ours/trial_runs/coord_02_train_weight_decay_002/ours_s2.json
saved curve -> /root/Optimization/MOE-grad-conflict-routing-appendix2/runs/paper_suite_server3/experiment4/single_task/roberta_cola_ffn_e4_k2/_method_workers/ours/hpo/ours/trial_runs/coord_02_train_weight_decay_002/ours_s2_curve.csv
