[run] method=baseline candidate=coord_03_train_grad_clip_022 seed=2 steps=150 gpu=0
[run] cmd=
/home/zhujjing/anaconda3/envs/moe/bin/python /home/zhujjing/MOE-grad-conflict-routing/scripts/run.py --config configs/singletask_sst2_real.yaml --set model.backbone_backend=hf --set model.hf_load_pretrained=true --set model.backbone=roberta --set model.hf_pretrained_name=roberta-base --set model.expert_type=ffn --set model.routing_mode=topk --set model.num_experts=4 --set model.top_k=2 --set seed=2 --set method.name=baseline_avg --set train.steps=150 --set train.eval_every_steps=50 --set train.grad_clip=1.893864488 --set train.lr=3.842377498e-05 --set train.weight_decay=0.04458013788 --out /home/zhujjing/MOE-grad-conflict-routing/runs/paper_suite/single_gpu/single_task/roberta_sst2_ffn_e4_k2/hpo/baseline/trial_runs/coord_03_train_grad_clip_022/baseline_s2.json --curve_out /home/zhujjing/MOE-grad-conflict-routing/runs/paper_suite/single_gpu/single_task/roberta_sst2_ffn_e4_k2/hpo/baseline/trial_runs/coord_03_train_grad_clip_022/baseline_s2_curve.csv
Using the latest cached version of the dataset since glue couldn't be found on the Hugging Face Hub (offline mode is enabled).
Found the latest cached dataset configuration 'sst2' at /home/zhujjing/hf_cache/datasets/glue/sst2/0.0.0/bcdcba79d07bc864c1c254ccfcedcce55bcc9a8c (last modified on Thu Mar 19 15:01:41 2026).
/home/zhujjing/anaconda3/envs/moe/lib/python3.10/site-packages/transformers/utils/hub.py:124: FutureWarning: Using `TRANSFORMERS_CACHE` is deprecated and will be removed in v5 of Transformers. Use `HF_HOME` instead.
  warnings.warn(
Some weights of RobertaModel were not initialized from the model checkpoint at roberta-base and are newly initialized: ['roberta.pooler.dense.bias', 'roberta.pooler.dense.weight']
You should probably TRAIN this model on a down-stream task to be able to use it for predictions and inference.
[step 0001/150] method=baseline_avg loss=0.7021 train_acc=nan train_loss=nan val_acc=nan val_loss=nan best=-1.0000
[step 0010/150] method=baseline_avg loss=0.7247 train_acc=nan train_loss=nan val_acc=nan val_loss=nan best=-1.0000
[step 0020/150] method=baseline_avg loss=0.5443 train_acc=nan train_loss=nan val_acc=nan val_loss=nan best=-1.0000
[step 0030/150] method=baseline_avg loss=0.4062 train_acc=nan train_loss=nan val_acc=nan val_loss=nan best=-1.0000
[step 0040/150] method=baseline_avg loss=0.4270 train_acc=nan train_loss=nan val_acc=nan val_loss=nan best=-1.0000
[step 0050/150] method=baseline_avg loss=0.3084 train_acc=0.7511 train_loss=0.4984 val_acc=0.6651 val_loss=0.6154 router_H=0.5807 best=0.6651
           router_load=[0.7246848344802856, 0.2750371992588043, 0.0, 0.0002779727801680565]
[step 0060/150] method=baseline_avg loss=0.4828 train_acc=0.7511 train_loss=0.4984 val_acc=0.6651 val_loss=0.6154 router_H=0.5807 best=0.6651
           router_load=[0.7246848344802856, 0.2750371992588043, 0.0, 0.0002779727801680565]
[step 0070/150] method=baseline_avg loss=0.4606 train_acc=0.7511 train_loss=0.4984 val_acc=0.6651 val_loss=0.6154 router_H=0.5807 best=0.6651
           router_load=[0.7246848344802856, 0.2750371992588043, 0.0, 0.0002779727801680565]
[step 0080/150] method=baseline_avg loss=0.4559 train_acc=0.7511 train_loss=0.4984 val_acc=0.6651 val_loss=0.6154 router_H=0.5807 best=0.6651
           router_load=[0.7246848344802856, 0.2750371992588043, 0.0, 0.0002779727801680565]
[step 0090/150] method=baseline_avg loss=0.2329 train_acc=0.7511 train_loss=0.4984 val_acc=0.6651 val_loss=0.6154 router_H=0.5807 best=0.6651
           router_load=[0.7246848344802856, 0.2750371992588043, 0.0, 0.0002779727801680565]
[step 0100/150] method=baseline_avg loss=0.6947 train_acc=0.8390 train_loss=0.4387 val_acc=0.8119 val_loss=0.4721 router_H=0.5506 best=0.8119
           router_load=[0.688141942024231, 0.31185799837112427, 0.0, 0.0]
[step 0110/150] method=baseline_avg loss=0.3890 train_acc=0.8390 train_loss=0.4387 val_acc=0.8119 val_loss=0.4721 router_H=0.5506 best=0.8119
           router_load=[0.688141942024231, 0.31185799837112427, 0.0, 0.0]
[step 0120/150] method=baseline_avg loss=0.5250 train_acc=0.8390 train_loss=0.4387 val_acc=0.8119 val_loss=0.4721 router_H=0.5506 best=0.8119
           router_load=[0.688141942024231, 0.31185799837112427, 0.0, 0.0]
[step 0130/150] method=baseline_avg loss=0.3894 train_acc=0.8390 train_loss=0.4387 val_acc=0.8119 val_loss=0.4721 router_H=0.5506 best=0.8119
           router_load=[0.688141942024231, 0.31185799837112427, 0.0, 0.0]
[step 0140/150] method=baseline_avg loss=0.3791 train_acc=0.8390 train_loss=0.4387 val_acc=0.8119 val_loss=0.4721 router_H=0.5506 best=0.8119
           router_load=[0.688141942024231, 0.31185799837112427, 0.0, 0.0]
[step 0150/150] method=baseline_avg loss=0.5554 train_acc=0.8351 train_loss=0.3630 val_acc=0.8429 val_loss=0.3478 router_H=0.6191 best=0.8429
           router_load=[0.6560681462287903, 0.34393176436424255, 0.0, 0.0]
saved summary -> /home/zhujjing/MOE-grad-conflict-routing/runs/paper_suite/single_gpu/single_task/roberta_sst2_ffn_e4_k2/hpo/baseline/trial_runs/coord_03_train_grad_clip_022/baseline_s2.json
saved curve -> /home/zhujjing/MOE-grad-conflict-routing/runs/paper_suite/single_gpu/single_task/roberta_sst2_ffn_e4_k2/hpo/baseline/trial_runs/coord_03_train_grad_clip_022/baseline_s2_curve.csv
