[run] method=ours candidate=local_var_topk_025 seed=3 steps=200 gpu=0
[run] cmd=
/home/zhujjing/anaconda3/envs/moe/bin/python /home/zhujjing/MOE-grad-conflict-routing/scripts/run.py --config configs/multitask_glue3_rte_mrpc_cola_real.yaml --set model.backbone_backend=hf --set model.hf_load_pretrained=true --set model.hf_local_files_only=true --set model.backbone=roberta --set model.hf_pretrained_name=roberta-base --set model.expert_type=lora --set model.routing_mode=topk --set model.num_experts=4 --set model.top_k=2 --set train.eval_train_fraction=0.10 --set train.eval_train_max_batches=-1 --set train.eval_max_batches=-1 --set seed=3 --set method.name=ours --set train.steps=200 --set train.eval_every_steps=100 --set method.ours.use_load_norm=true --set method.ours.lambda_align=0.0002708806329 --set train.grad_clip=1.536374401 --set train.lr=4e-05 --set train.weight_decay=0.03802613487 --out /home/zhujjing/MOE-grad-conflict-routing/runs/paper_suite/single_gpu/multi_task/glue3_roberta_lora_e4_k2/hpo/ours/trial_runs/local_var_topk_025/ours_s3.json --curve_out /home/zhujjing/MOE-grad-conflict-routing/runs/paper_suite/single_gpu/multi_task/glue3_roberta_lora_e4_k2/hpo/ours/trial_runs/local_var_topk_025/ours_s3_curve.csv
Using the latest cached version of the dataset since glue couldn't be found on the Hugging Face Hub (offline mode is enabled).
Found the latest cached dataset configuration 'rte' at /home/zhujjing/hf_cache/datasets/glue/rte/0.0.0/bcdcba79d07bc864c1c254ccfcedcce55bcc9a8c (last modified on Thu Mar 19 15:00:36 2026).
/home/zhujjing/anaconda3/envs/moe/lib/python3.10/site-packages/transformers/utils/hub.py:124: FutureWarning: Using `TRANSFORMERS_CACHE` is deprecated and will be removed in v5 of Transformers. Use `HF_HOME` instead.
  warnings.warn(
Using the latest cached version of the dataset since glue couldn't be found on the Hugging Face Hub (offline mode is enabled).
Found the latest cached dataset configuration 'mrpc' at /home/zhujjing/hf_cache/datasets/glue/mrpc/0.0.0/bcdcba79d07bc864c1c254ccfcedcce55bcc9a8c (last modified on Thu Mar 19 15:01:06 2026).
Using the latest cached version of the dataset since glue couldn't be found on the Hugging Face Hub (offline mode is enabled).
Found the latest cached dataset configuration 'cola' at /home/zhujjing/hf_cache/datasets/glue/cola/0.0.0/bcdcba79d07bc864c1c254ccfcedcce55bcc9a8c (last modified on Thu Mar 19 15:02:09 2026).
Some weights of RobertaModel were not initialized from the model checkpoint at roberta-base and are newly initialized: ['roberta.pooler.dense.bias', 'roberta.pooler.dense.weight']
You should probably TRAIN this model on a down-stream task to be able to use it for predictions and inference.
[step 0001/200] method=ours loss=0.6725 train_acc=nan train_loss=nan val_acc=nan val_loss=nan best=-1.0000
[step 0010/200] method=ours loss=0.6095 train_acc=nan train_loss=nan val_acc=nan val_loss=nan best=-1.0000
[step 0020/200] method=ours loss=0.4780 train_acc=nan train_loss=nan val_acc=nan val_loss=nan best=-1.0000
[step 0030/200] method=ours loss=0.6020 train_acc=nan train_loss=nan val_acc=nan val_loss=nan best=-1.0000
[step 0040/200] method=ours loss=0.6670 train_acc=nan train_loss=nan val_acc=nan val_loss=nan best=-1.0000
[step 0050/200] method=ours loss=0.5920 train_acc=nan train_loss=nan val_acc=nan val_loss=nan best=-1.0000
[step 0060/200] method=ours loss=0.5944 train_acc=nan train_loss=nan val_acc=nan val_loss=nan best=-1.0000
[step 0070/200] method=ours loss=0.6033 train_acc=nan train_loss=nan val_acc=nan val_loss=nan best=-1.0000
[step 0080/200] method=ours loss=0.7171 train_acc=nan train_loss=nan val_acc=nan val_loss=nan best=-1.0000
[step 0090/200] method=ours loss=0.4623 train_acc=nan train_loss=nan val_acc=nan val_loss=nan best=-1.0000
[step 0100/200] method=ours loss=0.6229 train_acc=0.6525 train_loss=0.5976 val_acc=0.6334 val_loss=0.6187 router_H=0.6810 best=0.6334
           router_load=[0.001107183052226901, 0.372503399848938, 0.574557363986969, 0.05183209851384163]
[step 0110/200] method=ours loss=0.5386 train_acc=0.6525 train_loss=0.5976 val_acc=0.6334 val_loss=0.6187 router_H=0.6810 best=0.6334
           router_load=[0.001107183052226901, 0.372503399848938, 0.574557363986969, 0.05183209851384163]
[step 0120/200] method=ours loss=0.5236 train_acc=0.6525 train_loss=0.5976 val_acc=0.6334 val_loss=0.6187 router_H=0.6810 best=0.6334
           router_load=[0.001107183052226901, 0.372503399848938, 0.574557363986969, 0.05183209851384163]
[step 0130/200] method=ours loss=0.4439 train_acc=0.6525 train_loss=0.5976 val_acc=0.6334 val_loss=0.6187 router_H=0.6810 best=0.6334
           router_load=[0.001107183052226901, 0.372503399848938, 0.574557363986969, 0.05183209851384163]
[step 0140/200] method=ours loss=0.5734 train_acc=0.6525 train_loss=0.5976 val_acc=0.6334 val_loss=0.6187 router_H=0.6810 best=0.6334
           router_load=[0.001107183052226901, 0.372503399848938, 0.574557363986969, 0.05183209851384163]
[step 0150/200] method=ours loss=0.6117 train_acc=0.6525 train_loss=0.5976 val_acc=0.6334 val_loss=0.6187 router_H=0.6810 best=0.6334
           router_load=[0.001107183052226901, 0.372503399848938, 0.574557363986969, 0.05183209851384163]
[step 0160/200] method=ours loss=0.5145 train_acc=0.6525 train_loss=0.5976 val_acc=0.6334 val_loss=0.6187 router_H=0.6810 best=0.6334
           router_load=[0.001107183052226901, 0.372503399848938, 0.574557363986969, 0.05183209851384163]
[step 0170/200] method=ours loss=0.8485 train_acc=0.6525 train_loss=0.5976 val_acc=0.6334 val_loss=0.6187 router_H=0.6810 best=0.6334
           router_load=[0.001107183052226901, 0.372503399848938, 0.574557363986969, 0.05183209851384163]
[step 0180/200] method=ours loss=0.6919 train_acc=0.6525 train_loss=0.5976 val_acc=0.6334 val_loss=0.6187 router_H=0.6810 best=0.6334
           router_load=[0.001107183052226901, 0.372503399848938, 0.574557363986969, 0.05183209851384163]
[step 0190/200] method=ours loss=0.7050 train_acc=0.6525 train_loss=0.5976 val_acc=0.6334 val_loss=0.6187 router_H=0.6810 best=0.6334
           router_load=[0.001107183052226901, 0.372503399848938, 0.574557363986969, 0.05183209851384163]
[step 0200/200] method=ours loss=0.6633 train_acc=0.6921 train_loss=0.5754 val_acc=0.6725 val_loss=0.5975 router_H=0.6842 best=0.6725
           router_load=[0.0, 0.34201309084892273, 0.5616786479949951, 0.09630819410085678]
saved summary -> /home/zhujjing/MOE-grad-conflict-routing/runs/paper_suite/single_gpu/multi_task/glue3_roberta_lora_e4_k2/hpo/ours/trial_runs/local_var_topk_025/ours_s3.json
saved curve -> /home/zhujjing/MOE-grad-conflict-routing/runs/paper_suite/single_gpu/multi_task/glue3_roberta_lora_e4_k2/hpo/ours/trial_runs/local_var_topk_025/ours_s3_curve.csv
