[run] method=ours candidate=coord_02_train_weight_decay_002 seed=3 steps=150 gpu=0
[run] cmd=
/home/zhujjing/anaconda3/envs/moe/bin/python /home/zhujjing/MOE-grad-conflict-routing/scripts/run.py --config configs/singletask_sst2_real.yaml --set model.backbone_backend=hf --set model.hf_load_pretrained=true --set model.hf_local_files_only=true --set model.backbone=deberta --set model.hf_pretrained_name=microsoft/deberta-v3-base --set model.expert_type=lora --set model.routing_mode=topk --set model.num_experts=4 --set model.top_k=2 --set seed=3 --set method.name=ours --set train.steps=150 --set train.eval_every_steps=50 --set method.ours.use_load_norm=true --set method.ours.lambda_align=0.001 --set train.grad_clip=1 --set train.lr=2.166929843e-05 --set train.weight_decay=0.002820878098 --out /home/zhujjing/MOE-grad-conflict-routing/runs/paper_suite/single_gpu/single_task/deberta_sst2_lora_e4_k2_supplement/hpo/ours/trial_runs/coord_02_train_weight_decay_002/ours_s3.json --curve_out /home/zhujjing/MOE-grad-conflict-routing/runs/paper_suite/single_gpu/single_task/deberta_sst2_lora_e4_k2_supplement/hpo/ours/trial_runs/coord_02_train_weight_decay_002/ours_s3_curve.csv
Using the latest cached version of the dataset since glue couldn't be found on the Hugging Face Hub (offline mode is enabled).
Found the latest cached dataset configuration 'sst2' at /home/zhujjing/hf_cache/datasets/glue/sst2/0.0.0/bcdcba79d07bc864c1c254ccfcedcce55bcc9a8c (last modified on Thu Mar 19 15:01:41 2026).
/home/zhujjing/anaconda3/envs/moe/lib/python3.10/site-packages/transformers/utils/hub.py:124: FutureWarning: Using `TRANSFORMERS_CACHE` is deprecated and will be removed in v5 of Transformers. Use `HF_HOME` instead.
  warnings.warn(
/home/zhujjing/anaconda3/envs/moe/lib/python3.10/site-packages/transformers/convert_slow_tokenizer.py:560: UserWarning: The sentencepiece tokenizer that you are converting to a fast tokenizer uses the byte fallback option which is not implemented in the fast tokenizers. In practice this means that the fast version of the tokenizer can produce unknown tokens whereas the sentencepiece version would have converted these unknown tokens into a sequence of byte tokens matching the original piece of text.
  warnings.warn(
[step 0001/150] method=ours loss=0.8977 train_acc=nan train_loss=nan val_acc=nan val_loss=nan best=-1.0000
[step 0010/150] method=ours loss=0.6111 train_acc=nan train_loss=nan val_acc=nan val_loss=nan best=-1.0000
[step 0020/150] method=ours loss=0.5812 train_acc=nan train_loss=nan val_acc=nan val_loss=nan best=-1.0000
[step 0030/150] method=ours loss=0.5624 train_acc=nan train_loss=nan val_acc=nan val_loss=nan best=-1.0000
[step 0040/150] method=ours loss=0.2870 train_acc=nan train_loss=nan val_acc=nan val_loss=nan best=-1.0000
[step 0050/150] method=ours loss=0.5646 train_acc=0.9045 train_loss=0.2647 val_acc=0.9048 val_loss=0.2422 router_H=0.6368 best=0.9048
           router_load=[0.38471096754074097, 0.5533393025398254, 0.0003031771339010447, 0.06164654344320297]
[step 0060/150] method=ours loss=0.4207 train_acc=0.9045 train_loss=0.2647 val_acc=0.9048 val_loss=0.2422 router_H=0.6368 best=0.9048
           router_load=[0.38471096754074097, 0.5533393025398254, 0.0003031771339010447, 0.06164654344320297]
[step 0070/150] method=ours loss=0.1199 train_acc=0.9045 train_loss=0.2647 val_acc=0.9048 val_loss=0.2422 router_H=0.6368 best=0.9048
           router_load=[0.38471096754074097, 0.5533393025398254, 0.0003031771339010447, 0.06164654344320297]
[step 0080/150] method=ours loss=0.1038 train_acc=0.9045 train_loss=0.2647 val_acc=0.9048 val_loss=0.2422 router_H=0.6368 best=0.9048
           router_load=[0.38471096754074097, 0.5533393025398254, 0.0003031771339010447, 0.06164654344320297]
[step 0090/150] method=ours loss=0.1548 train_acc=0.9045 train_loss=0.2647 val_acc=0.9048 val_loss=0.2422 router_H=0.6368 best=0.9048
           router_load=[0.38471096754074097, 0.5533393025398254, 0.0003031771339010447, 0.06164654344320297]
[step 0100/150] method=ours loss=0.4625 train_acc=0.9056 train_loss=0.2626 val_acc=0.9083 val_loss=0.2486 router_H=0.6340 best=0.9083
           router_load=[0.31696394085884094, 0.5936523079872131, 0.010013961233198643, 0.07936980575323105]
[step 0110/150] method=ours loss=0.5151 train_acc=0.9056 train_loss=0.2626 val_acc=0.9083 val_loss=0.2486 router_H=0.6340 best=0.9083
           router_load=[0.31696394085884094, 0.5936523079872131, 0.010013961233198643, 0.07936980575323105]
[step 0120/150] method=ours loss=0.5085 train_acc=0.9056 train_loss=0.2626 val_acc=0.9083 val_loss=0.2486 router_H=0.6340 best=0.9083
           router_load=[0.31696394085884094, 0.5936523079872131, 0.010013961233198643, 0.07936980575323105]
[step 0130/150] method=ours loss=0.1781 train_acc=0.9056 train_loss=0.2626 val_acc=0.9083 val_loss=0.2486 router_H=0.6340 best=0.9083
           router_load=[0.31696394085884094, 0.5936523079872131, 0.010013961233198643, 0.07936980575323105]
[step 0140/150] method=ours loss=0.1653 train_acc=0.9056 train_loss=0.2626 val_acc=0.9083 val_loss=0.2486 router_H=0.6340 best=0.9083
           router_load=[0.31696394085884094, 0.5936523079872131, 0.010013961233198643, 0.07936980575323105]
[step 0150/150] method=ours loss=0.2172 train_acc=0.9221 train_loss=0.2052 val_acc=0.9312 val_loss=0.1845 router_H=0.6503 best=0.9312
           router_load=[0.4047974646091461, 0.5475249290466309, 0.005773281678557396, 0.041904158890247345]
saved summary -> /home/zhujjing/MOE-grad-conflict-routing/runs/paper_suite/single_gpu/single_task/deberta_sst2_lora_e4_k2_supplement/hpo/ours/trial_runs/coord_02_train_weight_decay_002/ours_s3.json
saved curve -> /home/zhujjing/MOE-grad-conflict-routing/runs/paper_suite/single_gpu/single_task/deberta_sst2_lora_e4_k2_supplement/hpo/ours/trial_runs/coord_02_train_weight_decay_002/ours_s3_curve.csv
