[run] method=ours candidate=coord_02_train_weight_decay_021 seed=3 steps=150 gpu=0
[run] cmd=
/home/zhujjing/anaconda3/envs/moe/bin/python /home/zhujjing/MOE-grad-conflict-routing/scripts/run.py --config configs/singletask_sst2_real.yaml --set model.backbone_backend=hf --set model.hf_load_pretrained=true --set model.hf_local_files_only=true --set model.backbone=deberta --set model.hf_pretrained_name=microsoft/deberta-v3-base --set model.expert_type=lora --set model.routing_mode=topk --set model.num_experts=4 --set model.top_k=2 --set seed=3 --set method.name=ours --set train.steps=150 --set train.eval_every_steps=50 --set method.ours.use_load_norm=true --set method.ours.lambda_align=0.001 --set train.grad_clip=1 --set train.lr=2.166929843e-05 --set train.weight_decay=0.03850320698 --out /home/zhujjing/MOE-grad-conflict-routing/runs/paper_suite/single_gpu/single_task/deberta_sst2_lora_e4_k2_supplement/hpo/ours/trial_runs/coord_02_train_weight_decay_021/ours_s3.json --curve_out /home/zhujjing/MOE-grad-conflict-routing/runs/paper_suite/single_gpu/single_task/deberta_sst2_lora_e4_k2_supplement/hpo/ours/trial_runs/coord_02_train_weight_decay_021/ours_s3_curve.csv
Using the latest cached version of the dataset since glue couldn't be found on the Hugging Face Hub (offline mode is enabled).
Found the latest cached dataset configuration 'sst2' at /home/zhujjing/hf_cache/datasets/glue/sst2/0.0.0/bcdcba79d07bc864c1c254ccfcedcce55bcc9a8c (last modified on Thu Mar 19 15:01:41 2026).
/home/zhujjing/anaconda3/envs/moe/lib/python3.10/site-packages/transformers/utils/hub.py:124: FutureWarning: Using `TRANSFORMERS_CACHE` is deprecated and will be removed in v5 of Transformers. Use `HF_HOME` instead.
  warnings.warn(
/home/zhujjing/anaconda3/envs/moe/lib/python3.10/site-packages/transformers/convert_slow_tokenizer.py:560: UserWarning: The sentencepiece tokenizer that you are converting to a fast tokenizer uses the byte fallback option which is not implemented in the fast tokenizers. In practice this means that the fast version of the tokenizer can produce unknown tokens whereas the sentencepiece version would have converted these unknown tokens into a sequence of byte tokens matching the original piece of text.
  warnings.warn(
[step 0001/150] method=ours loss=0.5855 train_acc=nan train_loss=nan val_acc=nan val_loss=nan best=-1.0000
[step 0010/150] method=ours loss=0.6296 train_acc=nan train_loss=nan val_acc=nan val_loss=nan best=-1.0000
[step 0020/150] method=ours loss=0.5372 train_acc=nan train_loss=nan val_acc=nan val_loss=nan best=-1.0000
[step 0030/150] method=ours loss=0.5939 train_acc=nan train_loss=nan val_acc=nan val_loss=nan best=-1.0000
[step 0040/150] method=ours loss=0.3480 train_acc=nan train_loss=nan val_acc=nan val_loss=nan best=-1.0000
[step 0050/150] method=ours loss=0.5765 train_acc=0.8857 train_loss=0.3033 val_acc=0.8739 val_loss=0.3218 router_H=0.6734 best=0.8739
           router_load=[0.007445371709764004, 0.06127678602933884, 0.35467493534088135, 0.5766028165817261]
[step 0060/150] method=ours loss=0.6241 train_acc=0.8857 train_loss=0.3033 val_acc=0.8739 val_loss=0.3218 router_H=0.6734 best=0.8739
           router_load=[0.007445371709764004, 0.06127678602933884, 0.35467493534088135, 0.5766028165817261]
[step 0070/150] method=ours loss=0.2204 train_acc=0.8857 train_loss=0.3033 val_acc=0.8739 val_loss=0.3218 router_H=0.6734 best=0.8739
           router_load=[0.007445371709764004, 0.06127678602933884, 0.35467493534088135, 0.5766028165817261]
[step 0080/150] method=ours loss=0.1863 train_acc=0.8857 train_loss=0.3033 val_acc=0.8739 val_loss=0.3218 router_H=0.6734 best=0.8739
           router_load=[0.007445371709764004, 0.06127678602933884, 0.35467493534088135, 0.5766028165817261]
[step 0090/150] method=ours loss=0.2214 train_acc=0.8857 train_loss=0.3033 val_acc=0.8739 val_loss=0.3218 router_H=0.6734 best=0.8739
           router_load=[0.007445371709764004, 0.06127678602933884, 0.35467493534088135, 0.5766028165817261]
[step 0100/150] method=ours loss=0.3338 train_acc=0.8885 train_loss=0.3218 val_acc=0.8979 val_loss=0.2980 router_H=0.6744 best=0.8979
           router_load=[0.0279814675450325, 0.19779884815216064, 0.1937900185585022, 0.58042973279953]
[step 0110/150] method=ours loss=0.4312 train_acc=0.8885 train_loss=0.3218 val_acc=0.8979 val_loss=0.2980 router_H=0.6744 best=0.8979
           router_load=[0.0279814675450325, 0.19779884815216064, 0.1937900185585022, 0.58042973279953]
[step 0120/150] method=ours loss=0.6798 train_acc=0.8885 train_loss=0.3218 val_acc=0.8979 val_loss=0.2980 router_H=0.6744 best=0.8979
           router_load=[0.0279814675450325, 0.19779884815216064, 0.1937900185585022, 0.58042973279953]
[step 0130/150] method=ours loss=0.1889 train_acc=0.8885 train_loss=0.3218 val_acc=0.8979 val_loss=0.2980 router_H=0.6744 best=0.8979
           router_load=[0.0279814675450325, 0.19779884815216064, 0.1937900185585022, 0.58042973279953]
[step 0140/150] method=ours loss=0.2330 train_acc=0.8885 train_loss=0.3218 val_acc=0.8979 val_loss=0.2980 router_H=0.6744 best=0.8979
           router_load=[0.0279814675450325, 0.19779884815216064, 0.1937900185585022, 0.58042973279953]
[step 0150/150] method=ours loss=0.1530 train_acc=0.9170 train_loss=0.2299 val_acc=0.9232 val_loss=0.2193 router_H=0.6817 best=0.9232
           router_load=[0.010614752769470215, 0.07385144382715225, 0.3748264014720917, 0.5407074093818665]
saved summary -> /home/zhujjing/MOE-grad-conflict-routing/runs/paper_suite/single_gpu/single_task/deberta_sst2_lora_e4_k2_supplement/hpo/ours/trial_runs/coord_02_train_weight_decay_021/ours_s3.json
saved curve -> /home/zhujjing/MOE-grad-conflict-routing/runs/paper_suite/single_gpu/single_task/deberta_sst2_lora_e4_k2_supplement/hpo/ours/trial_runs/coord_02_train_weight_decay_021/ours_s3_curve.csv
