[run] method=ours candidate=coord_04_method_ours_lambda_align_011 seed=2 steps=200 gpu=0
[run] cmd=
/root/miniconda3/envs/optimization/bin/python /root/Optimization/MOE-grad-conflict-routing/scripts/run.py --config configs/singletask_rte_real.yaml --set model.backbone_backend=hf --set model.hf_load_pretrained=true --set model.backbone=roberta --set model.hf_pretrained_name=roberta-base --set model.expert_type=ffn --set model.routing_mode=topk --set model.num_experts=4 --set model.top_k=2 --set train.lr=2.5551784142791192e-05 --set seed=2 --set method.name=ours --set train.steps=200 --set train.eval_every_steps=50 --set method.ours.use_load_norm=true --set method.ours.lambda_align=0.005258935657 --set train.grad_clip=0.8690175238 --set train.lr=1.980533107e-05 --set train.weight_decay=0.01262791402 --out /root/Optimization/MOE-grad-conflict-routing/runs/paper_suite_supplement/single_task_add_rerun/rerun/roberta_rte_ffn_e4_k2_ours_lr_centered/hpo/ours/trial_runs/coord_04_method_ours_lambda_align_011/ours_s2.json --curve_out /root/Optimization/MOE-grad-conflict-routing/runs/paper_suite_supplement/single_task_add_rerun/rerun/roberta_rte_ffn_e4_k2_ours_lr_centered/hpo/ours/trial_runs/coord_04_method_ours_lambda_align_011/ours_s2_curve.csv
Using the latest cached version of the dataset since glue couldn't be found on the Hugging Face Hub (offline mode is enabled).
Found the latest cached dataset configuration 'rte' at /root/.cache/huggingface/datasets/glue/rte/0.0.0/bcdcba79d07bc864c1c254ccfcedcce55bcc9a8c (last modified on Sun Mar 22 21:39:13 2026).
Loading weights:   0%|          | 0/197 [00:00<?, ?it/s]Loading weights: 100%|██████████| 197/197 [00:00<00:00, 11432.73it/s]
[1mRobertaModel LOAD REPORT[0m from: roberta-base
Key                             | Status     | 
--------------------------------+------------+-
lm_head.bias                    | UNEXPECTED | 
lm_head.dense.bias              | UNEXPECTED | 
roberta.embeddings.position_ids | UNEXPECTED | 
lm_head.layer_norm.bias         | UNEXPECTED | 
lm_head.dense.weight            | UNEXPECTED | 
lm_head.layer_norm.weight       | UNEXPECTED | 
pooler.dense.bias               | MISSING    | 
pooler.dense.weight             | MISSING    | 

[3mNotes:
- UNEXPECTED[3m	:can be ignored when loading from different task/architecture; not ok if you expect identical arch.
- MISSING[3m	:those params were newly initialized because missing from the checkpoint. Consider training on your downstream task.[0m
[step 0001/200] method=ours loss=0.7026 train_acc=nan train_loss=nan val_acc=nan val_loss=nan best=-1.0000
[step 0010/200] method=ours loss=0.7280 train_acc=nan train_loss=nan val_acc=nan val_loss=nan best=-1.0000
[step 0020/200] method=ours loss=0.6703 train_acc=nan train_loss=nan val_acc=nan val_loss=nan best=-1.0000
[step 0030/200] method=ours loss=0.6850 train_acc=nan train_loss=nan val_acc=nan val_loss=nan best=-1.0000
[step 0040/200] method=ours loss=0.7002 train_acc=nan train_loss=nan val_acc=nan val_loss=nan best=-1.0000
[step 0050/200] method=ours loss=0.6070 train_acc=0.6285 train_loss=0.6574 val_acc=0.6354 val_loss=0.6583 router_H=0.6601 best=0.6354
           router_load=[0.0, 0.10992319136857986, 0.2664884328842163, 0.6235883235931396]
[step 0060/200] method=ours loss=0.6412 train_acc=0.6285 train_loss=0.6574 val_acc=0.6354 val_loss=0.6583 router_H=0.6601 best=0.6354
           router_load=[0.0, 0.10992319136857986, 0.2664884328842163, 0.6235883235931396]
[step 0070/200] method=ours loss=0.6692 train_acc=0.6285 train_loss=0.6574 val_acc=0.6354 val_loss=0.6583 router_H=0.6601 best=0.6354
           router_load=[0.0, 0.10992319136857986, 0.2664884328842163, 0.6235883235931396]
[step 0080/200] method=ours loss=0.6579 train_acc=0.6285 train_loss=0.6574 val_acc=0.6354 val_loss=0.6583 router_H=0.6601 best=0.6354
           router_load=[0.0, 0.10992319136857986, 0.2664884328842163, 0.6235883235931396]
[step 0090/200] method=ours loss=0.5004 train_acc=0.6285 train_loss=0.6574 val_acc=0.6354 val_loss=0.6583 router_H=0.6601 best=0.6354
           router_load=[0.0, 0.10992319136857986, 0.2664884328842163, 0.6235883235931396]
[step 0100/200] method=ours loss=0.6374 train_acc=0.6880 train_loss=0.6064 val_acc=0.6462 val_loss=0.6410 router_H=0.5935 best=0.6462
           router_load=[0.0005623986944556236, 0.0008296273881569505, 0.2841540575027466, 0.7144539952278137]
[step 0110/200] method=ours loss=0.6475 train_acc=0.6880 train_loss=0.6064 val_acc=0.6462 val_loss=0.6410 router_H=0.5935 best=0.6462
           router_load=[0.0005623986944556236, 0.0008296273881569505, 0.2841540575027466, 0.7144539952278137]
[step 0120/200] method=ours loss=0.4303 train_acc=0.6880 train_loss=0.6064 val_acc=0.6462 val_loss=0.6410 router_H=0.5935 best=0.6462
           router_load=[0.0005623986944556236, 0.0008296273881569505, 0.2841540575027466, 0.7144539952278137]
[step 0130/200] method=ours loss=0.5092 train_acc=0.6880 train_loss=0.6064 val_acc=0.6462 val_loss=0.6410 router_H=0.5935 best=0.6462
           router_load=[0.0005623986944556236, 0.0008296273881569505, 0.2841540575027466, 0.7144539952278137]
[step 0140/200] method=ours loss=0.6949 train_acc=0.6880 train_loss=0.6064 val_acc=0.6462 val_loss=0.6410 router_H=0.5935 best=0.6462
           router_load=[0.0005623986944556236, 0.0008296273881569505, 0.2841540575027466, 0.7144539952278137]
[step 0150/200] method=ours loss=0.5203 train_acc=0.7414 train_loss=0.5675 val_acc=0.7004 val_loss=0.6062 router_H=0.6052 best=0.7004
           router_load=[0.0, 0.0006215534522198141, 0.30519843101501465, 0.6941800117492676]
[step 0160/200] method=ours loss=0.6590 train_acc=0.7414 train_loss=0.5675 val_acc=0.7004 val_loss=0.6062 router_H=0.6052 best=0.7004
           router_load=[0.0, 0.0006215534522198141, 0.30519843101501465, 0.6941800117492676]
[step 0170/200] method=ours loss=0.5772 train_acc=0.7414 train_loss=0.5675 val_acc=0.7004 val_loss=0.6062 router_H=0.6052 best=0.7004
           router_load=[0.0, 0.0006215534522198141, 0.30519843101501465, 0.6941800117492676]
[step 0180/200] method=ours loss=0.4548 train_acc=0.7414 train_loss=0.5675 val_acc=0.7004 val_loss=0.6062 router_H=0.6052 best=0.7004
           router_load=[0.0, 0.0006215534522198141, 0.30519843101501465, 0.6941800117492676]
[step 0190/200] method=ours loss=0.4730 train_acc=0.7414 train_loss=0.5675 val_acc=0.7004 val_loss=0.6062 router_H=0.6052 best=0.7004
           router_load=[0.0, 0.0006215534522198141, 0.30519843101501465, 0.6941800117492676]
[step 0200/200] method=ours loss=0.5956 train_acc=0.7884 train_loss=0.4724 val_acc=0.6931 val_loss=0.5776 router_H=0.5165 best=0.7004
           router_load=[0.021542981266975403, 0.0, 0.19963720440864563, 0.7788198590278625]
saved summary -> /root/Optimization/MOE-grad-conflict-routing/runs/paper_suite_supplement/single_task_add_rerun/rerun/roberta_rte_ffn_e4_k2_ours_lr_centered/hpo/ours/trial_runs/coord_04_method_ours_lambda_align_011/ours_s2.json
saved curve -> /root/Optimization/MOE-grad-conflict-routing/runs/paper_suite_supplement/single_task_add_rerun/rerun/roberta_rte_ffn_e4_k2_ours_lr_centered/hpo/ours/trial_runs/coord_04_method_ours_lambda_align_011/ours_s2_curve.csv
