[run] method=baseline candidate=local_var_topk_006 seed=3 steps=200 gpu=0
[run] cmd=
/root/miniconda3/envs/optimization/bin/python /root/Optimization/MOE-grad-conflict-routing-appendix2/scripts/run.py --config configs/multitask_textcls_local_sst2_yelp_amazon_real.yaml --set model.backbone_backend=hf --set model.hf_load_pretrained=true --set model.hf_local_files_only=1 --set model.backbone=roberta --set model.hf_pretrained_name=roberta-base --set model.expert_type=lora --set model.routing_mode=topk --set model.num_experts=4 --set model.top_k=2 --set data.train_size=20000 --set data.val_size=4000 --set train.eval_val_fraction=0.2 --set train.skip_train_eval=true --set seed=3 --set method.name=baseline_avg --set train.steps=200 --set train.eval_every_steps=100 --set train.grad_clip=1.723562336 --set train.lr=1e-05 --set train.weight_decay=0.005460976079 --out /root/Optimization/MOE-grad-conflict-routing-appendix2/runs/paper_suite_supplement/appendix/multi_dataset_real/roberta_lora_e4_k2/_method_workers/baseline/hpo/baseline/trial_runs/local_var_topk_006/baseline_s3.json --curve_out /root/Optimization/MOE-grad-conflict-routing-appendix2/runs/paper_suite_supplement/appendix/multi_dataset_real/roberta_lora_e4_k2/_method_workers/baseline/hpo/baseline/trial_runs/local_var_topk_006/baseline_s3_curve.csv
Loading weights:   0%|          | 0/197 [00:00<?, ?it/s]Loading weights: 100%|██████████| 197/197 [00:00<00:00, 10715.16it/s]
[1mRobertaModel LOAD REPORT[0m from: roberta-base
Key                             | Status     | 
--------------------------------+------------+-
lm_head.dense.weight            | UNEXPECTED | 
lm_head.layer_norm.weight       | UNEXPECTED | 
lm_head.bias                    | UNEXPECTED | 
lm_head.dense.bias              | UNEXPECTED | 
lm_head.layer_norm.bias         | UNEXPECTED | 
roberta.embeddings.position_ids | UNEXPECTED | 
pooler.dense.bias               | MISSING    | 
pooler.dense.weight             | MISSING    | 

[3mNotes:
- UNEXPECTED[3m	:can be ignored when loading from different task/architecture; not ok if you expect identical arch.
- MISSING[3m	:those params were newly initialized because missing from the checkpoint. Consider training on your downstream task.[0m
[step 0001/200] method=baseline_avg loss=0.7233 train_acc=nan train_loss=nan val_acc=nan val_loss=nan best=-1.0000
[step 0010/200] method=baseline_avg loss=0.6879 train_acc=nan train_loss=nan val_acc=nan val_loss=nan best=-1.0000
[step 0020/200] method=baseline_avg loss=0.6390 train_acc=nan train_loss=nan val_acc=nan val_loss=nan best=-1.0000
[step 0030/200] method=baseline_avg loss=0.4930 train_acc=nan train_loss=nan val_acc=nan val_loss=nan best=-1.0000
[step 0040/200] method=baseline_avg loss=0.1813 train_acc=nan train_loss=nan val_acc=nan val_loss=nan best=-1.0000
[step 0050/200] method=baseline_avg loss=0.2252 train_acc=nan train_loss=nan val_acc=nan val_loss=nan best=-1.0000
[step 0060/200] method=baseline_avg loss=0.1207 train_acc=nan train_loss=nan val_acc=nan val_loss=nan best=-1.0000
[step 0070/200] method=baseline_avg loss=0.2523 train_acc=nan train_loss=nan val_acc=nan val_loss=nan best=-1.0000
[step 0080/200] method=baseline_avg loss=0.0703 train_acc=nan train_loss=nan val_acc=nan val_loss=nan best=-1.0000
[step 0090/200] method=baseline_avg loss=0.2300 train_acc=nan train_loss=nan val_acc=nan val_loss=nan best=-1.0000
[step 0100/200] method=baseline_avg loss=0.0941 train_acc=nan train_loss=nan val_acc=0.9085 val_loss=0.2680 router_H=0.6850 best=0.9085
           router_load=[0.2909368574619293, 0.16811397671699524, 0.0002324087981833145, 0.5407168865203857]
[step 0110/200] method=baseline_avg loss=0.1679 train_acc=nan train_loss=nan val_acc=0.9085 val_loss=0.2680 router_H=0.6850 best=0.9085
           router_load=[0.2909368574619293, 0.16811397671699524, 0.0002324087981833145, 0.5407168865203857]
[step 0120/200] method=baseline_avg loss=0.1642 train_acc=nan train_loss=nan val_acc=0.9085 val_loss=0.2680 router_H=0.6850 best=0.9085
           router_load=[0.2909368574619293, 0.16811397671699524, 0.0002324087981833145, 0.5407168865203857]
[step 0130/200] method=baseline_avg loss=0.2055 train_acc=nan train_loss=nan val_acc=0.9085 val_loss=0.2680 router_H=0.6850 best=0.9085
           router_load=[0.2909368574619293, 0.16811397671699524, 0.0002324087981833145, 0.5407168865203857]
[step 0140/200] method=baseline_avg loss=0.2628 train_acc=nan train_loss=nan val_acc=0.9085 val_loss=0.2680 router_H=0.6850 best=0.9085
           router_load=[0.2909368574619293, 0.16811397671699524, 0.0002324087981833145, 0.5407168865203857]
[step 0150/200] method=baseline_avg loss=0.4429 train_acc=nan train_loss=nan val_acc=0.9085 val_loss=0.2680 router_H=0.6850 best=0.9085
           router_load=[0.2909368574619293, 0.16811397671699524, 0.0002324087981833145, 0.5407168865203857]
[step 0160/200] method=baseline_avg loss=0.1406 train_acc=nan train_loss=nan val_acc=0.9085 val_loss=0.2680 router_H=0.6850 best=0.9085
           router_load=[0.2909368574619293, 0.16811397671699524, 0.0002324087981833145, 0.5407168865203857]
[step 0170/200] method=baseline_avg loss=0.4032 train_acc=nan train_loss=nan val_acc=0.9085 val_loss=0.2680 router_H=0.6850 best=0.9085
           router_load=[0.2909368574619293, 0.16811397671699524, 0.0002324087981833145, 0.5407168865203857]
[step 0180/200] method=baseline_avg loss=0.1390 train_acc=nan train_loss=nan val_acc=0.9085 val_loss=0.2680 router_H=0.6850 best=0.9085
           router_load=[0.2909368574619293, 0.16811397671699524, 0.0002324087981833145, 0.5407168865203857]
[step 0190/200] method=baseline_avg loss=0.2491 train_acc=nan train_loss=nan val_acc=0.9085 val_loss=0.2680 router_H=0.6850 best=0.9085
           router_load=[0.2909368574619293, 0.16811397671699524, 0.0002324087981833145, 0.5407168865203857]
[step 0200/200] method=baseline_avg loss=0.2532 train_acc=nan train_loss=nan val_acc=0.9253 val_loss=0.2205 router_H=0.6895 best=0.9253
           router_load=[0.28167328238487244, 0.2885051667690277, 0.0007557668723165989, 0.42906564474105835]
saved summary -> /root/Optimization/MOE-grad-conflict-routing-appendix2/runs/paper_suite_supplement/appendix/multi_dataset_real/roberta_lora_e4_k2/_method_workers/baseline/hpo/baseline/trial_runs/local_var_topk_006/baseline_s3.json
saved curve -> /root/Optimization/MOE-grad-conflict-routing-appendix2/runs/paper_suite_supplement/appendix/multi_dataset_real/roberta_lora_e4_k2/_method_workers/baseline/hpo/baseline/trial_runs/local_var_topk_006/baseline_s3_curve.csv
