[run] method=cagrad candidate=coord_02_train_weight_decay_000 seed=3 steps=200 gpu=0
[run] cmd=
/root/miniconda3/envs/optimization/bin/python /root/Optimization/MOE-grad-conflict-routing/scripts/run.py --config configs/singletask_cola_real.yaml --set train.eval_train_fraction=0.1 --set model.backbone_backend=hf --set model.hf_load_pretrained=true --set model.hf_local_files_only=true --set model.backbone=roberta --set model.hf_pretrained_name=roberta-base --set model.expert_type=lora --set model.routing_mode=topk --set model.num_experts=4 --set model.top_k=2 --set seed=3 --set method.name=baseline_cagrad --set train.steps=200 --set train.eval_every_steps=100 --set method.baseline_cagrad.c=0.4 --set method.baseline_cagrad.inner_lr=0.1 --set train.grad_clip=1 --set train.lr=2e-05 --set train.weight_decay=0.003745151078 --out /root/Optimization/MOE-grad-conflict-routing/runs/paper_suite_supplement/single_task_add_rerun/single_task/roberta_cola_lora_e4_k2/hpo/cagrad/trial_runs/coord_02_train_weight_decay_000/cagrad_s3.json --curve_out /root/Optimization/MOE-grad-conflict-routing/runs/paper_suite_supplement/single_task_add_rerun/single_task/roberta_cola_lora_e4_k2/hpo/cagrad/trial_runs/coord_02_train_weight_decay_000/cagrad_s3_curve.csv
Using the latest cached version of the dataset since glue couldn't be found on the Hugging Face Hub (offline mode is enabled).
Found the latest cached dataset configuration 'cola' at /root/.cache/huggingface/datasets/glue/cola/0.0.0/bcdcba79d07bc864c1c254ccfcedcce55bcc9a8c (last modified on Thu Mar 26 20:07:27 2026).
Loading weights:   0%|          | 0/197 [00:00<?, ?it/s]Loading weights:   8%|▊         | 16/197 [00:00<00:01, 136.58it/s]Loading weights:  60%|██████    | 119/197 [00:00<00:00, 581.27it/s]Loading weights: 100%|██████████| 197/197 [00:00<00:00, 700.33it/s]
[1mRobertaModel LOAD REPORT[0m from: roberta-base
Key                             | Status     | 
--------------------------------+------------+-
lm_head.dense.bias              | UNEXPECTED | 
lm_head.layer_norm.bias         | UNEXPECTED | 
lm_head.dense.weight            | UNEXPECTED | 
lm_head.bias                    | UNEXPECTED | 
roberta.embeddings.position_ids | UNEXPECTED | 
lm_head.layer_norm.weight       | UNEXPECTED | 
pooler.dense.weight             | MISSING    | 
pooler.dense.bias               | MISSING    | 

[3mNotes:
- UNEXPECTED[3m	:can be ignored when loading from different task/architecture; not ok if you expect identical arch.
- MISSING[3m	:those params were newly initialized because missing from the checkpoint. Consider training on your downstream task.[0m
[step 0001/200] method=baseline_cagrad loss=0.7133 train_acc=nan train_loss=nan val_acc=nan val_loss=nan best=-1.0000
[step 0010/200] method=baseline_cagrad loss=0.3818 train_acc=nan train_loss=nan val_acc=nan val_loss=nan best=-1.0000
[step 0020/200] method=baseline_cagrad loss=0.7498 train_acc=nan train_loss=nan val_acc=nan val_loss=nan best=-1.0000
[step 0030/200] method=baseline_cagrad loss=0.6308 train_acc=nan train_loss=nan val_acc=nan val_loss=nan best=-1.0000
[step 0040/200] method=baseline_cagrad loss=0.8465 train_acc=nan train_loss=nan val_acc=nan val_loss=nan best=-1.0000
[step 0050/200] method=baseline_cagrad loss=0.6615 train_acc=nan train_loss=nan val_acc=nan val_loss=nan best=-1.0000
[step 0060/200] method=baseline_cagrad loss=0.5360 train_acc=nan train_loss=nan val_acc=nan val_loss=nan best=-1.0000
[step 0070/200] method=baseline_cagrad loss=0.6171 train_acc=nan train_loss=nan val_acc=nan val_loss=nan best=-1.0000
[step 0080/200] method=baseline_cagrad loss=0.4251 train_acc=nan train_loss=nan val_acc=nan val_loss=nan best=-1.0000
[step 0090/200] method=baseline_cagrad loss=0.5353 train_acc=nan train_loss=nan val_acc=nan val_loss=nan best=-1.0000
[step 0100/200] method=baseline_cagrad loss=0.5083 train_acc=0.8241 train_loss=0.4449 val_acc=0.7852 val_loss=0.5234 router_H=0.6724 best=0.7852
           router_load=[0.14398694038391113, 0.036888428032398224, 0.23485800623893738, 0.5842667818069458]
[step 0110/200] method=baseline_cagrad loss=0.4297 train_acc=0.8241 train_loss=0.4449 val_acc=0.7852 val_loss=0.5234 router_H=0.6724 best=0.7852
           router_load=[0.14398694038391113, 0.036888428032398224, 0.23485800623893738, 0.5842667818069458]
[step 0120/200] method=baseline_cagrad loss=0.5624 train_acc=0.8241 train_loss=0.4449 val_acc=0.7852 val_loss=0.5234 router_H=0.6724 best=0.7852
           router_load=[0.14398694038391113, 0.036888428032398224, 0.23485800623893738, 0.5842667818069458]
[step 0130/200] method=baseline_cagrad loss=0.6367 train_acc=0.8241 train_loss=0.4449 val_acc=0.7852 val_loss=0.5234 router_H=0.6724 best=0.7852
           router_load=[0.14398694038391113, 0.036888428032398224, 0.23485800623893738, 0.5842667818069458]
[step 0140/200] method=baseline_cagrad loss=0.5867 train_acc=0.8241 train_loss=0.4449 val_acc=0.7852 val_loss=0.5234 router_H=0.6724 best=0.7852
           router_load=[0.14398694038391113, 0.036888428032398224, 0.23485800623893738, 0.5842667818069458]
[step 0150/200] method=baseline_cagrad loss=0.2898 train_acc=0.8241 train_loss=0.4449 val_acc=0.7852 val_loss=0.5234 router_H=0.6724 best=0.7852
           router_load=[0.14398694038391113, 0.036888428032398224, 0.23485800623893738, 0.5842667818069458]
[step 0160/200] method=baseline_cagrad loss=0.4851 train_acc=0.8241 train_loss=0.4449 val_acc=0.7852 val_loss=0.5234 router_H=0.6724 best=0.7852
           router_load=[0.14398694038391113, 0.036888428032398224, 0.23485800623893738, 0.5842667818069458]
[step 0170/200] method=baseline_cagrad loss=0.3965 train_acc=0.8241 train_loss=0.4449 val_acc=0.7852 val_loss=0.5234 router_H=0.6724 best=0.7852
           router_load=[0.14398694038391113, 0.036888428032398224, 0.23485800623893738, 0.5842667818069458]
[step 0180/200] method=baseline_cagrad loss=0.5816 train_acc=0.8241 train_loss=0.4449 val_acc=0.7852 val_loss=0.5234 router_H=0.6724 best=0.7852
           router_load=[0.14398694038391113, 0.036888428032398224, 0.23485800623893738, 0.5842667818069458]
[step 0190/200] method=baseline_cagrad loss=0.6529 train_acc=0.8241 train_loss=0.4449 val_acc=0.7852 val_loss=0.5234 router_H=0.6724 best=0.7852
           router_load=[0.14398694038391113, 0.036888428032398224, 0.23485800623893738, 0.5842667818069458]
[step 0200/200] method=baseline_cagrad loss=0.6200 train_acc=0.8345 train_loss=0.3852 val_acc=0.7948 val_loss=0.4787 router_H=0.6808 best=0.7948
           router_load=[0.17048794031143188, 0.020856942981481552, 0.254181444644928, 0.5544737577438354]
saved summary -> /root/Optimization/MOE-grad-conflict-routing/runs/paper_suite_supplement/single_task_add_rerun/single_task/roberta_cola_lora_e4_k2/hpo/cagrad/trial_runs/coord_02_train_weight_decay_000/cagrad_s3.json
saved curve -> /root/Optimization/MOE-grad-conflict-routing/runs/paper_suite_supplement/single_task_add_rerun/single_task/roberta_cola_lora_e4_k2/hpo/cagrad/trial_runs/coord_02_train_weight_decay_000/cagrad_s3_curve.csv
