[run] method=cagrad candidate=coord_04_method_baseline_cagrad_c_010 seed=3 steps=150 gpu=0
[run] cmd=
/home/zhujjing/anaconda3/envs/moe/bin/python /home/zhujjing/MOE-grad-conflict-routing/scripts/run.py --config configs/singletask_mrpc_real.yaml --set model.backbone_backend=hf --set model.hf_load_pretrained=true --set model.backbone=deberta --set model.hf_pretrained_name=microsoft/deberta-v3-base --set model.expert_type=ffn --set model.routing_mode=topk --set model.num_experts=4 --set model.top_k=2 --set seed=3 --set method.name=baseline_cagrad --set train.steps=150 --set train.eval_every_steps=50 --set method.baseline_cagrad.c=0.2865396522 --set method.baseline_cagrad.inner_lr=0.1 --set train.grad_clip=1.658271302 --set train.lr=7.848640431e-05 --set train.weight_decay=0.002198300522 --out /home/zhujjing/MOE-grad-conflict-routing/runs/paper_suite/single_gpu/single_task/deberta_mrpc_ffn_e4_k2/hpo/cagrad/trial_runs/coord_04_method_baseline_cagrad_c_010/cagrad_s3.json --curve_out /home/zhujjing/MOE-grad-conflict-routing/runs/paper_suite/single_gpu/single_task/deberta_mrpc_ffn_e4_k2/hpo/cagrad/trial_runs/coord_04_method_baseline_cagrad_c_010/cagrad_s3_curve.csv
Using the latest cached version of the dataset since glue couldn't be found on the Hugging Face Hub (offline mode is enabled).
Found the latest cached dataset configuration 'mrpc' at /home/zhujjing/hf_cache/datasets/glue/mrpc/0.0.0/bcdcba79d07bc864c1c254ccfcedcce55bcc9a8c (last modified on Thu Mar 19 15:01:06 2026).
/home/zhujjing/anaconda3/envs/moe/lib/python3.10/site-packages/transformers/utils/hub.py:124: FutureWarning: Using `TRANSFORMERS_CACHE` is deprecated and will be removed in v5 of Transformers. Use `HF_HOME` instead.
  warnings.warn(
/home/zhujjing/anaconda3/envs/moe/lib/python3.10/site-packages/transformers/convert_slow_tokenizer.py:560: UserWarning: The sentencepiece tokenizer that you are converting to a fast tokenizer uses the byte fallback option which is not implemented in the fast tokenizers. In practice this means that the fast version of the tokenizer can produce unknown tokens whereas the sentencepiece version would have converted these unknown tokens into a sequence of byte tokens matching the original piece of text.
  warnings.warn(
[step 0001/150] method=baseline_cagrad loss=0.6661 train_acc=nan train_loss=nan val_acc=nan val_loss=nan best=-1.0000
[step 0010/150] method=baseline_cagrad loss=0.7056 train_acc=nan train_loss=nan val_acc=nan val_loss=nan best=-1.0000
[step 0020/150] method=baseline_cagrad loss=0.4800 train_acc=nan train_loss=nan val_acc=nan val_loss=nan best=-1.0000
[step 0030/150] method=baseline_cagrad loss=0.4626 train_acc=nan train_loss=nan val_acc=nan val_loss=nan best=-1.0000
[step 0040/150] method=baseline_cagrad loss=0.6187 train_acc=nan train_loss=nan val_acc=nan val_loss=nan best=-1.0000
[step 0050/150] method=baseline_cagrad loss=0.3250 train_acc=0.7631 train_loss=0.4777 val_acc=0.7623 val_loss=0.4811 router_H=0.2409 best=0.7623
           router_load=[0.00040226426790468395, 0.933396577835083, 0.012138091027736664, 0.05406316742300987]
[step 0060/150] method=baseline_cagrad loss=0.3924 train_acc=0.7631 train_loss=0.4777 val_acc=0.7623 val_loss=0.4811 router_H=0.2409 best=0.7623
           router_load=[0.00040226426790468395, 0.933396577835083, 0.012138091027736664, 0.05406316742300987]
[step 0070/150] method=baseline_cagrad loss=0.2434 train_acc=0.7631 train_loss=0.4777 val_acc=0.7623 val_loss=0.4811 router_H=0.2409 best=0.7623
           router_load=[0.00040226426790468395, 0.933396577835083, 0.012138091027736664, 0.05406316742300987]
[step 0080/150] method=baseline_cagrad loss=0.3525 train_acc=0.7631 train_loss=0.4777 val_acc=0.7623 val_loss=0.4811 router_H=0.2409 best=0.7623
           router_load=[0.00040226426790468395, 0.933396577835083, 0.012138091027736664, 0.05406316742300987]
[step 0090/150] method=baseline_cagrad loss=0.5263 train_acc=0.7631 train_loss=0.4777 val_acc=0.7623 val_loss=0.4811 router_H=0.2409 best=0.7623
           router_load=[0.00040226426790468395, 0.933396577835083, 0.012138091027736664, 0.05406316742300987]
[step 0100/150] method=baseline_cagrad loss=0.2293 train_acc=0.8675 train_loss=0.3120 val_acc=0.8627 val_loss=0.3153 router_H=0.2572 best=0.8627
           router_load=[0.0438666045665741, 0.9252769351005554, 0.009554537944495678, 0.021301979199051857]
[step 0110/150] method=baseline_cagrad loss=0.4153 train_acc=0.8675 train_loss=0.3120 val_acc=0.8627 val_loss=0.3153 router_H=0.2572 best=0.8627
           router_load=[0.0438666045665741, 0.9252769351005554, 0.009554537944495678, 0.021301979199051857]
[step 0120/150] method=baseline_cagrad loss=0.2723 train_acc=0.8675 train_loss=0.3120 val_acc=0.8627 val_loss=0.3153 router_H=0.2572 best=0.8627
           router_load=[0.0438666045665741, 0.9252769351005554, 0.009554537944495678, 0.021301979199051857]
[step 0130/150] method=baseline_cagrad loss=0.2474 train_acc=0.8675 train_loss=0.3120 val_acc=0.8627 val_loss=0.3153 router_H=0.2572 best=0.8627
           router_load=[0.0438666045665741, 0.9252769351005554, 0.009554537944495678, 0.021301979199051857]
[step 0140/150] method=baseline_cagrad loss=0.4624 train_acc=0.8675 train_loss=0.3120 val_acc=0.8627 val_loss=0.3153 router_H=0.2572 best=0.8627
           router_load=[0.0438666045665741, 0.9252769351005554, 0.009554537944495678, 0.021301979199051857]
[step 0150/150] method=baseline_cagrad loss=0.3237 train_acc=0.8749 train_loss=0.3058 val_acc=0.8725 val_loss=0.3245 router_H=0.2527 best=0.8725
           router_load=[0.007862184196710587, 0.9295593500137329, 0.012175886891782284, 0.05040256679058075]
saved summary -> /home/zhujjing/MOE-grad-conflict-routing/runs/paper_suite/single_gpu/single_task/deberta_mrpc_ffn_e4_k2/hpo/cagrad/trial_runs/coord_04_method_baseline_cagrad_c_010/cagrad_s3.json
saved curve -> /home/zhujjing/MOE-grad-conflict-routing/runs/paper_suite/single_gpu/single_task/deberta_mrpc_ffn_e4_k2/hpo/cagrad/trial_runs/coord_04_method_baseline_cagrad_c_010/cagrad_s3_curve.csv
