[run] method=cagrad candidate=coord_05_method_baseline_cagrad_inner_lr_010 seed=2 steps=200 gpu=0
[run] cmd=
/home/zhujjing/anaconda3/envs/moe/bin/python /home/zhujjing/MOE-grad-conflict-routing/scripts/run.py --config configs/multitask_glue3_rte_mrpc_cola_real.yaml --set model.backbone_backend=hf --set model.hf_load_pretrained=true --set model.hf_local_files_only=true --set model.backbone=gpt2 --set model.hf_pretrained_name=gpt2-medium --set model.expert_type=lora --set model.routing_mode=topk --set model.num_experts=4 --set model.top_k=2 --set train.eval_train_fraction=0.10 --set train.eval_train_max_batches=-1 --set train.eval_max_batches=-1 --set seed=2 --set method.name=baseline_cagrad --set train.steps=200 --set train.eval_every_steps=100 --set method.baseline_cagrad.c=0.4811638322 --set method.baseline_cagrad.inner_lr=0.07309891419 --set train.grad_clip=0.9778028381 --set train.lr=2e-05 --set train.weight_decay=0.003745151078 --out /home/zhujjing/MOE-grad-conflict-routing/runs/paper_suite/single_gpu/multi_task/glue3_gpt2_lora_e4_k2/hpo/cagrad/trial_runs/coord_05_method_baseline_cagrad_inner_lr_010/cagrad_s2.json --curve_out /home/zhujjing/MOE-grad-conflict-routing/runs/paper_suite/single_gpu/multi_task/glue3_gpt2_lora_e4_k2/hpo/cagrad/trial_runs/coord_05_method_baseline_cagrad_inner_lr_010/cagrad_s2_curve.csv
Using the latest cached version of the dataset since glue couldn't be found on the Hugging Face Hub (offline mode is enabled).
Found the latest cached dataset configuration 'rte' at /home/zhujjing/hf_cache/datasets/glue/rte/0.0.0/bcdcba79d07bc864c1c254ccfcedcce55bcc9a8c (last modified on Thu Mar 19 15:00:36 2026).
/home/zhujjing/anaconda3/envs/moe/lib/python3.10/site-packages/transformers/utils/hub.py:124: FutureWarning: Using `TRANSFORMERS_CACHE` is deprecated and will be removed in v5 of Transformers. Use `HF_HOME` instead.
  warnings.warn(
Using the latest cached version of the dataset since glue couldn't be found on the Hugging Face Hub (offline mode is enabled).
Found the latest cached dataset configuration 'mrpc' at /home/zhujjing/hf_cache/datasets/glue/mrpc/0.0.0/bcdcba79d07bc864c1c254ccfcedcce55bcc9a8c (last modified on Thu Mar 19 15:01:06 2026).
Using the latest cached version of the dataset since glue couldn't be found on the Hugging Face Hub (offline mode is enabled).
Found the latest cached dataset configuration 'cola' at /home/zhujjing/hf_cache/datasets/glue/cola/0.0.0/bcdcba79d07bc864c1c254ccfcedcce55bcc9a8c (last modified on Thu Mar 19 15:02:09 2026).
[step 0001/200] method=baseline_cagrad loss=0.7509 train_acc=nan train_loss=nan val_acc=nan val_loss=nan best=-1.0000
[step 0010/200] method=baseline_cagrad loss=0.6836 train_acc=nan train_loss=nan val_acc=nan val_loss=nan best=-1.0000
[step 0020/200] method=baseline_cagrad loss=0.5738 train_acc=nan train_loss=nan val_acc=nan val_loss=nan best=-1.0000
[step 0030/200] method=baseline_cagrad loss=0.6053 train_acc=nan train_loss=nan val_acc=nan val_loss=nan best=-1.0000
[step 0040/200] method=baseline_cagrad loss=0.7415 train_acc=nan train_loss=nan val_acc=nan val_loss=nan best=-1.0000
[step 0050/200] method=baseline_cagrad loss=0.6920 train_acc=nan train_loss=nan val_acc=nan val_loss=nan best=-1.0000
[step 0060/200] method=baseline_cagrad loss=0.8019 train_acc=nan train_loss=nan val_acc=nan val_loss=nan best=-1.0000
[step 0070/200] method=baseline_cagrad loss=0.6106 train_acc=nan train_loss=nan val_acc=nan val_loss=nan best=-1.0000
[step 0080/200] method=baseline_cagrad loss=0.6482 train_acc=nan train_loss=nan val_acc=nan val_loss=nan best=-1.0000
[step 0090/200] method=baseline_cagrad loss=0.7693 train_acc=nan train_loss=nan val_acc=nan val_loss=nan best=-1.0000
[step 0100/200] method=baseline_cagrad loss=0.6912 train_acc=0.6695 train_loss=0.6058 val_acc=0.6624 val_loss=0.6150 router_H=0.4149 best=0.6624
           router_load=[0.16058975458145142, 0.027793800458312035, 0.7214608788490295, 0.0901554673910141]
[step 0110/200] method=baseline_cagrad loss=0.5827 train_acc=0.6695 train_loss=0.6058 val_acc=0.6624 val_loss=0.6150 router_H=0.4149 best=0.6624
           router_load=[0.16058975458145142, 0.027793800458312035, 0.7214608788490295, 0.0901554673910141]
[step 0120/200] method=baseline_cagrad loss=0.5671 train_acc=0.6695 train_loss=0.6058 val_acc=0.6624 val_loss=0.6150 router_H=0.4149 best=0.6624
           router_load=[0.16058975458145142, 0.027793800458312035, 0.7214608788490295, 0.0901554673910141]
[step 0130/200] method=baseline_cagrad loss=0.5428 train_acc=0.6695 train_loss=0.6058 val_acc=0.6624 val_loss=0.6150 router_H=0.4149 best=0.6624
           router_load=[0.16058975458145142, 0.027793800458312035, 0.7214608788490295, 0.0901554673910141]
[step 0140/200] method=baseline_cagrad loss=0.5291 train_acc=0.6695 train_loss=0.6058 val_acc=0.6624 val_loss=0.6150 router_H=0.4149 best=0.6624
           router_load=[0.16058975458145142, 0.027793800458312035, 0.7214608788490295, 0.0901554673910141]
[step 0150/200] method=baseline_cagrad loss=0.5237 train_acc=0.6695 train_loss=0.6058 val_acc=0.6624 val_loss=0.6150 router_H=0.4149 best=0.6624
           router_load=[0.16058975458145142, 0.027793800458312035, 0.7214608788490295, 0.0901554673910141]
[step 0160/200] method=baseline_cagrad loss=0.6845 train_acc=0.6695 train_loss=0.6058 val_acc=0.6624 val_loss=0.6150 router_H=0.4149 best=0.6624
           router_load=[0.16058975458145142, 0.027793800458312035, 0.7214608788490295, 0.0901554673910141]
[step 0170/200] method=baseline_cagrad loss=0.6459 train_acc=0.6695 train_loss=0.6058 val_acc=0.6624 val_loss=0.6150 router_H=0.4149 best=0.6624
           router_load=[0.16058975458145142, 0.027793800458312035, 0.7214608788490295, 0.0901554673910141]
[step 0180/200] method=baseline_cagrad loss=0.5911 train_acc=0.6695 train_loss=0.6058 val_acc=0.6624 val_loss=0.6150 router_H=0.4149 best=0.6624
           router_load=[0.16058975458145142, 0.027793800458312035, 0.7214608788490295, 0.0901554673910141]
[step 0190/200] method=baseline_cagrad loss=0.6543 train_acc=0.6695 train_loss=0.6058 val_acc=0.6624 val_loss=0.6150 router_H=0.4149 best=0.6624
           router_load=[0.16058975458145142, 0.027793800458312035, 0.7214608788490295, 0.0901554673910141]
[step 0200/200] method=baseline_cagrad loss=0.6331 train_acc=0.7048 train_loss=0.5823 val_acc=0.6649 val_loss=0.6014 router_H=0.3355 best=0.6649
           router_load=[0.09652198106050491, 0.010642684996128082, 0.8172889351844788, 0.07554655522108078]
saved summary -> /home/zhujjing/MOE-grad-conflict-routing/runs/paper_suite/single_gpu/multi_task/glue3_gpt2_lora_e4_k2/hpo/cagrad/trial_runs/coord_05_method_baseline_cagrad_inner_lr_010/cagrad_s2.json
saved curve -> /home/zhujjing/MOE-grad-conflict-routing/runs/paper_suite/single_gpu/multi_task/glue3_gpt2_lora_e4_k2/hpo/cagrad/trial_runs/coord_05_method_baseline_cagrad_inner_lr_010/cagrad_s2_curve.csv
