[run] method=cagrad candidate=coord_04_method_baseline_cagrad_c_010 seed=2 steps=200 gpu=0
[run] cmd=
/home/zhujjing/anaconda3/envs/moe/bin/python /home/zhujjing/MOE-grad-conflict-routing/scripts/run.py --config configs/multitask_glue4_real.yaml --set model.backbone_backend=hf --set model.hf_load_pretrained=true --set model.hf_local_files_only=true --set model.backbone=gpt2 --set model.hf_pretrained_name=gpt2-medium --set model.expert_type=lora --set model.routing_mode=topk --set model.num_experts=4 --set model.top_k=2 --set train.eval_train_fraction=0.10 --set train.eval_train_max_batches=-1 --set train.eval_max_batches=-1 --set seed=2 --set method.name=baseline_cagrad --set train.steps=200 --set train.eval_every_steps=100 --set method.baseline_cagrad.c=0.2865396522 --set method.baseline_cagrad.inner_lr=0.1 --set train.grad_clip=0.9778028381 --set train.lr=3.483800361e-05 --set train.weight_decay=0.02536478282 --out /home/zhujjing/MOE-grad-conflict-routing/runs/paper_suite/single_gpu/multi_task/glue4_gpt2_lora_e4_k2/hpo/cagrad/trial_runs/coord_04_method_baseline_cagrad_c_010/cagrad_s2.json --curve_out /home/zhujjing/MOE-grad-conflict-routing/runs/paper_suite/single_gpu/multi_task/glue4_gpt2_lora_e4_k2/hpo/cagrad/trial_runs/coord_04_method_baseline_cagrad_c_010/cagrad_s2_curve.csv
Using the latest cached version of the dataset since glue couldn't be found on the Hugging Face Hub (offline mode is enabled).
Found the latest cached dataset configuration 'rte' at /home/zhujjing/hf_cache/datasets/glue/rte/0.0.0/bcdcba79d07bc864c1c254ccfcedcce55bcc9a8c (last modified on Thu Mar 19 15:00:36 2026).
/home/zhujjing/anaconda3/envs/moe/lib/python3.10/site-packages/transformers/utils/hub.py:124: FutureWarning: Using `TRANSFORMERS_CACHE` is deprecated and will be removed in v5 of Transformers. Use `HF_HOME` instead.
  warnings.warn(
Using the latest cached version of the dataset since glue couldn't be found on the Hugging Face Hub (offline mode is enabled).
Found the latest cached dataset configuration 'mrpc' at /home/zhujjing/hf_cache/datasets/glue/mrpc/0.0.0/bcdcba79d07bc864c1c254ccfcedcce55bcc9a8c (last modified on Thu Mar 19 15:01:06 2026).
Using the latest cached version of the dataset since glue couldn't be found on the Hugging Face Hub (offline mode is enabled).
Found the latest cached dataset configuration 'sst2' at /home/zhujjing/hf_cache/datasets/glue/sst2/0.0.0/bcdcba79d07bc864c1c254ccfcedcce55bcc9a8c (last modified on Thu Mar 19 15:01:41 2026).
Using the latest cached version of the dataset since glue couldn't be found on the Hugging Face Hub (offline mode is enabled).
Found the latest cached dataset configuration 'cola' at /home/zhujjing/hf_cache/datasets/glue/cola/0.0.0/bcdcba79d07bc864c1c254ccfcedcce55bcc9a8c (last modified on Thu Mar 19 15:02:09 2026).
[step 0001/200] method=baseline_cagrad loss=1.4233 train_acc=nan train_loss=nan val_acc=nan val_loss=nan best=-1.0000
[step 0010/200] method=baseline_cagrad loss=0.7739 train_acc=nan train_loss=nan val_acc=nan val_loss=nan best=-1.0000
[step 0020/200] method=baseline_cagrad loss=0.7137 train_acc=nan train_loss=nan val_acc=nan val_loss=nan best=-1.0000
[step 0030/200] method=baseline_cagrad loss=0.7018 train_acc=nan train_loss=nan val_acc=nan val_loss=nan best=-1.0000
[step 0040/200] method=baseline_cagrad loss=0.6044 train_acc=nan train_loss=nan val_acc=nan val_loss=nan best=-1.0000
[step 0050/200] method=baseline_cagrad loss=0.6463 train_acc=nan train_loss=nan val_acc=nan val_loss=nan best=-1.0000
[step 0060/200] method=baseline_cagrad loss=0.6202 train_acc=nan train_loss=nan val_acc=nan val_loss=nan best=-1.0000
[step 0070/200] method=baseline_cagrad loss=0.5780 train_acc=nan train_loss=nan val_acc=nan val_loss=nan best=-1.0000
[step 0080/200] method=baseline_cagrad loss=0.6045 train_acc=nan train_loss=nan val_acc=nan val_loss=nan best=-1.0000
[step 0090/200] method=baseline_cagrad loss=0.5427 train_acc=nan train_loss=nan val_acc=nan val_loss=nan best=-1.0000
[step 0100/200] method=baseline_cagrad loss=0.4838 train_acc=0.7484 train_loss=0.4988 val_acc=0.7186 val_loss=0.5274 router_H=0.6364 best=0.7186
           router_load=[0.38411954045295715, 0.3256179690361023, 0.11578743904829025, 0.17447520792484283]
[step 0110/200] method=baseline_cagrad loss=0.5232 train_acc=0.7484 train_loss=0.4988 val_acc=0.7186 val_loss=0.5274 router_H=0.6364 best=0.7186
           router_load=[0.38411954045295715, 0.3256179690361023, 0.11578743904829025, 0.17447520792484283]
[step 0120/200] method=baseline_cagrad loss=0.5387 train_acc=0.7484 train_loss=0.4988 val_acc=0.7186 val_loss=0.5274 router_H=0.6364 best=0.7186
           router_load=[0.38411954045295715, 0.3256179690361023, 0.11578743904829025, 0.17447520792484283]
[step 0130/200] method=baseline_cagrad loss=0.5485 train_acc=0.7484 train_loss=0.4988 val_acc=0.7186 val_loss=0.5274 router_H=0.6364 best=0.7186
           router_load=[0.38411954045295715, 0.3256179690361023, 0.11578743904829025, 0.17447520792484283]
[step 0140/200] method=baseline_cagrad loss=0.5738 train_acc=0.7484 train_loss=0.4988 val_acc=0.7186 val_loss=0.5274 router_H=0.6364 best=0.7186
           router_load=[0.38411954045295715, 0.3256179690361023, 0.11578743904829025, 0.17447520792484283]
[step 0150/200] method=baseline_cagrad loss=0.5146 train_acc=0.7484 train_loss=0.4988 val_acc=0.7186 val_loss=0.5274 router_H=0.6364 best=0.7186
           router_load=[0.38411954045295715, 0.3256179690361023, 0.11578743904829025, 0.17447520792484283]
[step 0160/200] method=baseline_cagrad loss=0.5614 train_acc=0.7484 train_loss=0.4988 val_acc=0.7186 val_loss=0.5274 router_H=0.6364 best=0.7186
           router_load=[0.38411954045295715, 0.3256179690361023, 0.11578743904829025, 0.17447520792484283]
[step 0170/200] method=baseline_cagrad loss=0.5029 train_acc=0.7484 train_loss=0.4988 val_acc=0.7186 val_loss=0.5274 router_H=0.6364 best=0.7186
           router_load=[0.38411954045295715, 0.3256179690361023, 0.11578743904829025, 0.17447520792484283]
[step 0180/200] method=baseline_cagrad loss=0.4583 train_acc=0.7484 train_loss=0.4988 val_acc=0.7186 val_loss=0.5274 router_H=0.6364 best=0.7186
           router_load=[0.38411954045295715, 0.3256179690361023, 0.11578743904829025, 0.17447520792484283]
[step 0190/200] method=baseline_cagrad loss=0.4714 train_acc=0.7484 train_loss=0.4988 val_acc=0.7186 val_loss=0.5274 router_H=0.6364 best=0.7186
           router_load=[0.38411954045295715, 0.3256179690361023, 0.11578743904829025, 0.17447520792484283]
[step 0200/200] method=baseline_cagrad loss=0.4327 train_acc=0.8158 train_loss=0.4102 val_acc=0.7593 val_loss=0.5097 router_H=0.5963 best=0.7593
           router_load=[0.3096126616001129, 0.31333431601524353, 0.23079293966293335, 0.146260067820549]
saved summary -> /home/zhujjing/MOE-grad-conflict-routing/runs/paper_suite/single_gpu/multi_task/glue4_gpt2_lora_e4_k2/hpo/cagrad/trial_runs/coord_04_method_baseline_cagrad_c_010/cagrad_s2.json
saved curve -> /home/zhujjing/MOE-grad-conflict-routing/runs/paper_suite/single_gpu/multi_task/glue4_gpt2_lora_e4_k2/hpo/cagrad/trial_runs/coord_04_method_baseline_cagrad_c_010/cagrad_s2_curve.csv
