[run] method=ours candidate=coord_01_train_lr_003 seed=3 steps=150 gpu=0
[run] cmd=
/home/zhujjing/anaconda3/envs/moe/bin/python /home/zhujjing/MOE-grad-conflict-routing/scripts/run.py --config configs/singletask_mrpc_real.yaml --set model.backbone_backend=hf --set model.hf_load_pretrained=true --set model.backbone=deberta --set model.hf_pretrained_name=microsoft/deberta-v3-base --set model.expert_type=lora --set model.routing_mode=topk --set model.num_experts=4 --set model.top_k=2 --set seed=3 --set method.name=ours --set train.steps=150 --set train.eval_every_steps=50 --set method.ours.use_load_norm=true --set method.ours.lambda_align=0.001 --set train.grad_clip=1 --set train.lr=5.731108509e-05 --set train.weight_decay=0.01 --out /home/zhujjing/MOE-grad-conflict-routing/runs/paper_suite/single_gpu/single_task/deberta_mrpc_lora_e4_k2/hpo/ours/trial_runs/coord_01_train_lr_003/ours_s3.json --curve_out /home/zhujjing/MOE-grad-conflict-routing/runs/paper_suite/single_gpu/single_task/deberta_mrpc_lora_e4_k2/hpo/ours/trial_runs/coord_01_train_lr_003/ours_s3_curve.csv
Using the latest cached version of the dataset since glue couldn't be found on the Hugging Face Hub (offline mode is enabled).
Found the latest cached dataset configuration 'mrpc' at /home/zhujjing/hf_cache/datasets/glue/mrpc/0.0.0/bcdcba79d07bc864c1c254ccfcedcce55bcc9a8c (last modified on Thu Mar 19 15:01:06 2026).
/home/zhujjing/anaconda3/envs/moe/lib/python3.10/site-packages/transformers/utils/hub.py:124: FutureWarning: Using `TRANSFORMERS_CACHE` is deprecated and will be removed in v5 of Transformers. Use `HF_HOME` instead.
  warnings.warn(
/home/zhujjing/anaconda3/envs/moe/lib/python3.10/site-packages/transformers/convert_slow_tokenizer.py:560: UserWarning: The sentencepiece tokenizer that you are converting to a fast tokenizer uses the byte fallback option which is not implemented in the fast tokenizers. In practice this means that the fast version of the tokenizer can produce unknown tokens whereas the sentencepiece version would have converted these unknown tokens into a sequence of byte tokens matching the original piece of text.
  warnings.warn(
[step 0001/150] method=ours loss=0.7358 train_acc=nan train_loss=nan val_acc=nan val_loss=nan best=-1.0000
[step 0010/150] method=ours loss=0.6366 train_acc=nan train_loss=nan val_acc=nan val_loss=nan best=-1.0000
[step 0020/150] method=ours loss=0.4858 train_acc=nan train_loss=nan val_acc=nan val_loss=nan best=-1.0000
[step 0030/150] method=ours loss=0.4253 train_acc=nan train_loss=nan val_acc=nan val_loss=nan best=-1.0000
[step 0040/150] method=ours loss=0.6114 train_acc=nan train_loss=nan val_acc=nan val_loss=nan best=-1.0000
[step 0050/150] method=ours loss=0.2959 train_acc=0.8364 train_loss=0.3728 val_acc=0.8309 val_loss=0.3894 router_H=0.6703 best=0.8309
           router_load=[0.41589105129241943, 0.0011672725668177009, 0.0022431034594774246, 0.5806986093521118]
[step 0060/150] method=ours loss=0.4106 train_acc=0.8364 train_loss=0.3728 val_acc=0.8309 val_loss=0.3894 router_H=0.6703 best=0.8309
           router_load=[0.41589105129241943, 0.0011672725668177009, 0.0022431034594774246, 0.5806986093521118]
[step 0070/150] method=ours loss=0.2688 train_acc=0.8364 train_loss=0.3728 val_acc=0.8309 val_loss=0.3894 router_H=0.6703 best=0.8309
           router_load=[0.41589105129241943, 0.0011672725668177009, 0.0022431034594774246, 0.5806986093521118]
[step 0080/150] method=ours loss=0.2325 train_acc=0.8364 train_loss=0.3728 val_acc=0.8309 val_loss=0.3894 router_H=0.6703 best=0.8309
           router_load=[0.41589105129241943, 0.0011672725668177009, 0.0022431034594774246, 0.5806986093521118]
[step 0090/150] method=ours loss=0.4172 train_acc=0.8364 train_loss=0.3728 val_acc=0.8309 val_loss=0.3894 router_H=0.6703 best=0.8309
           router_load=[0.41589105129241943, 0.0011672725668177009, 0.0022431034594774246, 0.5806986093521118]
[step 0100/150] method=ours loss=0.3737 train_acc=0.8547 train_loss=0.3258 val_acc=0.8309 val_loss=0.3752 router_H=0.6758 best=0.8309
           router_load=[0.47736766934394836, 0.0, 0.09655601531267166, 0.426076203584671]
[step 0110/150] method=ours loss=0.3587 train_acc=0.8547 train_loss=0.3258 val_acc=0.8309 val_loss=0.3752 router_H=0.6758 best=0.8309
           router_load=[0.47736766934394836, 0.0, 0.09655601531267166, 0.426076203584671]
[step 0120/150] method=ours loss=0.1612 train_acc=0.8547 train_loss=0.3258 val_acc=0.8309 val_loss=0.3752 router_H=0.6758 best=0.8309
           router_load=[0.47736766934394836, 0.0, 0.09655601531267166, 0.426076203584671]
[step 0130/150] method=ours loss=0.5262 train_acc=0.8547 train_loss=0.3258 val_acc=0.8309 val_loss=0.3752 router_H=0.6758 best=0.8309
           router_load=[0.47736766934394836, 0.0, 0.09655601531267166, 0.426076203584671]
[step 0140/150] method=ours loss=0.6304 train_acc=0.8547 train_loss=0.3258 val_acc=0.8309 val_loss=0.3752 router_H=0.6758 best=0.8309
           router_load=[0.47736766934394836, 0.0, 0.09655601531267166, 0.426076203584671]
[step 0150/150] method=ours loss=0.1297 train_acc=0.8817 train_loss=0.2988 val_acc=0.8431 val_loss=0.3432 router_H=0.6593 best=0.8431
           router_load=[0.08439099788665771, 0.0007003312930464745, 0.43555817008018494, 0.47935035824775696]
saved summary -> /home/zhujjing/MOE-grad-conflict-routing/runs/paper_suite/single_gpu/single_task/deberta_mrpc_lora_e4_k2/hpo/ours/trial_runs/coord_01_train_lr_003/ours_s3.json
saved curve -> /home/zhujjing/MOE-grad-conflict-routing/runs/paper_suite/single_gpu/single_task/deberta_mrpc_lora_e4_k2/hpo/ours/trial_runs/coord_01_train_lr_003/ours_s3_curve.csv
