[run] method=cagrad candidate=coord_04_method_baseline_cagrad_c_016 seed=3 steps=150 gpu=0
[run] cmd=
/home/zhujjing/anaconda3/envs/moe/bin/python /home/zhujjing/MOE-grad-conflict-routing/scripts/run.py --config configs/singletask_rte_real.yaml --set model.backbone_backend=hf --set model.hf_load_pretrained=true --set model.backbone=deberta --set model.hf_pretrained_name=microsoft/deberta-v3-base --set model.expert_type=ffn --set model.routing_mode=topk --set model.num_experts=4 --set model.top_k=2 --set seed=3 --set method.name=baseline_cagrad --set train.steps=150 --set train.eval_every_steps=50 --set method.baseline_cagrad.c=0.6709077192 --set method.baseline_cagrad.inner_lr=0.1 --set train.grad_clip=1.19532768 --set train.lr=2e-05 --set train.weight_decay=0.02536478282 --out /home/zhujjing/MOE-grad-conflict-routing/runs/paper_suite/single_gpu/single_task/deberta_rte_ffn_e4_k2/hpo/cagrad/trial_runs/coord_04_method_baseline_cagrad_c_016/cagrad_s3.json --curve_out /home/zhujjing/MOE-grad-conflict-routing/runs/paper_suite/single_gpu/single_task/deberta_rte_ffn_e4_k2/hpo/cagrad/trial_runs/coord_04_method_baseline_cagrad_c_016/cagrad_s3_curve.csv
Using the latest cached version of the dataset since glue couldn't be found on the Hugging Face Hub (offline mode is enabled).
Found the latest cached dataset configuration 'rte' at /home/zhujjing/hf_cache/datasets/glue/rte/0.0.0/bcdcba79d07bc864c1c254ccfcedcce55bcc9a8c (last modified on Thu Mar 19 15:00:36 2026).
/home/zhujjing/anaconda3/envs/moe/lib/python3.10/site-packages/transformers/utils/hub.py:124: FutureWarning: Using `TRANSFORMERS_CACHE` is deprecated and will be removed in v5 of Transformers. Use `HF_HOME` instead.
  warnings.warn(
/home/zhujjing/anaconda3/envs/moe/lib/python3.10/site-packages/transformers/convert_slow_tokenizer.py:560: UserWarning: The sentencepiece tokenizer that you are converting to a fast tokenizer uses the byte fallback option which is not implemented in the fast tokenizers. In practice this means that the fast version of the tokenizer can produce unknown tokens whereas the sentencepiece version would have converted these unknown tokens into a sequence of byte tokens matching the original piece of text.
  warnings.warn(
[step 0001/150] method=baseline_cagrad loss=0.6894 train_acc=nan train_loss=nan val_acc=nan val_loss=nan best=-1.0000
[step 0010/150] method=baseline_cagrad loss=0.7002 train_acc=nan train_loss=nan val_acc=nan val_loss=nan best=-1.0000
[step 0020/150] method=baseline_cagrad loss=0.6373 train_acc=nan train_loss=nan val_acc=nan val_loss=nan best=-1.0000
[step 0030/150] method=baseline_cagrad loss=0.5818 train_acc=nan train_loss=nan val_acc=nan val_loss=nan best=-1.0000
[step 0040/150] method=baseline_cagrad loss=0.6092 train_acc=nan train_loss=nan val_acc=nan val_loss=nan best=-1.0000
[step 0050/150] method=baseline_cagrad loss=0.5865 train_acc=0.7458 train_loss=0.5425 val_acc=0.6787 val_loss=0.5807 router_H=0.5607 best=0.6787
           router_load=[0.055720772594213486, 0.1689663976430893, 0.02656683325767517, 0.7487460374832153]
[step 0060/150] method=baseline_cagrad loss=0.4313 train_acc=0.7458 train_loss=0.5425 val_acc=0.6787 val_loss=0.5807 router_H=0.5607 best=0.6787
           router_load=[0.055720772594213486, 0.1689663976430893, 0.02656683325767517, 0.7487460374832153]
[step 0070/150] method=baseline_cagrad loss=0.7068 train_acc=0.7458 train_loss=0.5425 val_acc=0.6787 val_loss=0.5807 router_H=0.5607 best=0.6787
           router_load=[0.055720772594213486, 0.1689663976430893, 0.02656683325767517, 0.7487460374832153]
[step 0080/150] method=baseline_cagrad loss=0.4223 train_acc=0.7458 train_loss=0.5425 val_acc=0.6787 val_loss=0.5807 router_H=0.5607 best=0.6787
           router_load=[0.055720772594213486, 0.1689663976430893, 0.02656683325767517, 0.7487460374832153]
[step 0090/150] method=baseline_cagrad loss=0.5880 train_acc=0.7458 train_loss=0.5425 val_acc=0.6787 val_loss=0.5807 router_H=0.5607 best=0.6787
           router_load=[0.055720772594213486, 0.1689663976430893, 0.02656683325767517, 0.7487460374832153]
[step 0100/150] method=baseline_cagrad loss=0.5876 train_acc=0.8189 train_loss=0.3972 val_acc=0.7329 val_loss=0.5459 router_H=0.6069 best=0.7329
           router_load=[0.0456753708422184, 0.23583433032035828, 0.025612076744437218, 0.6928783059120178]
[step 0110/150] method=baseline_cagrad loss=0.3655 train_acc=0.8189 train_loss=0.3972 val_acc=0.7329 val_loss=0.5459 router_H=0.6069 best=0.7329
           router_load=[0.0456753708422184, 0.23583433032035828, 0.025612076744437218, 0.6928783059120178]
[step 0120/150] method=baseline_cagrad loss=0.4558 train_acc=0.8189 train_loss=0.3972 val_acc=0.7329 val_loss=0.5459 router_H=0.6069 best=0.7329
           router_load=[0.0456753708422184, 0.23583433032035828, 0.025612076744437218, 0.6928783059120178]
[step 0130/150] method=baseline_cagrad loss=0.4278 train_acc=0.8189 train_loss=0.3972 val_acc=0.7329 val_loss=0.5459 router_H=0.6069 best=0.7329
           router_load=[0.0456753708422184, 0.23583433032035828, 0.025612076744437218, 0.6928783059120178]
[step 0140/150] method=baseline_cagrad loss=0.3500 train_acc=0.8189 train_loss=0.3972 val_acc=0.7329 val_loss=0.5459 router_H=0.6069 best=0.7329
           router_load=[0.0456753708422184, 0.23583433032035828, 0.025612076744437218, 0.6928783059120178]
[step 0150/150] method=baseline_cagrad loss=0.3129 train_acc=0.8964 train_loss=0.2880 val_acc=0.8051 val_loss=0.4588 router_H=0.6249 best=0.8051
           router_load=[0.0073075322434306145, 0.33555474877357483, 0.016962770372629166, 0.6401750445365906]
saved summary -> /home/zhujjing/MOE-grad-conflict-routing/runs/paper_suite/single_gpu/single_task/deberta_rte_ffn_e4_k2/hpo/cagrad/trial_runs/coord_04_method_baseline_cagrad_c_016/cagrad_s3.json
saved curve -> /home/zhujjing/MOE-grad-conflict-routing/runs/paper_suite/single_gpu/single_task/deberta_rte_ffn_e4_k2/hpo/cagrad/trial_runs/coord_04_method_baseline_cagrad_c_016/cagrad_s3_curve.csv
