[run] method=ours candidate=local_var_topk_021 seed=2 steps=150 gpu=0
[run] cmd=
/home/zhujjing/anaconda3/envs/moe/bin/python /home/zhujjing/MOE-grad-conflict-routing/scripts/run.py --config configs/singletask_sst2_real.yaml --set model.backbone_backend=hf --set model.hf_load_pretrained=true --set model.hf_local_files_only=true --set model.backbone=deberta --set model.hf_pretrained_name=microsoft/deberta-v3-base --set model.expert_type=lora --set model.routing_mode=topk --set model.num_experts=4 --set model.top_k=2 --set seed=2 --set method.name=ours --set train.steps=150 --set train.eval_every_steps=50 --set method.ours.use_load_norm=true --set method.ours.lambda_align=2.3628385e-05 --set train.grad_clip=0.8112607949 --set train.lr=4.3338597e-05 --set train.weight_decay=0 --out /home/zhujjing/MOE-grad-conflict-routing/runs/paper_suite/single_gpu/single_task/deberta_sst2_lora_e4_k2_supplement/hpo/ours/trial_runs/local_var_topk_021/ours_s2.json --curve_out /home/zhujjing/MOE-grad-conflict-routing/runs/paper_suite/single_gpu/single_task/deberta_sst2_lora_e4_k2_supplement/hpo/ours/trial_runs/local_var_topk_021/ours_s2_curve.csv
Using the latest cached version of the dataset since glue couldn't be found on the Hugging Face Hub (offline mode is enabled).
Found the latest cached dataset configuration 'sst2' at /home/zhujjing/hf_cache/datasets/glue/sst2/0.0.0/bcdcba79d07bc864c1c254ccfcedcce55bcc9a8c (last modified on Thu Mar 19 15:01:41 2026).
/home/zhujjing/anaconda3/envs/moe/lib/python3.10/site-packages/transformers/utils/hub.py:124: FutureWarning: Using `TRANSFORMERS_CACHE` is deprecated and will be removed in v5 of Transformers. Use `HF_HOME` instead.
  warnings.warn(
/home/zhujjing/anaconda3/envs/moe/lib/python3.10/site-packages/transformers/convert_slow_tokenizer.py:560: UserWarning: The sentencepiece tokenizer that you are converting to a fast tokenizer uses the byte fallback option which is not implemented in the fast tokenizers. In practice this means that the fast version of the tokenizer can produce unknown tokens whereas the sentencepiece version would have converted these unknown tokens into a sequence of byte tokens matching the original piece of text.
  warnings.warn(
[step 0001/150] method=ours loss=0.5772 train_acc=nan train_loss=nan val_acc=nan val_loss=nan best=-1.0000
[step 0010/150] method=ours loss=0.4966 train_acc=nan train_loss=nan val_acc=nan val_loss=nan best=-1.0000
[step 0020/150] method=ours loss=0.1567 train_acc=nan train_loss=nan val_acc=nan val_loss=nan best=-1.0000
[step 0030/150] method=ours loss=0.5872 train_acc=nan train_loss=nan val_acc=nan val_loss=nan best=-1.0000
[step 0040/150] method=ours loss=0.1415 train_acc=nan train_loss=nan val_acc=nan val_loss=nan best=-1.0000
[step 0050/150] method=ours loss=0.1017 train_acc=0.8412 train_loss=0.3990 val_acc=0.7282 val_loss=0.6778 router_H=0.6615 best=0.7282
           router_load=[0.612541913986206, 0.008905666880309582, 0.09154154360294342, 0.28701096773147583]
[step 0060/150] method=ours loss=0.1420 train_acc=0.8412 train_loss=0.3990 val_acc=0.7282 val_loss=0.6778 router_H=0.6615 best=0.7282
           router_load=[0.612541913986206, 0.008905666880309582, 0.09154154360294342, 0.28701096773147583]
[step 0070/150] method=ours loss=0.3907 train_acc=0.8412 train_loss=0.3990 val_acc=0.7282 val_loss=0.6778 router_H=0.6615 best=0.7282
           router_load=[0.612541913986206, 0.008905666880309582, 0.09154154360294342, 0.28701096773147583]
[step 0080/150] method=ours loss=0.4075 train_acc=0.8412 train_loss=0.3990 val_acc=0.7282 val_loss=0.6778 router_H=0.6615 best=0.7282
           router_load=[0.612541913986206, 0.008905666880309582, 0.09154154360294342, 0.28701096773147583]
[step 0090/150] method=ours loss=0.4923 train_acc=0.8412 train_loss=0.3990 val_acc=0.7282 val_loss=0.6778 router_H=0.6615 best=0.7282
           router_load=[0.612541913986206, 0.008905666880309582, 0.09154154360294342, 0.28701096773147583]
[step 0100/150] method=ours loss=0.2188 train_acc=0.9167 train_loss=0.2147 val_acc=0.9312 val_loss=0.1885 router_H=0.6654 best=0.9312
           router_load=[0.6054951548576355, 0.04355764016509056, 0.11357515305280685, 0.23737195134162903]
[step 0110/150] method=ours loss=0.1912 train_acc=0.9167 train_loss=0.2147 val_acc=0.9312 val_loss=0.1885 router_H=0.6654 best=0.9312
           router_load=[0.6054951548576355, 0.04355764016509056, 0.11357515305280685, 0.23737195134162903]
[step 0120/150] method=ours loss=0.0760 train_acc=0.9167 train_loss=0.2147 val_acc=0.9312 val_loss=0.1885 router_H=0.6654 best=0.9312
           router_load=[0.6054951548576355, 0.04355764016509056, 0.11357515305280685, 0.23737195134162903]
[step 0130/150] method=ours loss=0.2942 train_acc=0.9167 train_loss=0.2147 val_acc=0.9312 val_loss=0.1885 router_H=0.6654 best=0.9312
           router_load=[0.6054951548576355, 0.04355764016509056, 0.11357515305280685, 0.23737195134162903]
[step 0140/150] method=ours loss=0.2226 train_acc=0.9167 train_loss=0.2147 val_acc=0.9312 val_loss=0.1885 router_H=0.6654 best=0.9312
           router_load=[0.6054951548576355, 0.04355764016509056, 0.11357515305280685, 0.23737195134162903]
[step 0150/150] method=ours loss=0.5672 train_acc=0.9132 train_loss=0.2693 val_acc=0.8888 val_loss=0.3293 router_H=0.6761 best=0.9312
           router_load=[0.4978584945201874, 0.1964866816997528, 0.23611754179000854, 0.06953740864992142]
saved summary -> /home/zhujjing/MOE-grad-conflict-routing/runs/paper_suite/single_gpu/single_task/deberta_sst2_lora_e4_k2_supplement/hpo/ours/trial_runs/local_var_topk_021/ours_s2.json
saved curve -> /home/zhujjing/MOE-grad-conflict-routing/runs/paper_suite/single_gpu/single_task/deberta_sst2_lora_e4_k2_supplement/hpo/ours/trial_runs/local_var_topk_021/ours_s2_curve.csv
