[run] method=ours candidate=local_var_topk_022 seed=3 steps=150 gpu=0
[run] cmd=
/home/zhujjing/anaconda3/envs/moe/bin/python /home/zhujjing/MOE-grad-conflict-routing/scripts/run.py --config configs/singletask_sst2_real.yaml --set model.backbone_backend=hf --set model.hf_load_pretrained=true --set model.hf_local_files_only=true --set model.backbone=deberta --set model.hf_pretrained_name=microsoft/deberta-v3-base --set model.expert_type=lora --set model.routing_mode=topk --set model.num_experts=4 --set model.top_k=2 --set seed=3 --set method.name=ours --set train.steps=150 --set train.eval_every_steps=50 --set method.ours.use_load_norm=true --set method.ours.lambda_align=2.3628385e-05 --set train.grad_clip=0.8112607949 --set train.lr=4.3338597e-05 --set train.weight_decay=0.002820878098 --out /home/zhujjing/MOE-grad-conflict-routing/runs/paper_suite/single_gpu/single_task/deberta_sst2_lora_e4_k2_supplement/hpo/ours/trial_runs/local_var_topk_022/ours_s3.json --curve_out /home/zhujjing/MOE-grad-conflict-routing/runs/paper_suite/single_gpu/single_task/deberta_sst2_lora_e4_k2_supplement/hpo/ours/trial_runs/local_var_topk_022/ours_s3_curve.csv
Using the latest cached version of the dataset since glue couldn't be found on the Hugging Face Hub (offline mode is enabled).
Found the latest cached dataset configuration 'sst2' at /home/zhujjing/hf_cache/datasets/glue/sst2/0.0.0/bcdcba79d07bc864c1c254ccfcedcce55bcc9a8c (last modified on Thu Mar 19 15:01:41 2026).
/home/zhujjing/anaconda3/envs/moe/lib/python3.10/site-packages/transformers/utils/hub.py:124: FutureWarning: Using `TRANSFORMERS_CACHE` is deprecated and will be removed in v5 of Transformers. Use `HF_HOME` instead.
  warnings.warn(
/home/zhujjing/anaconda3/envs/moe/lib/python3.10/site-packages/transformers/convert_slow_tokenizer.py:560: UserWarning: The sentencepiece tokenizer that you are converting to a fast tokenizer uses the byte fallback option which is not implemented in the fast tokenizers. In practice this means that the fast version of the tokenizer can produce unknown tokens whereas the sentencepiece version would have converted these unknown tokens into a sequence of byte tokens matching the original piece of text.
  warnings.warn(
[step 0001/150] method=ours loss=0.5715 train_acc=nan train_loss=nan val_acc=nan val_loss=nan best=-1.0000
[step 0010/150] method=ours loss=0.5221 train_acc=nan train_loss=nan val_acc=nan val_loss=nan best=-1.0000
[step 0020/150] method=ours loss=0.3075 train_acc=nan train_loss=nan val_acc=nan val_loss=nan best=-1.0000
[step 0030/150] method=ours loss=0.5195 train_acc=nan train_loss=nan val_acc=nan val_loss=nan best=-1.0000
[step 0040/150] method=ours loss=0.3678 train_acc=nan train_loss=nan val_acc=nan val_loss=nan best=-1.0000
[step 0050/150] method=ours loss=0.9300 train_acc=0.8673 train_loss=0.3558 val_acc=0.8360 val_loss=0.3823 router_H=0.6396 best=0.8360
           router_load=[0.23172494769096375, 0.07055903971195221, 0.06453781574964523, 0.6331782937049866]
[step 0060/150] method=ours loss=0.5221 train_acc=0.8673 train_loss=0.3558 val_acc=0.8360 val_loss=0.3823 router_H=0.6396 best=0.8360
           router_load=[0.23172494769096375, 0.07055903971195221, 0.06453781574964523, 0.6331782937049866]
[step 0070/150] method=ours loss=0.1108 train_acc=0.8673 train_loss=0.3558 val_acc=0.8360 val_loss=0.3823 router_H=0.6396 best=0.8360
           router_load=[0.23172494769096375, 0.07055903971195221, 0.06453781574964523, 0.6331782937049866]
[step 0080/150] method=ours loss=0.0744 train_acc=0.8673 train_loss=0.3558 val_acc=0.8360 val_loss=0.3823 router_H=0.6396 best=0.8360
           router_load=[0.23172494769096375, 0.07055903971195221, 0.06453781574964523, 0.6331782937049866]
[step 0090/150] method=ours loss=0.2296 train_acc=0.8673 train_loss=0.3558 val_acc=0.8360 val_loss=0.3823 router_H=0.6396 best=0.8360
           router_load=[0.23172494769096375, 0.07055903971195221, 0.06453781574964523, 0.6331782937049866]
[step 0100/150] method=ours loss=0.3906 train_acc=0.9105 train_loss=0.2796 val_acc=0.9163 val_loss=0.2377 router_H=0.6473 best=0.9163
           router_load=[0.22997049987316132, 0.031763557344675064, 0.10924619436264038, 0.6290197372436523]
[step 0110/150] method=ours loss=0.4358 train_acc=0.9105 train_loss=0.2796 val_acc=0.9163 val_loss=0.2377 router_H=0.6473 best=0.9163
           router_load=[0.22997049987316132, 0.031763557344675064, 0.10924619436264038, 0.6290197372436523]
[step 0120/150] method=ours loss=0.7336 train_acc=0.9105 train_loss=0.2796 val_acc=0.9163 val_loss=0.2377 router_H=0.6473 best=0.9163
           router_load=[0.22997049987316132, 0.031763557344675064, 0.10924619436264038, 0.6290197372436523]
[step 0130/150] method=ours loss=0.3278 train_acc=0.9105 train_loss=0.2796 val_acc=0.9163 val_loss=0.2377 router_H=0.6473 best=0.9163
           router_load=[0.22997049987316132, 0.031763557344675064, 0.10924619436264038, 0.6290197372436523]
[step 0140/150] method=ours loss=0.3138 train_acc=0.9105 train_loss=0.2796 val_acc=0.9163 val_loss=0.2377 router_H=0.6473 best=0.9163
           router_load=[0.22997049987316132, 0.031763557344675064, 0.10924619436264038, 0.6290197372436523]
[step 0150/150] method=ours loss=0.2847 train_acc=0.9139 train_loss=0.2519 val_acc=0.9209 val_loss=0.2343 router_H=0.6155 best=0.9209
           router_load=[0.09038246423006058, 0.16442473232746124, 0.07773406058549881, 0.667458713054657]
saved summary -> /home/zhujjing/MOE-grad-conflict-routing/runs/paper_suite/single_gpu/single_task/deberta_sst2_lora_e4_k2_supplement/hpo/ours/trial_runs/local_var_topk_022/ours_s3.json
saved curve -> /home/zhujjing/MOE-grad-conflict-routing/runs/paper_suite/single_gpu/single_task/deberta_sst2_lora_e4_k2_supplement/hpo/ours/trial_runs/local_var_topk_022/ours_s3_curve.csv
