[run] method=ours candidate=local_var_topk_000 seed=2 steps=150 gpu=0
[run] cmd=
/home/zhujjing/anaconda3/envs/moe/bin/python /home/zhujjing/MOE-grad-conflict-routing/scripts/run.py --config configs/singletask_sst2_real.yaml --set model.backbone_backend=hf --set model.hf_load_pretrained=true --set model.hf_local_files_only=true --set model.backbone=deberta --set model.hf_pretrained_name=microsoft/deberta-v3-base --set model.expert_type=lora --set model.routing_mode=topk --set model.num_experts=4 --set model.top_k=2 --set seed=2 --set method.name=ours --set train.steps=150 --set train.eval_every_steps=50 --set method.ours.use_load_norm=true --set method.ours.lambda_align=1.1814193e-05 --set train.grad_clip=0.8112607949 --set train.lr=1.0834649e-05 --set train.weight_decay=0 --out /home/zhujjing/MOE-grad-conflict-routing/runs/paper_suite/single_gpu/single_task/deberta_sst2_lora_e4_k2_supplement/hpo/ours/trial_runs/local_var_topk_000/ours_s2.json --curve_out /home/zhujjing/MOE-grad-conflict-routing/runs/paper_suite/single_gpu/single_task/deberta_sst2_lora_e4_k2_supplement/hpo/ours/trial_runs/local_var_topk_000/ours_s2_curve.csv
Using the latest cached version of the dataset since glue couldn't be found on the Hugging Face Hub (offline mode is enabled).
Found the latest cached dataset configuration 'sst2' at /home/zhujjing/hf_cache/datasets/glue/sst2/0.0.0/bcdcba79d07bc864c1c254ccfcedcce55bcc9a8c (last modified on Thu Mar 19 15:01:41 2026).
/home/zhujjing/anaconda3/envs/moe/lib/python3.10/site-packages/transformers/utils/hub.py:124: FutureWarning: Using `TRANSFORMERS_CACHE` is deprecated and will be removed in v5 of Transformers. Use `HF_HOME` instead.
  warnings.warn(
/home/zhujjing/anaconda3/envs/moe/lib/python3.10/site-packages/transformers/convert_slow_tokenizer.py:560: UserWarning: The sentencepiece tokenizer that you are converting to a fast tokenizer uses the byte fallback option which is not implemented in the fast tokenizers. In practice this means that the fast version of the tokenizer can produce unknown tokens whereas the sentencepiece version would have converted these unknown tokens into a sequence of byte tokens matching the original piece of text.
  warnings.warn(
[step 0001/150] method=ours loss=0.6519 train_acc=nan train_loss=nan val_acc=nan val_loss=nan best=-1.0000
[step 0010/150] method=ours loss=0.7493 train_acc=nan train_loss=nan val_acc=nan val_loss=nan best=-1.0000
[step 0020/150] method=ours loss=0.6530 train_acc=nan train_loss=nan val_acc=nan val_loss=nan best=-1.0000
[step 0030/150] method=ours loss=0.5763 train_acc=nan train_loss=nan val_acc=nan val_loss=nan best=-1.0000
[step 0040/150] method=ours loss=0.5182 train_acc=nan train_loss=nan val_acc=nan val_loss=nan best=-1.0000
[step 0050/150] method=ours loss=0.5078 train_acc=0.8616 train_loss=0.4240 val_acc=0.8911 val_loss=0.3857 router_H=0.6701 best=0.8911
           router_load=[0.0, 0.1486968696117401, 0.2773180902004242, 0.5739850997924805]
[step 0060/150] method=ours loss=0.3716 train_acc=0.8616 train_loss=0.4240 val_acc=0.8911 val_loss=0.3857 router_H=0.6701 best=0.8911
           router_load=[0.0, 0.1486968696117401, 0.2773180902004242, 0.5739850997924805]
[step 0070/150] method=ours loss=0.6416 train_acc=0.8616 train_loss=0.4240 val_acc=0.8911 val_loss=0.3857 router_H=0.6701 best=0.8911
           router_load=[0.0, 0.1486968696117401, 0.2773180902004242, 0.5739850997924805]
[step 0080/150] method=ours loss=0.2392 train_acc=0.8616 train_loss=0.4240 val_acc=0.8911 val_loss=0.3857 router_H=0.6701 best=0.8911
           router_load=[0.0, 0.1486968696117401, 0.2773180902004242, 0.5739850997924805]
[step 0090/150] method=ours loss=0.2277 train_acc=0.8616 train_loss=0.4240 val_acc=0.8911 val_loss=0.3857 router_H=0.6701 best=0.8911
           router_load=[0.0, 0.1486968696117401, 0.2773180902004242, 0.5739850997924805]
[step 0100/150] method=ours loss=0.3300 train_acc=0.8701 train_loss=0.3382 val_acc=0.8486 val_loss=0.4227 router_H=0.6846 best=0.8911
           router_load=[0.0018714707111939788, 0.22747181355953217, 0.278089314699173, 0.49256742000579834]
[step 0110/150] method=ours loss=0.1841 train_acc=0.8701 train_loss=0.3382 val_acc=0.8486 val_loss=0.4227 router_H=0.6846 best=0.8911
           router_load=[0.0018714707111939788, 0.22747181355953217, 0.278089314699173, 0.49256742000579834]
[step 0120/150] method=ours loss=0.3220 train_acc=0.8701 train_loss=0.3382 val_acc=0.8486 val_loss=0.4227 router_H=0.6846 best=0.8911
           router_load=[0.0018714707111939788, 0.22747181355953217, 0.278089314699173, 0.49256742000579834]
[step 0130/150] method=ours loss=0.2244 train_acc=0.8701 train_loss=0.3382 val_acc=0.8486 val_loss=0.4227 router_H=0.6846 best=0.8911
           router_load=[0.0018714707111939788, 0.22747181355953217, 0.278089314699173, 0.49256742000579834]
[step 0140/150] method=ours loss=0.3929 train_acc=0.8701 train_loss=0.3382 val_acc=0.8486 val_loss=0.4227 router_H=0.6846 best=0.8911
           router_load=[0.0018714707111939788, 0.22747181355953217, 0.278089314699173, 0.49256742000579834]
[step 0150/150] method=ours loss=0.4875 train_acc=0.9155 train_loss=0.2283 val_acc=0.9083 val_loss=0.2219 router_H=0.6831 best=0.9083
           router_load=[0.028609396889805794, 0.21449068188667297, 0.2627866864204407, 0.49411317706108093]
saved summary -> /home/zhujjing/MOE-grad-conflict-routing/runs/paper_suite/single_gpu/single_task/deberta_sst2_lora_e4_k2_supplement/hpo/ours/trial_runs/local_var_topk_000/ours_s2.json
saved curve -> /home/zhujjing/MOE-grad-conflict-routing/runs/paper_suite/single_gpu/single_task/deberta_sst2_lora_e4_k2_supplement/hpo/ours/trial_runs/local_var_topk_000/ours_s2_curve.csv
