[run] method=ours candidate=local_var_topk_002 seed=3 steps=150 gpu=0
[run] cmd=
/home/zhujjing/anaconda3/envs/moe/bin/python /home/zhujjing/MOE-grad-conflict-routing/scripts/run.py --config configs/singletask_sst2_real.yaml --set model.backbone_backend=hf --set model.hf_load_pretrained=true --set model.hf_local_files_only=true --set model.backbone=deberta --set model.hf_pretrained_name=microsoft/deberta-v3-base --set model.expert_type=lora --set model.routing_mode=topk --set model.num_experts=4 --set model.top_k=2 --set seed=3 --set method.name=ours --set train.steps=150 --set train.eval_every_steps=50 --set method.ours.use_load_norm=true --set method.ours.lambda_align=1.1814193e-05 --set train.grad_clip=0.8112607949 --set train.lr=1.0834649e-05 --set train.weight_decay=0.0128208781 --out /home/zhujjing/MOE-grad-conflict-routing/runs/paper_suite/single_gpu/single_task/deberta_sst2_lora_e4_k2_supplement/hpo/ours/trial_runs/local_var_topk_002/ours_s3.json --curve_out /home/zhujjing/MOE-grad-conflict-routing/runs/paper_suite/single_gpu/single_task/deberta_sst2_lora_e4_k2_supplement/hpo/ours/trial_runs/local_var_topk_002/ours_s3_curve.csv
Using the latest cached version of the dataset since glue couldn't be found on the Hugging Face Hub (offline mode is enabled).
Found the latest cached dataset configuration 'sst2' at /home/zhujjing/hf_cache/datasets/glue/sst2/0.0.0/bcdcba79d07bc864c1c254ccfcedcce55bcc9a8c (last modified on Thu Mar 19 15:01:41 2026).
/home/zhujjing/anaconda3/envs/moe/lib/python3.10/site-packages/transformers/utils/hub.py:124: FutureWarning: Using `TRANSFORMERS_CACHE` is deprecated and will be removed in v5 of Transformers. Use `HF_HOME` instead.
  warnings.warn(
/home/zhujjing/anaconda3/envs/moe/lib/python3.10/site-packages/transformers/convert_slow_tokenizer.py:560: UserWarning: The sentencepiece tokenizer that you are converting to a fast tokenizer uses the byte fallback option which is not implemented in the fast tokenizers. In practice this means that the fast version of the tokenizer can produce unknown tokens whereas the sentencepiece version would have converted these unknown tokens into a sequence of byte tokens matching the original piece of text.
  warnings.warn(
[step 0001/150] method=ours loss=0.8248 train_acc=nan train_loss=nan val_acc=nan val_loss=nan best=-1.0000
[step 0010/150] method=ours loss=0.5893 train_acc=nan train_loss=nan val_acc=nan val_loss=nan best=-1.0000
[step 0020/150] method=ours loss=0.6481 train_acc=nan train_loss=nan val_acc=nan val_loss=nan best=-1.0000
[step 0030/150] method=ours loss=0.6361 train_acc=nan train_loss=nan val_acc=nan val_loss=nan best=-1.0000
[step 0040/150] method=ours loss=0.6020 train_acc=nan train_loss=nan val_acc=nan val_loss=nan best=-1.0000
[step 0050/150] method=ours loss=0.6339 train_acc=0.8671 train_loss=0.3997 val_acc=0.8417 val_loss=0.4126 router_H=0.6262 best=0.8417
           router_load=[0.09020156413316727, 0.21824321150779724, 0.665971577167511, 0.025583939626812935]
[step 0060/150] method=ours loss=0.4925 train_acc=0.8671 train_loss=0.3997 val_acc=0.8417 val_loss=0.4126 router_H=0.6262 best=0.8417
           router_load=[0.09020156413316727, 0.21824321150779724, 0.665971577167511, 0.025583939626812935]
[step 0070/150] method=ours loss=0.2796 train_acc=0.8671 train_loss=0.3997 val_acc=0.8417 val_loss=0.4126 router_H=0.6262 best=0.8417
           router_load=[0.09020156413316727, 0.21824321150779724, 0.665971577167511, 0.025583939626812935]
[step 0080/150] method=ours loss=0.1586 train_acc=0.8671 train_loss=0.3997 val_acc=0.8417 val_loss=0.4126 router_H=0.6262 best=0.8417
           router_load=[0.09020156413316727, 0.21824321150779724, 0.665971577167511, 0.025583939626812935]
[step 0090/150] method=ours loss=0.1973 train_acc=0.8671 train_loss=0.3997 val_acc=0.8417 val_loss=0.4126 router_H=0.6262 best=0.8417
           router_load=[0.09020156413316727, 0.21824321150779724, 0.665971577167511, 0.025583939626812935]
[step 0100/150] method=ours loss=0.3937 train_acc=0.9041 train_loss=0.2635 val_acc=0.9025 val_loss=0.2560 router_H=0.6450 best=0.9025
           router_load=[0.18309852480888367, 0.12105265259742737, 0.6198364496231079, 0.0760124921798706]
[step 0110/150] method=ours loss=0.3544 train_acc=0.9041 train_loss=0.2635 val_acc=0.9025 val_loss=0.2560 router_H=0.6450 best=0.9025
           router_load=[0.18309852480888367, 0.12105265259742737, 0.6198364496231079, 0.0760124921798706]
[step 0120/150] method=ours loss=0.3659 train_acc=0.9041 train_loss=0.2635 val_acc=0.9025 val_loss=0.2560 router_H=0.6450 best=0.9025
           router_load=[0.18309852480888367, 0.12105265259742737, 0.6198364496231079, 0.0760124921798706]
[step 0130/150] method=ours loss=0.1719 train_acc=0.9041 train_loss=0.2635 val_acc=0.9025 val_loss=0.2560 router_H=0.6450 best=0.9025
           router_load=[0.18309852480888367, 0.12105265259742737, 0.6198364496231079, 0.0760124921798706]
[step 0140/150] method=ours loss=0.4013 train_acc=0.9041 train_loss=0.2635 val_acc=0.9025 val_loss=0.2560 router_H=0.6450 best=0.9025
           router_load=[0.18309852480888367, 0.12105265259742737, 0.6198364496231079, 0.0760124921798706]
[step 0150/150] method=ours loss=0.2065 train_acc=0.9210 train_loss=0.2126 val_acc=0.9128 val_loss=0.2003 router_H=0.6498 best=0.9128
           router_load=[0.16342325508594513, 0.12962816655635834, 0.5746340155601501, 0.1323145627975464]
saved summary -> /home/zhujjing/MOE-grad-conflict-routing/runs/paper_suite/single_gpu/single_task/deberta_sst2_lora_e4_k2_supplement/hpo/ours/trial_runs/local_var_topk_002/ours_s3.json
saved curve -> /home/zhujjing/MOE-grad-conflict-routing/runs/paper_suite/single_gpu/single_task/deberta_sst2_lora_e4_k2_supplement/hpo/ours/trial_runs/local_var_topk_002/ours_s3_curve.csv
