[run] method=ours candidate=local_var_topk_025 seed=2 steps=150 gpu=0
[run] cmd=
/home/zhujjing/anaconda3/envs/moe/bin/python /home/zhujjing/MOE-grad-conflict-routing/scripts/run.py --config configs/singletask_sst2_real.yaml --set model.backbone_backend=hf --set model.hf_load_pretrained=true --set model.hf_local_files_only=true --set model.backbone=deberta --set model.hf_pretrained_name=microsoft/deberta-v3-base --set model.expert_type=lora --set model.routing_mode=topk --set model.num_experts=4 --set model.top_k=2 --set seed=2 --set method.name=ours --set train.steps=150 --set train.eval_every_steps=50 --set method.ours.use_load_norm=true --set method.ours.lambda_align=4.725677e-05 --set train.grad_clip=0.8112607949 --set train.lr=4.3338597e-05 --set train.weight_decay=0.002820878098 --out /home/zhujjing/MOE-grad-conflict-routing/runs/paper_suite/single_gpu/single_task/deberta_sst2_lora_e4_k2_supplement/hpo/ours/trial_runs/local_var_topk_025/ours_s2.json --curve_out /home/zhujjing/MOE-grad-conflict-routing/runs/paper_suite/single_gpu/single_task/deberta_sst2_lora_e4_k2_supplement/hpo/ours/trial_runs/local_var_topk_025/ours_s2_curve.csv
Using the latest cached version of the dataset since glue couldn't be found on the Hugging Face Hub (offline mode is enabled).
Found the latest cached dataset configuration 'sst2' at /home/zhujjing/hf_cache/datasets/glue/sst2/0.0.0/bcdcba79d07bc864c1c254ccfcedcce55bcc9a8c (last modified on Thu Mar 19 15:01:41 2026).
/home/zhujjing/anaconda3/envs/moe/lib/python3.10/site-packages/transformers/utils/hub.py:124: FutureWarning: Using `TRANSFORMERS_CACHE` is deprecated and will be removed in v5 of Transformers. Use `HF_HOME` instead.
  warnings.warn(
/home/zhujjing/anaconda3/envs/moe/lib/python3.10/site-packages/transformers/convert_slow_tokenizer.py:560: UserWarning: The sentencepiece tokenizer that you are converting to a fast tokenizer uses the byte fallback option which is not implemented in the fast tokenizers. In practice this means that the fast version of the tokenizer can produce unknown tokens whereas the sentencepiece version would have converted these unknown tokens into a sequence of byte tokens matching the original piece of text.
  warnings.warn(
[step 0001/150] method=ours loss=0.5687 train_acc=nan train_loss=nan val_acc=nan val_loss=nan best=-1.0000
[step 0010/150] method=ours loss=0.5976 train_acc=nan train_loss=nan val_acc=nan val_loss=nan best=-1.0000
[step 0020/150] method=ours loss=0.1957 train_acc=nan train_loss=nan val_acc=nan val_loss=nan best=-1.0000
[step 0030/150] method=ours loss=0.2155 train_acc=nan train_loss=nan val_acc=nan val_loss=nan best=-1.0000
[step 0040/150] method=ours loss=0.1346 train_acc=nan train_loss=nan val_acc=nan val_loss=nan best=-1.0000
[step 0050/150] method=ours loss=0.1199 train_acc=0.7663 train_loss=0.7208 val_acc=0.6078 val_loss=1.2912 router_H=0.6761 best=0.6078
           router_load=[0.20425887405872345, 0.07027509063482285, 0.3701476752758026, 0.35531848669052124]
[step 0060/150] method=ours loss=0.2941 train_acc=0.7663 train_loss=0.7208 val_acc=0.6078 val_loss=1.2912 router_H=0.6761 best=0.6078
           router_load=[0.20425887405872345, 0.07027509063482285, 0.3701476752758026, 0.35531848669052124]
[step 0070/150] method=ours loss=0.5883 train_acc=0.7663 train_loss=0.7208 val_acc=0.6078 val_loss=1.2912 router_H=0.6761 best=0.6078
           router_load=[0.20425887405872345, 0.07027509063482285, 0.3701476752758026, 0.35531848669052124]
[step 0080/150] method=ours loss=0.9596 train_acc=0.7663 train_loss=0.7208 val_acc=0.6078 val_loss=1.2912 router_H=0.6761 best=0.6078
           router_load=[0.20425887405872345, 0.07027509063482285, 0.3701476752758026, 0.35531848669052124]
[step 0090/150] method=ours loss=0.2097 train_acc=0.7663 train_loss=0.7208 val_acc=0.6078 val_loss=1.2912 router_H=0.6761 best=0.6078
           router_load=[0.20425887405872345, 0.07027509063482285, 0.3701476752758026, 0.35531848669052124]
[step 0100/150] method=ours loss=0.3125 train_acc=0.9091 train_loss=0.2451 val_acc=0.9220 val_loss=0.2200 router_H=0.5904 best=0.9220
           router_load=[0.5534428358078003, 0.09245913475751877, 0.07496552914381027, 0.2791323959827423]
[step 0110/150] method=ours loss=0.2192 train_acc=0.9091 train_loss=0.2451 val_acc=0.9220 val_loss=0.2200 router_H=0.5904 best=0.9220
           router_load=[0.5534428358078003, 0.09245913475751877, 0.07496552914381027, 0.2791323959827423]
[step 0120/150] method=ours loss=0.0840 train_acc=0.9091 train_loss=0.2451 val_acc=0.9220 val_loss=0.2200 router_H=0.5904 best=0.9220
           router_load=[0.5534428358078003, 0.09245913475751877, 0.07496552914381027, 0.2791323959827423]
[step 0130/150] method=ours loss=0.3367 train_acc=0.9091 train_loss=0.2451 val_acc=0.9220 val_loss=0.2200 router_H=0.5904 best=0.9220
           router_load=[0.5534428358078003, 0.09245913475751877, 0.07496552914381027, 0.2791323959827423]
[step 0140/150] method=ours loss=0.2128 train_acc=0.9091 train_loss=0.2451 val_acc=0.9220 val_loss=0.2200 router_H=0.5904 best=0.9220
           router_load=[0.5534428358078003, 0.09245913475751877, 0.07496552914381027, 0.2791323959827423]
[step 0150/150] method=ours loss=0.4013 train_acc=0.9163 train_loss=0.2309 val_acc=0.9060 val_loss=0.2481 router_H=0.5772 best=0.9220
           router_load=[0.5925697684288025, 0.07020806521177292, 0.09258618205785751, 0.24463605880737305]
saved summary -> /home/zhujjing/MOE-grad-conflict-routing/runs/paper_suite/single_gpu/single_task/deberta_sst2_lora_e4_k2_supplement/hpo/ours/trial_runs/local_var_topk_025/ours_s2.json
saved curve -> /home/zhujjing/MOE-grad-conflict-routing/runs/paper_suite/single_gpu/single_task/deberta_sst2_lora_e4_k2_supplement/hpo/ours/trial_runs/local_var_topk_025/ours_s2_curve.csv
