[run] method=ours candidate=coord_04_method_ours_lambda_align_008 seed=3 steps=150 gpu=0
[run] cmd=
/home/zhujjing/anaconda3/envs/moe/bin/python /home/zhujjing/MOE-grad-conflict-routing/scripts/run.py --config configs/singletask_mrpc_real.yaml --set model.backbone_backend=hf --set model.hf_load_pretrained=true --set model.backbone=deberta --set model.hf_pretrained_name=microsoft/deberta-v3-base --set model.expert_type=ffn --set model.routing_mode=topk --set model.num_experts=4 --set model.top_k=2 --set seed=3 --set method.name=ours --set train.steps=150 --set train.eval_every_steps=50 --set method.ours.use_load_norm=true --set method.ours.lambda_align=0.0001328949179 --set train.grad_clip=1.516011677 --set train.lr=3.356481249e-05 --set train.weight_decay=0.04283921792 --out /home/zhujjing/MOE-grad-conflict-routing/runs/paper_suite/single_gpu/single_task/deberta_mrpc_ffn_e4_k2/hpo/ours/trial_runs/coord_04_method_ours_lambda_align_008/ours_s3.json --curve_out /home/zhujjing/MOE-grad-conflict-routing/runs/paper_suite/single_gpu/single_task/deberta_mrpc_ffn_e4_k2/hpo/ours/trial_runs/coord_04_method_ours_lambda_align_008/ours_s3_curve.csv
Using the latest cached version of the dataset since glue couldn't be found on the Hugging Face Hub (offline mode is enabled).
Found the latest cached dataset configuration 'mrpc' at /home/zhujjing/hf_cache/datasets/glue/mrpc/0.0.0/bcdcba79d07bc864c1c254ccfcedcce55bcc9a8c (last modified on Thu Mar 19 15:01:06 2026).
/home/zhujjing/anaconda3/envs/moe/lib/python3.10/site-packages/transformers/utils/hub.py:124: FutureWarning: Using `TRANSFORMERS_CACHE` is deprecated and will be removed in v5 of Transformers. Use `HF_HOME` instead.
  warnings.warn(
/home/zhujjing/anaconda3/envs/moe/lib/python3.10/site-packages/transformers/convert_slow_tokenizer.py:560: UserWarning: The sentencepiece tokenizer that you are converting to a fast tokenizer uses the byte fallback option which is not implemented in the fast tokenizers. In practice this means that the fast version of the tokenizer can produce unknown tokens whereas the sentencepiece version would have converted these unknown tokens into a sequence of byte tokens matching the original piece of text.
  warnings.warn(
[step 0001/150] method=ours loss=0.6824 train_acc=nan train_loss=nan val_acc=nan val_loss=nan best=-1.0000
[step 0010/150] method=ours loss=0.7122 train_acc=nan train_loss=nan val_acc=nan val_loss=nan best=-1.0000
[step 0020/150] method=ours loss=0.5593 train_acc=nan train_loss=nan val_acc=nan val_loss=nan best=-1.0000
[step 0030/150] method=ours loss=0.4195 train_acc=nan train_loss=nan val_acc=nan val_loss=nan best=-1.0000
[step 0040/150] method=ours loss=0.5949 train_acc=nan train_loss=nan val_acc=nan val_loss=nan best=-1.0000
[step 0050/150] method=ours loss=0.3644 train_acc=0.7944 train_loss=0.4344 val_acc=0.7819 val_loss=0.4314 router_H=0.4037 best=0.7819
           router_load=[0.19090843200683594, 0.006224909331649542, 0.8028666377067566, 0.0]
[step 0060/150] method=ours loss=0.3278 train_acc=0.7944 train_loss=0.4344 val_acc=0.7819 val_loss=0.4314 router_H=0.4037 best=0.7819
           router_load=[0.19090843200683594, 0.006224909331649542, 0.8028666377067566, 0.0]
[step 0070/150] method=ours loss=0.2866 train_acc=0.7944 train_loss=0.4344 val_acc=0.7819 val_loss=0.4314 router_H=0.4037 best=0.7819
           router_load=[0.19090843200683594, 0.006224909331649542, 0.8028666377067566, 0.0]
[step 0080/150] method=ours loss=0.3004 train_acc=0.7944 train_loss=0.4344 val_acc=0.7819 val_loss=0.4314 router_H=0.4037 best=0.7819
           router_load=[0.19090843200683594, 0.006224909331649542, 0.8028666377067566, 0.0]
[step 0090/150] method=ours loss=0.5123 train_acc=0.7944 train_loss=0.4344 val_acc=0.7819 val_loss=0.4314 router_H=0.4037 best=0.7819
           router_load=[0.19090843200683594, 0.006224909331649542, 0.8028666377067566, 0.0]
[step 0100/150] method=ours loss=0.5817 train_acc=0.8367 train_loss=0.3646 val_acc=0.8260 val_loss=0.3724 router_H=0.3842 best=0.8260
           router_load=[0.14947323501110077, 0.04060978814959526, 0.8099170923233032, 0.0]
[step 0110/150] method=ours loss=0.3050 train_acc=0.8367 train_loss=0.3646 val_acc=0.8260 val_loss=0.3724 router_H=0.3842 best=0.8260
           router_load=[0.14947323501110077, 0.04060978814959526, 0.8099170923233032, 0.0]
[step 0120/150] method=ours loss=0.2318 train_acc=0.8367 train_loss=0.3646 val_acc=0.8260 val_loss=0.3724 router_H=0.3842 best=0.8260
           router_load=[0.14947323501110077, 0.04060978814959526, 0.8099170923233032, 0.0]
[step 0130/150] method=ours loss=0.2756 train_acc=0.8367 train_loss=0.3646 val_acc=0.8260 val_loss=0.3724 router_H=0.3842 best=0.8260
           router_load=[0.14947323501110077, 0.04060978814959526, 0.8099170923233032, 0.0]
[step 0140/150] method=ours loss=0.6623 train_acc=0.8367 train_loss=0.3646 val_acc=0.8260 val_loss=0.3724 router_H=0.3842 best=0.8260
           router_load=[0.14947323501110077, 0.04060978814959526, 0.8099170923233032, 0.0]
[step 0150/150] method=ours loss=0.4981 train_acc=0.8833 train_loss=0.2834 val_acc=0.8382 val_loss=0.3388 router_H=0.3505 best=0.8382
           router_load=[0.06212574243545532, 0.09208609908819199, 0.8457880020141602, 0.0]
saved summary -> /home/zhujjing/MOE-grad-conflict-routing/runs/paper_suite/single_gpu/single_task/deberta_mrpc_ffn_e4_k2/hpo/ours/trial_runs/coord_04_method_ours_lambda_align_008/ours_s3.json
saved curve -> /home/zhujjing/MOE-grad-conflict-routing/runs/paper_suite/single_gpu/single_task/deberta_mrpc_ffn_e4_k2/hpo/ours/trial_runs/coord_04_method_ours_lambda_align_008/ours_s3_curve.csv
