[run] method=ours candidate=coord_04_method_ours_lambda_align_004 seed=3 steps=150 gpu=0
[run] cmd=
/home/zhujjing/anaconda3/envs/moe/bin/python /home/zhujjing/MOE-grad-conflict-routing/scripts/run.py --config configs/singletask_mrpc_real.yaml --set model.backbone_backend=hf --set model.hf_load_pretrained=true --set model.backbone=deberta --set model.hf_pretrained_name=microsoft/deberta-v3-base --set model.expert_type=ffn --set model.routing_mode=topk --set model.num_experts=4 --set model.top_k=2 --set seed=3 --set method.name=ours --set train.steps=150 --set train.eval_every_steps=50 --set method.ours.use_load_norm=true --set method.ours.lambda_align=0.0003739085203 --set train.grad_clip=1.516011677 --set train.lr=3.356481249e-05 --set train.weight_decay=0.04283921792 --out /home/zhujjing/MOE-grad-conflict-routing/runs/paper_suite/single_gpu/single_task/deberta_mrpc_ffn_e4_k2/hpo/ours/trial_runs/coord_04_method_ours_lambda_align_004/ours_s3.json --curve_out /home/zhujjing/MOE-grad-conflict-routing/runs/paper_suite/single_gpu/single_task/deberta_mrpc_ffn_e4_k2/hpo/ours/trial_runs/coord_04_method_ours_lambda_align_004/ours_s3_curve.csv
Using the latest cached version of the dataset since glue couldn't be found on the Hugging Face Hub (offline mode is enabled).
Found the latest cached dataset configuration 'mrpc' at /home/zhujjing/hf_cache/datasets/glue/mrpc/0.0.0/bcdcba79d07bc864c1c254ccfcedcce55bcc9a8c (last modified on Thu Mar 19 15:01:06 2026).
/home/zhujjing/anaconda3/envs/moe/lib/python3.10/site-packages/transformers/utils/hub.py:124: FutureWarning: Using `TRANSFORMERS_CACHE` is deprecated and will be removed in v5 of Transformers. Use `HF_HOME` instead.
  warnings.warn(
/home/zhujjing/anaconda3/envs/moe/lib/python3.10/site-packages/transformers/convert_slow_tokenizer.py:560: UserWarning: The sentencepiece tokenizer that you are converting to a fast tokenizer uses the byte fallback option which is not implemented in the fast tokenizers. In practice this means that the fast version of the tokenizer can produce unknown tokens whereas the sentencepiece version would have converted these unknown tokens into a sequence of byte tokens matching the original piece of text.
  warnings.warn(
[step 0001/150] method=ours loss=0.6783 train_acc=nan train_loss=nan val_acc=nan val_loss=nan best=-1.0000
[step 0010/150] method=ours loss=0.6864 train_acc=nan train_loss=nan val_acc=nan val_loss=nan best=-1.0000
[step 0020/150] method=ours loss=0.5646 train_acc=nan train_loss=nan val_acc=nan val_loss=nan best=-1.0000
[step 0030/150] method=ours loss=0.5062 train_acc=nan train_loss=nan val_acc=nan val_loss=nan best=-1.0000
[step 0040/150] method=ours loss=0.4266 train_acc=nan train_loss=nan val_acc=nan val_loss=nan best=-1.0000
[step 0050/150] method=ours loss=0.3475 train_acc=0.7925 train_loss=0.4242 val_acc=0.7794 val_loss=0.4333 router_H=0.5751 best=0.7794
           router_load=[0.36342620849609375, 0.004448904190212488, 0.6012707352638245, 0.030854186043143272]
[step 0060/150] method=ours loss=0.3824 train_acc=0.7925 train_loss=0.4242 val_acc=0.7794 val_loss=0.4333 router_H=0.5751 best=0.7794
           router_load=[0.36342620849609375, 0.004448904190212488, 0.6012707352638245, 0.030854186043143272]
[step 0070/150] method=ours loss=0.3714 train_acc=0.7925 train_loss=0.4242 val_acc=0.7794 val_loss=0.4333 router_H=0.5751 best=0.7794
           router_load=[0.36342620849609375, 0.004448904190212488, 0.6012707352638245, 0.030854186043143272]
[step 0080/150] method=ours loss=0.2382 train_acc=0.7925 train_loss=0.4242 val_acc=0.7794 val_loss=0.4333 router_H=0.5751 best=0.7794
           router_load=[0.36342620849609375, 0.004448904190212488, 0.6012707352638245, 0.030854186043143272]
[step 0090/150] method=ours loss=0.3378 train_acc=0.7925 train_loss=0.4242 val_acc=0.7794 val_loss=0.4333 router_H=0.5751 best=0.7794
           router_load=[0.36342620849609375, 0.004448904190212488, 0.6012707352638245, 0.030854186043143272]
[step 0100/150] method=ours loss=0.3119 train_acc=0.8765 train_loss=0.2965 val_acc=0.8578 val_loss=0.3381 router_H=0.5448 best=0.8578
           router_load=[0.39245396852493286, 0.06866104900836945, 0.5367554426193237, 0.0021294907201081514]
[step 0110/150] method=ours loss=0.4790 train_acc=0.8765 train_loss=0.2965 val_acc=0.8578 val_loss=0.3381 router_H=0.5448 best=0.8578
           router_load=[0.39245396852493286, 0.06866104900836945, 0.5367554426193237, 0.0021294907201081514]
[step 0120/150] method=ours loss=0.2034 train_acc=0.8765 train_loss=0.2965 val_acc=0.8578 val_loss=0.3381 router_H=0.5448 best=0.8578
           router_load=[0.39245396852493286, 0.06866104900836945, 0.5367554426193237, 0.0021294907201081514]
[step 0130/150] method=ours loss=0.4471 train_acc=0.8765 train_loss=0.2965 val_acc=0.8578 val_loss=0.3381 router_H=0.5448 best=0.8578
           router_load=[0.39245396852493286, 0.06866104900836945, 0.5367554426193237, 0.0021294907201081514]
[step 0140/150] method=ours loss=0.8777 train_acc=0.8765 train_loss=0.2965 val_acc=0.8578 val_loss=0.3381 router_H=0.5448 best=0.8578
           router_load=[0.39245396852493286, 0.06866104900836945, 0.5367554426193237, 0.0021294907201081514]
[step 0150/150] method=ours loss=0.3218 train_acc=0.9087 train_loss=0.2364 val_acc=0.8824 val_loss=0.2763 router_H=0.5151 best=0.8824
           router_load=[0.44949087500572205, 0.014873730950057507, 0.5287657976150513, 0.006869504693895578]
saved summary -> /home/zhujjing/MOE-grad-conflict-routing/runs/paper_suite/single_gpu/single_task/deberta_mrpc_ffn_e4_k2/hpo/ours/trial_runs/coord_04_method_ours_lambda_align_004/ours_s3.json
saved curve -> /home/zhujjing/MOE-grad-conflict-routing/runs/paper_suite/single_gpu/single_task/deberta_mrpc_ffn_e4_k2/hpo/ours/trial_runs/coord_04_method_ours_lambda_align_004/ours_s3_curve.csv
