[run] method=cagrad candidate=local_var_topk_023 seed=3 steps=150 gpu=0
[run] cmd=
/home/zhujjing/anaconda3/envs/moe/bin/python /home/zhujjing/MOE-grad-conflict-routing/scripts/run.py --config configs/singletask_rte_real.yaml --set model.backbone_backend=hf --set model.hf_load_pretrained=true --set model.backbone=deberta --set model.hf_pretrained_name=microsoft/deberta-v3-base --set model.expert_type=lora --set model.routing_mode=topk --set model.num_experts=4 --set model.top_k=2 --set seed=3 --set method.name=baseline_cagrad --set train.steps=150 --set train.eval_every_steps=50 --set method.baseline_cagrad.c=0.1187523056 --set method.baseline_cagrad.inner_lr=0.3592481994 --set train.grad_clip=1.761572159 --set train.lr=8.9205725e-05 --set train.weight_decay=0.03536478282 --out /home/zhujjing/MOE-grad-conflict-routing/runs/paper_suite/single_gpu/single_task/deberta_rte_lora_e4_k2/hpo/cagrad/trial_runs/local_var_topk_023/cagrad_s3.json --curve_out /home/zhujjing/MOE-grad-conflict-routing/runs/paper_suite/single_gpu/single_task/deberta_rte_lora_e4_k2/hpo/cagrad/trial_runs/local_var_topk_023/cagrad_s3_curve.csv
Using the latest cached version of the dataset since glue couldn't be found on the Hugging Face Hub (offline mode is enabled).
Found the latest cached dataset configuration 'rte' at /home/zhujjing/hf_cache/datasets/glue/rte/0.0.0/bcdcba79d07bc864c1c254ccfcedcce55bcc9a8c (last modified on Thu Mar 19 15:00:36 2026).
/home/zhujjing/anaconda3/envs/moe/lib/python3.10/site-packages/transformers/utils/hub.py:124: FutureWarning: Using `TRANSFORMERS_CACHE` is deprecated and will be removed in v5 of Transformers. Use `HF_HOME` instead.
  warnings.warn(
/home/zhujjing/anaconda3/envs/moe/lib/python3.10/site-packages/transformers/convert_slow_tokenizer.py:560: UserWarning: The sentencepiece tokenizer that you are converting to a fast tokenizer uses the byte fallback option which is not implemented in the fast tokenizers. In practice this means that the fast version of the tokenizer can produce unknown tokens whereas the sentencepiece version would have converted these unknown tokens into a sequence of byte tokens matching the original piece of text.
  warnings.warn(
[step 0001/150] method=baseline_cagrad loss=0.7473 train_acc=nan train_loss=nan val_acc=nan val_loss=nan best=-1.0000
[step 0010/150] method=baseline_cagrad loss=0.8424 train_acc=nan train_loss=nan val_acc=nan val_loss=nan best=-1.0000
[step 0020/150] method=baseline_cagrad loss=0.6842 train_acc=nan train_loss=nan val_acc=nan val_loss=nan best=-1.0000
[step 0030/150] method=baseline_cagrad loss=0.4724 train_acc=nan train_loss=nan val_acc=nan val_loss=nan best=-1.0000
[step 0040/150] method=baseline_cagrad loss=0.4450 train_acc=nan train_loss=nan val_acc=nan val_loss=nan best=-1.0000
[step 0050/150] method=baseline_cagrad loss=0.5478 train_acc=0.7124 train_loss=0.5656 val_acc=0.6282 val_loss=0.6379 router_H=0.6851 best=0.6282
           router_load=[0.004459240008145571, 0.5505104064941406, 0.0, 0.4450302720069885]
[step 0060/150] method=baseline_cagrad loss=0.4885 train_acc=0.7124 train_loss=0.5656 val_acc=0.6282 val_loss=0.6379 router_H=0.6851 best=0.6282
           router_load=[0.004459240008145571, 0.5505104064941406, 0.0, 0.4450302720069885]
[step 0070/150] method=baseline_cagrad loss=0.6819 train_acc=0.7124 train_loss=0.5656 val_acc=0.6282 val_loss=0.6379 router_H=0.6851 best=0.6282
           router_load=[0.004459240008145571, 0.5505104064941406, 0.0, 0.4450302720069885]
[step 0080/150] method=baseline_cagrad loss=0.4938 train_acc=0.7124 train_loss=0.5656 val_acc=0.6282 val_loss=0.6379 router_H=0.6851 best=0.6282
           router_load=[0.004459240008145571, 0.5505104064941406, 0.0, 0.4450302720069885]
[step 0090/150] method=baseline_cagrad loss=1.0837 train_acc=0.7124 train_loss=0.5656 val_acc=0.6282 val_loss=0.6379 router_H=0.6851 best=0.6282
           router_load=[0.004459240008145571, 0.5505104064941406, 0.0, 0.4450302720069885]
[step 0100/150] method=baseline_cagrad loss=0.5286 train_acc=0.7635 train_loss=0.4996 val_acc=0.6823 val_loss=0.6089 router_H=0.6794 best=0.6823
           router_load=[0.0054084802977740765, 0.44241389632225037, 0.0026020475197583437, 0.5495755672454834]
[step 0110/150] method=baseline_cagrad loss=0.5452 train_acc=0.7635 train_loss=0.4996 val_acc=0.6823 val_loss=0.6089 router_H=0.6794 best=0.6823
           router_load=[0.0054084802977740765, 0.44241389632225037, 0.0026020475197583437, 0.5495755672454834]
[step 0120/150] method=baseline_cagrad loss=0.4964 train_acc=0.7635 train_loss=0.4996 val_acc=0.6823 val_loss=0.6089 router_H=0.6794 best=0.6823
           router_load=[0.0054084802977740765, 0.44241389632225037, 0.0026020475197583437, 0.5495755672454834]
[step 0130/150] method=baseline_cagrad loss=0.4598 train_acc=0.7635 train_loss=0.4996 val_acc=0.6823 val_loss=0.6089 router_H=0.6794 best=0.6823
           router_load=[0.0054084802977740765, 0.44241389632225037, 0.0026020475197583437, 0.5495755672454834]
[step 0140/150] method=baseline_cagrad loss=0.3932 train_acc=0.7635 train_loss=0.4996 val_acc=0.6823 val_loss=0.6089 router_H=0.6794 best=0.6823
           router_load=[0.0054084802977740765, 0.44241389632225037, 0.0026020475197583437, 0.5495755672454834]
[step 0150/150] method=baseline_cagrad loss=0.3093 train_acc=0.8281 train_loss=0.3679 val_acc=0.7292 val_loss=0.5526 router_H=0.6343 best=0.7292
           router_load=[0.053854987025260925, 0.09080259501934052, 0.19171613454818726, 0.6636261940002441]
saved summary -> /home/zhujjing/MOE-grad-conflict-routing/runs/paper_suite/single_gpu/single_task/deberta_rte_lora_e4_k2/hpo/cagrad/trial_runs/local_var_topk_023/cagrad_s3.json
saved curve -> /home/zhujjing/MOE-grad-conflict-routing/runs/paper_suite/single_gpu/single_task/deberta_rte_lora_e4_k2/hpo/cagrad/trial_runs/local_var_topk_023/cagrad_s3_curve.csv
