[run] method=cagrad candidate=local_var_topk_023 seed=2 steps=150 gpu=0
[run] cmd=
/home/zhujjing/anaconda3/envs/moe/bin/python /home/zhujjing/MOE-grad-conflict-routing/scripts/run.py --config configs/singletask_rte_real.yaml --set model.backbone_backend=hf --set model.hf_load_pretrained=true --set model.backbone=deberta --set model.hf_pretrained_name=microsoft/deberta-v3-base --set model.expert_type=lora --set model.routing_mode=topk --set model.num_experts=4 --set model.top_k=2 --set seed=2 --set method.name=baseline_cagrad --set train.steps=150 --set train.eval_every_steps=50 --set method.baseline_cagrad.c=0.1187523056 --set method.baseline_cagrad.inner_lr=0.3592481994 --set train.grad_clip=1.761572159 --set train.lr=8.9205725e-05 --set train.weight_decay=0.03536478282 --out /home/zhujjing/MOE-grad-conflict-routing/runs/paper_suite/single_gpu/single_task/deberta_rte_lora_e4_k2/hpo/cagrad/trial_runs/local_var_topk_023/cagrad_s2.json --curve_out /home/zhujjing/MOE-grad-conflict-routing/runs/paper_suite/single_gpu/single_task/deberta_rte_lora_e4_k2/hpo/cagrad/trial_runs/local_var_topk_023/cagrad_s2_curve.csv
Using the latest cached version of the dataset since glue couldn't be found on the Hugging Face Hub (offline mode is enabled).
Found the latest cached dataset configuration 'rte' at /home/zhujjing/hf_cache/datasets/glue/rte/0.0.0/bcdcba79d07bc864c1c254ccfcedcce55bcc9a8c (last modified on Thu Mar 19 15:00:36 2026).
/home/zhujjing/anaconda3/envs/moe/lib/python3.10/site-packages/transformers/utils/hub.py:124: FutureWarning: Using `TRANSFORMERS_CACHE` is deprecated and will be removed in v5 of Transformers. Use `HF_HOME` instead.
  warnings.warn(
/home/zhujjing/anaconda3/envs/moe/lib/python3.10/site-packages/transformers/convert_slow_tokenizer.py:560: UserWarning: The sentencepiece tokenizer that you are converting to a fast tokenizer uses the byte fallback option which is not implemented in the fast tokenizers. In practice this means that the fast version of the tokenizer can produce unknown tokens whereas the sentencepiece version would have converted these unknown tokens into a sequence of byte tokens matching the original piece of text.
  warnings.warn(
[step 0001/150] method=baseline_cagrad loss=0.8237 train_acc=nan train_loss=nan val_acc=nan val_loss=nan best=-1.0000
[step 0010/150] method=baseline_cagrad loss=0.7652 train_acc=nan train_loss=nan val_acc=nan val_loss=nan best=-1.0000
[step 0020/150] method=baseline_cagrad loss=0.6798 train_acc=nan train_loss=nan val_acc=nan val_loss=nan best=-1.0000
[step 0030/150] method=baseline_cagrad loss=0.6518 train_acc=nan train_loss=nan val_acc=nan val_loss=nan best=-1.0000
[step 0040/150] method=baseline_cagrad loss=0.6298 train_acc=nan train_loss=nan val_acc=nan val_loss=nan best=-1.0000
[step 0050/150] method=baseline_cagrad loss=0.7643 train_acc=0.6016 train_loss=0.6402 val_acc=0.5632 val_loss=0.6839 router_H=0.6726 best=0.5632
           router_load=[0.0, 0.17386600375175476, 0.2335609644651413, 0.5925729870796204]
[step 0060/150] method=baseline_cagrad loss=0.5900 train_acc=0.6016 train_loss=0.6402 val_acc=0.5632 val_loss=0.6839 router_H=0.6726 best=0.5632
           router_load=[0.0, 0.17386600375175476, 0.2335609644651413, 0.5925729870796204]
[step 0070/150] method=baseline_cagrad loss=0.7287 train_acc=0.6016 train_loss=0.6402 val_acc=0.5632 val_loss=0.6839 router_H=0.6726 best=0.5632
           router_load=[0.0, 0.17386600375175476, 0.2335609644651413, 0.5925729870796204]
[step 0080/150] method=baseline_cagrad loss=0.6166 train_acc=0.6016 train_loss=0.6402 val_acc=0.5632 val_loss=0.6839 router_H=0.6726 best=0.5632
           router_load=[0.0, 0.17386600375175476, 0.2335609644651413, 0.5925729870796204]
[step 0090/150] method=baseline_cagrad loss=0.5187 train_acc=0.6016 train_loss=0.6402 val_acc=0.5632 val_loss=0.6839 router_H=0.6726 best=0.5632
           router_load=[0.0, 0.17386600375175476, 0.2335609644651413, 0.5925729870796204]
[step 0100/150] method=baseline_cagrad loss=0.6895 train_acc=0.7490 train_loss=0.5464 val_acc=0.6173 val_loss=0.6125 router_H=0.6795 best=0.6173
           router_load=[0.0, 0.017577387392520905, 0.42756566405296326, 0.5548569560050964]
[step 0110/150] method=baseline_cagrad loss=0.6890 train_acc=0.7490 train_loss=0.5464 val_acc=0.6173 val_loss=0.6125 router_H=0.6795 best=0.6173
           router_load=[0.0, 0.017577387392520905, 0.42756566405296326, 0.5548569560050964]
[step 0120/150] method=baseline_cagrad loss=0.6414 train_acc=0.7490 train_loss=0.5464 val_acc=0.6173 val_loss=0.6125 router_H=0.6795 best=0.6173
           router_load=[0.0, 0.017577387392520905, 0.42756566405296326, 0.5548569560050964]
[step 0130/150] method=baseline_cagrad loss=0.4295 train_acc=0.7490 train_loss=0.5464 val_acc=0.6173 val_loss=0.6125 router_H=0.6795 best=0.6173
           router_load=[0.0, 0.017577387392520905, 0.42756566405296326, 0.5548569560050964]
[step 0140/150] method=baseline_cagrad loss=0.6406 train_acc=0.7490 train_loss=0.5464 val_acc=0.6173 val_loss=0.6125 router_H=0.6795 best=0.6173
           router_load=[0.0, 0.017577387392520905, 0.42756566405296326, 0.5548569560050964]
[step 0150/150] method=baseline_cagrad loss=0.9959 train_acc=0.6169 train_loss=0.5876 val_acc=0.5632 val_loss=0.6585 router_H=0.6778 best=0.6173
           router_load=[0.0, 0.13135431706905365, 0.31036731600761414, 0.5582784414291382]
saved summary -> /home/zhujjing/MOE-grad-conflict-routing/runs/paper_suite/single_gpu/single_task/deberta_rte_lora_e4_k2/hpo/cagrad/trial_runs/local_var_topk_023/cagrad_s2.json
saved curve -> /home/zhujjing/MOE-grad-conflict-routing/runs/paper_suite/single_gpu/single_task/deberta_rte_lora_e4_k2/hpo/cagrad/trial_runs/local_var_topk_023/cagrad_s2_curve.csv
