[run] method=cagrad candidate=coord_04_method_baseline_cagrad_c_003 seed=7 steps=1000 gpu=0
[run] cmd=
/home/zhujjing/anaconda3/envs/moe/bin/python /home/zhujjing/MOE-grad-conflict-routing/scripts/run.py --config configs/multitask_glue3_rte_mrpc_cola_real.yaml --set model.backbone_backend=hf --set model.hf_load_pretrained=true --set model.hf_local_files_only=true --set model.backbone=roberta --set model.hf_pretrained_name=roberta-base --set model.expert_type=lora --set model.routing_mode=topk --set model.num_experts=4 --set model.top_k=2 --set train.eval_train_fraction=0.10 --set train.eval_train_max_batches=-1 --set train.eval_max_batches=-1 --set seed=7 --set method.name=baseline_cagrad --set train.steps=1000 --set train.eval_every_steps=100 --set method.baseline_cagrad.c=0.4811638322 --set method.baseline_cagrad.inner_lr=0.1 --set train.grad_clip=1.19532768 --set train.lr=2e-05 --set train.weight_decay=0.04164557575 --out /home/zhujjing/MOE-grad-conflict-routing/runs/paper_suite/single_gpu/multi_task/glue3_roberta_lora_e4_k2/final/cagrad_s7.json --curve_out /home/zhujjing/MOE-grad-conflict-routing/runs/paper_suite/single_gpu/multi_task/glue3_roberta_lora_e4_k2/final/cagrad_s7_curve.csv
Using the latest cached version of the dataset since glue couldn't be found on the Hugging Face Hub (offline mode is enabled).
Found the latest cached dataset configuration 'rte' at /home/zhujjing/hf_cache/datasets/glue/rte/0.0.0/bcdcba79d07bc864c1c254ccfcedcce55bcc9a8c (last modified on Thu Mar 19 15:00:36 2026).
/home/zhujjing/anaconda3/envs/moe/lib/python3.10/site-packages/transformers/utils/hub.py:124: FutureWarning: Using `TRANSFORMERS_CACHE` is deprecated and will be removed in v5 of Transformers. Use `HF_HOME` instead.
  warnings.warn(
Using the latest cached version of the dataset since glue couldn't be found on the Hugging Face Hub (offline mode is enabled).
Found the latest cached dataset configuration 'mrpc' at /home/zhujjing/hf_cache/datasets/glue/mrpc/0.0.0/bcdcba79d07bc864c1c254ccfcedcce55bcc9a8c (last modified on Thu Mar 19 15:01:06 2026).
Using the latest cached version of the dataset since glue couldn't be found on the Hugging Face Hub (offline mode is enabled).
Found the latest cached dataset configuration 'cola' at /home/zhujjing/hf_cache/datasets/glue/cola/0.0.0/bcdcba79d07bc864c1c254ccfcedcce55bcc9a8c (last modified on Thu Mar 19 15:02:09 2026).
Some weights of RobertaModel were not initialized from the model checkpoint at roberta-base and are newly initialized: ['roberta.pooler.dense.bias', 'roberta.pooler.dense.weight']
You should probably TRAIN this model on a down-stream task to be able to use it for predictions and inference.
[step 0001/1000] method=baseline_cagrad loss=0.7067 train_acc=nan train_loss=nan val_acc=nan val_loss=nan best=-1.0000
[step 0010/1000] method=baseline_cagrad loss=0.7490 train_acc=nan train_loss=nan val_acc=nan val_loss=nan best=-1.0000
[step 0020/1000] method=baseline_cagrad loss=0.7108 train_acc=nan train_loss=nan val_acc=nan val_loss=nan best=-1.0000
[step 0030/1000] method=baseline_cagrad loss=0.5981 train_acc=nan train_loss=nan val_acc=nan val_loss=nan best=-1.0000
[step 0040/1000] method=baseline_cagrad loss=0.6404 train_acc=nan train_loss=nan val_acc=nan val_loss=nan best=-1.0000
[step 0050/1000] method=baseline_cagrad loss=0.6255 train_acc=nan train_loss=nan val_acc=nan val_loss=nan best=-1.0000
[step 0060/1000] method=baseline_cagrad loss=0.7542 train_acc=nan train_loss=nan val_acc=nan val_loss=nan best=-1.0000
[step 0070/1000] method=baseline_cagrad loss=0.6596 train_acc=nan train_loss=nan val_acc=nan val_loss=nan best=-1.0000
[step 0080/1000] method=baseline_cagrad loss=0.5118 train_acc=nan train_loss=nan val_acc=nan val_loss=nan best=-1.0000
[step 0090/1000] method=baseline_cagrad loss=0.7079 train_acc=nan train_loss=nan val_acc=nan val_loss=nan best=-1.0000
[step 0100/1000] method=baseline_cagrad loss=0.5598 train_acc=0.6646 train_loss=0.6702 val_acc=0.6382 val_loss=0.7121 router_H=0.6902 best=0.6382
           router_load=[0.24219995737075806, 0.45691969990730286, 0.005639555864036083, 0.2952408194541931]
[step 0110/1000] method=baseline_cagrad loss=0.8975 train_acc=0.6646 train_loss=0.6702 val_acc=0.6382 val_loss=0.7121 router_H=0.6902 best=0.6382
           router_load=[0.24219995737075806, 0.45691969990730286, 0.005639555864036083, 0.2952408194541931]
[step 0120/1000] method=baseline_cagrad loss=0.5746 train_acc=0.6646 train_loss=0.6702 val_acc=0.6382 val_loss=0.7121 router_H=0.6902 best=0.6382
           router_load=[0.24219995737075806, 0.45691969990730286, 0.005639555864036083, 0.2952408194541931]
[step 0130/1000] method=baseline_cagrad loss=0.5866 train_acc=0.6646 train_loss=0.6702 val_acc=0.6382 val_loss=0.7121 router_H=0.6902 best=0.6382
           router_load=[0.24219995737075806, 0.45691969990730286, 0.005639555864036083, 0.2952408194541931]
[step 0140/1000] method=baseline_cagrad loss=0.5252 train_acc=0.6646 train_loss=0.6702 val_acc=0.6382 val_loss=0.7121 router_H=0.6902 best=0.6382
           router_load=[0.24219995737075806, 0.45691969990730286, 0.005639555864036083, 0.2952408194541931]
[step 0150/1000] method=baseline_cagrad loss=0.6275 train_acc=0.6646 train_loss=0.6702 val_acc=0.6382 val_loss=0.7121 router_H=0.6902 best=0.6382
           router_load=[0.24219995737075806, 0.45691969990730286, 0.005639555864036083, 0.2952408194541931]
[step 0160/1000] method=baseline_cagrad loss=0.5306 train_acc=0.6646 train_loss=0.6702 val_acc=0.6382 val_loss=0.7121 router_H=0.6902 best=0.6382
           router_load=[0.24219995737075806, 0.45691969990730286, 0.005639555864036083, 0.2952408194541931]
[step 0170/1000] method=baseline_cagrad loss=0.5862 train_acc=0.6646 train_loss=0.6702 val_acc=0.6382 val_loss=0.7121 router_H=0.6902 best=0.6382
           router_load=[0.24219995737075806, 0.45691969990730286, 0.005639555864036083, 0.2952408194541931]
[step 0180/1000] method=baseline_cagrad loss=0.5500 train_acc=0.6646 train_loss=0.6702 val_acc=0.6382 val_loss=0.7121 router_H=0.6902 best=0.6382
           router_load=[0.24219995737075806, 0.45691969990730286, 0.005639555864036083, 0.2952408194541931]
[step 0190/1000] method=baseline_cagrad loss=0.5225 train_acc=0.6646 train_loss=0.6702 val_acc=0.6382 val_loss=0.7121 router_H=0.6902 best=0.6382
           router_load=[0.24219995737075806, 0.45691969990730286, 0.005639555864036083, 0.2952408194541931]
[step 0200/1000] method=baseline_cagrad loss=0.7801 train_acc=0.6886 train_loss=0.5721 val_acc=0.6623 val_loss=0.6125 router_H=0.6891 best=0.6623
           router_load=[0.23352693021297455, 0.4244791567325592, 0.0055520241148769855, 0.33644166588783264]
[step 0210/1000] method=baseline_cagrad loss=0.5371 train_acc=0.6886 train_loss=0.5721 val_acc=0.6623 val_loss=0.6125 router_H=0.6891 best=0.6623
           router_load=[0.23352693021297455, 0.4244791567325592, 0.0055520241148769855, 0.33644166588783264]
[step 0220/1000] method=baseline_cagrad loss=0.4311 train_acc=0.6886 train_loss=0.5721 val_acc=0.6623 val_loss=0.6125 router_H=0.6891 best=0.6623
           router_load=[0.23352693021297455, 0.4244791567325592, 0.0055520241148769855, 0.33644166588783264]
[step 0230/1000] method=baseline_cagrad loss=0.6033 train_acc=0.6886 train_loss=0.5721 val_acc=0.6623 val_loss=0.6125 router_H=0.6891 best=0.6623
           router_load=[0.23352693021297455, 0.4244791567325592, 0.0055520241148769855, 0.33644166588783264]
[step 0240/1000] method=baseline_cagrad loss=0.4552 train_acc=0.6886 train_loss=0.5721 val_acc=0.6623 val_loss=0.6125 router_H=0.6891 best=0.6623
           router_load=[0.23352693021297455, 0.4244791567325592, 0.0055520241148769855, 0.33644166588783264]
[step 0250/1000] method=baseline_cagrad loss=0.4486 train_acc=0.6886 train_loss=0.5721 val_acc=0.6623 val_loss=0.6125 router_H=0.6891 best=0.6623
           router_load=[0.23352693021297455, 0.4244791567325592, 0.0055520241148769855, 0.33644166588783264]
[step 0260/1000] method=baseline_cagrad loss=0.8215 train_acc=0.6886 train_loss=0.5721 val_acc=0.6623 val_loss=0.6125 router_H=0.6891 best=0.6623
           router_load=[0.23352693021297455, 0.4244791567325592, 0.0055520241148769855, 0.33644166588783264]
[step 0270/1000] method=baseline_cagrad loss=0.4122 train_acc=0.6886 train_loss=0.5721 val_acc=0.6623 val_loss=0.6125 router_H=0.6891 best=0.6623
           router_load=[0.23352693021297455, 0.4244791567325592, 0.0055520241148769855, 0.33644166588783264]
[step 0280/1000] method=baseline_cagrad loss=0.5714 train_acc=0.6886 train_loss=0.5721 val_acc=0.6623 val_loss=0.6125 router_H=0.6891 best=0.6623
           router_load=[0.23352693021297455, 0.4244791567325592, 0.0055520241148769855, 0.33644166588783264]
[step 0290/1000] method=baseline_cagrad loss=0.4221 train_acc=0.6886 train_loss=0.5721 val_acc=0.6623 val_loss=0.6125 router_H=0.6891 best=0.6623
           router_load=[0.23352693021297455, 0.4244791567325592, 0.0055520241148769855, 0.33644166588783264]
[step 0300/1000] method=baseline_cagrad loss=0.6456 train_acc=0.7468 train_loss=0.4851 val_acc=0.7018 val_loss=0.5212 router_H=0.6893 best=0.7018
           router_load=[0.2770662307739258, 0.4178743362426758, 0.011511481367051601, 0.29354768991470337]
[step 0310/1000] method=baseline_cagrad loss=0.6282 train_acc=0.7468 train_loss=0.4851 val_acc=0.7018 val_loss=0.5212 router_H=0.6893 best=0.7018
           router_load=[0.2770662307739258, 0.4178743362426758, 0.011511481367051601, 0.29354768991470337]
[step 0320/1000] method=baseline_cagrad loss=0.3863 train_acc=0.7468 train_loss=0.4851 val_acc=0.7018 val_loss=0.5212 router_H=0.6893 best=0.7018
           router_load=[0.2770662307739258, 0.4178743362426758, 0.011511481367051601, 0.29354768991470337]
[step 0330/1000] method=baseline_cagrad loss=0.4662 train_acc=0.7468 train_loss=0.4851 val_acc=0.7018 val_loss=0.5212 router_H=0.6893 best=0.7018
           router_load=[0.2770662307739258, 0.4178743362426758, 0.011511481367051601, 0.29354768991470337]
[step 0340/1000] method=baseline_cagrad loss=0.6054 train_acc=0.7468 train_loss=0.4851 val_acc=0.7018 val_loss=0.5212 router_H=0.6893 best=0.7018
           router_load=[0.2770662307739258, 0.4178743362426758, 0.011511481367051601, 0.29354768991470337]
[step 0350/1000] method=baseline_cagrad loss=0.6801 train_acc=0.7468 train_loss=0.4851 val_acc=0.7018 val_loss=0.5212 router_H=0.6893 best=0.7018
           router_load=[0.2770662307739258, 0.4178743362426758, 0.011511481367051601, 0.29354768991470337]
[step 0360/1000] method=baseline_cagrad loss=0.5382 train_acc=0.7468 train_loss=0.4851 val_acc=0.7018 val_loss=0.5212 router_H=0.6893 best=0.7018
           router_load=[0.2770662307739258, 0.4178743362426758, 0.011511481367051601, 0.29354768991470337]
[step 0370/1000] method=baseline_cagrad loss=0.4834 train_acc=0.7468 train_loss=0.4851 val_acc=0.7018 val_loss=0.5212 router_H=0.6893 best=0.7018
           router_load=[0.2770662307739258, 0.4178743362426758, 0.011511481367051601, 0.29354768991470337]
[step 0380/1000] method=baseline_cagrad loss=0.4249 train_acc=0.7468 train_loss=0.4851 val_acc=0.7018 val_loss=0.5212 router_H=0.6893 best=0.7018
           router_load=[0.2770662307739258, 0.4178743362426758, 0.011511481367051601, 0.29354768991470337]
[step 0390/1000] method=baseline_cagrad loss=0.4359 train_acc=0.7468 train_loss=0.4851 val_acc=0.7018 val_loss=0.5212 router_H=0.6893 best=0.7018
           router_load=[0.2770662307739258, 0.4178743362426758, 0.011511481367051601, 0.29354768991470337]
[step 0400/1000] method=baseline_cagrad loss=0.5992 train_acc=0.7596 train_loss=0.4785 val_acc=0.7128 val_loss=0.5166 router_H=0.6875 best=0.7128
           router_load=[0.22054415941238403, 0.4006153345108032, 0.02744944393634796, 0.3513909578323364]
[step 0410/1000] method=baseline_cagrad loss=0.4111 train_acc=0.7596 train_loss=0.4785 val_acc=0.7128 val_loss=0.5166 router_H=0.6875 best=0.7128
           router_load=[0.22054415941238403, 0.4006153345108032, 0.02744944393634796, 0.3513909578323364]
[step 0420/1000] method=baseline_cagrad loss=0.6512 train_acc=0.7596 train_loss=0.4785 val_acc=0.7128 val_loss=0.5166 router_H=0.6875 best=0.7128
           router_load=[0.22054415941238403, 0.4006153345108032, 0.02744944393634796, 0.3513909578323364]
[step 0430/1000] method=baseline_cagrad loss=0.6348 train_acc=0.7596 train_loss=0.4785 val_acc=0.7128 val_loss=0.5166 router_H=0.6875 best=0.7128
           router_load=[0.22054415941238403, 0.4006153345108032, 0.02744944393634796, 0.3513909578323364]
[step 0440/1000] method=baseline_cagrad loss=0.3773 train_acc=0.7596 train_loss=0.4785 val_acc=0.7128 val_loss=0.5166 router_H=0.6875 best=0.7128
           router_load=[0.22054415941238403, 0.4006153345108032, 0.02744944393634796, 0.3513909578323364]
[step 0450/1000] method=baseline_cagrad loss=0.4587 train_acc=0.7596 train_loss=0.4785 val_acc=0.7128 val_loss=0.5166 router_H=0.6875 best=0.7128
           router_load=[0.22054415941238403, 0.4006153345108032, 0.02744944393634796, 0.3513909578323364]
[step 0460/1000] method=baseline_cagrad loss=0.5737 train_acc=0.7596 train_loss=0.4785 val_acc=0.7128 val_loss=0.5166 router_H=0.6875 best=0.7128
           router_load=[0.22054415941238403, 0.4006153345108032, 0.02744944393634796, 0.3513909578323364]
[step 0470/1000] method=baseline_cagrad loss=0.3734 train_acc=0.7596 train_loss=0.4785 val_acc=0.7128 val_loss=0.5166 router_H=0.6875 best=0.7128
           router_load=[0.22054415941238403, 0.4006153345108032, 0.02744944393634796, 0.3513909578323364]
[step 0480/1000] method=baseline_cagrad loss=0.4130 train_acc=0.7596 train_loss=0.4785 val_acc=0.7128 val_loss=0.5166 router_H=0.6875 best=0.7128
           router_load=[0.22054415941238403, 0.4006153345108032, 0.02744944393634796, 0.3513909578323364]
[step 0490/1000] method=baseline_cagrad loss=0.3511 train_acc=0.7596 train_loss=0.4785 val_acc=0.7128 val_loss=0.5166 router_H=0.6875 best=0.7128
           router_load=[0.22054415941238403, 0.4006153345108032, 0.02744944393634796, 0.3513909578323364]
[step 0500/1000] method=baseline_cagrad loss=0.4035 train_acc=0.8100 train_loss=0.4164 val_acc=0.7585 val_loss=0.5107 router_H=0.6860 best=0.7585
           router_load=[0.23089517652988434, 0.3997131288051605, 0.014770027250051498, 0.35462164878845215]
[step 0510/1000] method=baseline_cagrad loss=0.4528 train_acc=0.8100 train_loss=0.4164 val_acc=0.7585 val_loss=0.5107 router_H=0.6860 best=0.7585
           router_load=[0.23089517652988434, 0.3997131288051605, 0.014770027250051498, 0.35462164878845215]
[step 0520/1000] method=baseline_cagrad loss=0.7720 train_acc=0.8100 train_loss=0.4164 val_acc=0.7585 val_loss=0.5107 router_H=0.6860 best=0.7585
           router_load=[0.23089517652988434, 0.3997131288051605, 0.014770027250051498, 0.35462164878845215]
[step 0530/1000] method=baseline_cagrad loss=0.5778 train_acc=0.8100 train_loss=0.4164 val_acc=0.7585 val_loss=0.5107 router_H=0.6860 best=0.7585
           router_load=[0.23089517652988434, 0.3997131288051605, 0.014770027250051498, 0.35462164878845215]
[step 0540/1000] method=baseline_cagrad loss=0.3797 train_acc=0.8100 train_loss=0.4164 val_acc=0.7585 val_loss=0.5107 router_H=0.6860 best=0.7585
           router_load=[0.23089517652988434, 0.3997131288051605, 0.014770027250051498, 0.35462164878845215]
[step 0550/1000] method=baseline_cagrad loss=0.4119 train_acc=0.8100 train_loss=0.4164 val_acc=0.7585 val_loss=0.5107 router_H=0.6860 best=0.7585
           router_load=[0.23089517652988434, 0.3997131288051605, 0.014770027250051498, 0.35462164878845215]
[step 0560/1000] method=baseline_cagrad loss=0.6450 train_acc=0.8100 train_loss=0.4164 val_acc=0.7585 val_loss=0.5107 router_H=0.6860 best=0.7585
           router_load=[0.23089517652988434, 0.3997131288051605, 0.014770027250051498, 0.35462164878845215]
[step 0570/1000] method=baseline_cagrad loss=0.4053 train_acc=0.8100 train_loss=0.4164 val_acc=0.7585 val_loss=0.5107 router_H=0.6860 best=0.7585
           router_load=[0.23089517652988434, 0.3997131288051605, 0.014770027250051498, 0.35462164878845215]
[step 0580/1000] method=baseline_cagrad loss=0.4730 train_acc=0.8100 train_loss=0.4164 val_acc=0.7585 val_loss=0.5107 router_H=0.6860 best=0.7585
           router_load=[0.23089517652988434, 0.3997131288051605, 0.014770027250051498, 0.35462164878845215]
[step 0590/1000] method=baseline_cagrad loss=0.5777 train_acc=0.8100 train_loss=0.4164 val_acc=0.7585 val_loss=0.5107 router_H=0.6860 best=0.7585
           router_load=[0.23089517652988434, 0.3997131288051605, 0.014770027250051498, 0.35462164878845215]
[step 0600/1000] method=baseline_cagrad loss=0.6254 train_acc=0.8098 train_loss=0.4591 val_acc=0.7645 val_loss=0.5174 router_H=0.6862 best=0.7645
           router_load=[0.1948663741350174, 0.4062409996986389, 0.023700879886746407, 0.37519171833992004]
[step 0610/1000] method=baseline_cagrad loss=0.5381 train_acc=0.8098 train_loss=0.4591 val_acc=0.7645 val_loss=0.5174 router_H=0.6862 best=0.7645
           router_load=[0.1948663741350174, 0.4062409996986389, 0.023700879886746407, 0.37519171833992004]
[step 0620/1000] method=baseline_cagrad loss=0.3655 train_acc=0.8098 train_loss=0.4591 val_acc=0.7645 val_loss=0.5174 router_H=0.6862 best=0.7645
           router_load=[0.1948663741350174, 0.4062409996986389, 0.023700879886746407, 0.37519171833992004]
[step 0630/1000] method=baseline_cagrad loss=0.3360 train_acc=0.8098 train_loss=0.4591 val_acc=0.7645 val_loss=0.5174 router_H=0.6862 best=0.7645
           router_load=[0.1948663741350174, 0.4062409996986389, 0.023700879886746407, 0.37519171833992004]
[step 0640/1000] method=baseline_cagrad loss=0.6694 train_acc=0.8098 train_loss=0.4591 val_acc=0.7645 val_loss=0.5174 router_H=0.6862 best=0.7645
           router_load=[0.1948663741350174, 0.4062409996986389, 0.023700879886746407, 0.37519171833992004]
[step 0650/1000] method=baseline_cagrad loss=0.4405 train_acc=0.8098 train_loss=0.4591 val_acc=0.7645 val_loss=0.5174 router_H=0.6862 best=0.7645
           router_load=[0.1948663741350174, 0.4062409996986389, 0.023700879886746407, 0.37519171833992004]
[step 0660/1000] method=baseline_cagrad loss=0.3513 train_acc=0.8098 train_loss=0.4591 val_acc=0.7645 val_loss=0.5174 router_H=0.6862 best=0.7645
           router_load=[0.1948663741350174, 0.4062409996986389, 0.023700879886746407, 0.37519171833992004]
[step 0670/1000] method=baseline_cagrad loss=0.4956 train_acc=0.8098 train_loss=0.4591 val_acc=0.7645 val_loss=0.5174 router_H=0.6862 best=0.7645
           router_load=[0.1948663741350174, 0.4062409996986389, 0.023700879886746407, 0.37519171833992004]
[step 0680/1000] method=baseline_cagrad loss=0.4895 train_acc=0.8098 train_loss=0.4591 val_acc=0.7645 val_loss=0.5174 router_H=0.6862 best=0.7645
           router_load=[0.1948663741350174, 0.4062409996986389, 0.023700879886746407, 0.37519171833992004]
[step 0690/1000] method=baseline_cagrad loss=0.3829 train_acc=0.8098 train_loss=0.4591 val_acc=0.7645 val_loss=0.5174 router_H=0.6862 best=0.7645
           router_load=[0.1948663741350174, 0.4062409996986389, 0.023700879886746407, 0.37519171833992004]
[step 0700/1000] method=baseline_cagrad loss=0.4166 train_acc=0.8480 train_loss=0.3528 val_acc=0.7905 val_loss=0.4817 router_H=0.6875 best=0.7905
           router_load=[0.2819990813732147, 0.33622536063194275, 0.012620418332517147, 0.36915528774261475]
[step 0710/1000] method=baseline_cagrad loss=0.6663 train_acc=0.8480 train_loss=0.3528 val_acc=0.7905 val_loss=0.4817 router_H=0.6875 best=0.7905
           router_load=[0.2819990813732147, 0.33622536063194275, 0.012620418332517147, 0.36915528774261475]
[step 0720/1000] method=baseline_cagrad loss=0.3077 train_acc=0.8480 train_loss=0.3528 val_acc=0.7905 val_loss=0.4817 router_H=0.6875 best=0.7905
           router_load=[0.2819990813732147, 0.33622536063194275, 0.012620418332517147, 0.36915528774261475]
[step 0730/1000] method=baseline_cagrad loss=0.5160 train_acc=0.8480 train_loss=0.3528 val_acc=0.7905 val_loss=0.4817 router_H=0.6875 best=0.7905
           router_load=[0.2819990813732147, 0.33622536063194275, 0.012620418332517147, 0.36915528774261475]
[step 0740/1000] method=baseline_cagrad loss=0.3104 train_acc=0.8480 train_loss=0.3528 val_acc=0.7905 val_loss=0.4817 router_H=0.6875 best=0.7905
           router_load=[0.2819990813732147, 0.33622536063194275, 0.012620418332517147, 0.36915528774261475]
[step 0750/1000] method=baseline_cagrad loss=0.4327 train_acc=0.8480 train_loss=0.3528 val_acc=0.7905 val_loss=0.4817 router_H=0.6875 best=0.7905
           router_load=[0.2819990813732147, 0.33622536063194275, 0.012620418332517147, 0.36915528774261475]
[step 0760/1000] method=baseline_cagrad loss=0.5487 train_acc=0.8480 train_loss=0.3528 val_acc=0.7905 val_loss=0.4817 router_H=0.6875 best=0.7905
           router_load=[0.2819990813732147, 0.33622536063194275, 0.012620418332517147, 0.36915528774261475]
[step 0770/1000] method=baseline_cagrad loss=0.4048 train_acc=0.8480 train_loss=0.3528 val_acc=0.7905 val_loss=0.4817 router_H=0.6875 best=0.7905
           router_load=[0.2819990813732147, 0.33622536063194275, 0.012620418332517147, 0.36915528774261475]
[step 0780/1000] method=baseline_cagrad loss=0.5673 train_acc=0.8480 train_loss=0.3528 val_acc=0.7905 val_loss=0.4817 router_H=0.6875 best=0.7905
           router_load=[0.2819990813732147, 0.33622536063194275, 0.012620418332517147, 0.36915528774261475]
[step 0790/1000] method=baseline_cagrad loss=0.3683 train_acc=0.8480 train_loss=0.3528 val_acc=0.7905 val_loss=0.4817 router_H=0.6875 best=0.7905
           router_load=[0.2819990813732147, 0.33622536063194275, 0.012620418332517147, 0.36915528774261475]
[step 0800/1000] method=baseline_cagrad loss=0.8121 train_acc=0.8279 train_loss=0.4427 val_acc=0.7590 val_loss=0.6202 router_H=0.6825 best=0.7905
           router_load=[0.20609897375106812, 0.34227296710014343, 0.007816953584551811, 0.44381117820739746]
[step 0810/1000] method=baseline_cagrad loss=0.3682 train_acc=0.8279 train_loss=0.4427 val_acc=0.7590 val_loss=0.6202 router_H=0.6825 best=0.7905
           router_load=[0.20609897375106812, 0.34227296710014343, 0.007816953584551811, 0.44381117820739746]
[step 0820/1000] method=baseline_cagrad loss=0.3495 train_acc=0.8279 train_loss=0.4427 val_acc=0.7590 val_loss=0.6202 router_H=0.6825 best=0.7905
           router_load=[0.20609897375106812, 0.34227296710014343, 0.007816953584551811, 0.44381117820739746]
[step 0830/1000] method=baseline_cagrad loss=0.4979 train_acc=0.8279 train_loss=0.4427 val_acc=0.7590 val_loss=0.6202 router_H=0.6825 best=0.7905
           router_load=[0.20609897375106812, 0.34227296710014343, 0.007816953584551811, 0.44381117820739746]
[step 0840/1000] method=baseline_cagrad loss=0.4438 train_acc=0.8279 train_loss=0.4427 val_acc=0.7590 val_loss=0.6202 router_H=0.6825 best=0.7905
           router_load=[0.20609897375106812, 0.34227296710014343, 0.007816953584551811, 0.44381117820739746]
[step 0850/1000] method=baseline_cagrad loss=0.6620 train_acc=0.8279 train_loss=0.4427 val_acc=0.7590 val_loss=0.6202 router_H=0.6825 best=0.7905
           router_load=[0.20609897375106812, 0.34227296710014343, 0.007816953584551811, 0.44381117820739746]
[step 0860/1000] method=baseline_cagrad loss=0.2206 train_acc=0.8279 train_loss=0.4427 val_acc=0.7590 val_loss=0.6202 router_H=0.6825 best=0.7905
           router_load=[0.20609897375106812, 0.34227296710014343, 0.007816953584551811, 0.44381117820739746]
[step 0870/1000] method=baseline_cagrad loss=0.4140 train_acc=0.8279 train_loss=0.4427 val_acc=0.7590 val_loss=0.6202 router_H=0.6825 best=0.7905
           router_load=[0.20609897375106812, 0.34227296710014343, 0.007816953584551811, 0.44381117820739746]
[step 0880/1000] method=baseline_cagrad loss=0.2875 train_acc=0.8279 train_loss=0.4427 val_acc=0.7590 val_loss=0.6202 router_H=0.6825 best=0.7905
           router_load=[0.20609897375106812, 0.34227296710014343, 0.007816953584551811, 0.44381117820739746]
[step 0890/1000] method=baseline_cagrad loss=0.3209 train_acc=0.8279 train_loss=0.4427 val_acc=0.7590 val_loss=0.6202 router_H=0.6825 best=0.7905
           router_load=[0.20609897375106812, 0.34227296710014343, 0.007816953584551811, 0.44381117820739746]
[step 0900/1000] method=baseline_cagrad loss=0.4196 train_acc=0.8995 train_loss=0.2674 val_acc=0.7900 val_loss=0.4737 router_H=0.6834 best=0.7905
           router_load=[0.2298058718442917, 0.3587512969970703, 0.007219632621854544, 0.40422287583351135]
[step 0910/1000] method=baseline_cagrad loss=0.2493 train_acc=0.8995 train_loss=0.2674 val_acc=0.7900 val_loss=0.4737 router_H=0.6834 best=0.7905
           router_load=[0.2298058718442917, 0.3587512969970703, 0.007219632621854544, 0.40422287583351135]
[step 0920/1000] method=baseline_cagrad loss=0.2889 train_acc=0.8995 train_loss=0.2674 val_acc=0.7900 val_loss=0.4737 router_H=0.6834 best=0.7905
           router_load=[0.2298058718442917, 0.3587512969970703, 0.007219632621854544, 0.40422287583351135]
[step 0930/1000] method=baseline_cagrad loss=0.2501 train_acc=0.8995 train_loss=0.2674 val_acc=0.7900 val_loss=0.4737 router_H=0.6834 best=0.7905
           router_load=[0.2298058718442917, 0.3587512969970703, 0.007219632621854544, 0.40422287583351135]
[step 0940/1000] method=baseline_cagrad loss=0.3765 train_acc=0.8995 train_loss=0.2674 val_acc=0.7900 val_loss=0.4737 router_H=0.6834 best=0.7905
           router_load=[0.2298058718442917, 0.3587512969970703, 0.007219632621854544, 0.40422287583351135]
[step 0950/1000] method=baseline_cagrad loss=0.3009 train_acc=0.8995 train_loss=0.2674 val_acc=0.7900 val_loss=0.4737 router_H=0.6834 best=0.7905
           router_load=[0.2298058718442917, 0.3587512969970703, 0.007219632621854544, 0.40422287583351135]
[step 0960/1000] method=baseline_cagrad loss=0.3637 train_acc=0.8995 train_loss=0.2674 val_acc=0.7900 val_loss=0.4737 router_H=0.6834 best=0.7905
           router_load=[0.2298058718442917, 0.3587512969970703, 0.007219632621854544, 0.40422287583351135]
[step 0970/1000] method=baseline_cagrad loss=0.2008 train_acc=0.8995 train_loss=0.2674 val_acc=0.7900 val_loss=0.4737 router_H=0.6834 best=0.7905
           router_load=[0.2298058718442917, 0.3587512969970703, 0.007219632621854544, 0.40422287583351135]
[step 0980/1000] method=baseline_cagrad loss=0.4327 train_acc=0.8995 train_loss=0.2674 val_acc=0.7900 val_loss=0.4737 router_H=0.6834 best=0.7905
           router_load=[0.2298058718442917, 0.3587512969970703, 0.007219632621854544, 0.40422287583351135]
[step 0990/1000] method=baseline_cagrad loss=0.5157 train_acc=0.8995 train_loss=0.2674 val_acc=0.7900 val_loss=0.4737 router_H=0.6834 best=0.7905
           router_load=[0.2298058718442917, 0.3587512969970703, 0.007219632621854544, 0.40422287583351135]
[step 1000/1000] method=baseline_cagrad loss=0.3324 train_acc=0.9073 train_loss=0.2351 val_acc=0.7998 val_loss=0.5133 router_H=0.6810 best=0.7998
           router_load=[0.21129147708415985, 0.3661203682422638, 0.006579386070370674, 0.41600877046585083]
saved summary -> /home/zhujjing/MOE-grad-conflict-routing/runs/paper_suite/single_gpu/multi_task/glue3_roberta_lora_e4_k2/final/cagrad_s7.json
saved curve -> /home/zhujjing/MOE-grad-conflict-routing/runs/paper_suite/single_gpu/multi_task/glue3_roberta_lora_e4_k2/final/cagrad_s7_curve.csv
