[run] method=ours candidate=coord_03_train_grad_clip_008 seed=2 steps=1000 gpu=0
[run] cmd=
/root/miniconda3/envs/optimization/bin/python /root/Optimization/MOE-grad-conflict-routing/scripts/run.py --config configs/multitask_glue3_rte_mrpc_cola_real.yaml --set model.backbone_backend=hf --set model.hf_load_pretrained=true --set model.hf_local_files_only=true --set model.backbone=roberta --set model.hf_pretrained_name=roberta-base --set model.routing_mode=topk --set model.expert_type=lora --set model.num_experts=4 --set model.top_k=2 --set model.lora_rank=32 --set model.lora_alpha=32 --set train.eval_train_fraction=0.10 --set train.eval_train_max_batches=-1 --set train.eval_max_batches=-1 --set seed=2 --set method.name=ours --set train.steps=1000 --set train.eval_every_steps=100 --set method.ours.use_load_norm=true --set method.ours.lambda_align=0.001 --set train.grad_clip=0.9919648274 --set train.lr=1.693101775e-05 --set train.weight_decay=0.03456878451 --out /root/Optimization/MOE-grad-conflict-routing/runs/paper_suite_supplement/appendix/rank/multi_glue3_roberta_r32_lora_e4_k2/final/ours_s2.json --curve_out /root/Optimization/MOE-grad-conflict-routing/runs/paper_suite_supplement/appendix/rank/multi_glue3_roberta_r32_lora_e4_k2/final/ours_s2_curve.csv
Using the latest cached version of the dataset since glue couldn't be found on the Hugging Face Hub (offline mode is enabled).
Found the latest cached dataset configuration 'rte' at /root/.cache/huggingface/datasets/glue/rte/0.0.0/bcdcba79d07bc864c1c254ccfcedcce55bcc9a8c (last modified on Thu Mar 26 19:09:12 2026).
Using the latest cached version of the dataset since glue couldn't be found on the Hugging Face Hub (offline mode is enabled).
Found the latest cached dataset configuration 'mrpc' at /root/.cache/huggingface/datasets/glue/mrpc/0.0.0/bcdcba79d07bc864c1c254ccfcedcce55bcc9a8c (last modified on Thu Mar 26 20:11:06 2026).
Using the latest cached version of the dataset since glue couldn't be found on the Hugging Face Hub (offline mode is enabled).
Found the latest cached dataset configuration 'cola' at /root/.cache/huggingface/datasets/glue/cola/0.0.0/bcdcba79d07bc864c1c254ccfcedcce55bcc9a8c (last modified on Thu Mar 26 23:46:11 2026).
Loading weights:   0%|          | 0/197 [00:00<?, ?it/s]Loading weights: 100%|██████████| 197/197 [00:00<00:00, 5822.63it/s]
[1mRobertaModel LOAD REPORT[0m from: roberta-base
Key                             | Status     | 
--------------------------------+------------+-
lm_head.layer_norm.bias         | UNEXPECTED | 
lm_head.dense.bias              | UNEXPECTED | 
lm_head.layer_norm.weight       | UNEXPECTED | 
lm_head.bias                    | UNEXPECTED | 
roberta.embeddings.position_ids | UNEXPECTED | 
lm_head.dense.weight            | UNEXPECTED | 
pooler.dense.bias               | MISSING    | 
pooler.dense.weight             | MISSING    | 

[3mNotes:
- UNEXPECTED[3m	:can be ignored when loading from different task/architecture; not ok if you expect identical arch.
- MISSING[3m	:those params were newly initialized because missing from the checkpoint. Consider training on your downstream task.[0m
[step 0001/1000] method=ours loss=0.6898 train_acc=nan train_loss=nan val_acc=nan val_loss=nan best=-1.0000
[step 0010/1000] method=ours loss=0.6172 train_acc=nan train_loss=nan val_acc=nan val_loss=nan best=-1.0000
[step 0020/1000] method=ours loss=0.6514 train_acc=nan train_loss=nan val_acc=nan val_loss=nan best=-1.0000
[step 0030/1000] method=ours loss=0.6112 train_acc=nan train_loss=nan val_acc=nan val_loss=nan best=-1.0000
[step 0040/1000] method=ours loss=0.7424 train_acc=nan train_loss=nan val_acc=nan val_loss=nan best=-1.0000
[step 0050/1000] method=ours loss=0.6313 train_acc=nan train_loss=nan val_acc=nan val_loss=nan best=-1.0000
[step 0060/1000] method=ours loss=0.6139 train_acc=nan train_loss=nan val_acc=nan val_loss=nan best=-1.0000
[step 0070/1000] method=ours loss=0.5871 train_acc=nan train_loss=nan val_acc=nan val_loss=nan best=-1.0000
[step 0080/1000] method=ours loss=0.6242 train_acc=nan train_loss=nan val_acc=nan val_loss=nan best=-1.0000
[step 0090/1000] method=ours loss=0.6155 train_acc=nan train_loss=nan val_acc=nan val_loss=nan best=-1.0000
[step 0100/1000] method=ours loss=0.6013 train_acc=0.6539 train_loss=0.6037 val_acc=0.6504 val_loss=0.6025 router_H=0.6921 best=0.6504
           router_load=[0.0002589617797639221, 0.04817500710487366, 0.4749583601951599, 0.47660771012306213]
[step 0110/1000] method=ours loss=0.6259 train_acc=0.6539 train_loss=0.6037 val_acc=0.6504 val_loss=0.6025 router_H=0.6921 best=0.6504
           router_load=[0.0002589617797639221, 0.04817500710487366, 0.4749583601951599, 0.47660771012306213]
[step 0120/1000] method=ours loss=0.4766 train_acc=0.6539 train_loss=0.6037 val_acc=0.6504 val_loss=0.6025 router_H=0.6921 best=0.6504
           router_load=[0.0002589617797639221, 0.04817500710487366, 0.4749583601951599, 0.47660771012306213]
[step 0130/1000] method=ours loss=0.5630 train_acc=0.6539 train_loss=0.6037 val_acc=0.6504 val_loss=0.6025 router_H=0.6921 best=0.6504
           router_load=[0.0002589617797639221, 0.04817500710487366, 0.4749583601951599, 0.47660771012306213]
[step 0140/1000] method=ours loss=0.5733 train_acc=0.6539 train_loss=0.6037 val_acc=0.6504 val_loss=0.6025 router_H=0.6921 best=0.6504
           router_load=[0.0002589617797639221, 0.04817500710487366, 0.4749583601951599, 0.47660771012306213]
[step 0150/1000] method=ours loss=0.5261 train_acc=0.6539 train_loss=0.6037 val_acc=0.6504 val_loss=0.6025 router_H=0.6921 best=0.6504
           router_load=[0.0002589617797639221, 0.04817500710487366, 0.4749583601951599, 0.47660771012306213]
[step 0160/1000] method=ours loss=0.6619 train_acc=0.6539 train_loss=0.6037 val_acc=0.6504 val_loss=0.6025 router_H=0.6921 best=0.6504
           router_load=[0.0002589617797639221, 0.04817500710487366, 0.4749583601951599, 0.47660771012306213]
[step 0170/1000] method=ours loss=0.6416 train_acc=0.6539 train_loss=0.6037 val_acc=0.6504 val_loss=0.6025 router_H=0.6921 best=0.6504
           router_load=[0.0002589617797639221, 0.04817500710487366, 0.4749583601951599, 0.47660771012306213]
[step 0180/1000] method=ours loss=0.7447 train_acc=0.6539 train_loss=0.6037 val_acc=0.6504 val_loss=0.6025 router_H=0.6921 best=0.6504
           router_load=[0.0002589617797639221, 0.04817500710487366, 0.4749583601951599, 0.47660771012306213]
[step 0190/1000] method=ours loss=0.4891 train_acc=0.6539 train_loss=0.6037 val_acc=0.6504 val_loss=0.6025 router_H=0.6921 best=0.6504
           router_load=[0.0002589617797639221, 0.04817500710487366, 0.4749583601951599, 0.47660771012306213]
[step 0200/1000] method=ours loss=0.5647 train_acc=0.7302 train_loss=0.5270 val_acc=0.7127 val_loss=0.5378 router_H=0.6907 best=0.7127
           router_load=[0.000811558507848531, 0.07489447295665741, 0.4717145562171936, 0.45257946848869324]
[step 0210/1000] method=ours loss=0.5339 train_acc=0.7302 train_loss=0.5270 val_acc=0.7127 val_loss=0.5378 router_H=0.6907 best=0.7127
           router_load=[0.000811558507848531, 0.07489447295665741, 0.4717145562171936, 0.45257946848869324]
[step 0220/1000] method=ours loss=0.6574 train_acc=0.7302 train_loss=0.5270 val_acc=0.7127 val_loss=0.5378 router_H=0.6907 best=0.7127
           router_load=[0.000811558507848531, 0.07489447295665741, 0.4717145562171936, 0.45257946848869324]
[step 0230/1000] method=ours loss=0.4601 train_acc=0.7302 train_loss=0.5270 val_acc=0.7127 val_loss=0.5378 router_H=0.6907 best=0.7127
           router_load=[0.000811558507848531, 0.07489447295665741, 0.4717145562171936, 0.45257946848869324]
[step 0240/1000] method=ours loss=0.5940 train_acc=0.7302 train_loss=0.5270 val_acc=0.7127 val_loss=0.5378 router_H=0.6907 best=0.7127
           router_load=[0.000811558507848531, 0.07489447295665741, 0.4717145562171936, 0.45257946848869324]
[step 0250/1000] method=ours loss=0.5590 train_acc=0.7302 train_loss=0.5270 val_acc=0.7127 val_loss=0.5378 router_H=0.6907 best=0.7127
           router_load=[0.000811558507848531, 0.07489447295665741, 0.4717145562171936, 0.45257946848869324]
[step 0260/1000] method=ours loss=0.4118 train_acc=0.7302 train_loss=0.5270 val_acc=0.7127 val_loss=0.5378 router_H=0.6907 best=0.7127
           router_load=[0.000811558507848531, 0.07489447295665741, 0.4717145562171936, 0.45257946848869324]
[step 0270/1000] method=ours loss=0.4791 train_acc=0.7302 train_loss=0.5270 val_acc=0.7127 val_loss=0.5378 router_H=0.6907 best=0.7127
           router_load=[0.000811558507848531, 0.07489447295665741, 0.4717145562171936, 0.45257946848869324]
[step 0280/1000] method=ours loss=0.4510 train_acc=0.7302 train_loss=0.5270 val_acc=0.7127 val_loss=0.5378 router_H=0.6907 best=0.7127
           router_load=[0.000811558507848531, 0.07489447295665741, 0.4717145562171936, 0.45257946848869324]
[step 0290/1000] method=ours loss=0.4427 train_acc=0.7302 train_loss=0.5270 val_acc=0.7127 val_loss=0.5378 router_H=0.6907 best=0.7127
           router_load=[0.000811558507848531, 0.07489447295665741, 0.4717145562171936, 0.45257946848869324]
[step 0300/1000] method=ours loss=0.7221 train_acc=0.7493 train_loss=0.4983 val_acc=0.7154 val_loss=0.5478 router_H=0.6876 best=0.7154
           router_load=[0.00814627856016159, 0.15068329870700836, 0.5187495946884155, 0.3224208950996399]
[step 0310/1000] method=ours loss=0.5833 train_acc=0.7493 train_loss=0.4983 val_acc=0.7154 val_loss=0.5478 router_H=0.6876 best=0.7154
           router_load=[0.00814627856016159, 0.15068329870700836, 0.5187495946884155, 0.3224208950996399]
[step 0320/1000] method=ours loss=0.4149 train_acc=0.7493 train_loss=0.4983 val_acc=0.7154 val_loss=0.5478 router_H=0.6876 best=0.7154
           router_load=[0.00814627856016159, 0.15068329870700836, 0.5187495946884155, 0.3224208950996399]
[step 0330/1000] method=ours loss=0.5903 train_acc=0.7493 train_loss=0.4983 val_acc=0.7154 val_loss=0.5478 router_H=0.6876 best=0.7154
           router_load=[0.00814627856016159, 0.15068329870700836, 0.5187495946884155, 0.3224208950996399]
[step 0340/1000] method=ours loss=0.5979 train_acc=0.7493 train_loss=0.4983 val_acc=0.7154 val_loss=0.5478 router_H=0.6876 best=0.7154
           router_load=[0.00814627856016159, 0.15068329870700836, 0.5187495946884155, 0.3224208950996399]
[step 0350/1000] method=ours loss=0.4695 train_acc=0.7493 train_loss=0.4983 val_acc=0.7154 val_loss=0.5478 router_H=0.6876 best=0.7154
           router_load=[0.00814627856016159, 0.15068329870700836, 0.5187495946884155, 0.3224208950996399]
[step 0360/1000] method=ours loss=0.5325 train_acc=0.7493 train_loss=0.4983 val_acc=0.7154 val_loss=0.5478 router_H=0.6876 best=0.7154
           router_load=[0.00814627856016159, 0.15068329870700836, 0.5187495946884155, 0.3224208950996399]
[step 0370/1000] method=ours loss=0.4397 train_acc=0.7493 train_loss=0.4983 val_acc=0.7154 val_loss=0.5478 router_H=0.6876 best=0.7154
           router_load=[0.00814627856016159, 0.15068329870700836, 0.5187495946884155, 0.3224208950996399]
[step 0380/1000] method=ours loss=0.3451 train_acc=0.7493 train_loss=0.4983 val_acc=0.7154 val_loss=0.5478 router_H=0.6876 best=0.7154
           router_load=[0.00814627856016159, 0.15068329870700836, 0.5187495946884155, 0.3224208950996399]
[step 0390/1000] method=ours loss=0.4406 train_acc=0.7493 train_loss=0.4983 val_acc=0.7154 val_loss=0.5478 router_H=0.6876 best=0.7154
           router_load=[0.00814627856016159, 0.15068329870700836, 0.5187495946884155, 0.3224208950996399]
[step 0400/1000] method=ours loss=0.5426 train_acc=0.7689 train_loss=0.4939 val_acc=0.7245 val_loss=0.5298 router_H=0.6901 best=0.7245
           router_load=[0.0044379644095897675, 0.173823282122612, 0.4567279517650604, 0.3650108277797699]
[step 0410/1000] method=ours loss=0.4797 train_acc=0.7689 train_loss=0.4939 val_acc=0.7245 val_loss=0.5298 router_H=0.6901 best=0.7245
           router_load=[0.0044379644095897675, 0.173823282122612, 0.4567279517650604, 0.3650108277797699]
[step 0420/1000] method=ours loss=0.5785 train_acc=0.7689 train_loss=0.4939 val_acc=0.7245 val_loss=0.5298 router_H=0.6901 best=0.7245
           router_load=[0.0044379644095897675, 0.173823282122612, 0.4567279517650604, 0.3650108277797699]
[step 0430/1000] method=ours loss=0.6119 train_acc=0.7689 train_loss=0.4939 val_acc=0.7245 val_loss=0.5298 router_H=0.6901 best=0.7245
           router_load=[0.0044379644095897675, 0.173823282122612, 0.4567279517650604, 0.3650108277797699]
[step 0440/1000] method=ours loss=0.5304 train_acc=0.7689 train_loss=0.4939 val_acc=0.7245 val_loss=0.5298 router_H=0.6901 best=0.7245
           router_load=[0.0044379644095897675, 0.173823282122612, 0.4567279517650604, 0.3650108277797699]
[step 0450/1000] method=ours loss=0.4139 train_acc=0.7689 train_loss=0.4939 val_acc=0.7245 val_loss=0.5298 router_H=0.6901 best=0.7245
           router_load=[0.0044379644095897675, 0.173823282122612, 0.4567279517650604, 0.3650108277797699]
[step 0460/1000] method=ours loss=0.7080 train_acc=0.7689 train_loss=0.4939 val_acc=0.7245 val_loss=0.5298 router_H=0.6901 best=0.7245
           router_load=[0.0044379644095897675, 0.173823282122612, 0.4567279517650604, 0.3650108277797699]
[step 0470/1000] method=ours loss=0.5355 train_acc=0.7689 train_loss=0.4939 val_acc=0.7245 val_loss=0.5298 router_H=0.6901 best=0.7245
           router_load=[0.0044379644095897675, 0.173823282122612, 0.4567279517650604, 0.3650108277797699]
[step 0480/1000] method=ours loss=0.5187 train_acc=0.7689 train_loss=0.4939 val_acc=0.7245 val_loss=0.5298 router_H=0.6901 best=0.7245
           router_load=[0.0044379644095897675, 0.173823282122612, 0.4567279517650604, 0.3650108277797699]
[step 0490/1000] method=ours loss=0.5343 train_acc=0.7689 train_loss=0.4939 val_acc=0.7245 val_loss=0.5298 router_H=0.6901 best=0.7245
           router_load=[0.0044379644095897675, 0.173823282122612, 0.4567279517650604, 0.3650108277797699]
[step 0500/1000] method=ours loss=0.5110 train_acc=0.7589 train_loss=0.4912 val_acc=0.7229 val_loss=0.5612 router_H=0.6879 best=0.7245
           router_load=[0.0197836235165596, 0.33996129035949707, 0.36717599630355835, 0.2730790674686432]
[step 0510/1000] method=ours loss=0.4572 train_acc=0.7589 train_loss=0.4912 val_acc=0.7229 val_loss=0.5612 router_H=0.6879 best=0.7245
           router_load=[0.0197836235165596, 0.33996129035949707, 0.36717599630355835, 0.2730790674686432]
[step 0520/1000] method=ours loss=0.5863 train_acc=0.7589 train_loss=0.4912 val_acc=0.7229 val_loss=0.5612 router_H=0.6879 best=0.7245
           router_load=[0.0197836235165596, 0.33996129035949707, 0.36717599630355835, 0.2730790674686432]
[step 0530/1000] method=ours loss=0.6297 train_acc=0.7589 train_loss=0.4912 val_acc=0.7229 val_loss=0.5612 router_H=0.6879 best=0.7245
           router_load=[0.0197836235165596, 0.33996129035949707, 0.36717599630355835, 0.2730790674686432]
[step 0540/1000] method=ours loss=0.5210 train_acc=0.7589 train_loss=0.4912 val_acc=0.7229 val_loss=0.5612 router_H=0.6879 best=0.7245
           router_load=[0.0197836235165596, 0.33996129035949707, 0.36717599630355835, 0.2730790674686432]
[step 0550/1000] method=ours loss=0.8022 train_acc=0.7589 train_loss=0.4912 val_acc=0.7229 val_loss=0.5612 router_H=0.6879 best=0.7245
           router_load=[0.0197836235165596, 0.33996129035949707, 0.36717599630355835, 0.2730790674686432]
[step 0560/1000] method=ours loss=0.4216 train_acc=0.7589 train_loss=0.4912 val_acc=0.7229 val_loss=0.5612 router_H=0.6879 best=0.7245
           router_load=[0.0197836235165596, 0.33996129035949707, 0.36717599630355835, 0.2730790674686432]
[step 0570/1000] method=ours loss=0.4873 train_acc=0.7589 train_loss=0.4912 val_acc=0.7229 val_loss=0.5612 router_H=0.6879 best=0.7245
           router_load=[0.0197836235165596, 0.33996129035949707, 0.36717599630355835, 0.2730790674686432]
[step 0580/1000] method=ours loss=0.5193 train_acc=0.7589 train_loss=0.4912 val_acc=0.7229 val_loss=0.5612 router_H=0.6879 best=0.7245
           router_load=[0.0197836235165596, 0.33996129035949707, 0.36717599630355835, 0.2730790674686432]
[step 0590/1000] method=ours loss=0.4580 train_acc=0.7589 train_loss=0.4912 val_acc=0.7229 val_loss=0.5612 router_H=0.6879 best=0.7245
           router_load=[0.0197836235165596, 0.33996129035949707, 0.36717599630355835, 0.2730790674686432]
[step 0600/1000] method=ours loss=0.5789 train_acc=0.7879 train_loss=0.4459 val_acc=0.7363 val_loss=0.5179 router_H=0.6851 best=0.7363
           router_load=[0.06555911898612976, 0.32784634828567505, 0.3186033070087433, 0.2879911959171295]
[step 0610/1000] method=ours loss=0.5382 train_acc=0.7879 train_loss=0.4459 val_acc=0.7363 val_loss=0.5179 router_H=0.6851 best=0.7363
           router_load=[0.06555911898612976, 0.32784634828567505, 0.3186033070087433, 0.2879911959171295]
[step 0620/1000] method=ours loss=0.4150 train_acc=0.7879 train_loss=0.4459 val_acc=0.7363 val_loss=0.5179 router_H=0.6851 best=0.7363
           router_load=[0.06555911898612976, 0.32784634828567505, 0.3186033070087433, 0.2879911959171295]
[step 0630/1000] method=ours loss=0.5509 train_acc=0.7879 train_loss=0.4459 val_acc=0.7363 val_loss=0.5179 router_H=0.6851 best=0.7363
           router_load=[0.06555911898612976, 0.32784634828567505, 0.3186033070087433, 0.2879911959171295]
[step 0640/1000] method=ours loss=0.3968 train_acc=0.7879 train_loss=0.4459 val_acc=0.7363 val_loss=0.5179 router_H=0.6851 best=0.7363
           router_load=[0.06555911898612976, 0.32784634828567505, 0.3186033070087433, 0.2879911959171295]
[step 0650/1000] method=ours loss=0.5244 train_acc=0.7879 train_loss=0.4459 val_acc=0.7363 val_loss=0.5179 router_H=0.6851 best=0.7363
           router_load=[0.06555911898612976, 0.32784634828567505, 0.3186033070087433, 0.2879911959171295]
[step 0660/1000] method=ours loss=0.5258 train_acc=0.7879 train_loss=0.4459 val_acc=0.7363 val_loss=0.5179 router_H=0.6851 best=0.7363
           router_load=[0.06555911898612976, 0.32784634828567505, 0.3186033070087433, 0.2879911959171295]
[step 0670/1000] method=ours loss=0.4161 train_acc=0.7879 train_loss=0.4459 val_acc=0.7363 val_loss=0.5179 router_H=0.6851 best=0.7363
           router_load=[0.06555911898612976, 0.32784634828567505, 0.3186033070087433, 0.2879911959171295]
[step 0680/1000] method=ours loss=0.5371 train_acc=0.7879 train_loss=0.4459 val_acc=0.7363 val_loss=0.5179 router_H=0.6851 best=0.7363
           router_load=[0.06555911898612976, 0.32784634828567505, 0.3186033070087433, 0.2879911959171295]
[step 0690/1000] method=ours loss=0.7319 train_acc=0.7879 train_loss=0.4459 val_acc=0.7363 val_loss=0.5179 router_H=0.6851 best=0.7363
           router_load=[0.06555911898612976, 0.32784634828567505, 0.3186033070087433, 0.2879911959171295]
[step 0700/1000] method=ours loss=0.3800 train_acc=0.7953 train_loss=0.4132 val_acc=0.7341 val_loss=0.5210 router_H=0.6888 best=0.7363
           router_load=[0.15847517549991608, 0.2772742211818695, 0.3430231511592865, 0.22122719883918762]
[step 0710/1000] method=ours loss=0.7106 train_acc=0.7953 train_loss=0.4132 val_acc=0.7341 val_loss=0.5210 router_H=0.6888 best=0.7363
           router_load=[0.15847517549991608, 0.2772742211818695, 0.3430231511592865, 0.22122719883918762]
[step 0720/1000] method=ours loss=0.5121 train_acc=0.7953 train_loss=0.4132 val_acc=0.7341 val_loss=0.5210 router_H=0.6888 best=0.7363
           router_load=[0.15847517549991608, 0.2772742211818695, 0.3430231511592865, 0.22122719883918762]
[step 0730/1000] method=ours loss=0.3885 train_acc=0.7953 train_loss=0.4132 val_acc=0.7341 val_loss=0.5210 router_H=0.6888 best=0.7363
           router_load=[0.15847517549991608, 0.2772742211818695, 0.3430231511592865, 0.22122719883918762]
[step 0740/1000] method=ours loss=0.3389 train_acc=0.7953 train_loss=0.4132 val_acc=0.7341 val_loss=0.5210 router_H=0.6888 best=0.7363
           router_load=[0.15847517549991608, 0.2772742211818695, 0.3430231511592865, 0.22122719883918762]
[step 0750/1000] method=ours loss=0.3960 train_acc=0.7953 train_loss=0.4132 val_acc=0.7341 val_loss=0.5210 router_H=0.6888 best=0.7363
           router_load=[0.15847517549991608, 0.2772742211818695, 0.3430231511592865, 0.22122719883918762]
[step 0760/1000] method=ours loss=0.3950 train_acc=0.7953 train_loss=0.4132 val_acc=0.7341 val_loss=0.5210 router_H=0.6888 best=0.7363
           router_load=[0.15847517549991608, 0.2772742211818695, 0.3430231511592865, 0.22122719883918762]
[step 0770/1000] method=ours loss=0.5654 train_acc=0.7953 train_loss=0.4132 val_acc=0.7341 val_loss=0.5210 router_H=0.6888 best=0.7363
           router_load=[0.15847517549991608, 0.2772742211818695, 0.3430231511592865, 0.22122719883918762]
[step 0780/1000] method=ours loss=0.4879 train_acc=0.7953 train_loss=0.4132 val_acc=0.7341 val_loss=0.5210 router_H=0.6888 best=0.7363
           router_load=[0.15847517549991608, 0.2772742211818695, 0.3430231511592865, 0.22122719883918762]
[step 0790/1000] method=ours loss=0.3548 train_acc=0.7953 train_loss=0.4132 val_acc=0.7341 val_loss=0.5210 router_H=0.6888 best=0.7363
           router_load=[0.15847517549991608, 0.2772742211818695, 0.3430231511592865, 0.22122719883918762]
[step 0800/1000] method=ours loss=0.5420 train_acc=0.8324 train_loss=0.3846 val_acc=0.7426 val_loss=0.5338 router_H=0.6892 best=0.7426
           router_load=[0.27002912759780884, 0.22066114842891693, 0.3156002163887024, 0.1937093585729599]
[step 0810/1000] method=ours loss=0.4232 train_acc=0.8324 train_loss=0.3846 val_acc=0.7426 val_loss=0.5338 router_H=0.6892 best=0.7426
           router_load=[0.27002912759780884, 0.22066114842891693, 0.3156002163887024, 0.1937093585729599]
[step 0820/1000] method=ours loss=0.4559 train_acc=0.8324 train_loss=0.3846 val_acc=0.7426 val_loss=0.5338 router_H=0.6892 best=0.7426
           router_load=[0.27002912759780884, 0.22066114842891693, 0.3156002163887024, 0.1937093585729599]
[step 0830/1000] method=ours loss=0.5520 train_acc=0.8324 train_loss=0.3846 val_acc=0.7426 val_loss=0.5338 router_H=0.6892 best=0.7426
           router_load=[0.27002912759780884, 0.22066114842891693, 0.3156002163887024, 0.1937093585729599]
[step 0840/1000] method=ours loss=0.5607 train_acc=0.8324 train_loss=0.3846 val_acc=0.7426 val_loss=0.5338 router_H=0.6892 best=0.7426
           router_load=[0.27002912759780884, 0.22066114842891693, 0.3156002163887024, 0.1937093585729599]
[step 0850/1000] method=ours loss=0.4066 train_acc=0.8324 train_loss=0.3846 val_acc=0.7426 val_loss=0.5338 router_H=0.6892 best=0.7426
           router_load=[0.27002912759780884, 0.22066114842891693, 0.3156002163887024, 0.1937093585729599]
[step 0860/1000] method=ours loss=0.4295 train_acc=0.8324 train_loss=0.3846 val_acc=0.7426 val_loss=0.5338 router_H=0.6892 best=0.7426
           router_load=[0.27002912759780884, 0.22066114842891693, 0.3156002163887024, 0.1937093585729599]
[step 0870/1000] method=ours loss=0.5568 train_acc=0.8324 train_loss=0.3846 val_acc=0.7426 val_loss=0.5338 router_H=0.6892 best=0.7426
           router_load=[0.27002912759780884, 0.22066114842891693, 0.3156002163887024, 0.1937093585729599]
[step 0880/1000] method=ours loss=0.4095 train_acc=0.8324 train_loss=0.3846 val_acc=0.7426 val_loss=0.5338 router_H=0.6892 best=0.7426
           router_load=[0.27002912759780884, 0.22066114842891693, 0.3156002163887024, 0.1937093585729599]
[step 0890/1000] method=ours loss=0.5621 train_acc=0.8324 train_loss=0.3846 val_acc=0.7426 val_loss=0.5338 router_H=0.6892 best=0.7426
           router_load=[0.27002912759780884, 0.22066114842891693, 0.3156002163887024, 0.1937093585729599]
[step 0900/1000] method=ours loss=0.5246 train_acc=0.8446 train_loss=0.3663 val_acc=0.7587 val_loss=0.4946 router_H=0.6882 best=0.7587
           router_load=[0.23268814384937286, 0.15801677107810974, 0.3451961278915405, 0.26409900188446045]
[step 0910/1000] method=ours loss=0.5453 train_acc=0.8446 train_loss=0.3663 val_acc=0.7587 val_loss=0.4946 router_H=0.6882 best=0.7587
           router_load=[0.23268814384937286, 0.15801677107810974, 0.3451961278915405, 0.26409900188446045]
[step 0920/1000] method=ours loss=0.6154 train_acc=0.8446 train_loss=0.3663 val_acc=0.7587 val_loss=0.4946 router_H=0.6882 best=0.7587
           router_load=[0.23268814384937286, 0.15801677107810974, 0.3451961278915405, 0.26409900188446045]
[step 0930/1000] method=ours loss=0.2957 train_acc=0.8446 train_loss=0.3663 val_acc=0.7587 val_loss=0.4946 router_H=0.6882 best=0.7587
           router_load=[0.23268814384937286, 0.15801677107810974, 0.3451961278915405, 0.26409900188446045]
[step 0940/1000] method=ours loss=0.4473 train_acc=0.8446 train_loss=0.3663 val_acc=0.7587 val_loss=0.4946 router_H=0.6882 best=0.7587
           router_load=[0.23268814384937286, 0.15801677107810974, 0.3451961278915405, 0.26409900188446045]
[step 0950/1000] method=ours loss=0.2560 train_acc=0.8446 train_loss=0.3663 val_acc=0.7587 val_loss=0.4946 router_H=0.6882 best=0.7587
           router_load=[0.23268814384937286, 0.15801677107810974, 0.3451961278915405, 0.26409900188446045]
[step 0960/1000] method=ours loss=0.3115 train_acc=0.8446 train_loss=0.3663 val_acc=0.7587 val_loss=0.4946 router_H=0.6882 best=0.7587
           router_load=[0.23268814384937286, 0.15801677107810974, 0.3451961278915405, 0.26409900188446045]
[step 0970/1000] method=ours loss=0.4917 train_acc=0.8446 train_loss=0.3663 val_acc=0.7587 val_loss=0.4946 router_H=0.6882 best=0.7587
           router_load=[0.23268814384937286, 0.15801677107810974, 0.3451961278915405, 0.26409900188446045]
[step 0980/1000] method=ours loss=0.2941 train_acc=0.8446 train_loss=0.3663 val_acc=0.7587 val_loss=0.4946 router_H=0.6882 best=0.7587
           router_load=[0.23268814384937286, 0.15801677107810974, 0.3451961278915405, 0.26409900188446045]
[step 0990/1000] method=ours loss=0.2813 train_acc=0.8446 train_loss=0.3663 val_acc=0.7587 val_loss=0.4946 router_H=0.6882 best=0.7587
           router_load=[0.23268814384937286, 0.15801677107810974, 0.3451961278915405, 0.26409900188446045]
[step 1000/1000] method=ours loss=0.1734 train_acc=0.8556 train_loss=0.3198 val_acc=0.7831 val_loss=0.4926 router_H=0.6837 best=0.7831
           router_load=[0.21992619335651398, 0.1655425727367401, 0.3303169906139374, 0.28421396017074585]
saved summary -> /root/Optimization/MOE-grad-conflict-routing/runs/paper_suite_supplement/appendix/rank/multi_glue3_roberta_r32_lora_e4_k2/final/ours_s2.json
saved curve -> /root/Optimization/MOE-grad-conflict-routing/runs/paper_suite_supplement/appendix/rank/multi_glue3_roberta_r32_lora_e4_k2/final/ours_s2_curve.csv
