[run] method=baseline candidate=local_var_topk_008 seed=3 steps=150 gpu=0
[run] cmd=
/home/zhujjing/anaconda3/envs/moe/bin/python /home/zhujjing/MOE-grad-conflict-routing/scripts/run.py --config configs/singletask_mrpc_real.yaml --set model.backbone_backend=hf --set model.hf_load_pretrained=true --set model.backbone=deberta --set model.hf_pretrained_name=microsoft/deberta-v3-base --set model.expert_type=lora --set model.routing_mode=topk --set model.num_experts=4 --set model.top_k=2 --set seed=3 --set method.name=baseline_avg --set train.steps=150 --set train.eval_every_steps=50 --set train.grad_clip=1.169017524 --set train.lr=4.5238771e-05 --set train.weight_decay=0.01443086696 --out /home/zhujjing/MOE-grad-conflict-routing/runs/paper_suite/single_gpu/single_task/deberta_mrpc_lora_e4_k2/hpo/baseline/trial_runs/local_var_topk_008/baseline_s3.json --curve_out /home/zhujjing/MOE-grad-conflict-routing/runs/paper_suite/single_gpu/single_task/deberta_mrpc_lora_e4_k2/hpo/baseline/trial_runs/local_var_topk_008/baseline_s3_curve.csv
Using the latest cached version of the dataset since glue couldn't be found on the Hugging Face Hub (offline mode is enabled).
Found the latest cached dataset configuration 'mrpc' at /home/zhujjing/hf_cache/datasets/glue/mrpc/0.0.0/bcdcba79d07bc864c1c254ccfcedcce55bcc9a8c (last modified on Thu Mar 19 15:01:06 2026).
/home/zhujjing/anaconda3/envs/moe/lib/python3.10/site-packages/transformers/utils/hub.py:124: FutureWarning: Using `TRANSFORMERS_CACHE` is deprecated and will be removed in v5 of Transformers. Use `HF_HOME` instead.
  warnings.warn(
/home/zhujjing/anaconda3/envs/moe/lib/python3.10/site-packages/transformers/convert_slow_tokenizer.py:560: UserWarning: The sentencepiece tokenizer that you are converting to a fast tokenizer uses the byte fallback option which is not implemented in the fast tokenizers. In practice this means that the fast version of the tokenizer can produce unknown tokens whereas the sentencepiece version would have converted these unknown tokens into a sequence of byte tokens matching the original piece of text.
  warnings.warn(
[step 0001/150] method=baseline_avg loss=1.0068 train_acc=nan train_loss=nan val_acc=nan val_loss=nan best=-1.0000
[step 0010/150] method=baseline_avg loss=0.6551 train_acc=nan train_loss=nan val_acc=nan val_loss=nan best=-1.0000
[step 0020/150] method=baseline_avg loss=0.5186 train_acc=nan train_loss=nan val_acc=nan val_loss=nan best=-1.0000
[step 0030/150] method=baseline_avg loss=0.5067 train_acc=nan train_loss=nan val_acc=nan val_loss=nan best=-1.0000
[step 0040/150] method=baseline_avg loss=0.4742 train_acc=nan train_loss=nan val_acc=nan val_loss=nan best=-1.0000
[step 0050/150] method=baseline_avg loss=0.3652 train_acc=0.8075 train_loss=0.4113 val_acc=0.8137 val_loss=0.4115 router_H=0.6592 best=0.8137
           router_load=[0.6041692495346069, 0.023678267374634743, 0.37215256690979004, 0.0]
[step 0060/150] method=baseline_avg loss=0.3755 train_acc=0.8075 train_loss=0.4113 val_acc=0.8137 val_loss=0.4115 router_H=0.6592 best=0.8137
           router_load=[0.6041692495346069, 0.023678267374634743, 0.37215256690979004, 0.0]
[step 0070/150] method=baseline_avg loss=0.4166 train_acc=0.8075 train_loss=0.4113 val_acc=0.8137 val_loss=0.4115 router_H=0.6592 best=0.8137
           router_load=[0.6041692495346069, 0.023678267374634743, 0.37215256690979004, 0.0]
[step 0080/150] method=baseline_avg loss=0.2498 train_acc=0.8075 train_loss=0.4113 val_acc=0.8137 val_loss=0.4115 router_H=0.6592 best=0.8137
           router_load=[0.6041692495346069, 0.023678267374634743, 0.37215256690979004, 0.0]
[step 0090/150] method=baseline_avg loss=0.3860 train_acc=0.8075 train_loss=0.4113 val_acc=0.8137 val_loss=0.4115 router_H=0.6592 best=0.8137
           router_load=[0.6041692495346069, 0.023678267374634743, 0.37215256690979004, 0.0]
[step 0100/150] method=baseline_avg loss=0.3377 train_acc=0.8948 train_loss=0.2679 val_acc=0.8824 val_loss=0.2904 router_H=0.6608 best=0.8824
           router_load=[0.5572301745414734, 0.14420866966247559, 0.298561155796051, 0.0]
[step 0110/150] method=baseline_avg loss=0.3470 train_acc=0.8948 train_loss=0.2679 val_acc=0.8824 val_loss=0.2904 router_H=0.6608 best=0.8824
           router_load=[0.5572301745414734, 0.14420866966247559, 0.298561155796051, 0.0]
[step 0120/150] method=baseline_avg loss=0.1463 train_acc=0.8948 train_loss=0.2679 val_acc=0.8824 val_loss=0.2904 router_H=0.6608 best=0.8824
           router_load=[0.5572301745414734, 0.14420866966247559, 0.298561155796051, 0.0]
[step 0130/150] method=baseline_avg loss=0.6070 train_acc=0.8948 train_loss=0.2679 val_acc=0.8824 val_loss=0.2904 router_H=0.6608 best=0.8824
           router_load=[0.5572301745414734, 0.14420866966247559, 0.298561155796051, 0.0]
[step 0140/150] method=baseline_avg loss=0.8451 train_acc=0.8948 train_loss=0.2679 val_acc=0.8824 val_loss=0.2904 router_H=0.6608 best=0.8824
           router_load=[0.5572301745414734, 0.14420866966247559, 0.298561155796051, 0.0]
[step 0150/150] method=baseline_avg loss=0.2049 train_acc=0.9029 train_loss=0.2440 val_acc=0.8848 val_loss=0.2812 router_H=0.6575 best=0.8848
           router_load=[0.554589569568634, 0.14950072765350342, 0.2946082055568695, 0.001301484415307641]
saved summary -> /home/zhujjing/MOE-grad-conflict-routing/runs/paper_suite/single_gpu/single_task/deberta_mrpc_lora_e4_k2/hpo/baseline/trial_runs/local_var_topk_008/baseline_s3.json
saved curve -> /home/zhujjing/MOE-grad-conflict-routing/runs/paper_suite/single_gpu/single_task/deberta_mrpc_lora_e4_k2/hpo/baseline/trial_runs/local_var_topk_008/baseline_s3_curve.csv
