[run] method=ours candidate=local_var_topk_004 seed=3 steps=200 gpu=0
[run] cmd=
/root/miniconda3/envs/optimization/bin/python /root/Optimization/MOE-grad-conflict-routing-appendix2/scripts/run.py --config configs/multitask_textcls_local_sst2_imdb_yelp_amazon_real.yaml --set model.backbone_backend=hf --set model.hf_load_pretrained=true --set model.hf_local_files_only=true --set model.routing_mode=topk --set model.expert_type=lora --set model.num_experts=4 --set model.top_k=2 --set data.train_size=20000 --set data.val_size=4000 --set model.backbone=roberta --set model.hf_pretrained_name=roberta-base --set train.eval_val_fraction=0.2 --set train.skip_train_eval=true --set seed=3 --set method.name=ours --set train.steps=200 --set train.eval_every_steps=100 --set method.ours.use_load_norm=true --set method.ours.lambda_align=0.000851148172 --set train.grad_clip=1 --set train.lr=1.2775892e-05 --set train.weight_decay=0.006765903978 --out /root/Optimization/MOE-grad-conflict-routing-appendix2/runs/paper_suite_supplement/appendix/multi_dataset_real/roberta_lora_e4_k2_sst2_imdb_yelp_amazon/_method_workers/ours/hpo/ours/trial_runs/local_var_topk_004/ours_s3.json --curve_out /root/Optimization/MOE-grad-conflict-routing-appendix2/runs/paper_suite_supplement/appendix/multi_dataset_real/roberta_lora_e4_k2_sst2_imdb_yelp_amazon/_method_workers/ours/hpo/ours/trial_runs/local_var_topk_004/ours_s3_curve.csv
Loading weights:   0%|          | 0/197 [00:00<?, ?it/s]Loading weights: 100%|██████████| 197/197 [00:00<00:00, 4456.27it/s]
[1mRobertaModel LOAD REPORT[0m from: roberta-base
Key                             | Status     | 
--------------------------------+------------+-
lm_head.layer_norm.weight       | UNEXPECTED | 
lm_head.bias                    | UNEXPECTED | 
lm_head.dense.weight            | UNEXPECTED | 
lm_head.layer_norm.bias         | UNEXPECTED | 
lm_head.dense.bias              | UNEXPECTED | 
roberta.embeddings.position_ids | UNEXPECTED | 
pooler.dense.bias               | MISSING    | 
pooler.dense.weight             | MISSING    | 

[3mNotes:
- UNEXPECTED[3m	:can be ignored when loading from different task/architecture; not ok if you expect identical arch.
- MISSING[3m	:those params were newly initialized because missing from the checkpoint. Consider training on your downstream task.[0m
[step 0001/200] method=ours loss=0.7446 train_acc=nan train_loss=nan val_acc=nan val_loss=nan best=-1.0000
[step 0010/200] method=ours loss=0.6691 train_acc=nan train_loss=nan val_acc=nan val_loss=nan best=-1.0000
[step 0020/200] method=ours loss=0.6325 train_acc=nan train_loss=nan val_acc=nan val_loss=nan best=-1.0000
[step 0030/200] method=ours loss=0.4158 train_acc=nan train_loss=nan val_acc=nan val_loss=nan best=-1.0000
[step 0040/200] method=ours loss=0.0963 train_acc=nan train_loss=nan val_acc=nan val_loss=nan best=-1.0000
[step 0050/200] method=ours loss=0.3286 train_acc=nan train_loss=nan val_acc=nan val_loss=nan best=-1.0000
[step 0060/200] method=ours loss=0.2420 train_acc=nan train_loss=nan val_acc=nan val_loss=nan best=-1.0000
[step 0070/200] method=ours loss=0.2680 train_acc=nan train_loss=nan val_acc=nan val_loss=nan best=-1.0000
[step 0080/200] method=ours loss=0.1321 train_acc=nan train_loss=nan val_acc=nan val_loss=nan best=-1.0000
[step 0090/200] method=ours loss=0.2048 train_acc=nan train_loss=nan val_acc=nan val_loss=nan best=-1.0000
[step 0100/200] method=ours loss=0.0699 train_acc=nan train_loss=nan val_acc=0.9039 val_loss=0.2553 router_H=0.6882 best=0.9039
           router_load=[0.09088179469108582, 0.21178697049617767, 0.2644796669483185, 0.4328513741493225]
[step 0110/200] method=ours loss=0.2109 train_acc=nan train_loss=nan val_acc=0.9039 val_loss=0.2553 router_H=0.6882 best=0.9039
           router_load=[0.09088179469108582, 0.21178697049617767, 0.2644796669483185, 0.4328513741493225]
[step 0120/200] method=ours loss=0.2289 train_acc=nan train_loss=nan val_acc=0.9039 val_loss=0.2553 router_H=0.6882 best=0.9039
           router_load=[0.09088179469108582, 0.21178697049617767, 0.2644796669483185, 0.4328513741493225]
[step 0130/200] method=ours loss=0.1085 train_acc=nan train_loss=nan val_acc=0.9039 val_loss=0.2553 router_H=0.6882 best=0.9039
           router_load=[0.09088179469108582, 0.21178697049617767, 0.2644796669483185, 0.4328513741493225]
[step 0140/200] method=ours loss=0.3204 train_acc=nan train_loss=nan val_acc=0.9039 val_loss=0.2553 router_H=0.6882 best=0.9039
           router_load=[0.09088179469108582, 0.21178697049617767, 0.2644796669483185, 0.4328513741493225]
[step 0150/200] method=ours loss=0.2726 train_acc=nan train_loss=nan val_acc=0.9039 val_loss=0.2553 router_H=0.6882 best=0.9039
           router_load=[0.09088179469108582, 0.21178697049617767, 0.2644796669483185, 0.4328513741493225]
[step 0160/200] method=ours loss=0.1246 train_acc=nan train_loss=nan val_acc=0.9039 val_loss=0.2553 router_H=0.6882 best=0.9039
           router_load=[0.09088179469108582, 0.21178697049617767, 0.2644796669483185, 0.4328513741493225]
[step 0170/200] method=ours loss=0.8884 train_acc=nan train_loss=nan val_acc=0.9039 val_loss=0.2553 router_H=0.6882 best=0.9039
           router_load=[0.09088179469108582, 0.21178697049617767, 0.2644796669483185, 0.4328513741493225]
[step 0180/200] method=ours loss=0.1837 train_acc=nan train_loss=nan val_acc=0.9039 val_loss=0.2553 router_H=0.6882 best=0.9039
           router_load=[0.09088179469108582, 0.21178697049617767, 0.2644796669483185, 0.4328513741493225]
[step 0190/200] method=ours loss=0.2576 train_acc=nan train_loss=nan val_acc=0.9039 val_loss=0.2553 router_H=0.6882 best=0.9039
           router_load=[0.09088179469108582, 0.21178697049617767, 0.2644796669483185, 0.4328513741493225]
[step 0200/200] method=ours loss=0.2946 train_acc=nan train_loss=nan val_acc=0.9093 val_loss=0.2258 router_H=0.6894 best=0.9093
           router_load=[0.03753850609064102, 0.27121543884277344, 0.402680903673172, 0.2885649800300598]
saved summary -> /root/Optimization/MOE-grad-conflict-routing-appendix2/runs/paper_suite_supplement/appendix/multi_dataset_real/roberta_lora_e4_k2_sst2_imdb_yelp_amazon/_method_workers/ours/hpo/ours/trial_runs/local_var_topk_004/ours_s3.json
saved curve -> /root/Optimization/MOE-grad-conflict-routing-appendix2/runs/paper_suite_supplement/appendix/multi_dataset_real/roberta_lora_e4_k2_sst2_imdb_yelp_amazon/_method_workers/ours/hpo/ours/trial_runs/local_var_topk_004/ours_s3_curve.csv
