[run] method=baseline candidate=coord_01_train_lr_014 seed=3 steps=200 gpu=0
[run] cmd=
/root/miniconda3/envs/optimization/bin/python /root/Optimization/MOE-grad-conflict-routing/scripts/run.py --config configs/singletask_cola_real.yaml --set model.backbone_backend=hf --set model.hf_load_pretrained=true --set model.backbone=roberta --set model.hf_pretrained_name=roberta-base --set model.expert_type=lora --set model.routing_mode=topk --set model.num_experts=4 --set model.top_k=2 --set seed=3 --set method.name=baseline_avg --set train.steps=200 --set train.eval_every_steps=50 --set train.grad_clip=1 --set train.lr=5.108296151e-06 --set train.weight_decay=0.01 --out /root/Optimization/MOE-grad-conflict-routing/runs/paper_suite_supplement/single_task_add_rerun/single_task/roberta_cola_lora_e4_k2/hpo/baseline/trial_runs/coord_01_train_lr_014/baseline_s3.json --curve_out /root/Optimization/MOE-grad-conflict-routing/runs/paper_suite_supplement/single_task_add_rerun/single_task/roberta_cola_lora_e4_k2/hpo/baseline/trial_runs/coord_01_train_lr_014/baseline_s3_curve.csv
Using the latest cached version of the dataset since glue couldn't be found on the Hugging Face Hub (offline mode is enabled).
Found the latest cached dataset configuration 'cola' at /root/.cache/huggingface/datasets/glue/cola/0.0.0/bcdcba79d07bc864c1c254ccfcedcce55bcc9a8c (last modified on Sun Mar 22 21:46:35 2026).
Loading weights:   0%|          | 0/197 [00:00<?, ?it/s]Loading weights: 100%|██████████| 197/197 [00:00<00:00, 2689.23it/s]
[1mRobertaModel LOAD REPORT[0m from: roberta-base
Key                             | Status     | 
--------------------------------+------------+-
roberta.embeddings.position_ids | UNEXPECTED | 
lm_head.layer_norm.weight       | UNEXPECTED | 
lm_head.dense.bias              | UNEXPECTED | 
lm_head.bias                    | UNEXPECTED | 
lm_head.layer_norm.bias         | UNEXPECTED | 
lm_head.dense.weight            | UNEXPECTED | 
pooler.dense.bias               | MISSING    | 
pooler.dense.weight             | MISSING    | 

[3mNotes:
- UNEXPECTED[3m	:can be ignored when loading from different task/architecture; not ok if you expect identical arch.
- MISSING[3m	:those params were newly initialized because missing from the checkpoint. Consider training on your downstream task.[0m
[step 0001/200] method=baseline_avg loss=0.7435 train_acc=nan train_loss=nan val_acc=nan val_loss=nan best=-1.0000
[step 0010/200] method=baseline_avg loss=0.5622 train_acc=nan train_loss=nan val_acc=nan val_loss=nan best=-1.0000
[step 0020/200] method=baseline_avg loss=0.7045 train_acc=nan train_loss=nan val_acc=nan val_loss=nan best=-1.0000
[step 0030/200] method=baseline_avg loss=0.6786 train_acc=nan train_loss=nan val_acc=nan val_loss=nan best=-1.0000
[step 0040/200] method=baseline_avg loss=0.7283 train_acc=nan train_loss=nan val_acc=nan val_loss=nan best=-1.0000
[step 0050/200] method=baseline_avg loss=0.6480 train_acc=0.7044 train_loss=0.5885 val_acc=0.6913 val_loss=0.6033 router_H=0.6873 best=0.6913
           router_load=[0.0, 0.06176745519042015, 0.5502744913101196, 0.38795796036720276]
[step 0060/200] method=baseline_avg loss=0.5397 train_acc=0.7044 train_loss=0.5885 val_acc=0.6913 val_loss=0.6033 router_H=0.6873 best=0.6913
           router_load=[0.0, 0.06176745519042015, 0.5502744913101196, 0.38795796036720276]
[step 0070/200] method=baseline_avg loss=0.6113 train_acc=0.7044 train_loss=0.5885 val_acc=0.6913 val_loss=0.6033 router_H=0.6873 best=0.6913
           router_load=[0.0, 0.06176745519042015, 0.5502744913101196, 0.38795796036720276]
[step 0080/200] method=baseline_avg loss=0.4830 train_acc=0.7044 train_loss=0.5885 val_acc=0.6913 val_loss=0.6033 router_H=0.6873 best=0.6913
           router_load=[0.0, 0.06176745519042015, 0.5502744913101196, 0.38795796036720276]
[step 0090/200] method=baseline_avg loss=0.5799 train_acc=0.7044 train_loss=0.5885 val_acc=0.6913 val_loss=0.6033 router_H=0.6873 best=0.6913
           router_load=[0.0, 0.06176745519042015, 0.5502744913101196, 0.38795796036720276]
[step 0100/200] method=baseline_avg loss=0.4368 train_acc=0.7044 train_loss=0.5480 val_acc=0.6913 val_loss=0.5722 router_H=0.6835 best=0.6913
           router_load=[0.0, 0.05223450809717178, 0.563993513584137, 0.38377195596694946]
[step 0110/200] method=baseline_avg loss=0.4349 train_acc=0.7044 train_loss=0.5480 val_acc=0.6913 val_loss=0.5722 router_H=0.6835 best=0.6913
           router_load=[0.0, 0.05223450809717178, 0.563993513584137, 0.38377195596694946]
[step 0120/200] method=baseline_avg loss=0.6194 train_acc=0.7044 train_loss=0.5480 val_acc=0.6913 val_loss=0.5722 router_H=0.6835 best=0.6913
           router_load=[0.0, 0.05223450809717178, 0.563993513584137, 0.38377195596694946]
[step 0130/200] method=baseline_avg loss=0.7154 train_acc=0.7044 train_loss=0.5480 val_acc=0.6913 val_loss=0.5722 router_H=0.6835 best=0.6913
           router_load=[0.0, 0.05223450809717178, 0.563993513584137, 0.38377195596694946]
[step 0140/200] method=baseline_avg loss=0.5568 train_acc=0.7044 train_loss=0.5480 val_acc=0.6913 val_loss=0.5722 router_H=0.6835 best=0.6913
           router_load=[0.0, 0.05223450809717178, 0.563993513584137, 0.38377195596694946]
[step 0150/200] method=baseline_avg loss=0.3724 train_acc=0.7068 train_loss=0.5309 val_acc=0.6932 val_loss=0.5796 router_H=0.6750 best=0.6932
           router_load=[0.0, 0.0316779725253582, 0.5864177346229553, 0.38190436363220215]
[step 0160/200] method=baseline_avg loss=0.5665 train_acc=0.7068 train_loss=0.5309 val_acc=0.6932 val_loss=0.5796 router_H=0.6750 best=0.6932
           router_load=[0.0, 0.0316779725253582, 0.5864177346229553, 0.38190436363220215]
[step 0170/200] method=baseline_avg loss=0.3227 train_acc=0.7068 train_loss=0.5309 val_acc=0.6932 val_loss=0.5796 router_H=0.6750 best=0.6932
           router_load=[0.0, 0.0316779725253582, 0.5864177346229553, 0.38190436363220215]
[step 0180/200] method=baseline_avg loss=0.6154 train_acc=0.7068 train_loss=0.5309 val_acc=0.6932 val_loss=0.5796 router_H=0.6750 best=0.6932
           router_load=[0.0, 0.0316779725253582, 0.5864177346229553, 0.38190436363220215]
[step 0190/200] method=baseline_avg loss=0.6497 train_acc=0.7068 train_loss=0.5309 val_acc=0.6932 val_loss=0.5796 router_H=0.6750 best=0.6932
           router_load=[0.0, 0.0316779725253582, 0.5864177346229553, 0.38190436363220215]
[step 0200/200] method=baseline_avg loss=0.5140 train_acc=0.7760 train_loss=0.4450 val_acc=0.7709 val_loss=0.4923 router_H=0.6771 best=0.7709
           router_load=[0.0, 0.05625017359852791, 0.5776169300079346, 0.3661327660083771]
saved summary -> /root/Optimization/MOE-grad-conflict-routing/runs/paper_suite_supplement/single_task_add_rerun/single_task/roberta_cola_lora_e4_k2/hpo/baseline/trial_runs/coord_01_train_lr_014/baseline_s3.json
saved curve -> /root/Optimization/MOE-grad-conflict-routing/runs/paper_suite_supplement/single_task_add_rerun/single_task/roberta_cola_lora_e4_k2/hpo/baseline/trial_runs/coord_01_train_lr_014/baseline_s3_curve.csv
