[run] method=baseline candidate=coord_02_train_weight_decay_011 seed=5 steps=1000 gpu=0
[run] cmd=
/home/zhujjing/anaconda3/envs/moe/bin/python /home/zhujjing/MOE-grad-conflict-routing/scripts/run.py --config configs/singletask_mrpc_real.yaml --set model.backbone_backend=hf --set model.hf_load_pretrained=true --set model.backbone=deberta --set model.hf_pretrained_name=microsoft/deberta-v3-base --set model.expert_type=ffn --set model.routing_mode=topk --set model.num_experts=4 --set model.top_k=2 --set seed=5 --set method.name=baseline_avg --set train.steps=1000 --set train.eval_every_steps=50 --set train.grad_clip=1 --set train.lr=0.0001112973657 --set train.weight_decay=0.01108226147 --out /home/zhujjing/MOE-grad-conflict-routing/runs/paper_suite/single_gpu/single_task/deberta_mrpc_ffn_e4_k2/final/baseline_s5.json --curve_out /home/zhujjing/MOE-grad-conflict-routing/runs/paper_suite/single_gpu/single_task/deberta_mrpc_ffn_e4_k2/final/baseline_s5_curve.csv
Using the latest cached version of the dataset since glue couldn't be found on the Hugging Face Hub (offline mode is enabled).
Found the latest cached dataset configuration 'mrpc' at /home/zhujjing/hf_cache/datasets/glue/mrpc/0.0.0/bcdcba79d07bc864c1c254ccfcedcce55bcc9a8c (last modified on Thu Mar 19 15:01:06 2026).
/home/zhujjing/anaconda3/envs/moe/lib/python3.10/site-packages/transformers/utils/hub.py:124: FutureWarning: Using `TRANSFORMERS_CACHE` is deprecated and will be removed in v5 of Transformers. Use `HF_HOME` instead.
  warnings.warn(
/home/zhujjing/anaconda3/envs/moe/lib/python3.10/site-packages/transformers/convert_slow_tokenizer.py:560: UserWarning: The sentencepiece tokenizer that you are converting to a fast tokenizer uses the byte fallback option which is not implemented in the fast tokenizers. In practice this means that the fast version of the tokenizer can produce unknown tokens whereas the sentencepiece version would have converted these unknown tokens into a sequence of byte tokens matching the original piece of text.
  warnings.warn(
[step 0001/1000] method=baseline_avg loss=0.8116 train_acc=nan train_loss=nan val_acc=nan val_loss=nan best=-1.0000
[step 0010/1000] method=baseline_avg loss=0.6720 train_acc=nan train_loss=nan val_acc=nan val_loss=nan best=-1.0000
[step 0020/1000] method=baseline_avg loss=0.4193 train_acc=nan train_loss=nan val_acc=nan val_loss=nan best=-1.0000
[step 0030/1000] method=baseline_avg loss=0.4241 train_acc=nan train_loss=nan val_acc=nan val_loss=nan best=-1.0000
[step 0040/1000] method=baseline_avg loss=0.3786 train_acc=nan train_loss=nan val_acc=nan val_loss=nan best=-1.0000
[step 0050/1000] method=baseline_avg loss=0.4602 train_acc=0.7890 train_loss=0.4739 val_acc=0.7721 val_loss=0.4613 router_H=0.5325 best=0.7721
           router_load=[0.0, 0.758544921875, 0.0, 0.24145512282848358]
[step 0060/1000] method=baseline_avg loss=0.4928 train_acc=0.7890 train_loss=0.4739 val_acc=0.7721 val_loss=0.4613 router_H=0.5325 best=0.7721
           router_load=[0.0, 0.758544921875, 0.0, 0.24145512282848358]
[step 0070/1000] method=baseline_avg loss=0.3617 train_acc=0.7890 train_loss=0.4739 val_acc=0.7721 val_loss=0.4613 router_H=0.5325 best=0.7721
           router_load=[0.0, 0.758544921875, 0.0, 0.24145512282848358]
[step 0080/1000] method=baseline_avg loss=0.4339 train_acc=0.7890 train_loss=0.4739 val_acc=0.7721 val_loss=0.4613 router_H=0.5325 best=0.7721
           router_load=[0.0, 0.758544921875, 0.0, 0.24145512282848358]
[step 0090/1000] method=baseline_avg loss=0.2971 train_acc=0.7890 train_loss=0.4739 val_acc=0.7721 val_loss=0.4613 router_H=0.5325 best=0.7721
           router_load=[0.0, 0.758544921875, 0.0, 0.24145512282848358]
[step 0100/1000] method=baseline_avg loss=0.4018 train_acc=0.8661 train_loss=0.3203 val_acc=0.8529 val_loss=0.3275 router_H=0.5022 best=0.8529
           router_load=[0.00045435375068336725, 0.744401216506958, 0.0, 0.25514456629753113]
[step 0110/1000] method=baseline_avg loss=0.5959 train_acc=0.8661 train_loss=0.3203 val_acc=0.8529 val_loss=0.3275 router_H=0.5022 best=0.8529
           router_load=[0.00045435375068336725, 0.744401216506958, 0.0, 0.25514456629753113]
[step 0120/1000] method=baseline_avg loss=0.3138 train_acc=0.8661 train_loss=0.3203 val_acc=0.8529 val_loss=0.3275 router_H=0.5022 best=0.8529
           router_load=[0.00045435375068336725, 0.744401216506958, 0.0, 0.25514456629753113]
[step 0130/1000] method=baseline_avg loss=0.1062 train_acc=0.8661 train_loss=0.3203 val_acc=0.8529 val_loss=0.3275 router_H=0.5022 best=0.8529
           router_load=[0.00045435375068336725, 0.744401216506958, 0.0, 0.25514456629753113]
[step 0140/1000] method=baseline_avg loss=0.1029 train_acc=0.8661 train_loss=0.3203 val_acc=0.8529 val_loss=0.3275 router_H=0.5022 best=0.8529
           router_load=[0.00045435375068336725, 0.744401216506958, 0.0, 0.25514456629753113]
[step 0150/1000] method=baseline_avg loss=0.2394 train_acc=0.8765 train_loss=0.2976 val_acc=0.8603 val_loss=0.3363 router_H=0.4013 best=0.8603
           router_load=[0.06847915053367615, 0.762454092502594, 0.002012125914916396, 0.16705454885959625]
[step 0160/1000] method=baseline_avg loss=0.4209 train_acc=0.8765 train_loss=0.2976 val_acc=0.8603 val_loss=0.3363 router_H=0.4013 best=0.8603
           router_load=[0.06847915053367615, 0.762454092502594, 0.002012125914916396, 0.16705454885959625]
[step 0170/1000] method=baseline_avg loss=0.2847 train_acc=0.8765 train_loss=0.2976 val_acc=0.8603 val_loss=0.3363 router_H=0.4013 best=0.8603
           router_load=[0.06847915053367615, 0.762454092502594, 0.002012125914916396, 0.16705454885959625]
[step 0180/1000] method=baseline_avg loss=0.1762 train_acc=0.8765 train_loss=0.2976 val_acc=0.8603 val_loss=0.3363 router_H=0.4013 best=0.8603
           router_load=[0.06847915053367615, 0.762454092502594, 0.002012125914916396, 0.16705454885959625]
[step 0190/1000] method=baseline_avg loss=0.5316 train_acc=0.8765 train_loss=0.2976 val_acc=0.8603 val_loss=0.3363 router_H=0.4013 best=0.8603
           router_load=[0.06847915053367615, 0.762454092502594, 0.002012125914916396, 0.16705454885959625]
[step 0200/1000] method=baseline_avg loss=0.6804 train_acc=0.8541 train_loss=0.3256 val_acc=0.8064 val_loss=0.4008 router_H=0.4908 best=0.8603
           router_load=[0.0025198787916451693, 0.7772101759910583, 0.0, 0.22026994824409485]
[step 0210/1000] method=baseline_avg loss=0.7106 train_acc=0.8541 train_loss=0.3256 val_acc=0.8064 val_loss=0.4008 router_H=0.4908 best=0.8603
           router_load=[0.0025198787916451693, 0.7772101759910583, 0.0, 0.22026994824409485]
[step 0220/1000] method=baseline_avg loss=0.3196 train_acc=0.8541 train_loss=0.3256 val_acc=0.8064 val_loss=0.4008 router_H=0.4908 best=0.8603
           router_load=[0.0025198787916451693, 0.7772101759910583, 0.0, 0.22026994824409485]
[step 0230/1000] method=baseline_avg loss=0.0367 train_acc=0.8541 train_loss=0.3256 val_acc=0.8064 val_loss=0.4008 router_H=0.4908 best=0.8603
           router_load=[0.0025198787916451693, 0.7772101759910583, 0.0, 0.22026994824409485]
[step 0240/1000] method=baseline_avg loss=0.3375 train_acc=0.8541 train_loss=0.3256 val_acc=0.8064 val_loss=0.4008 router_H=0.4908 best=0.8603
           router_load=[0.0025198787916451693, 0.7772101759910583, 0.0, 0.22026994824409485]
[step 0250/1000] method=baseline_avg loss=0.0575 train_acc=0.9002 train_loss=0.2437 val_acc=0.8676 val_loss=0.3415 router_H=0.4065 best=0.8676
           router_load=[0.0038556631188839674, 0.7376129031181335, 0.0, 0.25853148102760315]
[step 0260/1000] method=baseline_avg loss=0.3914 train_acc=0.9002 train_loss=0.2437 val_acc=0.8676 val_loss=0.3415 router_H=0.4065 best=0.8676
           router_load=[0.0038556631188839674, 0.7376129031181335, 0.0, 0.25853148102760315]
[step 0270/1000] method=baseline_avg loss=0.5604 train_acc=0.9002 train_loss=0.2437 val_acc=0.8676 val_loss=0.3415 router_H=0.4065 best=0.8676
           router_load=[0.0038556631188839674, 0.7376129031181335, 0.0, 0.25853148102760315]
[step 0280/1000] method=baseline_avg loss=0.1356 train_acc=0.9002 train_loss=0.2437 val_acc=0.8676 val_loss=0.3415 router_H=0.4065 best=0.8676
           router_load=[0.0038556631188839674, 0.7376129031181335, 0.0, 0.25853148102760315]
[step 0290/1000] method=baseline_avg loss=0.0964 train_acc=0.9002 train_loss=0.2437 val_acc=0.8676 val_loss=0.3415 router_H=0.4065 best=0.8676
           router_load=[0.0038556631188839674, 0.7376129031181335, 0.0, 0.25853148102760315]
[step 0300/1000] method=baseline_avg loss=0.4454 train_acc=0.9059 train_loss=0.2586 val_acc=0.8480 val_loss=0.4614 router_H=0.3727 best=0.8676
           router_load=[0.001045031938701868, 0.8322368860244751, 0.0, 0.1667182445526123]
[step 0310/1000] method=baseline_avg loss=0.2145 train_acc=0.9059 train_loss=0.2586 val_acc=0.8480 val_loss=0.4614 router_H=0.3727 best=0.8676
           router_load=[0.001045031938701868, 0.8322368860244751, 0.0, 0.1667182445526123]
[step 0320/1000] method=baseline_avg loss=0.2303 train_acc=0.9059 train_loss=0.2586 val_acc=0.8480 val_loss=0.4614 router_H=0.3727 best=0.8676
           router_load=[0.001045031938701868, 0.8322368860244751, 0.0, 0.1667182445526123]
[step 0330/1000] method=baseline_avg loss=0.2077 train_acc=0.9059 train_loss=0.2586 val_acc=0.8480 val_loss=0.4614 router_H=0.3727 best=0.8676
           router_load=[0.001045031938701868, 0.8322368860244751, 0.0, 0.1667182445526123]
[step 0340/1000] method=baseline_avg loss=0.5611 train_acc=0.9059 train_loss=0.2586 val_acc=0.8480 val_loss=0.4614 router_H=0.3727 best=0.8676
           router_load=[0.001045031938701868, 0.8322368860244751, 0.0, 0.1667182445526123]
[step 0350/1000] method=baseline_avg loss=0.6139 train_acc=0.9166 train_loss=0.2064 val_acc=0.8652 val_loss=0.3435 router_H=0.2934 best=0.8676
           router_load=[0.0, 0.9110982418060303, 0.07868523895740509, 0.010216528549790382]
[step 0360/1000] method=baseline_avg loss=0.2145 train_acc=0.9166 train_loss=0.2064 val_acc=0.8652 val_loss=0.3435 router_H=0.2934 best=0.8676
           router_load=[0.0, 0.9110982418060303, 0.07868523895740509, 0.010216528549790382]
[step 0370/1000] method=baseline_avg loss=0.5064 train_acc=0.9166 train_loss=0.2064 val_acc=0.8652 val_loss=0.3435 router_H=0.2934 best=0.8676
           router_load=[0.0, 0.9110982418060303, 0.07868523895740509, 0.010216528549790382]
[step 0380/1000] method=baseline_avg loss=0.3002 train_acc=0.9166 train_loss=0.2064 val_acc=0.8652 val_loss=0.3435 router_H=0.2934 best=0.8676
           router_load=[0.0, 0.9110982418060303, 0.07868523895740509, 0.010216528549790382]
[step 0390/1000] method=baseline_avg loss=0.5188 train_acc=0.9166 train_loss=0.2064 val_acc=0.8652 val_loss=0.3435 router_H=0.2934 best=0.8676
           router_load=[0.0, 0.9110982418060303, 0.07868523895740509, 0.010216528549790382]
[step 0400/1000] method=baseline_avg loss=0.3941 train_acc=0.9471 train_loss=0.1538 val_acc=0.8824 val_loss=0.3202 router_H=0.2550 best=0.8824
           router_load=[0.0, 0.9083198308944702, 0.0, 0.09168008714914322]
[step 0410/1000] method=baseline_avg loss=0.5566 train_acc=0.9471 train_loss=0.1538 val_acc=0.8824 val_loss=0.3202 router_H=0.2550 best=0.8824
           router_load=[0.0, 0.9083198308944702, 0.0, 0.09168008714914322]
[step 0420/1000] method=baseline_avg loss=0.2081 train_acc=0.9471 train_loss=0.1538 val_acc=0.8824 val_loss=0.3202 router_H=0.2550 best=0.8824
           router_load=[0.0, 0.9083198308944702, 0.0, 0.09168008714914322]
[step 0430/1000] method=baseline_avg loss=0.2581 train_acc=0.9471 train_loss=0.1538 val_acc=0.8824 val_loss=0.3202 router_H=0.2550 best=0.8824
           router_load=[0.0, 0.9083198308944702, 0.0, 0.09168008714914322]
[step 0440/1000] method=baseline_avg loss=0.3906 train_acc=0.9471 train_loss=0.1538 val_acc=0.8824 val_loss=0.3202 router_H=0.2550 best=0.8824
           router_load=[0.0, 0.9083198308944702, 0.0, 0.09168008714914322]
[step 0450/1000] method=baseline_avg loss=0.2768 train_acc=0.9545 train_loss=0.1251 val_acc=0.8824 val_loss=0.2835 router_H=0.3594 best=0.8824
           router_load=[0.0, 0.831233024597168, 0.0, 0.16876696050167084]
[step 0460/1000] method=baseline_avg loss=1.9492 train_acc=0.9545 train_loss=0.1251 val_acc=0.8824 val_loss=0.2835 router_H=0.3594 best=0.8824
           router_load=[0.0, 0.831233024597168, 0.0, 0.16876696050167084]
[step 0470/1000] method=baseline_avg loss=0.2778 train_acc=0.9545 train_loss=0.1251 val_acc=0.8824 val_loss=0.2835 router_H=0.3594 best=0.8824
           router_load=[0.0, 0.831233024597168, 0.0, 0.16876696050167084]
[step 0480/1000] method=baseline_avg loss=0.1673 train_acc=0.9545 train_loss=0.1251 val_acc=0.8824 val_loss=0.2835 router_H=0.3594 best=0.8824
           router_load=[0.0, 0.831233024597168, 0.0, 0.16876696050167084]
[step 0490/1000] method=baseline_avg loss=0.4856 train_acc=0.9545 train_loss=0.1251 val_acc=0.8824 val_loss=0.2835 router_H=0.3594 best=0.8824
           router_load=[0.0, 0.831233024597168, 0.0, 0.16876696050167084]
[step 0500/1000] method=baseline_avg loss=0.4537 train_acc=0.9591 train_loss=0.1284 val_acc=0.8407 val_loss=0.4750 router_H=0.3528 best=0.8824
           router_load=[0.003332255408167839, 0.7351221442222595, 0.0, 0.2615455687046051]
[step 0510/1000] method=baseline_avg loss=0.1602 train_acc=0.9591 train_loss=0.1284 val_acc=0.8407 val_loss=0.4750 router_H=0.3528 best=0.8824
           router_load=[0.003332255408167839, 0.7351221442222595, 0.0, 0.2615455687046051]
[step 0520/1000] method=baseline_avg loss=0.0278 train_acc=0.9591 train_loss=0.1284 val_acc=0.8407 val_loss=0.4750 router_H=0.3528 best=0.8824
           router_load=[0.003332255408167839, 0.7351221442222595, 0.0, 0.2615455687046051]
[step 0530/1000] method=baseline_avg loss=0.0151 train_acc=0.9591 train_loss=0.1284 val_acc=0.8407 val_loss=0.4750 router_H=0.3528 best=0.8824
           router_load=[0.003332255408167839, 0.7351221442222595, 0.0, 0.2615455687046051]
[step 0540/1000] method=baseline_avg loss=0.1445 train_acc=0.9591 train_loss=0.1284 val_acc=0.8407 val_loss=0.4750 router_H=0.3528 best=0.8824
           router_load=[0.003332255408167839, 0.7351221442222595, 0.0, 0.2615455687046051]
[step 0550/1000] method=baseline_avg loss=0.4470 train_acc=0.9346 train_loss=0.1711 val_acc=0.8358 val_loss=0.5175 router_H=0.3764 best=0.8824
           router_load=[0.00747074605897069, 0.6574217677116394, 0.0, 0.3351074159145355]
[step 0560/1000] method=baseline_avg loss=0.1933 train_acc=0.9346 train_loss=0.1711 val_acc=0.8358 val_loss=0.5175 router_H=0.3764 best=0.8824
           router_load=[0.00747074605897069, 0.6574217677116394, 0.0, 0.3351074159145355]
[step 0570/1000] method=baseline_avg loss=0.0409 train_acc=0.9346 train_loss=0.1711 val_acc=0.8358 val_loss=0.5175 router_H=0.3764 best=0.8824
           router_load=[0.00747074605897069, 0.6574217677116394, 0.0, 0.3351074159145355]
[step 0580/1000] method=baseline_avg loss=0.1009 train_acc=0.9346 train_loss=0.1711 val_acc=0.8358 val_loss=0.5175 router_H=0.3764 best=0.8824
           router_load=[0.00747074605897069, 0.6574217677116394, 0.0, 0.3351074159145355]
[step 0590/1000] method=baseline_avg loss=0.0336 train_acc=0.9346 train_loss=0.1711 val_acc=0.8358 val_loss=0.5175 router_H=0.3764 best=0.8824
           router_load=[0.00747074605897069, 0.6574217677116394, 0.0, 0.3351074159145355]
[step 0600/1000] method=baseline_avg loss=0.1392 train_acc=0.9706 train_loss=0.0780 val_acc=0.8627 val_loss=0.3941 router_H=0.2951 best=0.8824
           router_load=[0.0, 0.8708850741386414, 0.0, 0.12911489605903625]
[step 0610/1000] method=baseline_avg loss=0.1875 train_acc=0.9706 train_loss=0.0780 val_acc=0.8627 val_loss=0.3941 router_H=0.2951 best=0.8824
           router_load=[0.0, 0.8708850741386414, 0.0, 0.12911489605903625]
[step 0620/1000] method=baseline_avg loss=0.0873 train_acc=0.9706 train_loss=0.0780 val_acc=0.8627 val_loss=0.3941 router_H=0.2951 best=0.8824
           router_load=[0.0, 0.8708850741386414, 0.0, 0.12911489605903625]
[step 0630/1000] method=baseline_avg loss=0.1546 train_acc=0.9706 train_loss=0.0780 val_acc=0.8627 val_loss=0.3941 router_H=0.2951 best=0.8824
           router_load=[0.0, 0.8708850741386414, 0.0, 0.12911489605903625]
[step 0640/1000] method=baseline_avg loss=0.0028 train_acc=0.9706 train_loss=0.0780 val_acc=0.8627 val_loss=0.3941 router_H=0.2951 best=0.8824
           router_load=[0.0, 0.8708850741386414, 0.0, 0.12911489605903625]
[step 0650/1000] method=baseline_avg loss=0.0900 train_acc=0.9812 train_loss=0.0608 val_acc=0.8922 val_loss=0.4289 router_H=0.2991 best=0.8922
           router_load=[0.000860927568282932, 0.8312639594078064, 0.0, 0.16787534952163696]
[step 0660/1000] method=baseline_avg loss=0.0360 train_acc=0.9812 train_loss=0.0608 val_acc=0.8922 val_loss=0.4289 router_H=0.2991 best=0.8922
           router_load=[0.000860927568282932, 0.8312639594078064, 0.0, 0.16787534952163696]
[step 0670/1000] method=baseline_avg loss=0.0255 train_acc=0.9812 train_loss=0.0608 val_acc=0.8922 val_loss=0.4289 router_H=0.2991 best=0.8922
           router_load=[0.000860927568282932, 0.8312639594078064, 0.0, 0.16787534952163696]
[step 0680/1000] method=baseline_avg loss=0.0281 train_acc=0.9812 train_loss=0.0608 val_acc=0.8922 val_loss=0.4289 router_H=0.2991 best=0.8922
           router_load=[0.000860927568282932, 0.8312639594078064, 0.0, 0.16787534952163696]
[step 0690/1000] method=baseline_avg loss=0.0011 train_acc=0.9812 train_loss=0.0608 val_acc=0.8922 val_loss=0.4289 router_H=0.2991 best=0.8922
           router_load=[0.000860927568282932, 0.8312639594078064, 0.0, 0.16787534952163696]
[step 0700/1000] method=baseline_avg loss=0.3416 train_acc=0.9708 train_loss=0.1158 val_acc=0.8603 val_loss=0.6872 router_H=0.2428 best=0.8922
           router_load=[0.001322880038060248, 0.876775860786438, 0.011031614616513252, 0.11086966842412949]
[step 0710/1000] method=baseline_avg loss=0.3203 train_acc=0.9708 train_loss=0.1158 val_acc=0.8603 val_loss=0.6872 router_H=0.2428 best=0.8922
           router_load=[0.001322880038060248, 0.876775860786438, 0.011031614616513252, 0.11086966842412949]
[step 0720/1000] method=baseline_avg loss=0.0056 train_acc=0.9708 train_loss=0.1158 val_acc=0.8603 val_loss=0.6872 router_H=0.2428 best=0.8922
           router_load=[0.001322880038060248, 0.876775860786438, 0.011031614616513252, 0.11086966842412949]
[step 0730/1000] method=baseline_avg loss=0.1757 train_acc=0.9708 train_loss=0.1158 val_acc=0.8603 val_loss=0.6872 router_H=0.2428 best=0.8922
           router_load=[0.001322880038060248, 0.876775860786438, 0.011031614616513252, 0.11086966842412949]
[step 0740/1000] method=baseline_avg loss=0.4273 train_acc=0.9708 train_loss=0.1158 val_acc=0.8603 val_loss=0.6872 router_H=0.2428 best=0.8922
           router_load=[0.001322880038060248, 0.876775860786438, 0.011031614616513252, 0.11086966842412949]
[step 0750/1000] method=baseline_avg loss=0.0639 train_acc=0.9790 train_loss=0.0639 val_acc=0.8799 val_loss=0.5119 router_H=0.2584 best=0.8922
           router_load=[0.0, 0.8816683292388916, 0.0011350212153047323, 0.11719673126935959]
[step 0760/1000] method=baseline_avg loss=0.8123 train_acc=0.9790 train_loss=0.0639 val_acc=0.8799 val_loss=0.5119 router_H=0.2584 best=0.8922
           router_load=[0.0, 0.8816683292388916, 0.0011350212153047323, 0.11719673126935959]
[step 0770/1000] method=baseline_avg loss=0.0185 train_acc=0.9790 train_loss=0.0639 val_acc=0.8799 val_loss=0.5119 router_H=0.2584 best=0.8922
           router_load=[0.0, 0.8816683292388916, 0.0011350212153047323, 0.11719673126935959]
[step 0780/1000] method=baseline_avg loss=0.0033 train_acc=0.9790 train_loss=0.0639 val_acc=0.8799 val_loss=0.5119 router_H=0.2584 best=0.8922
           router_load=[0.0, 0.8816683292388916, 0.0011350212153047323, 0.11719673126935959]
[step 0790/1000] method=baseline_avg loss=0.0010 train_acc=0.9790 train_loss=0.0639 val_acc=0.8799 val_loss=0.5119 router_H=0.2584 best=0.8922
           router_load=[0.0, 0.8816683292388916, 0.0011350212153047323, 0.11719673126935959]
[step 0800/1000] method=baseline_avg loss=0.0826 train_acc=0.9850 train_loss=0.0568 val_acc=0.8848 val_loss=0.5475 router_H=0.2550 best=0.8922
           router_load=[0.003921779338270426, 0.8735896348953247, 0.002137606032192707, 0.12035099416971207]
[step 0810/1000] method=baseline_avg loss=0.0468 train_acc=0.9850 train_loss=0.0568 val_acc=0.8848 val_loss=0.5475 router_H=0.2550 best=0.8922
           router_load=[0.003921779338270426, 0.8735896348953247, 0.002137606032192707, 0.12035099416971207]
[step 0820/1000] method=baseline_avg loss=0.0337 train_acc=0.9850 train_loss=0.0568 val_acc=0.8848 val_loss=0.5475 router_H=0.2550 best=0.8922
           router_load=[0.003921779338270426, 0.8735896348953247, 0.002137606032192707, 0.12035099416971207]
[step 0830/1000] method=baseline_avg loss=0.0126 train_acc=0.9850 train_loss=0.0568 val_acc=0.8848 val_loss=0.5475 router_H=0.2550 best=0.8922
           router_load=[0.003921779338270426, 0.8735896348953247, 0.002137606032192707, 0.12035099416971207]
[step 0840/1000] method=baseline_avg loss=0.1985 train_acc=0.9850 train_loss=0.0568 val_acc=0.8848 val_loss=0.5475 router_H=0.2550 best=0.8922
           router_load=[0.003921779338270426, 0.8735896348953247, 0.002137606032192707, 0.12035099416971207]
[step 0850/1000] method=baseline_avg loss=0.1609 train_acc=0.9534 train_loss=0.1240 val_acc=0.8358 val_loss=0.4876 router_H=0.4011 best=0.8922
           router_load=[0.006184027995914221, 0.6888862252235413, 0.0, 0.30492982268333435]
[step 0860/1000] method=baseline_avg loss=0.0174 train_acc=0.9534 train_loss=0.1240 val_acc=0.8358 val_loss=0.4876 router_H=0.4011 best=0.8922
           router_load=[0.006184027995914221, 0.6888862252235413, 0.0, 0.30492982268333435]
[step 0870/1000] method=baseline_avg loss=0.0277 train_acc=0.9534 train_loss=0.1240 val_acc=0.8358 val_loss=0.4876 router_H=0.4011 best=0.8922
           router_load=[0.006184027995914221, 0.6888862252235413, 0.0, 0.30492982268333435]
[step 0880/1000] method=baseline_avg loss=0.0621 train_acc=0.9534 train_loss=0.1240 val_acc=0.8358 val_loss=0.4876 router_H=0.4011 best=0.8922
           router_load=[0.006184027995914221, 0.6888862252235413, 0.0, 0.30492982268333435]
[step 0890/1000] method=baseline_avg loss=0.0004 train_acc=0.9534 train_loss=0.1240 val_acc=0.8358 val_loss=0.4876 router_H=0.4011 best=0.8922
           router_load=[0.006184027995914221, 0.6888862252235413, 0.0, 0.30492982268333435]
[step 0900/1000] method=baseline_avg loss=0.2465 train_acc=0.9809 train_loss=0.0720 val_acc=0.8676 val_loss=0.6150 router_H=0.3050 best=0.8922
           router_load=[0.0013702773721888661, 0.7847347855567932, 0.00033464437001384795, 0.2135605365037918]
[step 0910/1000] method=baseline_avg loss=0.1595 train_acc=0.9809 train_loss=0.0720 val_acc=0.8676 val_loss=0.6150 router_H=0.3050 best=0.8922
           router_load=[0.0013702773721888661, 0.7847347855567932, 0.00033464437001384795, 0.2135605365037918]
[step 0920/1000] method=baseline_avg loss=0.0003 train_acc=0.9809 train_loss=0.0720 val_acc=0.8676 val_loss=0.6150 router_H=0.3050 best=0.8922
           router_load=[0.0013702773721888661, 0.7847347855567932, 0.00033464437001384795, 0.2135605365037918]
[step 0930/1000] method=baseline_avg loss=0.0232 train_acc=0.9809 train_loss=0.0720 val_acc=0.8676 val_loss=0.6150 router_H=0.3050 best=0.8922
           router_load=[0.0013702773721888661, 0.7847347855567932, 0.00033464437001384795, 0.2135605365037918]
[step 0940/1000] method=baseline_avg loss=0.0039 train_acc=0.9809 train_loss=0.0720 val_acc=0.8676 val_loss=0.6150 router_H=0.3050 best=0.8922
           router_load=[0.0013702773721888661, 0.7847347855567932, 0.00033464437001384795, 0.2135605365037918]
[step 0950/1000] method=baseline_avg loss=0.0021 train_acc=0.9801 train_loss=0.0710 val_acc=0.8480 val_loss=0.6766 router_H=0.2979 best=0.8922
           router_load=[0.0030720799695700407, 0.812979519367218, 0.0, 0.18394827842712402]
[step 0960/1000] method=baseline_avg loss=0.4391 train_acc=0.9801 train_loss=0.0710 val_acc=0.8480 val_loss=0.6766 router_H=0.2979 best=0.8922
           router_load=[0.0030720799695700407, 0.812979519367218, 0.0, 0.18394827842712402]
[step 0970/1000] method=baseline_avg loss=0.2604 train_acc=0.9801 train_loss=0.0710 val_acc=0.8480 val_loss=0.6766 router_H=0.2979 best=0.8922
           router_load=[0.0030720799695700407, 0.812979519367218, 0.0, 0.18394827842712402]
[step 0980/1000] method=baseline_avg loss=0.3218 train_acc=0.9801 train_loss=0.0710 val_acc=0.8480 val_loss=0.6766 router_H=0.2979 best=0.8922
           router_load=[0.0030720799695700407, 0.812979519367218, 0.0, 0.18394827842712402]
[step 0990/1000] method=baseline_avg loss=0.0060 train_acc=0.9801 train_loss=0.0710 val_acc=0.8480 val_loss=0.6766 router_H=0.2979 best=0.8922
           router_load=[0.0030720799695700407, 0.812979519367218, 0.0, 0.18394827842712402]
[step 1000/1000] method=baseline_avg loss=0.1242 train_acc=0.9564 train_loss=0.1640 val_acc=0.8039 val_loss=0.9987 router_H=0.2239 best=0.8922
           router_load=[0.0038224374875426292, 0.886419415473938, 0.0, 0.10975828021764755]
saved summary -> /home/zhujjing/MOE-grad-conflict-routing/runs/paper_suite/single_gpu/single_task/deberta_mrpc_ffn_e4_k2/final/baseline_s5.json
saved curve -> /home/zhujjing/MOE-grad-conflict-routing/runs/paper_suite/single_gpu/single_task/deberta_mrpc_ffn_e4_k2/final/baseline_s5_curve.csv
