[run] method=ours candidate=local_var_topk_024 seed=2 steps=200 gpu=0
[run] cmd=
/home/zhujjing/anaconda3/envs/moe/bin/python /home/zhujjing/MOE-grad-conflict-routing/scripts/run.py --config configs/multitask_glue4_real.yaml --set model.backbone_backend=hf --set model.hf_load_pretrained=true --set model.hf_local_files_only=true --set model.backbone=gpt2 --set model.hf_pretrained_name=gpt2-medium --set model.expert_type=lora --set model.routing_mode=topk --set model.num_experts=4 --set model.top_k=2 --set train.eval_train_fraction=0.10 --set train.eval_train_max_batches=-1 --set train.eval_max_batches=-1 --set seed=2 --set method.name=ours --set train.steps=200 --set train.eval_every_steps=100 --set method.ours.use_load_norm=true --set method.ours.lambda_align=0.001 --set train.grad_clip=2 --set train.lr=8.4666933e-05 --set train.weight_decay=0 --out /home/zhujjing/MOE-grad-conflict-routing/runs/paper_suite/single_gpu/multi_task/glue4_gpt2_lora_e4_k2/hpo/ours/trial_runs/local_var_topk_024/ours_s2.json --curve_out /home/zhujjing/MOE-grad-conflict-routing/runs/paper_suite/single_gpu/multi_task/glue4_gpt2_lora_e4_k2/hpo/ours/trial_runs/local_var_topk_024/ours_s2_curve.csv
Using the latest cached version of the dataset since glue couldn't be found on the Hugging Face Hub (offline mode is enabled).
Found the latest cached dataset configuration 'rte' at /home/zhujjing/hf_cache/datasets/glue/rte/0.0.0/bcdcba79d07bc864c1c254ccfcedcce55bcc9a8c (last modified on Thu Mar 19 15:00:36 2026).
/home/zhujjing/anaconda3/envs/moe/lib/python3.10/site-packages/transformers/utils/hub.py:124: FutureWarning: Using `TRANSFORMERS_CACHE` is deprecated and will be removed in v5 of Transformers. Use `HF_HOME` instead.
  warnings.warn(
Using the latest cached version of the dataset since glue couldn't be found on the Hugging Face Hub (offline mode is enabled).
Found the latest cached dataset configuration 'mrpc' at /home/zhujjing/hf_cache/datasets/glue/mrpc/0.0.0/bcdcba79d07bc864c1c254ccfcedcce55bcc9a8c (last modified on Thu Mar 19 15:01:06 2026).
Using the latest cached version of the dataset since glue couldn't be found on the Hugging Face Hub (offline mode is enabled).
Found the latest cached dataset configuration 'sst2' at /home/zhujjing/hf_cache/datasets/glue/sst2/0.0.0/bcdcba79d07bc864c1c254ccfcedcce55bcc9a8c (last modified on Thu Mar 19 15:01:41 2026).
Using the latest cached version of the dataset since glue couldn't be found on the Hugging Face Hub (offline mode is enabled).
Found the latest cached dataset configuration 'cola' at /home/zhujjing/hf_cache/datasets/glue/cola/0.0.0/bcdcba79d07bc864c1c254ccfcedcce55bcc9a8c (last modified on Thu Mar 19 15:02:09 2026).
[step 0001/200] method=ours loss=1.5050 train_acc=nan train_loss=nan val_acc=nan val_loss=nan best=-1.0000
[step 0010/200] method=ours loss=0.7025 train_acc=nan train_loss=nan val_acc=nan val_loss=nan best=-1.0000
[step 0020/200] method=ours loss=0.7102 train_acc=nan train_loss=nan val_acc=nan val_loss=nan best=-1.0000
[step 0030/200] method=ours loss=0.6439 train_acc=nan train_loss=nan val_acc=nan val_loss=nan best=-1.0000
[step 0040/200] method=ours loss=0.5727 train_acc=nan train_loss=nan val_acc=nan val_loss=nan best=-1.0000
[step 0050/200] method=ours loss=0.6889 train_acc=nan train_loss=nan val_acc=nan val_loss=nan best=-1.0000
[step 0060/200] method=ours loss=0.5408 train_acc=nan train_loss=nan val_acc=nan val_loss=nan best=-1.0000
[step 0070/200] method=ours loss=0.5775 train_acc=nan train_loss=nan val_acc=nan val_loss=nan best=-1.0000
[step 0080/200] method=ours loss=0.5704 train_acc=nan train_loss=nan val_acc=nan val_loss=nan best=-1.0000
[step 0090/200] method=ours loss=0.4564 train_acc=nan train_loss=nan val_acc=nan val_loss=nan best=-1.0000
[step 0100/200] method=ours loss=0.4943 train_acc=0.7660 train_loss=0.4851 val_acc=0.7357 val_loss=0.5323 router_H=0.4650 best=0.7357
           router_load=[0.06361770629882812, 0.21739359200000763, 0.7186561822891235, 0.0003322684206068516]
[step 0110/200] method=ours loss=0.4923 train_acc=0.7660 train_loss=0.4851 val_acc=0.7357 val_loss=0.5323 router_H=0.4650 best=0.7357
           router_load=[0.06361770629882812, 0.21739359200000763, 0.7186561822891235, 0.0003322684206068516]
[step 0120/200] method=ours loss=0.5183 train_acc=0.7660 train_loss=0.4851 val_acc=0.7357 val_loss=0.5323 router_H=0.4650 best=0.7357
           router_load=[0.06361770629882812, 0.21739359200000763, 0.7186561822891235, 0.0003322684206068516]
[step 0130/200] method=ours loss=0.5053 train_acc=0.7660 train_loss=0.4851 val_acc=0.7357 val_loss=0.5323 router_H=0.4650 best=0.7357
           router_load=[0.06361770629882812, 0.21739359200000763, 0.7186561822891235, 0.0003322684206068516]
[step 0140/200] method=ours loss=0.5873 train_acc=0.7660 train_loss=0.4851 val_acc=0.7357 val_loss=0.5323 router_H=0.4650 best=0.7357
           router_load=[0.06361770629882812, 0.21739359200000763, 0.7186561822891235, 0.0003322684206068516]
[step 0150/200] method=ours loss=0.5344 train_acc=0.7660 train_loss=0.4851 val_acc=0.7357 val_loss=0.5323 router_H=0.4650 best=0.7357
           router_load=[0.06361770629882812, 0.21739359200000763, 0.7186561822891235, 0.0003322684206068516]
[step 0160/200] method=ours loss=0.5072 train_acc=0.7660 train_loss=0.4851 val_acc=0.7357 val_loss=0.5323 router_H=0.4650 best=0.7357
           router_load=[0.06361770629882812, 0.21739359200000763, 0.7186561822891235, 0.0003322684206068516]
[step 0170/200] method=ours loss=0.4289 train_acc=0.7660 train_loss=0.4851 val_acc=0.7357 val_loss=0.5323 router_H=0.4650 best=0.7357
           router_load=[0.06361770629882812, 0.21739359200000763, 0.7186561822891235, 0.0003322684206068516]
[step 0180/200] method=ours loss=0.3972 train_acc=0.7660 train_loss=0.4851 val_acc=0.7357 val_loss=0.5323 router_H=0.4650 best=0.7357
           router_load=[0.06361770629882812, 0.21739359200000763, 0.7186561822891235, 0.0003322684206068516]
[step 0190/200] method=ours loss=0.5287 train_acc=0.7660 train_loss=0.4851 val_acc=0.7357 val_loss=0.5323 router_H=0.4650 best=0.7357
           router_load=[0.06361770629882812, 0.21739359200000763, 0.7186561822891235, 0.0003322684206068516]
[step 0200/200] method=ours loss=0.4257 train_acc=0.8507 train_loss=0.3560 val_acc=0.7727 val_loss=0.4907 router_H=0.5369 best=0.7727
           router_load=[0.10452945530414581, 0.40170273184776306, 0.48192667961120605, 0.011841178871691227]
saved summary -> /home/zhujjing/MOE-grad-conflict-routing/runs/paper_suite/single_gpu/multi_task/glue4_gpt2_lora_e4_k2/hpo/ours/trial_runs/local_var_topk_024/ours_s2.json
saved curve -> /home/zhujjing/MOE-grad-conflict-routing/runs/paper_suite/single_gpu/multi_task/glue4_gpt2_lora_e4_k2/hpo/ours/trial_runs/local_var_topk_024/ours_s2_curve.csv
