[run] method=baseline candidate=coord_02_train_weight_decay_008 seed=3 steps=200 gpu=0
[run] cmd=
/root/miniconda3/envs/optimization/bin/python /root/Optimization/MOE-grad-conflict-routing-appendix2/scripts/run.py --config configs/multitask_textcls_local_sst2_imdb_yelp_amazon_real.yaml --set model.backbone_backend=hf --set model.hf_load_pretrained=true --set model.hf_local_files_only=true --set model.routing_mode=topk --set model.expert_type=lora --set model.num_experts=4 --set model.top_k=2 --set data.train_size=20000 --set data.val_size=4000 --set model.backbone=roberta --set model.hf_pretrained_name=roberta-base --set train.eval_val_fraction=0.2 --set train.skip_train_eval=true --set seed=3 --set method.name=baseline_avg --set train.steps=200 --set train.eval_every_steps=100 --set train.grad_clip=1 --set train.lr=2e-05 --set train.weight_decay=0.01543368426 --out /root/Optimization/MOE-grad-conflict-routing-appendix2/runs/paper_suite_supplement/appendix/multi_dataset_real/roberta_lora_e4_k2_sst2_imdb_yelp_amazon/_method_workers/baseline/hpo/baseline/trial_runs/coord_02_train_weight_decay_008/baseline_s3.json --curve_out /root/Optimization/MOE-grad-conflict-routing-appendix2/runs/paper_suite_supplement/appendix/multi_dataset_real/roberta_lora_e4_k2_sst2_imdb_yelp_amazon/_method_workers/baseline/hpo/baseline/trial_runs/coord_02_train_weight_decay_008/baseline_s3_curve.csv
Loading weights:   0%|          | 0/197 [00:00<?, ?it/s]Loading weights: 100%|██████████| 197/197 [00:00<00:00, 26166.25it/s]
[1mRobertaModel LOAD REPORT[0m from: roberta-base
Key                             | Status     | 
--------------------------------+------------+-
roberta.embeddings.position_ids | UNEXPECTED | 
lm_head.layer_norm.weight       | UNEXPECTED | 
lm_head.dense.weight            | UNEXPECTED | 
lm_head.layer_norm.bias         | UNEXPECTED | 
lm_head.bias                    | UNEXPECTED | 
lm_head.dense.bias              | UNEXPECTED | 
pooler.dense.bias               | MISSING    | 
pooler.dense.weight             | MISSING    | 

[3mNotes:
- UNEXPECTED[3m	:can be ignored when loading from different task/architecture; not ok if you expect identical arch.
- MISSING[3m	:those params were newly initialized because missing from the checkpoint. Consider training on your downstream task.[0m
[step 0001/200] method=baseline_avg loss=0.6929 train_acc=nan train_loss=nan val_acc=nan val_loss=nan best=-1.0000
[step 0010/200] method=baseline_avg loss=0.6504 train_acc=nan train_loss=nan val_acc=nan val_loss=nan best=-1.0000
[step 0020/200] method=baseline_avg loss=0.5031 train_acc=nan train_loss=nan val_acc=nan val_loss=nan best=-1.0000
[step 0030/200] method=baseline_avg loss=0.4442 train_acc=nan train_loss=nan val_acc=nan val_loss=nan best=-1.0000
[step 0040/200] method=baseline_avg loss=0.1565 train_acc=nan train_loss=nan val_acc=nan val_loss=nan best=-1.0000
[step 0050/200] method=baseline_avg loss=0.6431 train_acc=nan train_loss=nan val_acc=nan val_loss=nan best=-1.0000
[step 0060/200] method=baseline_avg loss=0.2596 train_acc=nan train_loss=nan val_acc=nan val_loss=nan best=-1.0000
[step 0070/200] method=baseline_avg loss=0.3003 train_acc=nan train_loss=nan val_acc=nan val_loss=nan best=-1.0000
[step 0080/200] method=baseline_avg loss=0.1263 train_acc=nan train_loss=nan val_acc=nan val_loss=nan best=-1.0000
[step 0090/200] method=baseline_avg loss=0.2596 train_acc=nan train_loss=nan val_acc=nan val_loss=nan best=-1.0000
[step 0100/200] method=baseline_avg loss=0.1413 train_acc=nan train_loss=nan val_acc=0.8926 val_loss=0.3052 router_H=0.6757 best=0.8926
           router_load=[0.19604353606700897, 0.5857616662979126, 0.0, 0.21819473803043365]
[step 0110/200] method=baseline_avg loss=0.2168 train_acc=nan train_loss=nan val_acc=0.8926 val_loss=0.3052 router_H=0.6757 best=0.8926
           router_load=[0.19604353606700897, 0.5857616662979126, 0.0, 0.21819473803043365]
[step 0120/200] method=baseline_avg loss=0.2064 train_acc=nan train_loss=nan val_acc=0.8926 val_loss=0.3052 router_H=0.6757 best=0.8926
           router_load=[0.19604353606700897, 0.5857616662979126, 0.0, 0.21819473803043365]
[step 0130/200] method=baseline_avg loss=0.1343 train_acc=nan train_loss=nan val_acc=0.8926 val_loss=0.3052 router_H=0.6757 best=0.8926
           router_load=[0.19604353606700897, 0.5857616662979126, 0.0, 0.21819473803043365]
[step 0140/200] method=baseline_avg loss=0.3516 train_acc=nan train_loss=nan val_acc=0.8926 val_loss=0.3052 router_H=0.6757 best=0.8926
           router_load=[0.19604353606700897, 0.5857616662979126, 0.0, 0.21819473803043365]
[step 0150/200] method=baseline_avg loss=0.2973 train_acc=nan train_loss=nan val_acc=0.8926 val_loss=0.3052 router_H=0.6757 best=0.8926
           router_load=[0.19604353606700897, 0.5857616662979126, 0.0, 0.21819473803043365]
[step 0160/200] method=baseline_avg loss=0.1361 train_acc=nan train_loss=nan val_acc=0.8926 val_loss=0.3052 router_H=0.6757 best=0.8926
           router_load=[0.19604353606700897, 0.5857616662979126, 0.0, 0.21819473803043365]
[step 0170/200] method=baseline_avg loss=1.0103 train_acc=nan train_loss=nan val_acc=0.8926 val_loss=0.3052 router_H=0.6757 best=0.8926
           router_load=[0.19604353606700897, 0.5857616662979126, 0.0, 0.21819473803043365]
[step 0180/200] method=baseline_avg loss=0.1934 train_acc=nan train_loss=nan val_acc=0.8926 val_loss=0.3052 router_H=0.6757 best=0.8926
           router_load=[0.19604353606700897, 0.5857616662979126, 0.0, 0.21819473803043365]
[step 0190/200] method=baseline_avg loss=0.2161 train_acc=nan train_loss=nan val_acc=0.8926 val_loss=0.3052 router_H=0.6757 best=0.8926
           router_load=[0.19604353606700897, 0.5857616662979126, 0.0, 0.21819473803043365]
[step 0200/200] method=baseline_avg loss=0.2068 train_acc=nan train_loss=nan val_acc=0.9268 val_loss=0.2015 router_H=0.6668 best=0.9268
           router_load=[0.15274269878864288, 0.6029675602912903, 0.0, 0.2442898452281952]
saved summary -> /root/Optimization/MOE-grad-conflict-routing-appendix2/runs/paper_suite_supplement/appendix/multi_dataset_real/roberta_lora_e4_k2_sst2_imdb_yelp_amazon/_method_workers/baseline/hpo/baseline/trial_runs/coord_02_train_weight_decay_008/baseline_s3.json
saved curve -> /root/Optimization/MOE-grad-conflict-routing-appendix2/runs/paper_suite_supplement/appendix/multi_dataset_real/roberta_lora_e4_k2_sst2_imdb_yelp_amazon/_method_workers/baseline/hpo/baseline/trial_runs/coord_02_train_weight_decay_008/baseline_s3_curve.csv
