[run] method=baseline candidate=coord_02_train_weight_decay_009 seed=2 steps=150 gpu=0
[run] cmd=
/home/zhujjing/anaconda3/envs/moe/bin/python /home/zhujjing/MOE-grad-conflict-routing/scripts/run.py --config configs/singletask_rte_real.yaml --set model.backbone_backend=hf --set model.hf_load_pretrained=true --set model.backbone=deberta --set model.hf_pretrained_name=microsoft/deberta-v3-base --set model.expert_type=lora --set model.routing_mode=topk --set model.num_experts=4 --set model.top_k=2 --set seed=2 --set method.name=baseline_avg --set train.steps=150 --set train.eval_every_steps=50 --set train.grad_clip=1 --set train.lr=4.073235309e-05 --set train.weight_decay=0.007863245139 --out /home/zhujjing/MOE-grad-conflict-routing/runs/paper_suite/single_gpu/single_task/deberta_rte_lora_e4_k2/hpo/baseline/trial_runs/coord_02_train_weight_decay_009/baseline_s2.json --curve_out /home/zhujjing/MOE-grad-conflict-routing/runs/paper_suite/single_gpu/single_task/deberta_rte_lora_e4_k2/hpo/baseline/trial_runs/coord_02_train_weight_decay_009/baseline_s2_curve.csv
Using the latest cached version of the dataset since glue couldn't be found on the Hugging Face Hub (offline mode is enabled).
Found the latest cached dataset configuration 'rte' at /home/zhujjing/hf_cache/datasets/glue/rte/0.0.0/bcdcba79d07bc864c1c254ccfcedcce55bcc9a8c (last modified on Thu Mar 19 15:00:36 2026).
/home/zhujjing/anaconda3/envs/moe/lib/python3.10/site-packages/transformers/utils/hub.py:124: FutureWarning: Using `TRANSFORMERS_CACHE` is deprecated and will be removed in v5 of Transformers. Use `HF_HOME` instead.
  warnings.warn(
/home/zhujjing/anaconda3/envs/moe/lib/python3.10/site-packages/transformers/convert_slow_tokenizer.py:560: UserWarning: The sentencepiece tokenizer that you are converting to a fast tokenizer uses the byte fallback option which is not implemented in the fast tokenizers. In practice this means that the fast version of the tokenizer can produce unknown tokens whereas the sentencepiece version would have converted these unknown tokens into a sequence of byte tokens matching the original piece of text.
  warnings.warn(
[step 0001/150] method=baseline_avg loss=0.7199 train_acc=nan train_loss=nan val_acc=nan val_loss=nan best=-1.0000
[step 0010/150] method=baseline_avg loss=0.9543 train_acc=nan train_loss=nan val_acc=nan val_loss=nan best=-1.0000
[step 0020/150] method=baseline_avg loss=0.7182 train_acc=nan train_loss=nan val_acc=nan val_loss=nan best=-1.0000
[step 0030/150] method=baseline_avg loss=0.5299 train_acc=nan train_loss=nan val_acc=nan val_loss=nan best=-1.0000
[step 0040/150] method=baseline_avg loss=0.7196 train_acc=nan train_loss=nan val_acc=nan val_loss=nan best=-1.0000
[step 0050/150] method=baseline_avg loss=0.6029 train_acc=0.7349 train_loss=0.5581 val_acc=0.7040 val_loss=0.6090 router_H=0.6509 best=0.7040
           router_load=[0.001665489748120308, 0.6269730925559998, 0.04320826381444931, 0.32815322279930115]
[step 0060/150] method=baseline_avg loss=0.6149 train_acc=0.7349 train_loss=0.5581 val_acc=0.7040 val_loss=0.6090 router_H=0.6509 best=0.7040
           router_load=[0.001665489748120308, 0.6269730925559998, 0.04320826381444931, 0.32815322279930115]
[step 0070/150] method=baseline_avg loss=0.7059 train_acc=0.7349 train_loss=0.5581 val_acc=0.7040 val_loss=0.6090 router_H=0.6509 best=0.7040
           router_load=[0.001665489748120308, 0.6269730925559998, 0.04320826381444931, 0.32815322279930115]
[step 0080/150] method=baseline_avg loss=0.5750 train_acc=0.7349 train_loss=0.5581 val_acc=0.7040 val_loss=0.6090 router_H=0.6509 best=0.7040
           router_load=[0.001665489748120308, 0.6269730925559998, 0.04320826381444931, 0.32815322279930115]
[step 0090/150] method=baseline_avg loss=0.5039 train_acc=0.7349 train_loss=0.5581 val_acc=0.7040 val_loss=0.6090 router_H=0.6509 best=0.7040
           router_load=[0.001665489748120308, 0.6269730925559998, 0.04320826381444931, 0.32815322279930115]
[step 0100/150] method=baseline_avg loss=0.4775 train_acc=0.8622 train_loss=0.4051 val_acc=0.7906 val_loss=0.4927 router_H=0.6737 best=0.7906
           router_load=[0.001536211115308106, 0.5727648138999939, 0.041218213737010956, 0.3844807744026184]
[step 0110/150] method=baseline_avg loss=0.4348 train_acc=0.8622 train_loss=0.4051 val_acc=0.7906 val_loss=0.4927 router_H=0.6737 best=0.7906
           router_load=[0.001536211115308106, 0.5727648138999939, 0.041218213737010956, 0.3844807744026184]
[step 0120/150] method=baseline_avg loss=0.2931 train_acc=0.8622 train_loss=0.4051 val_acc=0.7906 val_loss=0.4927 router_H=0.6737 best=0.7906
           router_load=[0.001536211115308106, 0.5727648138999939, 0.041218213737010956, 0.3844807744026184]
[step 0130/150] method=baseline_avg loss=0.7015 train_acc=0.8622 train_loss=0.4051 val_acc=0.7906 val_loss=0.4927 router_H=0.6737 best=0.7906
           router_load=[0.001536211115308106, 0.5727648138999939, 0.041218213737010956, 0.3844807744026184]
[step 0140/150] method=baseline_avg loss=0.5747 train_acc=0.8622 train_loss=0.4051 val_acc=0.7906 val_loss=0.4927 router_H=0.6737 best=0.7906
           router_load=[0.001536211115308106, 0.5727648138999939, 0.041218213737010956, 0.3844807744026184]
[step 0150/150] method=baseline_avg loss=0.4811 train_acc=0.9016 train_loss=0.3006 val_acc=0.8159 val_loss=0.4307 router_H=0.6674 best=0.8159
           router_load=[0.0010880731279030442, 0.5766018629074097, 0.26091790199279785, 0.16139213740825653]
saved summary -> /home/zhujjing/MOE-grad-conflict-routing/runs/paper_suite/single_gpu/single_task/deberta_rte_lora_e4_k2/hpo/baseline/trial_runs/coord_02_train_weight_decay_009/baseline_s2.json
saved curve -> /home/zhujjing/MOE-grad-conflict-routing/runs/paper_suite/single_gpu/single_task/deberta_rte_lora_e4_k2/hpo/baseline/trial_runs/coord_02_train_weight_decay_009/baseline_s2_curve.csv
