[run] method=baseline candidate=coord_02_train_weight_decay_006 seed=3 steps=150 gpu=0
[run] cmd=
/home/zhujjing/anaconda3/envs/moe/bin/python /home/zhujjing/MOE-grad-conflict-routing/scripts/run.py --config configs/singletask_rte_real.yaml --set model.backbone_backend=hf --set model.hf_load_pretrained=true --set model.backbone=deberta --set model.hf_pretrained_name=microsoft/deberta-v3-base --set model.expert_type=lora --set model.routing_mode=topk --set model.num_experts=4 --set model.top_k=2 --set seed=3 --set method.name=baseline_avg --set train.steps=150 --set train.eval_every_steps=50 --set train.grad_clip=1 --set train.lr=4.073235309e-05 --set train.weight_decay=0.0494133814 --out /home/zhujjing/MOE-grad-conflict-routing/runs/paper_suite/single_gpu/single_task/deberta_rte_lora_e4_k2/hpo/baseline/trial_runs/coord_02_train_weight_decay_006/baseline_s3.json --curve_out /home/zhujjing/MOE-grad-conflict-routing/runs/paper_suite/single_gpu/single_task/deberta_rte_lora_e4_k2/hpo/baseline/trial_runs/coord_02_train_weight_decay_006/baseline_s3_curve.csv
Using the latest cached version of the dataset since glue couldn't be found on the Hugging Face Hub (offline mode is enabled).
Found the latest cached dataset configuration 'rte' at /home/zhujjing/hf_cache/datasets/glue/rte/0.0.0/bcdcba79d07bc864c1c254ccfcedcce55bcc9a8c (last modified on Thu Mar 19 15:00:36 2026).
/home/zhujjing/anaconda3/envs/moe/lib/python3.10/site-packages/transformers/utils/hub.py:124: FutureWarning: Using `TRANSFORMERS_CACHE` is deprecated and will be removed in v5 of Transformers. Use `HF_HOME` instead.
  warnings.warn(
/home/zhujjing/anaconda3/envs/moe/lib/python3.10/site-packages/transformers/convert_slow_tokenizer.py:560: UserWarning: The sentencepiece tokenizer that you are converting to a fast tokenizer uses the byte fallback option which is not implemented in the fast tokenizers. In practice this means that the fast version of the tokenizer can produce unknown tokens whereas the sentencepiece version would have converted these unknown tokens into a sequence of byte tokens matching the original piece of text.
  warnings.warn(
[step 0001/150] method=baseline_avg loss=0.6892 train_acc=nan train_loss=nan val_acc=nan val_loss=nan best=-1.0000
[step 0010/150] method=baseline_avg loss=0.6850 train_acc=nan train_loss=nan val_acc=nan val_loss=nan best=-1.0000
[step 0020/150] method=baseline_avg loss=0.6377 train_acc=nan train_loss=nan val_acc=nan val_loss=nan best=-1.0000
[step 0030/150] method=baseline_avg loss=0.5491 train_acc=nan train_loss=nan val_acc=nan val_loss=nan best=-1.0000
[step 0040/150] method=baseline_avg loss=0.7491 train_acc=nan train_loss=nan val_acc=nan val_loss=nan best=-1.0000
[step 0050/150] method=baseline_avg loss=0.5648 train_acc=0.7550 train_loss=0.5405 val_acc=0.6643 val_loss=0.5829 router_H=0.6664 best=0.6643
           router_load=[0.5401558876037598, 0.0, 0.2509607970714569, 0.20888328552246094]
[step 0060/150] method=baseline_avg loss=0.4496 train_acc=0.7550 train_loss=0.5405 val_acc=0.6643 val_loss=0.5829 router_H=0.6664 best=0.6643
           router_load=[0.5401558876037598, 0.0, 0.2509607970714569, 0.20888328552246094]
[step 0070/150] method=baseline_avg loss=0.7662 train_acc=0.7550 train_loss=0.5405 val_acc=0.6643 val_loss=0.5829 router_H=0.6664 best=0.6643
           router_load=[0.5401558876037598, 0.0, 0.2509607970714569, 0.20888328552246094]
[step 0080/150] method=baseline_avg loss=0.4075 train_acc=0.7550 train_loss=0.5405 val_acc=0.6643 val_loss=0.5829 router_H=0.6664 best=0.6643
           router_load=[0.5401558876037598, 0.0, 0.2509607970714569, 0.20888328552246094]
[step 0090/150] method=baseline_avg loss=0.4749 train_acc=0.7550 train_loss=0.5405 val_acc=0.6643 val_loss=0.5829 router_H=0.6664 best=0.6643
           router_load=[0.5401558876037598, 0.0, 0.2509607970714569, 0.20888328552246094]
[step 0100/150] method=baseline_avg loss=0.6554 train_acc=0.8309 train_loss=0.3774 val_acc=0.7473 val_loss=0.5124 router_H=0.6662 best=0.7473
           router_load=[0.48930591344833374, 0.00955427996814251, 0.1101093515753746, 0.3910304605960846]
[step 0110/150] method=baseline_avg loss=0.5190 train_acc=0.8309 train_loss=0.3774 val_acc=0.7473 val_loss=0.5124 router_H=0.6662 best=0.7473
           router_load=[0.48930591344833374, 0.00955427996814251, 0.1101093515753746, 0.3910304605960846]
[step 0120/150] method=baseline_avg loss=0.4361 train_acc=0.8309 train_loss=0.3774 val_acc=0.7473 val_loss=0.5124 router_H=0.6662 best=0.7473
           router_load=[0.48930591344833374, 0.00955427996814251, 0.1101093515753746, 0.3910304605960846]
[step 0130/150] method=baseline_avg loss=0.4872 train_acc=0.8309 train_loss=0.3774 val_acc=0.7473 val_loss=0.5124 router_H=0.6662 best=0.7473
           router_load=[0.48930591344833374, 0.00955427996814251, 0.1101093515753746, 0.3910304605960846]
[step 0140/150] method=baseline_avg loss=0.4003 train_acc=0.8309 train_loss=0.3774 val_acc=0.7473 val_loss=0.5124 router_H=0.6662 best=0.7473
           router_load=[0.48930591344833374, 0.00955427996814251, 0.1101093515753746, 0.3910304605960846]
[step 0150/150] method=baseline_avg loss=0.2245 train_acc=0.8647 train_loss=0.3163 val_acc=0.7437 val_loss=0.5191 router_H=0.6642 best=0.7473
           router_load=[0.2600856423377991, 0.006505263969302177, 0.2009640485048294, 0.5324450135231018]
saved summary -> /home/zhujjing/MOE-grad-conflict-routing/runs/paper_suite/single_gpu/single_task/deberta_rte_lora_e4_k2/hpo/baseline/trial_runs/coord_02_train_weight_decay_006/baseline_s3.json
saved curve -> /home/zhujjing/MOE-grad-conflict-routing/runs/paper_suite/single_gpu/single_task/deberta_rte_lora_e4_k2/hpo/baseline/trial_runs/coord_02_train_weight_decay_006/baseline_s3_curve.csv
