[run] method=cagrad candidate=local_var_topk_010 seed=2 steps=200 gpu=0
[run] cmd=
/home/zhujjing/anaconda3/envs/moe/bin/python /home/zhujjing/MOE-grad-conflict-routing/scripts/run.py --config configs/multitask_glue4_real.yaml --set model.backbone_backend=hf --set model.hf_load_pretrained=true --set model.hf_local_files_only=true --set model.backbone=gpt2 --set model.hf_pretrained_name=gpt2-medium --set model.expert_type=lora --set model.routing_mode=topk --set model.num_experts=4 --set model.top_k=2 --set train.eval_train_fraction=0.10 --set train.eval_train_max_batches=-1 --set train.eval_max_batches=-1 --set seed=2 --set method.name=baseline_cagrad --set train.steps=200 --set train.eval_every_steps=100 --set method.baseline_cagrad.c=0.9288277249 --set method.baseline_cagrad.inner_lr=0.07815593766 --set train.grad_clip=0.6778028381 --set train.lr=3.4838004e-05 --set train.weight_decay=0.02536478282 --out /home/zhujjing/MOE-grad-conflict-routing/runs/paper_suite/single_gpu/multi_task/glue4_gpt2_lora_e4_k2/hpo/cagrad/trial_runs/local_var_topk_010/cagrad_s2.json --curve_out /home/zhujjing/MOE-grad-conflict-routing/runs/paper_suite/single_gpu/multi_task/glue4_gpt2_lora_e4_k2/hpo/cagrad/trial_runs/local_var_topk_010/cagrad_s2_curve.csv
Using the latest cached version of the dataset since glue couldn't be found on the Hugging Face Hub (offline mode is enabled).
Found the latest cached dataset configuration 'rte' at /home/zhujjing/hf_cache/datasets/glue/rte/0.0.0/bcdcba79d07bc864c1c254ccfcedcce55bcc9a8c (last modified on Thu Mar 19 15:00:36 2026).
/home/zhujjing/anaconda3/envs/moe/lib/python3.10/site-packages/transformers/utils/hub.py:124: FutureWarning: Using `TRANSFORMERS_CACHE` is deprecated and will be removed in v5 of Transformers. Use `HF_HOME` instead.
  warnings.warn(
Using the latest cached version of the dataset since glue couldn't be found on the Hugging Face Hub (offline mode is enabled).
Found the latest cached dataset configuration 'mrpc' at /home/zhujjing/hf_cache/datasets/glue/mrpc/0.0.0/bcdcba79d07bc864c1c254ccfcedcce55bcc9a8c (last modified on Thu Mar 19 15:01:06 2026).
Using the latest cached version of the dataset since glue couldn't be found on the Hugging Face Hub (offline mode is enabled).
Found the latest cached dataset configuration 'sst2' at /home/zhujjing/hf_cache/datasets/glue/sst2/0.0.0/bcdcba79d07bc864c1c254ccfcedcce55bcc9a8c (last modified on Thu Mar 19 15:01:41 2026).
Using the latest cached version of the dataset since glue couldn't be found on the Hugging Face Hub (offline mode is enabled).
Found the latest cached dataset configuration 'cola' at /home/zhujjing/hf_cache/datasets/glue/cola/0.0.0/bcdcba79d07bc864c1c254ccfcedcce55bcc9a8c (last modified on Thu Mar 19 15:02:09 2026).
[step 0001/200] method=baseline_cagrad loss=2.5485 train_acc=nan train_loss=nan val_acc=nan val_loss=nan best=-1.0000
[step 0010/200] method=baseline_cagrad loss=0.8785 train_acc=nan train_loss=nan val_acc=nan val_loss=nan best=-1.0000
[step 0020/200] method=baseline_cagrad loss=0.8082 train_acc=nan train_loss=nan val_acc=nan val_loss=nan best=-1.0000
[step 0030/200] method=baseline_cagrad loss=0.7784 train_acc=nan train_loss=nan val_acc=nan val_loss=nan best=-1.0000
[step 0040/200] method=baseline_cagrad loss=0.6500 train_acc=nan train_loss=nan val_acc=nan val_loss=nan best=-1.0000
[step 0050/200] method=baseline_cagrad loss=0.6632 train_acc=nan train_loss=nan val_acc=nan val_loss=nan best=-1.0000
[step 0060/200] method=baseline_cagrad loss=0.5471 train_acc=nan train_loss=nan val_acc=nan val_loss=nan best=-1.0000
[step 0070/200] method=baseline_cagrad loss=0.6043 train_acc=nan train_loss=nan val_acc=nan val_loss=nan best=-1.0000
[step 0080/200] method=baseline_cagrad loss=0.5712 train_acc=nan train_loss=nan val_acc=nan val_loss=nan best=-1.0000
[step 0090/200] method=baseline_cagrad loss=0.5452 train_acc=nan train_loss=nan val_acc=nan val_loss=nan best=-1.0000
[step 0100/200] method=baseline_cagrad loss=0.4712 train_acc=0.7468 train_loss=0.4903 val_acc=0.7249 val_loss=0.5365 router_H=0.5708 best=0.7249
           router_load=[0.043804991990327835, 0.14543746411800385, 0.1557423174381256, 0.6550152897834778]
[step 0110/200] method=baseline_cagrad loss=0.4666 train_acc=0.7468 train_loss=0.4903 val_acc=0.7249 val_loss=0.5365 router_H=0.5708 best=0.7249
           router_load=[0.043804991990327835, 0.14543746411800385, 0.1557423174381256, 0.6550152897834778]
[step 0120/200] method=baseline_cagrad loss=0.5040 train_acc=0.7468 train_loss=0.4903 val_acc=0.7249 val_loss=0.5365 router_H=0.5708 best=0.7249
           router_load=[0.043804991990327835, 0.14543746411800385, 0.1557423174381256, 0.6550152897834778]
[step 0130/200] method=baseline_cagrad loss=0.5307 train_acc=0.7468 train_loss=0.4903 val_acc=0.7249 val_loss=0.5365 router_H=0.5708 best=0.7249
           router_load=[0.043804991990327835, 0.14543746411800385, 0.1557423174381256, 0.6550152897834778]
[step 0140/200] method=baseline_cagrad loss=0.5674 train_acc=0.7468 train_loss=0.4903 val_acc=0.7249 val_loss=0.5365 router_H=0.5708 best=0.7249
           router_load=[0.043804991990327835, 0.14543746411800385, 0.1557423174381256, 0.6550152897834778]
[step 0150/200] method=baseline_cagrad loss=0.5108 train_acc=0.7468 train_loss=0.4903 val_acc=0.7249 val_loss=0.5365 router_H=0.5708 best=0.7249
           router_load=[0.043804991990327835, 0.14543746411800385, 0.1557423174381256, 0.6550152897834778]
[step 0160/200] method=baseline_cagrad loss=0.5417 train_acc=0.7468 train_loss=0.4903 val_acc=0.7249 val_loss=0.5365 router_H=0.5708 best=0.7249
           router_load=[0.043804991990327835, 0.14543746411800385, 0.1557423174381256, 0.6550152897834778]
[step 0170/200] method=baseline_cagrad loss=0.4230 train_acc=0.7468 train_loss=0.4903 val_acc=0.7249 val_loss=0.5365 router_H=0.5708 best=0.7249
           router_load=[0.043804991990327835, 0.14543746411800385, 0.1557423174381256, 0.6550152897834778]
[step 0180/200] method=baseline_cagrad loss=0.4297 train_acc=0.7468 train_loss=0.4903 val_acc=0.7249 val_loss=0.5365 router_H=0.5708 best=0.7249
           router_load=[0.043804991990327835, 0.14543746411800385, 0.1557423174381256, 0.6550152897834778]
[step 0190/200] method=baseline_cagrad loss=0.4610 train_acc=0.7468 train_loss=0.4903 val_acc=0.7249 val_loss=0.5365 router_H=0.5708 best=0.7249
           router_load=[0.043804991990327835, 0.14543746411800385, 0.1557423174381256, 0.6550152897834778]
[step 0200/200] method=baseline_cagrad loss=0.4018 train_acc=0.8571 train_loss=0.3400 val_acc=0.7837 val_loss=0.4647 router_H=0.5925 best=0.7837
           router_load=[0.019526084885001183, 0.17687897384166718, 0.20384514331817627, 0.599749743938446]
saved summary -> /home/zhujjing/MOE-grad-conflict-routing/runs/paper_suite/single_gpu/multi_task/glue4_gpt2_lora_e4_k2/hpo/cagrad/trial_runs/local_var_topk_010/cagrad_s2.json
saved curve -> /home/zhujjing/MOE-grad-conflict-routing/runs/paper_suite/single_gpu/multi_task/glue4_gpt2_lora_e4_k2/hpo/cagrad/trial_runs/local_var_topk_010/cagrad_s2_curve.csv
