[run] method=ours candidate=local_var_topk_017 seed=3 steps=150 gpu=0
[run] cmd=
/home/zhujjing/anaconda3/envs/moe/bin/python /home/zhujjing/MOE-grad-conflict-routing/scripts/run.py --config configs/singletask_rte_real.yaml --set model.backbone_backend=hf --set model.hf_load_pretrained=true --set model.hf_local_files_only=true --set model.backbone=deberta --set model.hf_pretrained_name=microsoft/deberta-v3-base --set model.expert_type=lora --set model.routing_mode=topk --set model.num_experts=4 --set model.top_k=2 --set seed=3 --set method.name=ours --set train.steps=150 --set train.eval_every_steps=50 --set method.ours.use_load_norm=true --set method.ours.lambda_align=0.003264950101 --set train.grad_clip=1.274067193 --set train.lr=5.4846116e-05 --set train.weight_decay=0.04963349774 --out /home/zhujjing/MOE-grad-conflict-routing/runs/paper_suite/single_gpu/single_task/deberta_rte_lora_e4_k2_supplement/hpo/ours/trial_runs/local_var_topk_017/ours_s3.json --curve_out /home/zhujjing/MOE-grad-conflict-routing/runs/paper_suite/single_gpu/single_task/deberta_rte_lora_e4_k2_supplement/hpo/ours/trial_runs/local_var_topk_017/ours_s3_curve.csv
Using the latest cached version of the dataset since glue couldn't be found on the Hugging Face Hub (offline mode is enabled).
Found the latest cached dataset configuration 'rte' at /home/zhujjing/hf_cache/datasets/glue/rte/0.0.0/bcdcba79d07bc864c1c254ccfcedcce55bcc9a8c (last modified on Thu Mar 19 15:00:36 2026).
/home/zhujjing/anaconda3/envs/moe/lib/python3.10/site-packages/transformers/utils/hub.py:124: FutureWarning: Using `TRANSFORMERS_CACHE` is deprecated and will be removed in v5 of Transformers. Use `HF_HOME` instead.
  warnings.warn(
/home/zhujjing/anaconda3/envs/moe/lib/python3.10/site-packages/transformers/convert_slow_tokenizer.py:560: UserWarning: The sentencepiece tokenizer that you are converting to a fast tokenizer uses the byte fallback option which is not implemented in the fast tokenizers. In practice this means that the fast version of the tokenizer can produce unknown tokens whereas the sentencepiece version would have converted these unknown tokens into a sequence of byte tokens matching the original piece of text.
  warnings.warn(
[step 0001/150] method=ours loss=0.7995 train_acc=nan train_loss=nan val_acc=nan val_loss=nan best=-1.0000
[step 0010/150] method=ours loss=0.6497 train_acc=nan train_loss=nan val_acc=nan val_loss=nan best=-1.0000
[step 0020/150] method=ours loss=0.6732 train_acc=nan train_loss=nan val_acc=nan val_loss=nan best=-1.0000
[step 0030/150] method=ours loss=0.6728 train_acc=nan train_loss=nan val_acc=nan val_loss=nan best=-1.0000
[step 0040/150] method=ours loss=0.6807 train_acc=nan train_loss=nan val_acc=nan val_loss=nan best=-1.0000
[step 0050/150] method=ours loss=0.5690 train_acc=0.6875 train_loss=0.5650 val_acc=0.6570 val_loss=0.6136 router_H=0.6898 best=0.6570
           router_load=[0.027547847479581833, 0.18549786508083344, 0.42640775442123413, 0.3605464696884155]
[step 0060/150] method=ours loss=0.3746 train_acc=0.6875 train_loss=0.5650 val_acc=0.6570 val_loss=0.6136 router_H=0.6898 best=0.6570
           router_load=[0.027547847479581833, 0.18549786508083344, 0.42640775442123413, 0.3605464696884155]
[step 0070/150] method=ours loss=0.7596 train_acc=0.6875 train_loss=0.5650 val_acc=0.6570 val_loss=0.6136 router_H=0.6898 best=0.6570
           router_load=[0.027547847479581833, 0.18549786508083344, 0.42640775442123413, 0.3605464696884155]
[step 0080/150] method=ours loss=0.5542 train_acc=0.6875 train_loss=0.5650 val_acc=0.6570 val_loss=0.6136 router_H=0.6898 best=0.6570
           router_load=[0.027547847479581833, 0.18549786508083344, 0.42640775442123413, 0.3605464696884155]
[step 0090/150] method=ours loss=0.3975 train_acc=0.6875 train_loss=0.5650 val_acc=0.6570 val_loss=0.6136 router_H=0.6898 best=0.6570
           router_load=[0.027547847479581833, 0.18549786508083344, 0.42640775442123413, 0.3605464696884155]
[step 0100/150] method=ours loss=0.4757 train_acc=0.8828 train_loss=0.3041 val_acc=0.7978 val_loss=0.4509 router_H=0.6885 best=0.7978
           router_load=[0.09867317974567413, 0.003392206272110343, 0.4125799536705017, 0.48535460233688354]
[step 0110/150] method=ours loss=0.4282 train_acc=0.8828 train_loss=0.3041 val_acc=0.7978 val_loss=0.4509 router_H=0.6885 best=0.7978
           router_load=[0.09867317974567413, 0.003392206272110343, 0.4125799536705017, 0.48535460233688354]
[step 0120/150] method=ours loss=0.8704 train_acc=0.8828 train_loss=0.3041 val_acc=0.7978 val_loss=0.4509 router_H=0.6885 best=0.7978
           router_load=[0.09867317974567413, 0.003392206272110343, 0.4125799536705017, 0.48535460233688354]
[step 0130/150] method=ours loss=0.4647 train_acc=0.8828 train_loss=0.3041 val_acc=0.7978 val_loss=0.4509 router_H=0.6885 best=0.7978
           router_load=[0.09867317974567413, 0.003392206272110343, 0.4125799536705017, 0.48535460233688354]
[step 0140/150] method=ours loss=0.3293 train_acc=0.8828 train_loss=0.3041 val_acc=0.7978 val_loss=0.4509 router_H=0.6885 best=0.7978
           router_load=[0.09867317974567413, 0.003392206272110343, 0.4125799536705017, 0.48535460233688354]
[step 0150/150] method=ours loss=0.2532 train_acc=0.9297 train_loss=0.2035 val_acc=0.8412 val_loss=0.3773 router_H=0.6838 best=0.8412
           router_load=[0.19823193550109863, 0.0, 0.27860328555107117, 0.523164689540863]
saved summary -> /home/zhujjing/MOE-grad-conflict-routing/runs/paper_suite/single_gpu/single_task/deberta_rte_lora_e4_k2_supplement/hpo/ours/trial_runs/local_var_topk_017/ours_s3.json
saved curve -> /home/zhujjing/MOE-grad-conflict-routing/runs/paper_suite/single_gpu/single_task/deberta_rte_lora_e4_k2_supplement/hpo/ours/trial_runs/local_var_topk_017/ours_s3_curve.csv
