[run] method=ours candidate=local_var_topk_018 seed=3 steps=150 gpu=0
[run] cmd=
/home/zhujjing/anaconda3/envs/moe/bin/python /home/zhujjing/MOE-grad-conflict-routing/scripts/run.py --config configs/singletask_rte_real.yaml --set model.backbone_backend=hf --set model.hf_load_pretrained=true --set model.hf_local_files_only=true --set model.backbone=deberta --set model.hf_pretrained_name=microsoft/deberta-v3-base --set model.expert_type=lora --set model.routing_mode=topk --set model.num_experts=4 --set model.top_k=2 --set seed=3 --set method.name=ours --set train.steps=150 --set train.eval_every_steps=50 --set method.ours.use_load_norm=true --set method.ours.lambda_align=0.003264950101 --set train.grad_clip=0.6740671934 --set train.lr=0.000109692233 --set train.weight_decay=0.02963349774 --out /home/zhujjing/MOE-grad-conflict-routing/runs/paper_suite/single_gpu/single_task/deberta_rte_lora_e4_k2_supplement/hpo/ours/trial_runs/local_var_topk_018/ours_s3.json --curve_out /home/zhujjing/MOE-grad-conflict-routing/runs/paper_suite/single_gpu/single_task/deberta_rte_lora_e4_k2_supplement/hpo/ours/trial_runs/local_var_topk_018/ours_s3_curve.csv
Using the latest cached version of the dataset since glue couldn't be found on the Hugging Face Hub (offline mode is enabled).
Found the latest cached dataset configuration 'rte' at /home/zhujjing/hf_cache/datasets/glue/rte/0.0.0/bcdcba79d07bc864c1c254ccfcedcce55bcc9a8c (last modified on Thu Mar 19 15:00:36 2026).
/home/zhujjing/anaconda3/envs/moe/lib/python3.10/site-packages/transformers/utils/hub.py:124: FutureWarning: Using `TRANSFORMERS_CACHE` is deprecated and will be removed in v5 of Transformers. Use `HF_HOME` instead.
  warnings.warn(
/home/zhujjing/anaconda3/envs/moe/lib/python3.10/site-packages/transformers/convert_slow_tokenizer.py:560: UserWarning: The sentencepiece tokenizer that you are converting to a fast tokenizer uses the byte fallback option which is not implemented in the fast tokenizers. In practice this means that the fast version of the tokenizer can produce unknown tokens whereas the sentencepiece version would have converted these unknown tokens into a sequence of byte tokens matching the original piece of text.
  warnings.warn(
[step 0001/150] method=ours loss=0.8038 train_acc=nan train_loss=nan val_acc=nan val_loss=nan best=-1.0000
[step 0010/150] method=ours loss=0.6344 train_acc=nan train_loss=nan val_acc=nan val_loss=nan best=-1.0000
[step 0020/150] method=ours loss=0.7311 train_acc=nan train_loss=nan val_acc=nan val_loss=nan best=-1.0000
[step 0030/150] method=ours loss=0.6346 train_acc=nan train_loss=nan val_acc=nan val_loss=nan best=-1.0000
[step 0040/150] method=ours loss=1.0599 train_acc=nan train_loss=nan val_acc=nan val_loss=nan best=-1.0000
[step 0050/150] method=ours loss=0.6360 train_acc=0.6719 train_loss=0.6289 val_acc=0.6137 val_loss=0.6481 router_H=0.6887 best=0.6137
           router_load=[0.30657923221588135, 0.17888951301574707, 0.5145312547683716, 0.0]
[step 0060/150] method=ours loss=0.7236 train_acc=0.6719 train_loss=0.6289 val_acc=0.6137 val_loss=0.6481 router_H=0.6887 best=0.6137
           router_load=[0.30657923221588135, 0.17888951301574707, 0.5145312547683716, 0.0]
[step 0070/150] method=ours loss=0.7077 train_acc=0.6719 train_loss=0.6289 val_acc=0.6137 val_loss=0.6481 router_H=0.6887 best=0.6137
           router_load=[0.30657923221588135, 0.17888951301574707, 0.5145312547683716, 0.0]
[step 0080/150] method=ours loss=0.5798 train_acc=0.6719 train_loss=0.6289 val_acc=0.6137 val_loss=0.6481 router_H=0.6887 best=0.6137
           router_load=[0.30657923221588135, 0.17888951301574707, 0.5145312547683716, 0.0]
[step 0090/150] method=ours loss=0.5310 train_acc=0.6719 train_loss=0.6289 val_acc=0.6137 val_loss=0.6481 router_H=0.6887 best=0.6137
           router_load=[0.30657923221588135, 0.17888951301574707, 0.5145312547683716, 0.0]
[step 0100/150] method=ours loss=0.4539 train_acc=0.5938 train_loss=0.5842 val_acc=0.5343 val_loss=0.6957 router_H=0.6427 best=0.6137
           router_load=[0.6477853655815125, 0.34347477555274963, 0.008739889599382877, 0.0]
[step 0110/150] method=ours loss=0.6931 train_acc=0.5938 train_loss=0.5842 val_acc=0.5343 val_loss=0.6957 router_H=0.6427 best=0.6137
           router_load=[0.6477853655815125, 0.34347477555274963, 0.008739889599382877, 0.0]
[step 0120/150] method=ours loss=0.9491 train_acc=0.5938 train_loss=0.5842 val_acc=0.5343 val_loss=0.6957 router_H=0.6427 best=0.6137
           router_load=[0.6477853655815125, 0.34347477555274963, 0.008739889599382877, 0.0]
[step 0130/150] method=ours loss=0.6688 train_acc=0.5938 train_loss=0.5842 val_acc=0.5343 val_loss=0.6957 router_H=0.6427 best=0.6137
           router_load=[0.6477853655815125, 0.34347477555274963, 0.008739889599382877, 0.0]
[step 0140/150] method=ours loss=0.4318 train_acc=0.5938 train_loss=0.5842 val_acc=0.5343 val_loss=0.6957 router_H=0.6427 best=0.6137
           router_load=[0.6477853655815125, 0.34347477555274963, 0.008739889599382877, 0.0]
[step 0150/150] method=ours loss=0.3537 train_acc=0.7344 train_loss=0.6079 val_acc=0.6606 val_loss=0.8007 router_H=0.5859 best=0.6606
           router_load=[0.7089561223983765, 0.13869187235832214, 0.15147964656352997, 0.000872389879077673]
saved summary -> /home/zhujjing/MOE-grad-conflict-routing/runs/paper_suite/single_gpu/single_task/deberta_rte_lora_e4_k2_supplement/hpo/ours/trial_runs/local_var_topk_018/ours_s3.json
saved curve -> /home/zhujjing/MOE-grad-conflict-routing/runs/paper_suite/single_gpu/single_task/deberta_rte_lora_e4_k2_supplement/hpo/ours/trial_runs/local_var_topk_018/ours_s3_curve.csv
