[run] method=ours candidate=local_var_topk_006 seed=3 steps=150 gpu=0
[run] cmd=
/home/zhujjing/anaconda3/envs/moe/bin/python /home/zhujjing/MOE-grad-conflict-routing/scripts/run.py --config configs/singletask_rte_real.yaml --set model.backbone_backend=hf --set model.hf_load_pretrained=true --set model.hf_local_files_only=true --set model.backbone=deberta --set model.hf_pretrained_name=microsoft/deberta-v3-base --set model.expert_type=lora --set model.routing_mode=topk --set model.num_experts=4 --set model.top_k=2 --set seed=3 --set method.name=ours --set train.steps=150 --set train.eval_every_steps=50 --set method.ours.use_load_norm=true --set method.ours.lambda_align=0.003264950101 --set train.grad_clip=1.274067193 --set train.lr=2.7423058e-05 --set train.weight_decay=0.02963349774 --out /home/zhujjing/MOE-grad-conflict-routing/runs/paper_suite/single_gpu/single_task/deberta_rte_lora_e4_k2_supplement/hpo/ours/trial_runs/local_var_topk_006/ours_s3.json --curve_out /home/zhujjing/MOE-grad-conflict-routing/runs/paper_suite/single_gpu/single_task/deberta_rte_lora_e4_k2_supplement/hpo/ours/trial_runs/local_var_topk_006/ours_s3_curve.csv
Using the latest cached version of the dataset since glue couldn't be found on the Hugging Face Hub (offline mode is enabled).
Found the latest cached dataset configuration 'rte' at /home/zhujjing/hf_cache/datasets/glue/rte/0.0.0/bcdcba79d07bc864c1c254ccfcedcce55bcc9a8c (last modified on Thu Mar 19 15:00:36 2026).
/home/zhujjing/anaconda3/envs/moe/lib/python3.10/site-packages/transformers/utils/hub.py:124: FutureWarning: Using `TRANSFORMERS_CACHE` is deprecated and will be removed in v5 of Transformers. Use `HF_HOME` instead.
  warnings.warn(
/home/zhujjing/anaconda3/envs/moe/lib/python3.10/site-packages/transformers/convert_slow_tokenizer.py:560: UserWarning: The sentencepiece tokenizer that you are converting to a fast tokenizer uses the byte fallback option which is not implemented in the fast tokenizers. In practice this means that the fast version of the tokenizer can produce unknown tokens whereas the sentencepiece version would have converted these unknown tokens into a sequence of byte tokens matching the original piece of text.
  warnings.warn(
[step 0001/150] method=ours loss=1.0954 train_acc=nan train_loss=nan val_acc=nan val_loss=nan best=-1.0000
[step 0010/150] method=ours loss=0.6896 train_acc=nan train_loss=nan val_acc=nan val_loss=nan best=-1.0000
[step 0020/150] method=ours loss=0.6889 train_acc=nan train_loss=nan val_acc=nan val_loss=nan best=-1.0000
[step 0030/150] method=ours loss=0.6232 train_acc=nan train_loss=nan val_acc=nan val_loss=nan best=-1.0000
[step 0040/150] method=ours loss=0.5417 train_acc=nan train_loss=nan val_acc=nan val_loss=nan best=-1.0000
[step 0050/150] method=ours loss=0.6034 train_acc=0.7656 train_loss=0.5592 val_acc=0.6859 val_loss=0.5951 router_H=0.6738 best=0.6859
           router_load=[0.15126268565654755, 0.003946506418287754, 0.5741254091262817, 0.27066531777381897]
[step 0060/150] method=ours loss=0.4769 train_acc=0.7656 train_loss=0.5592 val_acc=0.6859 val_loss=0.5951 router_H=0.6738 best=0.6859
           router_load=[0.15126268565654755, 0.003946506418287754, 0.5741254091262817, 0.27066531777381897]
[step 0070/150] method=ours loss=0.6672 train_acc=0.7656 train_loss=0.5592 val_acc=0.6859 val_loss=0.5951 router_H=0.6738 best=0.6859
           router_load=[0.15126268565654755, 0.003946506418287754, 0.5741254091262817, 0.27066531777381897]
[step 0080/150] method=ours loss=0.5490 train_acc=0.7656 train_loss=0.5592 val_acc=0.6859 val_loss=0.5951 router_H=0.6738 best=0.6859
           router_load=[0.15126268565654755, 0.003946506418287754, 0.5741254091262817, 0.27066531777381897]
[step 0090/150] method=ours loss=0.4615 train_acc=0.7656 train_loss=0.5592 val_acc=0.6859 val_loss=0.5951 router_H=0.6738 best=0.6859
           router_load=[0.15126268565654755, 0.003946506418287754, 0.5741254091262817, 0.27066531777381897]
[step 0100/150] method=ours loss=1.0104 train_acc=0.7695 train_loss=0.4549 val_acc=0.6534 val_loss=0.6226 router_H=0.6623 best=0.6859
           router_load=[0.013751753605902195, 0.08050981163978577, 0.6120058298110962, 0.29373258352279663]
[step 0110/150] method=ours loss=0.4056 train_acc=0.7695 train_loss=0.4549 val_acc=0.6534 val_loss=0.6226 router_H=0.6623 best=0.6859
           router_load=[0.013751753605902195, 0.08050981163978577, 0.6120058298110962, 0.29373258352279663]
[step 0120/150] method=ours loss=0.4715 train_acc=0.7695 train_loss=0.4549 val_acc=0.6534 val_loss=0.6226 router_H=0.6623 best=0.6859
           router_load=[0.013751753605902195, 0.08050981163978577, 0.6120058298110962, 0.29373258352279663]
[step 0130/150] method=ours loss=0.3891 train_acc=0.7695 train_loss=0.4549 val_acc=0.6534 val_loss=0.6226 router_H=0.6623 best=0.6859
           router_load=[0.013751753605902195, 0.08050981163978577, 0.6120058298110962, 0.29373258352279663]
[step 0140/150] method=ours loss=0.2564 train_acc=0.7695 train_loss=0.4549 val_acc=0.6534 val_loss=0.6226 router_H=0.6623 best=0.6859
           router_load=[0.013751753605902195, 0.08050981163978577, 0.6120058298110962, 0.29373258352279663]
[step 0150/150] method=ours loss=0.2139 train_acc=0.8750 train_loss=0.3200 val_acc=0.7581 val_loss=0.5122 router_H=0.6581 best=0.7581
           router_load=[0.00334787555038929, 0.24804960191249847, 0.6205511093139648, 0.12805142998695374]
saved summary -> /home/zhujjing/MOE-grad-conflict-routing/runs/paper_suite/single_gpu/single_task/deberta_rte_lora_e4_k2_supplement/hpo/ours/trial_runs/local_var_topk_006/ours_s3.json
saved curve -> /home/zhujjing/MOE-grad-conflict-routing/runs/paper_suite/single_gpu/single_task/deberta_rte_lora_e4_k2_supplement/hpo/ours/trial_runs/local_var_topk_006/ours_s3_curve.csv
