[run] method=baseline candidate=coord_02_train_weight_decay_021 seed=3 steps=150 gpu=0
[run] cmd=
/home/zhujjing/anaconda3/envs/moe/bin/python /home/zhujjing/MOE-grad-conflict-routing/scripts/run.py --config configs/singletask_sst2_real.yaml --set model.backbone_backend=hf --set model.hf_load_pretrained=true --set model.hf_local_files_only=true --set model.backbone=deberta --set model.hf_pretrained_name=microsoft/deberta-v3-base --set model.expert_type=ffn --set model.routing_mode=topk --set model.num_experts=4 --set model.top_k=2 --set seed=3 --set method.name=baseline_avg --set train.steps=150 --set train.eval_every_steps=50 --set train.grad_clip=1 --set train.lr=1.263268742e-05 --set train.weight_decay=0.01947001735 --out /home/zhujjing/MOE-grad-conflict-routing/runs/paper_suite/single_gpu/single_task/deberta_sst2_ffn_e4_k2_supplement/hpo/baseline/trial_runs/coord_02_train_weight_decay_021/baseline_s3.json --curve_out /home/zhujjing/MOE-grad-conflict-routing/runs/paper_suite/single_gpu/single_task/deberta_sst2_ffn_e4_k2_supplement/hpo/baseline/trial_runs/coord_02_train_weight_decay_021/baseline_s3_curve.csv
Using the latest cached version of the dataset since glue couldn't be found on the Hugging Face Hub (offline mode is enabled).
Found the latest cached dataset configuration 'sst2' at /home/zhujjing/hf_cache/datasets/glue/sst2/0.0.0/bcdcba79d07bc864c1c254ccfcedcce55bcc9a8c (last modified on Thu Mar 19 15:01:41 2026).
/home/zhujjing/anaconda3/envs/moe/lib/python3.10/site-packages/transformers/utils/hub.py:124: FutureWarning: Using `TRANSFORMERS_CACHE` is deprecated and will be removed in v5 of Transformers. Use `HF_HOME` instead.
  warnings.warn(
/home/zhujjing/anaconda3/envs/moe/lib/python3.10/site-packages/transformers/convert_slow_tokenizer.py:560: UserWarning: The sentencepiece tokenizer that you are converting to a fast tokenizer uses the byte fallback option which is not implemented in the fast tokenizers. In practice this means that the fast version of the tokenizer can produce unknown tokens whereas the sentencepiece version would have converted these unknown tokens into a sequence of byte tokens matching the original piece of text.
  warnings.warn(
[step 0001/150] method=baseline_avg loss=0.6545 train_acc=nan train_loss=nan val_acc=nan val_loss=nan best=-1.0000
[step 0010/150] method=baseline_avg loss=0.6450 train_acc=nan train_loss=nan val_acc=nan val_loss=nan best=-1.0000
[step 0020/150] method=baseline_avg loss=0.6101 train_acc=nan train_loss=nan val_acc=nan val_loss=nan best=-1.0000
[step 0030/150] method=baseline_avg loss=0.6557 train_acc=nan train_loss=nan val_acc=nan val_loss=nan best=-1.0000
[step 0040/150] method=baseline_avg loss=0.5782 train_acc=nan train_loss=nan val_acc=nan val_loss=nan best=-1.0000
[step 0050/150] method=baseline_avg loss=0.6010 train_acc=0.8624 train_loss=0.3874 val_acc=0.8704 val_loss=0.3764 router_H=0.4586 best=0.8704
           router_load=[0.20495572686195374, 0.008286019787192345, 0.0004967540153302252, 0.7862617373466492]
[step 0060/150] method=baseline_avg loss=0.5191 train_acc=0.8624 train_loss=0.3874 val_acc=0.8704 val_loss=0.3764 router_H=0.4586 best=0.8704
           router_load=[0.20495572686195374, 0.008286019787192345, 0.0004967540153302252, 0.7862617373466492]
[step 0070/150] method=baseline_avg loss=0.2438 train_acc=0.8624 train_loss=0.3874 val_acc=0.8704 val_loss=0.3764 router_H=0.4586 best=0.8704
           router_load=[0.20495572686195374, 0.008286019787192345, 0.0004967540153302252, 0.7862617373466492]
[step 0080/150] method=baseline_avg loss=0.1372 train_acc=0.8624 train_loss=0.3874 val_acc=0.8704 val_loss=0.3764 router_H=0.4586 best=0.8704
           router_load=[0.20495572686195374, 0.008286019787192345, 0.0004967540153302252, 0.7862617373466492]
[step 0090/150] method=baseline_avg loss=0.1105 train_acc=0.8624 train_loss=0.3874 val_acc=0.8704 val_loss=0.3764 router_H=0.4586 best=0.8704
           router_load=[0.20495572686195374, 0.008286019787192345, 0.0004967540153302252, 0.7862617373466492]
[step 0100/150] method=baseline_avg loss=0.1927 train_acc=0.9093 train_loss=0.2559 val_acc=0.9083 val_loss=0.2464 router_H=0.4032 best=0.9083
           router_load=[0.20622648298740387, 0.004665623418986797, 0.001523345010355115, 0.7875843048095703]
[step 0110/150] method=baseline_avg loss=0.3952 train_acc=0.9093 train_loss=0.2559 val_acc=0.9083 val_loss=0.2464 router_H=0.4032 best=0.9083
           router_load=[0.20622648298740387, 0.004665623418986797, 0.001523345010355115, 0.7875843048095703]
[step 0120/150] method=baseline_avg loss=0.4570 train_acc=0.9093 train_loss=0.2559 val_acc=0.9083 val_loss=0.2464 router_H=0.4032 best=0.9083
           router_load=[0.20622648298740387, 0.004665623418986797, 0.001523345010355115, 0.7875843048095703]
[step 0130/150] method=baseline_avg loss=0.2562 train_acc=0.9093 train_loss=0.2559 val_acc=0.9083 val_loss=0.2464 router_H=0.4032 best=0.9083
           router_load=[0.20622648298740387, 0.004665623418986797, 0.001523345010355115, 0.7875843048095703]
[step 0140/150] method=baseline_avg loss=0.1963 train_acc=0.9093 train_loss=0.2559 val_acc=0.9083 val_loss=0.2464 router_H=0.4032 best=0.9083
           router_load=[0.20622648298740387, 0.004665623418986797, 0.001523345010355115, 0.7875843048095703]
[step 0150/150] method=baseline_avg loss=0.2501 train_acc=0.9213 train_loss=0.2184 val_acc=0.9243 val_loss=0.1991 router_H=0.4426 best=0.9243
           router_load=[0.2949186861515045, 0.008161207661032677, 0.0008811645093373954, 0.6960388422012329]
saved summary -> /home/zhujjing/MOE-grad-conflict-routing/runs/paper_suite/single_gpu/single_task/deberta_sst2_ffn_e4_k2_supplement/hpo/baseline/trial_runs/coord_02_train_weight_decay_021/baseline_s3.json
saved curve -> /home/zhujjing/MOE-grad-conflict-routing/runs/paper_suite/single_gpu/single_task/deberta_sst2_ffn_e4_k2_supplement/hpo/baseline/trial_runs/coord_02_train_weight_decay_021/baseline_s3_curve.csv
