[run] method=baseline candidate=coord_02_train_weight_decay_005 seed=2 steps=150 gpu=0
[run] cmd=
/home/zhujjing/anaconda3/envs/moe/bin/python /home/zhujjing/MOE-grad-conflict-routing/scripts/run.py --config configs/singletask_sst2_real.yaml --set model.backbone_backend=hf --set model.hf_load_pretrained=true --set model.hf_local_files_only=true --set model.backbone=deberta --set model.hf_pretrained_name=microsoft/deberta-v3-base --set model.expert_type=ffn --set model.routing_mode=topk --set model.num_experts=4 --set model.top_k=2 --set seed=2 --set method.name=baseline_avg --set train.steps=150 --set train.eval_every_steps=50 --set train.grad_clip=1 --set train.lr=1.263268742e-05 --set train.weight_decay=0.01546097608 --out /home/zhujjing/MOE-grad-conflict-routing/runs/paper_suite/single_gpu/single_task/deberta_sst2_ffn_e4_k2_supplement/hpo/baseline/trial_runs/coord_02_train_weight_decay_005/baseline_s2.json --curve_out /home/zhujjing/MOE-grad-conflict-routing/runs/paper_suite/single_gpu/single_task/deberta_sst2_ffn_e4_k2_supplement/hpo/baseline/trial_runs/coord_02_train_weight_decay_005/baseline_s2_curve.csv
Using the latest cached version of the dataset since glue couldn't be found on the Hugging Face Hub (offline mode is enabled).
Found the latest cached dataset configuration 'sst2' at /home/zhujjing/hf_cache/datasets/glue/sst2/0.0.0/bcdcba79d07bc864c1c254ccfcedcce55bcc9a8c (last modified on Thu Mar 19 15:01:41 2026).
/home/zhujjing/anaconda3/envs/moe/lib/python3.10/site-packages/transformers/utils/hub.py:124: FutureWarning: Using `TRANSFORMERS_CACHE` is deprecated and will be removed in v5 of Transformers. Use `HF_HOME` instead.
  warnings.warn(
/home/zhujjing/anaconda3/envs/moe/lib/python3.10/site-packages/transformers/convert_slow_tokenizer.py:560: UserWarning: The sentencepiece tokenizer that you are converting to a fast tokenizer uses the byte fallback option which is not implemented in the fast tokenizers. In practice this means that the fast version of the tokenizer can produce unknown tokens whereas the sentencepiece version would have converted these unknown tokens into a sequence of byte tokens matching the original piece of text.
  warnings.warn(
[step 0001/150] method=baseline_avg loss=0.6699 train_acc=nan train_loss=nan val_acc=nan val_loss=nan best=-1.0000
[step 0010/150] method=baseline_avg loss=0.6991 train_acc=nan train_loss=nan val_acc=nan val_loss=nan best=-1.0000
[step 0020/150] method=baseline_avg loss=0.6246 train_acc=nan train_loss=nan val_acc=nan val_loss=nan best=-1.0000
[step 0030/150] method=baseline_avg loss=0.5256 train_acc=nan train_loss=nan val_acc=nan val_loss=nan best=-1.0000
[step 0040/150] method=baseline_avg loss=0.3708 train_acc=nan train_loss=nan val_acc=nan val_loss=nan best=-1.0000
[step 0050/150] method=baseline_avg loss=0.3115 train_acc=0.8707 train_loss=0.3630 val_acc=0.8280 val_loss=0.4063 router_H=0.4982 best=0.8280
           router_load=[0.18152892589569092, 0.7618821859359741, 0.050151526927948, 0.006437207106500864]
[step 0060/150] method=baseline_avg loss=0.3923 train_acc=0.8707 train_loss=0.3630 val_acc=0.8280 val_loss=0.4063 router_H=0.4982 best=0.8280
           router_load=[0.18152892589569092, 0.7618821859359741, 0.050151526927948, 0.006437207106500864]
[step 0070/150] method=baseline_avg loss=0.5939 train_acc=0.8707 train_loss=0.3630 val_acc=0.8280 val_loss=0.4063 router_H=0.4982 best=0.8280
           router_load=[0.18152892589569092, 0.7618821859359741, 0.050151526927948, 0.006437207106500864]
[step 0080/150] method=baseline_avg loss=0.2500 train_acc=0.8707 train_loss=0.3630 val_acc=0.8280 val_loss=0.4063 router_H=0.4982 best=0.8280
           router_load=[0.18152892589569092, 0.7618821859359741, 0.050151526927948, 0.006437207106500864]
[step 0090/150] method=baseline_avg loss=0.3817 train_acc=0.8707 train_loss=0.3630 val_acc=0.8280 val_loss=0.4063 router_H=0.4982 best=0.8280
           router_load=[0.18152892589569092, 0.7618821859359741, 0.050151526927948, 0.006437207106500864]
[step 0100/150] method=baseline_avg loss=0.1852 train_acc=0.8885 train_loss=0.3208 val_acc=0.8567 val_loss=0.4214 router_H=0.4271 best=0.8567
           router_load=[0.12450753152370453, 0.8103113174438477, 0.05739663168787956, 0.007784336339682341]
[step 0110/150] method=baseline_avg loss=0.2814 train_acc=0.8885 train_loss=0.3208 val_acc=0.8567 val_loss=0.4214 router_H=0.4271 best=0.8567
           router_load=[0.12450753152370453, 0.8103113174438477, 0.05739663168787956, 0.007784336339682341]
[step 0120/150] method=baseline_avg loss=0.5808 train_acc=0.8885 train_loss=0.3208 val_acc=0.8567 val_loss=0.4214 router_H=0.4271 best=0.8567
           router_load=[0.12450753152370453, 0.8103113174438477, 0.05739663168787956, 0.007784336339682341]
[step 0130/150] method=baseline_avg loss=0.4761 train_acc=0.8885 train_loss=0.3208 val_acc=0.8567 val_loss=0.4214 router_H=0.4271 best=0.8567
           router_load=[0.12450753152370453, 0.8103113174438477, 0.05739663168787956, 0.007784336339682341]
[step 0140/150] method=baseline_avg loss=0.3937 train_acc=0.8885 train_loss=0.3208 val_acc=0.8567 val_loss=0.4214 router_H=0.4271 best=0.8567
           router_load=[0.12450753152370453, 0.8103113174438477, 0.05739663168787956, 0.007784336339682341]
[step 0150/150] method=baseline_avg loss=0.4860 train_acc=0.9192 train_loss=0.2281 val_acc=0.9163 val_loss=0.2310 router_H=0.4795 best=0.9163
           router_load=[0.1741110235452652, 0.764126181602478, 0.05995915085077286, 0.0018037509871646762]
saved summary -> /home/zhujjing/MOE-grad-conflict-routing/runs/paper_suite/single_gpu/single_task/deberta_sst2_ffn_e4_k2_supplement/hpo/baseline/trial_runs/coord_02_train_weight_decay_005/baseline_s2.json
saved curve -> /home/zhujjing/MOE-grad-conflict-routing/runs/paper_suite/single_gpu/single_task/deberta_sst2_ffn_e4_k2_supplement/hpo/baseline/trial_runs/coord_02_train_weight_decay_005/baseline_s2_curve.csv
