[run] method=baseline candidate=coord_02_train_weight_decay_013 seed=2 steps=150 gpu=0
[run] cmd=
/home/zhujjing/anaconda3/envs/moe/bin/python /home/zhujjing/MOE-grad-conflict-routing/scripts/run.py --config configs/singletask_sst2_real.yaml --set model.backbone_backend=hf --set model.hf_load_pretrained=true --set model.hf_local_files_only=true --set model.backbone=deberta --set model.hf_pretrained_name=microsoft/deberta-v3-base --set model.expert_type=ffn --set model.routing_mode=topk --set model.num_experts=4 --set model.top_k=2 --set seed=2 --set method.name=baseline_avg --set train.steps=150 --set train.eval_every_steps=50 --set train.grad_clip=1 --set train.lr=1.263268742e-05 --set train.weight_decay=0.01487570917 --out /home/zhujjing/MOE-grad-conflict-routing/runs/paper_suite/single_gpu/single_task/deberta_sst2_ffn_e4_k2_supplement/hpo/baseline/trial_runs/coord_02_train_weight_decay_013/baseline_s2.json --curve_out /home/zhujjing/MOE-grad-conflict-routing/runs/paper_suite/single_gpu/single_task/deberta_sst2_ffn_e4_k2_supplement/hpo/baseline/trial_runs/coord_02_train_weight_decay_013/baseline_s2_curve.csv
Using the latest cached version of the dataset since glue couldn't be found on the Hugging Face Hub (offline mode is enabled).
Found the latest cached dataset configuration 'sst2' at /home/zhujjing/hf_cache/datasets/glue/sst2/0.0.0/bcdcba79d07bc864c1c254ccfcedcce55bcc9a8c (last modified on Thu Mar 19 15:01:41 2026).
/home/zhujjing/anaconda3/envs/moe/lib/python3.10/site-packages/transformers/utils/hub.py:124: FutureWarning: Using `TRANSFORMERS_CACHE` is deprecated and will be removed in v5 of Transformers. Use `HF_HOME` instead.
  warnings.warn(
/home/zhujjing/anaconda3/envs/moe/lib/python3.10/site-packages/transformers/convert_slow_tokenizer.py:560: UserWarning: The sentencepiece tokenizer that you are converting to a fast tokenizer uses the byte fallback option which is not implemented in the fast tokenizers. In practice this means that the fast version of the tokenizer can produce unknown tokens whereas the sentencepiece version would have converted these unknown tokens into a sequence of byte tokens matching the original piece of text.
  warnings.warn(
[step 0001/150] method=baseline_avg loss=0.7301 train_acc=nan train_loss=nan val_acc=nan val_loss=nan best=-1.0000
[step 0010/150] method=baseline_avg loss=0.7232 train_acc=nan train_loss=nan val_acc=nan val_loss=nan best=-1.0000
[step 0020/150] method=baseline_avg loss=0.6541 train_acc=nan train_loss=nan val_acc=nan val_loss=nan best=-1.0000
[step 0030/150] method=baseline_avg loss=0.5830 train_acc=nan train_loss=nan val_acc=nan val_loss=nan best=-1.0000
[step 0040/150] method=baseline_avg loss=0.4676 train_acc=nan train_loss=nan val_acc=nan val_loss=nan best=-1.0000
[step 0050/150] method=baseline_avg loss=0.3493 train_acc=0.8319 train_loss=0.4214 val_acc=0.7947 val_loss=0.4546 router_H=0.6075 best=0.7947
           router_load=[0.008541776798665524, 0.6962019801139832, 0.24071790277957916, 0.05453825742006302]
[step 0060/150] method=baseline_avg loss=0.3262 train_acc=0.8319 train_loss=0.4214 val_acc=0.7947 val_loss=0.4546 router_H=0.6075 best=0.7947
           router_load=[0.008541776798665524, 0.6962019801139832, 0.24071790277957916, 0.05453825742006302]
[step 0070/150] method=baseline_avg loss=0.6800 train_acc=0.8319 train_loss=0.4214 val_acc=0.7947 val_loss=0.4546 router_H=0.6075 best=0.7947
           router_load=[0.008541776798665524, 0.6962019801139832, 0.24071790277957916, 0.05453825742006302]
[step 0080/150] method=baseline_avg loss=0.4443 train_acc=0.8319 train_loss=0.4214 val_acc=0.7947 val_loss=0.4546 router_H=0.6075 best=0.7947
           router_load=[0.008541776798665524, 0.6962019801139832, 0.24071790277957916, 0.05453825742006302]
[step 0090/150] method=baseline_avg loss=0.1992 train_acc=0.8319 train_loss=0.4214 val_acc=0.7947 val_loss=0.4546 router_H=0.6075 best=0.7947
           router_load=[0.008541776798665524, 0.6962019801139832, 0.24071790277957916, 0.05453825742006302]
[step 0100/150] method=baseline_avg loss=0.3048 train_acc=0.8827 train_loss=0.3335 val_acc=0.8589 val_loss=0.3808 router_H=0.4789 best=0.8589
           router_load=[0.059830717742443085, 0.8085042238235474, 0.10481061786413193, 0.02685447223484516]
[step 0110/150] method=baseline_avg loss=0.2616 train_acc=0.8827 train_loss=0.3335 val_acc=0.8589 val_loss=0.3808 router_H=0.4789 best=0.8589
           router_load=[0.059830717742443085, 0.8085042238235474, 0.10481061786413193, 0.02685447223484516]
[step 0120/150] method=baseline_avg loss=0.5929 train_acc=0.8827 train_loss=0.3335 val_acc=0.8589 val_loss=0.3808 router_H=0.4789 best=0.8589
           router_load=[0.059830717742443085, 0.8085042238235474, 0.10481061786413193, 0.02685447223484516]
[step 0130/150] method=baseline_avg loss=0.3416 train_acc=0.8827 train_loss=0.3335 val_acc=0.8589 val_loss=0.3808 router_H=0.4789 best=0.8589
           router_load=[0.059830717742443085, 0.8085042238235474, 0.10481061786413193, 0.02685447223484516]
[step 0140/150] method=baseline_avg loss=0.3351 train_acc=0.8827 train_loss=0.3335 val_acc=0.8589 val_loss=0.3808 router_H=0.4789 best=0.8589
           router_load=[0.059830717742443085, 0.8085042238235474, 0.10481061786413193, 0.02685447223484516]
[step 0150/150] method=baseline_avg loss=0.4735 train_acc=0.9178 train_loss=0.2447 val_acc=0.9106 val_loss=0.2511 router_H=0.4316 best=0.9106
           router_load=[0.034470874816179276, 0.8282731175422668, 0.12919354438781738, 0.008062412030994892]
saved summary -> /home/zhujjing/MOE-grad-conflict-routing/runs/paper_suite/single_gpu/single_task/deberta_sst2_ffn_e4_k2_supplement/hpo/baseline/trial_runs/coord_02_train_weight_decay_013/baseline_s2.json
saved curve -> /home/zhujjing/MOE-grad-conflict-routing/runs/paper_suite/single_gpu/single_task/deberta_sst2_ffn_e4_k2_supplement/hpo/baseline/trial_runs/coord_02_train_weight_decay_013/baseline_s2_curve.csv
