[run] method=baseline candidate=coord_02_train_weight_decay_025 seed=3 steps=150 gpu=0
[run] cmd=
/home/zhujjing/anaconda3/envs/moe/bin/python /home/zhujjing/MOE-grad-conflict-routing/scripts/run.py --config configs/singletask_sst2_real.yaml --set model.backbone_backend=hf --set model.hf_load_pretrained=true --set model.hf_local_files_only=true --set model.backbone=deberta --set model.hf_pretrained_name=microsoft/deberta-v3-base --set model.expert_type=ffn --set model.routing_mode=topk --set model.num_experts=4 --set model.top_k=2 --set seed=3 --set method.name=baseline_avg --set train.steps=150 --set train.eval_every_steps=50 --set train.grad_clip=1 --set train.lr=1.263268742e-05 --set train.weight_decay=0.03284660881 --out /home/zhujjing/MOE-grad-conflict-routing/runs/paper_suite/single_gpu/single_task/deberta_sst2_ffn_e4_k2_supplement/hpo/baseline/trial_runs/coord_02_train_weight_decay_025/baseline_s3.json --curve_out /home/zhujjing/MOE-grad-conflict-routing/runs/paper_suite/single_gpu/single_task/deberta_sst2_ffn_e4_k2_supplement/hpo/baseline/trial_runs/coord_02_train_weight_decay_025/baseline_s3_curve.csv
Using the latest cached version of the dataset since glue couldn't be found on the Hugging Face Hub (offline mode is enabled).
Found the latest cached dataset configuration 'sst2' at /home/zhujjing/hf_cache/datasets/glue/sst2/0.0.0/bcdcba79d07bc864c1c254ccfcedcce55bcc9a8c (last modified on Thu Mar 19 15:01:41 2026).
/home/zhujjing/anaconda3/envs/moe/lib/python3.10/site-packages/transformers/utils/hub.py:124: FutureWarning: Using `TRANSFORMERS_CACHE` is deprecated and will be removed in v5 of Transformers. Use `HF_HOME` instead.
  warnings.warn(
/home/zhujjing/anaconda3/envs/moe/lib/python3.10/site-packages/transformers/convert_slow_tokenizer.py:560: UserWarning: The sentencepiece tokenizer that you are converting to a fast tokenizer uses the byte fallback option which is not implemented in the fast tokenizers. In practice this means that the fast version of the tokenizer can produce unknown tokens whereas the sentencepiece version would have converted these unknown tokens into a sequence of byte tokens matching the original piece of text.
  warnings.warn(
[step 0001/150] method=baseline_avg loss=0.8099 train_acc=nan train_loss=nan val_acc=nan val_loss=nan best=-1.0000
[step 0010/150] method=baseline_avg loss=0.6741 train_acc=nan train_loss=nan val_acc=nan val_loss=nan best=-1.0000
[step 0020/150] method=baseline_avg loss=0.6179 train_acc=nan train_loss=nan val_acc=nan val_loss=nan best=-1.0000
[step 0030/150] method=baseline_avg loss=0.6260 train_acc=nan train_loss=nan val_acc=nan val_loss=nan best=-1.0000
[step 0040/150] method=baseline_avg loss=0.5414 train_acc=nan train_loss=nan val_acc=nan val_loss=nan best=-1.0000
[step 0050/150] method=baseline_avg loss=0.4729 train_acc=0.8691 train_loss=0.3683 val_acc=0.8750 val_loss=0.3556 router_H=0.5558 best=0.8750
           router_load=[0.21755409240722656, 0.6875012516975403, 0.06965619325637817, 0.025288809090852737]
[step 0060/150] method=baseline_avg loss=0.5267 train_acc=0.8691 train_loss=0.3683 val_acc=0.8750 val_loss=0.3556 router_H=0.5558 best=0.8750
           router_load=[0.21755409240722656, 0.6875012516975403, 0.06965619325637817, 0.025288809090852737]
[step 0070/150] method=baseline_avg loss=0.1961 train_acc=0.8691 train_loss=0.3683 val_acc=0.8750 val_loss=0.3556 router_H=0.5558 best=0.8750
           router_load=[0.21755409240722656, 0.6875012516975403, 0.06965619325637817, 0.025288809090852737]
[step 0080/150] method=baseline_avg loss=0.1272 train_acc=0.8691 train_loss=0.3683 val_acc=0.8750 val_loss=0.3556 router_H=0.5558 best=0.8750
           router_load=[0.21755409240722656, 0.6875012516975403, 0.06965619325637817, 0.025288809090852737]
[step 0090/150] method=baseline_avg loss=0.0978 train_acc=0.8691 train_loss=0.3683 val_acc=0.8750 val_loss=0.3556 router_H=0.5558 best=0.8750
           router_load=[0.21755409240722656, 0.6875012516975403, 0.06965619325637817, 0.025288809090852737]
[step 0100/150] method=baseline_avg loss=0.2244 train_acc=0.9074 train_loss=0.2621 val_acc=0.9048 val_loss=0.2404 router_H=0.4982 best=0.9048
           router_load=[0.3429487645626068, 0.6380347609519958, 0.002571598393842578, 0.016444925218820572]
[step 0110/150] method=baseline_avg loss=0.3520 train_acc=0.9074 train_loss=0.2621 val_acc=0.9048 val_loss=0.2404 router_H=0.4982 best=0.9048
           router_load=[0.3429487645626068, 0.6380347609519958, 0.002571598393842578, 0.016444925218820572]
[step 0120/150] method=baseline_avg loss=0.3689 train_acc=0.9074 train_loss=0.2621 val_acc=0.9048 val_loss=0.2404 router_H=0.4982 best=0.9048
           router_load=[0.3429487645626068, 0.6380347609519958, 0.002571598393842578, 0.016444925218820572]
[step 0130/150] method=baseline_avg loss=0.1740 train_acc=0.9074 train_loss=0.2621 val_acc=0.9048 val_loss=0.2404 router_H=0.4982 best=0.9048
           router_load=[0.3429487645626068, 0.6380347609519958, 0.002571598393842578, 0.016444925218820572]
[step 0140/150] method=baseline_avg loss=0.2587 train_acc=0.9074 train_loss=0.2621 val_acc=0.9048 val_loss=0.2404 router_H=0.4982 best=0.9048
           router_load=[0.3429487645626068, 0.6380347609519958, 0.002571598393842578, 0.016444925218820572]
[step 0150/150] method=baseline_avg loss=0.2212 train_acc=0.9210 train_loss=0.2167 val_acc=0.9278 val_loss=0.1898 router_H=0.4416 best=0.9278
           router_load=[0.23962749540805817, 0.7449023127555847, 0.00046826593461446464, 0.01500174030661583]
saved summary -> /home/zhujjing/MOE-grad-conflict-routing/runs/paper_suite/single_gpu/single_task/deberta_sst2_ffn_e4_k2_supplement/hpo/baseline/trial_runs/coord_02_train_weight_decay_025/baseline_s3.json
saved curve -> /home/zhujjing/MOE-grad-conflict-routing/runs/paper_suite/single_gpu/single_task/deberta_sst2_ffn_e4_k2_supplement/hpo/baseline/trial_runs/coord_02_train_weight_decay_025/baseline_s3_curve.csv
