[run] method=baseline candidate=coord_02_train_weight_decay_017 seed=2 steps=150 gpu=0
[run] cmd=
/home/zhujjing/anaconda3/envs/moe/bin/python /home/zhujjing/MOE-grad-conflict-routing/scripts/run.py --config configs/singletask_sst2_real.yaml --set model.backbone_backend=hf --set model.hf_load_pretrained=true --set model.hf_local_files_only=true --set model.backbone=deberta --set model.hf_pretrained_name=microsoft/deberta-v3-base --set model.expert_type=ffn --set model.routing_mode=topk --set model.num_experts=4 --set model.top_k=2 --set seed=2 --set method.name=baseline_avg --set train.steps=150 --set train.eval_every_steps=50 --set train.grad_clip=1 --set train.lr=1.263268742e-05 --set train.weight_decay=0.04458013788 --out /home/zhujjing/MOE-grad-conflict-routing/runs/paper_suite/single_gpu/single_task/deberta_sst2_ffn_e4_k2_supplement/hpo/baseline/trial_runs/coord_02_train_weight_decay_017/baseline_s2.json --curve_out /home/zhujjing/MOE-grad-conflict-routing/runs/paper_suite/single_gpu/single_task/deberta_sst2_ffn_e4_k2_supplement/hpo/baseline/trial_runs/coord_02_train_weight_decay_017/baseline_s2_curve.csv
Using the latest cached version of the dataset since glue couldn't be found on the Hugging Face Hub (offline mode is enabled).
Found the latest cached dataset configuration 'sst2' at /home/zhujjing/hf_cache/datasets/glue/sst2/0.0.0/bcdcba79d07bc864c1c254ccfcedcce55bcc9a8c (last modified on Thu Mar 19 15:01:41 2026).
/home/zhujjing/anaconda3/envs/moe/lib/python3.10/site-packages/transformers/utils/hub.py:124: FutureWarning: Using `TRANSFORMERS_CACHE` is deprecated and will be removed in v5 of Transformers. Use `HF_HOME` instead.
  warnings.warn(
/home/zhujjing/anaconda3/envs/moe/lib/python3.10/site-packages/transformers/convert_slow_tokenizer.py:560: UserWarning: The sentencepiece tokenizer that you are converting to a fast tokenizer uses the byte fallback option which is not implemented in the fast tokenizers. In practice this means that the fast version of the tokenizer can produce unknown tokens whereas the sentencepiece version would have converted these unknown tokens into a sequence of byte tokens matching the original piece of text.
  warnings.warn(
[step 0001/150] method=baseline_avg loss=0.6606 train_acc=nan train_loss=nan val_acc=nan val_loss=nan best=-1.0000
[step 0010/150] method=baseline_avg loss=0.7383 train_acc=nan train_loss=nan val_acc=nan val_loss=nan best=-1.0000
[step 0020/150] method=baseline_avg loss=0.6523 train_acc=nan train_loss=nan val_acc=nan val_loss=nan best=-1.0000
[step 0030/150] method=baseline_avg loss=0.5190 train_acc=nan train_loss=nan val_acc=nan val_loss=nan best=-1.0000
[step 0040/150] method=baseline_avg loss=0.4443 train_acc=nan train_loss=nan val_acc=nan val_loss=nan best=-1.0000
[step 0050/150] method=baseline_avg loss=0.3389 train_acc=0.8126 train_loss=0.4453 val_acc=0.7672 val_loss=0.5046 router_H=0.6255 best=0.7672
           router_load=[0.6535924077033997, 0.029293181374669075, 0.006503134500235319, 0.31061139702796936]
[step 0060/150] method=baseline_avg loss=0.3054 train_acc=0.8126 train_loss=0.4453 val_acc=0.7672 val_loss=0.5046 router_H=0.6255 best=0.7672
           router_load=[0.6535924077033997, 0.029293181374669075, 0.006503134500235319, 0.31061139702796936]
[step 0070/150] method=baseline_avg loss=0.5397 train_acc=0.8126 train_loss=0.4453 val_acc=0.7672 val_loss=0.5046 router_H=0.6255 best=0.7672
           router_load=[0.6535924077033997, 0.029293181374669075, 0.006503134500235319, 0.31061139702796936]
[step 0080/150] method=baseline_avg loss=0.4545 train_acc=0.8126 train_loss=0.4453 val_acc=0.7672 val_loss=0.5046 router_H=0.6255 best=0.7672
           router_load=[0.6535924077033997, 0.029293181374669075, 0.006503134500235319, 0.31061139702796936]
[step 0090/150] method=baseline_avg loss=0.3139 train_acc=0.8126 train_loss=0.4453 val_acc=0.7672 val_loss=0.5046 router_H=0.6255 best=0.7672
           router_load=[0.6535924077033997, 0.029293181374669075, 0.006503134500235319, 0.31061139702796936]
[step 0100/150] method=baseline_avg loss=0.2491 train_acc=0.8933 train_loss=0.2969 val_acc=0.8784 val_loss=0.3286 router_H=0.5330 best=0.8784
           router_load=[0.7573593854904175, 0.026423733681440353, 0.0015263479435816407, 0.21469064056873322]
[step 0110/150] method=baseline_avg loss=0.2795 train_acc=0.8933 train_loss=0.2969 val_acc=0.8784 val_loss=0.3286 router_H=0.5330 best=0.8784
           router_load=[0.7573593854904175, 0.026423733681440353, 0.0015263479435816407, 0.21469064056873322]
[step 0120/150] method=baseline_avg loss=0.5348 train_acc=0.8933 train_loss=0.2969 val_acc=0.8784 val_loss=0.3286 router_H=0.5330 best=0.8784
           router_load=[0.7573593854904175, 0.026423733681440353, 0.0015263479435816407, 0.21469064056873322]
[step 0130/150] method=baseline_avg loss=0.4394 train_acc=0.8933 train_loss=0.2969 val_acc=0.8784 val_loss=0.3286 router_H=0.5330 best=0.8784
           router_load=[0.7573593854904175, 0.026423733681440353, 0.0015263479435816407, 0.21469064056873322]
[step 0140/150] method=baseline_avg loss=0.3553 train_acc=0.8933 train_loss=0.2969 val_acc=0.8784 val_loss=0.3286 router_H=0.5330 best=0.8784
           router_load=[0.7573593854904175, 0.026423733681440353, 0.0015263479435816407, 0.21469064056873322]
[step 0150/150] method=baseline_avg loss=0.3409 train_acc=0.9210 train_loss=0.2318 val_acc=0.9255 val_loss=0.2201 router_H=0.4540 best=0.9255
           router_load=[0.829104483127594, 0.06871658563613892, 0.0010087300324812531, 0.10117053240537643]
saved summary -> /home/zhujjing/MOE-grad-conflict-routing/runs/paper_suite/single_gpu/single_task/deberta_sst2_ffn_e4_k2_supplement/hpo/baseline/trial_runs/coord_02_train_weight_decay_017/baseline_s2.json
saved curve -> /home/zhujjing/MOE-grad-conflict-routing/runs/paper_suite/single_gpu/single_task/deberta_sst2_ffn_e4_k2_supplement/hpo/baseline/trial_runs/coord_02_train_weight_decay_017/baseline_s2_curve.csv
