[run] method=baseline candidate=coord_02_train_weight_decay_001 seed=2 steps=150 gpu=0
[run] cmd=
/home/zhujjing/anaconda3/envs/moe/bin/python /home/zhujjing/MOE-grad-conflict-routing/scripts/run.py --config configs/singletask_sst2_real.yaml --set model.backbone_backend=hf --set model.hf_load_pretrained=true --set model.hf_local_files_only=true --set model.backbone=deberta --set model.hf_pretrained_name=microsoft/deberta-v3-base --set model.expert_type=ffn --set model.routing_mode=topk --set model.num_experts=4 --set model.top_k=2 --set seed=2 --set method.name=baseline_avg --set train.steps=150 --set train.eval_every_steps=50 --set train.grad_clip=1 --set train.lr=1.263268742e-05 --set train.weight_decay=0.006765903978 --out /home/zhujjing/MOE-grad-conflict-routing/runs/paper_suite/single_gpu/single_task/deberta_sst2_ffn_e4_k2_supplement/hpo/baseline/trial_runs/coord_02_train_weight_decay_001/baseline_s2.json --curve_out /home/zhujjing/MOE-grad-conflict-routing/runs/paper_suite/single_gpu/single_task/deberta_sst2_ffn_e4_k2_supplement/hpo/baseline/trial_runs/coord_02_train_weight_decay_001/baseline_s2_curve.csv
Using the latest cached version of the dataset since glue couldn't be found on the Hugging Face Hub (offline mode is enabled).
Found the latest cached dataset configuration 'sst2' at /home/zhujjing/hf_cache/datasets/glue/sst2/0.0.0/bcdcba79d07bc864c1c254ccfcedcce55bcc9a8c (last modified on Thu Mar 19 15:01:41 2026).
/home/zhujjing/anaconda3/envs/moe/lib/python3.10/site-packages/transformers/utils/hub.py:124: FutureWarning: Using `TRANSFORMERS_CACHE` is deprecated and will be removed in v5 of Transformers. Use `HF_HOME` instead.
  warnings.warn(
/home/zhujjing/anaconda3/envs/moe/lib/python3.10/site-packages/transformers/convert_slow_tokenizer.py:560: UserWarning: The sentencepiece tokenizer that you are converting to a fast tokenizer uses the byte fallback option which is not implemented in the fast tokenizers. In practice this means that the fast version of the tokenizer can produce unknown tokens whereas the sentencepiece version would have converted these unknown tokens into a sequence of byte tokens matching the original piece of text.
  warnings.warn(
[step 0001/150] method=baseline_avg loss=0.6528 train_acc=nan train_loss=nan val_acc=nan val_loss=nan best=-1.0000
[step 0010/150] method=baseline_avg loss=0.7095 train_acc=nan train_loss=nan val_acc=nan val_loss=nan best=-1.0000
[step 0020/150] method=baseline_avg loss=0.6524 train_acc=nan train_loss=nan val_acc=nan val_loss=nan best=-1.0000
[step 0030/150] method=baseline_avg loss=0.6106 train_acc=nan train_loss=nan val_acc=nan val_loss=nan best=-1.0000
[step 0040/150] method=baseline_avg loss=0.4432 train_acc=nan train_loss=nan val_acc=nan val_loss=nan best=-1.0000
[step 0050/150] method=baseline_avg loss=0.2982 train_acc=0.8357 train_loss=0.4259 val_acc=0.7878 val_loss=0.4639 router_H=0.5865 best=0.7878
           router_load=[0.0007760962471365929, 0.04158990830183029, 0.40459972620010376, 0.5530343055725098]
[step 0060/150] method=baseline_avg loss=0.3041 train_acc=0.8357 train_loss=0.4259 val_acc=0.7878 val_loss=0.4639 router_H=0.5865 best=0.7878
           router_load=[0.0007760962471365929, 0.04158990830183029, 0.40459972620010376, 0.5530343055725098]
[step 0070/150] method=baseline_avg loss=0.5673 train_acc=0.8357 train_loss=0.4259 val_acc=0.7878 val_loss=0.4639 router_H=0.5865 best=0.7878
           router_load=[0.0007760962471365929, 0.04158990830183029, 0.40459972620010376, 0.5530343055725098]
[step 0080/150] method=baseline_avg loss=0.4326 train_acc=0.8357 train_loss=0.4259 val_acc=0.7878 val_loss=0.4639 router_H=0.5865 best=0.7878
           router_load=[0.0007760962471365929, 0.04158990830183029, 0.40459972620010376, 0.5530343055725098]
[step 0090/150] method=baseline_avg loss=0.1356 train_acc=0.8357 train_loss=0.4259 val_acc=0.7878 val_loss=0.4639 router_H=0.5865 best=0.7878
           router_load=[0.0007760962471365929, 0.04158990830183029, 0.40459972620010376, 0.5530343055725098]
[step 0100/150] method=baseline_avg loss=0.1633 train_acc=0.9025 train_loss=0.2790 val_acc=0.8956 val_loss=0.2900 router_H=0.4631 best=0.8956
           router_load=[7.799929881002754e-05, 0.003604602301493287, 0.4186038374900818, 0.5777134299278259]
[step 0110/150] method=baseline_avg loss=0.2069 train_acc=0.9025 train_loss=0.2790 val_acc=0.8956 val_loss=0.2900 router_H=0.4631 best=0.8956
           router_load=[7.799929881002754e-05, 0.003604602301493287, 0.4186038374900818, 0.5777134299278259]
[step 0120/150] method=baseline_avg loss=0.2457 train_acc=0.9025 train_loss=0.2790 val_acc=0.8956 val_loss=0.2900 router_H=0.4631 best=0.8956
           router_load=[7.799929881002754e-05, 0.003604602301493287, 0.4186038374900818, 0.5777134299278259]
[step 0130/150] method=baseline_avg loss=0.2723 train_acc=0.9025 train_loss=0.2790 val_acc=0.8956 val_loss=0.2900 router_H=0.4631 best=0.8956
           router_load=[7.799929881002754e-05, 0.003604602301493287, 0.4186038374900818, 0.5777134299278259]
[step 0140/150] method=baseline_avg loss=0.2794 train_acc=0.9025 train_loss=0.2790 val_acc=0.8956 val_loss=0.2900 router_H=0.4631 best=0.8956
           router_load=[7.799929881002754e-05, 0.003604602301493287, 0.4186038374900818, 0.5777134299278259]
[step 0150/150] method=baseline_avg loss=0.3174 train_acc=0.9108 train_loss=0.2746 val_acc=0.9037 val_loss=0.2746 router_H=0.3761 best=0.9037
           router_load=[0.0008791815489530563, 0.027466200292110443, 0.40524640679359436, 0.5664082169532776]
saved summary -> /home/zhujjing/MOE-grad-conflict-routing/runs/paper_suite/single_gpu/single_task/deberta_sst2_ffn_e4_k2_supplement/hpo/baseline/trial_runs/coord_02_train_weight_decay_001/baseline_s2.json
saved curve -> /home/zhujjing/MOE-grad-conflict-routing/runs/paper_suite/single_gpu/single_task/deberta_sst2_ffn_e4_k2_supplement/hpo/baseline/trial_runs/coord_02_train_weight_decay_001/baseline_s2_curve.csv
