[run] method=ours candidate=local_var_topk_066 seed=3 steps=200 gpu=0
[run] cmd=
/root/miniconda3/envs/optimization/bin/python /root/Optimization/MOE-grad-conflict-routing/scripts/run.py --config configs/singletask_rte_real.yaml --set model.backbone_backend=hf --set model.hf_load_pretrained=true --set model.backbone=roberta --set model.hf_pretrained_name=roberta-base --set model.expert_type=ffn --set model.routing_mode=topk --set model.num_experts=4 --set model.top_k=2 --set train.lr=2.5551784142791192e-05 --set seed=3 --set method.name=ours --set train.steps=200 --set train.eval_every_steps=50 --set method.ours.use_load_norm=true --set method.ours.lambda_align=0.005831506553 --set train.grad_clip=0.8690175238 --set train.lr=3.9610662e-05 --set train.weight_decay=0.01262791402 --out /root/Optimization/MOE-grad-conflict-routing/runs/paper_suite_supplement/single_task_add_rerun/rerun/roberta_rte_ffn_e4_k2_ours_lr_centered/hpo/ours/trial_runs/local_var_topk_066/ours_s3.json --curve_out /root/Optimization/MOE-grad-conflict-routing/runs/paper_suite_supplement/single_task_add_rerun/rerun/roberta_rte_ffn_e4_k2_ours_lr_centered/hpo/ours/trial_runs/local_var_topk_066/ours_s3_curve.csv
Using the latest cached version of the dataset since glue couldn't be found on the Hugging Face Hub (offline mode is enabled).
Found the latest cached dataset configuration 'rte' at /root/.cache/huggingface/datasets/glue/rte/0.0.0/bcdcba79d07bc864c1c254ccfcedcce55bcc9a8c (last modified on Sun Mar 22 21:39:13 2026).
Loading weights:   0%|          | 0/197 [00:00<?, ?it/s]Loading weights: 100%|██████████| 197/197 [00:00<00:00, 3883.29it/s]
[1mRobertaModel LOAD REPORT[0m from: roberta-base
Key                             | Status     | 
--------------------------------+------------+-
lm_head.dense.bias              | UNEXPECTED | 
lm_head.layer_norm.weight       | UNEXPECTED | 
lm_head.dense.weight            | UNEXPECTED | 
roberta.embeddings.position_ids | UNEXPECTED | 
lm_head.layer_norm.bias         | UNEXPECTED | 
lm_head.bias                    | UNEXPECTED | 
pooler.dense.weight             | MISSING    | 
pooler.dense.bias               | MISSING    | 

[3mNotes:
- UNEXPECTED[3m	:can be ignored when loading from different task/architecture; not ok if you expect identical arch.
- MISSING[3m	:those params were newly initialized because missing from the checkpoint. Consider training on your downstream task.[0m
[step 0001/200] method=ours loss=0.7027 train_acc=nan train_loss=nan val_acc=nan val_loss=nan best=-1.0000
[step 0010/200] method=ours loss=0.6972 train_acc=nan train_loss=nan val_acc=nan val_loss=nan best=-1.0000
[step 0020/200] method=ours loss=0.6978 train_acc=nan train_loss=nan val_acc=nan val_loss=nan best=-1.0000
[step 0030/200] method=ours loss=0.6900 train_acc=nan train_loss=nan val_acc=nan val_loss=nan best=-1.0000
[step 0040/200] method=ours loss=0.6758 train_acc=nan train_loss=nan val_acc=nan val_loss=nan best=-1.0000
[step 0050/200] method=ours loss=0.6303 train_acc=0.6261 train_loss=0.6491 val_acc=0.6029 val_loss=0.6702 router_H=0.6552 best=0.6029
           router_load=[0.5640348196029663, 0.08578845113515854, 0.0013209687313064933, 0.3488558232784271]
[step 0060/200] method=ours loss=0.6895 train_acc=0.6261 train_loss=0.6491 val_acc=0.6029 val_loss=0.6702 router_H=0.6552 best=0.6029
           router_load=[0.5640348196029663, 0.08578845113515854, 0.0013209687313064933, 0.3488558232784271]
[step 0070/200] method=ours loss=0.6885 train_acc=0.6261 train_loss=0.6491 val_acc=0.6029 val_loss=0.6702 router_H=0.6552 best=0.6029
           router_load=[0.5640348196029663, 0.08578845113515854, 0.0013209687313064933, 0.3488558232784271]
[step 0080/200] method=ours loss=0.6703 train_acc=0.6261 train_loss=0.6491 val_acc=0.6029 val_loss=0.6702 router_H=0.6552 best=0.6029
           router_load=[0.5640348196029663, 0.08578845113515854, 0.0013209687313064933, 0.3488558232784271]
[step 0090/200] method=ours loss=0.6271 train_acc=0.6261 train_loss=0.6491 val_acc=0.6029 val_loss=0.6702 router_H=0.6552 best=0.6029
           router_load=[0.5640348196029663, 0.08578845113515854, 0.0013209687313064933, 0.3488558232784271]
[step 0100/200] method=ours loss=0.8009 train_acc=0.7052 train_loss=0.6050 val_acc=0.6282 val_loss=0.6464 router_H=0.6690 best=0.6282
           router_load=[0.5238004326820374, 0.0, 0.0036485083401203156, 0.4725510776042938]
[step 0110/200] method=ours loss=0.6569 train_acc=0.7052 train_loss=0.6050 val_acc=0.6282 val_loss=0.6464 router_H=0.6690 best=0.6282
           router_load=[0.5238004326820374, 0.0, 0.0036485083401203156, 0.4725510776042938]
[step 0120/200] method=ours loss=0.7215 train_acc=0.7052 train_loss=0.6050 val_acc=0.6282 val_loss=0.6464 router_H=0.6690 best=0.6282
           router_load=[0.5238004326820374, 0.0, 0.0036485083401203156, 0.4725510776042938]
[step 0130/200] method=ours loss=0.6783 train_acc=0.7052 train_loss=0.6050 val_acc=0.6282 val_loss=0.6464 router_H=0.6690 best=0.6282
           router_load=[0.5238004326820374, 0.0, 0.0036485083401203156, 0.4725510776042938]
[step 0140/200] method=ours loss=0.6169 train_acc=0.7052 train_loss=0.6050 val_acc=0.6282 val_loss=0.6464 router_H=0.6690 best=0.6282
           router_load=[0.5238004326820374, 0.0, 0.0036485083401203156, 0.4725510776042938]
[step 0150/200] method=ours loss=0.5855 train_acc=0.7454 train_loss=0.5672 val_acc=0.7112 val_loss=0.5913 router_H=0.6765 best=0.7112
           router_load=[0.4809824824333191, 0.0, 0.03308172896504402, 0.4859358072280884]
[step 0160/200] method=ours loss=0.6952 train_acc=0.7454 train_loss=0.5672 val_acc=0.7112 val_loss=0.5913 router_H=0.6765 best=0.7112
           router_load=[0.4809824824333191, 0.0, 0.03308172896504402, 0.4859358072280884]
[step 0170/200] method=ours loss=0.5681 train_acc=0.7454 train_loss=0.5672 val_acc=0.7112 val_loss=0.5913 router_H=0.6765 best=0.7112
           router_load=[0.4809824824333191, 0.0, 0.03308172896504402, 0.4859358072280884]
[step 0180/200] method=ours loss=1.5127 train_acc=0.7454 train_loss=0.5672 val_acc=0.7112 val_loss=0.5913 router_H=0.6765 best=0.7112
           router_load=[0.4809824824333191, 0.0, 0.03308172896504402, 0.4859358072280884]
[step 0190/200] method=ours loss=0.5784 train_acc=0.7454 train_loss=0.5672 val_acc=0.7112 val_loss=0.5913 router_H=0.6765 best=0.7112
           router_load=[0.4809824824333191, 0.0, 0.03308172896504402, 0.4859358072280884]
[step 0200/200] method=ours loss=0.4481 train_acc=0.7301 train_loss=0.5631 val_acc=0.6354 val_loss=0.6781 router_H=0.6447 best=0.7112
           router_load=[0.5733170509338379, 0.0020781471394002438, 0.0, 0.4246048033237457]
saved summary -> /root/Optimization/MOE-grad-conflict-routing/runs/paper_suite_supplement/single_task_add_rerun/rerun/roberta_rte_ffn_e4_k2_ours_lr_centered/hpo/ours/trial_runs/local_var_topk_066/ours_s3.json
saved curve -> /root/Optimization/MOE-grad-conflict-routing/runs/paper_suite_supplement/single_task_add_rerun/rerun/roberta_rte_ffn_e4_k2_ours_lr_centered/hpo/ours/trial_runs/local_var_topk_066/ours_s3_curve.csv
