[run] method=ours candidate=local_var_topk_053 seed=3 steps=200 gpu=0
[run] cmd=
/root/miniconda3/envs/optimization/bin/python /root/Optimization/MOE-grad-conflict-routing/scripts/run.py --config configs/singletask_rte_real.yaml --set model.backbone_backend=hf --set model.hf_load_pretrained=true --set model.backbone=roberta --set model.hf_pretrained_name=roberta-base --set model.expert_type=ffn --set model.routing_mode=topk --set model.num_experts=4 --set model.top_k=2 --set train.lr=2.5551784142791192e-05 --set seed=3 --set method.name=ours --set train.steps=200 --set train.eval_every_steps=50 --set method.ours.use_load_norm=true --set method.ours.lambda_align=0.02332602621 --set train.grad_clip=1.169017524 --set train.lr=1.9805331e-05 --set train.weight_decay=0.02262791402 --out /root/Optimization/MOE-grad-conflict-routing/runs/paper_suite_supplement/single_task_add_rerun/rerun/roberta_rte_ffn_e4_k2_ours_lr_centered/hpo/ours/trial_runs/local_var_topk_053/ours_s3.json --curve_out /root/Optimization/MOE-grad-conflict-routing/runs/paper_suite_supplement/single_task_add_rerun/rerun/roberta_rte_ffn_e4_k2_ours_lr_centered/hpo/ours/trial_runs/local_var_topk_053/ours_s3_curve.csv
Using the latest cached version of the dataset since glue couldn't be found on the Hugging Face Hub (offline mode is enabled).
Found the latest cached dataset configuration 'rte' at /root/.cache/huggingface/datasets/glue/rte/0.0.0/bcdcba79d07bc864c1c254ccfcedcce55bcc9a8c (last modified on Sun Mar 22 21:39:13 2026).
Loading weights:   0%|          | 0/197 [00:00<?, ?it/s]Loading weights: 100%|██████████| 197/197 [00:00<00:00, 3957.29it/s]
[1mRobertaModel LOAD REPORT[0m from: roberta-base
Key                             | Status     | 
--------------------------------+------------+-
lm_head.layer_norm.bias         | UNEXPECTED | 
lm_head.dense.bias              | UNEXPECTED | 
roberta.embeddings.position_ids | UNEXPECTED | 
lm_head.layer_norm.weight       | UNEXPECTED | 
lm_head.bias                    | UNEXPECTED | 
lm_head.dense.weight            | UNEXPECTED | 
pooler.dense.weight             | MISSING    | 
pooler.dense.bias               | MISSING    | 

[3mNotes:
- UNEXPECTED[3m	:can be ignored when loading from different task/architecture; not ok if you expect identical arch.
- MISSING[3m	:those params were newly initialized because missing from the checkpoint. Consider training on your downstream task.[0m
[step 0001/200] method=ours loss=0.6853 train_acc=nan train_loss=nan val_acc=nan val_loss=nan best=-1.0000
[step 0010/200] method=ours loss=0.6872 train_acc=nan train_loss=nan val_acc=nan val_loss=nan best=-1.0000
[step 0020/200] method=ours loss=0.6879 train_acc=nan train_loss=nan val_acc=nan val_loss=nan best=-1.0000
[step 0030/200] method=ours loss=0.6788 train_acc=nan train_loss=nan val_acc=nan val_loss=nan best=-1.0000
[step 0040/200] method=ours loss=0.6418 train_acc=nan train_loss=nan val_acc=nan val_loss=nan best=-1.0000
[step 0050/200] method=ours loss=0.6571 train_acc=0.6281 train_loss=0.6531 val_acc=0.5848 val_loss=0.6775 router_H=0.6758 best=0.5848
           router_load=[0.3906227648258209, 0.4860874116420746, 0.0, 0.1232898011803627]
[step 0060/200] method=ours loss=0.6069 train_acc=0.6281 train_loss=0.6531 val_acc=0.5848 val_loss=0.6775 router_H=0.6758 best=0.5848
           router_load=[0.3906227648258209, 0.4860874116420746, 0.0, 0.1232898011803627]
[step 0070/200] method=ours loss=0.7007 train_acc=0.6281 train_loss=0.6531 val_acc=0.5848 val_loss=0.6775 router_H=0.6758 best=0.5848
           router_load=[0.3906227648258209, 0.4860874116420746, 0.0, 0.1232898011803627]
[step 0080/200] method=ours loss=0.5181 train_acc=0.6281 train_loss=0.6531 val_acc=0.5848 val_loss=0.6775 router_H=0.6758 best=0.5848
           router_load=[0.3906227648258209, 0.4860874116420746, 0.0, 0.1232898011803627]
[step 0090/200] method=ours loss=0.6137 train_acc=0.6281 train_loss=0.6531 val_acc=0.5848 val_loss=0.6775 router_H=0.6758 best=0.5848
           router_load=[0.3906227648258209, 0.4860874116420746, 0.0, 0.1232898011803627]
[step 0100/200] method=ours loss=0.5798 train_acc=0.6908 train_loss=0.5882 val_acc=0.6498 val_loss=0.6016 router_H=0.6573 best=0.6498
           router_load=[0.5277964472770691, 0.4555714428424835, 0.0, 0.016632063314318657]
[step 0110/200] method=ours loss=0.6193 train_acc=0.6908 train_loss=0.5882 val_acc=0.6498 val_loss=0.6016 router_H=0.6573 best=0.6498
           router_load=[0.5277964472770691, 0.4555714428424835, 0.0, 0.016632063314318657]
[step 0120/200] method=ours loss=0.7479 train_acc=0.6908 train_loss=0.5882 val_acc=0.6498 val_loss=0.6016 router_H=0.6573 best=0.6498
           router_load=[0.5277964472770691, 0.4555714428424835, 0.0, 0.016632063314318657]
[step 0130/200] method=ours loss=0.6876 train_acc=0.6908 train_loss=0.5882 val_acc=0.6498 val_loss=0.6016 router_H=0.6573 best=0.6498
           router_load=[0.5277964472770691, 0.4555714428424835, 0.0, 0.016632063314318657]
[step 0140/200] method=ours loss=0.5594 train_acc=0.6908 train_loss=0.5882 val_acc=0.6498 val_loss=0.6016 router_H=0.6573 best=0.6498
           router_load=[0.5277964472770691, 0.4555714428424835, 0.0, 0.016632063314318657]
[step 0150/200] method=ours loss=0.4811 train_acc=0.7687 train_loss=0.5030 val_acc=0.6895 val_loss=0.5708 router_H=0.6478 best=0.6895
           router_load=[0.4194847345352173, 0.57831209897995, 0.0, 0.0022031168919056654]
[step 0160/200] method=ours loss=0.5789 train_acc=0.7687 train_loss=0.5030 val_acc=0.6895 val_loss=0.5708 router_H=0.6478 best=0.6895
           router_load=[0.4194847345352173, 0.57831209897995, 0.0, 0.0022031168919056654]
[step 0170/200] method=ours loss=0.5740 train_acc=0.7687 train_loss=0.5030 val_acc=0.6895 val_loss=0.5708 router_H=0.6478 best=0.6895
           router_load=[0.4194847345352173, 0.57831209897995, 0.0, 0.0022031168919056654]
[step 0180/200] method=ours loss=0.9318 train_acc=0.7687 train_loss=0.5030 val_acc=0.6895 val_loss=0.5708 router_H=0.6478 best=0.6895
           router_load=[0.4194847345352173, 0.57831209897995, 0.0, 0.0022031168919056654]
[step 0190/200] method=ours loss=0.5679 train_acc=0.7687 train_loss=0.5030 val_acc=0.6895 val_loss=0.5708 router_H=0.6478 best=0.6895
           router_load=[0.4194847345352173, 0.57831209897995, 0.0, 0.0022031168919056654]
[step 0200/200] method=ours loss=0.3677 train_acc=0.7815 train_loss=0.4636 val_acc=0.7148 val_loss=0.5745 router_H=0.6030 best=0.7148
           router_load=[0.4328446090221405, 0.5050832629203796, 0.0, 0.06207194924354553]
saved summary -> /root/Optimization/MOE-grad-conflict-routing/runs/paper_suite_supplement/single_task_add_rerun/rerun/roberta_rte_ffn_e4_k2_ours_lr_centered/hpo/ours/trial_runs/local_var_topk_053/ours_s3.json
saved curve -> /root/Optimization/MOE-grad-conflict-routing/runs/paper_suite_supplement/single_task_add_rerun/rerun/roberta_rte_ffn_e4_k2_ours_lr_centered/hpo/ours/trial_runs/local_var_topk_053/ours_s3_curve.csv
