[run] method=baseline candidate=coord_03_train_grad_clip_009 seed=2 steps=200 gpu=0
[run] cmd=
/home/zhujjing/anaconda3/envs/moe/bin/python /home/zhujjing/MOE-grad-conflict-routing/scripts/run.py --config configs/multitask_glue3_rte_mrpc_cola_real.yaml --set model.backbone_backend=hf --set model.hf_load_pretrained=true --set model.hf_local_files_only=true --set model.backbone=gpt2 --set model.hf_pretrained_name=gpt2-medium --set model.expert_type=lora --set model.routing_mode=topk --set model.num_experts=4 --set model.top_k=2 --set train.eval_train_fraction=0.10 --set train.eval_train_max_batches=-1 --set train.eval_max_batches=-1 --set seed=2 --set method.name=baseline_avg --set train.steps=200 --set train.eval_every_steps=100 --set train.grad_clip=1.511233607 --set train.lr=2.555178414e-05 --set train.weight_decay=0.01 --out /home/zhujjing/MOE-grad-conflict-routing/runs/paper_suite/single_gpu/multi_task/glue3_gpt2_lora_e4_k2/hpo/baseline/trial_runs/coord_03_train_grad_clip_009/baseline_s2.json --curve_out /home/zhujjing/MOE-grad-conflict-routing/runs/paper_suite/single_gpu/multi_task/glue3_gpt2_lora_e4_k2/hpo/baseline/trial_runs/coord_03_train_grad_clip_009/baseline_s2_curve.csv
Using the latest cached version of the dataset since glue couldn't be found on the Hugging Face Hub (offline mode is enabled).
Found the latest cached dataset configuration 'rte' at /home/zhujjing/hf_cache/datasets/glue/rte/0.0.0/bcdcba79d07bc864c1c254ccfcedcce55bcc9a8c (last modified on Thu Mar 19 15:00:36 2026).
/home/zhujjing/anaconda3/envs/moe/lib/python3.10/site-packages/transformers/utils/hub.py:124: FutureWarning: Using `TRANSFORMERS_CACHE` is deprecated and will be removed in v5 of Transformers. Use `HF_HOME` instead.
  warnings.warn(
Using the latest cached version of the dataset since glue couldn't be found on the Hugging Face Hub (offline mode is enabled).
Found the latest cached dataset configuration 'mrpc' at /home/zhujjing/hf_cache/datasets/glue/mrpc/0.0.0/bcdcba79d07bc864c1c254ccfcedcce55bcc9a8c (last modified on Thu Mar 19 15:01:06 2026).
Using the latest cached version of the dataset since glue couldn't be found on the Hugging Face Hub (offline mode is enabled).
Found the latest cached dataset configuration 'cola' at /home/zhujjing/hf_cache/datasets/glue/cola/0.0.0/bcdcba79d07bc864c1c254ccfcedcce55bcc9a8c (last modified on Thu Mar 19 15:02:09 2026).
[step 0001/200] method=baseline_avg loss=1.0570 train_acc=nan train_loss=nan val_acc=nan val_loss=nan best=-1.0000
[step 0010/200] method=baseline_avg loss=0.5719 train_acc=nan train_loss=nan val_acc=nan val_loss=nan best=-1.0000
[step 0020/200] method=baseline_avg loss=0.6158 train_acc=nan train_loss=nan val_acc=nan val_loss=nan best=-1.0000
[step 0030/200] method=baseline_avg loss=0.6930 train_acc=nan train_loss=nan val_acc=nan val_loss=nan best=-1.0000
[step 0040/200] method=baseline_avg loss=0.7546 train_acc=nan train_loss=nan val_acc=nan val_loss=nan best=-1.0000
[step 0050/200] method=baseline_avg loss=0.6321 train_acc=nan train_loss=nan val_acc=nan val_loss=nan best=-1.0000
[step 0060/200] method=baseline_avg loss=0.6814 train_acc=nan train_loss=nan val_acc=nan val_loss=nan best=-1.0000
[step 0070/200] method=baseline_avg loss=0.6509 train_acc=nan train_loss=nan val_acc=nan val_loss=nan best=-1.0000
[step 0080/200] method=baseline_avg loss=0.7043 train_acc=nan train_loss=nan val_acc=nan val_loss=nan best=-1.0000
[step 0090/200] method=baseline_avg loss=0.7722 train_acc=nan train_loss=nan val_acc=nan val_loss=nan best=-1.0000
[step 0100/200] method=baseline_avg loss=0.7595 train_acc=0.6599 train_loss=0.6172 val_acc=0.6470 val_loss=0.6176 router_H=0.3934 best=0.6470
           router_load=[0.0011164946481585503, 0.8492962718009949, 0.14958728849887848, 0.0]
[step 0110/200] method=baseline_avg loss=0.6538 train_acc=0.6599 train_loss=0.6172 val_acc=0.6470 val_loss=0.6176 router_H=0.3934 best=0.6470
           router_load=[0.0011164946481585503, 0.8492962718009949, 0.14958728849887848, 0.0]
[step 0120/200] method=baseline_avg loss=0.6166 train_acc=0.6599 train_loss=0.6172 val_acc=0.6470 val_loss=0.6176 router_H=0.3934 best=0.6470
           router_load=[0.0011164946481585503, 0.8492962718009949, 0.14958728849887848, 0.0]
[step 0130/200] method=baseline_avg loss=0.4456 train_acc=0.6599 train_loss=0.6172 val_acc=0.6470 val_loss=0.6176 router_H=0.3934 best=0.6470
           router_load=[0.0011164946481585503, 0.8492962718009949, 0.14958728849887848, 0.0]
[step 0140/200] method=baseline_avg loss=0.5567 train_acc=0.6599 train_loss=0.6172 val_acc=0.6470 val_loss=0.6176 router_H=0.3934 best=0.6470
           router_load=[0.0011164946481585503, 0.8492962718009949, 0.14958728849887848, 0.0]
[step 0150/200] method=baseline_avg loss=0.5160 train_acc=0.6599 train_loss=0.6172 val_acc=0.6470 val_loss=0.6176 router_H=0.3934 best=0.6470
           router_load=[0.0011164946481585503, 0.8492962718009949, 0.14958728849887848, 0.0]
[step 0160/200] method=baseline_avg loss=0.6827 train_acc=0.6599 train_loss=0.6172 val_acc=0.6470 val_loss=0.6176 router_H=0.3934 best=0.6470
           router_load=[0.0011164946481585503, 0.8492962718009949, 0.14958728849887848, 0.0]
[step 0170/200] method=baseline_avg loss=0.6875 train_acc=0.6599 train_loss=0.6172 val_acc=0.6470 val_loss=0.6176 router_H=0.3934 best=0.6470
           router_load=[0.0011164946481585503, 0.8492962718009949, 0.14958728849887848, 0.0]
[step 0180/200] method=baseline_avg loss=0.6735 train_acc=0.6599 train_loss=0.6172 val_acc=0.6470 val_loss=0.6176 router_H=0.3934 best=0.6470
           router_load=[0.0011164946481585503, 0.8492962718009949, 0.14958728849887848, 0.0]
[step 0190/200] method=baseline_avg loss=0.6189 train_acc=0.6599 train_loss=0.6172 val_acc=0.6470 val_loss=0.6176 router_H=0.3934 best=0.6470
           router_load=[0.0011164946481585503, 0.8492962718009949, 0.14958728849887848, 0.0]
[step 0200/200] method=baseline_avg loss=0.6143 train_acc=0.6628 train_loss=0.5887 val_acc=0.6459 val_loss=0.6136 router_H=0.6318 best=0.6470
           router_load=[0.0043894583359360695, 0.6190594434738159, 0.37655138969421387, 0.0]
saved summary -> /home/zhujjing/MOE-grad-conflict-routing/runs/paper_suite/single_gpu/multi_task/glue3_gpt2_lora_e4_k2/hpo/baseline/trial_runs/coord_03_train_grad_clip_009/baseline_s2.json
saved curve -> /home/zhujjing/MOE-grad-conflict-routing/runs/paper_suite/single_gpu/multi_task/glue3_gpt2_lora_e4_k2/hpo/baseline/trial_runs/coord_03_train_grad_clip_009/baseline_s2_curve.csv
