[run] method=baseline candidate=local_var_topk_020 seed=2 steps=150 gpu=0
[run] cmd=
/home/zhujjing/anaconda3/envs/moe/bin/python /home/zhujjing/MOE-grad-conflict-routing/scripts/run.py --config configs/singletask_rte_real.yaml --set model.backbone_backend=hf --set model.hf_load_pretrained=true --set model.backbone=deberta --set model.hf_pretrained_name=microsoft/deberta-v3-base --set model.expert_type=ffn --set model.routing_mode=topk --set model.num_experts=4 --set model.top_k=2 --set seed=2 --set method.name=baseline_avg --set train.steps=150 --set train.eval_every_steps=50 --set train.grad_clip=1.3 --set train.lr=5.1103568e-05 --set train.weight_decay=0.03603734299 --out /home/zhujjing/MOE-grad-conflict-routing/runs/paper_suite/single_gpu/single_task/deberta_rte_ffn_e4_k2/hpo/baseline/trial_runs/local_var_topk_020/baseline_s2.json --curve_out /home/zhujjing/MOE-grad-conflict-routing/runs/paper_suite/single_gpu/single_task/deberta_rte_ffn_e4_k2/hpo/baseline/trial_runs/local_var_topk_020/baseline_s2_curve.csv
Using the latest cached version of the dataset since glue couldn't be found on the Hugging Face Hub (offline mode is enabled).
Found the latest cached dataset configuration 'rte' at /home/zhujjing/hf_cache/datasets/glue/rte/0.0.0/bcdcba79d07bc864c1c254ccfcedcce55bcc9a8c (last modified on Thu Mar 19 15:00:36 2026).
/home/zhujjing/anaconda3/envs/moe/lib/python3.10/site-packages/transformers/utils/hub.py:124: FutureWarning: Using `TRANSFORMERS_CACHE` is deprecated and will be removed in v5 of Transformers. Use `HF_HOME` instead.
  warnings.warn(
/home/zhujjing/anaconda3/envs/moe/lib/python3.10/site-packages/transformers/convert_slow_tokenizer.py:560: UserWarning: The sentencepiece tokenizer that you are converting to a fast tokenizer uses the byte fallback option which is not implemented in the fast tokenizers. In practice this means that the fast version of the tokenizer can produce unknown tokens whereas the sentencepiece version would have converted these unknown tokens into a sequence of byte tokens matching the original piece of text.
  warnings.warn(
[step 0001/150] method=baseline_avg loss=0.6955 train_acc=nan train_loss=nan val_acc=nan val_loss=nan best=-1.0000
[step 0010/150] method=baseline_avg loss=0.8234 train_acc=nan train_loss=nan val_acc=nan val_loss=nan best=-1.0000
[step 0020/150] method=baseline_avg loss=0.6481 train_acc=nan train_loss=nan val_acc=nan val_loss=nan best=-1.0000
[step 0030/150] method=baseline_avg loss=0.5837 train_acc=nan train_loss=nan val_acc=nan val_loss=nan best=-1.0000
[step 0040/150] method=baseline_avg loss=0.7028 train_acc=nan train_loss=nan val_acc=nan val_loss=nan best=-1.0000
[step 0050/150] method=baseline_avg loss=0.5848 train_acc=0.7614 train_loss=0.5117 val_acc=0.7256 val_loss=0.5513 router_H=0.6461 best=0.7256
           router_load=[0.5763799548149109, 0.0017368998378515244, 0.4084492623806, 0.013433922082185745]
[step 0060/150] method=baseline_avg loss=0.4711 train_acc=0.7614 train_loss=0.5117 val_acc=0.7256 val_loss=0.5513 router_H=0.6461 best=0.7256
           router_load=[0.5763799548149109, 0.0017368998378515244, 0.4084492623806, 0.013433922082185745]
[step 0070/150] method=baseline_avg loss=0.6157 train_acc=0.7614 train_loss=0.5117 val_acc=0.7256 val_loss=0.5513 router_H=0.6461 best=0.7256
           router_load=[0.5763799548149109, 0.0017368998378515244, 0.4084492623806, 0.013433922082185745]
[step 0080/150] method=baseline_avg loss=0.6060 train_acc=0.7614 train_loss=0.5117 val_acc=0.7256 val_loss=0.5513 router_H=0.6461 best=0.7256
           router_load=[0.5763799548149109, 0.0017368998378515244, 0.4084492623806, 0.013433922082185745]
[step 0090/150] method=baseline_avg loss=0.3056 train_acc=0.7614 train_loss=0.5117 val_acc=0.7256 val_loss=0.5513 router_H=0.6461 best=0.7256
           router_load=[0.5763799548149109, 0.0017368998378515244, 0.4084492623806, 0.013433922082185745]
[step 0100/150] method=baseline_avg loss=0.3360 train_acc=0.8759 train_loss=0.3186 val_acc=0.8231 val_loss=0.4400 router_H=0.5979 best=0.8231
           router_load=[0.6223639845848083, 0.0, 0.27028897404670715, 0.1073470190167427]
[step 0110/150] method=baseline_avg loss=0.4293 train_acc=0.8759 train_loss=0.3186 val_acc=0.8231 val_loss=0.4400 router_H=0.5979 best=0.8231
           router_load=[0.6223639845848083, 0.0, 0.27028897404670715, 0.1073470190167427]
[step 0120/150] method=baseline_avg loss=0.2334 train_acc=0.8759 train_loss=0.3186 val_acc=0.8231 val_loss=0.4400 router_H=0.5979 best=0.8231
           router_load=[0.6223639845848083, 0.0, 0.27028897404670715, 0.1073470190167427]
[step 0130/150] method=baseline_avg loss=0.5886 train_acc=0.8759 train_loss=0.3186 val_acc=0.8231 val_loss=0.4400 router_H=0.5979 best=0.8231
           router_load=[0.6223639845848083, 0.0, 0.27028897404670715, 0.1073470190167427]
[step 0140/150] method=baseline_avg loss=0.7522 train_acc=0.8759 train_loss=0.3186 val_acc=0.8231 val_loss=0.4400 router_H=0.5979 best=0.8231
           router_load=[0.6223639845848083, 0.0, 0.27028897404670715, 0.1073470190167427]
[step 0150/150] method=baseline_avg loss=0.8079 train_acc=0.8606 train_loss=0.3392 val_acc=0.7545 val_loss=0.4837 router_H=0.4086 best=0.8231
           router_load=[0.8289995193481445, 0.04199330136179924, 0.12900714576244354, 0.0]
saved summary -> /home/zhujjing/MOE-grad-conflict-routing/runs/paper_suite/single_gpu/single_task/deberta_rte_ffn_e4_k2/hpo/baseline/trial_runs/local_var_topk_020/baseline_s2.json
saved curve -> /home/zhujjing/MOE-grad-conflict-routing/runs/paper_suite/single_gpu/single_task/deberta_rte_ffn_e4_k2/hpo/baseline/trial_runs/local_var_topk_020/baseline_s2_curve.csv
