[run] method=cagrad candidate=coord_05_method_baseline_cagrad_inner_lr_002 seed=3 steps=200 gpu=0
[run] cmd=
/root/miniconda3/envs/optimization/bin/python /root/Optimization/MOE-grad-conflict-routing-appendix2/scripts/run.py --config configs/multitask_textcls_local_sst2_yelp_amazon_real.yaml --set model.backbone_backend=hf --set model.hf_load_pretrained=true --set model.hf_local_files_only=true --set model.routing_mode=topk --set model.expert_type=lora --set model.num_experts=4 --set model.top_k=2 --set data.train_size=20000 --set data.val_size=4000 --set model.backbone=roberta --set model.hf_pretrained_name=roberta-base --set train.eval_val_fraction=0.2 --set train.skip_train_eval=true --set seed=3 --set method.name=baseline_cagrad --set train.steps=200 --set train.eval_every_steps=100 --set method.baseline_cagrad.c=0.2149024878 --set method.baseline_cagrad.inner_lr=0.1871039382 --set train.grad_clip=1.511233607 --set train.lr=2.555178414e-05 --set train.weight_decay=0.0494133814 --out /root/Optimization/MOE-grad-conflict-routing-appendix2/runs/paper_suite_supplement/appendix/multi_dataset_real/roberta_lora_e4_k2/_method_workers/cagrad/hpo/cagrad/trial_runs/coord_05_method_baseline_cagrad_inner_lr_002/cagrad_s3.json --curve_out /root/Optimization/MOE-grad-conflict-routing-appendix2/runs/paper_suite_supplement/appendix/multi_dataset_real/roberta_lora_e4_k2/_method_workers/cagrad/hpo/cagrad/trial_runs/coord_05_method_baseline_cagrad_inner_lr_002/cagrad_s3_curve.csv
Loading weights:   0%|          | 0/197 [00:00<?, ?it/s]Loading weights: 100%|██████████| 197/197 [00:00<00:00, 17397.52it/s]
[1mRobertaModel LOAD REPORT[0m from: roberta-base
Key                             | Status     | 
--------------------------------+------------+-
lm_head.layer_norm.weight       | UNEXPECTED | 
roberta.embeddings.position_ids | UNEXPECTED | 
lm_head.dense.weight            | UNEXPECTED | 
lm_head.bias                    | UNEXPECTED | 
lm_head.dense.bias              | UNEXPECTED | 
lm_head.layer_norm.bias         | UNEXPECTED | 
pooler.dense.bias               | MISSING    | 
pooler.dense.weight             | MISSING    | 

[3mNotes:
- UNEXPECTED[3m	:can be ignored when loading from different task/architecture; not ok if you expect identical arch.
- MISSING[3m	:those params were newly initialized because missing from the checkpoint. Consider training on your downstream task.[0m
[step 0001/200] method=baseline_cagrad loss=0.7386 train_acc=nan train_loss=nan val_acc=nan val_loss=nan best=-1.0000
[step 0010/200] method=baseline_cagrad loss=0.6764 train_acc=nan train_loss=nan val_acc=nan val_loss=nan best=-1.0000
[step 0020/200] method=baseline_cagrad loss=0.3810 train_acc=nan train_loss=nan val_acc=nan val_loss=nan best=-1.0000
[step 0030/200] method=baseline_cagrad loss=0.4274 train_acc=nan train_loss=nan val_acc=nan val_loss=nan best=-1.0000
[step 0040/200] method=baseline_cagrad loss=0.1519 train_acc=nan train_loss=nan val_acc=nan val_loss=nan best=-1.0000
[step 0050/200] method=baseline_cagrad loss=0.3832 train_acc=nan train_loss=nan val_acc=nan val_loss=nan best=-1.0000
[step 0060/200] method=baseline_cagrad loss=0.2818 train_acc=nan train_loss=nan val_acc=nan val_loss=nan best=-1.0000
[step 0070/200] method=baseline_cagrad loss=0.5021 train_acc=nan train_loss=nan val_acc=nan val_loss=nan best=-1.0000
[step 0080/200] method=baseline_cagrad loss=0.0560 train_acc=nan train_loss=nan val_acc=nan val_loss=nan best=-1.0000
[step 0090/200] method=baseline_cagrad loss=0.3730 train_acc=nan train_loss=nan val_acc=nan val_loss=nan best=-1.0000
[step 0100/200] method=baseline_cagrad loss=0.0957 train_acc=nan train_loss=nan val_acc=0.9037 val_loss=0.2561 router_H=0.6804 best=0.9037
           router_load=[0.060648128390312195, 0.571595311164856, 0.15641729533672333, 0.2113395482301712]
[step 0110/200] method=baseline_cagrad loss=0.1022 train_acc=nan train_loss=nan val_acc=0.9037 val_loss=0.2561 router_H=0.6804 best=0.9037
           router_load=[0.060648128390312195, 0.571595311164856, 0.15641729533672333, 0.2113395482301712]
[step 0120/200] method=baseline_cagrad loss=0.0908 train_acc=nan train_loss=nan val_acc=0.9037 val_loss=0.2561 router_H=0.6804 best=0.9037
           router_load=[0.060648128390312195, 0.571595311164856, 0.15641729533672333, 0.2113395482301712]
[step 0130/200] method=baseline_cagrad loss=0.2257 train_acc=nan train_loss=nan val_acc=0.9037 val_loss=0.2561 router_H=0.6804 best=0.9037
           router_load=[0.060648128390312195, 0.571595311164856, 0.15641729533672333, 0.2113395482301712]
[step 0140/200] method=baseline_cagrad loss=0.3326 train_acc=nan train_loss=nan val_acc=0.9037 val_loss=0.2561 router_H=0.6804 best=0.9037
           router_load=[0.060648128390312195, 0.571595311164856, 0.15641729533672333, 0.2113395482301712]
[step 0150/200] method=baseline_cagrad loss=0.4334 train_acc=nan train_loss=nan val_acc=0.9037 val_loss=0.2561 router_H=0.6804 best=0.9037
           router_load=[0.060648128390312195, 0.571595311164856, 0.15641729533672333, 0.2113395482301712]
[step 0160/200] method=baseline_cagrad loss=0.2730 train_acc=nan train_loss=nan val_acc=0.9037 val_loss=0.2561 router_H=0.6804 best=0.9037
           router_load=[0.060648128390312195, 0.571595311164856, 0.15641729533672333, 0.2113395482301712]
[step 0170/200] method=baseline_cagrad loss=0.3741 train_acc=nan train_loss=nan val_acc=0.9037 val_loss=0.2561 router_H=0.6804 best=0.9037
           router_load=[0.060648128390312195, 0.571595311164856, 0.15641729533672333, 0.2113395482301712]
[step 0180/200] method=baseline_cagrad loss=0.2729 train_acc=nan train_loss=nan val_acc=0.9037 val_loss=0.2561 router_H=0.6804 best=0.9037
           router_load=[0.060648128390312195, 0.571595311164856, 0.15641729533672333, 0.2113395482301712]
[step 0190/200] method=baseline_cagrad loss=0.2232 train_acc=nan train_loss=nan val_acc=0.9037 val_loss=0.2561 router_H=0.6804 best=0.9037
           router_load=[0.060648128390312195, 0.571595311164856, 0.15641729533672333, 0.2113395482301712]
[step 0200/200] method=baseline_cagrad loss=0.3093 train_acc=nan train_loss=nan val_acc=0.9163 val_loss=0.2295 router_H=0.6817 best=0.9163
           router_load=[0.0023997847456485033, 0.5320543050765991, 0.3690125048160553, 0.0965336263179779]
saved summary -> /root/Optimization/MOE-grad-conflict-routing-appendix2/runs/paper_suite_supplement/appendix/multi_dataset_real/roberta_lora_e4_k2/_method_workers/cagrad/hpo/cagrad/trial_runs/coord_05_method_baseline_cagrad_inner_lr_002/cagrad_s3.json
saved curve -> /root/Optimization/MOE-grad-conflict-routing-appendix2/runs/paper_suite_supplement/appendix/multi_dataset_real/roberta_lora_e4_k2/_method_workers/cagrad/hpo/cagrad/trial_runs/coord_05_method_baseline_cagrad_inner_lr_002/cagrad_s3_curve.csv
