[run] method=ours candidate=local_var_topk_012 seed=3 steps=200 gpu=0
[run] cmd=
/home/zhujjing/anaconda3/envs/moe/bin/python /home/zhujjing/MOE-grad-conflict-routing/scripts/run.py --config configs/multitask_glue3_rte_mrpc_cola_real.yaml --set model.backbone_backend=hf --set model.hf_load_pretrained=true --set model.hf_local_files_only=true --set model.backbone=roberta --set model.hf_pretrained_name=roberta-base --set model.expert_type=ffn --set model.routing_mode=topk --set model.num_experts=4 --set model.top_k=2 --set train.eval_train_fraction=0.10 --set train.eval_train_max_batches=-1 --set train.eval_max_batches=-1 --set seed=3 --set method.name=ours --set train.steps=200 --set train.eval_every_steps=100 --set method.ours.use_load_norm=true --set method.ours.lambda_align=0.000174096189 --set train.grad_clip=1 --set train.lr=2e-05 --set train.weight_decay=0.04811190453 --out /home/zhujjing/MOE-grad-conflict-routing/runs/paper_suite/single_gpu/multi_task/glue3_roberta_ffn_e4_k2/hpo/ours/trial_runs/local_var_topk_012/ours_s3.json --curve_out /home/zhujjing/MOE-grad-conflict-routing/runs/paper_suite/single_gpu/multi_task/glue3_roberta_ffn_e4_k2/hpo/ours/trial_runs/local_var_topk_012/ours_s3_curve.csv
Using the latest cached version of the dataset since glue couldn't be found on the Hugging Face Hub (offline mode is enabled).
Found the latest cached dataset configuration 'rte' at /home/zhujjing/hf_cache/datasets/glue/rte/0.0.0/bcdcba79d07bc864c1c254ccfcedcce55bcc9a8c (last modified on Thu Mar 19 15:00:36 2026).
/home/zhujjing/anaconda3/envs/moe/lib/python3.10/site-packages/transformers/utils/hub.py:124: FutureWarning: Using `TRANSFORMERS_CACHE` is deprecated and will be removed in v5 of Transformers. Use `HF_HOME` instead.
  warnings.warn(
Using the latest cached version of the dataset since glue couldn't be found on the Hugging Face Hub (offline mode is enabled).
Found the latest cached dataset configuration 'mrpc' at /home/zhujjing/hf_cache/datasets/glue/mrpc/0.0.0/bcdcba79d07bc864c1c254ccfcedcce55bcc9a8c (last modified on Thu Mar 19 15:01:06 2026).
Using the latest cached version of the dataset since glue couldn't be found on the Hugging Face Hub (offline mode is enabled).
Found the latest cached dataset configuration 'cola' at /home/zhujjing/hf_cache/datasets/glue/cola/0.0.0/bcdcba79d07bc864c1c254ccfcedcce55bcc9a8c (last modified on Thu Mar 19 15:02:09 2026).
Some weights of RobertaModel were not initialized from the model checkpoint at roberta-base and are newly initialized: ['roberta.pooler.dense.bias', 'roberta.pooler.dense.weight']
You should probably TRAIN this model on a down-stream task to be able to use it for predictions and inference.
[step 0001/200] method=ours loss=0.6802 train_acc=nan train_loss=nan val_acc=nan val_loss=nan best=-1.0000
[step 0010/200] method=ours loss=0.5563 train_acc=nan train_loss=nan val_acc=nan val_loss=nan best=-1.0000
[step 0020/200] method=ours loss=0.5062 train_acc=nan train_loss=nan val_acc=nan val_loss=nan best=-1.0000
[step 0030/200] method=ours loss=0.6586 train_acc=nan train_loss=nan val_acc=nan val_loss=nan best=-1.0000
[step 0040/200] method=ours loss=0.6485 train_acc=nan train_loss=nan val_acc=nan val_loss=nan best=-1.0000
[step 0050/200] method=ours loss=0.5843 train_acc=nan train_loss=nan val_acc=nan val_loss=nan best=-1.0000
[step 0060/200] method=ours loss=0.5546 train_acc=nan train_loss=nan val_acc=nan val_loss=nan best=-1.0000
[step 0070/200] method=ours loss=0.5868 train_acc=nan train_loss=nan val_acc=nan val_loss=nan best=-1.0000
[step 0080/200] method=ours loss=0.7621 train_acc=nan train_loss=nan val_acc=nan val_loss=nan best=-1.0000
[step 0090/200] method=ours loss=0.4473 train_acc=nan train_loss=nan val_acc=nan val_loss=nan best=-1.0000
[step 0100/200] method=ours loss=0.6292 train_acc=0.6588 train_loss=0.5797 val_acc=0.6507 val_loss=0.6049 router_H=0.5930 best=0.6507
           router_load=[0.2289591133594513, 0.005531757138669491, 0.6680529117584229, 0.09745608270168304]
[step 0110/200] method=ours loss=0.5032 train_acc=0.6588 train_loss=0.5797 val_acc=0.6507 val_loss=0.6049 router_H=0.5930 best=0.6507
           router_load=[0.2289591133594513, 0.005531757138669491, 0.6680529117584229, 0.09745608270168304]
[step 0120/200] method=ours loss=0.4418 train_acc=0.6588 train_loss=0.5797 val_acc=0.6507 val_loss=0.6049 router_H=0.5930 best=0.6507
           router_load=[0.2289591133594513, 0.005531757138669491, 0.6680529117584229, 0.09745608270168304]
[step 0130/200] method=ours loss=0.4842 train_acc=0.6588 train_loss=0.5797 val_acc=0.6507 val_loss=0.6049 router_H=0.5930 best=0.6507
           router_load=[0.2289591133594513, 0.005531757138669491, 0.6680529117584229, 0.09745608270168304]
[step 0140/200] method=ours loss=0.5539 train_acc=0.6588 train_loss=0.5797 val_acc=0.6507 val_loss=0.6049 router_H=0.5930 best=0.6507
           router_load=[0.2289591133594513, 0.005531757138669491, 0.6680529117584229, 0.09745608270168304]
[step 0150/200] method=ours loss=0.5163 train_acc=0.6588 train_loss=0.5797 val_acc=0.6507 val_loss=0.6049 router_H=0.5930 best=0.6507
           router_load=[0.2289591133594513, 0.005531757138669491, 0.6680529117584229, 0.09745608270168304]
[step 0160/200] method=ours loss=0.4781 train_acc=0.6588 train_loss=0.5797 val_acc=0.6507 val_loss=0.6049 router_H=0.5930 best=0.6507
           router_load=[0.2289591133594513, 0.005531757138669491, 0.6680529117584229, 0.09745608270168304]
[step 0170/200] method=ours loss=0.8087 train_acc=0.6588 train_loss=0.5797 val_acc=0.6507 val_loss=0.6049 router_H=0.5930 best=0.6507
           router_load=[0.2289591133594513, 0.005531757138669491, 0.6680529117584229, 0.09745608270168304]
[step 0180/200] method=ours loss=0.8196 train_acc=0.6588 train_loss=0.5797 val_acc=0.6507 val_loss=0.6049 router_H=0.5930 best=0.6507
           router_load=[0.2289591133594513, 0.005531757138669491, 0.6680529117584229, 0.09745608270168304]
[step 0190/200] method=ours loss=0.6325 train_acc=0.6588 train_loss=0.5797 val_acc=0.6507 val_loss=0.6049 router_H=0.5930 best=0.6507
           router_load=[0.2289591133594513, 0.005531757138669491, 0.6680529117584229, 0.09745608270168304]
[step 0200/200] method=ours loss=0.4993 train_acc=0.7140 train_loss=0.5365 val_acc=0.7015 val_loss=0.5611 router_H=0.5611 best=0.7015
           router_load=[0.24981680512428284, 0.03845866397023201, 0.684878945350647, 0.026845885440707207]
saved summary -> /home/zhujjing/MOE-grad-conflict-routing/runs/paper_suite/single_gpu/multi_task/glue3_roberta_ffn_e4_k2/hpo/ours/trial_runs/local_var_topk_012/ours_s3.json
saved curve -> /home/zhujjing/MOE-grad-conflict-routing/runs/paper_suite/single_gpu/multi_task/glue3_roberta_ffn_e4_k2/hpo/ours/trial_runs/local_var_topk_012/ours_s3_curve.csv
