[run] method=ours candidate=local_var_topk_013 seed=2 steps=1000 gpu=0
[run] cmd=
/home/zhujjing/anaconda3/envs/moe/bin/python /home/zhujjing/MOE-grad-conflict-routing/scripts/run.py --config configs/multitask_glue4_real.yaml --set model.backbone_backend=hf --set model.hf_load_pretrained=true --set model.hf_local_files_only=true --set model.backbone=deberta --set model.hf_pretrained_name=microsoft/deberta-v3-base --set model.expert_type=lora --set model.routing_mode=topk --set model.num_experts=4 --set model.top_k=2 --set train.eval_train_fraction=0.10 --set train.eval_train_max_batches=-1 --set train.eval_max_batches=-1 --set seed=2 --set method.name=ours --set train.steps=1000 --set train.eval_every_steps=100 --set method.ours.use_load_norm=true --set method.ours.lambda_align=0.000132894918 --set train.grad_clip=1.236374401 --set train.lr=5.7311085e-05 --set train.weight_decay=0 --out /home/zhujjing/MOE-grad-conflict-routing/runs/paper_suite/single_gpu/multi_task/glue4_deberta_lora_e4_k2/final/ours_s2.json --curve_out /home/zhujjing/MOE-grad-conflict-routing/runs/paper_suite/single_gpu/multi_task/glue4_deberta_lora_e4_k2/final/ours_s2_curve.csv
Using the latest cached version of the dataset since glue couldn't be found on the Hugging Face Hub (offline mode is enabled).
Found the latest cached dataset configuration 'rte' at /home/zhujjing/hf_cache/datasets/glue/rte/0.0.0/bcdcba79d07bc864c1c254ccfcedcce55bcc9a8c (last modified on Thu Mar 19 15:00:36 2026).
/home/zhujjing/anaconda3/envs/moe/lib/python3.10/site-packages/transformers/utils/hub.py:124: FutureWarning: Using `TRANSFORMERS_CACHE` is deprecated and will be removed in v5 of Transformers. Use `HF_HOME` instead.
  warnings.warn(
/home/zhujjing/anaconda3/envs/moe/lib/python3.10/site-packages/transformers/convert_slow_tokenizer.py:560: UserWarning: The sentencepiece tokenizer that you are converting to a fast tokenizer uses the byte fallback option which is not implemented in the fast tokenizers. In practice this means that the fast version of the tokenizer can produce unknown tokens whereas the sentencepiece version would have converted these unknown tokens into a sequence of byte tokens matching the original piece of text.
  warnings.warn(
Using the latest cached version of the dataset since glue couldn't be found on the Hugging Face Hub (offline mode is enabled).
Found the latest cached dataset configuration 'mrpc' at /home/zhujjing/hf_cache/datasets/glue/mrpc/0.0.0/bcdcba79d07bc864c1c254ccfcedcce55bcc9a8c (last modified on Thu Mar 19 15:01:06 2026).
Using the latest cached version of the dataset since glue couldn't be found on the Hugging Face Hub (offline mode is enabled).
Found the latest cached dataset configuration 'sst2' at /home/zhujjing/hf_cache/datasets/glue/sst2/0.0.0/bcdcba79d07bc864c1c254ccfcedcce55bcc9a8c (last modified on Thu Mar 19 15:01:41 2026).
Using the latest cached version of the dataset since glue couldn't be found on the Hugging Face Hub (offline mode is enabled).
Found the latest cached dataset configuration 'cola' at /home/zhujjing/hf_cache/datasets/glue/cola/0.0.0/bcdcba79d07bc864c1c254ccfcedcce55bcc9a8c (last modified on Thu Mar 19 15:02:09 2026).
[step 0001/1000] method=ours loss=0.9047 train_acc=nan train_loss=nan val_acc=nan val_loss=nan best=-1.0000
[step 0010/1000] method=ours loss=0.6718 train_acc=nan train_loss=nan val_acc=nan val_loss=nan best=-1.0000
[step 0020/1000] method=ours loss=0.5472 train_acc=nan train_loss=nan val_acc=nan val_loss=nan best=-1.0000
[step 0030/1000] method=ours loss=0.4368 train_acc=nan train_loss=nan val_acc=nan val_loss=nan best=-1.0000
[step 0040/1000] method=ours loss=0.5094 train_acc=nan train_loss=nan val_acc=nan val_loss=nan best=-1.0000
[step 0050/1000] method=ours loss=0.4381 train_acc=nan train_loss=nan val_acc=nan val_loss=nan best=-1.0000
[step 0060/1000] method=ours loss=0.4703 train_acc=nan train_loss=nan val_acc=nan val_loss=nan best=-1.0000
[step 0070/1000] method=ours loss=0.5014 train_acc=nan train_loss=nan val_acc=nan val_loss=nan best=-1.0000
[step 0080/1000] method=ours loss=0.4535 train_acc=nan train_loss=nan val_acc=nan val_loss=nan best=-1.0000
[step 0090/1000] method=ours loss=0.3517 train_acc=nan train_loss=nan val_acc=nan val_loss=nan best=-1.0000
[step 0100/1000] method=ours loss=0.3421 train_acc=0.8732 train_loss=0.3284 val_acc=0.8146 val_loss=0.4082 router_H=0.6868 best=0.8146
           router_load=[0.20222212374210358, 0.35769006609916687, 0.058553095906972885, 0.3815349340438843]
[step 0110/1000] method=ours loss=0.3466 train_acc=0.8732 train_loss=0.3284 val_acc=0.8146 val_loss=0.4082 router_H=0.6868 best=0.8146
           router_load=[0.20222212374210358, 0.35769006609916687, 0.058553095906972885, 0.3815349340438843]
[step 0120/1000] method=ours loss=0.3882 train_acc=0.8732 train_loss=0.3284 val_acc=0.8146 val_loss=0.4082 router_H=0.6868 best=0.8146
           router_load=[0.20222212374210358, 0.35769006609916687, 0.058553095906972885, 0.3815349340438843]
[step 0130/1000] method=ours loss=0.2798 train_acc=0.8732 train_loss=0.3284 val_acc=0.8146 val_loss=0.4082 router_H=0.6868 best=0.8146
           router_load=[0.20222212374210358, 0.35769006609916687, 0.058553095906972885, 0.3815349340438843]
[step 0140/1000] method=ours loss=0.3723 train_acc=0.8732 train_loss=0.3284 val_acc=0.8146 val_loss=0.4082 router_H=0.6868 best=0.8146
           router_load=[0.20222212374210358, 0.35769006609916687, 0.058553095906972885, 0.3815349340438843]
[step 0150/1000] method=ours loss=0.3905 train_acc=0.8732 train_loss=0.3284 val_acc=0.8146 val_loss=0.4082 router_H=0.6868 best=0.8146
           router_load=[0.20222212374210358, 0.35769006609916687, 0.058553095906972885, 0.3815349340438843]
[step 0160/1000] method=ours loss=0.3251 train_acc=0.8732 train_loss=0.3284 val_acc=0.8146 val_loss=0.4082 router_H=0.6868 best=0.8146
           router_load=[0.20222212374210358, 0.35769006609916687, 0.058553095906972885, 0.3815349340438843]
[step 0170/1000] method=ours loss=0.3606 train_acc=0.8732 train_loss=0.3284 val_acc=0.8146 val_loss=0.4082 router_H=0.6868 best=0.8146
           router_load=[0.20222212374210358, 0.35769006609916687, 0.058553095906972885, 0.3815349340438843]
[step 0180/1000] method=ours loss=0.3086 train_acc=0.8732 train_loss=0.3284 val_acc=0.8146 val_loss=0.4082 router_H=0.6868 best=0.8146
           router_load=[0.20222212374210358, 0.35769006609916687, 0.058553095906972885, 0.3815349340438843]
[step 0190/1000] method=ours loss=0.4662 train_acc=0.8732 train_loss=0.3284 val_acc=0.8146 val_loss=0.4082 router_H=0.6868 best=0.8146
           router_load=[0.20222212374210358, 0.35769006609916687, 0.058553095906972885, 0.3815349340438843]
[step 0200/1000] method=ours loss=0.2200 train_acc=0.9315 train_loss=0.2037 val_acc=0.8544 val_loss=0.3846 router_H=0.6770 best=0.8544
           router_load=[0.304447203874588, 0.2289312332868576, 0.16331396996974945, 0.303307443857193]
[step 0210/1000] method=ours loss=0.3795 train_acc=0.9315 train_loss=0.2037 val_acc=0.8544 val_loss=0.3846 router_H=0.6770 best=0.8544
           router_load=[0.304447203874588, 0.2289312332868576, 0.16331396996974945, 0.303307443857193]
[step 0220/1000] method=ours loss=0.3101 train_acc=0.9315 train_loss=0.2037 val_acc=0.8544 val_loss=0.3846 router_H=0.6770 best=0.8544
           router_load=[0.304447203874588, 0.2289312332868576, 0.16331396996974945, 0.303307443857193]
[step 0230/1000] method=ours loss=0.2982 train_acc=0.9315 train_loss=0.2037 val_acc=0.8544 val_loss=0.3846 router_H=0.6770 best=0.8544
           router_load=[0.304447203874588, 0.2289312332868576, 0.16331396996974945, 0.303307443857193]
[step 0240/1000] method=ours loss=0.1884 train_acc=0.9315 train_loss=0.2037 val_acc=0.8544 val_loss=0.3846 router_H=0.6770 best=0.8544
           router_load=[0.304447203874588, 0.2289312332868576, 0.16331396996974945, 0.303307443857193]
[step 0250/1000] method=ours loss=0.2796 train_acc=0.9315 train_loss=0.2037 val_acc=0.8544 val_loss=0.3846 router_H=0.6770 best=0.8544
           router_load=[0.304447203874588, 0.2289312332868576, 0.16331396996974945, 0.303307443857193]
[step 0260/1000] method=ours loss=0.2469 train_acc=0.9315 train_loss=0.2037 val_acc=0.8544 val_loss=0.3846 router_H=0.6770 best=0.8544
           router_load=[0.304447203874588, 0.2289312332868576, 0.16331396996974945, 0.303307443857193]
[step 0270/1000] method=ours loss=0.2016 train_acc=0.9315 train_loss=0.2037 val_acc=0.8544 val_loss=0.3846 router_H=0.6770 best=0.8544
           router_load=[0.304447203874588, 0.2289312332868576, 0.16331396996974945, 0.303307443857193]
[step 0280/1000] method=ours loss=0.1486 train_acc=0.9315 train_loss=0.2037 val_acc=0.8544 val_loss=0.3846 router_H=0.6770 best=0.8544
           router_load=[0.304447203874588, 0.2289312332868576, 0.16331396996974945, 0.303307443857193]
[step 0290/1000] method=ours loss=0.1474 train_acc=0.9315 train_loss=0.2037 val_acc=0.8544 val_loss=0.3846 router_H=0.6770 best=0.8544
           router_load=[0.304447203874588, 0.2289312332868576, 0.16331396996974945, 0.303307443857193]
[step 0300/1000] method=ours loss=0.2349 train_acc=0.9571 train_loss=0.1192 val_acc=0.8702 val_loss=0.3805 router_H=0.6448 best=0.8702
           router_load=[0.3944748044013977, 0.270400732755661, 0.0621340237557888, 0.2729906141757965]
[step 0310/1000] method=ours loss=0.2008 train_acc=0.9571 train_loss=0.1192 val_acc=0.8702 val_loss=0.3805 router_H=0.6448 best=0.8702
           router_load=[0.3944748044013977, 0.270400732755661, 0.0621340237557888, 0.2729906141757965]
[step 0320/1000] method=ours loss=0.2292 train_acc=0.9571 train_loss=0.1192 val_acc=0.8702 val_loss=0.3805 router_H=0.6448 best=0.8702
           router_load=[0.3944748044013977, 0.270400732755661, 0.0621340237557888, 0.2729906141757965]
[step 0330/1000] method=ours loss=0.1518 train_acc=0.9571 train_loss=0.1192 val_acc=0.8702 val_loss=0.3805 router_H=0.6448 best=0.8702
           router_load=[0.3944748044013977, 0.270400732755661, 0.0621340237557888, 0.2729906141757965]
[step 0340/1000] method=ours loss=0.3377 train_acc=0.9571 train_loss=0.1192 val_acc=0.8702 val_loss=0.3805 router_H=0.6448 best=0.8702
           router_load=[0.3944748044013977, 0.270400732755661, 0.0621340237557888, 0.2729906141757965]
[step 0350/1000] method=ours loss=0.1365 train_acc=0.9571 train_loss=0.1192 val_acc=0.8702 val_loss=0.3805 router_H=0.6448 best=0.8702
           router_load=[0.3944748044013977, 0.270400732755661, 0.0621340237557888, 0.2729906141757965]
[step 0360/1000] method=ours loss=0.1815 train_acc=0.9571 train_loss=0.1192 val_acc=0.8702 val_loss=0.3805 router_H=0.6448 best=0.8702
           router_load=[0.3944748044013977, 0.270400732755661, 0.0621340237557888, 0.2729906141757965]
[step 0370/1000] method=ours loss=0.1825 train_acc=0.9571 train_loss=0.1192 val_acc=0.8702 val_loss=0.3805 router_H=0.6448 best=0.8702
           router_load=[0.3944748044013977, 0.270400732755661, 0.0621340237557888, 0.2729906141757965]
[step 0380/1000] method=ours loss=0.2053 train_acc=0.9571 train_loss=0.1192 val_acc=0.8702 val_loss=0.3805 router_H=0.6448 best=0.8702
           router_load=[0.3944748044013977, 0.270400732755661, 0.0621340237557888, 0.2729906141757965]
[step 0390/1000] method=ours loss=0.1523 train_acc=0.9571 train_loss=0.1192 val_acc=0.8702 val_loss=0.3805 router_H=0.6448 best=0.8702
           router_load=[0.3944748044013977, 0.270400732755661, 0.0621340237557888, 0.2729906141757965]
[step 0400/1000] method=ours loss=0.1825 train_acc=0.9664 train_loss=0.1035 val_acc=0.8578 val_loss=0.5166 router_H=0.5746 best=0.8702
           router_load=[0.5067533254623413, 0.13650134205818176, 0.1146230474114418, 0.2421220988035202]
[step 0410/1000] method=ours loss=0.0916 train_acc=0.9664 train_loss=0.1035 val_acc=0.8578 val_loss=0.5166 router_H=0.5746 best=0.8702
           router_load=[0.5067533254623413, 0.13650134205818176, 0.1146230474114418, 0.2421220988035202]
[step 0420/1000] method=ours loss=0.0718 train_acc=0.9664 train_loss=0.1035 val_acc=0.8578 val_loss=0.5166 router_H=0.5746 best=0.8702
           router_load=[0.5067533254623413, 0.13650134205818176, 0.1146230474114418, 0.2421220988035202]
[step 0430/1000] method=ours loss=0.1880 train_acc=0.9664 train_loss=0.1035 val_acc=0.8578 val_loss=0.5166 router_H=0.5746 best=0.8702
           router_load=[0.5067533254623413, 0.13650134205818176, 0.1146230474114418, 0.2421220988035202]
[step 0440/1000] method=ours loss=0.1779 train_acc=0.9664 train_loss=0.1035 val_acc=0.8578 val_loss=0.5166 router_H=0.5746 best=0.8702
           router_load=[0.5067533254623413, 0.13650134205818176, 0.1146230474114418, 0.2421220988035202]
[step 0450/1000] method=ours loss=0.1065 train_acc=0.9664 train_loss=0.1035 val_acc=0.8578 val_loss=0.5166 router_H=0.5746 best=0.8702
           router_load=[0.5067533254623413, 0.13650134205818176, 0.1146230474114418, 0.2421220988035202]
[step 0460/1000] method=ours loss=0.1100 train_acc=0.9664 train_loss=0.1035 val_acc=0.8578 val_loss=0.5166 router_H=0.5746 best=0.8702
           router_load=[0.5067533254623413, 0.13650134205818176, 0.1146230474114418, 0.2421220988035202]
[step 0470/1000] method=ours loss=0.1102 train_acc=0.9664 train_loss=0.1035 val_acc=0.8578 val_loss=0.5166 router_H=0.5746 best=0.8702
           router_load=[0.5067533254623413, 0.13650134205818176, 0.1146230474114418, 0.2421220988035202]
[step 0480/1000] method=ours loss=0.1545 train_acc=0.9664 train_loss=0.1035 val_acc=0.8578 val_loss=0.5166 router_H=0.5746 best=0.8702
           router_load=[0.5067533254623413, 0.13650134205818176, 0.1146230474114418, 0.2421220988035202]
[step 0490/1000] method=ours loss=0.1707 train_acc=0.9664 train_loss=0.1035 val_acc=0.8578 val_loss=0.5166 router_H=0.5746 best=0.8702
           router_load=[0.5067533254623413, 0.13650134205818176, 0.1146230474114418, 0.2421220988035202]
[step 0500/1000] method=ours loss=0.1013 train_acc=0.9722 train_loss=0.0824 val_acc=0.8702 val_loss=0.4659 router_H=0.6147 best=0.8702
           router_load=[0.4447185695171356, 0.20245403051376343, 0.10019616037607193, 0.25263118743896484]
[step 0510/1000] method=ours loss=0.0950 train_acc=0.9722 train_loss=0.0824 val_acc=0.8702 val_loss=0.4659 router_H=0.6147 best=0.8702
           router_load=[0.4447185695171356, 0.20245403051376343, 0.10019616037607193, 0.25263118743896484]
[step 0520/1000] method=ours loss=0.1506 train_acc=0.9722 train_loss=0.0824 val_acc=0.8702 val_loss=0.4659 router_H=0.6147 best=0.8702
           router_load=[0.4447185695171356, 0.20245403051376343, 0.10019616037607193, 0.25263118743896484]
[step 0530/1000] method=ours loss=0.1146 train_acc=0.9722 train_loss=0.0824 val_acc=0.8702 val_loss=0.4659 router_H=0.6147 best=0.8702
           router_load=[0.4447185695171356, 0.20245403051376343, 0.10019616037607193, 0.25263118743896484]
[step 0540/1000] method=ours loss=0.1951 train_acc=0.9722 train_loss=0.0824 val_acc=0.8702 val_loss=0.4659 router_H=0.6147 best=0.8702
           router_load=[0.4447185695171356, 0.20245403051376343, 0.10019616037607193, 0.25263118743896484]
[step 0550/1000] method=ours loss=0.1057 train_acc=0.9722 train_loss=0.0824 val_acc=0.8702 val_loss=0.4659 router_H=0.6147 best=0.8702
           router_load=[0.4447185695171356, 0.20245403051376343, 0.10019616037607193, 0.25263118743896484]
[step 0560/1000] method=ours loss=0.0907 train_acc=0.9722 train_loss=0.0824 val_acc=0.8702 val_loss=0.4659 router_H=0.6147 best=0.8702
           router_load=[0.4447185695171356, 0.20245403051376343, 0.10019616037607193, 0.25263118743896484]
[step 0570/1000] method=ours loss=0.1321 train_acc=0.9722 train_loss=0.0824 val_acc=0.8702 val_loss=0.4659 router_H=0.6147 best=0.8702
           router_load=[0.4447185695171356, 0.20245403051376343, 0.10019616037607193, 0.25263118743896484]
[step 0580/1000] method=ours loss=0.0469 train_acc=0.9722 train_loss=0.0824 val_acc=0.8702 val_loss=0.4659 router_H=0.6147 best=0.8702
           router_load=[0.4447185695171356, 0.20245403051376343, 0.10019616037607193, 0.25263118743896484]
[step 0590/1000] method=ours loss=0.0918 train_acc=0.9722 train_loss=0.0824 val_acc=0.8702 val_loss=0.4659 router_H=0.6147 best=0.8702
           router_load=[0.4447185695171356, 0.20245403051376343, 0.10019616037607193, 0.25263118743896484]
[step 0600/1000] method=ours loss=0.2089 train_acc=0.9676 train_loss=0.1024 val_acc=0.8483 val_loss=0.5705 router_H=0.5867 best=0.8702
           router_load=[0.43534979224205017, 0.20642778277397156, 0.1172088012099266, 0.2410135418176651]
[step 0610/1000] method=ours loss=0.1235 train_acc=0.9676 train_loss=0.1024 val_acc=0.8483 val_loss=0.5705 router_H=0.5867 best=0.8702
           router_load=[0.43534979224205017, 0.20642778277397156, 0.1172088012099266, 0.2410135418176651]
[step 0620/1000] method=ours loss=0.1063 train_acc=0.9676 train_loss=0.1024 val_acc=0.8483 val_loss=0.5705 router_H=0.5867 best=0.8702
           router_load=[0.43534979224205017, 0.20642778277397156, 0.1172088012099266, 0.2410135418176651]
[step 0630/1000] method=ours loss=0.0481 train_acc=0.9676 train_loss=0.1024 val_acc=0.8483 val_loss=0.5705 router_H=0.5867 best=0.8702
           router_load=[0.43534979224205017, 0.20642778277397156, 0.1172088012099266, 0.2410135418176651]
[step 0640/1000] method=ours loss=0.1628 train_acc=0.9676 train_loss=0.1024 val_acc=0.8483 val_loss=0.5705 router_H=0.5867 best=0.8702
           router_load=[0.43534979224205017, 0.20642778277397156, 0.1172088012099266, 0.2410135418176651]
[step 0650/1000] method=ours loss=0.1110 train_acc=0.9676 train_loss=0.1024 val_acc=0.8483 val_loss=0.5705 router_H=0.5867 best=0.8702
           router_load=[0.43534979224205017, 0.20642778277397156, 0.1172088012099266, 0.2410135418176651]
[step 0660/1000] method=ours loss=0.0779 train_acc=0.9676 train_loss=0.1024 val_acc=0.8483 val_loss=0.5705 router_H=0.5867 best=0.8702
           router_load=[0.43534979224205017, 0.20642778277397156, 0.1172088012099266, 0.2410135418176651]
[step 0670/1000] method=ours loss=0.1371 train_acc=0.9676 train_loss=0.1024 val_acc=0.8483 val_loss=0.5705 router_H=0.5867 best=0.8702
           router_load=[0.43534979224205017, 0.20642778277397156, 0.1172088012099266, 0.2410135418176651]
[step 0680/1000] method=ours loss=0.0781 train_acc=0.9676 train_loss=0.1024 val_acc=0.8483 val_loss=0.5705 router_H=0.5867 best=0.8702
           router_load=[0.43534979224205017, 0.20642778277397156, 0.1172088012099266, 0.2410135418176651]
[step 0690/1000] method=ours loss=0.1189 train_acc=0.9676 train_loss=0.1024 val_acc=0.8483 val_loss=0.5705 router_H=0.5867 best=0.8702
           router_load=[0.43534979224205017, 0.20642778277397156, 0.1172088012099266, 0.2410135418176651]
[step 0700/1000] method=ours loss=0.0984 train_acc=0.9798 train_loss=0.0596 val_acc=0.8669 val_loss=0.5583 router_H=0.5898 best=0.8702
           router_load=[0.46840378642082214, 0.15643401443958282, 0.08446934074163437, 0.2906928062438965]
[step 0710/1000] method=ours loss=0.0657 train_acc=0.9798 train_loss=0.0596 val_acc=0.8669 val_loss=0.5583 router_H=0.5898 best=0.8702
           router_load=[0.46840378642082214, 0.15643401443958282, 0.08446934074163437, 0.2906928062438965]
[step 0720/1000] method=ours loss=0.0405 train_acc=0.9798 train_loss=0.0596 val_acc=0.8669 val_loss=0.5583 router_H=0.5898 best=0.8702
           router_load=[0.46840378642082214, 0.15643401443958282, 0.08446934074163437, 0.2906928062438965]
[step 0730/1000] method=ours loss=0.0268 train_acc=0.9798 train_loss=0.0596 val_acc=0.8669 val_loss=0.5583 router_H=0.5898 best=0.8702
           router_load=[0.46840378642082214, 0.15643401443958282, 0.08446934074163437, 0.2906928062438965]
[step 0740/1000] method=ours loss=0.1598 train_acc=0.9798 train_loss=0.0596 val_acc=0.8669 val_loss=0.5583 router_H=0.5898 best=0.8702
           router_load=[0.46840378642082214, 0.15643401443958282, 0.08446934074163437, 0.2906928062438965]
[step 0750/1000] method=ours loss=0.0929 train_acc=0.9798 train_loss=0.0596 val_acc=0.8669 val_loss=0.5583 router_H=0.5898 best=0.8702
           router_load=[0.46840378642082214, 0.15643401443958282, 0.08446934074163437, 0.2906928062438965]
[step 0760/1000] method=ours loss=0.0352 train_acc=0.9798 train_loss=0.0596 val_acc=0.8669 val_loss=0.5583 router_H=0.5898 best=0.8702
           router_load=[0.46840378642082214, 0.15643401443958282, 0.08446934074163437, 0.2906928062438965]
[step 0770/1000] method=ours loss=0.0297 train_acc=0.9798 train_loss=0.0596 val_acc=0.8669 val_loss=0.5583 router_H=0.5898 best=0.8702
           router_load=[0.46840378642082214, 0.15643401443958282, 0.08446934074163437, 0.2906928062438965]
[step 0780/1000] method=ours loss=0.0836 train_acc=0.9798 train_loss=0.0596 val_acc=0.8669 val_loss=0.5583 router_H=0.5898 best=0.8702
           router_load=[0.46840378642082214, 0.15643401443958282, 0.08446934074163437, 0.2906928062438965]
[step 0790/1000] method=ours loss=0.2262 train_acc=0.9798 train_loss=0.0596 val_acc=0.8669 val_loss=0.5583 router_H=0.5898 best=0.8702
           router_load=[0.46840378642082214, 0.15643401443958282, 0.08446934074163437, 0.2906928062438965]
[step 0800/1000] method=ours loss=0.1636 train_acc=0.9802 train_loss=0.0592 val_acc=0.8667 val_loss=0.5038 router_H=0.6258 best=0.8702
           router_load=[0.40026164054870605, 0.20484788715839386, 0.10509888827800751, 0.2897914946079254]
[step 0810/1000] method=ours loss=0.0697 train_acc=0.9802 train_loss=0.0592 val_acc=0.8667 val_loss=0.5038 router_H=0.6258 best=0.8702
           router_load=[0.40026164054870605, 0.20484788715839386, 0.10509888827800751, 0.2897914946079254]
[step 0820/1000] method=ours loss=0.0623 train_acc=0.9802 train_loss=0.0592 val_acc=0.8667 val_loss=0.5038 router_H=0.6258 best=0.8702
           router_load=[0.40026164054870605, 0.20484788715839386, 0.10509888827800751, 0.2897914946079254]
[step 0830/1000] method=ours loss=0.0205 train_acc=0.9802 train_loss=0.0592 val_acc=0.8667 val_loss=0.5038 router_H=0.6258 best=0.8702
           router_load=[0.40026164054870605, 0.20484788715839386, 0.10509888827800751, 0.2897914946079254]
[step 0840/1000] method=ours loss=0.0613 train_acc=0.9802 train_loss=0.0592 val_acc=0.8667 val_loss=0.5038 router_H=0.6258 best=0.8702
           router_load=[0.40026164054870605, 0.20484788715839386, 0.10509888827800751, 0.2897914946079254]
[step 0850/1000] method=ours loss=0.1003 train_acc=0.9802 train_loss=0.0592 val_acc=0.8667 val_loss=0.5038 router_H=0.6258 best=0.8702
           router_load=[0.40026164054870605, 0.20484788715839386, 0.10509888827800751, 0.2897914946079254]
[step 0860/1000] method=ours loss=0.0688 train_acc=0.9802 train_loss=0.0592 val_acc=0.8667 val_loss=0.5038 router_H=0.6258 best=0.8702
           router_load=[0.40026164054870605, 0.20484788715839386, 0.10509888827800751, 0.2897914946079254]
[step 0870/1000] method=ours loss=0.0697 train_acc=0.9802 train_loss=0.0592 val_acc=0.8667 val_loss=0.5038 router_H=0.6258 best=0.8702
           router_load=[0.40026164054870605, 0.20484788715839386, 0.10509888827800751, 0.2897914946079254]
[step 0880/1000] method=ours loss=0.0407 train_acc=0.9802 train_loss=0.0592 val_acc=0.8667 val_loss=0.5038 router_H=0.6258 best=0.8702
           router_load=[0.40026164054870605, 0.20484788715839386, 0.10509888827800751, 0.2897914946079254]
[step 0890/1000] method=ours loss=0.0576 train_acc=0.9802 train_loss=0.0592 val_acc=0.8667 val_loss=0.5038 router_H=0.6258 best=0.8702
           router_load=[0.40026164054870605, 0.20484788715839386, 0.10509888827800751, 0.2897914946079254]
[step 0900/1000] method=ours loss=0.0996 train_acc=0.9805 train_loss=0.0748 val_acc=0.8690 val_loss=0.6226 router_H=0.5536 best=0.8702
           router_load=[0.4796670377254486, 0.147048220038414, 0.1020721048116684, 0.2712128758430481]
[step 0910/1000] method=ours loss=0.1136 train_acc=0.9805 train_loss=0.0748 val_acc=0.8690 val_loss=0.6226 router_H=0.5536 best=0.8702
           router_load=[0.4796670377254486, 0.147048220038414, 0.1020721048116684, 0.2712128758430481]
[step 0920/1000] method=ours loss=0.0607 train_acc=0.9805 train_loss=0.0748 val_acc=0.8690 val_loss=0.6226 router_H=0.5536 best=0.8702
           router_load=[0.4796670377254486, 0.147048220038414, 0.1020721048116684, 0.2712128758430481]
[step 0930/1000] method=ours loss=0.0231 train_acc=0.9805 train_loss=0.0748 val_acc=0.8690 val_loss=0.6226 router_H=0.5536 best=0.8702
           router_load=[0.4796670377254486, 0.147048220038414, 0.1020721048116684, 0.2712128758430481]
[step 0940/1000] method=ours loss=0.0435 train_acc=0.9805 train_loss=0.0748 val_acc=0.8690 val_loss=0.6226 router_H=0.5536 best=0.8702
           router_load=[0.4796670377254486, 0.147048220038414, 0.1020721048116684, 0.2712128758430481]
[step 0950/1000] method=ours loss=0.2171 train_acc=0.9805 train_loss=0.0748 val_acc=0.8690 val_loss=0.6226 router_H=0.5536 best=0.8702
           router_load=[0.4796670377254486, 0.147048220038414, 0.1020721048116684, 0.2712128758430481]
[step 0960/1000] method=ours loss=0.0674 train_acc=0.9805 train_loss=0.0748 val_acc=0.8690 val_loss=0.6226 router_H=0.5536 best=0.8702
           router_load=[0.4796670377254486, 0.147048220038414, 0.1020721048116684, 0.2712128758430481]
[step 0970/1000] method=ours loss=0.0612 train_acc=0.9805 train_loss=0.0748 val_acc=0.8690 val_loss=0.6226 router_H=0.5536 best=0.8702
           router_load=[0.4796670377254486, 0.147048220038414, 0.1020721048116684, 0.2712128758430481]
[step 0980/1000] method=ours loss=0.0545 train_acc=0.9805 train_loss=0.0748 val_acc=0.8690 val_loss=0.6226 router_H=0.5536 best=0.8702
           router_load=[0.4796670377254486, 0.147048220038414, 0.1020721048116684, 0.2712128758430481]
[step 0990/1000] method=ours loss=0.0741 train_acc=0.9805 train_loss=0.0748 val_acc=0.8690 val_loss=0.6226 router_H=0.5536 best=0.8702
           router_load=[0.4796670377254486, 0.147048220038414, 0.1020721048116684, 0.2712128758430481]
[step 1000/1000] method=ours loss=0.0713 train_acc=0.9809 train_loss=0.0529 val_acc=0.8673 val_loss=0.5829 router_H=0.5843 best=0.8702
           router_load=[0.4555688500404358, 0.1627887487411499, 0.0930287092924118, 0.2886137366294861]
saved summary -> /home/zhujjing/MOE-grad-conflict-routing/runs/paper_suite/single_gpu/multi_task/glue4_deberta_lora_e4_k2/final/ours_s2.json
saved curve -> /home/zhujjing/MOE-grad-conflict-routing/runs/paper_suite/single_gpu/multi_task/glue4_deberta_lora_e4_k2/final/ours_s2_curve.csv
