[run] method=baseline candidate=coord_02_train_weight_decay_016 seed=2 steps=200 gpu=0
[run] cmd=
/root/miniconda3/envs/optimization/bin/python /root/Optimization/MOE-grad-conflict-routing/scripts/run.py --config configs/singletask_cola_real.yaml --set model.backbone_backend=hf --set model.hf_load_pretrained=true --set model.backbone=roberta --set model.hf_pretrained_name=roberta-base --set model.expert_type=lora --set model.routing_mode=topk --set model.num_experts=4 --set model.top_k=2 --set seed=2 --set method.name=baseline_avg --set train.steps=200 --set train.eval_every_steps=50 --set train.grad_clip=1 --set train.lr=1.263268742e-05 --set train.weight_decay=0.03347846788 --out /root/Optimization/MOE-grad-conflict-routing/runs/paper_suite_supplement/single_task_add_rerun/single_task/roberta_cola_lora_e4_k2/hpo/baseline/trial_runs/coord_02_train_weight_decay_016/baseline_s2.json --curve_out /root/Optimization/MOE-grad-conflict-routing/runs/paper_suite_supplement/single_task_add_rerun/single_task/roberta_cola_lora_e4_k2/hpo/baseline/trial_runs/coord_02_train_weight_decay_016/baseline_s2_curve.csv
Using the latest cached version of the dataset since glue couldn't be found on the Hugging Face Hub (offline mode is enabled).
Found the latest cached dataset configuration 'cola' at /root/.cache/huggingface/datasets/glue/cola/0.0.0/bcdcba79d07bc864c1c254ccfcedcce55bcc9a8c (last modified on Sun Mar 22 21:46:35 2026).
Loading weights:   0%|          | 0/197 [00:00<?, ?it/s]Loading weights: 100%|██████████| 197/197 [00:00<00:00, 4186.40it/s]
[1mRobertaModel LOAD REPORT[0m from: roberta-base
Key                             | Status     | 
--------------------------------+------------+-
lm_head.bias                    | UNEXPECTED | 
lm_head.dense.weight            | UNEXPECTED | 
lm_head.layer_norm.weight       | UNEXPECTED | 
lm_head.layer_norm.bias         | UNEXPECTED | 
roberta.embeddings.position_ids | UNEXPECTED | 
lm_head.dense.bias              | UNEXPECTED | 
pooler.dense.weight             | MISSING    | 
pooler.dense.bias               | MISSING    | 

[3mNotes:
- UNEXPECTED[3m	:can be ignored when loading from different task/architecture; not ok if you expect identical arch.
- MISSING[3m	:those params were newly initialized because missing from the checkpoint. Consider training on your downstream task.[0m
[step 0001/200] method=baseline_avg loss=0.6809 train_acc=nan train_loss=nan val_acc=nan val_loss=nan best=-1.0000
[step 0010/200] method=baseline_avg loss=0.5286 train_acc=nan train_loss=nan val_acc=nan val_loss=nan best=-1.0000
[step 0020/200] method=baseline_avg loss=0.6677 train_acc=nan train_loss=nan val_acc=nan val_loss=nan best=-1.0000
[step 0030/200] method=baseline_avg loss=0.5199 train_acc=nan train_loss=nan val_acc=nan val_loss=nan best=-1.0000
[step 0040/200] method=baseline_avg loss=0.4644 train_acc=nan train_loss=nan val_acc=nan val_loss=nan best=-1.0000
[step 0050/200] method=baseline_avg loss=0.4713 train_acc=0.7044 train_loss=0.5386 val_acc=0.6913 val_loss=0.5607 router_H=0.6885 best=0.6913
           router_load=[0.4016137421131134, 0.06390652805566788, 0.0, 0.5344798564910889]
[step 0060/200] method=baseline_avg loss=0.4644 train_acc=0.7044 train_loss=0.5386 val_acc=0.6913 val_loss=0.5607 router_H=0.6885 best=0.6913
           router_load=[0.4016137421131134, 0.06390652805566788, 0.0, 0.5344798564910889]
[step 0070/200] method=baseline_avg loss=0.5458 train_acc=0.7044 train_loss=0.5386 val_acc=0.6913 val_loss=0.5607 router_H=0.6885 best=0.6913
           router_load=[0.4016137421131134, 0.06390652805566788, 0.0, 0.5344798564910889]
[step 0080/200] method=baseline_avg loss=0.5147 train_acc=0.7044 train_loss=0.5386 val_acc=0.6913 val_loss=0.5607 router_H=0.6885 best=0.6913
           router_load=[0.4016137421131134, 0.06390652805566788, 0.0, 0.5344798564910889]
[step 0090/200] method=baseline_avg loss=0.5646 train_acc=0.7044 train_loss=0.5386 val_acc=0.6913 val_loss=0.5607 router_H=0.6885 best=0.6913
           router_load=[0.4016137421131134, 0.06390652805566788, 0.0, 0.5344798564910889]
[step 0100/200] method=baseline_avg loss=0.4519 train_acc=0.8165 train_loss=0.4352 val_acc=0.8073 val_loss=0.4924 router_H=0.6875 best=0.8073
           router_load=[0.3737989664077759, 0.10019232332706451, 0.0, 0.526008665561676]
[step 0110/200] method=baseline_avg loss=0.6983 train_acc=0.8165 train_loss=0.4352 val_acc=0.8073 val_loss=0.4924 router_H=0.6875 best=0.8073
           router_load=[0.3737989664077759, 0.10019232332706451, 0.0, 0.526008665561676]
[step 0120/200] method=baseline_avg loss=0.5616 train_acc=0.8165 train_loss=0.4352 val_acc=0.8073 val_loss=0.4924 router_H=0.6875 best=0.8073
           router_load=[0.3737989664077759, 0.10019232332706451, 0.0, 0.526008665561676]
[step 0130/200] method=baseline_avg loss=0.3924 train_acc=0.8165 train_loss=0.4352 val_acc=0.8073 val_loss=0.4924 router_H=0.6875 best=0.8073
           router_load=[0.3737989664077759, 0.10019232332706451, 0.0, 0.526008665561676]
[step 0140/200] method=baseline_avg loss=0.4585 train_acc=0.8165 train_loss=0.4352 val_acc=0.8073 val_loss=0.4924 router_H=0.6875 best=0.8073
           router_load=[0.3737989664077759, 0.10019232332706451, 0.0, 0.526008665561676]
[step 0150/200] method=baseline_avg loss=0.6128 train_acc=0.8327 train_loss=0.3911 val_acc=0.7967 val_loss=0.4481 router_H=0.6866 best=0.8073
           router_load=[0.31221356987953186, 0.15169593691825867, 0.0, 0.5360904932022095]
[step 0160/200] method=baseline_avg loss=0.3512 train_acc=0.8327 train_loss=0.3911 val_acc=0.7967 val_loss=0.4481 router_H=0.6866 best=0.8073
           router_load=[0.31221356987953186, 0.15169593691825867, 0.0, 0.5360904932022095]
[step 0170/200] method=baseline_avg loss=0.5002 train_acc=0.8327 train_loss=0.3911 val_acc=0.7967 val_loss=0.4481 router_H=0.6866 best=0.8073
           router_load=[0.31221356987953186, 0.15169593691825867, 0.0, 0.5360904932022095]
[step 0180/200] method=baseline_avg loss=0.4212 train_acc=0.8327 train_loss=0.3911 val_acc=0.7967 val_loss=0.4481 router_H=0.6866 best=0.8073
           router_load=[0.31221356987953186, 0.15169593691825867, 0.0, 0.5360904932022095]
[step 0190/200] method=baseline_avg loss=0.3660 train_acc=0.8327 train_loss=0.3911 val_acc=0.7967 val_loss=0.4481 router_H=0.6866 best=0.8073
           router_load=[0.31221356987953186, 0.15169593691825867, 0.0, 0.5360904932022095]
[step 0200/200] method=baseline_avg loss=0.7214 train_acc=0.7938 train_loss=0.5039 val_acc=0.7651 val_loss=0.6119 router_H=0.6856 best=0.8073
           router_load=[0.4075227379798889, 0.05333081632852554, 0.0, 0.539146363735199]
saved summary -> /root/Optimization/MOE-grad-conflict-routing/runs/paper_suite_supplement/single_task_add_rerun/single_task/roberta_cola_lora_e4_k2/hpo/baseline/trial_runs/coord_02_train_weight_decay_016/baseline_s2.json
saved curve -> /root/Optimization/MOE-grad-conflict-routing/runs/paper_suite_supplement/single_task_add_rerun/single_task/roberta_cola_lora_e4_k2/hpo/baseline/trial_runs/coord_02_train_weight_decay_016/baseline_s2_curve.csv
