[run] method=cagrad candidate=local_var_topk_048 seed=2 steps=200 gpu=0
[run] cmd=
/root/miniconda3/envs/optimization/bin/python /root/Optimization/MOE-grad-conflict-routing/scripts/run.py --config configs/singletask_cola_real.yaml --set model.backbone_backend=hf --set model.hf_load_pretrained=true --set model.backbone=roberta --set model.hf_pretrained_name=roberta-base --set model.expert_type=lora --set model.routing_mode=topk --set model.num_experts=4 --set model.top_k=2 --set seed=2 --set method.name=baseline_cagrad --set train.steps=200 --set train.eval_every_steps=50 --set method.baseline_cagrad.c=0.2865396522 --set method.baseline_cagrad.inner_lr=0.09122301878 --set train.grad_clip=0.712672082 --set train.lr=9.799696e-06 --set train.weight_decay=0.03884869601 --out /root/Optimization/MOE-grad-conflict-routing/runs/paper_suite_supplement/single_task_add_rerun/single_task/roberta_cola_lora_e4_k2/hpo/cagrad/trial_runs/local_var_topk_048/cagrad_s2.json --curve_out /root/Optimization/MOE-grad-conflict-routing/runs/paper_suite_supplement/single_task_add_rerun/single_task/roberta_cola_lora_e4_k2/hpo/cagrad/trial_runs/local_var_topk_048/cagrad_s2_curve.csv
Using the latest cached version of the dataset since glue couldn't be found on the Hugging Face Hub (offline mode is enabled).
Found the latest cached dataset configuration 'cola' at /root/.cache/huggingface/datasets/glue/cola/0.0.0/bcdcba79d07bc864c1c254ccfcedcce55bcc9a8c (last modified on Mon Mar 23 09:28:48 2026).
Loading weights:   0%|          | 0/197 [00:00<?, ?it/s]Loading weights: 100%|██████████| 197/197 [00:00<00:00, 7355.87it/s]
[1mRobertaModel LOAD REPORT[0m from: roberta-base
Key                             | Status     | 
--------------------------------+------------+-
lm_head.layer_norm.bias         | UNEXPECTED | 
lm_head.dense.bias              | UNEXPECTED | 
lm_head.bias                    | UNEXPECTED | 
lm_head.dense.weight            | UNEXPECTED | 
roberta.embeddings.position_ids | UNEXPECTED | 
lm_head.layer_norm.weight       | UNEXPECTED | 
pooler.dense.weight             | MISSING    | 
pooler.dense.bias               | MISSING    | 

[3mNotes:
- UNEXPECTED[3m	:can be ignored when loading from different task/architecture; not ok if you expect identical arch.
- MISSING[3m	:those params were newly initialized because missing from the checkpoint. Consider training on your downstream task.[0m
[step 0001/200] method=baseline_cagrad loss=0.6906 train_acc=nan train_loss=nan val_acc=nan val_loss=nan best=-1.0000
[step 0010/200] method=baseline_cagrad loss=0.5429 train_acc=nan train_loss=nan val_acc=nan val_loss=nan best=-1.0000
[step 0020/200] method=baseline_cagrad loss=0.6695 train_acc=nan train_loss=nan val_acc=nan val_loss=nan best=-1.0000
[step 0030/200] method=baseline_cagrad loss=0.5151 train_acc=nan train_loss=nan val_acc=nan val_loss=nan best=-1.0000
[step 0040/200] method=baseline_cagrad loss=0.4574 train_acc=nan train_loss=nan val_acc=nan val_loss=nan best=-1.0000
[step 0050/200] method=baseline_cagrad loss=0.4988 train_acc=0.7044 train_loss=0.5569 val_acc=0.6913 val_loss=0.5775 router_H=0.6701 best=0.6913
           router_load=[0.0027781156823039055, 0.3928414285182953, 0.0019456322770565748, 0.6024347543716431]
[step 0060/200] method=baseline_cagrad loss=0.5009 train_acc=0.7044 train_loss=0.5569 val_acc=0.6913 val_loss=0.5775 router_H=0.6701 best=0.6913
           router_load=[0.0027781156823039055, 0.3928414285182953, 0.0019456322770565748, 0.6024347543716431]
[step 0070/200] method=baseline_cagrad loss=0.5537 train_acc=0.7044 train_loss=0.5569 val_acc=0.6913 val_loss=0.5775 router_H=0.6701 best=0.6913
           router_load=[0.0027781156823039055, 0.3928414285182953, 0.0019456322770565748, 0.6024347543716431]
[step 0080/200] method=baseline_cagrad loss=0.5069 train_acc=0.7044 train_loss=0.5569 val_acc=0.6913 val_loss=0.5775 router_H=0.6701 best=0.6913
           router_load=[0.0027781156823039055, 0.3928414285182953, 0.0019456322770565748, 0.6024347543716431]
[step 0090/200] method=baseline_cagrad loss=0.5926 train_acc=0.7044 train_loss=0.5569 val_acc=0.6913 val_loss=0.5775 router_H=0.6701 best=0.6913
           router_load=[0.0027781156823039055, 0.3928414285182953, 0.0019456322770565748, 0.6024347543716431]
[step 0100/200] method=baseline_cagrad loss=0.4535 train_acc=0.7923 train_loss=0.4662 val_acc=0.7776 val_loss=0.5087 router_H=0.6564 best=0.7776
           router_load=[0.0043729497119784355, 0.36471986770629883, 0.005589398089796305, 0.6253175735473633]
[step 0110/200] method=baseline_cagrad loss=0.5204 train_acc=0.7923 train_loss=0.4662 val_acc=0.7776 val_loss=0.5087 router_H=0.6564 best=0.7776
           router_load=[0.0043729497119784355, 0.36471986770629883, 0.005589398089796305, 0.6253175735473633]
[step 0120/200] method=baseline_cagrad loss=0.6176 train_acc=0.7923 train_loss=0.4662 val_acc=0.7776 val_loss=0.5087 router_H=0.6564 best=0.7776
           router_load=[0.0043729497119784355, 0.36471986770629883, 0.005589398089796305, 0.6253175735473633]
[step 0130/200] method=baseline_cagrad loss=0.4474 train_acc=0.7923 train_loss=0.4662 val_acc=0.7776 val_loss=0.5087 router_H=0.6564 best=0.7776
           router_load=[0.0043729497119784355, 0.36471986770629883, 0.005589398089796305, 0.6253175735473633]
[step 0140/200] method=baseline_cagrad loss=0.5261 train_acc=0.7923 train_loss=0.4662 val_acc=0.7776 val_loss=0.5087 router_H=0.6564 best=0.7776
           router_load=[0.0043729497119784355, 0.36471986770629883, 0.005589398089796305, 0.6253175735473633]
[step 0150/200] method=baseline_cagrad loss=0.4809 train_acc=0.8153 train_loss=0.4260 val_acc=0.7900 val_loss=0.4886 router_H=0.6531 best=0.7900
           router_load=[0.0025835393462330103, 0.3563416004180908, 0.010599879547953606, 0.6304750442504883]
[step 0160/200] method=baseline_cagrad loss=0.3812 train_acc=0.8153 train_loss=0.4260 val_acc=0.7900 val_loss=0.4886 router_H=0.6531 best=0.7900
           router_load=[0.0025835393462330103, 0.3563416004180908, 0.010599879547953606, 0.6304750442504883]
[step 0170/200] method=baseline_cagrad loss=0.5205 train_acc=0.8153 train_loss=0.4260 val_acc=0.7900 val_loss=0.4886 router_H=0.6531 best=0.7900
           router_load=[0.0025835393462330103, 0.3563416004180908, 0.010599879547953606, 0.6304750442504883]
[step 0180/200] method=baseline_cagrad loss=0.5508 train_acc=0.8153 train_loss=0.4260 val_acc=0.7900 val_loss=0.4886 router_H=0.6531 best=0.7900
           router_load=[0.0025835393462330103, 0.3563416004180908, 0.010599879547953606, 0.6304750442504883]
[step 0190/200] method=baseline_cagrad loss=0.4149 train_acc=0.8153 train_loss=0.4260 val_acc=0.7900 val_loss=0.4886 router_H=0.6531 best=0.7900
           router_load=[0.0025835393462330103, 0.3563416004180908, 0.010599879547953606, 0.6304750442504883]
[step 0200/200] method=baseline_cagrad loss=0.7424 train_acc=0.7666 train_loss=0.5214 val_acc=0.7478 val_loss=0.5957 router_H=0.6391 best=0.7900
           router_load=[0.006825626827776432, 0.3292607367038727, 0.00798820611089468, 0.6559255123138428]
saved summary -> /root/Optimization/MOE-grad-conflict-routing/runs/paper_suite_supplement/single_task_add_rerun/single_task/roberta_cola_lora_e4_k2/hpo/cagrad/trial_runs/local_var_topk_048/cagrad_s2.json
saved curve -> /root/Optimization/MOE-grad-conflict-routing/runs/paper_suite_supplement/single_task_add_rerun/single_task/roberta_cola_lora_e4_k2/hpo/cagrad/trial_runs/local_var_topk_048/cagrad_s2_curve.csv
