[run] method=cagrad candidate=local_var_topk_055 seed=3 steps=200 gpu=0
[run] cmd=
/root/miniconda3/envs/optimization/bin/python /root/Optimization/MOE-grad-conflict-routing/scripts/run.py --config configs/singletask_cola_real.yaml --set model.backbone_backend=hf --set model.hf_load_pretrained=true --set model.backbone=roberta --set model.hf_pretrained_name=roberta-base --set model.expert_type=lora --set model.routing_mode=topk --set model.num_experts=4 --set model.top_k=2 --set seed=3 --set method.name=baseline_cagrad --set train.steps=200 --set train.eval_every_steps=50 --set method.baseline_cagrad.c=0.2865396522 --set method.baseline_cagrad.inner_lr=0.1824460376 --set train.grad_clip=0.5 --set train.lr=1.9599393e-05 --set train.weight_decay=0.01884869601 --out /root/Optimization/MOE-grad-conflict-routing/runs/paper_suite_supplement/single_task_add_rerun/single_task/roberta_cola_lora_e4_k2/hpo/cagrad/trial_runs/local_var_topk_055/cagrad_s3.json --curve_out /root/Optimization/MOE-grad-conflict-routing/runs/paper_suite_supplement/single_task_add_rerun/single_task/roberta_cola_lora_e4_k2/hpo/cagrad/trial_runs/local_var_topk_055/cagrad_s3_curve.csv
Using the latest cached version of the dataset since glue couldn't be found on the Hugging Face Hub (offline mode is enabled).
Found the latest cached dataset configuration 'cola' at /root/.cache/huggingface/datasets/glue/cola/0.0.0/bcdcba79d07bc864c1c254ccfcedcce55bcc9a8c (last modified on Mon Mar 23 09:28:48 2026).
Loading weights:   0%|          | 0/197 [00:00<?, ?it/s]Loading weights: 100%|██████████| 197/197 [00:00<00:00, 8202.41it/s]
[1mRobertaModel LOAD REPORT[0m from: roberta-base
Key                             | Status     | 
--------------------------------+------------+-
roberta.embeddings.position_ids | UNEXPECTED | 
lm_head.dense.weight            | UNEXPECTED | 
lm_head.dense.bias              | UNEXPECTED | 
lm_head.layer_norm.bias         | UNEXPECTED | 
lm_head.layer_norm.weight       | UNEXPECTED | 
lm_head.bias                    | UNEXPECTED | 
pooler.dense.weight             | MISSING    | 
pooler.dense.bias               | MISSING    | 

[3mNotes:
- UNEXPECTED[3m	:can be ignored when loading from different task/architecture; not ok if you expect identical arch.
- MISSING[3m	:those params were newly initialized because missing from the checkpoint. Consider training on your downstream task.[0m
[step 0001/200] method=baseline_cagrad loss=0.8014 train_acc=nan train_loss=nan val_acc=nan val_loss=nan best=-1.0000
[step 0010/200] method=baseline_cagrad loss=0.3575 train_acc=nan train_loss=nan val_acc=nan val_loss=nan best=-1.0000
[step 0020/200] method=baseline_cagrad loss=0.7627 train_acc=nan train_loss=nan val_acc=nan val_loss=nan best=-1.0000
[step 0030/200] method=baseline_cagrad loss=0.6511 train_acc=nan train_loss=nan val_acc=nan val_loss=nan best=-1.0000
[step 0040/200] method=baseline_cagrad loss=0.7359 train_acc=nan train_loss=nan val_acc=nan val_loss=nan best=-1.0000
[step 0050/200] method=baseline_cagrad loss=0.6727 train_acc=0.7044 train_loss=0.6117 val_acc=0.6913 val_loss=0.6440 router_H=0.6748 best=0.6913
           router_load=[0.4023882746696472, 0.5936199426651001, 0.0, 0.003991628997027874]
[step 0060/200] method=baseline_cagrad loss=0.5007 train_acc=0.7044 train_loss=0.6117 val_acc=0.6913 val_loss=0.6440 router_H=0.6748 best=0.6913
           router_load=[0.4023882746696472, 0.5936199426651001, 0.0, 0.003991628997027874]
[step 0070/200] method=baseline_cagrad loss=0.6076 train_acc=0.7044 train_loss=0.6117 val_acc=0.6913 val_loss=0.6440 router_H=0.6748 best=0.6913
           router_load=[0.4023882746696472, 0.5936199426651001, 0.0, 0.003991628997027874]
[step 0080/200] method=baseline_cagrad loss=0.4886 train_acc=0.7044 train_loss=0.6117 val_acc=0.6913 val_loss=0.6440 router_H=0.6748 best=0.6913
           router_load=[0.4023882746696472, 0.5936199426651001, 0.0, 0.003991628997027874]
[step 0090/200] method=baseline_cagrad loss=0.5351 train_acc=0.7044 train_loss=0.6117 val_acc=0.6913 val_loss=0.6440 router_H=0.6748 best=0.6913
           router_load=[0.4023882746696472, 0.5936199426651001, 0.0, 0.003991628997027874]
[step 0100/200] method=baseline_cagrad loss=0.6148 train_acc=0.7758 train_loss=0.5272 val_acc=0.7498 val_loss=0.5976 router_H=0.6751 best=0.7498
           router_load=[0.3926449716091156, 0.5887425541877747, 0.0, 0.018612410873174667]
[step 0110/200] method=baseline_cagrad loss=0.4353 train_acc=0.7758 train_loss=0.5272 val_acc=0.7498 val_loss=0.5976 router_H=0.6751 best=0.7498
           router_load=[0.3926449716091156, 0.5887425541877747, 0.0, 0.018612410873174667]
[step 0120/200] method=baseline_cagrad loss=0.5608 train_acc=0.7758 train_loss=0.5272 val_acc=0.7498 val_loss=0.5976 router_H=0.6751 best=0.7498
           router_load=[0.3926449716091156, 0.5887425541877747, 0.0, 0.018612410873174667]
[step 0130/200] method=baseline_cagrad loss=0.8876 train_acc=0.7758 train_loss=0.5272 val_acc=0.7498 val_loss=0.5976 router_H=0.6751 best=0.7498
           router_load=[0.3926449716091156, 0.5887425541877747, 0.0, 0.018612410873174667]
[step 0140/200] method=baseline_cagrad loss=0.5713 train_acc=0.7758 train_loss=0.5272 val_acc=0.7498 val_loss=0.5976 router_H=0.6751 best=0.7498
           router_load=[0.3926449716091156, 0.5887425541877747, 0.0, 0.018612410873174667]
[step 0150/200] method=baseline_cagrad loss=0.2710 train_acc=0.7613 train_loss=0.5183 val_acc=0.7469 val_loss=0.5845 router_H=0.6788 best=0.7498
           router_load=[0.40836822986602783, 0.5779870748519897, 0.0, 0.013644721359014511]
[step 0160/200] method=baseline_cagrad loss=0.5654 train_acc=0.7613 train_loss=0.5183 val_acc=0.7469 val_loss=0.5845 router_H=0.6788 best=0.7498
           router_load=[0.40836822986602783, 0.5779870748519897, 0.0, 0.013644721359014511]
[step 0170/200] method=baseline_cagrad loss=0.3451 train_acc=0.7613 train_loss=0.5183 val_acc=0.7469 val_loss=0.5845 router_H=0.6788 best=0.7498
           router_load=[0.40836822986602783, 0.5779870748519897, 0.0, 0.013644721359014511]
[step 0180/200] method=baseline_cagrad loss=0.5456 train_acc=0.7613 train_loss=0.5183 val_acc=0.7469 val_loss=0.5845 router_H=0.6788 best=0.7498
           router_load=[0.40836822986602783, 0.5779870748519897, 0.0, 0.013644721359014511]
[step 0190/200] method=baseline_cagrad loss=0.6364 train_acc=0.7613 train_loss=0.5183 val_acc=0.7469 val_loss=0.5845 router_H=0.6788 best=0.7498
           router_load=[0.40836822986602783, 0.5779870748519897, 0.0, 0.013644721359014511]
[step 0200/200] method=baseline_cagrad loss=0.6382 train_acc=0.8339 train_loss=0.4056 val_acc=0.7939 val_loss=0.4697 router_H=0.6751 best=0.7939
           router_load=[0.4095713794231415, 0.5890381336212158, 0.0, 0.0013904039515182376]
saved summary -> /root/Optimization/MOE-grad-conflict-routing/runs/paper_suite_supplement/single_task_add_rerun/single_task/roberta_cola_lora_e4_k2/hpo/cagrad/trial_runs/local_var_topk_055/cagrad_s3.json
saved curve -> /root/Optimization/MOE-grad-conflict-routing/runs/paper_suite_supplement/single_task_add_rerun/single_task/roberta_cola_lora_e4_k2/hpo/cagrad/trial_runs/local_var_topk_055/cagrad_s3_curve.csv
