[run] method=baseline candidate=coord_01_train_lr_019 seed=3 steps=150 gpu=0
[run] cmd=
/home/zhujjing/anaconda3/envs/moe/bin/python /home/zhujjing/MOE-grad-conflict-routing/scripts/run.py --config configs/singletask_rte_real.yaml --set model.backbone_backend=hf --set model.hf_load_pretrained=true --set model.backbone=deberta --set model.hf_pretrained_name=microsoft/deberta-v3-base --set model.expert_type=lora --set model.routing_mode=topk --set model.num_experts=4 --set model.top_k=2 --set seed=3 --set method.name=baseline_avg --set train.steps=150 --set train.eval_every_steps=50 --set train.grad_clip=1 --set train.lr=7.110323964e-06 --set train.weight_decay=0.01 --out /home/zhujjing/MOE-grad-conflict-routing/runs/paper_suite/single_gpu/single_task/deberta_rte_lora_e4_k2/hpo/baseline/trial_runs/coord_01_train_lr_019/baseline_s3.json --curve_out /home/zhujjing/MOE-grad-conflict-routing/runs/paper_suite/single_gpu/single_task/deberta_rte_lora_e4_k2/hpo/baseline/trial_runs/coord_01_train_lr_019/baseline_s3_curve.csv
Using the latest cached version of the dataset since glue couldn't be found on the Hugging Face Hub (offline mode is enabled).
Found the latest cached dataset configuration 'rte' at /home/zhujjing/hf_cache/datasets/glue/rte/0.0.0/bcdcba79d07bc864c1c254ccfcedcce55bcc9a8c (last modified on Thu Mar 19 15:00:36 2026).
/home/zhujjing/anaconda3/envs/moe/lib/python3.10/site-packages/transformers/utils/hub.py:124: FutureWarning: Using `TRANSFORMERS_CACHE` is deprecated and will be removed in v5 of Transformers. Use `HF_HOME` instead.
  warnings.warn(
/home/zhujjing/anaconda3/envs/moe/lib/python3.10/site-packages/transformers/convert_slow_tokenizer.py:560: UserWarning: The sentencepiece tokenizer that you are converting to a fast tokenizer uses the byte fallback option which is not implemented in the fast tokenizers. In practice this means that the fast version of the tokenizer can produce unknown tokens whereas the sentencepiece version would have converted these unknown tokens into a sequence of byte tokens matching the original piece of text.
  warnings.warn(
[step 0001/150] method=baseline_avg loss=0.7174 train_acc=nan train_loss=nan val_acc=nan val_loss=nan best=-1.0000
[step 0010/150] method=baseline_avg loss=0.6821 train_acc=nan train_loss=nan val_acc=nan val_loss=nan best=-1.0000
[step 0020/150] method=baseline_avg loss=0.6893 train_acc=nan train_loss=nan val_acc=nan val_loss=nan best=-1.0000
[step 0030/150] method=baseline_avg loss=0.6652 train_acc=nan train_loss=nan val_acc=nan val_loss=nan best=-1.0000
[step 0040/150] method=baseline_avg loss=0.6496 train_acc=nan train_loss=nan val_acc=nan val_loss=nan best=-1.0000
[step 0050/150] method=baseline_avg loss=0.6693 train_acc=0.6683 train_loss=0.6407 val_acc=0.6643 val_loss=0.6459 router_H=0.6897 best=0.6643
           router_load=[0.0, 0.4650147259235382, 0.03720836341381073, 0.4977768361568451]
[step 0060/150] method=baseline_avg loss=0.5918 train_acc=0.6683 train_loss=0.6407 val_acc=0.6643 val_loss=0.6459 router_H=0.6897 best=0.6643
           router_load=[0.0, 0.4650147259235382, 0.03720836341381073, 0.4977768361568451]
[step 0070/150] method=baseline_avg loss=0.6971 train_acc=0.6683 train_loss=0.6407 val_acc=0.6643 val_loss=0.6459 router_H=0.6897 best=0.6643
           router_load=[0.0, 0.4650147259235382, 0.03720836341381073, 0.4977768361568451]
[step 0080/150] method=baseline_avg loss=0.5478 train_acc=0.6683 train_loss=0.6407 val_acc=0.6643 val_loss=0.6459 router_H=0.6897 best=0.6643
           router_load=[0.0, 0.4650147259235382, 0.03720836341381073, 0.4977768361568451]
[step 0090/150] method=baseline_avg loss=0.6070 train_acc=0.6683 train_loss=0.6407 val_acc=0.6643 val_loss=0.6459 router_H=0.6897 best=0.6643
           router_load=[0.0, 0.4650147259235382, 0.03720836341381073, 0.4977768361568451]
[step 0100/150] method=baseline_avg loss=0.6267 train_acc=0.7173 train_loss=0.5812 val_acc=0.7184 val_loss=0.5921 router_H=0.6901 best=0.7184
           router_load=[0.0, 0.4595148265361786, 0.048131346702575684, 0.4923539161682129]
[step 0110/150] method=baseline_avg loss=0.5544 train_acc=0.7173 train_loss=0.5812 val_acc=0.7184 val_loss=0.5921 router_H=0.6901 best=0.7184
           router_load=[0.0, 0.4595148265361786, 0.048131346702575684, 0.4923539161682129]
[step 0120/150] method=baseline_avg loss=0.6133 train_acc=0.7173 train_loss=0.5812 val_acc=0.7184 val_loss=0.5921 router_H=0.6901 best=0.7184
           router_load=[0.0, 0.4595148265361786, 0.048131346702575684, 0.4923539161682129]
[step 0130/150] method=baseline_avg loss=0.5476 train_acc=0.7173 train_loss=0.5812 val_acc=0.7184 val_loss=0.5921 router_H=0.6901 best=0.7184
           router_load=[0.0, 0.4595148265361786, 0.048131346702575684, 0.4923539161682129]
[step 0140/150] method=baseline_avg loss=0.5253 train_acc=0.7173 train_loss=0.5812 val_acc=0.7184 val_loss=0.5921 router_H=0.6901 best=0.7184
           router_load=[0.0, 0.4595148265361786, 0.048131346702575684, 0.4923539161682129]
[step 0150/150] method=baseline_avg loss=0.5221 train_acc=0.7892 train_loss=0.4916 val_acc=0.7437 val_loss=0.5378 router_H=0.6894 best=0.7437
           router_load=[0.0, 0.48843520879745483, 0.017587557435035706, 0.4939771294593811]
saved summary -> /home/zhujjing/MOE-grad-conflict-routing/runs/paper_suite/single_gpu/single_task/deberta_rte_lora_e4_k2/hpo/baseline/trial_runs/coord_01_train_lr_019/baseline_s3.json
saved curve -> /home/zhujjing/MOE-grad-conflict-routing/runs/paper_suite/single_gpu/single_task/deberta_rte_lora_e4_k2/hpo/baseline/trial_runs/coord_01_train_lr_019/baseline_s3_curve.csv
