[run] method=cagrad candidate=coord_01_train_lr_014 seed=3 steps=150 gpu=0
[run] cmd=
/home/zhujjing/anaconda3/envs/moe/bin/python /home/zhujjing/MOE-grad-conflict-routing/scripts/run.py --config configs/singletask_rte_real.yaml --set model.backbone_backend=hf --set model.hf_load_pretrained=true --set model.hf_local_files_only=true --set model.backbone=deberta --set model.hf_pretrained_name=microsoft/deberta-v3-base --set model.expert_type=lora --set model.routing_mode=topk --set model.num_experts=4 --set model.top_k=2 --set seed=3 --set method.name=baseline_cagrad --set train.steps=150 --set train.eval_every_steps=50 --set method.baseline_cagrad.c=0.4 --set method.baseline_cagrad.inner_lr=0.1 --set train.grad_clip=1 --set train.lr=0.0003838930537 --set train.weight_decay=0.01 --out /home/zhujjing/MOE-grad-conflict-routing/runs/paper_suite/single_gpu/single_task/deberta_rte_lora_e4_k2_supplement/hpo/cagrad/trial_runs/coord_01_train_lr_014/cagrad_s3.json --curve_out /home/zhujjing/MOE-grad-conflict-routing/runs/paper_suite/single_gpu/single_task/deberta_rte_lora_e4_k2_supplement/hpo/cagrad/trial_runs/coord_01_train_lr_014/cagrad_s3_curve.csv
Using the latest cached version of the dataset since glue couldn't be found on the Hugging Face Hub (offline mode is enabled).
Found the latest cached dataset configuration 'rte' at /home/zhujjing/hf_cache/datasets/glue/rte/0.0.0/bcdcba79d07bc864c1c254ccfcedcce55bcc9a8c (last modified on Thu Mar 19 15:00:36 2026).
/home/zhujjing/anaconda3/envs/moe/lib/python3.10/site-packages/transformers/utils/hub.py:124: FutureWarning: Using `TRANSFORMERS_CACHE` is deprecated and will be removed in v5 of Transformers. Use `HF_HOME` instead.
  warnings.warn(
/home/zhujjing/anaconda3/envs/moe/lib/python3.10/site-packages/transformers/convert_slow_tokenizer.py:560: UserWarning: The sentencepiece tokenizer that you are converting to a fast tokenizer uses the byte fallback option which is not implemented in the fast tokenizers. In practice this means that the fast version of the tokenizer can produce unknown tokens whereas the sentencepiece version would have converted these unknown tokens into a sequence of byte tokens matching the original piece of text.
  warnings.warn(
[step 0001/150] method=baseline_cagrad loss=0.8734 train_acc=nan train_loss=nan val_acc=nan val_loss=nan best=-1.0000
[step 0010/150] method=baseline_cagrad loss=0.7365 train_acc=nan train_loss=nan val_acc=nan val_loss=nan best=-1.0000
[step 0020/150] method=baseline_cagrad loss=0.7549 train_acc=nan train_loss=nan val_acc=nan val_loss=nan best=-1.0000
[step 0030/150] method=baseline_cagrad loss=0.6699 train_acc=nan train_loss=nan val_acc=nan val_loss=nan best=-1.0000
[step 0040/150] method=baseline_cagrad loss=0.8048 train_acc=nan train_loss=nan val_acc=nan val_loss=nan best=-1.0000
[step 0050/150] method=baseline_cagrad loss=0.6871 train_acc=0.4922 train_loss=0.7083 val_acc=0.4729 val_loss=0.7177 router_H=0.5052 best=0.4729
           router_load=[0.7964812517166138, 0.0, 0.20351873338222504, 0.0]
[step 0060/150] method=baseline_cagrad loss=0.7552 train_acc=0.4922 train_loss=0.7083 val_acc=0.4729 val_loss=0.7177 router_H=0.5052 best=0.4729
           router_load=[0.7964812517166138, 0.0, 0.20351873338222504, 0.0]
[step 0070/150] method=baseline_cagrad loss=0.7124 train_acc=0.4922 train_loss=0.7083 val_acc=0.4729 val_loss=0.7177 router_H=0.5052 best=0.4729
           router_load=[0.7964812517166138, 0.0, 0.20351873338222504, 0.0]
[step 0080/150] method=baseline_cagrad loss=0.6563 train_acc=0.4922 train_loss=0.7083 val_acc=0.4729 val_loss=0.7177 router_H=0.5052 best=0.4729
           router_load=[0.7964812517166138, 0.0, 0.20351873338222504, 0.0]
[step 0090/150] method=baseline_cagrad loss=0.7084 train_acc=0.4922 train_loss=0.7083 val_acc=0.4729 val_loss=0.7177 router_H=0.5052 best=0.4729
           router_load=[0.7964812517166138, 0.0, 0.20351873338222504, 0.0]
[step 0100/150] method=baseline_cagrad loss=0.7471 train_acc=0.4883 train_loss=0.6982 val_acc=0.4729 val_loss=0.7024 router_H=0.3296 best=0.4729
           router_load=[0.8979523777961731, 0.0, 0.1020476222038269, 0.0]
[step 0110/150] method=baseline_cagrad loss=0.6475 train_acc=0.4883 train_loss=0.6982 val_acc=0.4729 val_loss=0.7024 router_H=0.3296 best=0.4729
           router_load=[0.8979523777961731, 0.0, 0.1020476222038269, 0.0]
[step 0120/150] method=baseline_cagrad loss=0.7147 train_acc=0.4883 train_loss=0.6982 val_acc=0.4729 val_loss=0.7024 router_H=0.3296 best=0.4729
           router_load=[0.8979523777961731, 0.0, 0.1020476222038269, 0.0]
[step 0130/150] method=baseline_cagrad loss=0.6819 train_acc=0.4883 train_loss=0.6982 val_acc=0.4729 val_loss=0.7024 router_H=0.3296 best=0.4729
           router_load=[0.8979523777961731, 0.0, 0.1020476222038269, 0.0]
[step 0140/150] method=baseline_cagrad loss=0.6892 train_acc=0.4883 train_loss=0.6982 val_acc=0.4729 val_loss=0.7024 router_H=0.3296 best=0.4729
           router_load=[0.8979523777961731, 0.0, 0.1020476222038269, 0.0]
[step 0150/150] method=baseline_cagrad loss=0.7234 train_acc=0.5000 train_loss=0.6936 val_acc=0.4729 val_loss=0.6959 router_H=0.6114 best=0.4729
           router_load=[0.6994173526763916, 0.0, 0.3005826771259308, 0.0]
saved summary -> /home/zhujjing/MOE-grad-conflict-routing/runs/paper_suite/single_gpu/single_task/deberta_rte_lora_e4_k2_supplement/hpo/cagrad/trial_runs/coord_01_train_lr_014/cagrad_s3.json
saved curve -> /home/zhujjing/MOE-grad-conflict-routing/runs/paper_suite/single_gpu/single_task/deberta_rte_lora_e4_k2_supplement/hpo/cagrad/trial_runs/coord_01_train_lr_014/cagrad_s3_curve.csv
