[run] method=baseline candidate=local_var_topk_015 seed=3 steps=200 gpu=0
[run] cmd=
/root/miniconda3/envs/optimization/bin/python /root/Optimization/MOE-grad-conflict-routing-appendix2/scripts/run.py --config configs/multitask_textcls_local_sst2_yelp_amazon_real.yaml --set model.backbone_backend=hf --set model.hf_load_pretrained=true --set model.hf_local_files_only=1 --set model.backbone=roberta --set model.hf_pretrained_name=roberta-base --set model.expert_type=lora --set model.routing_mode=topk --set model.num_experts=4 --set model.top_k=2 --set data.train_size=20000 --set data.val_size=4000 --set train.eval_val_fraction=0.2 --set train.skip_train_eval=true --set seed=3 --set method.name=baseline_avg --set train.steps=200 --set train.eval_every_steps=100 --set train.grad_clip=1.723562336 --set train.lr=2e-05 --set train.weight_decay=0.005460976079 --out /root/Optimization/MOE-grad-conflict-routing-appendix2/runs/paper_suite_supplement/appendix/multi_dataset_real/roberta_lora_e4_k2/_method_workers/baseline/hpo/baseline/trial_runs/local_var_topk_015/baseline_s3.json --curve_out /root/Optimization/MOE-grad-conflict-routing-appendix2/runs/paper_suite_supplement/appendix/multi_dataset_real/roberta_lora_e4_k2/_method_workers/baseline/hpo/baseline/trial_runs/local_var_topk_015/baseline_s3_curve.csv
Loading weights:   0%|          | 0/197 [00:00<?, ?it/s]Loading weights: 100%|██████████| 197/197 [00:00<00:00, 21461.21it/s]
[1mRobertaModel LOAD REPORT[0m from: roberta-base
Key                             | Status     | 
--------------------------------+------------+-
roberta.embeddings.position_ids | UNEXPECTED | 
lm_head.dense.bias              | UNEXPECTED | 
lm_head.layer_norm.bias         | UNEXPECTED | 
lm_head.dense.weight            | UNEXPECTED | 
lm_head.bias                    | UNEXPECTED | 
lm_head.layer_norm.weight       | UNEXPECTED | 
pooler.dense.bias               | MISSING    | 
pooler.dense.weight             | MISSING    | 

[3mNotes:
- UNEXPECTED[3m	:can be ignored when loading from different task/architecture; not ok if you expect identical arch.
- MISSING[3m	:those params were newly initialized because missing from the checkpoint. Consider training on your downstream task.[0m
[step 0001/200] method=baseline_avg loss=0.7125 train_acc=nan train_loss=nan val_acc=nan val_loss=nan best=-1.0000
[step 0010/200] method=baseline_avg loss=0.6008 train_acc=nan train_loss=nan val_acc=nan val_loss=nan best=-1.0000
[step 0020/200] method=baseline_avg loss=0.5145 train_acc=nan train_loss=nan val_acc=nan val_loss=nan best=-1.0000
[step 0030/200] method=baseline_avg loss=0.4918 train_acc=nan train_loss=nan val_acc=nan val_loss=nan best=-1.0000
[step 0040/200] method=baseline_avg loss=0.1009 train_acc=nan train_loss=nan val_acc=nan val_loss=nan best=-1.0000
[step 0050/200] method=baseline_avg loss=0.4442 train_acc=nan train_loss=nan val_acc=nan val_loss=nan best=-1.0000
[step 0060/200] method=baseline_avg loss=0.2258 train_acc=nan train_loss=nan val_acc=nan val_loss=nan best=-1.0000
[step 0070/200] method=baseline_avg loss=0.3562 train_acc=nan train_loss=nan val_acc=nan val_loss=nan best=-1.0000
[step 0080/200] method=baseline_avg loss=0.0938 train_acc=nan train_loss=nan val_acc=nan val_loss=nan best=-1.0000
[step 0090/200] method=baseline_avg loss=0.2900 train_acc=nan train_loss=nan val_acc=nan val_loss=nan best=-1.0000
[step 0100/200] method=baseline_avg loss=0.1478 train_acc=nan train_loss=nan val_acc=0.9101 val_loss=0.2740 router_H=0.6905 best=0.9101
           router_load=[0.4936555027961731, 0.2878272533416748, 0.16285987198352814, 0.055657338351011276]
[step 0110/200] method=baseline_avg loss=0.1066 train_acc=nan train_loss=nan val_acc=0.9101 val_loss=0.2740 router_H=0.6905 best=0.9101
           router_load=[0.4936555027961731, 0.2878272533416748, 0.16285987198352814, 0.055657338351011276]
[step 0120/200] method=baseline_avg loss=0.0452 train_acc=nan train_loss=nan val_acc=0.9101 val_loss=0.2740 router_H=0.6905 best=0.9101
           router_load=[0.4936555027961731, 0.2878272533416748, 0.16285987198352814, 0.055657338351011276]
[step 0130/200] method=baseline_avg loss=0.2986 train_acc=nan train_loss=nan val_acc=0.9101 val_loss=0.2740 router_H=0.6905 best=0.9101
           router_load=[0.4936555027961731, 0.2878272533416748, 0.16285987198352814, 0.055657338351011276]
[step 0140/200] method=baseline_avg loss=0.4134 train_acc=nan train_loss=nan val_acc=0.9101 val_loss=0.2740 router_H=0.6905 best=0.9101
           router_load=[0.4936555027961731, 0.2878272533416748, 0.16285987198352814, 0.055657338351011276]
[step 0150/200] method=baseline_avg loss=0.3413 train_acc=nan train_loss=nan val_acc=0.9101 val_loss=0.2740 router_H=0.6905 best=0.9101
           router_load=[0.4936555027961731, 0.2878272533416748, 0.16285987198352814, 0.055657338351011276]
[step 0160/200] method=baseline_avg loss=0.2375 train_acc=nan train_loss=nan val_acc=0.9101 val_loss=0.2740 router_H=0.6905 best=0.9101
           router_load=[0.4936555027961731, 0.2878272533416748, 0.16285987198352814, 0.055657338351011276]
[step 0170/200] method=baseline_avg loss=0.5447 train_acc=nan train_loss=nan val_acc=0.9101 val_loss=0.2740 router_H=0.6905 best=0.9101
           router_load=[0.4936555027961731, 0.2878272533416748, 0.16285987198352814, 0.055657338351011276]
[step 0180/200] method=baseline_avg loss=0.0545 train_acc=nan train_loss=nan val_acc=0.9101 val_loss=0.2740 router_H=0.6905 best=0.9101
           router_load=[0.4936555027961731, 0.2878272533416748, 0.16285987198352814, 0.055657338351011276]
[step 0190/200] method=baseline_avg loss=0.2758 train_acc=nan train_loss=nan val_acc=0.9101 val_loss=0.2740 router_H=0.6905 best=0.9101
           router_load=[0.4936555027961731, 0.2878272533416748, 0.16285987198352814, 0.055657338351011276]
[step 0200/200] method=baseline_avg loss=0.2957 train_acc=nan train_loss=nan val_acc=0.9172 val_loss=0.2299 router_H=0.6879 best=0.9172
           router_load=[0.5299821496009827, 0.22815729677677155, 0.022269506007432938, 0.21959081292152405]
saved summary -> /root/Optimization/MOE-grad-conflict-routing-appendix2/runs/paper_suite_supplement/appendix/multi_dataset_real/roberta_lora_e4_k2/_method_workers/baseline/hpo/baseline/trial_runs/local_var_topk_015/baseline_s3.json
saved curve -> /root/Optimization/MOE-grad-conflict-routing-appendix2/runs/paper_suite_supplement/appendix/multi_dataset_real/roberta_lora_e4_k2/_method_workers/baseline/hpo/baseline/trial_runs/local_var_topk_015/baseline_s3_curve.csv
