[run] method=cagrad candidate=coord_03_train_grad_clip_002 seed=7 steps=1000 gpu=0
[run] cmd=
/home/zhujjing/anaconda3/envs/moe/bin/python /home/zhujjing/MOE-grad-conflict-routing/scripts/run.py --config configs/singletask_sst2_real.yaml --set model.backbone_backend=hf --set model.hf_load_pretrained=true --set model.backbone=roberta --set model.hf_pretrained_name=roberta-base --set model.expert_type=lora --set model.routing_mode=topk --set model.num_experts=4 --set model.top_k=2 --set seed=7 --set method.name=baseline_cagrad --set train.steps=1000 --set train.eval_every_steps=50 --set method.baseline_cagrad.c=0.4 --set method.baseline_cagrad.inner_lr=0.1 --set train.grad_clip=1.016176527 --set train.lr=2e-05 --set train.weight_decay=0.02884869601 --out /home/zhujjing/MOE-grad-conflict-routing/runs/paper_suite/single_gpu/single_task/roberta_sst2_lora_e4_k2/final/cagrad_s7.json --curve_out /home/zhujjing/MOE-grad-conflict-routing/runs/paper_suite/single_gpu/single_task/roberta_sst2_lora_e4_k2/final/cagrad_s7_curve.csv
Using the latest cached version of the dataset since glue couldn't be found on the Hugging Face Hub (offline mode is enabled).
Found the latest cached dataset configuration 'sst2' at /home/zhujjing/hf_cache/datasets/glue/sst2/0.0.0/bcdcba79d07bc864c1c254ccfcedcce55bcc9a8c (last modified on Thu Mar 19 15:01:41 2026).
/home/zhujjing/anaconda3/envs/moe/lib/python3.10/site-packages/transformers/utils/hub.py:124: FutureWarning: Using `TRANSFORMERS_CACHE` is deprecated and will be removed in v5 of Transformers. Use `HF_HOME` instead.
  warnings.warn(
Some weights of RobertaModel were not initialized from the model checkpoint at roberta-base and are newly initialized: ['roberta.pooler.dense.bias', 'roberta.pooler.dense.weight']
You should probably TRAIN this model on a down-stream task to be able to use it for predictions and inference.
[step 0001/1000] method=baseline_cagrad loss=0.6902 train_acc=nan train_loss=nan val_acc=nan val_loss=nan best=-1.0000
[step 0010/1000] method=baseline_cagrad loss=0.6696 train_acc=nan train_loss=nan val_acc=nan val_loss=nan best=-1.0000
[step 0020/1000] method=baseline_cagrad loss=0.6361 train_acc=nan train_loss=nan val_acc=nan val_loss=nan best=-1.0000
[step 0030/1000] method=baseline_cagrad loss=0.6993 train_acc=nan train_loss=nan val_acc=nan val_loss=nan best=-1.0000
[step 0040/1000] method=baseline_cagrad loss=0.9054 train_acc=nan train_loss=nan val_acc=nan val_loss=nan best=-1.0000
[step 0050/1000] method=baseline_cagrad loss=0.2310 train_acc=0.8731 train_loss=0.3468 val_acc=0.8406 val_loss=0.4122 router_H=0.6695 best=0.8406
           router_load=[0.11450023204088211, 0.5259302258491516, 0.09868776798248291, 0.2608817219734192]
[step 0060/1000] method=baseline_cagrad loss=0.1207 train_acc=0.8731 train_loss=0.3468 val_acc=0.8406 val_loss=0.4122 router_H=0.6695 best=0.8406
           router_load=[0.11450023204088211, 0.5259302258491516, 0.09868776798248291, 0.2608817219734192]
[step 0070/1000] method=baseline_cagrad loss=0.2643 train_acc=0.8731 train_loss=0.3468 val_acc=0.8406 val_loss=0.4122 router_H=0.6695 best=0.8406
           router_load=[0.11450023204088211, 0.5259302258491516, 0.09868776798248291, 0.2608817219734192]
[step 0080/1000] method=baseline_cagrad loss=0.4233 train_acc=0.8731 train_loss=0.3468 val_acc=0.8406 val_loss=0.4122 router_H=0.6695 best=0.8406
           router_load=[0.11450023204088211, 0.5259302258491516, 0.09868776798248291, 0.2608817219734192]
[step 0090/1000] method=baseline_cagrad loss=0.1944 train_acc=0.8731 train_loss=0.3468 val_acc=0.8406 val_loss=0.4122 router_H=0.6695 best=0.8406
           router_load=[0.11450023204088211, 0.5259302258491516, 0.09868776798248291, 0.2608817219734192]
[step 0100/1000] method=baseline_cagrad loss=0.3635 train_acc=0.8882 train_loss=0.3010 val_acc=0.9002 val_loss=0.3017 router_H=0.6784 best=0.9002
           router_load=[0.06550057232379913, 0.485086590051651, 0.2793816328048706, 0.17003105580806732]
[step 0110/1000] method=baseline_cagrad loss=0.7434 train_acc=0.8882 train_loss=0.3010 val_acc=0.9002 val_loss=0.3017 router_H=0.6784 best=0.9002
           router_load=[0.06550057232379913, 0.485086590051651, 0.2793816328048706, 0.17003105580806732]
[step 0120/1000] method=baseline_cagrad loss=0.5336 train_acc=0.8882 train_loss=0.3010 val_acc=0.9002 val_loss=0.3017 router_H=0.6784 best=0.9002
           router_load=[0.06550057232379913, 0.485086590051651, 0.2793816328048706, 0.17003105580806732]
[step 0130/1000] method=baseline_cagrad loss=0.2983 train_acc=0.8882 train_loss=0.3010 val_acc=0.9002 val_loss=0.3017 router_H=0.6784 best=0.9002
           router_load=[0.06550057232379913, 0.485086590051651, 0.2793816328048706, 0.17003105580806732]
[step 0140/1000] method=baseline_cagrad loss=0.5018 train_acc=0.8882 train_loss=0.3010 val_acc=0.9002 val_loss=0.3017 router_H=0.6784 best=0.9002
           router_load=[0.06550057232379913, 0.485086590051651, 0.2793816328048706, 0.17003105580806732]
[step 0150/1000] method=baseline_cagrad loss=0.3433 train_acc=0.8926 train_loss=0.2821 val_acc=0.8933 val_loss=0.2631 router_H=0.6656 best=0.9002
           router_load=[0.09748372435569763, 0.6070718169212341, 0.08276050537824631, 0.21268394589424133]
[step 0160/1000] method=baseline_cagrad loss=0.4853 train_acc=0.8926 train_loss=0.2821 val_acc=0.8933 val_loss=0.2631 router_H=0.6656 best=0.9002
           router_load=[0.09748372435569763, 0.6070718169212341, 0.08276050537824631, 0.21268394589424133]
[step 0170/1000] method=baseline_cagrad loss=0.3909 train_acc=0.8926 train_loss=0.2821 val_acc=0.8933 val_loss=0.2631 router_H=0.6656 best=0.9002
           router_load=[0.09748372435569763, 0.6070718169212341, 0.08276050537824631, 0.21268394589424133]
[step 0180/1000] method=baseline_cagrad loss=0.6462 train_acc=0.8926 train_loss=0.2821 val_acc=0.8933 val_loss=0.2631 router_H=0.6656 best=0.9002
           router_load=[0.09748372435569763, 0.6070718169212341, 0.08276050537824631, 0.21268394589424133]
[step 0190/1000] method=baseline_cagrad loss=0.0482 train_acc=0.8926 train_loss=0.2821 val_acc=0.8933 val_loss=0.2631 router_H=0.6656 best=0.9002
           router_load=[0.09748372435569763, 0.6070718169212341, 0.08276050537824631, 0.21268394589424133]
[step 0200/1000] method=baseline_cagrad loss=0.5398 train_acc=0.8925 train_loss=0.3577 val_acc=0.8922 val_loss=0.3243 router_H=0.6690 best=0.9002
           router_load=[0.13899877667427063, 0.5167273879051208, 0.15343227982521057, 0.1908416450023651]
[step 0210/1000] method=baseline_cagrad loss=0.2642 train_acc=0.8925 train_loss=0.3577 val_acc=0.8922 val_loss=0.3243 router_H=0.6690 best=0.9002
           router_load=[0.13899877667427063, 0.5167273879051208, 0.15343227982521057, 0.1908416450023651]
[step 0220/1000] method=baseline_cagrad loss=0.2054 train_acc=0.8925 train_loss=0.3577 val_acc=0.8922 val_loss=0.3243 router_H=0.6690 best=0.9002
           router_load=[0.13899877667427063, 0.5167273879051208, 0.15343227982521057, 0.1908416450023651]
[step 0230/1000] method=baseline_cagrad loss=0.5890 train_acc=0.8925 train_loss=0.3577 val_acc=0.8922 val_loss=0.3243 router_H=0.6690 best=0.9002
           router_load=[0.13899877667427063, 0.5167273879051208, 0.15343227982521057, 0.1908416450023651]
[step 0240/1000] method=baseline_cagrad loss=0.5056 train_acc=0.8925 train_loss=0.3577 val_acc=0.8922 val_loss=0.3243 router_H=0.6690 best=0.9002
           router_load=[0.13899877667427063, 0.5167273879051208, 0.15343227982521057, 0.1908416450023651]
[step 0250/1000] method=baseline_cagrad loss=0.1340 train_acc=0.9052 train_loss=0.2540 val_acc=0.8956 val_loss=0.2691 router_H=0.6806 best=0.9002
           router_load=[0.06507787108421326, 0.4395427405834198, 0.14581835269927979, 0.34956106543540955]
[step 0260/1000] method=baseline_cagrad loss=0.1155 train_acc=0.9052 train_loss=0.2540 val_acc=0.8956 val_loss=0.2691 router_H=0.6806 best=0.9002
           router_load=[0.06507787108421326, 0.4395427405834198, 0.14581835269927979, 0.34956106543540955]
[step 0270/1000] method=baseline_cagrad loss=0.2419 train_acc=0.9052 train_loss=0.2540 val_acc=0.8956 val_loss=0.2691 router_H=0.6806 best=0.9002
           router_load=[0.06507787108421326, 0.4395427405834198, 0.14581835269927979, 0.34956106543540955]
[step 0280/1000] method=baseline_cagrad loss=0.3345 train_acc=0.9052 train_loss=0.2540 val_acc=0.8956 val_loss=0.2691 router_H=0.6806 best=0.9002
           router_load=[0.06507787108421326, 0.4395427405834198, 0.14581835269927979, 0.34956106543540955]
[step 0290/1000] method=baseline_cagrad loss=0.6562 train_acc=0.9052 train_loss=0.2540 val_acc=0.8956 val_loss=0.2691 router_H=0.6806 best=0.9002
           router_load=[0.06507787108421326, 0.4395427405834198, 0.14581835269927979, 0.34956106543540955]
[step 0300/1000] method=baseline_cagrad loss=0.2064 train_acc=0.8924 train_loss=0.2629 val_acc=0.8911 val_loss=0.2659 router_H=0.6654 best=0.9002
           router_load=[0.13157284259796143, 0.5348142385482788, 0.18002350628376007, 0.15358947217464447]
[step 0310/1000] method=baseline_cagrad loss=0.6779 train_acc=0.8924 train_loss=0.2629 val_acc=0.8911 val_loss=0.2659 router_H=0.6654 best=0.9002
           router_load=[0.13157284259796143, 0.5348142385482788, 0.18002350628376007, 0.15358947217464447]
[step 0320/1000] method=baseline_cagrad loss=0.8044 train_acc=0.8924 train_loss=0.2629 val_acc=0.8911 val_loss=0.2659 router_H=0.6654 best=0.9002
           router_load=[0.13157284259796143, 0.5348142385482788, 0.18002350628376007, 0.15358947217464447]
[step 0330/1000] method=baseline_cagrad loss=0.3202 train_acc=0.8924 train_loss=0.2629 val_acc=0.8911 val_loss=0.2659 router_H=0.6654 best=0.9002
           router_load=[0.13157284259796143, 0.5348142385482788, 0.18002350628376007, 0.15358947217464447]
[step 0340/1000] method=baseline_cagrad loss=0.1651 train_acc=0.8924 train_loss=0.2629 val_acc=0.8911 val_loss=0.2659 router_H=0.6654 best=0.9002
           router_load=[0.13157284259796143, 0.5348142385482788, 0.18002350628376007, 0.15358947217464447]
[step 0350/1000] method=baseline_cagrad loss=0.1847 train_acc=0.9101 train_loss=0.2466 val_acc=0.9083 val_loss=0.2514 router_H=0.6774 best=0.9083
           router_load=[0.04469999298453331, 0.5497331619262695, 0.15849317610263824, 0.24707365036010742]
[step 0360/1000] method=baseline_cagrad loss=0.0971 train_acc=0.9101 train_loss=0.2466 val_acc=0.9083 val_loss=0.2514 router_H=0.6774 best=0.9083
           router_load=[0.04469999298453331, 0.5497331619262695, 0.15849317610263824, 0.24707365036010742]
[step 0370/1000] method=baseline_cagrad loss=0.8978 train_acc=0.9101 train_loss=0.2466 val_acc=0.9083 val_loss=0.2514 router_H=0.6774 best=0.9083
           router_load=[0.04469999298453331, 0.5497331619262695, 0.15849317610263824, 0.24707365036010742]
[step 0380/1000] method=baseline_cagrad loss=0.2762 train_acc=0.9101 train_loss=0.2466 val_acc=0.9083 val_loss=0.2514 router_H=0.6774 best=0.9083
           router_load=[0.04469999298453331, 0.5497331619262695, 0.15849317610263824, 0.24707365036010742]
[step 0390/1000] method=baseline_cagrad loss=0.2899 train_acc=0.9101 train_loss=0.2466 val_acc=0.9083 val_loss=0.2514 router_H=0.6774 best=0.9083
           router_load=[0.04469999298453331, 0.5497331619262695, 0.15849317610263824, 0.24707365036010742]
[step 0400/1000] method=baseline_cagrad loss=0.1866 train_acc=0.9109 train_loss=0.2525 val_acc=0.9060 val_loss=0.2637 router_H=0.6583 best=0.9083
           router_load=[0.12007427960634232, 0.5485889315605164, 0.2229255884885788, 0.10841117054224014]
[step 0410/1000] method=baseline_cagrad loss=0.0762 train_acc=0.9109 train_loss=0.2525 val_acc=0.9060 val_loss=0.2637 router_H=0.6583 best=0.9083
           router_load=[0.12007427960634232, 0.5485889315605164, 0.2229255884885788, 0.10841117054224014]
[step 0420/1000] method=baseline_cagrad loss=0.6765 train_acc=0.9109 train_loss=0.2525 val_acc=0.9060 val_loss=0.2637 router_H=0.6583 best=0.9083
           router_load=[0.12007427960634232, 0.5485889315605164, 0.2229255884885788, 0.10841117054224014]
[step 0430/1000] method=baseline_cagrad loss=0.5936 train_acc=0.9109 train_loss=0.2525 val_acc=0.9060 val_loss=0.2637 router_H=0.6583 best=0.9083
           router_load=[0.12007427960634232, 0.5485889315605164, 0.2229255884885788, 0.10841117054224014]
[step 0440/1000] method=baseline_cagrad loss=0.2469 train_acc=0.9109 train_loss=0.2525 val_acc=0.9060 val_loss=0.2637 router_H=0.6583 best=0.9083
           router_load=[0.12007427960634232, 0.5485889315605164, 0.2229255884885788, 0.10841117054224014]
[step 0450/1000] method=baseline_cagrad loss=0.3605 train_acc=0.9137 train_loss=0.2567 val_acc=0.9209 val_loss=0.2420 router_H=0.6575 best=0.9209
           router_load=[0.13466858863830566, 0.5511294603347778, 0.16454994678497314, 0.14965204894542694]
[step 0460/1000] method=baseline_cagrad loss=0.0413 train_acc=0.9137 train_loss=0.2567 val_acc=0.9209 val_loss=0.2420 router_H=0.6575 best=0.9209
           router_load=[0.13466858863830566, 0.5511294603347778, 0.16454994678497314, 0.14965204894542694]
[step 0470/1000] method=baseline_cagrad loss=0.3550 train_acc=0.9137 train_loss=0.2567 val_acc=0.9209 val_loss=0.2420 router_H=0.6575 best=0.9209
           router_load=[0.13466858863830566, 0.5511294603347778, 0.16454994678497314, 0.14965204894542694]
[step 0480/1000] method=baseline_cagrad loss=0.4320 train_acc=0.9137 train_loss=0.2567 val_acc=0.9209 val_loss=0.2420 router_H=0.6575 best=0.9209
           router_load=[0.13466858863830566, 0.5511294603347778, 0.16454994678497314, 0.14965204894542694]
[step 0490/1000] method=baseline_cagrad loss=1.1519 train_acc=0.9137 train_loss=0.2567 val_acc=0.9209 val_loss=0.2420 router_H=0.6575 best=0.9209
           router_load=[0.13466858863830566, 0.5511294603347778, 0.16454994678497314, 0.14965204894542694]
[step 0500/1000] method=baseline_cagrad loss=0.5365 train_acc=0.9150 train_loss=0.2409 val_acc=0.9083 val_loss=0.2477 router_H=0.6806 best=0.9209
           router_load=[0.1331215798854828, 0.5068851709365845, 0.07727906107902527, 0.2827140986919403]
[step 0510/1000] method=baseline_cagrad loss=0.4431 train_acc=0.9150 train_loss=0.2409 val_acc=0.9083 val_loss=0.2477 router_H=0.6806 best=0.9209
           router_load=[0.1331215798854828, 0.5068851709365845, 0.07727906107902527, 0.2827140986919403]
[step 0520/1000] method=baseline_cagrad loss=0.0783 train_acc=0.9150 train_loss=0.2409 val_acc=0.9083 val_loss=0.2477 router_H=0.6806 best=0.9209
           router_load=[0.1331215798854828, 0.5068851709365845, 0.07727906107902527, 0.2827140986919403]
[step 0530/1000] method=baseline_cagrad loss=0.2810 train_acc=0.9150 train_loss=0.2409 val_acc=0.9083 val_loss=0.2477 router_H=0.6806 best=0.9209
           router_load=[0.1331215798854828, 0.5068851709365845, 0.07727906107902527, 0.2827140986919403]
[step 0540/1000] method=baseline_cagrad loss=0.2343 train_acc=0.9150 train_loss=0.2409 val_acc=0.9083 val_loss=0.2477 router_H=0.6806 best=0.9209
           router_load=[0.1331215798854828, 0.5068851709365845, 0.07727906107902527, 0.2827140986919403]
[step 0550/1000] method=baseline_cagrad loss=0.1938 train_acc=0.9172 train_loss=0.2327 val_acc=0.9106 val_loss=0.2800 router_H=0.6666 best=0.9209
           router_load=[0.13483896851539612, 0.533319354057312, 0.13556434214115143, 0.19627724587917328]
[step 0560/1000] method=baseline_cagrad loss=0.1953 train_acc=0.9172 train_loss=0.2327 val_acc=0.9106 val_loss=0.2800 router_H=0.6666 best=0.9209
           router_load=[0.13483896851539612, 0.533319354057312, 0.13556434214115143, 0.19627724587917328]
[step 0570/1000] method=baseline_cagrad loss=0.3149 train_acc=0.9172 train_loss=0.2327 val_acc=0.9106 val_loss=0.2800 router_H=0.6666 best=0.9209
           router_load=[0.13483896851539612, 0.533319354057312, 0.13556434214115143, 0.19627724587917328]
[step 0580/1000] method=baseline_cagrad loss=0.1028 train_acc=0.9172 train_loss=0.2327 val_acc=0.9106 val_loss=0.2800 router_H=0.6666 best=0.9209
           router_load=[0.13483896851539612, 0.533319354057312, 0.13556434214115143, 0.19627724587917328]
[step 0590/1000] method=baseline_cagrad loss=0.2818 train_acc=0.9172 train_loss=0.2327 val_acc=0.9106 val_loss=0.2800 router_H=0.6666 best=0.9209
           router_load=[0.13483896851539612, 0.533319354057312, 0.13556434214115143, 0.19627724587917328]
[step 0600/1000] method=baseline_cagrad loss=0.0184 train_acc=0.9152 train_loss=0.2628 val_acc=0.9197 val_loss=0.3101 router_H=0.6597 best=0.9209
           router_load=[0.1476309597492218, 0.507311224937439, 0.16123151779174805, 0.18382635712623596]
[step 0610/1000] method=baseline_cagrad loss=0.1651 train_acc=0.9152 train_loss=0.2628 val_acc=0.9197 val_loss=0.3101 router_H=0.6597 best=0.9209
           router_load=[0.1476309597492218, 0.507311224937439, 0.16123151779174805, 0.18382635712623596]
[step 0620/1000] method=baseline_cagrad loss=0.4498 train_acc=0.9152 train_loss=0.2628 val_acc=0.9197 val_loss=0.3101 router_H=0.6597 best=0.9209
           router_load=[0.1476309597492218, 0.507311224937439, 0.16123151779174805, 0.18382635712623596]
[step 0630/1000] method=baseline_cagrad loss=0.0458 train_acc=0.9152 train_loss=0.2628 val_acc=0.9197 val_loss=0.3101 router_H=0.6597 best=0.9209
           router_load=[0.1476309597492218, 0.507311224937439, 0.16123151779174805, 0.18382635712623596]
[step 0640/1000] method=baseline_cagrad loss=0.4769 train_acc=0.9152 train_loss=0.2628 val_acc=0.9197 val_loss=0.3101 router_H=0.6597 best=0.9209
           router_load=[0.1476309597492218, 0.507311224937439, 0.16123151779174805, 0.18382635712623596]
[step 0650/1000] method=baseline_cagrad loss=0.2571 train_acc=0.9196 train_loss=0.2131 val_acc=0.9140 val_loss=0.2286 router_H=0.6607 best=0.9209
           router_load=[0.10087605565786362, 0.5787429809570312, 0.022288082167506218, 0.29809290170669556]
[step 0660/1000] method=baseline_cagrad loss=0.1185 train_acc=0.9196 train_loss=0.2131 val_acc=0.9140 val_loss=0.2286 router_H=0.6607 best=0.9209
           router_load=[0.10087605565786362, 0.5787429809570312, 0.022288082167506218, 0.29809290170669556]
[step 0670/1000] method=baseline_cagrad loss=0.0703 train_acc=0.9196 train_loss=0.2131 val_acc=0.9140 val_loss=0.2286 router_H=0.6607 best=0.9209
           router_load=[0.10087605565786362, 0.5787429809570312, 0.022288082167506218, 0.29809290170669556]
[step 0680/1000] method=baseline_cagrad loss=0.1591 train_acc=0.9196 train_loss=0.2131 val_acc=0.9140 val_loss=0.2286 router_H=0.6607 best=0.9209
           router_load=[0.10087605565786362, 0.5787429809570312, 0.022288082167506218, 0.29809290170669556]
[step 0690/1000] method=baseline_cagrad loss=0.2503 train_acc=0.9196 train_loss=0.2131 val_acc=0.9140 val_loss=0.2286 router_H=0.6607 best=0.9209
           router_load=[0.10087605565786362, 0.5787429809570312, 0.022288082167506218, 0.29809290170669556]
[step 0700/1000] method=baseline_cagrad loss=0.3655 train_acc=0.9195 train_loss=0.2206 val_acc=0.9255 val_loss=0.2260 router_H=0.6625 best=0.9255
           router_load=[0.1255227029323578, 0.5592809319496155, 0.09635303914546967, 0.218843474984169]
[step 0710/1000] method=baseline_cagrad loss=0.2606 train_acc=0.9195 train_loss=0.2206 val_acc=0.9255 val_loss=0.2260 router_H=0.6625 best=0.9255
           router_load=[0.1255227029323578, 0.5592809319496155, 0.09635303914546967, 0.218843474984169]
[step 0720/1000] method=baseline_cagrad loss=0.0123 train_acc=0.9195 train_loss=0.2206 val_acc=0.9255 val_loss=0.2260 router_H=0.6625 best=0.9255
           router_load=[0.1255227029323578, 0.5592809319496155, 0.09635303914546967, 0.218843474984169]
[step 0730/1000] method=baseline_cagrad loss=0.0871 train_acc=0.9195 train_loss=0.2206 val_acc=0.9255 val_loss=0.2260 router_H=0.6625 best=0.9255
           router_load=[0.1255227029323578, 0.5592809319496155, 0.09635303914546967, 0.218843474984169]
[step 0740/1000] method=baseline_cagrad loss=0.1407 train_acc=0.9195 train_loss=0.2206 val_acc=0.9255 val_loss=0.2260 router_H=0.6625 best=0.9255
           router_load=[0.1255227029323578, 0.5592809319496155, 0.09635303914546967, 0.218843474984169]
[step 0750/1000] method=baseline_cagrad loss=0.2170 train_acc=0.9214 train_loss=0.2122 val_acc=0.9300 val_loss=0.2312 router_H=0.6568 best=0.9300
           router_load=[0.11254682391881943, 0.5208442807197571, 0.07774196565151215, 0.28886690735816956]
[step 0760/1000] method=baseline_cagrad loss=0.2045 train_acc=0.9214 train_loss=0.2122 val_acc=0.9300 val_loss=0.2312 router_H=0.6568 best=0.9300
           router_load=[0.11254682391881943, 0.5208442807197571, 0.07774196565151215, 0.28886690735816956]
[step 0770/1000] method=baseline_cagrad loss=0.3544 train_acc=0.9214 train_loss=0.2122 val_acc=0.9300 val_loss=0.2312 router_H=0.6568 best=0.9300
           router_load=[0.11254682391881943, 0.5208442807197571, 0.07774196565151215, 0.28886690735816956]
[step 0780/1000] method=baseline_cagrad loss=0.0917 train_acc=0.9214 train_loss=0.2122 val_acc=0.9300 val_loss=0.2312 router_H=0.6568 best=0.9300
           router_load=[0.11254682391881943, 0.5208442807197571, 0.07774196565151215, 0.28886690735816956]
[step 0790/1000] method=baseline_cagrad loss=0.2203 train_acc=0.9214 train_loss=0.2122 val_acc=0.9300 val_loss=0.2312 router_H=0.6568 best=0.9300
           router_load=[0.11254682391881943, 0.5208442807197571, 0.07774196565151215, 0.28886690735816956]
[step 0800/1000] method=baseline_cagrad loss=0.6919 train_acc=0.9061 train_loss=0.2507 val_acc=0.9128 val_loss=0.2667 router_H=0.6410 best=0.9300
           router_load=[0.11574555188417435, 0.5744763016700745, 0.057562731206417084, 0.2522154748439789]
[step 0810/1000] method=baseline_cagrad loss=0.3949 train_acc=0.9061 train_loss=0.2507 val_acc=0.9128 val_loss=0.2667 router_H=0.6410 best=0.9300
           router_load=[0.11574555188417435, 0.5744763016700745, 0.057562731206417084, 0.2522154748439789]
[step 0820/1000] method=baseline_cagrad loss=0.3045 train_acc=0.9061 train_loss=0.2507 val_acc=0.9128 val_loss=0.2667 router_H=0.6410 best=0.9300
           router_load=[0.11574555188417435, 0.5744763016700745, 0.057562731206417084, 0.2522154748439789]
[step 0830/1000] method=baseline_cagrad loss=0.1577 train_acc=0.9061 train_loss=0.2507 val_acc=0.9128 val_loss=0.2667 router_H=0.6410 best=0.9300
           router_load=[0.11574555188417435, 0.5744763016700745, 0.057562731206417084, 0.2522154748439789]
[step 0840/1000] method=baseline_cagrad loss=0.0875 train_acc=0.9061 train_loss=0.2507 val_acc=0.9128 val_loss=0.2667 router_H=0.6410 best=0.9300
           router_load=[0.11574555188417435, 0.5744763016700745, 0.057562731206417084, 0.2522154748439789]
[step 0850/1000] method=baseline_cagrad loss=0.3408 train_acc=0.9193 train_loss=0.2106 val_acc=0.9140 val_loss=0.2279 router_H=0.6570 best=0.9300
           router_load=[0.07827233523130417, 0.5537711381912231, 0.02973351627588272, 0.3382228910923004]
[step 0860/1000] method=baseline_cagrad loss=0.2755 train_acc=0.9193 train_loss=0.2106 val_acc=0.9140 val_loss=0.2279 router_H=0.6570 best=0.9300
           router_load=[0.07827233523130417, 0.5537711381912231, 0.02973351627588272, 0.3382228910923004]
[step 0870/1000] method=baseline_cagrad loss=0.3788 train_acc=0.9193 train_loss=0.2106 val_acc=0.9140 val_loss=0.2279 router_H=0.6570 best=0.9300
           router_load=[0.07827233523130417, 0.5537711381912231, 0.02973351627588272, 0.3382228910923004]
[step 0880/1000] method=baseline_cagrad loss=0.1151 train_acc=0.9193 train_loss=0.2106 val_acc=0.9140 val_loss=0.2279 router_H=0.6570 best=0.9300
           router_load=[0.07827233523130417, 0.5537711381912231, 0.02973351627588272, 0.3382228910923004]
[step 0890/1000] method=baseline_cagrad loss=0.1488 train_acc=0.9193 train_loss=0.2106 val_acc=0.9140 val_loss=0.2279 router_H=0.6570 best=0.9300
           router_load=[0.07827233523130417, 0.5537711381912231, 0.02973351627588272, 0.3382228910923004]
[step 0900/1000] method=baseline_cagrad loss=0.2734 train_acc=0.9032 train_loss=0.3075 val_acc=0.8739 val_loss=0.4271 router_H=0.6577 best=0.9300
           router_load=[0.06020385026931763, 0.44923943281173706, 0.1174023225903511, 0.37315449118614197]
[step 0910/1000] method=baseline_cagrad loss=0.1040 train_acc=0.9032 train_loss=0.3075 val_acc=0.8739 val_loss=0.4271 router_H=0.6577 best=0.9300
           router_load=[0.06020385026931763, 0.44923943281173706, 0.1174023225903511, 0.37315449118614197]
[step 0920/1000] method=baseline_cagrad loss=0.3281 train_acc=0.9032 train_loss=0.3075 val_acc=0.8739 val_loss=0.4271 router_H=0.6577 best=0.9300
           router_load=[0.06020385026931763, 0.44923943281173706, 0.1174023225903511, 0.37315449118614197]
[step 0930/1000] method=baseline_cagrad loss=0.2179 train_acc=0.9032 train_loss=0.3075 val_acc=0.8739 val_loss=0.4271 router_H=0.6577 best=0.9300
           router_load=[0.06020385026931763, 0.44923943281173706, 0.1174023225903511, 0.37315449118614197]
[step 0940/1000] method=baseline_cagrad loss=0.3121 train_acc=0.9032 train_loss=0.3075 val_acc=0.8739 val_loss=0.4271 router_H=0.6577 best=0.9300
           router_load=[0.06020385026931763, 0.44923943281173706, 0.1174023225903511, 0.37315449118614197]
[step 0950/1000] method=baseline_cagrad loss=0.3271 train_acc=0.9277 train_loss=0.1970 val_acc=0.9117 val_loss=0.2368 router_H=0.6692 best=0.9300
           router_load=[0.03126238286495209, 0.5288720726966858, 0.022043107077479362, 0.4178225100040436]
[step 0960/1000] method=baseline_cagrad loss=0.4558 train_acc=0.9277 train_loss=0.1970 val_acc=0.9117 val_loss=0.2368 router_H=0.6692 best=0.9300
           router_load=[0.03126238286495209, 0.5288720726966858, 0.022043107077479362, 0.4178225100040436]
[step 0970/1000] method=baseline_cagrad loss=0.0153 train_acc=0.9277 train_loss=0.1970 val_acc=0.9117 val_loss=0.2368 router_H=0.6692 best=0.9300
           router_load=[0.03126238286495209, 0.5288720726966858, 0.022043107077479362, 0.4178225100040436]
[step 0980/1000] method=baseline_cagrad loss=0.1177 train_acc=0.9277 train_loss=0.1970 val_acc=0.9117 val_loss=0.2368 router_H=0.6692 best=0.9300
           router_load=[0.03126238286495209, 0.5288720726966858, 0.022043107077479362, 0.4178225100040436]
[step 0990/1000] method=baseline_cagrad loss=0.2504 train_acc=0.9277 train_loss=0.1970 val_acc=0.9117 val_loss=0.2368 router_H=0.6692 best=0.9300
           router_load=[0.03126238286495209, 0.5288720726966858, 0.022043107077479362, 0.4178225100040436]
[step 1000/1000] method=baseline_cagrad loss=0.0908 train_acc=0.9228 train_loss=0.2008 val_acc=0.9094 val_loss=0.2408 router_H=0.6663 best=0.9300
           router_load=[0.07089632004499435, 0.4863634705543518, 0.07726434618234634, 0.3654756546020508]
saved summary -> /home/zhujjing/MOE-grad-conflict-routing/runs/paper_suite/single_gpu/single_task/roberta_sst2_lora_e4_k2/final/cagrad_s7.json
saved curve -> /home/zhujjing/MOE-grad-conflict-routing/runs/paper_suite/single_gpu/single_task/roberta_sst2_lora_e4_k2/final/cagrad_s7_curve.csv
