[run] method=ours candidate=local_var_topk_022 seed=2 steps=150 gpu=0
[run] cmd=
/home/zhujjing/anaconda3/envs/moe/bin/python /home/zhujjing/MOE-grad-conflict-routing/scripts/run.py --config configs/singletask_rte_real.yaml --set model.backbone_backend=hf --set model.hf_load_pretrained=true --set model.backbone=deberta --set model.hf_pretrained_name=microsoft/deberta-v3-base --set model.expert_type=lora --set model.routing_mode=topk --set model.num_experts=4 --set model.top_k=2 --set seed=2 --set method.name=ours --set train.steps=150 --set train.eval_every_steps=50 --set method.ours.use_load_norm=true --set method.ours.lambda_align=0.000132894918 --set train.grad_clip=0.6534831993 --set train.lr=8.4666933e-05 --set train.weight_decay=0.04322128284 --out /home/zhujjing/MOE-grad-conflict-routing/runs/paper_suite/single_gpu/single_task/deberta_rte_lora_e4_k2/hpo/ours/trial_runs/local_var_topk_022/ours_s2.json --curve_out /home/zhujjing/MOE-grad-conflict-routing/runs/paper_suite/single_gpu/single_task/deberta_rte_lora_e4_k2/hpo/ours/trial_runs/local_var_topk_022/ours_s2_curve.csv
Using the latest cached version of the dataset since glue couldn't be found on the Hugging Face Hub (offline mode is enabled).
Found the latest cached dataset configuration 'rte' at /home/zhujjing/hf_cache/datasets/glue/rte/0.0.0/bcdcba79d07bc864c1c254ccfcedcce55bcc9a8c (last modified on Thu Mar 19 15:00:36 2026).
/home/zhujjing/anaconda3/envs/moe/lib/python3.10/site-packages/transformers/utils/hub.py:124: FutureWarning: Using `TRANSFORMERS_CACHE` is deprecated and will be removed in v5 of Transformers. Use `HF_HOME` instead.
  warnings.warn(
/home/zhujjing/anaconda3/envs/moe/lib/python3.10/site-packages/transformers/convert_slow_tokenizer.py:560: UserWarning: The sentencepiece tokenizer that you are converting to a fast tokenizer uses the byte fallback option which is not implemented in the fast tokenizers. In practice this means that the fast version of the tokenizer can produce unknown tokens whereas the sentencepiece version would have converted these unknown tokens into a sequence of byte tokens matching the original piece of text.
  warnings.warn(
[step 0001/150] method=ours loss=0.6663 train_acc=nan train_loss=nan val_acc=nan val_loss=nan best=-1.0000
[step 0010/150] method=ours loss=0.6550 train_acc=nan train_loss=nan val_acc=nan val_loss=nan best=-1.0000
[step 0020/150] method=ours loss=0.6729 train_acc=nan train_loss=nan val_acc=nan val_loss=nan best=-1.0000
[step 0030/150] method=ours loss=0.7553 train_acc=nan train_loss=nan val_acc=nan val_loss=nan best=-1.0000
[step 0040/150] method=ours loss=0.6911 train_acc=nan train_loss=nan val_acc=nan val_loss=nan best=-1.0000
[step 0050/150] method=ours loss=0.7151 train_acc=0.4988 train_loss=0.6918 val_acc=0.4729 val_loss=0.6947 router_H=0.6924 best=0.4729
           router_load=[0.0, 0.48078081011772156, 0.0, 0.519219160079956]
[step 0060/150] method=ours loss=0.6858 train_acc=0.4988 train_loss=0.6918 val_acc=0.4729 val_loss=0.6947 router_H=0.6924 best=0.4729
           router_load=[0.0, 0.48078081011772156, 0.0, 0.519219160079956]
[step 0070/150] method=ours loss=0.6979 train_acc=0.4988 train_loss=0.6918 val_acc=0.4729 val_loss=0.6947 router_H=0.6924 best=0.4729
           router_load=[0.0, 0.48078081011772156, 0.0, 0.519219160079956]
[step 0080/150] method=ours loss=0.6857 train_acc=0.4988 train_loss=0.6918 val_acc=0.4729 val_loss=0.6947 router_H=0.6924 best=0.4729
           router_load=[0.0, 0.48078081011772156, 0.0, 0.519219160079956]
[step 0090/150] method=ours loss=0.6684 train_acc=0.4988 train_loss=0.6918 val_acc=0.4729 val_loss=0.6947 router_H=0.6924 best=0.4729
           router_load=[0.0, 0.48078081011772156, 0.0, 0.519219160079956]
[step 0100/150] method=ours loss=0.6690 train_acc=0.6301 train_loss=0.6611 val_acc=0.6390 val_loss=0.6673 router_H=0.6866 best=0.6390
           router_load=[0.0, 0.44467684626579285, 0.0, 0.5553232431411743]
[step 0110/150] method=ours loss=0.6610 train_acc=0.6301 train_loss=0.6611 val_acc=0.6390 val_loss=0.6673 router_H=0.6866 best=0.6390
           router_load=[0.0, 0.44467684626579285, 0.0, 0.5553232431411743]
[step 0120/150] method=ours loss=0.6701 train_acc=0.6301 train_loss=0.6611 val_acc=0.6390 val_loss=0.6673 router_H=0.6866 best=0.6390
           router_load=[0.0, 0.44467684626579285, 0.0, 0.5553232431411743]
[step 0130/150] method=ours loss=0.5884 train_acc=0.6301 train_loss=0.6611 val_acc=0.6390 val_loss=0.6673 router_H=0.6866 best=0.6390
           router_load=[0.0, 0.44467684626579285, 0.0, 0.5553232431411743]
[step 0140/150] method=ours loss=0.6052 train_acc=0.6301 train_loss=0.6611 val_acc=0.6390 val_loss=0.6673 router_H=0.6866 best=0.6390
           router_load=[0.0, 0.44467684626579285, 0.0, 0.5553232431411743]
[step 0150/150] method=ours loss=0.7297 train_acc=0.5671 train_loss=0.6783 val_acc=0.5560 val_loss=0.6881 router_H=0.6927 best=0.6390
           router_load=[0.0, 0.48606204986572266, 0.0, 0.5139379501342773]
saved summary -> /home/zhujjing/MOE-grad-conflict-routing/runs/paper_suite/single_gpu/single_task/deberta_rte_lora_e4_k2/hpo/ours/trial_runs/local_var_topk_022/ours_s2.json
saved curve -> /home/zhujjing/MOE-grad-conflict-routing/runs/paper_suite/single_gpu/single_task/deberta_rte_lora_e4_k2/hpo/ours/trial_runs/local_var_topk_022/ours_s2_curve.csv
