[run] method=ours candidate=coord_04_method_ours_lambda_align_010 seed=3 steps=150 gpu=0
[run] cmd=
/home/zhujjing/anaconda3/envs/moe/bin/python /home/zhujjing/MOE-grad-conflict-routing/scripts/run.py --config configs/singletask_sst2_real.yaml --set model.backbone_backend=hf --set model.hf_load_pretrained=true --set model.hf_local_files_only=true --set model.backbone=deberta --set model.hf_pretrained_name=microsoft/deberta-v3-base --set model.expert_type=ffn --set model.routing_mode=topk --set model.num_experts=4 --set model.top_k=2 --set seed=3 --set method.name=ours --set train.steps=150 --set train.eval_every_steps=50 --set method.ours.use_load_norm=true --set method.ours.lambda_align=2.852947316e-05 --set train.grad_clip=1.764511791 --set train.lr=2e-05 --set train.weight_decay=0.001129385354 --out /home/zhujjing/MOE-grad-conflict-routing/runs/paper_suite/single_gpu/single_task/deberta_sst2_ffn_e4_k2_supplement/hpo/ours/trial_runs/coord_04_method_ours_lambda_align_010/ours_s3.json --curve_out /home/zhujjing/MOE-grad-conflict-routing/runs/paper_suite/single_gpu/single_task/deberta_sst2_ffn_e4_k2_supplement/hpo/ours/trial_runs/coord_04_method_ours_lambda_align_010/ours_s3_curve.csv
Using the latest cached version of the dataset since glue couldn't be found on the Hugging Face Hub (offline mode is enabled).
Found the latest cached dataset configuration 'sst2' at /home/zhujjing/hf_cache/datasets/glue/sst2/0.0.0/bcdcba79d07bc864c1c254ccfcedcce55bcc9a8c (last modified on Thu Mar 19 15:01:41 2026).
/home/zhujjing/anaconda3/envs/moe/lib/python3.10/site-packages/transformers/utils/hub.py:124: FutureWarning: Using `TRANSFORMERS_CACHE` is deprecated and will be removed in v5 of Transformers. Use `HF_HOME` instead.
  warnings.warn(
/home/zhujjing/anaconda3/envs/moe/lib/python3.10/site-packages/transformers/convert_slow_tokenizer.py:560: UserWarning: The sentencepiece tokenizer that you are converting to a fast tokenizer uses the byte fallback option which is not implemented in the fast tokenizers. In practice this means that the fast version of the tokenizer can produce unknown tokens whereas the sentencepiece version would have converted these unknown tokens into a sequence of byte tokens matching the original piece of text.
  warnings.warn(
[step 0001/150] method=ours loss=0.7634 train_acc=nan train_loss=nan val_acc=nan val_loss=nan best=-1.0000
[step 0010/150] method=ours loss=0.6527 train_acc=nan train_loss=nan val_acc=nan val_loss=nan best=-1.0000
[step 0020/150] method=ours loss=0.5913 train_acc=nan train_loss=nan val_acc=nan val_loss=nan best=-1.0000
[step 0030/150] method=ours loss=0.6449 train_acc=nan train_loss=nan val_acc=nan val_loss=nan best=-1.0000
[step 0040/150] method=ours loss=0.5561 train_acc=nan train_loss=nan val_acc=nan val_loss=nan best=-1.0000
[step 0050/150] method=ours loss=0.5201 train_acc=0.8751 train_loss=0.3331 val_acc=0.8876 val_loss=0.3027 router_H=0.3912 best=0.8876
           router_load=[0.0037250127643346786, 0.06689783930778503, 0.8313844799995422, 0.09799269586801529]
[step 0060/150] method=ours loss=0.5387 train_acc=0.8751 train_loss=0.3331 val_acc=0.8876 val_loss=0.3027 router_H=0.3912 best=0.8876
           router_load=[0.0037250127643346786, 0.06689783930778503, 0.8313844799995422, 0.09799269586801529]
[step 0070/150] method=ours loss=0.2324 train_acc=0.8751 train_loss=0.3331 val_acc=0.8876 val_loss=0.3027 router_H=0.3912 best=0.8876
           router_load=[0.0037250127643346786, 0.06689783930778503, 0.8313844799995422, 0.09799269586801529]
[step 0080/150] method=ours loss=0.1468 train_acc=0.8751 train_loss=0.3331 val_acc=0.8876 val_loss=0.3027 router_H=0.3912 best=0.8876
           router_load=[0.0037250127643346786, 0.06689783930778503, 0.8313844799995422, 0.09799269586801529]
[step 0090/150] method=ours loss=0.0663 train_acc=0.8751 train_loss=0.3331 val_acc=0.8876 val_loss=0.3027 router_H=0.3912 best=0.8876
           router_load=[0.0037250127643346786, 0.06689783930778503, 0.8313844799995422, 0.09799269586801529]
[step 0100/150] method=ours loss=0.2457 train_acc=0.8909 train_loss=0.3005 val_acc=0.9117 val_loss=0.2662 router_H=0.3323 best=0.9117
           router_load=[0.0027616992592811584, 0.04897213354706764, 0.8573563694953918, 0.09090971946716309]
[step 0110/150] method=ours loss=0.4703 train_acc=0.8909 train_loss=0.3005 val_acc=0.9117 val_loss=0.2662 router_H=0.3323 best=0.9117
           router_load=[0.0027616992592811584, 0.04897213354706764, 0.8573563694953918, 0.09090971946716309]
[step 0120/150] method=ours loss=0.4754 train_acc=0.8909 train_loss=0.3005 val_acc=0.9117 val_loss=0.2662 router_H=0.3323 best=0.9117
           router_load=[0.0027616992592811584, 0.04897213354706764, 0.8573563694953918, 0.09090971946716309]
[step 0130/150] method=ours loss=0.2630 train_acc=0.8909 train_loss=0.3005 val_acc=0.9117 val_loss=0.2662 router_H=0.3323 best=0.9117
           router_load=[0.0027616992592811584, 0.04897213354706764, 0.8573563694953918, 0.09090971946716309]
[step 0140/150] method=ours loss=0.3061 train_acc=0.8909 train_loss=0.3005 val_acc=0.9117 val_loss=0.2662 router_H=0.3323 best=0.9117
           router_load=[0.0027616992592811584, 0.04897213354706764, 0.8573563694953918, 0.09090971946716309]
[step 0150/150] method=ours loss=0.2629 train_acc=0.9170 train_loss=0.2339 val_acc=0.9209 val_loss=0.2170 router_H=0.3268 best=0.9209
           router_load=[0.008252638392150402, 0.10387776046991348, 0.8746989369392395, 0.013170603662729263]
saved summary -> /home/zhujjing/MOE-grad-conflict-routing/runs/paper_suite/single_gpu/single_task/deberta_sst2_ffn_e4_k2_supplement/hpo/ours/trial_runs/coord_04_method_ours_lambda_align_010/ours_s3.json
saved curve -> /home/zhujjing/MOE-grad-conflict-routing/runs/paper_suite/single_gpu/single_task/deberta_sst2_ffn_e4_k2_supplement/hpo/ours/trial_runs/coord_04_method_ours_lambda_align_010/ours_s3_curve.csv
