[run] method=ours candidate=coord_04_method_ours_lambda_align_011 seed=3 steps=150 gpu=0
[run] cmd=
/home/zhujjing/anaconda3/envs/moe/bin/python /home/zhujjing/MOE-grad-conflict-routing/scripts/run.py --config configs/singletask_sst2_real.yaml --set model.backbone_backend=hf --set model.hf_load_pretrained=true --set model.hf_local_files_only=true --set model.backbone=deberta --set model.hf_pretrained_name=microsoft/deberta-v3-base --set model.expert_type=ffn --set model.routing_mode=topk --set model.num_experts=4 --set model.top_k=2 --set seed=3 --set method.name=ours --set train.steps=150 --set train.eval_every_steps=50 --set method.ours.use_load_norm=true --set method.ours.lambda_align=1.267277776e-05 --set train.grad_clip=1.764511791 --set train.lr=2e-05 --set train.weight_decay=0.001129385354 --out /home/zhujjing/MOE-grad-conflict-routing/runs/paper_suite/single_gpu/single_task/deberta_sst2_ffn_e4_k2_supplement/hpo/ours/trial_runs/coord_04_method_ours_lambda_align_011/ours_s3.json --curve_out /home/zhujjing/MOE-grad-conflict-routing/runs/paper_suite/single_gpu/single_task/deberta_sst2_ffn_e4_k2_supplement/hpo/ours/trial_runs/coord_04_method_ours_lambda_align_011/ours_s3_curve.csv
Using the latest cached version of the dataset since glue couldn't be found on the Hugging Face Hub (offline mode is enabled).
Found the latest cached dataset configuration 'sst2' at /home/zhujjing/hf_cache/datasets/glue/sst2/0.0.0/bcdcba79d07bc864c1c254ccfcedcce55bcc9a8c (last modified on Thu Mar 19 15:01:41 2026).
/home/zhujjing/anaconda3/envs/moe/lib/python3.10/site-packages/transformers/utils/hub.py:124: FutureWarning: Using `TRANSFORMERS_CACHE` is deprecated and will be removed in v5 of Transformers. Use `HF_HOME` instead.
  warnings.warn(
/home/zhujjing/anaconda3/envs/moe/lib/python3.10/site-packages/transformers/convert_slow_tokenizer.py:560: UserWarning: The sentencepiece tokenizer that you are converting to a fast tokenizer uses the byte fallback option which is not implemented in the fast tokenizers. In practice this means that the fast version of the tokenizer can produce unknown tokens whereas the sentencepiece version would have converted these unknown tokens into a sequence of byte tokens matching the original piece of text.
  warnings.warn(
[step 0001/150] method=ours loss=0.7145 train_acc=nan train_loss=nan val_acc=nan val_loss=nan best=-1.0000
[step 0010/150] method=ours loss=0.6403 train_acc=nan train_loss=nan val_acc=nan val_loss=nan best=-1.0000
[step 0020/150] method=ours loss=0.5997 train_acc=nan train_loss=nan val_acc=nan val_loss=nan best=-1.0000
[step 0030/150] method=ours loss=0.6505 train_acc=nan train_loss=nan val_acc=nan val_loss=nan best=-1.0000
[step 0040/150] method=ours loss=0.4794 train_acc=nan train_loss=nan val_acc=nan val_loss=nan best=-1.0000
[step 0050/150] method=ours loss=0.4956 train_acc=0.8790 train_loss=0.3170 val_acc=0.8819 val_loss=0.3017 router_H=0.5590 best=0.8819
           router_load=[0.13333344459533691, 0.00197947071865201, 0.6903324127197266, 0.17435471713542938]
[step 0060/150] method=ours loss=0.6413 train_acc=0.8790 train_loss=0.3170 val_acc=0.8819 val_loss=0.3017 router_H=0.5590 best=0.8819
           router_load=[0.13333344459533691, 0.00197947071865201, 0.6903324127197266, 0.17435471713542938]
[step 0070/150] method=ours loss=0.2589 train_acc=0.8790 train_loss=0.3170 val_acc=0.8819 val_loss=0.3017 router_H=0.5590 best=0.8819
           router_load=[0.13333344459533691, 0.00197947071865201, 0.6903324127197266, 0.17435471713542938]
[step 0080/150] method=ours loss=0.1742 train_acc=0.8790 train_loss=0.3170 val_acc=0.8819 val_loss=0.3017 router_H=0.5590 best=0.8819
           router_load=[0.13333344459533691, 0.00197947071865201, 0.6903324127197266, 0.17435471713542938]
[step 0090/150] method=ours loss=0.0770 train_acc=0.8790 train_loss=0.3170 val_acc=0.8819 val_loss=0.3017 router_H=0.5590 best=0.8819
           router_load=[0.13333344459533691, 0.00197947071865201, 0.6903324127197266, 0.17435471713542938]
[step 0100/150] method=ours loss=0.1461 train_acc=0.9094 train_loss=0.2526 val_acc=0.9209 val_loss=0.2449 router_H=0.5064 best=0.9209
           router_load=[0.28685423731803894, 0.0004451560671441257, 0.7090122103691101, 0.0036885112058371305]
[step 0110/150] method=ours loss=0.5098 train_acc=0.9094 train_loss=0.2526 val_acc=0.9209 val_loss=0.2449 router_H=0.5064 best=0.9209
           router_load=[0.28685423731803894, 0.0004451560671441257, 0.7090122103691101, 0.0036885112058371305]
[step 0120/150] method=ours loss=0.4617 train_acc=0.9094 train_loss=0.2526 val_acc=0.9209 val_loss=0.2449 router_H=0.5064 best=0.9209
           router_load=[0.28685423731803894, 0.0004451560671441257, 0.7090122103691101, 0.0036885112058371305]
[step 0130/150] method=ours loss=0.1846 train_acc=0.9094 train_loss=0.2526 val_acc=0.9209 val_loss=0.2449 router_H=0.5064 best=0.9209
           router_load=[0.28685423731803894, 0.0004451560671441257, 0.7090122103691101, 0.0036885112058371305]
[step 0140/150] method=ours loss=0.3313 train_acc=0.9094 train_loss=0.2526 val_acc=0.9209 val_loss=0.2449 router_H=0.5064 best=0.9209
           router_load=[0.28685423731803894, 0.0004451560671441257, 0.7090122103691101, 0.0036885112058371305]
[step 0150/150] method=ours loss=0.2320 train_acc=0.9216 train_loss=0.2097 val_acc=0.9266 val_loss=0.2096 router_H=0.5636 best=0.9266
           router_load=[0.3398130238056183, 0.0, 0.593827486038208, 0.06635952740907669]
saved summary -> /home/zhujjing/MOE-grad-conflict-routing/runs/paper_suite/single_gpu/single_task/deberta_sst2_ffn_e4_k2_supplement/hpo/ours/trial_runs/coord_04_method_ours_lambda_align_011/ours_s3.json
saved curve -> /home/zhujjing/MOE-grad-conflict-routing/runs/paper_suite/single_gpu/single_task/deberta_sst2_ffn_e4_k2_supplement/hpo/ours/trial_runs/coord_04_method_ours_lambda_align_011/ours_s3_curve.csv
