[run] method=ours candidate=coord_04_method_ours_lambda_align_000 seed=2 steps=150 gpu=0
[run] cmd=
/home/zhujjing/anaconda3/envs/moe/bin/python /home/zhujjing/MOE-grad-conflict-routing/scripts/run.py --config configs/singletask_sst2_real.yaml --set model.backbone_backend=hf --set model.hf_load_pretrained=true --set model.hf_local_files_only=true --set model.backbone=deberta --set model.hf_pretrained_name=microsoft/deberta-v3-base --set model.expert_type=ffn --set model.routing_mode=topk --set model.num_experts=4 --set model.top_k=2 --set seed=2 --set method.name=ours --set train.steps=150 --set train.eval_every_steps=50 --set method.ours.use_load_norm=true --set method.ours.lambda_align=0.0002085502775 --set train.grad_clip=1.764511791 --set train.lr=2e-05 --set train.weight_decay=0.001129385354 --out /home/zhujjing/MOE-grad-conflict-routing/runs/paper_suite/single_gpu/single_task/deberta_sst2_ffn_e4_k2_supplement/hpo/ours/trial_runs/coord_04_method_ours_lambda_align_000/ours_s2.json --curve_out /home/zhujjing/MOE-grad-conflict-routing/runs/paper_suite/single_gpu/single_task/deberta_sst2_ffn_e4_k2_supplement/hpo/ours/trial_runs/coord_04_method_ours_lambda_align_000/ours_s2_curve.csv
Using the latest cached version of the dataset since glue couldn't be found on the Hugging Face Hub (offline mode is enabled).
Found the latest cached dataset configuration 'sst2' at /home/zhujjing/hf_cache/datasets/glue/sst2/0.0.0/bcdcba79d07bc864c1c254ccfcedcce55bcc9a8c (last modified on Thu Mar 19 15:01:41 2026).
/home/zhujjing/anaconda3/envs/moe/lib/python3.10/site-packages/transformers/utils/hub.py:124: FutureWarning: Using `TRANSFORMERS_CACHE` is deprecated and will be removed in v5 of Transformers. Use `HF_HOME` instead.
  warnings.warn(
/home/zhujjing/anaconda3/envs/moe/lib/python3.10/site-packages/transformers/convert_slow_tokenizer.py:560: UserWarning: The sentencepiece tokenizer that you are converting to a fast tokenizer uses the byte fallback option which is not implemented in the fast tokenizers. In practice this means that the fast version of the tokenizer can produce unknown tokens whereas the sentencepiece version would have converted these unknown tokens into a sequence of byte tokens matching the original piece of text.
  warnings.warn(
[step 0001/150] method=ours loss=0.6729 train_acc=nan train_loss=nan val_acc=nan val_loss=nan best=-1.0000
[step 0010/150] method=ours loss=0.7195 train_acc=nan train_loss=nan val_acc=nan val_loss=nan best=-1.0000
[step 0020/150] method=ours loss=0.6138 train_acc=nan train_loss=nan val_acc=nan val_loss=nan best=-1.0000
[step 0030/150] method=ours loss=0.4937 train_acc=nan train_loss=nan val_acc=nan val_loss=nan best=-1.0000
[step 0040/150] method=ours loss=0.3035 train_acc=nan train_loss=nan val_acc=nan val_loss=nan best=-1.0000
[step 0050/150] method=ours loss=0.1950 train_acc=0.8221 train_loss=0.4729 val_acc=0.7328 val_loss=0.6756 router_H=0.4303 best=0.7328
           router_load=[0.7985246181488037, 0.013196335174143314, 0.15370598435401917, 0.03457292169332504]
[step 0060/150] method=ours loss=0.3449 train_acc=0.8221 train_loss=0.4729 val_acc=0.7328 val_loss=0.6756 router_H=0.4303 best=0.7328
           router_load=[0.7985246181488037, 0.013196335174143314, 0.15370598435401917, 0.03457292169332504]
[step 0070/150] method=ours loss=0.6580 train_acc=0.8221 train_loss=0.4729 val_acc=0.7328 val_loss=0.6756 router_H=0.4303 best=0.7328
           router_load=[0.7985246181488037, 0.013196335174143314, 0.15370598435401917, 0.03457292169332504]
[step 0080/150] method=ours loss=0.3928 train_acc=0.8221 train_loss=0.4729 val_acc=0.7328 val_loss=0.6756 router_H=0.4303 best=0.7328
           router_load=[0.7985246181488037, 0.013196335174143314, 0.15370598435401917, 0.03457292169332504]
[step 0090/150] method=ours loss=0.2315 train_acc=0.8221 train_loss=0.4729 val_acc=0.7328 val_loss=0.6756 router_H=0.4303 best=0.7328
           router_load=[0.7985246181488037, 0.013196335174143314, 0.15370598435401917, 0.03457292169332504]
[step 0100/150] method=ours loss=0.4410 train_acc=0.8603 train_loss=0.3685 val_acc=0.8257 val_loss=0.4721 router_H=0.4291 best=0.8257
           router_load=[0.7855960726737976, 0.02277269773185253, 0.1770937740802765, 0.014537441544234753]
[step 0110/150] method=ours loss=0.2841 train_acc=0.8603 train_loss=0.3685 val_acc=0.8257 val_loss=0.4721 router_H=0.4291 best=0.8257
           router_load=[0.7855960726737976, 0.02277269773185253, 0.1770937740802765, 0.014537441544234753]
[step 0120/150] method=ours loss=0.6157 train_acc=0.8603 train_loss=0.3685 val_acc=0.8257 val_loss=0.4721 router_H=0.4291 best=0.8257
           router_load=[0.7855960726737976, 0.02277269773185253, 0.1770937740802765, 0.014537441544234753]
[step 0130/150] method=ours loss=0.3722 train_acc=0.8603 train_loss=0.3685 val_acc=0.8257 val_loss=0.4721 router_H=0.4291 best=0.8257
           router_load=[0.7855960726737976, 0.02277269773185253, 0.1770937740802765, 0.014537441544234753]
[step 0140/150] method=ours loss=0.2668 train_acc=0.8603 train_loss=0.3685 val_acc=0.8257 val_loss=0.4721 router_H=0.4291 best=0.8257
           router_load=[0.7855960726737976, 0.02277269773185253, 0.1770937740802765, 0.014537441544234753]
[step 0150/150] method=ours loss=0.3958 train_acc=0.9105 train_loss=0.2680 val_acc=0.9060 val_loss=0.2751 router_H=0.4338 best=0.9060
           router_load=[0.7873837947845459, 0.010876160115003586, 0.17646411061286926, 0.025275828316807747]
saved summary -> /home/zhujjing/MOE-grad-conflict-routing/runs/paper_suite/single_gpu/single_task/deberta_sst2_ffn_e4_k2_supplement/hpo/ours/trial_runs/coord_04_method_ours_lambda_align_000/ours_s2.json
saved curve -> /home/zhujjing/MOE-grad-conflict-routing/runs/paper_suite/single_gpu/single_task/deberta_sst2_ffn_e4_k2_supplement/hpo/ours/trial_runs/coord_04_method_ours_lambda_align_000/ours_s2_curve.csv
