[run] method=ours candidate=coord_04_method_ours_lambda_align_009 seed=2 steps=150 gpu=0
[run] cmd=
/home/zhujjing/anaconda3/envs/moe/bin/python /home/zhujjing/MOE-grad-conflict-routing/scripts/run.py --config configs/singletask_sst2_real.yaml --set model.backbone_backend=hf --set model.hf_load_pretrained=true --set model.hf_local_files_only=true --set model.backbone=deberta --set model.hf_pretrained_name=microsoft/deberta-v3-base --set model.expert_type=ffn --set model.routing_mode=topk --set model.num_experts=4 --set model.top_k=2 --set seed=2 --set method.name=ours --set train.steps=150 --set train.eval_every_steps=50 --set method.ours.use_load_norm=true --set method.ours.lambda_align=0.0002708806329 --set train.grad_clip=1.764511791 --set train.lr=2e-05 --set train.weight_decay=0.001129385354 --out /home/zhujjing/MOE-grad-conflict-routing/runs/paper_suite/single_gpu/single_task/deberta_sst2_ffn_e4_k2_supplement/hpo/ours/trial_runs/coord_04_method_ours_lambda_align_009/ours_s2.json --curve_out /home/zhujjing/MOE-grad-conflict-routing/runs/paper_suite/single_gpu/single_task/deberta_sst2_ffn_e4_k2_supplement/hpo/ours/trial_runs/coord_04_method_ours_lambda_align_009/ours_s2_curve.csv
Using the latest cached version of the dataset since glue couldn't be found on the Hugging Face Hub (offline mode is enabled).
Found the latest cached dataset configuration 'sst2' at /home/zhujjing/hf_cache/datasets/glue/sst2/0.0.0/bcdcba79d07bc864c1c254ccfcedcce55bcc9a8c (last modified on Thu Mar 19 15:01:41 2026).
/home/zhujjing/anaconda3/envs/moe/lib/python3.10/site-packages/transformers/utils/hub.py:124: FutureWarning: Using `TRANSFORMERS_CACHE` is deprecated and will be removed in v5 of Transformers. Use `HF_HOME` instead.
  warnings.warn(
/home/zhujjing/anaconda3/envs/moe/lib/python3.10/site-packages/transformers/convert_slow_tokenizer.py:560: UserWarning: The sentencepiece tokenizer that you are converting to a fast tokenizer uses the byte fallback option which is not implemented in the fast tokenizers. In practice this means that the fast version of the tokenizer can produce unknown tokens whereas the sentencepiece version would have converted these unknown tokens into a sequence of byte tokens matching the original piece of text.
  warnings.warn(
[step 0001/150] method=ours loss=0.7828 train_acc=nan train_loss=nan val_acc=nan val_loss=nan best=-1.0000
[step 0010/150] method=ours loss=0.7156 train_acc=nan train_loss=nan val_acc=nan val_loss=nan best=-1.0000
[step 0020/150] method=ours loss=0.6249 train_acc=nan train_loss=nan val_acc=nan val_loss=nan best=-1.0000
[step 0030/150] method=ours loss=0.5277 train_acc=nan train_loss=nan val_acc=nan val_loss=nan best=-1.0000
[step 0040/150] method=ours loss=0.3278 train_acc=nan train_loss=nan val_acc=nan val_loss=nan best=-1.0000
[step 0050/150] method=ours loss=0.1668 train_acc=0.8545 train_loss=0.4220 val_acc=0.7626 val_loss=0.6449 router_H=0.4721 best=0.7626
           router_load=[0.6427717208862305, 0.22496604919433594, 0.00861787423491478, 0.1236443892121315]
[step 0060/150] method=ours loss=0.3430 train_acc=0.8545 train_loss=0.4220 val_acc=0.7626 val_loss=0.6449 router_H=0.4721 best=0.7626
           router_load=[0.6427717208862305, 0.22496604919433594, 0.00861787423491478, 0.1236443892121315]
[step 0070/150] method=ours loss=0.5550 train_acc=0.8545 train_loss=0.4220 val_acc=0.7626 val_loss=0.6449 router_H=0.4721 best=0.7626
           router_load=[0.6427717208862305, 0.22496604919433594, 0.00861787423491478, 0.1236443892121315]
[step 0080/150] method=ours loss=0.4118 train_acc=0.8545 train_loss=0.4220 val_acc=0.7626 val_loss=0.6449 router_H=0.4721 best=0.7626
           router_load=[0.6427717208862305, 0.22496604919433594, 0.00861787423491478, 0.1236443892121315]
[step 0090/150] method=ours loss=0.1835 train_acc=0.8545 train_loss=0.4220 val_acc=0.7626 val_loss=0.6449 router_H=0.4721 best=0.7626
           router_load=[0.6427717208862305, 0.22496604919433594, 0.00861787423491478, 0.1236443892121315]
[step 0100/150] method=ours loss=0.2327 train_acc=0.8692 train_loss=0.4030 val_acc=0.8394 val_loss=0.5314 router_H=0.4317 best=0.8394
           router_load=[0.5625931024551392, 0.2767670452594757, 0.002208127174526453, 0.15843182802200317]
[step 0110/150] method=ours loss=0.2318 train_acc=0.8692 train_loss=0.4030 val_acc=0.8394 val_loss=0.5314 router_H=0.4317 best=0.8394
           router_load=[0.5625931024551392, 0.2767670452594757, 0.002208127174526453, 0.15843182802200317]
[step 0120/150] method=ours loss=0.2133 train_acc=0.8692 train_loss=0.4030 val_acc=0.8394 val_loss=0.5314 router_H=0.4317 best=0.8394
           router_load=[0.5625931024551392, 0.2767670452594757, 0.002208127174526453, 0.15843182802200317]
[step 0130/150] method=ours loss=0.2964 train_acc=0.8692 train_loss=0.4030 val_acc=0.8394 val_loss=0.5314 router_H=0.4317 best=0.8394
           router_load=[0.5625931024551392, 0.2767670452594757, 0.002208127174526453, 0.15843182802200317]
[step 0140/150] method=ours loss=0.4988 train_acc=0.8692 train_loss=0.4030 val_acc=0.8394 val_loss=0.5314 router_H=0.4317 best=0.8394
           router_load=[0.5625931024551392, 0.2767670452594757, 0.002208127174526453, 0.15843182802200317]
[step 0150/150] method=ours loss=0.3425 train_acc=0.9155 train_loss=0.2183 val_acc=0.9163 val_loss=0.2247 router_H=0.5910 best=0.9163
           router_load=[0.33780670166015625, 0.3005523979663849, 0.00010527228732826188, 0.3615357279777527]
saved summary -> /home/zhujjing/MOE-grad-conflict-routing/runs/paper_suite/single_gpu/single_task/deberta_sst2_ffn_e4_k2_supplement/hpo/ours/trial_runs/coord_04_method_ours_lambda_align_009/ours_s2.json
saved curve -> /home/zhujjing/MOE-grad-conflict-routing/runs/paper_suite/single_gpu/single_task/deberta_sst2_ffn_e4_k2_supplement/hpo/ours/trial_runs/coord_04_method_ours_lambda_align_009/ours_s2_curve.csv
