[run] method=baseline candidate=coord_02_anchor seed=2 steps=200 gpu=0
[run] cmd=
/root/miniconda3/envs/optimization/bin/python /root/Optimization/MOE-grad-conflict-routing/scripts/run.py --config configs/multitask_glue3_rte_mrpc_cola_real.yaml --set model.backbone_backend=hf --set model.hf_load_pretrained=true --set model.hf_local_files_only=true --set model.backbone=roberta --set model.hf_pretrained_name=roberta-base --set model.routing_mode=topk --set model.expert_type=lora --set model.num_experts=6 --set model.top_k=3 --set train.eval_train_fraction=0.10 --set train.eval_train_max_batches=-1 --set train.eval_max_batches=-1 --set seed=2 --set method.name=baseline_avg --set train.steps=200 --set train.eval_every_steps=100 --set train.grad_clip=1 --set train.lr=2.555178414e-05 --set train.weight_decay=0.01 --out /root/Optimization/MOE-grad-conflict-routing/runs/paper_suite_supplement/appendix/more_expert/glue3_roberta_lora_e6_k3/hpo/baseline/trial_runs/coord_02_anchor/baseline_s2.json --curve_out /root/Optimization/MOE-grad-conflict-routing/runs/paper_suite_supplement/appendix/more_expert/glue3_roberta_lora_e6_k3/hpo/baseline/trial_runs/coord_02_anchor/baseline_s2_curve.csv
Using the latest cached version of the dataset since glue couldn't be found on the Hugging Face Hub (offline mode is enabled).
Found the latest cached dataset configuration 'rte' at /root/.cache/huggingface/datasets/glue/rte/0.0.0/bcdcba79d07bc864c1c254ccfcedcce55bcc9a8c (last modified on Thu Mar 26 19:09:12 2026).
Using the latest cached version of the dataset since glue couldn't be found on the Hugging Face Hub (offline mode is enabled).
Found the latest cached dataset configuration 'mrpc' at /root/.cache/huggingface/datasets/glue/mrpc/0.0.0/bcdcba79d07bc864c1c254ccfcedcce55bcc9a8c (last modified on Thu Mar 26 20:11:06 2026).
Using the latest cached version of the dataset since glue couldn't be found on the Hugging Face Hub (offline mode is enabled).
Found the latest cached dataset configuration 'cola' at /root/.cache/huggingface/datasets/glue/cola/0.0.0/bcdcba79d07bc864c1c254ccfcedcce55bcc9a8c (last modified on Thu Mar 26 23:46:11 2026).
Loading weights:   0%|          | 0/197 [00:00<?, ?it/s]Loading weights: 100%|██████████| 197/197 [00:00<00:00, 6222.21it/s]
[1mRobertaModel LOAD REPORT[0m from: roberta-base
Key                             | Status     | 
--------------------------------+------------+-
lm_head.layer_norm.weight       | UNEXPECTED | 
lm_head.bias                    | UNEXPECTED | 
roberta.embeddings.position_ids | UNEXPECTED | 
lm_head.layer_norm.bias         | UNEXPECTED | 
lm_head.dense.weight            | UNEXPECTED | 
lm_head.dense.bias              | UNEXPECTED | 
pooler.dense.weight             | MISSING    | 
pooler.dense.bias               | MISSING    | 

[3mNotes:
- UNEXPECTED[3m	:can be ignored when loading from different task/architecture; not ok if you expect identical arch.
- MISSING[3m	:those params were newly initialized because missing from the checkpoint. Consider training on your downstream task.[0m
[step 0001/200] method=baseline_avg loss=0.6939 train_acc=nan train_loss=nan val_acc=nan val_loss=nan best=-1.0000
[step 0010/200] method=baseline_avg loss=0.6180 train_acc=nan train_loss=nan val_acc=nan val_loss=nan best=-1.0000
[step 0020/200] method=baseline_avg loss=0.6022 train_acc=nan train_loss=nan val_acc=nan val_loss=nan best=-1.0000
[step 0030/200] method=baseline_avg loss=0.6010 train_acc=nan train_loss=nan val_acc=nan val_loss=nan best=-1.0000
[step 0040/200] method=baseline_avg loss=0.8828 train_acc=nan train_loss=nan val_acc=nan val_loss=nan best=-1.0000
[step 0050/200] method=baseline_avg loss=0.6112 train_acc=nan train_loss=nan val_acc=nan val_loss=nan best=-1.0000
[step 0060/200] method=baseline_avg loss=0.6222 train_acc=nan train_loss=nan val_acc=nan val_loss=nan best=-1.0000
[step 0070/200] method=baseline_avg loss=0.5801 train_acc=nan train_loss=nan val_acc=nan val_loss=nan best=-1.0000
[step 0080/200] method=baseline_avg loss=0.5524 train_acc=nan train_loss=nan val_acc=nan val_loss=nan best=-1.0000
[step 0090/200] method=baseline_avg loss=0.5805 train_acc=nan train_loss=nan val_acc=nan val_loss=nan best=-1.0000
[step 0100/200] method=baseline_avg loss=0.5448 train_acc=0.6648 train_loss=0.5833 val_acc=0.6695 val_loss=0.5899 router_H=1.0847 best=0.6695
           router_load=[0.04179015010595322, 0.30478033423423767, 0.0011934248032048345, 0.00014209731307346374, 0.2629967927932739, 0.3890971541404724]
[step 0110/200] method=baseline_avg loss=0.6213 train_acc=0.6648 train_loss=0.5833 val_acc=0.6695 val_loss=0.5899 router_H=1.0847 best=0.6695
           router_load=[0.04179015010595322, 0.30478033423423767, 0.0011934248032048345, 0.00014209731307346374, 0.2629967927932739, 0.3890971541404724]
[step 0120/200] method=baseline_avg loss=0.4985 train_acc=0.6648 train_loss=0.5833 val_acc=0.6695 val_loss=0.5899 router_H=1.0847 best=0.6695
           router_load=[0.04179015010595322, 0.30478033423423767, 0.0011934248032048345, 0.00014209731307346374, 0.2629967927932739, 0.3890971541404724]
[step 0130/200] method=baseline_avg loss=0.6067 train_acc=0.6648 train_loss=0.5833 val_acc=0.6695 val_loss=0.5899 router_H=1.0847 best=0.6695
           router_load=[0.04179015010595322, 0.30478033423423767, 0.0011934248032048345, 0.00014209731307346374, 0.2629967927932739, 0.3890971541404724]
[step 0140/200] method=baseline_avg loss=0.6288 train_acc=0.6648 train_loss=0.5833 val_acc=0.6695 val_loss=0.5899 router_H=1.0847 best=0.6695
           router_load=[0.04179015010595322, 0.30478033423423767, 0.0011934248032048345, 0.00014209731307346374, 0.2629967927932739, 0.3890971541404724]
[step 0150/200] method=baseline_avg loss=0.4871 train_acc=0.6648 train_loss=0.5833 val_acc=0.6695 val_loss=0.5899 router_H=1.0847 best=0.6695
           router_load=[0.04179015010595322, 0.30478033423423767, 0.0011934248032048345, 0.00014209731307346374, 0.2629967927932739, 0.3890971541404724]
[step 0160/200] method=baseline_avg loss=0.6596 train_acc=0.6648 train_loss=0.5833 val_acc=0.6695 val_loss=0.5899 router_H=1.0847 best=0.6695
           router_load=[0.04179015010595322, 0.30478033423423767, 0.0011934248032048345, 0.00014209731307346374, 0.2629967927932739, 0.3890971541404724]
[step 0170/200] method=baseline_avg loss=0.6634 train_acc=0.6648 train_loss=0.5833 val_acc=0.6695 val_loss=0.5899 router_H=1.0847 best=0.6695
           router_load=[0.04179015010595322, 0.30478033423423767, 0.0011934248032048345, 0.00014209731307346374, 0.2629967927932739, 0.3890971541404724]
[step 0180/200] method=baseline_avg loss=0.7139 train_acc=0.6648 train_loss=0.5833 val_acc=0.6695 val_loss=0.5899 router_H=1.0847 best=0.6695
           router_load=[0.04179015010595322, 0.30478033423423767, 0.0011934248032048345, 0.00014209731307346374, 0.2629967927932739, 0.3890971541404724]
[step 0190/200] method=baseline_avg loss=0.5534 train_acc=0.6648 train_loss=0.5833 val_acc=0.6695 val_loss=0.5899 router_H=1.0847 best=0.6695
           router_load=[0.04179015010595322, 0.30478033423423767, 0.0011934248032048345, 0.00014209731307346374, 0.2629967927932739, 0.3890971541404724]
[step 0200/200] method=baseline_avg loss=0.5725 train_acc=0.7034 train_loss=0.5307 val_acc=0.6811 val_loss=0.5657 router_H=1.0820 best=0.6811
           router_load=[0.03425205126404762, 0.32476767897605896, 0.002857874147593975, 0.01447936799377203, 0.23480075597763062, 0.38884237408638]
saved summary -> /root/Optimization/MOE-grad-conflict-routing/runs/paper_suite_supplement/appendix/more_expert/glue3_roberta_lora_e6_k3/hpo/baseline/trial_runs/coord_02_anchor/baseline_s2.json
saved curve -> /root/Optimization/MOE-grad-conflict-routing/runs/paper_suite_supplement/appendix/more_expert/glue3_roberta_lora_e6_k3/hpo/baseline/trial_runs/coord_02_anchor/baseline_s2_curve.csv
