[run] method=cagrad candidate=local_var_topk_006 seed=3 steps=150 gpu=0
[run] cmd=
/home/zhujjing/anaconda3/envs/moe/bin/python /home/zhujjing/MOE-grad-conflict-routing/scripts/run.py --config configs/singletask_rte_real.yaml --set model.backbone_backend=hf --set model.hf_load_pretrained=true --set model.hf_local_files_only=true --set model.backbone=roberta --set model.hf_pretrained_name=roberta-base --set model.expert_type=ffn --set model.routing_mode=topk --set model.num_experts=4 --set model.top_k=2 --set seed=3 --set method.name=baseline_cagrad --set train.steps=150 --set train.eval_every_steps=50 --set method.baseline_cagrad.c=0.7209367383 --set method.baseline_cagrad.inner_lr=0.07383627008 --set train.grad_clip=1.078037131 --set train.lr=1.2615279e-05 --set train.weight_decay=0.03456878451 --out /home/zhujjing/MOE-grad-conflict-routing/runs/paper_suite/single_gpu/single_task/roberta_rte_ffn_e4_k2_supplement/hpo/cagrad/trial_runs/local_var_topk_006/cagrad_s3.json --curve_out /home/zhujjing/MOE-grad-conflict-routing/runs/paper_suite/single_gpu/single_task/roberta_rte_ffn_e4_k2_supplement/hpo/cagrad/trial_runs/local_var_topk_006/cagrad_s3_curve.csv
Using the latest cached version of the dataset since glue couldn't be found on the Hugging Face Hub (offline mode is enabled).
Found the latest cached dataset configuration 'rte' at /home/zhujjing/hf_cache/datasets/glue/rte/0.0.0/bcdcba79d07bc864c1c254ccfcedcce55bcc9a8c (last modified on Thu Mar 19 15:00:36 2026).
/home/zhujjing/anaconda3/envs/moe/lib/python3.10/site-packages/transformers/utils/hub.py:124: FutureWarning: Using `TRANSFORMERS_CACHE` is deprecated and will be removed in v5 of Transformers. Use `HF_HOME` instead.
  warnings.warn(
Some weights of RobertaModel were not initialized from the model checkpoint at roberta-base and are newly initialized: ['roberta.pooler.dense.bias', 'roberta.pooler.dense.weight']
You should probably TRAIN this model on a down-stream task to be able to use it for predictions and inference.
[step 0001/150] method=baseline_cagrad loss=0.6880 train_acc=nan train_loss=nan val_acc=nan val_loss=nan best=-1.0000
[step 0010/150] method=baseline_cagrad loss=0.6947 train_acc=nan train_loss=nan val_acc=nan val_loss=nan best=-1.0000
[step 0020/150] method=baseline_cagrad loss=0.6868 train_acc=nan train_loss=nan val_acc=nan val_loss=nan best=-1.0000
[step 0030/150] method=baseline_cagrad loss=0.6749 train_acc=nan train_loss=nan val_acc=nan val_loss=nan best=-1.0000
[step 0040/150] method=baseline_cagrad loss=0.6717 train_acc=nan train_loss=nan val_acc=nan val_loss=nan best=-1.0000
[step 0050/150] method=baseline_cagrad loss=0.6821 train_acc=0.5039 train_loss=0.6877 val_acc=0.5379 val_loss=0.6903 router_H=0.6919 best=0.5379
           router_load=[0.10949524492025375, 0.4963837265968323, 0.0, 0.3941210210323334]
[step 0060/150] method=baseline_cagrad loss=0.6622 train_acc=0.5039 train_loss=0.6877 val_acc=0.5379 val_loss=0.6903 router_H=0.6919 best=0.5379
           router_load=[0.10949524492025375, 0.4963837265968323, 0.0, 0.3941210210323334]
[step 0070/150] method=baseline_cagrad loss=0.7080 train_acc=0.5039 train_loss=0.6877 val_acc=0.5379 val_loss=0.6903 router_H=0.6919 best=0.5379
           router_load=[0.10949524492025375, 0.4963837265968323, 0.0, 0.3941210210323334]
[step 0080/150] method=baseline_cagrad loss=0.6217 train_acc=0.5039 train_loss=0.6877 val_acc=0.5379 val_loss=0.6903 router_H=0.6919 best=0.5379
           router_load=[0.10949524492025375, 0.4963837265968323, 0.0, 0.3941210210323334]
[step 0090/150] method=baseline_cagrad loss=0.5272 train_acc=0.5039 train_loss=0.6877 val_acc=0.5379 val_loss=0.6903 router_H=0.6919 best=0.5379
           router_load=[0.10949524492025375, 0.4963837265968323, 0.0, 0.3941210210323334]
[step 0100/150] method=baseline_cagrad loss=0.8359 train_acc=0.6953 train_loss=0.5845 val_acc=0.6643 val_loss=0.6248 router_H=0.6579 best=0.6643
           router_load=[0.11740792542695999, 0.5002013444900513, 0.006847341079264879, 0.3755433261394501]
[step 0110/150] method=baseline_cagrad loss=0.5610 train_acc=0.6953 train_loss=0.5845 val_acc=0.6643 val_loss=0.6248 router_H=0.6579 best=0.6643
           router_load=[0.11740792542695999, 0.5002013444900513, 0.006847341079264879, 0.3755433261394501]
[step 0120/150] method=baseline_cagrad loss=0.6314 train_acc=0.6953 train_loss=0.5845 val_acc=0.6643 val_loss=0.6248 router_H=0.6579 best=0.6643
           router_load=[0.11740792542695999, 0.5002013444900513, 0.006847341079264879, 0.3755433261394501]
[step 0130/150] method=baseline_cagrad loss=0.6949 train_acc=0.6953 train_loss=0.5845 val_acc=0.6643 val_loss=0.6248 router_H=0.6579 best=0.6643
           router_load=[0.11740792542695999, 0.5002013444900513, 0.006847341079264879, 0.3755433261394501]
[step 0140/150] method=baseline_cagrad loss=0.5885 train_acc=0.6953 train_loss=0.5845 val_acc=0.6643 val_loss=0.6248 router_H=0.6579 best=0.6643
           router_load=[0.11740792542695999, 0.5002013444900513, 0.006847341079264879, 0.3755433261394501]
[step 0150/150] method=baseline_cagrad loss=0.5471 train_acc=0.6875 train_loss=0.5757 val_acc=0.6751 val_loss=0.5922 router_H=0.6421 best=0.6751
           router_load=[0.17689453065395355, 0.5623689293861389, 0.002118447097018361, 0.2586181163787842]
saved summary -> /home/zhujjing/MOE-grad-conflict-routing/runs/paper_suite/single_gpu/single_task/roberta_rte_ffn_e4_k2_supplement/hpo/cagrad/trial_runs/local_var_topk_006/cagrad_s3.json
saved curve -> /home/zhujjing/MOE-grad-conflict-routing/runs/paper_suite/single_gpu/single_task/roberta_rte_ffn_e4_k2_supplement/hpo/cagrad/trial_runs/local_var_topk_006/cagrad_s3_curve.csv
