[run] method=cagrad candidate=local_var_topk_022 seed=2 steps=150 gpu=0
[run] cmd=
/home/zhujjing/anaconda3/envs/moe/bin/python /home/zhujjing/MOE-grad-conflict-routing/scripts/run.py --config configs/singletask_rte_real.yaml --set model.backbone_backend=hf --set model.hf_load_pretrained=true --set model.hf_local_files_only=true --set model.backbone=roberta --set model.hf_pretrained_name=roberta-base --set model.expert_type=ffn --set model.routing_mode=topk --set model.num_experts=4 --set model.top_k=2 --set seed=2 --set method.name=baseline_cagrad --set train.steps=150 --set train.eval_every_steps=50 --set method.baseline_cagrad.c=0.9009367382 --set method.baseline_cagrad.inner_lr=0.07383627008 --set train.grad_clip=0.7780371314 --set train.lr=5.0461117e-05 --set train.weight_decay=0.03456878451 --out /home/zhujjing/MOE-grad-conflict-routing/runs/paper_suite/single_gpu/single_task/roberta_rte_ffn_e4_k2_supplement/hpo/cagrad/trial_runs/local_var_topk_022/cagrad_s2.json --curve_out /home/zhujjing/MOE-grad-conflict-routing/runs/paper_suite/single_gpu/single_task/roberta_rte_ffn_e4_k2_supplement/hpo/cagrad/trial_runs/local_var_topk_022/cagrad_s2_curve.csv
Using the latest cached version of the dataset since glue couldn't be found on the Hugging Face Hub (offline mode is enabled).
Found the latest cached dataset configuration 'rte' at /home/zhujjing/hf_cache/datasets/glue/rte/0.0.0/bcdcba79d07bc864c1c254ccfcedcce55bcc9a8c (last modified on Thu Mar 19 15:00:36 2026).
/home/zhujjing/anaconda3/envs/moe/lib/python3.10/site-packages/transformers/utils/hub.py:124: FutureWarning: Using `TRANSFORMERS_CACHE` is deprecated and will be removed in v5 of Transformers. Use `HF_HOME` instead.
  warnings.warn(
Some weights of RobertaModel were not initialized from the model checkpoint at roberta-base and are newly initialized: ['roberta.pooler.dense.bias', 'roberta.pooler.dense.weight']
You should probably TRAIN this model on a down-stream task to be able to use it for predictions and inference.
[step 0001/150] method=baseline_cagrad loss=0.6985 train_acc=nan train_loss=nan val_acc=nan val_loss=nan best=-1.0000
[step 0010/150] method=baseline_cagrad loss=0.8116 train_acc=nan train_loss=nan val_acc=nan val_loss=nan best=-1.0000
[step 0020/150] method=baseline_cagrad loss=0.7282 train_acc=nan train_loss=nan val_acc=nan val_loss=nan best=-1.0000
[step 0030/150] method=baseline_cagrad loss=0.6889 train_acc=nan train_loss=nan val_acc=nan val_loss=nan best=-1.0000
[step 0040/150] method=baseline_cagrad loss=0.6663 train_acc=nan train_loss=nan val_acc=nan val_loss=nan best=-1.0000
[step 0050/150] method=baseline_cagrad loss=0.6163 train_acc=0.5156 train_loss=0.6918 val_acc=0.5271 val_loss=0.6853 router_H=0.6897 best=0.5271
           router_load=[0.5189273357391357, 0.0, 0.48107266426086426, 0.0]
[step 0060/150] method=baseline_cagrad loss=0.6782 train_acc=0.5156 train_loss=0.6918 val_acc=0.5271 val_loss=0.6853 router_H=0.6897 best=0.5271
           router_load=[0.5189273357391357, 0.0, 0.48107266426086426, 0.0]
[step 0070/150] method=baseline_cagrad loss=0.6905 train_acc=0.5156 train_loss=0.6918 val_acc=0.5271 val_loss=0.6853 router_H=0.6897 best=0.5271
           router_load=[0.5189273357391357, 0.0, 0.48107266426086426, 0.0]
[step 0080/150] method=baseline_cagrad loss=0.7365 train_acc=0.5156 train_loss=0.6918 val_acc=0.5271 val_loss=0.6853 router_H=0.6897 best=0.5271
           router_load=[0.5189273357391357, 0.0, 0.48107266426086426, 0.0]
[step 0090/150] method=baseline_cagrad loss=0.7106 train_acc=0.5156 train_loss=0.6918 val_acc=0.5271 val_loss=0.6853 router_H=0.6897 best=0.5271
           router_load=[0.5189273357391357, 0.0, 0.48107266426086426, 0.0]
[step 0100/150] method=baseline_cagrad loss=0.6988 train_acc=0.5781 train_loss=0.6816 val_acc=0.5415 val_loss=0.6886 router_H=0.6827 best=0.5415
           router_load=[0.5697745084762573, 0.0, 0.4302254915237427, 0.0]
[step 0110/150] method=baseline_cagrad loss=0.6626 train_acc=0.5781 train_loss=0.6816 val_acc=0.5415 val_loss=0.6886 router_H=0.6827 best=0.5415
           router_load=[0.5697745084762573, 0.0, 0.4302254915237427, 0.0]
[step 0120/150] method=baseline_cagrad loss=0.7010 train_acc=0.5781 train_loss=0.6816 val_acc=0.5415 val_loss=0.6886 router_H=0.6827 best=0.5415
           router_load=[0.5697745084762573, 0.0, 0.4302254915237427, 0.0]
[step 0130/150] method=baseline_cagrad loss=0.6610 train_acc=0.5781 train_loss=0.6816 val_acc=0.5415 val_loss=0.6886 router_H=0.6827 best=0.5415
           router_load=[0.5697745084762573, 0.0, 0.4302254915237427, 0.0]
[step 0140/150] method=baseline_cagrad loss=0.7083 train_acc=0.5781 train_loss=0.6816 val_acc=0.5415 val_loss=0.6886 router_H=0.6827 best=0.5415
           router_load=[0.5697745084762573, 0.0, 0.4302254915237427, 0.0]
[step 0150/150] method=baseline_cagrad loss=0.7126 train_acc=0.7500 train_loss=0.6231 val_acc=0.5957 val_loss=0.6667 router_H=0.6844 best=0.5957
           router_load=[0.5168076753616333, 0.0, 0.4786834120750427, 0.004508861806243658]
saved summary -> /home/zhujjing/MOE-grad-conflict-routing/runs/paper_suite/single_gpu/single_task/roberta_rte_ffn_e4_k2_supplement/hpo/cagrad/trial_runs/local_var_topk_022/cagrad_s2.json
saved curve -> /home/zhujjing/MOE-grad-conflict-routing/runs/paper_suite/single_gpu/single_task/roberta_rte_ffn_e4_k2_supplement/hpo/cagrad/trial_runs/local_var_topk_022/cagrad_s2_curve.csv
