[run] method=cagrad candidate=local_var_topk_012 seed=2 steps=150 gpu=0
[run] cmd=
/home/zhujjing/anaconda3/envs/moe/bin/python /home/zhujjing/MOE-grad-conflict-routing/scripts/run.py --config configs/singletask_sst2_real.yaml --set model.backbone_backend=hf --set model.hf_load_pretrained=true --set model.hf_local_files_only=true --set model.backbone=deberta --set model.hf_pretrained_name=microsoft/deberta-v3-base --set model.expert_type=ffn --set model.routing_mode=topk --set model.num_experts=4 --set model.top_k=2 --set seed=2 --set method.name=baseline_cagrad --set train.steps=150 --set train.eval_every_steps=50 --set method.baseline_cagrad.c=0.3009013596 --set method.baseline_cagrad.inner_lr=0.1 --set train.grad_clip=1.273448831 --set train.lr=3.4838004e-05 --set train.weight_decay=0.03456878451 --out /home/zhujjing/MOE-grad-conflict-routing/runs/paper_suite/single_gpu/single_task/deberta_sst2_ffn_e4_k2_supplement/hpo/cagrad/trial_runs/local_var_topk_012/cagrad_s2.json --curve_out /home/zhujjing/MOE-grad-conflict-routing/runs/paper_suite/single_gpu/single_task/deberta_sst2_ffn_e4_k2_supplement/hpo/cagrad/trial_runs/local_var_topk_012/cagrad_s2_curve.csv
Using the latest cached version of the dataset since glue couldn't be found on the Hugging Face Hub (offline mode is enabled).
Found the latest cached dataset configuration 'sst2' at /home/zhujjing/hf_cache/datasets/glue/sst2/0.0.0/bcdcba79d07bc864c1c254ccfcedcce55bcc9a8c (last modified on Thu Mar 19 15:01:41 2026).
/home/zhujjing/anaconda3/envs/moe/lib/python3.10/site-packages/transformers/utils/hub.py:124: FutureWarning: Using `TRANSFORMERS_CACHE` is deprecated and will be removed in v5 of Transformers. Use `HF_HOME` instead.
  warnings.warn(
/home/zhujjing/anaconda3/envs/moe/lib/python3.10/site-packages/transformers/convert_slow_tokenizer.py:560: UserWarning: The sentencepiece tokenizer that you are converting to a fast tokenizer uses the byte fallback option which is not implemented in the fast tokenizers. In practice this means that the fast version of the tokenizer can produce unknown tokens whereas the sentencepiece version would have converted these unknown tokens into a sequence of byte tokens matching the original piece of text.
  warnings.warn(
[step 0001/150] method=baseline_cagrad loss=0.7559 train_acc=nan train_loss=nan val_acc=nan val_loss=nan best=-1.0000
[step 0010/150] method=baseline_cagrad loss=0.7211 train_acc=nan train_loss=nan val_acc=nan val_loss=nan best=-1.0000
[step 0020/150] method=baseline_cagrad loss=0.5328 train_acc=nan train_loss=nan val_acc=nan val_loss=nan best=-1.0000
[step 0030/150] method=baseline_cagrad loss=0.3001 train_acc=nan train_loss=nan val_acc=nan val_loss=nan best=-1.0000
[step 0040/150] method=baseline_cagrad loss=0.1125 train_acc=nan train_loss=nan val_acc=nan val_loss=nan best=-1.0000
[step 0050/150] method=baseline_cagrad loss=0.0882 train_acc=0.8334 train_loss=0.5604 val_acc=0.7546 val_loss=0.8463 router_H=0.3529 best=0.7546
           router_load=[0.09141817688941956, 0.7352719902992249, 0.17129895091056824, 0.0020108758471906185]
[step 0060/150] method=baseline_cagrad loss=0.1231 train_acc=0.8334 train_loss=0.5604 val_acc=0.7546 val_loss=0.8463 router_H=0.3529 best=0.7546
           router_load=[0.09141817688941956, 0.7352719902992249, 0.17129895091056824, 0.0020108758471906185]
[step 0070/150] method=baseline_cagrad loss=0.5630 train_acc=0.8334 train_loss=0.5604 val_acc=0.7546 val_loss=0.8463 router_H=0.3529 best=0.7546
           router_load=[0.09141817688941956, 0.7352719902992249, 0.17129895091056824, 0.0020108758471906185]
[step 0080/150] method=baseline_cagrad loss=0.5380 train_acc=0.8334 train_loss=0.5604 val_acc=0.7546 val_loss=0.8463 router_H=0.3529 best=0.7546
           router_load=[0.09141817688941956, 0.7352719902992249, 0.17129895091056824, 0.0020108758471906185]
[step 0090/150] method=baseline_cagrad loss=0.4201 train_acc=0.8334 train_loss=0.5604 val_acc=0.7546 val_loss=0.8463 router_H=0.3529 best=0.7546
           router_load=[0.09141817688941956, 0.7352719902992249, 0.17129895091056824, 0.0020108758471906185]
[step 0100/150] method=baseline_cagrad loss=0.1687 train_acc=0.9201 train_loss=0.2409 val_acc=0.9151 val_loss=0.2573 router_H=0.3392 best=0.9151
           router_load=[0.07269788533449173, 0.572956919670105, 0.3498936891555786, 0.004451709799468517]
[step 0110/150] method=baseline_cagrad loss=0.2882 train_acc=0.9201 train_loss=0.2409 val_acc=0.9151 val_loss=0.2573 router_H=0.3392 best=0.9151
           router_load=[0.07269788533449173, 0.572956919670105, 0.3498936891555786, 0.004451709799468517]
[step 0120/150] method=baseline_cagrad loss=0.2613 train_acc=0.9201 train_loss=0.2409 val_acc=0.9151 val_loss=0.2573 router_H=0.3392 best=0.9151
           router_load=[0.07269788533449173, 0.572956919670105, 0.3498936891555786, 0.004451709799468517]
[step 0130/150] method=baseline_cagrad loss=0.2672 train_acc=0.9201 train_loss=0.2409 val_acc=0.9151 val_loss=0.2573 router_H=0.3392 best=0.9151
           router_load=[0.07269788533449173, 0.572956919670105, 0.3498936891555786, 0.004451709799468517]
[step 0140/150] method=baseline_cagrad loss=0.3198 train_acc=0.9201 train_loss=0.2409 val_acc=0.9151 val_loss=0.2573 router_H=0.3392 best=0.9151
           router_load=[0.07269788533449173, 0.572956919670105, 0.3498936891555786, 0.004451709799468517]
[step 0150/150] method=baseline_cagrad loss=0.4304 train_acc=0.8667 train_loss=0.4122 val_acc=0.8200 val_loss=0.5250 router_H=0.3370 best=0.9151
           router_load=[0.039605364203453064, 0.6847633719444275, 0.27472174167633057, 0.0009096224675886333]
saved summary -> /home/zhujjing/MOE-grad-conflict-routing/runs/paper_suite/single_gpu/single_task/deberta_sst2_ffn_e4_k2_supplement/hpo/cagrad/trial_runs/local_var_topk_012/cagrad_s2.json
saved curve -> /home/zhujjing/MOE-grad-conflict-routing/runs/paper_suite/single_gpu/single_task/deberta_sst2_ffn_e4_k2_supplement/hpo/cagrad/trial_runs/local_var_topk_012/cagrad_s2_curve.csv
