[run] method=cagrad candidate=local_var_topk_006 seed=2 steps=150 gpu=0
[run] cmd=
/home/zhujjing/anaconda3/envs/moe/bin/python /home/zhujjing/MOE-grad-conflict-routing/scripts/run.py --config configs/singletask_sst2_real.yaml --set model.backbone_backend=hf --set model.hf_load_pretrained=true --set model.hf_local_files_only=true --set model.backbone=deberta --set model.hf_pretrained_name=microsoft/deberta-v3-base --set model.expert_type=ffn --set model.routing_mode=topk --set model.num_experts=4 --set model.top_k=2 --set seed=2 --set method.name=baseline_cagrad --set train.steps=150 --set train.eval_every_steps=50 --set method.baseline_cagrad.c=0.3009013596 --set method.baseline_cagrad.inner_lr=0.1 --set train.grad_clip=1.273448831 --set train.lr=1.7419002e-05 --set train.weight_decay=0.04456878451 --out /home/zhujjing/MOE-grad-conflict-routing/runs/paper_suite/single_gpu/single_task/deberta_sst2_ffn_e4_k2_supplement/hpo/cagrad/trial_runs/local_var_topk_006/cagrad_s2.json --curve_out /home/zhujjing/MOE-grad-conflict-routing/runs/paper_suite/single_gpu/single_task/deberta_sst2_ffn_e4_k2_supplement/hpo/cagrad/trial_runs/local_var_topk_006/cagrad_s2_curve.csv
Using the latest cached version of the dataset since glue couldn't be found on the Hugging Face Hub (offline mode is enabled).
Found the latest cached dataset configuration 'sst2' at /home/zhujjing/hf_cache/datasets/glue/sst2/0.0.0/bcdcba79d07bc864c1c254ccfcedcce55bcc9a8c (last modified on Thu Mar 19 15:01:41 2026).
/home/zhujjing/anaconda3/envs/moe/lib/python3.10/site-packages/transformers/utils/hub.py:124: FutureWarning: Using `TRANSFORMERS_CACHE` is deprecated and will be removed in v5 of Transformers. Use `HF_HOME` instead.
  warnings.warn(
/home/zhujjing/anaconda3/envs/moe/lib/python3.10/site-packages/transformers/convert_slow_tokenizer.py:560: UserWarning: The sentencepiece tokenizer that you are converting to a fast tokenizer uses the byte fallback option which is not implemented in the fast tokenizers. In practice this means that the fast version of the tokenizer can produce unknown tokens whereas the sentencepiece version would have converted these unknown tokens into a sequence of byte tokens matching the original piece of text.
  warnings.warn(
[step 0001/150] method=baseline_cagrad loss=0.6974 train_acc=nan train_loss=nan val_acc=nan val_loss=nan best=-1.0000
[step 0010/150] method=baseline_cagrad loss=0.7194 train_acc=nan train_loss=nan val_acc=nan val_loss=nan best=-1.0000
[step 0020/150] method=baseline_cagrad loss=0.6064 train_acc=nan train_loss=nan val_acc=nan val_loss=nan best=-1.0000
[step 0030/150] method=baseline_cagrad loss=0.4902 train_acc=nan train_loss=nan val_acc=nan val_loss=nan best=-1.0000
[step 0040/150] method=baseline_cagrad loss=0.1567 train_acc=nan train_loss=nan val_acc=nan val_loss=nan best=-1.0000
[step 0050/150] method=baseline_cagrad loss=0.1738 train_acc=0.8723 train_loss=0.3857 val_acc=0.8177 val_loss=0.5149 router_H=0.4398 best=0.8177
           router_load=[0.03009340725839138, 0.12894533574581146, 0.04334639757871628, 0.7976149320602417]
[step 0060/150] method=baseline_cagrad loss=0.3159 train_acc=0.8723 train_loss=0.3857 val_acc=0.8177 val_loss=0.5149 router_H=0.4398 best=0.8177
           router_load=[0.03009340725839138, 0.12894533574581146, 0.04334639757871628, 0.7976149320602417]
[step 0070/150] method=baseline_cagrad loss=0.6200 train_acc=0.8723 train_loss=0.3857 val_acc=0.8177 val_loss=0.5149 router_H=0.4398 best=0.8177
           router_load=[0.03009340725839138, 0.12894533574581146, 0.04334639757871628, 0.7976149320602417]
[step 0080/150] method=baseline_cagrad loss=0.3973 train_acc=0.8723 train_loss=0.3857 val_acc=0.8177 val_loss=0.5149 router_H=0.4398 best=0.8177
           router_load=[0.03009340725839138, 0.12894533574581146, 0.04334639757871628, 0.7976149320602417]
[step 0090/150] method=baseline_cagrad loss=0.1291 train_acc=0.8723 train_loss=0.3857 val_acc=0.8177 val_loss=0.5149 router_H=0.4398 best=0.8177
           router_load=[0.03009340725839138, 0.12894533574581146, 0.04334639757871628, 0.7976149320602417]
[step 0100/150] method=baseline_cagrad loss=0.5804 train_acc=0.8523 train_loss=0.4489 val_acc=0.7982 val_loss=0.5807 router_H=0.3929 best=0.8177
           router_load=[0.0347122922539711, 0.11673761904239655, 0.02299000881612301, 0.8255600333213806]
[step 0110/150] method=baseline_cagrad loss=0.2200 train_acc=0.8523 train_loss=0.4489 val_acc=0.7982 val_loss=0.5807 router_H=0.3929 best=0.8177
           router_load=[0.0347122922539711, 0.11673761904239655, 0.02299000881612301, 0.8255600333213806]
[step 0120/150] method=baseline_cagrad loss=0.2183 train_acc=0.8523 train_loss=0.4489 val_acc=0.7982 val_loss=0.5807 router_H=0.3929 best=0.8177
           router_load=[0.0347122922539711, 0.11673761904239655, 0.02299000881612301, 0.8255600333213806]
[step 0130/150] method=baseline_cagrad loss=0.3589 train_acc=0.8523 train_loss=0.4489 val_acc=0.7982 val_loss=0.5807 router_H=0.3929 best=0.8177
           router_load=[0.0347122922539711, 0.11673761904239655, 0.02299000881612301, 0.8255600333213806]
[step 0140/150] method=baseline_cagrad loss=0.3676 train_acc=0.8523 train_loss=0.4489 val_acc=0.7982 val_loss=0.5807 router_H=0.3929 best=0.8177
           router_load=[0.0347122922539711, 0.11673761904239655, 0.02299000881612301, 0.8255600333213806]
[step 0150/150] method=baseline_cagrad loss=0.2299 train_acc=0.9252 train_loss=0.2055 val_acc=0.9323 val_loss=0.1882 router_H=0.3908 best=0.9323
           router_load=[0.01400736067444086, 0.12828443944454193, 0.021560026332736015, 0.8361481428146362]
saved summary -> /home/zhujjing/MOE-grad-conflict-routing/runs/paper_suite/single_gpu/single_task/deberta_sst2_ffn_e4_k2_supplement/hpo/cagrad/trial_runs/local_var_topk_006/cagrad_s2.json
saved curve -> /home/zhujjing/MOE-grad-conflict-routing/runs/paper_suite/single_gpu/single_task/deberta_sst2_ffn_e4_k2_supplement/hpo/cagrad/trial_runs/local_var_topk_006/cagrad_s2_curve.csv
