[run] method=cagrad candidate=local_var_topk_007 seed=2 steps=150 gpu=0
[run] cmd=
/home/zhujjing/anaconda3/envs/moe/bin/python /home/zhujjing/MOE-grad-conflict-routing/scripts/run.py --config configs/singletask_sst2_real.yaml --set model.backbone_backend=hf --set model.hf_load_pretrained=true --set model.hf_local_files_only=true --set model.backbone=deberta --set model.hf_pretrained_name=microsoft/deberta-v3-base --set model.expert_type=ffn --set model.routing_mode=topk --set model.num_experts=4 --set model.top_k=2 --set seed=2 --set method.name=baseline_cagrad --set train.steps=150 --set train.eval_every_steps=50 --set method.baseline_cagrad.c=0.4809013596 --set method.baseline_cagrad.inner_lr=0.1 --set train.grad_clip=1.273448831 --set train.lr=1.7419002e-05 --set train.weight_decay=0.04456878451 --out /home/zhujjing/MOE-grad-conflict-routing/runs/paper_suite/single_gpu/single_task/deberta_sst2_ffn_e4_k2_supplement/hpo/cagrad/trial_runs/local_var_topk_007/cagrad_s2.json --curve_out /home/zhujjing/MOE-grad-conflict-routing/runs/paper_suite/single_gpu/single_task/deberta_sst2_ffn_e4_k2_supplement/hpo/cagrad/trial_runs/local_var_topk_007/cagrad_s2_curve.csv
Using the latest cached version of the dataset since glue couldn't be found on the Hugging Face Hub (offline mode is enabled).
Found the latest cached dataset configuration 'sst2' at /home/zhujjing/hf_cache/datasets/glue/sst2/0.0.0/bcdcba79d07bc864c1c254ccfcedcce55bcc9a8c (last modified on Thu Mar 19 15:01:41 2026).
/home/zhujjing/anaconda3/envs/moe/lib/python3.10/site-packages/transformers/utils/hub.py:124: FutureWarning: Using `TRANSFORMERS_CACHE` is deprecated and will be removed in v5 of Transformers. Use `HF_HOME` instead.
  warnings.warn(
/home/zhujjing/anaconda3/envs/moe/lib/python3.10/site-packages/transformers/convert_slow_tokenizer.py:560: UserWarning: The sentencepiece tokenizer that you are converting to a fast tokenizer uses the byte fallback option which is not implemented in the fast tokenizers. In practice this means that the fast version of the tokenizer can produce unknown tokens whereas the sentencepiece version would have converted these unknown tokens into a sequence of byte tokens matching the original piece of text.
  warnings.warn(
[step 0001/150] method=baseline_cagrad loss=0.7627 train_acc=nan train_loss=nan val_acc=nan val_loss=nan best=-1.0000
[step 0010/150] method=baseline_cagrad loss=0.7507 train_acc=nan train_loss=nan val_acc=nan val_loss=nan best=-1.0000
[step 0020/150] method=baseline_cagrad loss=0.6438 train_acc=nan train_loss=nan val_acc=nan val_loss=nan best=-1.0000
[step 0030/150] method=baseline_cagrad loss=0.5465 train_acc=nan train_loss=nan val_acc=nan val_loss=nan best=-1.0000
[step 0040/150] method=baseline_cagrad loss=0.3406 train_acc=nan train_loss=nan val_acc=nan val_loss=nan best=-1.0000
[step 0050/150] method=baseline_cagrad loss=0.2004 train_acc=0.8196 train_loss=0.5128 val_acc=0.7443 val_loss=0.6789 router_H=0.5814 best=0.7443
           router_load=[0.1793953776359558, 0.0, 0.701483964920044, 0.1191207617521286]
[step 0060/150] method=baseline_cagrad loss=0.2706 train_acc=0.8196 train_loss=0.5128 val_acc=0.7443 val_loss=0.6789 router_H=0.5814 best=0.7443
           router_load=[0.1793953776359558, 0.0, 0.701483964920044, 0.1191207617521286]
[step 0070/150] method=baseline_cagrad loss=0.4639 train_acc=0.8196 train_loss=0.5128 val_acc=0.7443 val_loss=0.6789 router_H=0.5814 best=0.7443
           router_load=[0.1793953776359558, 0.0, 0.701483964920044, 0.1191207617521286]
[step 0080/150] method=baseline_cagrad loss=0.4205 train_acc=0.8196 train_loss=0.5128 val_acc=0.7443 val_loss=0.6789 router_H=0.5814 best=0.7443
           router_load=[0.1793953776359558, 0.0, 0.701483964920044, 0.1191207617521286]
[step 0090/150] method=baseline_cagrad loss=0.2308 train_acc=0.8196 train_loss=0.5128 val_acc=0.7443 val_loss=0.6789 router_H=0.5814 best=0.7443
           router_load=[0.1793953776359558, 0.0, 0.701483964920044, 0.1191207617521286]
[step 0100/150] method=baseline_cagrad loss=0.1978 train_acc=0.9135 train_loss=0.2542 val_acc=0.9071 val_loss=0.2540 router_H=0.5714 best=0.9071
           router_load=[0.13681182265281677, 0.0, 0.6715019941329956, 0.19168615341186523]
[step 0110/150] method=baseline_cagrad loss=0.1781 train_acc=0.9135 train_loss=0.2542 val_acc=0.9071 val_loss=0.2540 router_H=0.5714 best=0.9071
           router_load=[0.13681182265281677, 0.0, 0.6715019941329956, 0.19168615341186523]
[step 0120/150] method=baseline_cagrad loss=0.3510 train_acc=0.9135 train_loss=0.2542 val_acc=0.9071 val_loss=0.2540 router_H=0.5714 best=0.9071
           router_load=[0.13681182265281677, 0.0, 0.6715019941329956, 0.19168615341186523]
[step 0130/150] method=baseline_cagrad loss=0.2388 train_acc=0.9135 train_loss=0.2542 val_acc=0.9071 val_loss=0.2540 router_H=0.5714 best=0.9071
           router_load=[0.13681182265281677, 0.0, 0.6715019941329956, 0.19168615341186523]
[step 0140/150] method=baseline_cagrad loss=0.3257 train_acc=0.9135 train_loss=0.2542 val_acc=0.9071 val_loss=0.2540 router_H=0.5714 best=0.9071
           router_load=[0.13681182265281677, 0.0, 0.6715019941329956, 0.19168615341186523]
[step 0150/150] method=baseline_cagrad loss=0.3202 train_acc=0.9143 train_loss=0.2314 val_acc=0.9060 val_loss=0.2272 router_H=0.5489 best=0.9071
           router_load=[0.18635648488998413, 0.00018808401364367455, 0.5029455423355103, 0.31050989031791687]
saved summary -> /home/zhujjing/MOE-grad-conflict-routing/runs/paper_suite/single_gpu/single_task/deberta_sst2_ffn_e4_k2_supplement/hpo/cagrad/trial_runs/local_var_topk_007/cagrad_s2.json
saved curve -> /home/zhujjing/MOE-grad-conflict-routing/runs/paper_suite/single_gpu/single_task/deberta_sst2_ffn_e4_k2_supplement/hpo/cagrad/trial_runs/local_var_topk_007/cagrad_s2_curve.csv
