[run] method=cagrad candidate=local_var_topk_017 seed=3 steps=150 gpu=0
[run] cmd=
/home/zhujjing/anaconda3/envs/moe/bin/python /home/zhujjing/MOE-grad-conflict-routing/scripts/run.py --config configs/singletask_sst2_real.yaml --set model.backbone_backend=hf --set model.hf_load_pretrained=true --set model.hf_local_files_only=true --set model.backbone=deberta --set model.hf_pretrained_name=microsoft/deberta-v3-base --set model.expert_type=ffn --set model.routing_mode=topk --set model.num_experts=4 --set model.top_k=2 --set seed=3 --set method.name=baseline_cagrad --set train.steps=150 --set train.eval_every_steps=50 --set method.baseline_cagrad.c=0.6609013596 --set method.baseline_cagrad.inner_lr=0.1 --set train.grad_clip=1.273448831 --set train.lr=3.4838004e-05 --set train.weight_decay=0.04456878451 --out /home/zhujjing/MOE-grad-conflict-routing/runs/paper_suite/single_gpu/single_task/deberta_sst2_ffn_e4_k2_supplement/hpo/cagrad/trial_runs/local_var_topk_017/cagrad_s3.json --curve_out /home/zhujjing/MOE-grad-conflict-routing/runs/paper_suite/single_gpu/single_task/deberta_sst2_ffn_e4_k2_supplement/hpo/cagrad/trial_runs/local_var_topk_017/cagrad_s3_curve.csv
Using the latest cached version of the dataset since glue couldn't be found on the Hugging Face Hub (offline mode is enabled).
Found the latest cached dataset configuration 'sst2' at /home/zhujjing/hf_cache/datasets/glue/sst2/0.0.0/bcdcba79d07bc864c1c254ccfcedcce55bcc9a8c (last modified on Thu Mar 19 15:01:41 2026).
/home/zhujjing/anaconda3/envs/moe/lib/python3.10/site-packages/transformers/utils/hub.py:124: FutureWarning: Using `TRANSFORMERS_CACHE` is deprecated and will be removed in v5 of Transformers. Use `HF_HOME` instead.
  warnings.warn(
/home/zhujjing/anaconda3/envs/moe/lib/python3.10/site-packages/transformers/convert_slow_tokenizer.py:560: UserWarning: The sentencepiece tokenizer that you are converting to a fast tokenizer uses the byte fallback option which is not implemented in the fast tokenizers. In practice this means that the fast version of the tokenizer can produce unknown tokens whereas the sentencepiece version would have converted these unknown tokens into a sequence of byte tokens matching the original piece of text.
  warnings.warn(
[step 0001/150] method=baseline_cagrad loss=0.7562 train_acc=nan train_loss=nan val_acc=nan val_loss=nan best=-1.0000
[step 0010/150] method=baseline_cagrad loss=0.6150 train_acc=nan train_loss=nan val_acc=nan val_loss=nan best=-1.0000
[step 0020/150] method=baseline_cagrad loss=0.4555 train_acc=nan train_loss=nan val_acc=nan val_loss=nan best=-1.0000
[step 0030/150] method=baseline_cagrad loss=0.5456 train_acc=nan train_loss=nan val_acc=nan val_loss=nan best=-1.0000
[step 0040/150] method=baseline_cagrad loss=0.3251 train_acc=nan train_loss=nan val_acc=nan val_loss=nan best=-1.0000
[step 0050/150] method=baseline_cagrad loss=0.7905 train_acc=0.8726 train_loss=0.3453 val_acc=0.8016 val_loss=0.4520 router_H=0.4632 best=0.8016
           router_load=[0.15928582847118378, 0.01500434149056673, 0.001995392143726349, 0.8237143754959106]
[step 0060/150] method=baseline_cagrad loss=0.3648 train_acc=0.8726 train_loss=0.3453 val_acc=0.8016 val_loss=0.4520 router_H=0.4632 best=0.8016
           router_load=[0.15928582847118378, 0.01500434149056673, 0.001995392143726349, 0.8237143754959106]
[step 0070/150] method=baseline_cagrad loss=0.1809 train_acc=0.8726 train_loss=0.3453 val_acc=0.8016 val_loss=0.4520 router_H=0.4632 best=0.8016
           router_load=[0.15928582847118378, 0.01500434149056673, 0.001995392143726349, 0.8237143754959106]
[step 0080/150] method=baseline_cagrad loss=0.1858 train_acc=0.8726 train_loss=0.3453 val_acc=0.8016 val_loss=0.4520 router_H=0.4632 best=0.8016
           router_load=[0.15928582847118378, 0.01500434149056673, 0.001995392143726349, 0.8237143754959106]
[step 0090/150] method=baseline_cagrad loss=0.2835 train_acc=0.8726 train_loss=0.3453 val_acc=0.8016 val_loss=0.4520 router_H=0.4632 best=0.8016
           router_load=[0.15928582847118378, 0.01500434149056673, 0.001995392143726349, 0.8237143754959106]
[step 0100/150] method=baseline_cagrad loss=0.2717 train_acc=0.9192 train_loss=0.2408 val_acc=0.9232 val_loss=0.2059 router_H=0.3460 best=0.9232
           router_load=[0.06252004206180573, 0.04322127625346184, 0.005615536589175463, 0.888643205165863]
[step 0110/150] method=baseline_cagrad loss=0.5665 train_acc=0.9192 train_loss=0.2408 val_acc=0.9232 val_loss=0.2059 router_H=0.3460 best=0.9232
           router_load=[0.06252004206180573, 0.04322127625346184, 0.005615536589175463, 0.888643205165863]
[step 0120/150] method=baseline_cagrad loss=0.4887 train_acc=0.9192 train_loss=0.2408 val_acc=0.9232 val_loss=0.2059 router_H=0.3460 best=0.9232
           router_load=[0.06252004206180573, 0.04322127625346184, 0.005615536589175463, 0.888643205165863]
[step 0130/150] method=baseline_cagrad loss=0.1840 train_acc=0.9192 train_loss=0.2408 val_acc=0.9232 val_loss=0.2059 router_H=0.3460 best=0.9232
           router_load=[0.06252004206180573, 0.04322127625346184, 0.005615536589175463, 0.888643205165863]
[step 0140/150] method=baseline_cagrad loss=0.3303 train_acc=0.9192 train_loss=0.2408 val_acc=0.9232 val_loss=0.2059 router_H=0.3460 best=0.9232
           router_load=[0.06252004206180573, 0.04322127625346184, 0.005615536589175463, 0.888643205165863]
[step 0150/150] method=baseline_cagrad loss=0.1067 train_acc=0.9265 train_loss=0.2063 val_acc=0.9392 val_loss=0.1842 router_H=0.2662 best=0.9392
           router_load=[0.06977839767932892, 0.006537454202771187, 6.182694050949067e-05, 0.9236223697662354]
saved summary -> /home/zhujjing/MOE-grad-conflict-routing/runs/paper_suite/single_gpu/single_task/deberta_sst2_ffn_e4_k2_supplement/hpo/cagrad/trial_runs/local_var_topk_017/cagrad_s3.json
saved curve -> /home/zhujjing/MOE-grad-conflict-routing/runs/paper_suite/single_gpu/single_task/deberta_sst2_ffn_e4_k2_supplement/hpo/cagrad/trial_runs/local_var_topk_017/cagrad_s3_curve.csv
