[run] method=ours candidate=coord_04_method_ours_lambda_align_007 seed=3 steps=150 gpu=0
[run] cmd=
/home/zhujjing/anaconda3/envs/moe/bin/python /home/zhujjing/MOE-grad-conflict-routing/scripts/run.py --config configs/singletask_sst2_real.yaml --set model.backbone_backend=hf --set model.hf_load_pretrained=true --set model.backbone=roberta --set model.hf_pretrained_name=roberta-base --set model.expert_type=ffn --set model.routing_mode=topk --set model.num_experts=4 --set model.top_k=2 --set seed=3 --set method.name=ours --set train.steps=150 --set train.eval_every_steps=50 --set method.ours.use_load_norm=true --set method.ours.lambda_align=0.000348192379 --set train.grad_clip=0.6534831993 --set train.lr=2.166929843e-05 --set train.weight_decay=0.01547655633 --out /home/zhujjing/MOE-grad-conflict-routing/runs/paper_suite/single_gpu/single_task/roberta_sst2_ffn_e4_k2/hpo/ours/trial_runs/coord_04_method_ours_lambda_align_007/ours_s3.json --curve_out /home/zhujjing/MOE-grad-conflict-routing/runs/paper_suite/single_gpu/single_task/roberta_sst2_ffn_e4_k2/hpo/ours/trial_runs/coord_04_method_ours_lambda_align_007/ours_s3_curve.csv
Using the latest cached version of the dataset since glue couldn't be found on the Hugging Face Hub (offline mode is enabled).
Found the latest cached dataset configuration 'sst2' at /home/zhujjing/hf_cache/datasets/glue/sst2/0.0.0/bcdcba79d07bc864c1c254ccfcedcce55bcc9a8c (last modified on Thu Mar 19 15:01:41 2026).
/home/zhujjing/anaconda3/envs/moe/lib/python3.10/site-packages/transformers/utils/hub.py:124: FutureWarning: Using `TRANSFORMERS_CACHE` is deprecated and will be removed in v5 of Transformers. Use `HF_HOME` instead.
  warnings.warn(
Some weights of RobertaModel were not initialized from the model checkpoint at roberta-base and are newly initialized: ['roberta.pooler.dense.bias', 'roberta.pooler.dense.weight']
You should probably TRAIN this model on a down-stream task to be able to use it for predictions and inference.
[step 0001/150] method=ours loss=0.7045 train_acc=nan train_loss=nan val_acc=nan val_loss=nan best=-1.0000
[step 0010/150] method=ours loss=0.6490 train_acc=nan train_loss=nan val_acc=nan val_loss=nan best=-1.0000
[step 0020/150] method=ours loss=0.5729 train_acc=nan train_loss=nan val_acc=nan val_loss=nan best=-1.0000
[step 0030/150] method=ours loss=0.4122 train_acc=nan train_loss=nan val_acc=nan val_loss=nan best=-1.0000
[step 0040/150] method=ours loss=0.4068 train_acc=nan train_loss=nan val_acc=nan val_loss=nan best=-1.0000
[step 0050/150] method=ours loss=0.5906 train_acc=0.8392 train_loss=0.5039 val_acc=0.8222 val_loss=0.5103 router_H=0.6785 best=0.8222
           router_load=[0.0, 0.43188294768333435, 0.5681170225143433, 0.0]
[step 0060/150] method=ours loss=0.5758 train_acc=0.8392 train_loss=0.5039 val_acc=0.8222 val_loss=0.5103 router_H=0.6785 best=0.8222
           router_load=[0.0, 0.43188294768333435, 0.5681170225143433, 0.0]
[step 0070/150] method=ours loss=0.6139 train_acc=0.8392 train_loss=0.5039 val_acc=0.8222 val_loss=0.5103 router_H=0.6785 best=0.8222
           router_load=[0.0, 0.43188294768333435, 0.5681170225143433, 0.0]
[step 0080/150] method=ours loss=0.4281 train_acc=0.8392 train_loss=0.5039 val_acc=0.8222 val_loss=0.5103 router_H=0.6785 best=0.8222
           router_load=[0.0, 0.43188294768333435, 0.5681170225143433, 0.0]
[step 0090/150] method=ours loss=0.3863 train_acc=0.8392 train_loss=0.5039 val_acc=0.8222 val_loss=0.5103 router_H=0.6785 best=0.8222
           router_load=[0.0, 0.43188294768333435, 0.5681170225143433, 0.0]
[step 0100/150] method=ours loss=0.7385 train_acc=0.8826 train_loss=0.3725 val_acc=0.8945 val_loss=0.3457 router_H=0.4637 best=0.8945
           router_load=[0.0929773822426796, 0.11420624703168869, 0.7903798818588257, 0.0024363885167986155]
[step 0110/150] method=ours loss=0.3566 train_acc=0.8826 train_loss=0.3725 val_acc=0.8945 val_loss=0.3457 router_H=0.4637 best=0.8945
           router_load=[0.0929773822426796, 0.11420624703168869, 0.7903798818588257, 0.0024363885167986155]
[step 0120/150] method=ours loss=0.5118 train_acc=0.8826 train_loss=0.3725 val_acc=0.8945 val_loss=0.3457 router_H=0.4637 best=0.8945
           router_load=[0.0929773822426796, 0.11420624703168869, 0.7903798818588257, 0.0024363885167986155]
[step 0130/150] method=ours loss=0.5542 train_acc=0.8826 train_loss=0.3725 val_acc=0.8945 val_loss=0.3457 router_H=0.4637 best=0.8945
           router_load=[0.0929773822426796, 0.11420624703168869, 0.7903798818588257, 0.0024363885167986155]
[step 0140/150] method=ours loss=0.2984 train_acc=0.8826 train_loss=0.3725 val_acc=0.8945 val_loss=0.3457 router_H=0.4637 best=0.8945
           router_load=[0.0929773822426796, 0.11420624703168869, 0.7903798818588257, 0.0024363885167986155]
[step 0150/150] method=ours loss=0.1687 train_acc=0.8914 train_loss=0.2898 val_acc=0.9037 val_loss=0.2495 router_H=0.4275 best=0.9037
           router_load=[0.00048101693391799927, 0.1530342400074005, 0.84234619140625, 0.004138269927352667]
saved summary -> /home/zhujjing/MOE-grad-conflict-routing/runs/paper_suite/single_gpu/single_task/roberta_sst2_ffn_e4_k2/hpo/ours/trial_runs/coord_04_method_ours_lambda_align_007/ours_s3.json
saved curve -> /home/zhujjing/MOE-grad-conflict-routing/runs/paper_suite/single_gpu/single_task/roberta_sst2_ffn_e4_k2/hpo/ours/trial_runs/coord_04_method_ours_lambda_align_007/ours_s3_curve.csv
