[run] method=ours candidate=coord_02_train_weight_decay_004 seed=2 steps=150 gpu=0
[run] cmd=
/home/zhujjing/anaconda3/envs/moe/bin/python /home/zhujjing/MOE-grad-conflict-routing/scripts/run.py --config configs/singletask_rte_real.yaml --set model.backbone_backend=hf --set model.hf_load_pretrained=true --set model.backbone=deberta --set model.hf_pretrained_name=microsoft/deberta-v3-base --set model.expert_type=lora --set model.routing_mode=topk --set model.num_experts=4 --set model.top_k=2 --set seed=2 --set method.name=ours --set train.steps=150 --set train.eval_every_steps=50 --set method.ours.use_load_norm=true --set method.ours.lambda_align=0.001 --set train.grad_clip=1 --set train.lr=4.233346635e-05 --set train.weight_decay=0.0343855891 --out /home/zhujjing/MOE-grad-conflict-routing/runs/paper_suite/single_gpu/single_task/deberta_rte_lora_e4_k2/hpo/ours/trial_runs/coord_02_train_weight_decay_004/ours_s2.json --curve_out /home/zhujjing/MOE-grad-conflict-routing/runs/paper_suite/single_gpu/single_task/deberta_rte_lora_e4_k2/hpo/ours/trial_runs/coord_02_train_weight_decay_004/ours_s2_curve.csv
Using the latest cached version of the dataset since glue couldn't be found on the Hugging Face Hub (offline mode is enabled).
Found the latest cached dataset configuration 'rte' at /home/zhujjing/hf_cache/datasets/glue/rte/0.0.0/bcdcba79d07bc864c1c254ccfcedcce55bcc9a8c (last modified on Thu Mar 19 15:00:36 2026).
/home/zhujjing/anaconda3/envs/moe/lib/python3.10/site-packages/transformers/utils/hub.py:124: FutureWarning: Using `TRANSFORMERS_CACHE` is deprecated and will be removed in v5 of Transformers. Use `HF_HOME` instead.
  warnings.warn(
/home/zhujjing/anaconda3/envs/moe/lib/python3.10/site-packages/transformers/convert_slow_tokenizer.py:560: UserWarning: The sentencepiece tokenizer that you are converting to a fast tokenizer uses the byte fallback option which is not implemented in the fast tokenizers. In practice this means that the fast version of the tokenizer can produce unknown tokens whereas the sentencepiece version would have converted these unknown tokens into a sequence of byte tokens matching the original piece of text.
  warnings.warn(
[step 0001/150] method=ours loss=0.7575 train_acc=nan train_loss=nan val_acc=nan val_loss=nan best=-1.0000
[step 0010/150] method=ours loss=0.9306 train_acc=nan train_loss=nan val_acc=nan val_loss=nan best=-1.0000
[step 0020/150] method=ours loss=0.7103 train_acc=nan train_loss=nan val_acc=nan val_loss=nan best=-1.0000
[step 0030/150] method=ours loss=0.5760 train_acc=nan train_loss=nan val_acc=nan val_loss=nan best=-1.0000
[step 0040/150] method=ours loss=0.6877 train_acc=nan train_loss=nan val_acc=nan val_loss=nan best=-1.0000
[step 0050/150] method=ours loss=0.6515 train_acc=0.7679 train_loss=0.5268 val_acc=0.7112 val_loss=0.5982 router_H=0.5201 best=0.7112
           router_load=[0.008792738430202007, 0.7834198474884033, 0.004321450367569923, 0.20346598327159882]
[step 0060/150] method=ours loss=0.5515 train_acc=0.7679 train_loss=0.5268 val_acc=0.7112 val_loss=0.5982 router_H=0.5201 best=0.7112
           router_load=[0.008792738430202007, 0.7834198474884033, 0.004321450367569923, 0.20346598327159882]
[step 0070/150] method=ours loss=0.5015 train_acc=0.7679 train_loss=0.5268 val_acc=0.7112 val_loss=0.5982 router_H=0.5201 best=0.7112
           router_load=[0.008792738430202007, 0.7834198474884033, 0.004321450367569923, 0.20346598327159882]
[step 0080/150] method=ours loss=0.5232 train_acc=0.7679 train_loss=0.5268 val_acc=0.7112 val_loss=0.5982 router_H=0.5201 best=0.7112
           router_load=[0.008792738430202007, 0.7834198474884033, 0.004321450367569923, 0.20346598327159882]
[step 0090/150] method=ours loss=0.2724 train_acc=0.7679 train_loss=0.5268 val_acc=0.7112 val_loss=0.5982 router_H=0.5201 best=0.7112
           router_load=[0.008792738430202007, 0.7834198474884033, 0.004321450367569923, 0.20346598327159882]
[step 0100/150] method=ours loss=0.3129 train_acc=0.8691 train_loss=0.3129 val_acc=0.7906 val_loss=0.4325 router_H=0.6033 best=0.7906
           router_load=[0.04028557240962982, 0.7046188712120056, 0.11782023310661316, 0.1372753083705902]
[step 0110/150] method=ours loss=0.4415 train_acc=0.8691 train_loss=0.3129 val_acc=0.7906 val_loss=0.4325 router_H=0.6033 best=0.7906
           router_load=[0.04028557240962982, 0.7046188712120056, 0.11782023310661316, 0.1372753083705902]
[step 0120/150] method=ours loss=0.3038 train_acc=0.8691 train_loss=0.3129 val_acc=0.7906 val_loss=0.4325 router_H=0.6033 best=0.7906
           router_load=[0.04028557240962982, 0.7046188712120056, 0.11782023310661316, 0.1372753083705902]
[step 0130/150] method=ours loss=0.5356 train_acc=0.8691 train_loss=0.3129 val_acc=0.7906 val_loss=0.4325 router_H=0.6033 best=0.7906
           router_load=[0.04028557240962982, 0.7046188712120056, 0.11782023310661316, 0.1372753083705902]
[step 0140/150] method=ours loss=0.5945 train_acc=0.8691 train_loss=0.3129 val_acc=0.7906 val_loss=0.4325 router_H=0.6033 best=0.7906
           router_load=[0.04028557240962982, 0.7046188712120056, 0.11782023310661316, 0.1372753083705902]
[step 0150/150] method=ours loss=0.5165 train_acc=0.8892 train_loss=0.2737 val_acc=0.7834 val_loss=0.4418 router_H=0.6411 best=0.7906
           router_load=[0.15106679499149323, 0.6513506174087524, 0.06172244995832443, 0.13586020469665527]
saved summary -> /home/zhujjing/MOE-grad-conflict-routing/runs/paper_suite/single_gpu/single_task/deberta_rte_lora_e4_k2/hpo/ours/trial_runs/coord_02_train_weight_decay_004/ours_s2.json
saved curve -> /home/zhujjing/MOE-grad-conflict-routing/runs/paper_suite/single_gpu/single_task/deberta_rte_lora_e4_k2/hpo/ours/trial_runs/coord_02_train_weight_decay_004/ours_s2_curve.csv
