[run] method=cagrad candidate=coord_02_anchor seed=3 steps=150 gpu=0
[run] cmd=
/home/zhujjing/anaconda3/envs/moe/bin/python /home/zhujjing/MOE-grad-conflict-routing/scripts/run.py --config configs/singletask_rte_real.yaml --set model.backbone_backend=hf --set model.hf_load_pretrained=true --set model.backbone=deberta --set model.hf_pretrained_name=microsoft/deberta-v3-base --set model.expert_type=ffn --set model.routing_mode=topk --set model.num_experts=4 --set model.top_k=2 --set seed=3 --set method.name=baseline_cagrad --set train.steps=150 --set train.eval_every_steps=50 --set method.baseline_cagrad.c=0.4 --set method.baseline_cagrad.inner_lr=0.1 --set train.grad_clip=1 --set train.lr=2e-05 --set train.weight_decay=0.01 --out /home/zhujjing/MOE-grad-conflict-routing/runs/paper_suite/single_gpu/single_task/deberta_rte_ffn_e4_k2/hpo/cagrad/trial_runs/coord_02_anchor/cagrad_s3.json --curve_out /home/zhujjing/MOE-grad-conflict-routing/runs/paper_suite/single_gpu/single_task/deberta_rte_ffn_e4_k2/hpo/cagrad/trial_runs/coord_02_anchor/cagrad_s3_curve.csv
Using the latest cached version of the dataset since glue couldn't be found on the Hugging Face Hub (offline mode is enabled).
Found the latest cached dataset configuration 'rte' at /home/zhujjing/hf_cache/datasets/glue/rte/0.0.0/bcdcba79d07bc864c1c254ccfcedcce55bcc9a8c (last modified on Thu Mar 19 15:00:36 2026).
/home/zhujjing/anaconda3/envs/moe/lib/python3.10/site-packages/transformers/utils/hub.py:124: FutureWarning: Using `TRANSFORMERS_CACHE` is deprecated and will be removed in v5 of Transformers. Use `HF_HOME` instead.
  warnings.warn(
/home/zhujjing/anaconda3/envs/moe/lib/python3.10/site-packages/transformers/convert_slow_tokenizer.py:560: UserWarning: The sentencepiece tokenizer that you are converting to a fast tokenizer uses the byte fallback option which is not implemented in the fast tokenizers. In practice this means that the fast version of the tokenizer can produce unknown tokens whereas the sentencepiece version would have converted these unknown tokens into a sequence of byte tokens matching the original piece of text.
  warnings.warn(
[step 0001/150] method=baseline_cagrad loss=0.7322 train_acc=nan train_loss=nan val_acc=nan val_loss=nan best=-1.0000
[step 0010/150] method=baseline_cagrad loss=0.7005 train_acc=nan train_loss=nan val_acc=nan val_loss=nan best=-1.0000
[step 0020/150] method=baseline_cagrad loss=0.6764 train_acc=nan train_loss=nan val_acc=nan val_loss=nan best=-1.0000
[step 0030/150] method=baseline_cagrad loss=0.6207 train_acc=nan train_loss=nan val_acc=nan val_loss=nan best=-1.0000
[step 0040/150] method=baseline_cagrad loss=0.5820 train_acc=nan train_loss=nan val_acc=nan val_loss=nan best=-1.0000
[step 0050/150] method=baseline_cagrad loss=0.5892 train_acc=0.7120 train_loss=0.5767 val_acc=0.6931 val_loss=0.5861 router_H=0.5581 best=0.6931
           router_load=[0.7405732870101929, 0.08959183096885681, 0.060690414160490036, 0.10914462804794312]
[step 0060/150] method=baseline_cagrad loss=0.3998 train_acc=0.7120 train_loss=0.5767 val_acc=0.6931 val_loss=0.5861 router_H=0.5581 best=0.6931
           router_load=[0.7405732870101929, 0.08959183096885681, 0.060690414160490036, 0.10914462804794312]
[step 0070/150] method=baseline_cagrad loss=0.6504 train_acc=0.7120 train_loss=0.5767 val_acc=0.6931 val_loss=0.5861 router_H=0.5581 best=0.6931
           router_load=[0.7405732870101929, 0.08959183096885681, 0.060690414160490036, 0.10914462804794312]
[step 0080/150] method=baseline_cagrad loss=0.4249 train_acc=0.7120 train_loss=0.5767 val_acc=0.6931 val_loss=0.5861 router_H=0.5581 best=0.6931
           router_load=[0.7405732870101929, 0.08959183096885681, 0.060690414160490036, 0.10914462804794312]
[step 0090/150] method=baseline_cagrad loss=0.5236 train_acc=0.7120 train_loss=0.5767 val_acc=0.6931 val_loss=0.5861 router_H=0.5581 best=0.6931
           router_load=[0.7405732870101929, 0.08959183096885681, 0.060690414160490036, 0.10914462804794312]
[step 0100/150] method=baseline_cagrad loss=0.6757 train_acc=0.8177 train_loss=0.4102 val_acc=0.7401 val_loss=0.5283 router_H=0.5180 best=0.7401
           router_load=[0.760809600353241, 0.027268288657069206, 0.00809373240917921, 0.20382827520370483]
[step 0110/150] method=baseline_cagrad loss=0.4190 train_acc=0.8177 train_loss=0.4102 val_acc=0.7401 val_loss=0.5283 router_H=0.5180 best=0.7401
           router_load=[0.760809600353241, 0.027268288657069206, 0.00809373240917921, 0.20382827520370483]
[step 0120/150] method=baseline_cagrad loss=0.4109 train_acc=0.8177 train_loss=0.4102 val_acc=0.7401 val_loss=0.5283 router_H=0.5180 best=0.7401
           router_load=[0.760809600353241, 0.027268288657069206, 0.00809373240917921, 0.20382827520370483]
[step 0130/150] method=baseline_cagrad loss=0.5004 train_acc=0.8177 train_loss=0.4102 val_acc=0.7401 val_loss=0.5283 router_H=0.5180 best=0.7401
           router_load=[0.760809600353241, 0.027268288657069206, 0.00809373240917921, 0.20382827520370483]
[step 0140/150] method=baseline_cagrad loss=0.3604 train_acc=0.8177 train_loss=0.4102 val_acc=0.7401 val_loss=0.5283 router_H=0.5180 best=0.7401
           router_load=[0.760809600353241, 0.027268288657069206, 0.00809373240917921, 0.20382827520370483]
[step 0150/150] method=baseline_cagrad loss=0.2473 train_acc=0.8687 train_loss=0.3244 val_acc=0.7581 val_loss=0.4849 router_H=0.5856 best=0.7581
           router_load=[0.6372498869895935, 0.015225110575556755, 0.021109292283654213, 0.3264157176017761]
saved summary -> /home/zhujjing/MOE-grad-conflict-routing/runs/paper_suite/single_gpu/single_task/deberta_rte_ffn_e4_k2/hpo/cagrad/trial_runs/coord_02_anchor/cagrad_s3.json
saved curve -> /home/zhujjing/MOE-grad-conflict-routing/runs/paper_suite/single_gpu/single_task/deberta_rte_ffn_e4_k2/hpo/cagrad/trial_runs/coord_02_anchor/cagrad_s3_curve.csv
