[run] method=cagrad candidate=coord_03_train_grad_clip_007 seed=3 steps=200 gpu=0
[run] cmd=
/home/zhujjing/anaconda3/envs/moe/bin/python /home/zhujjing/MOE-grad-conflict-routing/scripts/run.py --config configs/multitask_glue3_rte_mrpc_cola_real.yaml --set model.backbone_backend=hf --set model.hf_load_pretrained=true --set model.hf_local_files_only=true --set model.backbone=roberta --set model.hf_pretrained_name=roberta-base --set model.expert_type=lora --set model.routing_mode=topk --set model.num_experts=4 --set model.top_k=2 --set train.eval_train_fraction=0.10 --set train.eval_train_max_batches=-1 --set train.eval_max_batches=-1 --set seed=3 --set method.name=baseline_cagrad --set train.steps=200 --set train.eval_every_steps=100 --set method.baseline_cagrad.c=0.4 --set method.baseline_cagrad.inner_lr=0.1 --set train.grad_clip=0.9778028381 --set train.lr=2e-05 --set train.weight_decay=0.04164557575 --out /home/zhujjing/MOE-grad-conflict-routing/runs/paper_suite/single_gpu/multi_task/glue3_roberta_lora_e4_k2/hpo/cagrad/trial_runs/coord_03_train_grad_clip_007/cagrad_s3.json --curve_out /home/zhujjing/MOE-grad-conflict-routing/runs/paper_suite/single_gpu/multi_task/glue3_roberta_lora_e4_k2/hpo/cagrad/trial_runs/coord_03_train_grad_clip_007/cagrad_s3_curve.csv
Using the latest cached version of the dataset since glue couldn't be found on the Hugging Face Hub (offline mode is enabled).
Found the latest cached dataset configuration 'rte' at /home/zhujjing/hf_cache/datasets/glue/rte/0.0.0/bcdcba79d07bc864c1c254ccfcedcce55bcc9a8c (last modified on Thu Mar 19 15:00:36 2026).
/home/zhujjing/anaconda3/envs/moe/lib/python3.10/site-packages/transformers/utils/hub.py:124: FutureWarning: Using `TRANSFORMERS_CACHE` is deprecated and will be removed in v5 of Transformers. Use `HF_HOME` instead.
  warnings.warn(
Using the latest cached version of the dataset since glue couldn't be found on the Hugging Face Hub (offline mode is enabled).
Found the latest cached dataset configuration 'mrpc' at /home/zhujjing/hf_cache/datasets/glue/mrpc/0.0.0/bcdcba79d07bc864c1c254ccfcedcce55bcc9a8c (last modified on Thu Mar 19 15:01:06 2026).
Using the latest cached version of the dataset since glue couldn't be found on the Hugging Face Hub (offline mode is enabled).
Found the latest cached dataset configuration 'cola' at /home/zhujjing/hf_cache/datasets/glue/cola/0.0.0/bcdcba79d07bc864c1c254ccfcedcce55bcc9a8c (last modified on Thu Mar 19 15:02:09 2026).
Some weights of RobertaModel were not initialized from the model checkpoint at roberta-base and are newly initialized: ['roberta.pooler.dense.bias', 'roberta.pooler.dense.weight']
You should probably TRAIN this model on a down-stream task to be able to use it for predictions and inference.
[step 0001/200] method=baseline_cagrad loss=0.6762 train_acc=nan train_loss=nan val_acc=nan val_loss=nan best=-1.0000
[step 0010/200] method=baseline_cagrad loss=0.5012 train_acc=nan train_loss=nan val_acc=nan val_loss=nan best=-1.0000
[step 0020/200] method=baseline_cagrad loss=0.4655 train_acc=nan train_loss=nan val_acc=nan val_loss=nan best=-1.0000
[step 0030/200] method=baseline_cagrad loss=0.6313 train_acc=nan train_loss=nan val_acc=nan val_loss=nan best=-1.0000
[step 0040/200] method=baseline_cagrad loss=0.6880 train_acc=nan train_loss=nan val_acc=nan val_loss=nan best=-1.0000
[step 0050/200] method=baseline_cagrad loss=0.5689 train_acc=nan train_loss=nan val_acc=nan val_loss=nan best=-1.0000
[step 0060/200] method=baseline_cagrad loss=0.5843 train_acc=nan train_loss=nan val_acc=nan val_loss=nan best=-1.0000
[step 0070/200] method=baseline_cagrad loss=0.5633 train_acc=nan train_loss=nan val_acc=nan val_loss=nan best=-1.0000
[step 0080/200] method=baseline_cagrad loss=0.8061 train_acc=nan train_loss=nan val_acc=nan val_loss=nan best=-1.0000
[step 0090/200] method=baseline_cagrad loss=0.4705 train_acc=nan train_loss=nan val_acc=nan val_loss=nan best=-1.0000
[step 0100/200] method=baseline_cagrad loss=0.6851 train_acc=0.6545 train_loss=0.5965 val_acc=0.6532 val_loss=0.6105 router_H=0.6889 best=0.6532
           router_load=[0.5111512541770935, 0.0, 0.04334882274270058, 0.4454997777938843]
[step 0110/200] method=baseline_cagrad loss=0.4703 train_acc=0.6545 train_loss=0.5965 val_acc=0.6532 val_loss=0.6105 router_H=0.6889 best=0.6532
           router_load=[0.5111512541770935, 0.0, 0.04334882274270058, 0.4454997777938843]
[step 0120/200] method=baseline_cagrad loss=0.5536 train_acc=0.6545 train_loss=0.5965 val_acc=0.6532 val_loss=0.6105 router_H=0.6889 best=0.6532
           router_load=[0.5111512541770935, 0.0, 0.04334882274270058, 0.4454997777938843]
[step 0130/200] method=baseline_cagrad loss=0.4777 train_acc=0.6545 train_loss=0.5965 val_acc=0.6532 val_loss=0.6105 router_H=0.6889 best=0.6532
           router_load=[0.5111512541770935, 0.0, 0.04334882274270058, 0.4454997777938843]
[step 0140/200] method=baseline_cagrad loss=0.5496 train_acc=0.6545 train_loss=0.5965 val_acc=0.6532 val_loss=0.6105 router_H=0.6889 best=0.6532
           router_load=[0.5111512541770935, 0.0, 0.04334882274270058, 0.4454997777938843]
[step 0150/200] method=baseline_cagrad loss=0.5164 train_acc=0.6545 train_loss=0.5965 val_acc=0.6532 val_loss=0.6105 router_H=0.6889 best=0.6532
           router_load=[0.5111512541770935, 0.0, 0.04334882274270058, 0.4454997777938843]
[step 0160/200] method=baseline_cagrad loss=0.5325 train_acc=0.6545 train_loss=0.5965 val_acc=0.6532 val_loss=0.6105 router_H=0.6889 best=0.6532
           router_load=[0.5111512541770935, 0.0, 0.04334882274270058, 0.4454997777938843]
[step 0170/200] method=baseline_cagrad loss=0.8946 train_acc=0.6545 train_loss=0.5965 val_acc=0.6532 val_loss=0.6105 router_H=0.6889 best=0.6532
           router_load=[0.5111512541770935, 0.0, 0.04334882274270058, 0.4454997777938843]
[step 0180/200] method=baseline_cagrad loss=0.7463 train_acc=0.6545 train_loss=0.5965 val_acc=0.6532 val_loss=0.6105 router_H=0.6889 best=0.6532
           router_load=[0.5111512541770935, 0.0, 0.04334882274270058, 0.4454997777938843]
[step 0190/200] method=baseline_cagrad loss=0.5933 train_acc=0.6545 train_loss=0.5965 val_acc=0.6532 val_loss=0.6105 router_H=0.6889 best=0.6532
           router_load=[0.5111512541770935, 0.0, 0.04334882274270058, 0.4454997777938843]
[step 0200/200] method=baseline_cagrad loss=0.6353 train_acc=0.6901 train_loss=0.5678 val_acc=0.6668 val_loss=0.6014 router_H=0.6854 best=0.6668
           router_load=[0.4980809986591339, 0.0, 0.0342651903629303, 0.46765372157096863]
saved summary -> /home/zhujjing/MOE-grad-conflict-routing/runs/paper_suite/single_gpu/multi_task/glue3_roberta_lora_e4_k2/hpo/cagrad/trial_runs/coord_03_train_grad_clip_007/cagrad_s3.json
saved curve -> /home/zhujjing/MOE-grad-conflict-routing/runs/paper_suite/single_gpu/multi_task/glue3_roberta_lora_e4_k2/hpo/cagrad/trial_runs/coord_03_train_grad_clip_007/cagrad_s3_curve.csv
