[run] method=cagrad candidate=local_var_topk_001 seed=2 steps=150 gpu=0
[run] cmd=
/home/zhujjing/anaconda3/envs/moe/bin/python /home/zhujjing/MOE-grad-conflict-routing/scripts/run.py --config configs/singletask_sst2_real.yaml --set model.backbone_backend=hf --set model.hf_load_pretrained=true --set model.backbone=roberta --set model.hf_pretrained_name=roberta-base --set model.expert_type=ffn --set model.routing_mode=topk --set model.num_experts=4 --set model.top_k=2 --set seed=2 --set method.name=baseline_cagrad --set train.steps=150 --set train.eval_every_steps=50 --set method.baseline_cagrad.c=0.6535281282 --set method.baseline_cagrad.inner_lr=0.09122301878 --set train.grad_clip=1.594082469 --set train.lr=1.205176e-05 --set train.weight_decay=0.01 --out /home/zhujjing/MOE-grad-conflict-routing/runs/paper_suite/single_gpu/single_task/roberta_sst2_ffn_e4_k2/hpo/cagrad/trial_runs/local_var_topk_001/cagrad_s2.json --curve_out /home/zhujjing/MOE-grad-conflict-routing/runs/paper_suite/single_gpu/single_task/roberta_sst2_ffn_e4_k2/hpo/cagrad/trial_runs/local_var_topk_001/cagrad_s2_curve.csv
Using the latest cached version of the dataset since glue couldn't be found on the Hugging Face Hub (offline mode is enabled).
Found the latest cached dataset configuration 'sst2' at /home/zhujjing/hf_cache/datasets/glue/sst2/0.0.0/bcdcba79d07bc864c1c254ccfcedcce55bcc9a8c (last modified on Thu Mar 19 15:01:41 2026).
/home/zhujjing/anaconda3/envs/moe/lib/python3.10/site-packages/transformers/utils/hub.py:124: FutureWarning: Using `TRANSFORMERS_CACHE` is deprecated and will be removed in v5 of Transformers. Use `HF_HOME` instead.
  warnings.warn(
Some weights of RobertaModel were not initialized from the model checkpoint at roberta-base and are newly initialized: ['roberta.pooler.dense.bias', 'roberta.pooler.dense.weight']
You should probably TRAIN this model on a down-stream task to be able to use it for predictions and inference.
[step 0001/150] method=baseline_cagrad loss=0.6743 train_acc=nan train_loss=nan val_acc=nan val_loss=nan best=-1.0000
[step 0010/150] method=baseline_cagrad loss=0.7021 train_acc=nan train_loss=nan val_acc=nan val_loss=nan best=-1.0000
[step 0020/150] method=baseline_cagrad loss=0.6648 train_acc=nan train_loss=nan val_acc=nan val_loss=nan best=-1.0000
[step 0030/150] method=baseline_cagrad loss=0.5562 train_acc=nan train_loss=nan val_acc=nan val_loss=nan best=-1.0000
[step 0040/150] method=baseline_cagrad loss=0.3628 train_acc=nan train_loss=nan val_acc=nan val_loss=nan best=-1.0000
[step 0050/150] method=baseline_cagrad loss=0.2295 train_acc=0.8643 train_loss=0.3898 val_acc=0.8452 val_loss=0.4478 router_H=0.4370 best=0.8452
           router_load=[0.032684411853551865, 0.6002106070518494, 0.07800187170505524, 0.289103239774704]
[step 0060/150] method=baseline_cagrad loss=0.4146 train_acc=0.8643 train_loss=0.3898 val_acc=0.8452 val_loss=0.4478 router_H=0.4370 best=0.8452
           router_load=[0.032684411853551865, 0.6002106070518494, 0.07800187170505524, 0.289103239774704]
[step 0070/150] method=baseline_cagrad loss=0.4395 train_acc=0.8643 train_loss=0.3898 val_acc=0.8452 val_loss=0.4478 router_H=0.4370 best=0.8452
           router_load=[0.032684411853551865, 0.6002106070518494, 0.07800187170505524, 0.289103239774704]
[step 0080/150] method=baseline_cagrad loss=0.4065 train_acc=0.8643 train_loss=0.3898 val_acc=0.8452 val_loss=0.4478 router_H=0.4370 best=0.8452
           router_load=[0.032684411853551865, 0.6002106070518494, 0.07800187170505524, 0.289103239774704]
[step 0090/150] method=baseline_cagrad loss=0.2214 train_acc=0.8643 train_loss=0.3898 val_acc=0.8452 val_loss=0.4478 router_H=0.4370 best=0.8452
           router_load=[0.032684411853551865, 0.6002106070518494, 0.07800187170505524, 0.289103239774704]
[step 0100/150] method=baseline_cagrad loss=0.6396 train_acc=0.8376 train_loss=0.4271 val_acc=0.7947 val_loss=0.5222 router_H=0.3409 best=0.8452
           router_load=[0.00019013571727555245, 0.7164394855499268, 0.06950515508651733, 0.21386517584323883]
[step 0110/150] method=baseline_cagrad loss=0.4315 train_acc=0.8376 train_loss=0.4271 val_acc=0.7947 val_loss=0.5222 router_H=0.3409 best=0.8452
           router_load=[0.00019013571727555245, 0.7164394855499268, 0.06950515508651733, 0.21386517584323883]
[step 0120/150] method=baseline_cagrad loss=0.5862 train_acc=0.8376 train_loss=0.4271 val_acc=0.7947 val_loss=0.5222 router_H=0.3409 best=0.8452
           router_load=[0.00019013571727555245, 0.7164394855499268, 0.06950515508651733, 0.21386517584323883]
[step 0130/150] method=baseline_cagrad loss=0.3517 train_acc=0.8376 train_loss=0.4271 val_acc=0.7947 val_loss=0.5222 router_H=0.3409 best=0.8452
           router_load=[0.00019013571727555245, 0.7164394855499268, 0.06950515508651733, 0.21386517584323883]
[step 0140/150] method=baseline_cagrad loss=0.3949 train_acc=0.8376 train_loss=0.4271 val_acc=0.7947 val_loss=0.5222 router_H=0.3409 best=0.8452
           router_load=[0.00019013571727555245, 0.7164394855499268, 0.06950515508651733, 0.21386517584323883]
[step 0150/150] method=baseline_cagrad loss=0.3842 train_acc=0.8905 train_loss=0.2927 val_acc=0.8979 val_loss=0.2829 router_H=0.4013 best=0.8979
           router_load=[0.00044022410293109715, 0.4987424910068512, 0.09311313927173615, 0.40770426392555237]
saved summary -> /home/zhujjing/MOE-grad-conflict-routing/runs/paper_suite/single_gpu/single_task/roberta_sst2_ffn_e4_k2/hpo/cagrad/trial_runs/local_var_topk_001/cagrad_s2.json
saved curve -> /home/zhujjing/MOE-grad-conflict-routing/runs/paper_suite/single_gpu/single_task/roberta_sst2_ffn_e4_k2/hpo/cagrad/trial_runs/local_var_topk_001/cagrad_s2_curve.csv
