[run] method=cagrad candidate=local_var_topk_011 seed=2 steps=150 gpu=0
[run] cmd=
/home/zhujjing/anaconda3/envs/moe/bin/python /home/zhujjing/MOE-grad-conflict-routing/scripts/run.py --config configs/singletask_sst2_real.yaml --set model.backbone_backend=hf --set model.hf_load_pretrained=true --set model.backbone=roberta --set model.hf_pretrained_name=roberta-base --set model.expert_type=ffn --set model.routing_mode=topk --set model.num_experts=4 --set model.top_k=2 --set seed=2 --set method.name=baseline_cagrad --set train.steps=150 --set train.eval_every_steps=50 --set method.baseline_cagrad.c=0.6535281282 --set method.baseline_cagrad.inner_lr=0.09122301878 --set train.grad_clip=1.594082469 --set train.lr=2.4103519e-05 --set train.weight_decay=0.02 --out /home/zhujjing/MOE-grad-conflict-routing/runs/paper_suite/single_gpu/single_task/roberta_sst2_ffn_e4_k2/hpo/cagrad/trial_runs/local_var_topk_011/cagrad_s2.json --curve_out /home/zhujjing/MOE-grad-conflict-routing/runs/paper_suite/single_gpu/single_task/roberta_sst2_ffn_e4_k2/hpo/cagrad/trial_runs/local_var_topk_011/cagrad_s2_curve.csv
Using the latest cached version of the dataset since glue couldn't be found on the Hugging Face Hub (offline mode is enabled).
Found the latest cached dataset configuration 'sst2' at /home/zhujjing/hf_cache/datasets/glue/sst2/0.0.0/bcdcba79d07bc864c1c254ccfcedcce55bcc9a8c (last modified on Thu Mar 19 15:01:41 2026).
/home/zhujjing/anaconda3/envs/moe/lib/python3.10/site-packages/transformers/utils/hub.py:124: FutureWarning: Using `TRANSFORMERS_CACHE` is deprecated and will be removed in v5 of Transformers. Use `HF_HOME` instead.
  warnings.warn(
Some weights of RobertaModel were not initialized from the model checkpoint at roberta-base and are newly initialized: ['roberta.pooler.dense.bias', 'roberta.pooler.dense.weight']
You should probably TRAIN this model on a down-stream task to be able to use it for predictions and inference.
[step 0001/150] method=baseline_cagrad loss=0.7207 train_acc=nan train_loss=nan val_acc=nan val_loss=nan best=-1.0000
[step 0010/150] method=baseline_cagrad loss=0.7384 train_acc=nan train_loss=nan val_acc=nan val_loss=nan best=-1.0000
[step 0020/150] method=baseline_cagrad loss=0.4908 train_acc=nan train_loss=nan val_acc=nan val_loss=nan best=-1.0000
[step 0030/150] method=baseline_cagrad loss=0.6889 train_acc=nan train_loss=nan val_acc=nan val_loss=nan best=-1.0000
[step 0040/150] method=baseline_cagrad loss=0.2715 train_acc=nan train_loss=nan val_acc=nan val_loss=nan best=-1.0000
[step 0050/150] method=baseline_cagrad loss=1.0974 train_acc=0.5540 train_loss=0.6793 val_acc=0.6227 val_loss=0.6368 router_H=0.6025 best=0.6227
           router_load=[0.10295113176107407, 0.03232822194695473, 0.6147134304046631, 0.250007301568985]
[step 0060/150] method=baseline_cagrad loss=0.7397 train_acc=0.5540 train_loss=0.6793 val_acc=0.6227 val_loss=0.6368 router_H=0.6025 best=0.6227
           router_load=[0.10295113176107407, 0.03232822194695473, 0.6147134304046631, 0.250007301568985]
[step 0070/150] method=baseline_cagrad loss=0.6755 train_acc=0.5540 train_loss=0.6793 val_acc=0.6227 val_loss=0.6368 router_H=0.6025 best=0.6227
           router_load=[0.10295113176107407, 0.03232822194695473, 0.6147134304046631, 0.250007301568985]
[step 0080/150] method=baseline_cagrad loss=0.6748 train_acc=0.5540 train_loss=0.6793 val_acc=0.6227 val_loss=0.6368 router_H=0.6025 best=0.6227
           router_load=[0.10295113176107407, 0.03232822194695473, 0.6147134304046631, 0.250007301568985]
[step 0090/150] method=baseline_cagrad loss=0.6976 train_acc=0.5540 train_loss=0.6793 val_acc=0.6227 val_loss=0.6368 router_H=0.6025 best=0.6227
           router_load=[0.10295113176107407, 0.03232822194695473, 0.6147134304046631, 0.250007301568985]
[step 0100/150] method=baseline_cagrad loss=0.7057 train_acc=0.5578 train_loss=0.6861 val_acc=0.5092 val_loss=0.6993 router_H=0.6923 best=0.6227
           router_load=[0.4794517159461975, 0.5205482840538025, 0.0, 0.0]
[step 0110/150] method=baseline_cagrad loss=0.7010 train_acc=0.5578 train_loss=0.6861 val_acc=0.5092 val_loss=0.6993 router_H=0.6923 best=0.6227
           router_load=[0.4794517159461975, 0.5205482840538025, 0.0, 0.0]
[step 0120/150] method=baseline_cagrad loss=0.7493 train_acc=0.5578 train_loss=0.6861 val_acc=0.5092 val_loss=0.6993 router_H=0.6923 best=0.6227
           router_load=[0.4794517159461975, 0.5205482840538025, 0.0, 0.0]
[step 0130/150] method=baseline_cagrad loss=0.7263 train_acc=0.5578 train_loss=0.6861 val_acc=0.5092 val_loss=0.6993 router_H=0.6923 best=0.6227
           router_load=[0.4794517159461975, 0.5205482840538025, 0.0, 0.0]
[step 0140/150] method=baseline_cagrad loss=0.5082 train_acc=0.5578 train_loss=0.6861 val_acc=0.5092 val_loss=0.6993 router_H=0.6923 best=0.6227
           router_load=[0.4794517159461975, 0.5205482840538025, 0.0, 0.0]
[step 0150/150] method=baseline_cagrad loss=0.4876 train_acc=0.8317 train_loss=0.4849 val_acc=0.8314 val_loss=0.5135 router_H=0.6745 best=0.8314
           router_load=[0.5406476855278015, 0.4593523442745209, 0.0, 0.0]
saved summary -> /home/zhujjing/MOE-grad-conflict-routing/runs/paper_suite/single_gpu/single_task/roberta_sst2_ffn_e4_k2/hpo/cagrad/trial_runs/local_var_topk_011/cagrad_s2.json
saved curve -> /home/zhujjing/MOE-grad-conflict-routing/runs/paper_suite/single_gpu/single_task/roberta_sst2_ffn_e4_k2/hpo/cagrad/trial_runs/local_var_topk_011/cagrad_s2_curve.csv
