[run] method=baseline candidate=local_var_topk_021 seed=3 steps=200 gpu=0
[run] cmd=
/root/miniconda3/envs/optimization/bin/python /root/Optimization/MOE-grad-conflict-routing-appendix2/scripts/run.py --config configs/singletask_cola_real.yaml --set model.backbone_backend=hf --set model.hf_load_pretrained=true --set model.hf_local_files_only=1 --set model.backbone=roberta --set model.hf_pretrained_name=roberta-base --set model.expert_type=ffn --set model.routing_mode=topk --set model.num_experts=4 --set model.top_k=2 --set train.eval_val_fraction=0.2 --set train.skip_train_eval=true --set seed=3 --set method.name=baseline_avg --set train.steps=200 --set train.eval_every_steps=100 --set train.grad_clip=0.6537451003 --set train.lr=2.5265375e-05 --set train.weight_decay=0.0353185872 --out /root/Optimization/MOE-grad-conflict-routing-appendix2/runs/paper_suite_server3/experiment4/single_task/roberta_cola_ffn_e4_k2/_method_workers/baseline/hpo/baseline/trial_runs/local_var_topk_021/baseline_s3.json --curve_out /root/Optimization/MOE-grad-conflict-routing-appendix2/runs/paper_suite_server3/experiment4/single_task/roberta_cola_ffn_e4_k2/_method_workers/baseline/hpo/baseline/trial_runs/local_var_topk_021/baseline_s3_curve.csv
Using the latest cached version of the dataset since glue couldn't be found on the Hugging Face Hub (offline mode is enabled).
Found the latest cached dataset configuration 'cola' at /root/.cache/huggingface/datasets/glue/cola/0.0.0/bcdcba79d07bc864c1c254ccfcedcce55bcc9a8c (last modified on Thu Mar 26 23:46:11 2026).
Loading weights:   0%|          | 0/197 [00:00<?, ?it/s]Loading weights: 100%|██████████| 197/197 [00:00<00:00, 2307.76it/s]
[1mRobertaModel LOAD REPORT[0m from: roberta-base
Key                             | Status     | 
--------------------------------+------------+-
lm_head.dense.bias              | UNEXPECTED | 
lm_head.dense.weight            | UNEXPECTED | 
lm_head.layer_norm.bias         | UNEXPECTED | 
lm_head.bias                    | UNEXPECTED | 
lm_head.layer_norm.weight       | UNEXPECTED | 
roberta.embeddings.position_ids | UNEXPECTED | 
pooler.dense.weight             | MISSING    | 
pooler.dense.bias               | MISSING    | 

[3mNotes:
- UNEXPECTED[3m	:can be ignored when loading from different task/architecture; not ok if you expect identical arch.
- MISSING[3m	:those params were newly initialized because missing from the checkpoint. Consider training on your downstream task.[0m
[step 0001/200] method=baseline_avg loss=0.6753 train_acc=nan train_loss=nan val_acc=nan val_loss=nan best=-1.0000
[step 0010/200] method=baseline_avg loss=0.4567 train_acc=nan train_loss=nan val_acc=nan val_loss=nan best=-1.0000
[step 0020/200] method=baseline_avg loss=0.6979 train_acc=nan train_loss=nan val_acc=nan val_loss=nan best=-1.0000
[step 0030/200] method=baseline_avg loss=0.6313 train_acc=nan train_loss=nan val_acc=nan val_loss=nan best=-1.0000
[step 0040/200] method=baseline_avg loss=0.7171 train_acc=nan train_loss=nan val_acc=nan val_loss=nan best=-1.0000
[step 0050/200] method=baseline_avg loss=0.6326 train_acc=nan train_loss=nan val_acc=nan val_loss=nan best=-1.0000
[step 0060/200] method=baseline_avg loss=0.5697 train_acc=nan train_loss=nan val_acc=nan val_loss=nan best=-1.0000
[step 0070/200] method=baseline_avg loss=0.7264 train_acc=nan train_loss=nan val_acc=nan val_loss=nan best=-1.0000
[step 0080/200] method=baseline_avg loss=0.4632 train_acc=nan train_loss=nan val_acc=nan val_loss=nan best=-1.0000
[step 0090/200] method=baseline_avg loss=0.6895 train_acc=nan train_loss=nan val_acc=nan val_loss=nan best=-1.0000
[step 0100/200] method=baseline_avg loss=0.4413 train_acc=nan train_loss=nan val_acc=0.6518 val_loss=0.5466 router_H=0.5709 best=0.6518
           router_load=[0.0016252797795459628, 0.2739250361919403, 0.7168062329292297, 0.007643432356417179]
[step 0110/200] method=baseline_avg loss=0.4880 train_acc=nan train_loss=nan val_acc=0.6518 val_loss=0.5466 router_H=0.5709 best=0.6518
           router_load=[0.0016252797795459628, 0.2739250361919403, 0.7168062329292297, 0.007643432356417179]
[step 0120/200] method=baseline_avg loss=0.4856 train_acc=nan train_loss=nan val_acc=0.6518 val_loss=0.5466 router_H=0.5709 best=0.6518
           router_load=[0.0016252797795459628, 0.2739250361919403, 0.7168062329292297, 0.007643432356417179]
[step 0130/200] method=baseline_avg loss=0.5730 train_acc=nan train_loss=nan val_acc=0.6518 val_loss=0.5466 router_H=0.5709 best=0.6518
           router_load=[0.0016252797795459628, 0.2739250361919403, 0.7168062329292297, 0.007643432356417179]
[step 0140/200] method=baseline_avg loss=0.6039 train_acc=nan train_loss=nan val_acc=0.6518 val_loss=0.5466 router_H=0.5709 best=0.6518
           router_load=[0.0016252797795459628, 0.2739250361919403, 0.7168062329292297, 0.007643432356417179]
[step 0150/200] method=baseline_avg loss=0.3645 train_acc=nan train_loss=nan val_acc=0.6518 val_loss=0.5466 router_H=0.5709 best=0.6518
           router_load=[0.0016252797795459628, 0.2739250361919403, 0.7168062329292297, 0.007643432356417179]
[step 0160/200] method=baseline_avg loss=0.4310 train_acc=nan train_loss=nan val_acc=0.6518 val_loss=0.5466 router_H=0.5709 best=0.6518
           router_load=[0.0016252797795459628, 0.2739250361919403, 0.7168062329292297, 0.007643432356417179]
[step 0170/200] method=baseline_avg loss=0.3855 train_acc=nan train_loss=nan val_acc=0.6518 val_loss=0.5466 router_H=0.5709 best=0.6518
           router_load=[0.0016252797795459628, 0.2739250361919403, 0.7168062329292297, 0.007643432356417179]
[step 0180/200] method=baseline_avg loss=0.5514 train_acc=nan train_loss=nan val_acc=0.6518 val_loss=0.5466 router_H=0.5709 best=0.6518
           router_load=[0.0016252797795459628, 0.2739250361919403, 0.7168062329292297, 0.007643432356417179]
[step 0190/200] method=baseline_avg loss=0.5965 train_acc=nan train_loss=nan val_acc=0.6518 val_loss=0.5466 router_H=0.5709 best=0.6518
           router_load=[0.0016252797795459628, 0.2739250361919403, 0.7168062329292297, 0.007643432356417179]
[step 0200/200] method=baseline_avg loss=0.5866 train_acc=nan train_loss=nan val_acc=0.7857 val_loss=0.4905 router_H=0.5236 best=0.7857
           router_load=[0.0005336204776540399, 0.2574769854545593, 0.7419894337654114, 0.0]
saved summary -> /root/Optimization/MOE-grad-conflict-routing-appendix2/runs/paper_suite_server3/experiment4/single_task/roberta_cola_ffn_e4_k2/_method_workers/baseline/hpo/baseline/trial_runs/local_var_topk_021/baseline_s3.json
saved curve -> /root/Optimization/MOE-grad-conflict-routing-appendix2/runs/paper_suite_server3/experiment4/single_task/roberta_cola_ffn_e4_k2/_method_workers/baseline/hpo/baseline/trial_runs/local_var_topk_021/baseline_s3_curve.csv
