[run] method=baseline candidate=coord_03_train_grad_clip_003 seed=2 steps=150 gpu=0
[run] cmd=
/home/zhujjing/anaconda3/envs/moe/bin/python /home/zhujjing/MOE-grad-conflict-routing/scripts/run.py --config configs/singletask_mrpc_real.yaml --set model.backbone_backend=hf --set model.hf_load_pretrained=true --set model.backbone=deberta --set model.hf_pretrained_name=microsoft/deberta-v3-base --set model.expert_type=ffn --set model.routing_mode=topk --set model.num_experts=4 --set model.top_k=2 --set seed=2 --set method.name=baseline_avg --set train.steps=150 --set train.eval_every_steps=50 --set train.grad_clip=0.8690175238 --set train.lr=0.0001112973657 --set train.weight_decay=0.01108226147 --out /home/zhujjing/MOE-grad-conflict-routing/runs/paper_suite/single_gpu/single_task/deberta_mrpc_ffn_e4_k2/hpo/baseline/trial_runs/coord_03_train_grad_clip_003/baseline_s2.json --curve_out /home/zhujjing/MOE-grad-conflict-routing/runs/paper_suite/single_gpu/single_task/deberta_mrpc_ffn_e4_k2/hpo/baseline/trial_runs/coord_03_train_grad_clip_003/baseline_s2_curve.csv
Using the latest cached version of the dataset since glue couldn't be found on the Hugging Face Hub (offline mode is enabled).
Found the latest cached dataset configuration 'mrpc' at /home/zhujjing/hf_cache/datasets/glue/mrpc/0.0.0/bcdcba79d07bc864c1c254ccfcedcce55bcc9a8c (last modified on Thu Mar 19 15:01:06 2026).
/home/zhujjing/anaconda3/envs/moe/lib/python3.10/site-packages/transformers/utils/hub.py:124: FutureWarning: Using `TRANSFORMERS_CACHE` is deprecated and will be removed in v5 of Transformers. Use `HF_HOME` instead.
  warnings.warn(
/home/zhujjing/anaconda3/envs/moe/lib/python3.10/site-packages/transformers/convert_slow_tokenizer.py:560: UserWarning: The sentencepiece tokenizer that you are converting to a fast tokenizer uses the byte fallback option which is not implemented in the fast tokenizers. In practice this means that the fast version of the tokenizer can produce unknown tokens whereas the sentencepiece version would have converted these unknown tokens into a sequence of byte tokens matching the original piece of text.
  warnings.warn(
[step 0001/150] method=baseline_avg loss=0.6828 train_acc=nan train_loss=nan val_acc=nan val_loss=nan best=-1.0000
[step 0010/150] method=baseline_avg loss=0.6698 train_acc=nan train_loss=nan val_acc=nan val_loss=nan best=-1.0000
[step 0020/150] method=baseline_avg loss=0.5396 train_acc=nan train_loss=nan val_acc=nan val_loss=nan best=-1.0000
[step 0030/150] method=baseline_avg loss=0.5441 train_acc=nan train_loss=nan val_acc=nan val_loss=nan best=-1.0000
[step 0040/150] method=baseline_avg loss=0.4671 train_acc=nan train_loss=nan val_acc=nan val_loss=nan best=-1.0000
[step 0050/150] method=baseline_avg loss=0.4211 train_acc=0.7909 train_loss=0.4504 val_acc=0.7794 val_loss=0.4512 router_H=0.6406 best=0.7794
           router_load=[0.0022741821594536304, 0.6024852991104126, 0.394904226064682, 0.0003363839350640774]
[step 0060/150] method=baseline_avg loss=0.5185 train_acc=0.7909 train_loss=0.4504 val_acc=0.7794 val_loss=0.4512 router_H=0.6406 best=0.7794
           router_load=[0.0022741821594536304, 0.6024852991104126, 0.394904226064682, 0.0003363839350640774]
[step 0070/150] method=baseline_avg loss=0.3630 train_acc=0.7909 train_loss=0.4504 val_acc=0.7794 val_loss=0.4512 router_H=0.6406 best=0.7794
           router_load=[0.0022741821594536304, 0.6024852991104126, 0.394904226064682, 0.0003363839350640774]
[step 0080/150] method=baseline_avg loss=0.2455 train_acc=0.7909 train_loss=0.4504 val_acc=0.7794 val_loss=0.4512 router_H=0.6406 best=0.7794
           router_load=[0.0022741821594536304, 0.6024852991104126, 0.394904226064682, 0.0003363839350640774]
[step 0090/150] method=baseline_avg loss=0.5268 train_acc=0.7909 train_loss=0.4504 val_acc=0.7794 val_loss=0.4512 router_H=0.6406 best=0.7794
           router_load=[0.0022741821594536304, 0.6024852991104126, 0.394904226064682, 0.0003363839350640774]
[step 0100/150] method=baseline_avg loss=0.2883 train_acc=0.8645 train_loss=0.3108 val_acc=0.8235 val_loss=0.3617 router_H=0.5196 best=0.8235
           router_load=[0.0, 0.2806479334831238, 0.7193519473075867, 0.0]
[step 0110/150] method=baseline_avg loss=0.5341 train_acc=0.8645 train_loss=0.3108 val_acc=0.8235 val_loss=0.3617 router_H=0.5196 best=0.8235
           router_load=[0.0, 0.2806479334831238, 0.7193519473075867, 0.0]
[step 0120/150] method=baseline_avg loss=0.2474 train_acc=0.8645 train_loss=0.3108 val_acc=0.8235 val_loss=0.3617 router_H=0.5196 best=0.8235
           router_load=[0.0, 0.2806479334831238, 0.7193519473075867, 0.0]
[step 0130/150] method=baseline_avg loss=0.3776 train_acc=0.8645 train_loss=0.3108 val_acc=0.8235 val_loss=0.3617 router_H=0.5196 best=0.8235
           router_load=[0.0, 0.2806479334831238, 0.7193519473075867, 0.0]
[step 0140/150] method=baseline_avg loss=0.3835 train_acc=0.8645 train_loss=0.3108 val_acc=0.8235 val_loss=0.3617 router_H=0.5196 best=0.8235
           router_load=[0.0, 0.2806479334831238, 0.7193519473075867, 0.0]
[step 0150/150] method=baseline_avg loss=0.6281 train_acc=0.8730 train_loss=0.3209 val_acc=0.8456 val_loss=0.3937 router_H=0.5789 best=0.8456
           router_load=[0.002415779046714306, 0.4147244691848755, 0.5828597545623779, 0.0]
saved summary -> /home/zhujjing/MOE-grad-conflict-routing/runs/paper_suite/single_gpu/single_task/deberta_mrpc_ffn_e4_k2/hpo/baseline/trial_runs/coord_03_train_grad_clip_003/baseline_s2.json
saved curve -> /home/zhujjing/MOE-grad-conflict-routing/runs/paper_suite/single_gpu/single_task/deberta_mrpc_ffn_e4_k2/hpo/baseline/trial_runs/coord_03_train_grad_clip_003/baseline_s2_curve.csv
