[run] method=ours candidate=coord_02_train_weight_decay_000 seed=3 steps=150 gpu=0
[run] cmd=
/home/zhujjing/anaconda3/envs/moe/bin/python /home/zhujjing/MOE-grad-conflict-routing/scripts/run.py --config configs/singletask_sst2_real.yaml --set model.backbone_backend=hf --set model.hf_load_pretrained=true --set model.backbone=roberta --set model.hf_pretrained_name=roberta-base --set model.expert_type=ffn --set model.routing_mode=topk --set model.num_experts=4 --set model.top_k=2 --set seed=3 --set method.name=ours --set train.steps=150 --set train.eval_every_steps=50 --set method.ours.use_load_norm=true --set method.ours.lambda_align=0.001 --set train.grad_clip=1 --set train.lr=2.166929843e-05 --set train.weight_decay=0.03963349774 --out /home/zhujjing/MOE-grad-conflict-routing/runs/paper_suite/single_gpu/single_task/roberta_sst2_ffn_e4_k2/hpo/ours/trial_runs/coord_02_train_weight_decay_000/ours_s3.json --curve_out /home/zhujjing/MOE-grad-conflict-routing/runs/paper_suite/single_gpu/single_task/roberta_sst2_ffn_e4_k2/hpo/ours/trial_runs/coord_02_train_weight_decay_000/ours_s3_curve.csv
Using the latest cached version of the dataset since glue couldn't be found on the Hugging Face Hub (offline mode is enabled).
Found the latest cached dataset configuration 'sst2' at /home/zhujjing/hf_cache/datasets/glue/sst2/0.0.0/bcdcba79d07bc864c1c254ccfcedcce55bcc9a8c (last modified on Thu Mar 19 15:01:41 2026).
/home/zhujjing/anaconda3/envs/moe/lib/python3.10/site-packages/transformers/utils/hub.py:124: FutureWarning: Using `TRANSFORMERS_CACHE` is deprecated and will be removed in v5 of Transformers. Use `HF_HOME` instead.
  warnings.warn(
Some weights of RobertaModel were not initialized from the model checkpoint at roberta-base and are newly initialized: ['roberta.pooler.dense.bias', 'roberta.pooler.dense.weight']
You should probably TRAIN this model on a down-stream task to be able to use it for predictions and inference.
[step 0001/150] method=ours loss=0.7295 train_acc=nan train_loss=nan val_acc=nan val_loss=nan best=-1.0000
[step 0010/150] method=ours loss=0.6882 train_acc=nan train_loss=nan val_acc=nan val_loss=nan best=-1.0000
[step 0020/150] method=ours loss=0.6064 train_acc=nan train_loss=nan val_acc=nan val_loss=nan best=-1.0000
[step 0030/150] method=ours loss=0.5226 train_acc=nan train_loss=nan val_acc=nan val_loss=nan best=-1.0000
[step 0040/150] method=ours loss=0.5456 train_acc=nan train_loss=nan val_acc=nan val_loss=nan best=-1.0000
[step 0050/150] method=ours loss=0.4841 train_acc=0.8490 train_loss=0.4105 val_acc=0.8509 val_loss=0.4061 router_H=0.3723 best=0.8509
           router_load=[0.3201546370983124, 0.5679318904876709, 0.014338444918394089, 0.09757488965988159]
[step 0060/150] method=ours loss=0.3535 train_acc=0.8490 train_loss=0.4105 val_acc=0.8509 val_loss=0.4061 router_H=0.3723 best=0.8509
           router_load=[0.3201546370983124, 0.5679318904876709, 0.014338444918394089, 0.09757488965988159]
[step 0070/150] method=ours loss=0.5773 train_acc=0.8490 train_loss=0.4105 val_acc=0.8509 val_loss=0.4061 router_H=0.3723 best=0.8509
           router_load=[0.3201546370983124, 0.5679318904876709, 0.014338444918394089, 0.09757488965988159]
[step 0080/150] method=ours loss=0.2013 train_acc=0.8490 train_loss=0.4105 val_acc=0.8509 val_loss=0.4061 router_H=0.3723 best=0.8509
           router_load=[0.3201546370983124, 0.5679318904876709, 0.014338444918394089, 0.09757488965988159]
[step 0090/150] method=ours loss=0.2501 train_acc=0.8490 train_loss=0.4105 val_acc=0.8509 val_loss=0.4061 router_H=0.3723 best=0.8509
           router_load=[0.3201546370983124, 0.5679318904876709, 0.014338444918394089, 0.09757488965988159]
[step 0100/150] method=ours loss=0.3402 train_acc=0.8864 train_loss=0.2991 val_acc=0.8899 val_loss=0.2647 router_H=0.3355 best=0.8899
           router_load=[0.402296781539917, 0.5006508827209473, 0.031183095648884773, 0.06586915254592896]
[step 0110/150] method=ours loss=0.3943 train_acc=0.8864 train_loss=0.2991 val_acc=0.8899 val_loss=0.2647 router_H=0.3355 best=0.8899
           router_load=[0.402296781539917, 0.5006508827209473, 0.031183095648884773, 0.06586915254592896]
[step 0120/150] method=ours loss=0.4674 train_acc=0.8864 train_loss=0.2991 val_acc=0.8899 val_loss=0.2647 router_H=0.3355 best=0.8899
           router_load=[0.402296781539917, 0.5006508827209473, 0.031183095648884773, 0.06586915254592896]
[step 0130/150] method=ours loss=0.4300 train_acc=0.8864 train_loss=0.2991 val_acc=0.8899 val_loss=0.2647 router_H=0.3355 best=0.8899
           router_load=[0.402296781539917, 0.5006508827209473, 0.031183095648884773, 0.06586915254592896]
[step 0140/150] method=ours loss=0.2457 train_acc=0.8864 train_loss=0.2991 val_acc=0.8899 val_loss=0.2647 router_H=0.3355 best=0.8899
           router_load=[0.402296781539917, 0.5006508827209473, 0.031183095648884773, 0.06586915254592896]
[step 0150/150] method=ours loss=0.0915 train_acc=0.8840 train_loss=0.3447 val_acc=0.8933 val_loss=0.3311 router_H=0.1951 best=0.8933
           router_load=[0.53066086769104, 0.4451618492603302, 0.011732751503586769, 0.012444527819752693]
saved summary -> /home/zhujjing/MOE-grad-conflict-routing/runs/paper_suite/single_gpu/single_task/roberta_sst2_ffn_e4_k2/hpo/ours/trial_runs/coord_02_train_weight_decay_000/ours_s3.json
saved curve -> /home/zhujjing/MOE-grad-conflict-routing/runs/paper_suite/single_gpu/single_task/roberta_sst2_ffn_e4_k2/hpo/ours/trial_runs/coord_02_train_weight_decay_000/ours_s3_curve.csv
