[run] method=ours candidate=coord_02_train_weight_decay_010 seed=2 steps=150 gpu=0
[run] cmd=
/home/zhujjing/anaconda3/envs/moe/bin/python /home/zhujjing/MOE-grad-conflict-routing/scripts/run.py --config configs/singletask_sst2_real.yaml --set model.backbone_backend=hf --set model.hf_load_pretrained=true --set model.backbone=roberta --set model.hf_pretrained_name=roberta-base --set model.expert_type=ffn --set model.routing_mode=topk --set model.num_experts=4 --set model.top_k=2 --set seed=2 --set method.name=ours --set train.steps=150 --set train.eval_every_steps=50 --set method.ours.use_load_norm=true --set method.ours.lambda_align=0.001 --set train.grad_clip=1 --set train.lr=2.166929843e-05 --set train.weight_decay=0.01569929632 --out /home/zhujjing/MOE-grad-conflict-routing/runs/paper_suite/single_gpu/single_task/roberta_sst2_ffn_e4_k2/hpo/ours/trial_runs/coord_02_train_weight_decay_010/ours_s2.json --curve_out /home/zhujjing/MOE-grad-conflict-routing/runs/paper_suite/single_gpu/single_task/roberta_sst2_ffn_e4_k2/hpo/ours/trial_runs/coord_02_train_weight_decay_010/ours_s2_curve.csv
Using the latest cached version of the dataset since glue couldn't be found on the Hugging Face Hub (offline mode is enabled).
Found the latest cached dataset configuration 'sst2' at /home/zhujjing/hf_cache/datasets/glue/sst2/0.0.0/bcdcba79d07bc864c1c254ccfcedcce55bcc9a8c (last modified on Thu Mar 19 15:01:41 2026).
/home/zhujjing/anaconda3/envs/moe/lib/python3.10/site-packages/transformers/utils/hub.py:124: FutureWarning: Using `TRANSFORMERS_CACHE` is deprecated and will be removed in v5 of Transformers. Use `HF_HOME` instead.
  warnings.warn(
Some weights of RobertaModel were not initialized from the model checkpoint at roberta-base and are newly initialized: ['roberta.pooler.dense.bias', 'roberta.pooler.dense.weight']
You should probably TRAIN this model on a down-stream task to be able to use it for predictions and inference.
[step 0001/150] method=ours loss=0.6776 train_acc=nan train_loss=nan val_acc=nan val_loss=nan best=-1.0000
[step 0010/150] method=ours loss=0.7194 train_acc=nan train_loss=nan val_acc=nan val_loss=nan best=-1.0000
[step 0020/150] method=ours loss=0.6480 train_acc=nan train_loss=nan val_acc=nan val_loss=nan best=-1.0000
[step 0030/150] method=ours loss=0.5507 train_acc=nan train_loss=nan val_acc=nan val_loss=nan best=-1.0000
[step 0040/150] method=ours loss=0.2228 train_acc=nan train_loss=nan val_acc=nan val_loss=nan best=-1.0000
[step 0050/150] method=ours loss=0.1311 train_acc=0.8494 train_loss=0.4328 val_acc=0.8188 val_loss=0.5536 router_H=0.1973 best=0.8188
           router_load=[0.0017280280590057373, 0.9493248462677002, 0.025467626750469208, 0.023479336872696877]
[step 0060/150] method=ours loss=0.4696 train_acc=0.8494 train_loss=0.4328 val_acc=0.8188 val_loss=0.5536 router_H=0.1973 best=0.8188
           router_load=[0.0017280280590057373, 0.9493248462677002, 0.025467626750469208, 0.023479336872696877]
[step 0070/150] method=ours loss=0.3948 train_acc=0.8494 train_loss=0.4328 val_acc=0.8188 val_loss=0.5536 router_H=0.1973 best=0.8188
           router_load=[0.0017280280590057373, 0.9493248462677002, 0.025467626750469208, 0.023479336872696877]
[step 0080/150] method=ours loss=0.4664 train_acc=0.8494 train_loss=0.4328 val_acc=0.8188 val_loss=0.5536 router_H=0.1973 best=0.8188
           router_load=[0.0017280280590057373, 0.9493248462677002, 0.025467626750469208, 0.023479336872696877]
[step 0090/150] method=ours loss=0.1772 train_acc=0.8494 train_loss=0.4328 val_acc=0.8188 val_loss=0.5536 router_H=0.1973 best=0.8188
           router_load=[0.0017280280590057373, 0.9493248462677002, 0.025467626750469208, 0.023479336872696877]
[step 0100/150] method=ours loss=0.6975 train_acc=0.8283 train_loss=0.4751 val_acc=0.7523 val_loss=0.6406 router_H=0.2035 best=0.8188
           router_load=[0.009429610334336758, 0.9460927248001099, 0.020006965845823288, 0.024470634758472443]
[step 0110/150] method=ours loss=0.3421 train_acc=0.8283 train_loss=0.4751 val_acc=0.7523 val_loss=0.6406 router_H=0.2035 best=0.8188
           router_load=[0.009429610334336758, 0.9460927248001099, 0.020006965845823288, 0.024470634758472443]
[step 0120/150] method=ours loss=0.3812 train_acc=0.8283 train_loss=0.4751 val_acc=0.7523 val_loss=0.6406 router_H=0.2035 best=0.8188
           router_load=[0.009429610334336758, 0.9460927248001099, 0.020006965845823288, 0.024470634758472443]
[step 0130/150] method=ours loss=0.2226 train_acc=0.8283 train_loss=0.4751 val_acc=0.7523 val_loss=0.6406 router_H=0.2035 best=0.8188
           router_load=[0.009429610334336758, 0.9460927248001099, 0.020006965845823288, 0.024470634758472443]
[step 0140/150] method=ours loss=0.3421 train_acc=0.8283 train_loss=0.4751 val_acc=0.7523 val_loss=0.6406 router_H=0.2035 best=0.8188
           router_load=[0.009429610334336758, 0.9460927248001099, 0.020006965845823288, 0.024470634758472443]
[step 0150/150] method=ours loss=0.4644 train_acc=0.8898 train_loss=0.2957 val_acc=0.8956 val_loss=0.2710 router_H=0.2685 best=0.8956
           router_load=[0.06523363292217255, 0.9223872423171997, 0.0008058351231738925, 0.011573264375329018]
saved summary -> /home/zhujjing/MOE-grad-conflict-routing/runs/paper_suite/single_gpu/single_task/roberta_sst2_ffn_e4_k2/hpo/ours/trial_runs/coord_02_train_weight_decay_010/ours_s2.json
saved curve -> /home/zhujjing/MOE-grad-conflict-routing/runs/paper_suite/single_gpu/single_task/roberta_sst2_ffn_e4_k2/hpo/ours/trial_runs/coord_02_train_weight_decay_010/ours_s2_curve.csv
