[run] method=cagrad candidate=coord_04_method_baseline_cagrad_c_003 seed=2 steps=200 gpu=0
[run] cmd=
/home/zhujjing/anaconda3/envs/moe/bin/python /home/zhujjing/MOE-grad-conflict-routing/scripts/run.py --config configs/multitask_glue4_real.yaml --set model.backbone_backend=hf --set model.hf_load_pretrained=true --set model.hf_local_files_only=true --set model.backbone=deberta --set model.hf_pretrained_name=microsoft/deberta-v3-base --set model.expert_type=lora --set model.routing_mode=topk --set model.num_experts=4 --set model.top_k=2 --set train.eval_train_fraction=0.10 --set train.eval_train_max_batches=-1 --set train.eval_max_batches=-1 --set seed=2 --set method.name=baseline_cagrad --set train.steps=200 --set train.eval_every_steps=100 --set method.baseline_cagrad.c=0.4811638322 --set method.baseline_cagrad.inner_lr=0.1 --set train.grad_clip=1.016176527 --set train.lr=8.970036802e-05 --set train.weight_decay=0.009393496225 --out /home/zhujjing/MOE-grad-conflict-routing/runs/paper_suite/single_gpu/multi_task/glue4_deberta_lora_e4_k2/hpo/cagrad/trial_runs/coord_04_method_baseline_cagrad_c_003/cagrad_s2.json --curve_out /home/zhujjing/MOE-grad-conflict-routing/runs/paper_suite/single_gpu/multi_task/glue4_deberta_lora_e4_k2/hpo/cagrad/trial_runs/coord_04_method_baseline_cagrad_c_003/cagrad_s2_curve.csv
Using the latest cached version of the dataset since glue couldn't be found on the Hugging Face Hub (offline mode is enabled).
Found the latest cached dataset configuration 'rte' at /home/zhujjing/hf_cache/datasets/glue/rte/0.0.0/bcdcba79d07bc864c1c254ccfcedcce55bcc9a8c (last modified on Thu Mar 19 15:00:36 2026).
/home/zhujjing/anaconda3/envs/moe/lib/python3.10/site-packages/transformers/utils/hub.py:124: FutureWarning: Using `TRANSFORMERS_CACHE` is deprecated and will be removed in v5 of Transformers. Use `HF_HOME` instead.
  warnings.warn(
/home/zhujjing/anaconda3/envs/moe/lib/python3.10/site-packages/transformers/convert_slow_tokenizer.py:560: UserWarning: The sentencepiece tokenizer that you are converting to a fast tokenizer uses the byte fallback option which is not implemented in the fast tokenizers. In practice this means that the fast version of the tokenizer can produce unknown tokens whereas the sentencepiece version would have converted these unknown tokens into a sequence of byte tokens matching the original piece of text.
  warnings.warn(
Using the latest cached version of the dataset since glue couldn't be found on the Hugging Face Hub (offline mode is enabled).
Found the latest cached dataset configuration 'mrpc' at /home/zhujjing/hf_cache/datasets/glue/mrpc/0.0.0/bcdcba79d07bc864c1c254ccfcedcce55bcc9a8c (last modified on Thu Mar 19 15:01:06 2026).
Using the latest cached version of the dataset since glue couldn't be found on the Hugging Face Hub (offline mode is enabled).
Found the latest cached dataset configuration 'sst2' at /home/zhujjing/hf_cache/datasets/glue/sst2/0.0.0/bcdcba79d07bc864c1c254ccfcedcce55bcc9a8c (last modified on Thu Mar 19 15:01:41 2026).
Using the latest cached version of the dataset since glue couldn't be found on the Hugging Face Hub (offline mode is enabled).
Found the latest cached dataset configuration 'cola' at /home/zhujjing/hf_cache/datasets/glue/cola/0.0.0/bcdcba79d07bc864c1c254ccfcedcce55bcc9a8c (last modified on Thu Mar 19 15:02:09 2026).
[step 0001/200] method=baseline_cagrad loss=0.7076 train_acc=nan train_loss=nan val_acc=nan val_loss=nan best=-1.0000
[step 0010/200] method=baseline_cagrad loss=0.7185 train_acc=nan train_loss=nan val_acc=nan val_loss=nan best=-1.0000
[step 0020/200] method=baseline_cagrad loss=0.5118 train_acc=nan train_loss=nan val_acc=nan val_loss=nan best=-1.0000
[step 0030/200] method=baseline_cagrad loss=0.4523 train_acc=nan train_loss=nan val_acc=nan val_loss=nan best=-1.0000
[step 0040/200] method=baseline_cagrad loss=0.5088 train_acc=nan train_loss=nan val_acc=nan val_loss=nan best=-1.0000
[step 0050/200] method=baseline_cagrad loss=0.4796 train_acc=nan train_loss=nan val_acc=nan val_loss=nan best=-1.0000
[step 0060/200] method=baseline_cagrad loss=0.4812 train_acc=nan train_loss=nan val_acc=nan val_loss=nan best=-1.0000
[step 0070/200] method=baseline_cagrad loss=0.6345 train_acc=nan train_loss=nan val_acc=nan val_loss=nan best=-1.0000
[step 0080/200] method=baseline_cagrad loss=0.4231 train_acc=nan train_loss=nan val_acc=nan val_loss=nan best=-1.0000
[step 0090/200] method=baseline_cagrad loss=0.4084 train_acc=nan train_loss=nan val_acc=nan val_loss=nan best=-1.0000
[step 0100/200] method=baseline_cagrad loss=0.3981 train_acc=0.8570 train_loss=0.3522 val_acc=0.8171 val_loss=0.4205 router_H=0.6409 best=0.8171
           router_load=[0.19051013886928558, 0.02076488360762596, 0.5465006232261658, 0.24222449958324432]
[step 0110/200] method=baseline_cagrad loss=0.4049 train_acc=0.8570 train_loss=0.3522 val_acc=0.8171 val_loss=0.4205 router_H=0.6409 best=0.8171
           router_load=[0.19051013886928558, 0.02076488360762596, 0.5465006232261658, 0.24222449958324432]
[step 0120/200] method=baseline_cagrad loss=0.4418 train_acc=0.8570 train_loss=0.3522 val_acc=0.8171 val_loss=0.4205 router_H=0.6409 best=0.8171
           router_load=[0.19051013886928558, 0.02076488360762596, 0.5465006232261658, 0.24222449958324432]
[step 0130/200] method=baseline_cagrad loss=0.4511 train_acc=0.8570 train_loss=0.3522 val_acc=0.8171 val_loss=0.4205 router_H=0.6409 best=0.8171
           router_load=[0.19051013886928558, 0.02076488360762596, 0.5465006232261658, 0.24222449958324432]
[step 0140/200] method=baseline_cagrad loss=0.4673 train_acc=0.8570 train_loss=0.3522 val_acc=0.8171 val_loss=0.4205 router_H=0.6409 best=0.8171
           router_load=[0.19051013886928558, 0.02076488360762596, 0.5465006232261658, 0.24222449958324432]
[step 0150/200] method=baseline_cagrad loss=0.4338 train_acc=0.8570 train_loss=0.3522 val_acc=0.8171 val_loss=0.4205 router_H=0.6409 best=0.8171
           router_load=[0.19051013886928558, 0.02076488360762596, 0.5465006232261658, 0.24222449958324432]
[step 0160/200] method=baseline_cagrad loss=0.3008 train_acc=0.8570 train_loss=0.3522 val_acc=0.8171 val_loss=0.4205 router_H=0.6409 best=0.8171
           router_load=[0.19051013886928558, 0.02076488360762596, 0.5465006232261658, 0.24222449958324432]
[step 0170/200] method=baseline_cagrad loss=0.3510 train_acc=0.8570 train_loss=0.3522 val_acc=0.8171 val_loss=0.4205 router_H=0.6409 best=0.8171
           router_load=[0.19051013886928558, 0.02076488360762596, 0.5465006232261658, 0.24222449958324432]
[step 0180/200] method=baseline_cagrad loss=0.2986 train_acc=0.8570 train_loss=0.3522 val_acc=0.8171 val_loss=0.4205 router_H=0.6409 best=0.8171
           router_load=[0.19051013886928558, 0.02076488360762596, 0.5465006232261658, 0.24222449958324432]
[step 0190/200] method=baseline_cagrad loss=0.3799 train_acc=0.8570 train_loss=0.3522 val_acc=0.8171 val_loss=0.4205 router_H=0.6409 best=0.8171
           router_load=[0.19051013886928558, 0.02076488360762596, 0.5465006232261658, 0.24222449958324432]
[step 0200/200] method=baseline_cagrad loss=0.3129 train_acc=0.9223 train_loss=0.2156 val_acc=0.8477 val_loss=0.3698 router_H=0.6259 best=0.8477
           router_load=[0.05538414046168327, 0.05293840914964676, 0.5471625924110413, 0.3445146679878235]
saved summary -> /home/zhujjing/MOE-grad-conflict-routing/runs/paper_suite/single_gpu/multi_task/glue4_deberta_lora_e4_k2/hpo/cagrad/trial_runs/coord_04_method_baseline_cagrad_c_003/cagrad_s2.json
saved curve -> /home/zhujjing/MOE-grad-conflict-routing/runs/paper_suite/single_gpu/multi_task/glue4_deberta_lora_e4_k2/hpo/cagrad/trial_runs/coord_04_method_baseline_cagrad_c_003/cagrad_s2_curve.csv
