[run] method=cagrad candidate=local_var_topk_031 seed=2 steps=200 gpu=0
[run] cmd=
/root/miniconda3/envs/optimization/bin/python /root/Optimization/MOE-grad-conflict-routing/scripts/run.py --config configs/singletask_cola_real.yaml --set model.backbone_backend=hf --set model.hf_load_pretrained=true --set model.backbone=roberta --set model.hf_pretrained_name=roberta-base --set model.expert_type=lora --set model.routing_mode=topk --set model.num_experts=4 --set model.top_k=2 --set seed=2 --set method.name=baseline_cagrad --set train.steps=200 --set train.eval_every_steps=50 --set method.baseline_cagrad.c=0.2865396522 --set method.baseline_cagrad.inner_lr=0.1824460376 --set train.grad_clip=0.712672082 --set train.lr=9.799696e-06 --set train.weight_decay=0.01884869601 --out /root/Optimization/MOE-grad-conflict-routing/runs/paper_suite_supplement/single_task_add_rerun/single_task/roberta_cola_lora_e4_k2/hpo/cagrad/trial_runs/local_var_topk_031/cagrad_s2.json --curve_out /root/Optimization/MOE-grad-conflict-routing/runs/paper_suite_supplement/single_task_add_rerun/single_task/roberta_cola_lora_e4_k2/hpo/cagrad/trial_runs/local_var_topk_031/cagrad_s2_curve.csv
Using the latest cached version of the dataset since glue couldn't be found on the Hugging Face Hub (offline mode is enabled).
Found the latest cached dataset configuration 'cola' at /root/.cache/huggingface/datasets/glue/cola/0.0.0/bcdcba79d07bc864c1c254ccfcedcce55bcc9a8c (last modified on Mon Mar 23 09:28:48 2026).
Loading weights:   0%|          | 0/197 [00:00<?, ?it/s]Loading weights: 100%|██████████| 197/197 [00:00<00:00, 9747.29it/s]
[1mRobertaModel LOAD REPORT[0m from: roberta-base
Key                             | Status     | 
--------------------------------+------------+-
roberta.embeddings.position_ids | UNEXPECTED | 
lm_head.bias                    | UNEXPECTED | 
lm_head.dense.bias              | UNEXPECTED | 
lm_head.layer_norm.bias         | UNEXPECTED | 
lm_head.layer_norm.weight       | UNEXPECTED | 
lm_head.dense.weight            | UNEXPECTED | 
pooler.dense.weight             | MISSING    | 
pooler.dense.bias               | MISSING    | 

[3mNotes:
- UNEXPECTED[3m	:can be ignored when loading from different task/architecture; not ok if you expect identical arch.
- MISSING[3m	:those params were newly initialized because missing from the checkpoint. Consider training on your downstream task.[0m
[step 0001/200] method=baseline_cagrad loss=0.7228 train_acc=nan train_loss=nan val_acc=nan val_loss=nan best=-1.0000
[step 0010/200] method=baseline_cagrad loss=0.5667 train_acc=nan train_loss=nan val_acc=nan val_loss=nan best=-1.0000
[step 0020/200] method=baseline_cagrad loss=0.6928 train_acc=nan train_loss=nan val_acc=nan val_loss=nan best=-1.0000
[step 0030/200] method=baseline_cagrad loss=0.5056 train_acc=nan train_loss=nan val_acc=nan val_loss=nan best=-1.0000
[step 0040/200] method=baseline_cagrad loss=0.4616 train_acc=nan train_loss=nan val_acc=nan val_loss=nan best=-1.0000
[step 0050/200] method=baseline_cagrad loss=0.5097 train_acc=0.7044 train_loss=0.5597 val_acc=0.6913 val_loss=0.5791 router_H=0.6927 best=0.6913
           router_load=[0.38627809286117554, 0.18089883029460907, 0.11127938330173492, 0.32154372334480286]
[step 0060/200] method=baseline_cagrad loss=0.5912 train_acc=0.7044 train_loss=0.5597 val_acc=0.6913 val_loss=0.5791 router_H=0.6927 best=0.6913
           router_load=[0.38627809286117554, 0.18089883029460907, 0.11127938330173492, 0.32154372334480286]
[step 0070/200] method=baseline_cagrad loss=0.5659 train_acc=0.7044 train_loss=0.5597 val_acc=0.6913 val_loss=0.5791 router_H=0.6927 best=0.6913
           router_load=[0.38627809286117554, 0.18089883029460907, 0.11127938330173492, 0.32154372334480286]
[step 0080/200] method=baseline_cagrad loss=0.5385 train_acc=0.7044 train_loss=0.5597 val_acc=0.6913 val_loss=0.5791 router_H=0.6927 best=0.6913
           router_load=[0.38627809286117554, 0.18089883029460907, 0.11127938330173492, 0.32154372334480286]
[step 0090/200] method=baseline_cagrad loss=0.5823 train_acc=0.7044 train_loss=0.5597 val_acc=0.6913 val_loss=0.5791 router_H=0.6927 best=0.6913
           router_load=[0.38627809286117554, 0.18089883029460907, 0.11127938330173492, 0.32154372334480286]
[step 0100/200] method=baseline_cagrad loss=0.5377 train_acc=0.7753 train_loss=0.4799 val_acc=0.7622 val_loss=0.5230 router_H=0.6913 best=0.7622
           router_load=[0.1738220900297165, 0.16160252690315247, 0.3119698464870453, 0.35260552167892456]
[step 0110/200] method=baseline_cagrad loss=0.5933 train_acc=0.7753 train_loss=0.4799 val_acc=0.7622 val_loss=0.5230 router_H=0.6913 best=0.7622
           router_load=[0.1738220900297165, 0.16160252690315247, 0.3119698464870453, 0.35260552167892456]
[step 0120/200] method=baseline_cagrad loss=0.6262 train_acc=0.7753 train_loss=0.4799 val_acc=0.7622 val_loss=0.5230 router_H=0.6913 best=0.7622
           router_load=[0.1738220900297165, 0.16160252690315247, 0.3119698464870453, 0.35260552167892456]
[step 0130/200] method=baseline_cagrad loss=0.4531 train_acc=0.7753 train_loss=0.4799 val_acc=0.7622 val_loss=0.5230 router_H=0.6913 best=0.7622
           router_load=[0.1738220900297165, 0.16160252690315247, 0.3119698464870453, 0.35260552167892456]
[step 0140/200] method=baseline_cagrad loss=0.5103 train_acc=0.7753 train_loss=0.4799 val_acc=0.7622 val_loss=0.5230 router_H=0.6913 best=0.7622
           router_load=[0.1738220900297165, 0.16160252690315247, 0.3119698464870453, 0.35260552167892456]
[step 0150/200] method=baseline_cagrad loss=0.5294 train_acc=0.8272 train_loss=0.4102 val_acc=0.7939 val_loss=0.4774 router_H=0.6920 best=0.7939
           router_load=[0.15745799243450165, 0.25940456986427307, 0.21577899158000946, 0.3673584461212158]
[step 0160/200] method=baseline_cagrad loss=0.3755 train_acc=0.8272 train_loss=0.4102 val_acc=0.7939 val_loss=0.4774 router_H=0.6920 best=0.7939
           router_load=[0.15745799243450165, 0.25940456986427307, 0.21577899158000946, 0.3673584461212158]
[step 0170/200] method=baseline_cagrad loss=0.4799 train_acc=0.8272 train_loss=0.4102 val_acc=0.7939 val_loss=0.4774 router_H=0.6920 best=0.7939
           router_load=[0.15745799243450165, 0.25940456986427307, 0.21577899158000946, 0.3673584461212158]
[step 0180/200] method=baseline_cagrad loss=0.4191 train_acc=0.8272 train_loss=0.4102 val_acc=0.7939 val_loss=0.4774 router_H=0.6920 best=0.7939
           router_load=[0.15745799243450165, 0.25940456986427307, 0.21577899158000946, 0.3673584461212158]
[step 0190/200] method=baseline_cagrad loss=0.4229 train_acc=0.8272 train_loss=0.4102 val_acc=0.7939 val_loss=0.4774 router_H=0.6920 best=0.7939
           router_load=[0.15745799243450165, 0.25940456986427307, 0.21577899158000946, 0.3673584461212158]
[step 0200/200] method=baseline_cagrad loss=0.8855 train_acc=0.7589 train_loss=0.5667 val_acc=0.7363 val_loss=0.6495 router_H=0.6914 best=0.7939
           router_load=[0.07547497749328613, 0.21486057341098785, 0.340671569108963, 0.3689928948879242]
saved summary -> /root/Optimization/MOE-grad-conflict-routing/runs/paper_suite_supplement/single_task_add_rerun/single_task/roberta_cola_lora_e4_k2/hpo/cagrad/trial_runs/local_var_topk_031/cagrad_s2.json
saved curve -> /root/Optimization/MOE-grad-conflict-routing/runs/paper_suite_supplement/single_task_add_rerun/single_task/roberta_cola_lora_e4_k2/hpo/cagrad/trial_runs/local_var_topk_031/cagrad_s2_curve.csv
