[run] method=ours candidate=coord_04_method_ours_lambda_align_008 seed=2 steps=150 gpu=0
[run] cmd=
/home/zhujjing/anaconda3/envs/moe/bin/python /home/zhujjing/MOE-grad-conflict-routing/scripts/run.py --config configs/singletask_rte_real.yaml --set model.backbone_backend=hf --set model.hf_load_pretrained=true --set model.backbone=deberta --set model.hf_pretrained_name=microsoft/deberta-v3-base --set model.expert_type=lora --set model.routing_mode=topk --set model.num_experts=4 --set model.top_k=2 --set seed=2 --set method.name=ours --set train.steps=150 --set train.eval_every_steps=50 --set method.ours.use_load_norm=true --set method.ours.lambda_align=0.0001328949179 --set train.grad_clip=0.6534831993 --set train.lr=4.233346635e-05 --set train.weight_decay=0.04322128284 --out /home/zhujjing/MOE-grad-conflict-routing/runs/paper_suite/single_gpu/single_task/deberta_rte_lora_e4_k2/hpo/ours/trial_runs/coord_04_method_ours_lambda_align_008/ours_s2.json --curve_out /home/zhujjing/MOE-grad-conflict-routing/runs/paper_suite/single_gpu/single_task/deberta_rte_lora_e4_k2/hpo/ours/trial_runs/coord_04_method_ours_lambda_align_008/ours_s2_curve.csv
Using the latest cached version of the dataset since glue couldn't be found on the Hugging Face Hub (offline mode is enabled).
Found the latest cached dataset configuration 'rte' at /home/zhujjing/hf_cache/datasets/glue/rte/0.0.0/bcdcba79d07bc864c1c254ccfcedcce55bcc9a8c (last modified on Thu Mar 19 15:00:36 2026).
/home/zhujjing/anaconda3/envs/moe/lib/python3.10/site-packages/transformers/utils/hub.py:124: FutureWarning: Using `TRANSFORMERS_CACHE` is deprecated and will be removed in v5 of Transformers. Use `HF_HOME` instead.
  warnings.warn(
/home/zhujjing/anaconda3/envs/moe/lib/python3.10/site-packages/transformers/convert_slow_tokenizer.py:560: UserWarning: The sentencepiece tokenizer that you are converting to a fast tokenizer uses the byte fallback option which is not implemented in the fast tokenizers. In practice this means that the fast version of the tokenizer can produce unknown tokens whereas the sentencepiece version would have converted these unknown tokens into a sequence of byte tokens matching the original piece of text.
  warnings.warn(
[step 0001/150] method=ours loss=0.7157 train_acc=nan train_loss=nan val_acc=nan val_loss=nan best=-1.0000
[step 0010/150] method=ours loss=0.9137 train_acc=nan train_loss=nan val_acc=nan val_loss=nan best=-1.0000
[step 0020/150] method=ours loss=0.6689 train_acc=nan train_loss=nan val_acc=nan val_loss=nan best=-1.0000
[step 0030/150] method=ours loss=0.7460 train_acc=nan train_loss=nan val_acc=nan val_loss=nan best=-1.0000
[step 0040/150] method=ours loss=0.6320 train_acc=nan train_loss=nan val_acc=nan val_loss=nan best=-1.0000
[step 0050/150] method=ours loss=0.5001 train_acc=0.7213 train_loss=0.5570 val_acc=0.6498 val_loss=0.6185 router_H=0.6829 best=0.6498
           router_load=[0.01790183037519455, 0.5119048357009888, 0.24825550615787506, 0.2219378501176834]
[step 0060/150] method=ours loss=0.5456 train_acc=0.7213 train_loss=0.5570 val_acc=0.6498 val_loss=0.6185 router_H=0.6829 best=0.6498
           router_load=[0.01790183037519455, 0.5119048357009888, 0.24825550615787506, 0.2219378501176834]
[step 0070/150] method=ours loss=0.6383 train_acc=0.7213 train_loss=0.5570 val_acc=0.6498 val_loss=0.6185 router_H=0.6829 best=0.6498
           router_load=[0.01790183037519455, 0.5119048357009888, 0.24825550615787506, 0.2219378501176834]
[step 0080/150] method=ours loss=0.5586 train_acc=0.7213 train_loss=0.5570 val_acc=0.6498 val_loss=0.6185 router_H=0.6829 best=0.6498
           router_load=[0.01790183037519455, 0.5119048357009888, 0.24825550615787506, 0.2219378501176834]
[step 0090/150] method=ours loss=0.4612 train_acc=0.7213 train_loss=0.5570 val_acc=0.6498 val_loss=0.6185 router_H=0.6829 best=0.6498
           router_load=[0.01790183037519455, 0.5119048357009888, 0.24825550615787506, 0.2219378501176834]
[step 0100/150] method=ours loss=0.5125 train_acc=0.8783 train_loss=0.3551 val_acc=0.7726 val_loss=0.4599 router_H=0.6842 best=0.7726
           router_load=[0.062020573765039444, 0.4827074408531189, 0.27279406785964966, 0.18247784674167633]
[step 0110/150] method=ours loss=0.5448 train_acc=0.8783 train_loss=0.3551 val_acc=0.7726 val_loss=0.4599 router_H=0.6842 best=0.7726
           router_load=[0.062020573765039444, 0.4827074408531189, 0.27279406785964966, 0.18247784674167633]
[step 0120/150] method=ours loss=0.3569 train_acc=0.8783 train_loss=0.3551 val_acc=0.7726 val_loss=0.4599 router_H=0.6842 best=0.7726
           router_load=[0.062020573765039444, 0.4827074408531189, 0.27279406785964966, 0.18247784674167633]
[step 0130/150] method=ours loss=0.7830 train_acc=0.8783 train_loss=0.3551 val_acc=0.7726 val_loss=0.4599 router_H=0.6842 best=0.7726
           router_load=[0.062020573765039444, 0.4827074408531189, 0.27279406785964966, 0.18247784674167633]
[step 0140/150] method=ours loss=0.8635 train_acc=0.8783 train_loss=0.3551 val_acc=0.7726 val_loss=0.4599 router_H=0.6842 best=0.7726
           router_load=[0.062020573765039444, 0.4827074408531189, 0.27279406785964966, 0.18247784674167633]
[step 0150/150] method=ours loss=0.4780 train_acc=0.9249 train_loss=0.2341 val_acc=0.8412 val_loss=0.4149 router_H=0.6816 best=0.8412
           router_load=[0.10110045224428177, 0.5171367526054382, 0.14571478962898254, 0.2360479086637497]
saved summary -> /home/zhujjing/MOE-grad-conflict-routing/runs/paper_suite/single_gpu/single_task/deberta_rte_lora_e4_k2/hpo/ours/trial_runs/coord_04_method_ours_lambda_align_008/ours_s2.json
saved curve -> /home/zhujjing/MOE-grad-conflict-routing/runs/paper_suite/single_gpu/single_task/deberta_rte_lora_e4_k2/hpo/ours/trial_runs/coord_04_method_ours_lambda_align_008/ours_s2_curve.csv
