[run] method=ours candidate=local_var_topk_005 seed=3 steps=200 gpu=0
[run] cmd=
/root/miniconda3/envs/optimization/bin/python /root/Optimization/MOE-grad-conflict-routing-appendix2/scripts/run.py --config configs/multitask_glue3_rte_mrpc_cola_real.yaml --set model.backbone_backend=hf --set model.hf_load_pretrained=true --set model.hf_local_files_only=1 --set model.backbone=roberta --set model.hf_pretrained_name=roberta-base --set model.routing_mode=topk --set model.expert_type=lora --set model.num_experts=6 --set model.top_k=3 --set train.eval_train_fraction=0.10 --set train.eval_train_max_batches=-1 --set train.eval_max_batches=-1 --set train.eval_val_fraction=0.2 --set train.skip_train_eval=true --set seed=3 --set method.name=ours --set train.steps=200 --set train.eval_every_steps=100 --set method.ours.use_load_norm=true --set method.ours.lambda_align=0.004572219582 --set train.grad_clip=1.273349251 --set train.lr=1.2775892e-05 --set train.weight_decay=0.01543368426 --out /root/Optimization/MOE-grad-conflict-routing-appendix2/runs/paper_suite_supplement/appendix/more_expert/glue3_roberta_lora_e6_k3/_method_workers/ours/hpo/ours/trial_runs/local_var_topk_005/ours_s3.json --curve_out /root/Optimization/MOE-grad-conflict-routing-appendix2/runs/paper_suite_supplement/appendix/more_expert/glue3_roberta_lora_e6_k3/_method_workers/ours/hpo/ours/trial_runs/local_var_topk_005/ours_s3_curve.csv
Using the latest cached version of the dataset since glue couldn't be found on the Hugging Face Hub (offline mode is enabled).
Found the latest cached dataset configuration 'rte' at /root/.cache/huggingface/datasets/glue/rte/0.0.0/bcdcba79d07bc864c1c254ccfcedcce55bcc9a8c (last modified on Thu Mar 26 19:09:12 2026).
Using the latest cached version of the dataset since glue couldn't be found on the Hugging Face Hub (offline mode is enabled).
Found the latest cached dataset configuration 'mrpc' at /root/.cache/huggingface/datasets/glue/mrpc/0.0.0/bcdcba79d07bc864c1c254ccfcedcce55bcc9a8c (last modified on Thu Mar 26 20:11:06 2026).
Using the latest cached version of the dataset since glue couldn't be found on the Hugging Face Hub (offline mode is enabled).
Found the latest cached dataset configuration 'cola' at /root/.cache/huggingface/datasets/glue/cola/0.0.0/bcdcba79d07bc864c1c254ccfcedcce55bcc9a8c (last modified on Thu Mar 26 23:46:11 2026).
Loading weights:   0%|          | 0/197 [00:00<?, ?it/s]Loading weights: 100%|██████████| 197/197 [00:00<00:00, 9027.79it/s]
[1mRobertaModel LOAD REPORT[0m from: roberta-base
Key                             | Status     | 
--------------------------------+------------+-
lm_head.layer_norm.bias         | UNEXPECTED | 
lm_head.layer_norm.weight       | UNEXPECTED | 
roberta.embeddings.position_ids | UNEXPECTED | 
lm_head.dense.weight            | UNEXPECTED | 
lm_head.bias                    | UNEXPECTED | 
lm_head.dense.bias              | UNEXPECTED | 
pooler.dense.weight             | MISSING    | 
pooler.dense.bias               | MISSING    | 

[3mNotes:
- UNEXPECTED[3m	:can be ignored when loading from different task/architecture; not ok if you expect identical arch.
- MISSING[3m	:those params were newly initialized because missing from the checkpoint. Consider training on your downstream task.[0m
[step 0001/200] method=ours loss=0.6953 train_acc=nan train_loss=nan val_acc=nan val_loss=nan best=-1.0000
[step 0010/200] method=ours loss=0.5270 train_acc=nan train_loss=nan val_acc=nan val_loss=nan best=-1.0000
[step 0020/200] method=ours loss=0.4866 train_acc=nan train_loss=nan val_acc=nan val_loss=nan best=-1.0000
[step 0030/200] method=ours loss=0.6364 train_acc=nan train_loss=nan val_acc=nan val_loss=nan best=-1.0000
[step 0040/200] method=ours loss=0.6380 train_acc=nan train_loss=nan val_acc=nan val_loss=nan best=-1.0000
[step 0050/200] method=ours loss=0.5806 train_acc=nan train_loss=nan val_acc=nan val_loss=nan best=-1.0000
[step 0060/200] method=ours loss=0.5961 train_acc=nan train_loss=nan val_acc=nan val_loss=nan best=-1.0000
[step 0070/200] method=ours loss=0.5923 train_acc=nan train_loss=nan val_acc=nan val_loss=nan best=-1.0000
[step 0080/200] method=ours loss=0.7126 train_acc=nan train_loss=nan val_acc=nan val_loss=nan best=-1.0000
[step 0090/200] method=ours loss=0.5114 train_acc=nan train_loss=nan val_acc=nan val_loss=nan best=-1.0000
[step 0100/200] method=ours loss=0.7094 train_acc=nan train_loss=nan val_acc=0.6283 val_loss=0.6309 router_H=1.0953 best=0.6283
           router_load=[0.27708232402801514, 0.14683124423027039, 0.21398136019706726, 0.34944847226142883, 0.010125291533768177, 0.0025312805082648993]
[step 0110/200] method=ours loss=0.4762 train_acc=nan train_loss=nan val_acc=0.6283 val_loss=0.6309 router_H=1.0953 best=0.6283
           router_load=[0.27708232402801514, 0.14683124423027039, 0.21398136019706726, 0.34944847226142883, 0.010125291533768177, 0.0025312805082648993]
[step 0120/200] method=ours loss=0.5028 train_acc=nan train_loss=nan val_acc=0.6283 val_loss=0.6309 router_H=1.0953 best=0.6283
           router_load=[0.27708232402801514, 0.14683124423027039, 0.21398136019706726, 0.34944847226142883, 0.010125291533768177, 0.0025312805082648993]
[step 0130/200] method=ours loss=0.4567 train_acc=nan train_loss=nan val_acc=0.6283 val_loss=0.6309 router_H=1.0953 best=0.6283
           router_load=[0.27708232402801514, 0.14683124423027039, 0.21398136019706726, 0.34944847226142883, 0.010125291533768177, 0.0025312805082648993]
[step 0140/200] method=ours loss=0.5875 train_acc=nan train_loss=nan val_acc=0.6283 val_loss=0.6309 router_H=1.0953 best=0.6283
           router_load=[0.27708232402801514, 0.14683124423027039, 0.21398136019706726, 0.34944847226142883, 0.010125291533768177, 0.0025312805082648993]
[step 0150/200] method=ours loss=0.6227 train_acc=nan train_loss=nan val_acc=0.6283 val_loss=0.6309 router_H=1.0953 best=0.6283
           router_load=[0.27708232402801514, 0.14683124423027039, 0.21398136019706726, 0.34944847226142883, 0.010125291533768177, 0.0025312805082648993]
[step 0160/200] method=ours loss=0.4621 train_acc=nan train_loss=nan val_acc=0.6283 val_loss=0.6309 router_H=1.0953 best=0.6283
           router_load=[0.27708232402801514, 0.14683124423027039, 0.21398136019706726, 0.34944847226142883, 0.010125291533768177, 0.0025312805082648993]
[step 0170/200] method=ours loss=0.6829 train_acc=nan train_loss=nan val_acc=0.6283 val_loss=0.6309 router_H=1.0953 best=0.6283
           router_load=[0.27708232402801514, 0.14683124423027039, 0.21398136019706726, 0.34944847226142883, 0.010125291533768177, 0.0025312805082648993]
[step 0180/200] method=ours loss=0.7276 train_acc=nan train_loss=nan val_acc=0.6283 val_loss=0.6309 router_H=1.0953 best=0.6283
           router_load=[0.27708232402801514, 0.14683124423027039, 0.21398136019706726, 0.34944847226142883, 0.010125291533768177, 0.0025312805082648993]
[step 0190/200] method=ours loss=0.6603 train_acc=nan train_loss=nan val_acc=0.6283 val_loss=0.6309 router_H=1.0953 best=0.6283
           router_load=[0.27708232402801514, 0.14683124423027039, 0.21398136019706726, 0.34944847226142883, 0.010125291533768177, 0.0025312805082648993]
[step 0200/200] method=ours loss=0.6781 train_acc=nan train_loss=nan val_acc=0.6836 val_loss=0.5562 router_H=1.0947 best=0.6836
           router_load=[0.20151954889297485, 0.18955747783184052, 0.21730633080005646, 0.2732751667499542, 0.07797443866729736, 0.04036702960729599]
saved summary -> /root/Optimization/MOE-grad-conflict-routing-appendix2/runs/paper_suite_supplement/appendix/more_expert/glue3_roberta_lora_e6_k3/_method_workers/ours/hpo/ours/trial_runs/local_var_topk_005/ours_s3.json
saved curve -> /root/Optimization/MOE-grad-conflict-routing-appendix2/runs/paper_suite_supplement/appendix/more_expert/glue3_roberta_lora_e6_k3/_method_workers/ours/hpo/ours/trial_runs/local_var_topk_005/ours_s3_curve.csv
