[run] method=cagrad candidate=coord_02_train_weight_decay_007 seed=3 steps=200 gpu=0
[run] cmd=
/home/zhujjing/anaconda3/envs/moe/bin/python /home/zhujjing/MOE-grad-conflict-routing/scripts/run.py --config configs/multitask_glue4_real.yaml --set model.backbone_backend=hf --set model.hf_load_pretrained=true --set model.hf_local_files_only=true --set model.backbone=gpt2 --set model.hf_pretrained_name=gpt2-medium --set model.expert_type=lora --set model.routing_mode=topk --set model.num_experts=4 --set model.top_k=2 --set train.eval_train_fraction=0.10 --set train.eval_train_max_batches=-1 --set train.eval_max_batches=-1 --set seed=3 --set method.name=baseline_cagrad --set train.steps=200 --set train.eval_every_steps=100 --set method.baseline_cagrad.c=0.4 --set method.baseline_cagrad.inner_lr=0.1 --set train.grad_clip=1 --set train.lr=3.483800361e-05 --set train.weight_decay=0.005634744023 --out /home/zhujjing/MOE-grad-conflict-routing/runs/paper_suite/single_gpu/multi_task/glue4_gpt2_lora_e4_k2/hpo/cagrad/trial_runs/coord_02_train_weight_decay_007/cagrad_s3.json --curve_out /home/zhujjing/MOE-grad-conflict-routing/runs/paper_suite/single_gpu/multi_task/glue4_gpt2_lora_e4_k2/hpo/cagrad/trial_runs/coord_02_train_weight_decay_007/cagrad_s3_curve.csv
Using the latest cached version of the dataset since glue couldn't be found on the Hugging Face Hub (offline mode is enabled).
Found the latest cached dataset configuration 'rte' at /home/zhujjing/hf_cache/datasets/glue/rte/0.0.0/bcdcba79d07bc864c1c254ccfcedcce55bcc9a8c (last modified on Thu Mar 19 15:00:36 2026).
/home/zhujjing/anaconda3/envs/moe/lib/python3.10/site-packages/transformers/utils/hub.py:124: FutureWarning: Using `TRANSFORMERS_CACHE` is deprecated and will be removed in v5 of Transformers. Use `HF_HOME` instead.
  warnings.warn(
Using the latest cached version of the dataset since glue couldn't be found on the Hugging Face Hub (offline mode is enabled).
Found the latest cached dataset configuration 'mrpc' at /home/zhujjing/hf_cache/datasets/glue/mrpc/0.0.0/bcdcba79d07bc864c1c254ccfcedcce55bcc9a8c (last modified on Thu Mar 19 15:01:06 2026).
Using the latest cached version of the dataset since glue couldn't be found on the Hugging Face Hub (offline mode is enabled).
Found the latest cached dataset configuration 'sst2' at /home/zhujjing/hf_cache/datasets/glue/sst2/0.0.0/bcdcba79d07bc864c1c254ccfcedcce55bcc9a8c (last modified on Thu Mar 19 15:01:41 2026).
Using the latest cached version of the dataset since glue couldn't be found on the Hugging Face Hub (offline mode is enabled).
Found the latest cached dataset configuration 'cola' at /home/zhujjing/hf_cache/datasets/glue/cola/0.0.0/bcdcba79d07bc864c1c254ccfcedcce55bcc9a8c (last modified on Thu Mar 19 15:02:09 2026).
[step 0001/200] method=baseline_cagrad loss=3.4183 train_acc=nan train_loss=nan val_acc=nan val_loss=nan best=-1.0000
[step 0010/200] method=baseline_cagrad loss=0.9911 train_acc=nan train_loss=nan val_acc=nan val_loss=nan best=-1.0000
[step 0020/200] method=baseline_cagrad loss=0.7242 train_acc=nan train_loss=nan val_acc=nan val_loss=nan best=-1.0000
[step 0030/200] method=baseline_cagrad loss=0.7096 train_acc=nan train_loss=nan val_acc=nan val_loss=nan best=-1.0000
[step 0040/200] method=baseline_cagrad loss=0.5601 train_acc=nan train_loss=nan val_acc=nan val_loss=nan best=-1.0000
[step 0050/200] method=baseline_cagrad loss=0.7542 train_acc=nan train_loss=nan val_acc=nan val_loss=nan best=-1.0000
[step 0060/200] method=baseline_cagrad loss=0.5848 train_acc=nan train_loss=nan val_acc=nan val_loss=nan best=-1.0000
[step 0070/200] method=baseline_cagrad loss=0.5260 train_acc=nan train_loss=nan val_acc=nan val_loss=nan best=-1.0000
[step 0080/200] method=baseline_cagrad loss=0.5137 train_acc=nan train_loss=nan val_acc=nan val_loss=nan best=-1.0000
[step 0090/200] method=baseline_cagrad loss=0.5636 train_acc=nan train_loss=nan val_acc=nan val_loss=nan best=-1.0000
[step 0100/200] method=baseline_cagrad loss=0.5904 train_acc=0.7193 train_loss=0.5385 val_acc=0.7008 val_loss=0.5828 router_H=0.4162 best=0.7008
           router_load=[0.025866353884339333, 0.7551282644271851, 0.15510530769824982, 0.06390026211738586]
[step 0110/200] method=baseline_cagrad loss=0.5755 train_acc=0.7193 train_loss=0.5385 val_acc=0.7008 val_loss=0.5828 router_H=0.4162 best=0.7008
           router_load=[0.025866353884339333, 0.7551282644271851, 0.15510530769824982, 0.06390026211738586]
[step 0120/200] method=baseline_cagrad loss=0.4974 train_acc=0.7193 train_loss=0.5385 val_acc=0.7008 val_loss=0.5828 router_H=0.4162 best=0.7008
           router_load=[0.025866353884339333, 0.7551282644271851, 0.15510530769824982, 0.06390026211738586]
[step 0130/200] method=baseline_cagrad loss=0.5388 train_acc=0.7193 train_loss=0.5385 val_acc=0.7008 val_loss=0.5828 router_H=0.4162 best=0.7008
           router_load=[0.025866353884339333, 0.7551282644271851, 0.15510530769824982, 0.06390026211738586]
[step 0140/200] method=baseline_cagrad loss=0.3933 train_acc=0.7193 train_loss=0.5385 val_acc=0.7008 val_loss=0.5828 router_H=0.4162 best=0.7008
           router_load=[0.025866353884339333, 0.7551282644271851, 0.15510530769824982, 0.06390026211738586]
[step 0150/200] method=baseline_cagrad loss=0.4922 train_acc=0.7193 train_loss=0.5385 val_acc=0.7008 val_loss=0.5828 router_H=0.4162 best=0.7008
           router_load=[0.025866353884339333, 0.7551282644271851, 0.15510530769824982, 0.06390026211738586]
[step 0160/200] method=baseline_cagrad loss=0.4968 train_acc=0.7193 train_loss=0.5385 val_acc=0.7008 val_loss=0.5828 router_H=0.4162 best=0.7008
           router_load=[0.025866353884339333, 0.7551282644271851, 0.15510530769824982, 0.06390026211738586]
[step 0170/200] method=baseline_cagrad loss=0.5207 train_acc=0.7193 train_loss=0.5385 val_acc=0.7008 val_loss=0.5828 router_H=0.4162 best=0.7008
           router_load=[0.025866353884339333, 0.7551282644271851, 0.15510530769824982, 0.06390026211738586]
[step 0180/200] method=baseline_cagrad loss=0.3887 train_acc=0.7193 train_loss=0.5385 val_acc=0.7008 val_loss=0.5828 router_H=0.4162 best=0.7008
           router_load=[0.025866353884339333, 0.7551282644271851, 0.15510530769824982, 0.06390026211738586]
[step 0190/200] method=baseline_cagrad loss=0.4863 train_acc=0.7193 train_loss=0.5385 val_acc=0.7008 val_loss=0.5828 router_H=0.4162 best=0.7008
           router_load=[0.025866353884339333, 0.7551282644271851, 0.15510530769824982, 0.06390026211738586]
[step 0200/200] method=baseline_cagrad loss=0.3996 train_acc=0.8028 train_loss=0.4424 val_acc=0.7344 val_loss=0.5613 router_H=0.3793 best=0.7344
           router_load=[0.04838302731513977, 0.752818763256073, 0.12066866457462311, 0.07812982052564621]
saved summary -> /home/zhujjing/MOE-grad-conflict-routing/runs/paper_suite/single_gpu/multi_task/glue4_gpt2_lora_e4_k2/hpo/cagrad/trial_runs/coord_02_train_weight_decay_007/cagrad_s3.json
saved curve -> /home/zhujjing/MOE-grad-conflict-routing/runs/paper_suite/single_gpu/multi_task/glue4_gpt2_lora_e4_k2/hpo/cagrad/trial_runs/coord_02_train_weight_decay_007/cagrad_s3_curve.csv
