[run] method=baseline candidate=local_var_topk_022 seed=2 steps=150 gpu=0
[run] cmd=
/home/zhujjing/anaconda3/envs/moe/bin/python /home/zhujjing/MOE-grad-conflict-routing/scripts/run.py --config configs/singletask_sst2_real.yaml --set model.backbone_backend=hf --set model.hf_load_pretrained=true --set model.hf_local_files_only=true --set model.backbone=deberta --set model.hf_pretrained_name=microsoft/deberta-v3-base --set model.expert_type=lora --set model.routing_mode=topk --set model.num_experts=4 --set model.top_k=2 --set seed=2 --set method.name=baseline_avg --set train.steps=150 --set train.eval_every_steps=50 --set train.grad_clip=1.423562336 --set train.lr=6.1477389e-05 --set train.weight_decay=0.01 --out /home/zhujjing/MOE-grad-conflict-routing/runs/paper_suite/single_gpu/single_task/deberta_sst2_lora_e4_k2_supplement/hpo/baseline/trial_runs/local_var_topk_022/baseline_s2.json --curve_out /home/zhujjing/MOE-grad-conflict-routing/runs/paper_suite/single_gpu/single_task/deberta_sst2_lora_e4_k2_supplement/hpo/baseline/trial_runs/local_var_topk_022/baseline_s2_curve.csv
Using the latest cached version of the dataset since glue couldn't be found on the Hugging Face Hub (offline mode is enabled).
Found the latest cached dataset configuration 'sst2' at /home/zhujjing/hf_cache/datasets/glue/sst2/0.0.0/bcdcba79d07bc864c1c254ccfcedcce55bcc9a8c (last modified on Thu Mar 19 15:01:41 2026).
/home/zhujjing/anaconda3/envs/moe/lib/python3.10/site-packages/transformers/utils/hub.py:124: FutureWarning: Using `TRANSFORMERS_CACHE` is deprecated and will be removed in v5 of Transformers. Use `HF_HOME` instead.
  warnings.warn(
/home/zhujjing/anaconda3/envs/moe/lib/python3.10/site-packages/transformers/convert_slow_tokenizer.py:560: UserWarning: The sentencepiece tokenizer that you are converting to a fast tokenizer uses the byte fallback option which is not implemented in the fast tokenizers. In practice this means that the fast version of the tokenizer can produce unknown tokens whereas the sentencepiece version would have converted these unknown tokens into a sequence of byte tokens matching the original piece of text.
  warnings.warn(
[step 0001/150] method=baseline_avg loss=0.8439 train_acc=nan train_loss=nan val_acc=nan val_loss=nan best=-1.0000
[step 0010/150] method=baseline_avg loss=0.6011 train_acc=nan train_loss=nan val_acc=nan val_loss=nan best=-1.0000
[step 0020/150] method=baseline_avg loss=0.1502 train_acc=nan train_loss=nan val_acc=nan val_loss=nan best=-1.0000
[step 0030/150] method=baseline_avg loss=0.4912 train_acc=nan train_loss=nan val_acc=nan val_loss=nan best=-1.0000
[step 0040/150] method=baseline_avg loss=0.0845 train_acc=nan train_loss=nan val_acc=nan val_loss=nan best=-1.0000
[step 0050/150] method=baseline_avg loss=0.1956 train_acc=0.8425 train_loss=0.4334 val_acc=0.7397 val_loss=0.6988 router_H=0.6400 best=0.7397
           router_load=[0.33933043479919434, 0.5556303262710571, 0.10200648009777069, 0.003032818902283907]
[step 0060/150] method=baseline_avg loss=0.2580 train_acc=0.8425 train_loss=0.4334 val_acc=0.7397 val_loss=0.6988 router_H=0.6400 best=0.7397
           router_load=[0.33933043479919434, 0.5556303262710571, 0.10200648009777069, 0.003032818902283907]
[step 0070/150] method=baseline_avg loss=0.4285 train_acc=0.8425 train_loss=0.4334 val_acc=0.7397 val_loss=0.6988 router_H=0.6400 best=0.7397
           router_load=[0.33933043479919434, 0.5556303262710571, 0.10200648009777069, 0.003032818902283907]
[step 0080/150] method=baseline_avg loss=0.3343 train_acc=0.8425 train_loss=0.4334 val_acc=0.7397 val_loss=0.6988 router_H=0.6400 best=0.7397
           router_load=[0.33933043479919434, 0.5556303262710571, 0.10200648009777069, 0.003032818902283907]
[step 0090/150] method=baseline_avg loss=0.6917 train_acc=0.8425 train_loss=0.4334 val_acc=0.7397 val_loss=0.6988 router_H=0.6400 best=0.7397
           router_load=[0.33933043479919434, 0.5556303262710571, 0.10200648009777069, 0.003032818902283907]
[step 0100/150] method=baseline_avg loss=0.1428 train_acc=0.9183 train_loss=0.2411 val_acc=0.9140 val_loss=0.2567 router_H=0.6556 best=0.9140
           router_load=[0.3167862594127655, 0.3341823220252991, 0.10934080183506012, 0.2396906465291977]
[step 0110/150] method=baseline_avg loss=0.2071 train_acc=0.9183 train_loss=0.2411 val_acc=0.9140 val_loss=0.2567 router_H=0.6556 best=0.9140
           router_load=[0.3167862594127655, 0.3341823220252991, 0.10934080183506012, 0.2396906465291977]
[step 0120/150] method=baseline_avg loss=0.2254 train_acc=0.9183 train_loss=0.2411 val_acc=0.9140 val_loss=0.2567 router_H=0.6556 best=0.9140
           router_load=[0.3167862594127655, 0.3341823220252991, 0.10934080183506012, 0.2396906465291977]
[step 0130/150] method=baseline_avg loss=0.2588 train_acc=0.9183 train_loss=0.2411 val_acc=0.9140 val_loss=0.2567 router_H=0.6556 best=0.9140
           router_load=[0.3167862594127655, 0.3341823220252991, 0.10934080183506012, 0.2396906465291977]
[step 0140/150] method=baseline_avg loss=0.1486 train_acc=0.9183 train_loss=0.2411 val_acc=0.9140 val_loss=0.2567 router_H=0.6556 best=0.9140
           router_load=[0.3167862594127655, 0.3341823220252991, 0.10934080183506012, 0.2396906465291977]
[step 0150/150] method=baseline_avg loss=0.3152 train_acc=0.9041 train_loss=0.2436 val_acc=0.9140 val_loss=0.2441 router_H=0.6483 best=0.9140
           router_load=[0.2468823790550232, 0.3259412348270416, 0.02863088808953762, 0.3985455632209778]
saved summary -> /home/zhujjing/MOE-grad-conflict-routing/runs/paper_suite/single_gpu/single_task/deberta_sst2_lora_e4_k2_supplement/hpo/baseline/trial_runs/local_var_topk_022/baseline_s2.json
saved curve -> /home/zhujjing/MOE-grad-conflict-routing/runs/paper_suite/single_gpu/single_task/deberta_sst2_lora_e4_k2_supplement/hpo/baseline/trial_runs/local_var_topk_022/baseline_s2_curve.csv
