[run] method=baseline candidate=local_var_topk_006 seed=3 steps=150 gpu=0
[run] cmd=
/home/zhujjing/anaconda3/envs/moe/bin/python /home/zhujjing/MOE-grad-conflict-routing/scripts/run.py --config configs/singletask_sst2_real.yaml --set model.backbone_backend=hf --set model.hf_load_pretrained=true --set model.hf_local_files_only=true --set model.backbone=deberta --set model.hf_pretrained_name=microsoft/deberta-v3-base --set model.expert_type=lora --set model.routing_mode=topk --set model.num_experts=4 --set model.top_k=2 --set seed=3 --set method.name=baseline_avg --set train.steps=150 --set train.eval_every_steps=50 --set train.grad_clip=1.723562336 --set train.lr=1.5369347e-05 --set train.weight_decay=0 --out /home/zhujjing/MOE-grad-conflict-routing/runs/paper_suite/single_gpu/single_task/deberta_sst2_lora_e4_k2_supplement/hpo/baseline/trial_runs/local_var_topk_006/baseline_s3.json --curve_out /home/zhujjing/MOE-grad-conflict-routing/runs/paper_suite/single_gpu/single_task/deberta_sst2_lora_e4_k2_supplement/hpo/baseline/trial_runs/local_var_topk_006/baseline_s3_curve.csv
Using the latest cached version of the dataset since glue couldn't be found on the Hugging Face Hub (offline mode is enabled).
Found the latest cached dataset configuration 'sst2' at /home/zhujjing/hf_cache/datasets/glue/sst2/0.0.0/bcdcba79d07bc864c1c254ccfcedcce55bcc9a8c (last modified on Thu Mar 19 15:01:41 2026).
/home/zhujjing/anaconda3/envs/moe/lib/python3.10/site-packages/transformers/utils/hub.py:124: FutureWarning: Using `TRANSFORMERS_CACHE` is deprecated and will be removed in v5 of Transformers. Use `HF_HOME` instead.
  warnings.warn(
/home/zhujjing/anaconda3/envs/moe/lib/python3.10/site-packages/transformers/convert_slow_tokenizer.py:560: UserWarning: The sentencepiece tokenizer that you are converting to a fast tokenizer uses the byte fallback option which is not implemented in the fast tokenizers. In practice this means that the fast version of the tokenizer can produce unknown tokens whereas the sentencepiece version would have converted these unknown tokens into a sequence of byte tokens matching the original piece of text.
  warnings.warn(
[step 0001/150] method=baseline_avg loss=0.7830 train_acc=nan train_loss=nan val_acc=nan val_loss=nan best=-1.0000
[step 0010/150] method=baseline_avg loss=0.5802 train_acc=nan train_loss=nan val_acc=nan val_loss=nan best=-1.0000
[step 0020/150] method=baseline_avg loss=0.5430 train_acc=nan train_loss=nan val_acc=nan val_loss=nan best=-1.0000
[step 0030/150] method=baseline_avg loss=0.5569 train_acc=nan train_loss=nan val_acc=nan val_loss=nan best=-1.0000
[step 0040/150] method=baseline_avg loss=0.4620 train_acc=nan train_loss=nan val_acc=nan val_loss=nan best=-1.0000
[step 0050/150] method=baseline_avg loss=0.4788 train_acc=0.8990 train_loss=0.2812 val_acc=0.8911 val_loss=0.2805 router_H=0.6703 best=0.8911
           router_load=[0.001168876769952476, 0.5767198204994202, 0.35495030879974365, 0.0671609491109848]
[step 0060/150] method=baseline_avg loss=0.4113 train_acc=0.8990 train_loss=0.2812 val_acc=0.8911 val_loss=0.2805 router_H=0.6703 best=0.8911
           router_load=[0.001168876769952476, 0.5767198204994202, 0.35495030879974365, 0.0671609491109848]
[step 0070/150] method=baseline_avg loss=0.2762 train_acc=0.8990 train_loss=0.2812 val_acc=0.8911 val_loss=0.2805 router_H=0.6703 best=0.8911
           router_load=[0.001168876769952476, 0.5767198204994202, 0.35495030879974365, 0.0671609491109848]
[step 0080/150] method=baseline_avg loss=0.1187 train_acc=0.8990 train_loss=0.2812 val_acc=0.8911 val_loss=0.2805 router_H=0.6703 best=0.8911
           router_load=[0.001168876769952476, 0.5767198204994202, 0.35495030879974365, 0.0671609491109848]
[step 0090/150] method=baseline_avg loss=0.1220 train_acc=0.8990 train_loss=0.2812 val_acc=0.8911 val_loss=0.2805 router_H=0.6703 best=0.8911
           router_load=[0.001168876769952476, 0.5767198204994202, 0.35495030879974365, 0.0671609491109848]
[step 0100/150] method=baseline_avg loss=0.1729 train_acc=0.9086 train_loss=0.2438 val_acc=0.9232 val_loss=0.2073 router_H=0.6673 best=0.9232
           router_load=[0.0013358754804357886, 0.559105396270752, 0.2564745843410492, 0.18308407068252563]
[step 0110/150] method=baseline_avg loss=0.6545 train_acc=0.9086 train_loss=0.2438 val_acc=0.9232 val_loss=0.2073 router_H=0.6673 best=0.9232
           router_load=[0.0013358754804357886, 0.559105396270752, 0.2564745843410492, 0.18308407068252563]
[step 0120/150] method=baseline_avg loss=0.2942 train_acc=0.9086 train_loss=0.2438 val_acc=0.9232 val_loss=0.2073 router_H=0.6673 best=0.9232
           router_load=[0.0013358754804357886, 0.559105396270752, 0.2564745843410492, 0.18308407068252563]
[step 0130/150] method=baseline_avg loss=0.2673 train_acc=0.9086 train_loss=0.2438 val_acc=0.9232 val_loss=0.2073 router_H=0.6673 best=0.9232
           router_load=[0.0013358754804357886, 0.559105396270752, 0.2564745843410492, 0.18308407068252563]
[step 0140/150] method=baseline_avg loss=0.3177 train_acc=0.9086 train_loss=0.2438 val_acc=0.9232 val_loss=0.2073 router_H=0.6673 best=0.9232
           router_load=[0.0013358754804357886, 0.559105396270752, 0.2564745843410492, 0.18308407068252563]
[step 0150/150] method=baseline_avg loss=0.1389 train_acc=0.9200 train_loss=0.2016 val_acc=0.9300 val_loss=0.1854 router_H=0.6660 best=0.9300
           router_load=[0.01900637336075306, 0.5805906653404236, 0.24742692708969116, 0.15297599136829376]
saved summary -> /home/zhujjing/MOE-grad-conflict-routing/runs/paper_suite/single_gpu/single_task/deberta_sst2_lora_e4_k2_supplement/hpo/baseline/trial_runs/local_var_topk_006/baseline_s3.json
saved curve -> /home/zhujjing/MOE-grad-conflict-routing/runs/paper_suite/single_gpu/single_task/deberta_sst2_lora_e4_k2_supplement/hpo/baseline/trial_runs/local_var_topk_006/baseline_s3_curve.csv
