[run] method=baseline candidate=local_var_topk_007 seed=3 steps=150 gpu=0
[run] cmd=
/home/zhujjing/anaconda3/envs/moe/bin/python /home/zhujjing/MOE-grad-conflict-routing/scripts/run.py --config configs/singletask_sst2_real.yaml --set model.backbone_backend=hf --set model.hf_load_pretrained=true --set model.hf_local_files_only=true --set model.backbone=deberta --set model.hf_pretrained_name=microsoft/deberta-v3-base --set model.expert_type=lora --set model.routing_mode=topk --set model.num_experts=4 --set model.top_k=2 --set seed=3 --set method.name=baseline_avg --set train.steps=150 --set train.eval_every_steps=50 --set train.grad_clip=1.723562336 --set train.lr=1.5369347e-05 --set train.weight_decay=0.01 --out /home/zhujjing/MOE-grad-conflict-routing/runs/paper_suite/single_gpu/single_task/deberta_sst2_lora_e4_k2_supplement/hpo/baseline/trial_runs/local_var_topk_007/baseline_s3.json --curve_out /home/zhujjing/MOE-grad-conflict-routing/runs/paper_suite/single_gpu/single_task/deberta_sst2_lora_e4_k2_supplement/hpo/baseline/trial_runs/local_var_topk_007/baseline_s3_curve.csv
Using the latest cached version of the dataset since glue couldn't be found on the Hugging Face Hub (offline mode is enabled).
Found the latest cached dataset configuration 'sst2' at /home/zhujjing/hf_cache/datasets/glue/sst2/0.0.0/bcdcba79d07bc864c1c254ccfcedcce55bcc9a8c (last modified on Thu Mar 19 15:01:41 2026).
/home/zhujjing/anaconda3/envs/moe/lib/python3.10/site-packages/transformers/utils/hub.py:124: FutureWarning: Using `TRANSFORMERS_CACHE` is deprecated and will be removed in v5 of Transformers. Use `HF_HOME` instead.
  warnings.warn(
/home/zhujjing/anaconda3/envs/moe/lib/python3.10/site-packages/transformers/convert_slow_tokenizer.py:560: UserWarning: The sentencepiece tokenizer that you are converting to a fast tokenizer uses the byte fallback option which is not implemented in the fast tokenizers. In practice this means that the fast version of the tokenizer can produce unknown tokens whereas the sentencepiece version would have converted these unknown tokens into a sequence of byte tokens matching the original piece of text.
  warnings.warn(
[step 0001/150] method=baseline_avg loss=0.6493 train_acc=nan train_loss=nan val_acc=nan val_loss=nan best=-1.0000
[step 0010/150] method=baseline_avg loss=0.6454 train_acc=nan train_loss=nan val_acc=nan val_loss=nan best=-1.0000
[step 0020/150] method=baseline_avg loss=0.6025 train_acc=nan train_loss=nan val_acc=nan val_loss=nan best=-1.0000
[step 0030/150] method=baseline_avg loss=0.6239 train_acc=nan train_loss=nan val_acc=nan val_loss=nan best=-1.0000
[step 0040/150] method=baseline_avg loss=0.4574 train_acc=nan train_loss=nan val_acc=nan val_loss=nan best=-1.0000
[step 0050/150] method=baseline_avg loss=0.5147 train_acc=0.8691 train_loss=0.3326 val_acc=0.8807 val_loss=0.3171 router_H=0.6619 best=0.8807
           router_load=[0.06585656106472015, 0.2836385667324066, 0.057366400957107544, 0.5931383371353149]
[step 0060/150] method=baseline_avg loss=0.4195 train_acc=0.8691 train_loss=0.3326 val_acc=0.8807 val_loss=0.3171 router_H=0.6619 best=0.8807
           router_load=[0.06585656106472015, 0.2836385667324066, 0.057366400957107544, 0.5931383371353149]
[step 0070/150] method=baseline_avg loss=0.2026 train_acc=0.8691 train_loss=0.3326 val_acc=0.8807 val_loss=0.3171 router_H=0.6619 best=0.8807
           router_load=[0.06585656106472015, 0.2836385667324066, 0.057366400957107544, 0.5931383371353149]
[step 0080/150] method=baseline_avg loss=0.1209 train_acc=0.8691 train_loss=0.3326 val_acc=0.8807 val_loss=0.3171 router_H=0.6619 best=0.8807
           router_load=[0.06585656106472015, 0.2836385667324066, 0.057366400957107544, 0.5931383371353149]
[step 0090/150] method=baseline_avg loss=0.2549 train_acc=0.8691 train_loss=0.3326 val_acc=0.8807 val_loss=0.3171 router_H=0.6619 best=0.8807
           router_load=[0.06585656106472015, 0.2836385667324066, 0.057366400957107544, 0.5931383371353149]
[step 0100/150] method=baseline_avg loss=0.1417 train_acc=0.9077 train_loss=0.2596 val_acc=0.9220 val_loss=0.2375 router_H=0.6603 best=0.9220
           router_load=[0.07394365221261978, 0.3289222717285156, 0.13174939155578613, 0.4653846323490143]
[step 0110/150] method=baseline_avg loss=0.4678 train_acc=0.9077 train_loss=0.2596 val_acc=0.9220 val_loss=0.2375 router_H=0.6603 best=0.9220
           router_load=[0.07394365221261978, 0.3289222717285156, 0.13174939155578613, 0.4653846323490143]
[step 0120/150] method=baseline_avg loss=0.4641 train_acc=0.9077 train_loss=0.2596 val_acc=0.9220 val_loss=0.2375 router_H=0.6603 best=0.9220
           router_load=[0.07394365221261978, 0.3289222717285156, 0.13174939155578613, 0.4653846323490143]
[step 0130/150] method=baseline_avg loss=0.2330 train_acc=0.9077 train_loss=0.2596 val_acc=0.9220 val_loss=0.2375 router_H=0.6603 best=0.9220
           router_load=[0.07394365221261978, 0.3289222717285156, 0.13174939155578613, 0.4653846323490143]
[step 0140/150] method=baseline_avg loss=0.1758 train_acc=0.9077 train_loss=0.2596 val_acc=0.9220 val_loss=0.2375 router_H=0.6603 best=0.9220
           router_load=[0.07394365221261978, 0.3289222717285156, 0.13174939155578613, 0.4653846323490143]
[step 0150/150] method=baseline_avg loss=0.2236 train_acc=0.9209 train_loss=0.2135 val_acc=0.9232 val_loss=0.2085 router_H=0.6752 best=0.9232
           router_load=[0.08270727097988129, 0.2720012962818146, 0.1656157225370407, 0.4796757400035858]
saved summary -> /home/zhujjing/MOE-grad-conflict-routing/runs/paper_suite/single_gpu/single_task/deberta_sst2_lora_e4_k2_supplement/hpo/baseline/trial_runs/local_var_topk_007/baseline_s3.json
saved curve -> /home/zhujjing/MOE-grad-conflict-routing/runs/paper_suite/single_gpu/single_task/deberta_sst2_lora_e4_k2_supplement/hpo/baseline/trial_runs/local_var_topk_007/baseline_s3_curve.csv
