[run] method=baseline candidate=local_var_topk_012 seed=3 steps=150 gpu=0
[run] cmd=
/home/zhujjing/anaconda3/envs/moe/bin/python /home/zhujjing/MOE-grad-conflict-routing/scripts/run.py --config configs/singletask_sst2_real.yaml --set model.backbone_backend=hf --set model.hf_load_pretrained=true --set model.hf_local_files_only=true --set model.backbone=deberta --set model.hf_pretrained_name=microsoft/deberta-v3-base --set model.expert_type=lora --set model.routing_mode=topk --set model.num_experts=4 --set model.top_k=2 --set seed=3 --set method.name=baseline_avg --set train.steps=150 --set train.eval_every_steps=50 --set train.grad_clip=1.423562336 --set train.lr=3.0738695e-05 --set train.weight_decay=0 --out /home/zhujjing/MOE-grad-conflict-routing/runs/paper_suite/single_gpu/single_task/deberta_sst2_lora_e4_k2_supplement/hpo/baseline/trial_runs/local_var_topk_012/baseline_s3.json --curve_out /home/zhujjing/MOE-grad-conflict-routing/runs/paper_suite/single_gpu/single_task/deberta_sst2_lora_e4_k2_supplement/hpo/baseline/trial_runs/local_var_topk_012/baseline_s3_curve.csv
Using the latest cached version of the dataset since glue couldn't be found on the Hugging Face Hub (offline mode is enabled).
Found the latest cached dataset configuration 'sst2' at /home/zhujjing/hf_cache/datasets/glue/sst2/0.0.0/bcdcba79d07bc864c1c254ccfcedcce55bcc9a8c (last modified on Thu Mar 19 15:01:41 2026).
/home/zhujjing/anaconda3/envs/moe/lib/python3.10/site-packages/transformers/utils/hub.py:124: FutureWarning: Using `TRANSFORMERS_CACHE` is deprecated and will be removed in v5 of Transformers. Use `HF_HOME` instead.
  warnings.warn(
/home/zhujjing/anaconda3/envs/moe/lib/python3.10/site-packages/transformers/convert_slow_tokenizer.py:560: UserWarning: The sentencepiece tokenizer that you are converting to a fast tokenizer uses the byte fallback option which is not implemented in the fast tokenizers. In practice this means that the fast version of the tokenizer can produce unknown tokens whereas the sentencepiece version would have converted these unknown tokens into a sequence of byte tokens matching the original piece of text.
  warnings.warn(
[step 0001/150] method=baseline_avg loss=1.2656 train_acc=nan train_loss=nan val_acc=nan val_loss=nan best=-1.0000
[step 0010/150] method=baseline_avg loss=0.5864 train_acc=nan train_loss=nan val_acc=nan val_loss=nan best=-1.0000
[step 0020/150] method=baseline_avg loss=0.5525 train_acc=nan train_loss=nan val_acc=nan val_loss=nan best=-1.0000
[step 0030/150] method=baseline_avg loss=0.5324 train_acc=nan train_loss=nan val_acc=nan val_loss=nan best=-1.0000
[step 0040/150] method=baseline_avg loss=0.3839 train_acc=nan train_loss=nan val_acc=nan val_loss=nan best=-1.0000
[step 0050/150] method=baseline_avg loss=0.4341 train_acc=0.9037 train_loss=0.2505 val_acc=0.8991 val_loss=0.2541 router_H=0.6816 best=0.8991
           router_load=[0.004601792432367802, 0.12266446650028229, 0.4770413637161255, 0.3956923484802246]
[step 0060/150] method=baseline_avg loss=0.4687 train_acc=0.9037 train_loss=0.2505 val_acc=0.8991 val_loss=0.2541 router_H=0.6816 best=0.8991
           router_load=[0.004601792432367802, 0.12266446650028229, 0.4770413637161255, 0.3956923484802246]
[step 0070/150] method=baseline_avg loss=0.3800 train_acc=0.9037 train_loss=0.2505 val_acc=0.8991 val_loss=0.2541 router_H=0.6816 best=0.8991
           router_load=[0.004601792432367802, 0.12266446650028229, 0.4770413637161255, 0.3956923484802246]
[step 0080/150] method=baseline_avg loss=0.1937 train_acc=0.9037 train_loss=0.2505 val_acc=0.8991 val_loss=0.2541 router_H=0.6816 best=0.8991
           router_load=[0.004601792432367802, 0.12266446650028229, 0.4770413637161255, 0.3956923484802246]
[step 0090/150] method=baseline_avg loss=0.0857 train_acc=0.9037 train_loss=0.2505 val_acc=0.8991 val_loss=0.2541 router_H=0.6816 best=0.8991
           router_load=[0.004601792432367802, 0.12266446650028229, 0.4770413637161255, 0.3956923484802246]
[step 0100/150] method=baseline_avg loss=0.2401 train_acc=0.9225 train_loss=0.2393 val_acc=0.9358 val_loss=0.2062 router_H=0.6788 best=0.9358
           router_load=[0.028541356325149536, 0.15089625120162964, 0.5015761256217957, 0.31898626685142517]
[step 0110/150] method=baseline_avg loss=0.5308 train_acc=0.9225 train_loss=0.2393 val_acc=0.9358 val_loss=0.2062 router_H=0.6788 best=0.9358
           router_load=[0.028541356325149536, 0.15089625120162964, 0.5015761256217957, 0.31898626685142517]
[step 0120/150] method=baseline_avg loss=0.6619 train_acc=0.9225 train_loss=0.2393 val_acc=0.9358 val_loss=0.2062 router_H=0.6788 best=0.9358
           router_load=[0.028541356325149536, 0.15089625120162964, 0.5015761256217957, 0.31898626685142517]
[step 0130/150] method=baseline_avg loss=0.1523 train_acc=0.9225 train_loss=0.2393 val_acc=0.9358 val_loss=0.2062 router_H=0.6788 best=0.9358
           router_load=[0.028541356325149536, 0.15089625120162964, 0.5015761256217957, 0.31898626685142517]
[step 0140/150] method=baseline_avg loss=0.2958 train_acc=0.9225 train_loss=0.2393 val_acc=0.9358 val_loss=0.2062 router_H=0.6788 best=0.9358
           router_load=[0.028541356325149536, 0.15089625120162964, 0.5015761256217957, 0.31898626685142517]
[step 0150/150] method=baseline_avg loss=0.2924 train_acc=0.9235 train_loss=0.2210 val_acc=0.9323 val_loss=0.1989 router_H=0.6742 best=0.9358
           router_load=[0.1175655871629715, 0.08669792860746384, 0.5035587549209595, 0.29217779636383057]
saved summary -> /home/zhujjing/MOE-grad-conflict-routing/runs/paper_suite/single_gpu/single_task/deberta_sst2_lora_e4_k2_supplement/hpo/baseline/trial_runs/local_var_topk_012/baseline_s3.json
saved curve -> /home/zhujjing/MOE-grad-conflict-routing/runs/paper_suite/single_gpu/single_task/deberta_sst2_lora_e4_k2_supplement/hpo/baseline/trial_runs/local_var_topk_012/baseline_s3_curve.csv
