[run] method=baseline candidate=local_var_topk_021 seed=3 steps=200 gpu=0
[run] cmd=
/home/zhujjing/anaconda3/envs/moe/bin/python /home/zhujjing/MOE-grad-conflict-routing/scripts/run.py --config configs/multitask_glue4_real.yaml --set model.backbone_backend=hf --set model.hf_load_pretrained=true --set model.hf_local_files_only=true --set model.backbone=roberta --set model.hf_pretrained_name=roberta-base --set model.expert_type=lora --set model.routing_mode=topk --set model.num_experts=4 --set model.top_k=2 --set train.eval_train_fraction=0.10 --set train.eval_train_max_batches=-1 --set train.eval_max_batches=-1 --set seed=3 --set method.name=baseline_avg --set train.steps=200 --set train.eval_every_steps=100 --set train.grad_clip=0.5277354059 --set train.lr=6.1477389e-05 --set train.weight_decay=0.02175375625 --out /home/zhujjing/MOE-grad-conflict-routing/runs/paper_suite/single_gpu/multi_task/glue4_roberta_lora_e4_k2/hpo/baseline/trial_runs/local_var_topk_021/baseline_s3.json --curve_out /home/zhujjing/MOE-grad-conflict-routing/runs/paper_suite/single_gpu/multi_task/glue4_roberta_lora_e4_k2/hpo/baseline/trial_runs/local_var_topk_021/baseline_s3_curve.csv
Using the latest cached version of the dataset since glue couldn't be found on the Hugging Face Hub (offline mode is enabled).
Found the latest cached dataset configuration 'rte' at /home/zhujjing/hf_cache/datasets/glue/rte/0.0.0/bcdcba79d07bc864c1c254ccfcedcce55bcc9a8c (last modified on Thu Mar 19 15:00:36 2026).
/home/zhujjing/anaconda3/envs/moe/lib/python3.10/site-packages/transformers/utils/hub.py:124: FutureWarning: Using `TRANSFORMERS_CACHE` is deprecated and will be removed in v5 of Transformers. Use `HF_HOME` instead.
  warnings.warn(
Using the latest cached version of the dataset since glue couldn't be found on the Hugging Face Hub (offline mode is enabled).
Found the latest cached dataset configuration 'mrpc' at /home/zhujjing/hf_cache/datasets/glue/mrpc/0.0.0/bcdcba79d07bc864c1c254ccfcedcce55bcc9a8c (last modified on Thu Mar 19 15:01:06 2026).
Using the latest cached version of the dataset since glue couldn't be found on the Hugging Face Hub (offline mode is enabled).
Found the latest cached dataset configuration 'sst2' at /home/zhujjing/hf_cache/datasets/glue/sst2/0.0.0/bcdcba79d07bc864c1c254ccfcedcce55bcc9a8c (last modified on Thu Mar 19 15:01:41 2026).
Using the latest cached version of the dataset since glue couldn't be found on the Hugging Face Hub (offline mode is enabled).
Found the latest cached dataset configuration 'cola' at /home/zhujjing/hf_cache/datasets/glue/cola/0.0.0/bcdcba79d07bc864c1c254ccfcedcce55bcc9a8c (last modified on Thu Mar 19 15:02:09 2026).
Some weights of RobertaModel were not initialized from the model checkpoint at roberta-base and are newly initialized: ['roberta.pooler.dense.bias', 'roberta.pooler.dense.weight']
You should probably TRAIN this model on a down-stream task to be able to use it for predictions and inference.
[step 0001/200] method=baseline_avg loss=0.7003 train_acc=nan train_loss=nan val_acc=nan val_loss=nan best=-1.0000
[step 0010/200] method=baseline_avg loss=0.6373 train_acc=nan train_loss=nan val_acc=nan val_loss=nan best=-1.0000
[step 0020/200] method=baseline_avg loss=0.6622 train_acc=nan train_loss=nan val_acc=nan val_loss=nan best=-1.0000
[step 0030/200] method=baseline_avg loss=0.5809 train_acc=nan train_loss=nan val_acc=nan val_loss=nan best=-1.0000
[step 0040/200] method=baseline_avg loss=0.5503 train_acc=nan train_loss=nan val_acc=nan val_loss=nan best=-1.0000
[step 0050/200] method=baseline_avg loss=0.5947 train_acc=nan train_loss=nan val_acc=nan val_loss=nan best=-1.0000
[step 0060/200] method=baseline_avg loss=0.5518 train_acc=nan train_loss=nan val_acc=nan val_loss=nan best=-1.0000
[step 0070/200] method=baseline_avg loss=0.5176 train_acc=nan train_loss=nan val_acc=nan val_loss=nan best=-1.0000
[step 0080/200] method=baseline_avg loss=0.5083 train_acc=nan train_loss=nan val_acc=nan val_loss=nan best=-1.0000
[step 0090/200] method=baseline_avg loss=0.5597 train_acc=nan train_loss=nan val_acc=nan val_loss=nan best=-1.0000
[step 0100/200] method=baseline_avg loss=0.5740 train_acc=0.7370 train_loss=0.4989 val_acc=0.7322 val_loss=0.5039 router_H=0.6870 best=0.7322
           router_load=[0.0223971139639616, 0.2678403854370117, 0.516551673412323, 0.193210631608963]
[step 0110/200] method=baseline_avg loss=0.5333 train_acc=0.7370 train_loss=0.4989 val_acc=0.7322 val_loss=0.5039 router_H=0.6870 best=0.7322
           router_load=[0.0223971139639616, 0.2678403854370117, 0.516551673412323, 0.193210631608963]
[step 0120/200] method=baseline_avg loss=0.5052 train_acc=0.7370 train_loss=0.4989 val_acc=0.7322 val_loss=0.5039 router_H=0.6870 best=0.7322
           router_load=[0.0223971139639616, 0.2678403854370117, 0.516551673412323, 0.193210631608963]
[step 0130/200] method=baseline_avg loss=0.5528 train_acc=0.7370 train_loss=0.4989 val_acc=0.7322 val_loss=0.5039 router_H=0.6870 best=0.7322
           router_load=[0.0223971139639616, 0.2678403854370117, 0.516551673412323, 0.193210631608963]
[step 0140/200] method=baseline_avg loss=0.3918 train_acc=0.7370 train_loss=0.4989 val_acc=0.7322 val_loss=0.5039 router_H=0.6870 best=0.7322
           router_load=[0.0223971139639616, 0.2678403854370117, 0.516551673412323, 0.193210631608963]
[step 0150/200] method=baseline_avg loss=0.4983 train_acc=0.7370 train_loss=0.4989 val_acc=0.7322 val_loss=0.5039 router_H=0.6870 best=0.7322
           router_load=[0.0223971139639616, 0.2678403854370117, 0.516551673412323, 0.193210631608963]
[step 0160/200] method=baseline_avg loss=0.5077 train_acc=0.7370 train_loss=0.4989 val_acc=0.7322 val_loss=0.5039 router_H=0.6870 best=0.7322
           router_load=[0.0223971139639616, 0.2678403854370117, 0.516551673412323, 0.193210631608963]
[step 0170/200] method=baseline_avg loss=0.4450 train_acc=0.7370 train_loss=0.4989 val_acc=0.7322 val_loss=0.5039 router_H=0.6870 best=0.7322
           router_load=[0.0223971139639616, 0.2678403854370117, 0.516551673412323, 0.193210631608963]
[step 0180/200] method=baseline_avg loss=0.4018 train_acc=0.7370 train_loss=0.4989 val_acc=0.7322 val_loss=0.5039 router_H=0.6870 best=0.7322
           router_load=[0.0223971139639616, 0.2678403854370117, 0.516551673412323, 0.193210631608963]
[step 0190/200] method=baseline_avg loss=0.4973 train_acc=0.7370 train_loss=0.4989 val_acc=0.7322 val_loss=0.5039 router_H=0.6870 best=0.7322
           router_load=[0.0223971139639616, 0.2678403854370117, 0.516551673412323, 0.193210631608963]
[step 0200/200] method=baseline_avg loss=0.4324 train_acc=0.8029 train_loss=0.4221 val_acc=0.7311 val_loss=0.5505 router_H=0.6761 best=0.7322
           router_load=[0.018712783232331276, 0.18227450549602509, 0.556244969367981, 0.24276785552501678]
saved summary -> /home/zhujjing/MOE-grad-conflict-routing/runs/paper_suite/single_gpu/multi_task/glue4_roberta_lora_e4_k2/hpo/baseline/trial_runs/local_var_topk_021/baseline_s3.json
saved curve -> /home/zhujjing/MOE-grad-conflict-routing/runs/paper_suite/single_gpu/multi_task/glue4_roberta_lora_e4_k2/hpo/baseline/trial_runs/local_var_topk_021/baseline_s3_curve.csv
