[run] method=baseline candidate=local_var_topk_007 seed=3 steps=200 gpu=0
[run] cmd=
/home/zhujjing/anaconda3/envs/moe/bin/python /home/zhujjing/MOE-grad-conflict-routing/scripts/run.py --config configs/multitask_glue4_real.yaml --set model.backbone_backend=hf --set model.hf_load_pretrained=true --set model.hf_local_files_only=true --set model.backbone=roberta --set model.hf_pretrained_name=roberta-base --set model.expert_type=lora --set model.routing_mode=topk --set model.num_experts=4 --set model.top_k=2 --set train.eval_train_fraction=0.10 --set train.eval_train_max_batches=-1 --set train.eval_max_batches=-1 --set seed=3 --set method.name=baseline_avg --set train.steps=200 --set train.eval_every_steps=100 --set train.grad_clip=0.8277354059 --set train.lr=1.5369347e-05 --set train.weight_decay=0.03175375625 --out /home/zhujjing/MOE-grad-conflict-routing/runs/paper_suite/single_gpu/multi_task/glue4_roberta_lora_e4_k2/hpo/baseline/trial_runs/local_var_topk_007/baseline_s3.json --curve_out /home/zhujjing/MOE-grad-conflict-routing/runs/paper_suite/single_gpu/multi_task/glue4_roberta_lora_e4_k2/hpo/baseline/trial_runs/local_var_topk_007/baseline_s3_curve.csv
Using the latest cached version of the dataset since glue couldn't be found on the Hugging Face Hub (offline mode is enabled).
Found the latest cached dataset configuration 'rte' at /home/zhujjing/hf_cache/datasets/glue/rte/0.0.0/bcdcba79d07bc864c1c254ccfcedcce55bcc9a8c (last modified on Thu Mar 19 15:00:36 2026).
/home/zhujjing/anaconda3/envs/moe/lib/python3.10/site-packages/transformers/utils/hub.py:124: FutureWarning: Using `TRANSFORMERS_CACHE` is deprecated and will be removed in v5 of Transformers. Use `HF_HOME` instead.
  warnings.warn(
Using the latest cached version of the dataset since glue couldn't be found on the Hugging Face Hub (offline mode is enabled).
Found the latest cached dataset configuration 'mrpc' at /home/zhujjing/hf_cache/datasets/glue/mrpc/0.0.0/bcdcba79d07bc864c1c254ccfcedcce55bcc9a8c (last modified on Thu Mar 19 15:01:06 2026).
Using the latest cached version of the dataset since glue couldn't be found on the Hugging Face Hub (offline mode is enabled).
Found the latest cached dataset configuration 'sst2' at /home/zhujjing/hf_cache/datasets/glue/sst2/0.0.0/bcdcba79d07bc864c1c254ccfcedcce55bcc9a8c (last modified on Thu Mar 19 15:01:41 2026).
Using the latest cached version of the dataset since glue couldn't be found on the Hugging Face Hub (offline mode is enabled).
Found the latest cached dataset configuration 'cola' at /home/zhujjing/hf_cache/datasets/glue/cola/0.0.0/bcdcba79d07bc864c1c254ccfcedcce55bcc9a8c (last modified on Thu Mar 19 15:02:09 2026).
Some weights of RobertaModel were not initialized from the model checkpoint at roberta-base and are newly initialized: ['roberta.pooler.dense.bias', 'roberta.pooler.dense.weight']
You should probably TRAIN this model on a down-stream task to be able to use it for predictions and inference.
[step 0001/200] method=baseline_avg loss=0.6652 train_acc=nan train_loss=nan val_acc=nan val_loss=nan best=-1.0000
[step 0010/200] method=baseline_avg loss=0.6608 train_acc=nan train_loss=nan val_acc=nan val_loss=nan best=-1.0000
[step 0020/200] method=baseline_avg loss=0.6792 train_acc=nan train_loss=nan val_acc=nan val_loss=nan best=-1.0000
[step 0030/200] method=baseline_avg loss=0.6385 train_acc=nan train_loss=nan val_acc=nan val_loss=nan best=-1.0000
[step 0040/200] method=baseline_avg loss=0.6174 train_acc=nan train_loss=nan val_acc=nan val_loss=nan best=-1.0000
[step 0050/200] method=baseline_avg loss=0.6409 train_acc=nan train_loss=nan val_acc=nan val_loss=nan best=-1.0000
[step 0060/200] method=baseline_avg loss=0.5542 train_acc=nan train_loss=nan val_acc=nan val_loss=nan best=-1.0000
[step 0070/200] method=baseline_avg loss=0.5445 train_acc=nan train_loss=nan val_acc=nan val_loss=nan best=-1.0000
[step 0080/200] method=baseline_avg loss=0.4391 train_acc=nan train_loss=nan val_acc=nan val_loss=nan best=-1.0000
[step 0090/200] method=baseline_avg loss=0.5317 train_acc=nan train_loss=nan val_acc=nan val_loss=nan best=-1.0000
[step 0100/200] method=baseline_avg loss=0.5093 train_acc=0.7215 train_loss=0.4981 val_acc=0.7058 val_loss=0.5049 router_H=0.6739 best=0.7058
           router_load=[0.528216540813446, 0.26662418246269226, 0.09705376625061035, 0.10810554772615433]
[step 0110/200] method=baseline_avg loss=0.5275 train_acc=0.7215 train_loss=0.4981 val_acc=0.7058 val_loss=0.5049 router_H=0.6739 best=0.7058
           router_load=[0.528216540813446, 0.26662418246269226, 0.09705376625061035, 0.10810554772615433]
[step 0120/200] method=baseline_avg loss=0.5033 train_acc=0.7215 train_loss=0.4981 val_acc=0.7058 val_loss=0.5049 router_H=0.6739 best=0.7058
           router_load=[0.528216540813446, 0.26662418246269226, 0.09705376625061035, 0.10810554772615433]
[step 0130/200] method=baseline_avg loss=0.4710 train_acc=0.7215 train_loss=0.4981 val_acc=0.7058 val_loss=0.5049 router_H=0.6739 best=0.7058
           router_load=[0.528216540813446, 0.26662418246269226, 0.09705376625061035, 0.10810554772615433]
[step 0140/200] method=baseline_avg loss=0.4031 train_acc=0.7215 train_loss=0.4981 val_acc=0.7058 val_loss=0.5049 router_H=0.6739 best=0.7058
           router_load=[0.528216540813446, 0.26662418246269226, 0.09705376625061035, 0.10810554772615433]
[step 0150/200] method=baseline_avg loss=0.5205 train_acc=0.7215 train_loss=0.4981 val_acc=0.7058 val_loss=0.5049 router_H=0.6739 best=0.7058
           router_load=[0.528216540813446, 0.26662418246269226, 0.09705376625061035, 0.10810554772615433]
[step 0160/200] method=baseline_avg loss=0.5267 train_acc=0.7215 train_loss=0.4981 val_acc=0.7058 val_loss=0.5049 router_H=0.6739 best=0.7058
           router_load=[0.528216540813446, 0.26662418246269226, 0.09705376625061035, 0.10810554772615433]
[step 0170/200] method=baseline_avg loss=0.4578 train_acc=0.7215 train_loss=0.4981 val_acc=0.7058 val_loss=0.5049 router_H=0.6739 best=0.7058
           router_load=[0.528216540813446, 0.26662418246269226, 0.09705376625061035, 0.10810554772615433]
[step 0180/200] method=baseline_avg loss=0.4053 train_acc=0.7215 train_loss=0.4981 val_acc=0.7058 val_loss=0.5049 router_H=0.6739 best=0.7058
           router_load=[0.528216540813446, 0.26662418246269226, 0.09705376625061035, 0.10810554772615433]
[step 0190/200] method=baseline_avg loss=0.4551 train_acc=0.7215 train_loss=0.4981 val_acc=0.7058 val_loss=0.5049 router_H=0.6739 best=0.7058
           router_load=[0.528216540813446, 0.26662418246269226, 0.09705376625061035, 0.10810554772615433]
[step 0200/200] method=baseline_avg loss=0.4531 train_acc=0.7551 train_loss=0.4800 val_acc=0.7231 val_loss=0.5543 router_H=0.6734 best=0.7231
           router_load=[0.5429396033287048, 0.25200003385543823, 0.044388171285390854, 0.16067206859588623]
saved summary -> /home/zhujjing/MOE-grad-conflict-routing/runs/paper_suite/single_gpu/multi_task/glue4_roberta_lora_e4_k2/hpo/baseline/trial_runs/local_var_topk_007/baseline_s3.json
saved curve -> /home/zhujjing/MOE-grad-conflict-routing/runs/paper_suite/single_gpu/multi_task/glue4_roberta_lora_e4_k2/hpo/baseline/trial_runs/local_var_topk_007/baseline_s3_curve.csv
