[run] method=cagrad candidate=coord_03_train_grad_clip_002 seed=3 steps=1000 gpu=0
[run] cmd=
/home/zhujjing/anaconda3/envs/moe/bin/python /home/zhujjing/MOE-grad-conflict-routing/scripts/run.py --config configs/singletask_sst2_real.yaml --set model.backbone_backend=hf --set model.hf_load_pretrained=true --set model.backbone=roberta --set model.hf_pretrained_name=roberta-base --set model.expert_type=lora --set model.routing_mode=topk --set model.num_experts=4 --set model.top_k=2 --set seed=3 --set method.name=baseline_cagrad --set train.steps=1000 --set train.eval_every_steps=50 --set method.baseline_cagrad.c=0.4 --set method.baseline_cagrad.inner_lr=0.1 --set train.grad_clip=1.016176527 --set train.lr=2e-05 --set train.weight_decay=0.02884869601 --out /home/zhujjing/MOE-grad-conflict-routing/runs/paper_suite/single_gpu/single_task/roberta_sst2_lora_e4_k2/final/cagrad_s3.json --curve_out /home/zhujjing/MOE-grad-conflict-routing/runs/paper_suite/single_gpu/single_task/roberta_sst2_lora_e4_k2/final/cagrad_s3_curve.csv
Using the latest cached version of the dataset since glue couldn't be found on the Hugging Face Hub (offline mode is enabled).
Found the latest cached dataset configuration 'sst2' at /home/zhujjing/hf_cache/datasets/glue/sst2/0.0.0/bcdcba79d07bc864c1c254ccfcedcce55bcc9a8c (last modified on Thu Mar 19 15:01:41 2026).
/home/zhujjing/anaconda3/envs/moe/lib/python3.10/site-packages/transformers/utils/hub.py:124: FutureWarning: Using `TRANSFORMERS_CACHE` is deprecated and will be removed in v5 of Transformers. Use `HF_HOME` instead.
  warnings.warn(
Some weights of RobertaModel were not initialized from the model checkpoint at roberta-base and are newly initialized: ['roberta.pooler.dense.bias', 'roberta.pooler.dense.weight']
You should probably TRAIN this model on a down-stream task to be able to use it for predictions and inference.
[step 0001/1000] method=baseline_cagrad loss=0.6197 train_acc=nan train_loss=nan val_acc=nan val_loss=nan best=-1.0000
[step 0010/1000] method=baseline_cagrad loss=0.6366 train_acc=nan train_loss=nan val_acc=nan val_loss=nan best=-1.0000
[step 0020/1000] method=baseline_cagrad loss=0.6166 train_acc=nan train_loss=nan val_acc=nan val_loss=nan best=-1.0000
[step 0030/1000] method=baseline_cagrad loss=0.4979 train_acc=nan train_loss=nan val_acc=nan val_loss=nan best=-1.0000
[step 0040/1000] method=baseline_cagrad loss=0.3179 train_acc=nan train_loss=nan val_acc=nan val_loss=nan best=-1.0000
[step 0050/1000] method=baseline_cagrad loss=0.7379 train_acc=0.8512 train_loss=0.3885 val_acc=0.8417 val_loss=0.3986 router_H=0.6796 best=0.8417
           router_load=[0.0, 0.2715645134449005, 0.1754094958305359, 0.5530259609222412]
[step 0060/1000] method=baseline_cagrad loss=0.3447 train_acc=0.8512 train_loss=0.3885 val_acc=0.8417 val_loss=0.3986 router_H=0.6796 best=0.8417
           router_load=[0.0, 0.2715645134449005, 0.1754094958305359, 0.5530259609222412]
[step 0070/1000] method=baseline_cagrad loss=0.3608 train_acc=0.8512 train_loss=0.3885 val_acc=0.8417 val_loss=0.3986 router_H=0.6796 best=0.8417
           router_load=[0.0, 0.2715645134449005, 0.1754094958305359, 0.5530259609222412]
[step 0080/1000] method=baseline_cagrad loss=0.2241 train_acc=0.8512 train_loss=0.3885 val_acc=0.8417 val_loss=0.3986 router_H=0.6796 best=0.8417
           router_load=[0.0, 0.2715645134449005, 0.1754094958305359, 0.5530259609222412]
[step 0090/1000] method=baseline_cagrad loss=0.2186 train_acc=0.8512 train_loss=0.3885 val_acc=0.8417 val_loss=0.3986 router_H=0.6796 best=0.8417
           router_load=[0.0, 0.2715645134449005, 0.1754094958305359, 0.5530259609222412]
[step 0100/1000] method=baseline_cagrad loss=0.4358 train_acc=0.8834 train_loss=0.3070 val_acc=0.9117 val_loss=0.2626 router_H=0.6735 best=0.9117
           router_load=[0.010815933346748352, 0.20985761284828186, 0.1988162249326706, 0.5805102586746216]
[step 0110/1000] method=baseline_cagrad loss=0.4679 train_acc=0.8834 train_loss=0.3070 val_acc=0.9117 val_loss=0.2626 router_H=0.6735 best=0.9117
           router_load=[0.010815933346748352, 0.20985761284828186, 0.1988162249326706, 0.5805102586746216]
[step 0120/1000] method=baseline_cagrad loss=0.5382 train_acc=0.8834 train_loss=0.3070 val_acc=0.9117 val_loss=0.2626 router_H=0.6735 best=0.9117
           router_load=[0.010815933346748352, 0.20985761284828186, 0.1988162249326706, 0.5805102586746216]
[step 0130/1000] method=baseline_cagrad loss=0.6494 train_acc=0.8834 train_loss=0.3070 val_acc=0.9117 val_loss=0.2626 router_H=0.6735 best=0.9117
           router_load=[0.010815933346748352, 0.20985761284828186, 0.1988162249326706, 0.5805102586746216]
[step 0140/1000] method=baseline_cagrad loss=0.3097 train_acc=0.8834 train_loss=0.3070 val_acc=0.9117 val_loss=0.2626 router_H=0.6735 best=0.9117
           router_load=[0.010815933346748352, 0.20985761284828186, 0.1988162249326706, 0.5805102586746216]
[step 0150/1000] method=baseline_cagrad loss=0.2628 train_acc=0.8660 train_loss=0.3948 val_acc=0.8830 val_loss=0.3688 router_H=0.6790 best=0.9117
           router_load=[0.0038194425869733095, 0.21144475042819977, 0.21681402623653412, 0.5679218769073486]
[step 0160/1000] method=baseline_cagrad loss=0.5552 train_acc=0.8660 train_loss=0.3948 val_acc=0.8830 val_loss=0.3688 router_H=0.6790 best=0.9117
           router_load=[0.0038194425869733095, 0.21144475042819977, 0.21681402623653412, 0.5679218769073486]
[step 0170/1000] method=baseline_cagrad loss=0.4681 train_acc=0.8660 train_loss=0.3948 val_acc=0.8830 val_loss=0.3688 router_H=0.6790 best=0.9117
           router_load=[0.0038194425869733095, 0.21144475042819977, 0.21681402623653412, 0.5679218769073486]
[step 0180/1000] method=baseline_cagrad loss=0.1398 train_acc=0.8660 train_loss=0.3948 val_acc=0.8830 val_loss=0.3688 router_H=0.6790 best=0.9117
           router_load=[0.0038194425869733095, 0.21144475042819977, 0.21681402623653412, 0.5679218769073486]
[step 0190/1000] method=baseline_cagrad loss=0.2977 train_acc=0.8660 train_loss=0.3948 val_acc=0.8830 val_loss=0.3688 router_H=0.6790 best=0.9117
           router_load=[0.0038194425869733095, 0.21144475042819977, 0.21681402623653412, 0.5679218769073486]
[step 0200/1000] method=baseline_cagrad loss=0.2847 train_acc=0.8970 train_loss=0.2580 val_acc=0.9174 val_loss=0.2369 router_H=0.6863 best=0.9174
           router_load=[0.0, 0.09105971455574036, 0.43313416838645935, 0.47580602765083313]
[step 0210/1000] method=baseline_cagrad loss=0.3628 train_acc=0.8970 train_loss=0.2580 val_acc=0.9174 val_loss=0.2369 router_H=0.6863 best=0.9174
           router_load=[0.0, 0.09105971455574036, 0.43313416838645935, 0.47580602765083313]
[step 0220/1000] method=baseline_cagrad loss=0.1074 train_acc=0.8970 train_loss=0.2580 val_acc=0.9174 val_loss=0.2369 router_H=0.6863 best=0.9174
           router_load=[0.0, 0.09105971455574036, 0.43313416838645935, 0.47580602765083313]
[step 0230/1000] method=baseline_cagrad loss=0.2246 train_acc=0.8970 train_loss=0.2580 val_acc=0.9174 val_loss=0.2369 router_H=0.6863 best=0.9174
           router_load=[0.0, 0.09105971455574036, 0.43313416838645935, 0.47580602765083313]
[step 0240/1000] method=baseline_cagrad loss=0.3998 train_acc=0.8970 train_loss=0.2580 val_acc=0.9174 val_loss=0.2369 router_H=0.6863 best=0.9174
           router_load=[0.0, 0.09105971455574036, 0.43313416838645935, 0.47580602765083313]
[step 0250/1000] method=baseline_cagrad loss=0.6033 train_acc=0.9011 train_loss=0.2548 val_acc=0.9220 val_loss=0.2339 router_H=0.6879 best=0.9220
           router_load=[0.0, 0.14541517198085785, 0.3688778281211853, 0.48570698499679565]
[step 0260/1000] method=baseline_cagrad loss=0.2387 train_acc=0.9011 train_loss=0.2548 val_acc=0.9220 val_loss=0.2339 router_H=0.6879 best=0.9220
           router_load=[0.0, 0.14541517198085785, 0.3688778281211853, 0.48570698499679565]
[step 0270/1000] method=baseline_cagrad loss=0.2260 train_acc=0.9011 train_loss=0.2548 val_acc=0.9220 val_loss=0.2339 router_H=0.6879 best=0.9220
           router_load=[0.0, 0.14541517198085785, 0.3688778281211853, 0.48570698499679565]
[step 0280/1000] method=baseline_cagrad loss=0.1891 train_acc=0.9011 train_loss=0.2548 val_acc=0.9220 val_loss=0.2339 router_H=0.6879 best=0.9220
           router_load=[0.0, 0.14541517198085785, 0.3688778281211853, 0.48570698499679565]
[step 0290/1000] method=baseline_cagrad loss=0.2802 train_acc=0.9011 train_loss=0.2548 val_acc=0.9220 val_loss=0.2339 router_H=0.6879 best=0.9220
           router_load=[0.0, 0.14541517198085785, 0.3688778281211853, 0.48570698499679565]
[step 0300/1000] method=baseline_cagrad loss=0.1356 train_acc=0.9105 train_loss=0.2394 val_acc=0.9163 val_loss=0.2323 router_H=0.6856 best=0.9220
           router_load=[0.0, 0.11399395018815994, 0.4130805432796478, 0.4729253649711609]
[step 0310/1000] method=baseline_cagrad loss=0.2736 train_acc=0.9105 train_loss=0.2394 val_acc=0.9163 val_loss=0.2323 router_H=0.6856 best=0.9220
           router_load=[0.0, 0.11399395018815994, 0.4130805432796478, 0.4729253649711609]
[step 0320/1000] method=baseline_cagrad loss=0.7014 train_acc=0.9105 train_loss=0.2394 val_acc=0.9163 val_loss=0.2323 router_H=0.6856 best=0.9220
           router_load=[0.0, 0.11399395018815994, 0.4130805432796478, 0.4729253649711609]
[step 0330/1000] method=baseline_cagrad loss=0.2430 train_acc=0.9105 train_loss=0.2394 val_acc=0.9163 val_loss=0.2323 router_H=0.6856 best=0.9220
           router_load=[0.0, 0.11399395018815994, 0.4130805432796478, 0.4729253649711609]
[step 0340/1000] method=baseline_cagrad loss=0.0799 train_acc=0.9105 train_loss=0.2394 val_acc=0.9163 val_loss=0.2323 router_H=0.6856 best=0.9220
           router_load=[0.0, 0.11399395018815994, 0.4130805432796478, 0.4729253649711609]
[step 0350/1000] method=baseline_cagrad loss=0.4891 train_acc=0.9099 train_loss=0.2409 val_acc=0.9209 val_loss=0.2251 router_H=0.6874 best=0.9220
           router_load=[0.0005042938864789903, 0.043721769005060196, 0.4649399220943451, 0.49083396792411804]
[step 0360/1000] method=baseline_cagrad loss=0.1603 train_acc=0.9099 train_loss=0.2409 val_acc=0.9209 val_loss=0.2251 router_H=0.6874 best=0.9220
           router_load=[0.0005042938864789903, 0.043721769005060196, 0.4649399220943451, 0.49083396792411804]
[step 0370/1000] method=baseline_cagrad loss=0.3082 train_acc=0.9099 train_loss=0.2409 val_acc=0.9209 val_loss=0.2251 router_H=0.6874 best=0.9220
           router_load=[0.0005042938864789903, 0.043721769005060196, 0.4649399220943451, 0.49083396792411804]
[step 0380/1000] method=baseline_cagrad loss=0.2261 train_acc=0.9099 train_loss=0.2409 val_acc=0.9209 val_loss=0.2251 router_H=0.6874 best=0.9220
           router_load=[0.0005042938864789903, 0.043721769005060196, 0.4649399220943451, 0.49083396792411804]
[step 0390/1000] method=baseline_cagrad loss=0.2808 train_acc=0.9099 train_loss=0.2409 val_acc=0.9209 val_loss=0.2251 router_H=0.6874 best=0.9220
           router_load=[0.0005042938864789903, 0.043721769005060196, 0.4649399220943451, 0.49083396792411804]
[step 0400/1000] method=baseline_cagrad loss=0.1309 train_acc=0.8803 train_loss=0.3190 val_acc=0.8807 val_loss=0.3283 router_H=0.6860 best=0.9220
           router_load=[0.0, 0.02048015408217907, 0.4618145227432251, 0.5177053213119507]
[step 0410/1000] method=baseline_cagrad loss=0.0419 train_acc=0.8803 train_loss=0.3190 val_acc=0.8807 val_loss=0.3283 router_H=0.6860 best=0.9220
           router_load=[0.0, 0.02048015408217907, 0.4618145227432251, 0.5177053213119507]
[step 0420/1000] method=baseline_cagrad loss=0.5000 train_acc=0.8803 train_loss=0.3190 val_acc=0.8807 val_loss=0.3283 router_H=0.6860 best=0.9220
           router_load=[0.0, 0.02048015408217907, 0.4618145227432251, 0.5177053213119507]
[step 0430/1000] method=baseline_cagrad loss=0.5844 train_acc=0.8803 train_loss=0.3190 val_acc=0.8807 val_loss=0.3283 router_H=0.6860 best=0.9220
           router_load=[0.0, 0.02048015408217907, 0.4618145227432251, 0.5177053213119507]
[step 0440/1000] method=baseline_cagrad loss=0.0338 train_acc=0.8803 train_loss=0.3190 val_acc=0.8807 val_loss=0.3283 router_H=0.6860 best=0.9220
           router_load=[0.0, 0.02048015408217907, 0.4618145227432251, 0.5177053213119507]
[step 0450/1000] method=baseline_cagrad loss=0.1903 train_acc=0.9178 train_loss=0.2320 val_acc=0.9128 val_loss=0.2494 router_H=0.6822 best=0.9220
           router_load=[0.0004941168590448797, 0.03253842145204544, 0.41368892788887024, 0.5532785058021545]
[step 0460/1000] method=baseline_cagrad loss=0.3066 train_acc=0.9178 train_loss=0.2320 val_acc=0.9128 val_loss=0.2494 router_H=0.6822 best=0.9220
           router_load=[0.0004941168590448797, 0.03253842145204544, 0.41368892788887024, 0.5532785058021545]
[step 0470/1000] method=baseline_cagrad loss=0.4936 train_acc=0.9178 train_loss=0.2320 val_acc=0.9128 val_loss=0.2494 router_H=0.6822 best=0.9220
           router_load=[0.0004941168590448797, 0.03253842145204544, 0.41368892788887024, 0.5532785058021545]
[step 0480/1000] method=baseline_cagrad loss=0.1104 train_acc=0.9178 train_loss=0.2320 val_acc=0.9128 val_loss=0.2494 router_H=0.6822 best=0.9220
           router_load=[0.0004941168590448797, 0.03253842145204544, 0.41368892788887024, 0.5532785058021545]
[step 0490/1000] method=baseline_cagrad loss=0.1787 train_acc=0.9178 train_loss=0.2320 val_acc=0.9128 val_loss=0.2494 router_H=0.6822 best=0.9220
           router_load=[0.0004941168590448797, 0.03253842145204544, 0.41368892788887024, 0.5532785058021545]
[step 0500/1000] method=baseline_cagrad loss=0.1356 train_acc=0.9218 train_loss=0.2288 val_acc=0.9209 val_loss=0.2439 router_H=0.6774 best=0.9220
           router_load=[0.0004663518921006471, 0.02456662431359291, 0.40618059039115906, 0.5687865018844604]
[step 0510/1000] method=baseline_cagrad loss=0.1839 train_acc=0.9218 train_loss=0.2288 val_acc=0.9209 val_loss=0.2439 router_H=0.6774 best=0.9220
           router_load=[0.0004663518921006471, 0.02456662431359291, 0.40618059039115906, 0.5687865018844604]
[step 0520/1000] method=baseline_cagrad loss=0.3505 train_acc=0.9218 train_loss=0.2288 val_acc=0.9209 val_loss=0.2439 router_H=0.6774 best=0.9220
           router_load=[0.0004663518921006471, 0.02456662431359291, 0.40618059039115906, 0.5687865018844604]
[step 0530/1000] method=baseline_cagrad loss=0.2612 train_acc=0.9218 train_loss=0.2288 val_acc=0.9209 val_loss=0.2439 router_H=0.6774 best=0.9220
           router_load=[0.0004663518921006471, 0.02456662431359291, 0.40618059039115906, 0.5687865018844604]
[step 0540/1000] method=baseline_cagrad loss=0.2242 train_acc=0.9218 train_loss=0.2288 val_acc=0.9209 val_loss=0.2439 router_H=0.6774 best=0.9220
           router_load=[0.0004663518921006471, 0.02456662431359291, 0.40618059039115906, 0.5687865018844604]
[step 0550/1000] method=baseline_cagrad loss=0.0807 train_acc=0.9174 train_loss=0.2892 val_acc=0.9266 val_loss=0.2839 router_H=0.6688 best=0.9266
           router_load=[0.0, 0.007634358014911413, 0.39998307824134827, 0.5923827290534973]
[step 0560/1000] method=baseline_cagrad loss=0.3040 train_acc=0.9174 train_loss=0.2892 val_acc=0.9266 val_loss=0.2839 router_H=0.6688 best=0.9266
           router_load=[0.0, 0.007634358014911413, 0.39998307824134827, 0.5923827290534973]
[step 0570/1000] method=baseline_cagrad loss=0.0251 train_acc=0.9174 train_loss=0.2892 val_acc=0.9266 val_loss=0.2839 router_H=0.6688 best=0.9266
           router_load=[0.0, 0.007634358014911413, 0.39998307824134827, 0.5923827290534973]
[step 0580/1000] method=baseline_cagrad loss=0.4719 train_acc=0.9174 train_loss=0.2892 val_acc=0.9266 val_loss=0.2839 router_H=0.6688 best=0.9266
           router_load=[0.0, 0.007634358014911413, 0.39998307824134827, 0.5923827290534973]
[step 0590/1000] method=baseline_cagrad loss=0.7964 train_acc=0.9174 train_loss=0.2892 val_acc=0.9266 val_loss=0.2839 router_H=0.6688 best=0.9266
           router_load=[0.0, 0.007634358014911413, 0.39998307824134827, 0.5923827290534973]
[step 0600/1000] method=baseline_cagrad loss=0.5779 train_acc=0.9033 train_loss=0.2383 val_acc=0.9243 val_loss=0.2061 router_H=0.6814 best=0.9266
           router_load=[0.0, 0.003840031335130334, 0.4433322250843048, 0.552827775478363]
[step 0610/1000] method=baseline_cagrad loss=0.2279 train_acc=0.9033 train_loss=0.2383 val_acc=0.9243 val_loss=0.2061 router_H=0.6814 best=0.9266
           router_load=[0.0, 0.003840031335130334, 0.4433322250843048, 0.552827775478363]
[step 0620/1000] method=baseline_cagrad loss=0.2706 train_acc=0.9033 train_loss=0.2383 val_acc=0.9243 val_loss=0.2061 router_H=0.6814 best=0.9266
           router_load=[0.0, 0.003840031335130334, 0.4433322250843048, 0.552827775478363]
[step 0630/1000] method=baseline_cagrad loss=0.1796 train_acc=0.9033 train_loss=0.2383 val_acc=0.9243 val_loss=0.2061 router_H=0.6814 best=0.9266
           router_load=[0.0, 0.003840031335130334, 0.4433322250843048, 0.552827775478363]
[step 0640/1000] method=baseline_cagrad loss=0.2427 train_acc=0.9033 train_loss=0.2383 val_acc=0.9243 val_loss=0.2061 router_H=0.6814 best=0.9266
           router_load=[0.0, 0.003840031335130334, 0.4433322250843048, 0.552827775478363]
[step 0650/1000] method=baseline_cagrad loss=0.4432 train_acc=0.9238 train_loss=0.2174 val_acc=0.9369 val_loss=0.1982 router_H=0.6715 best=0.9369
           router_load=[0.0, 0.013932859525084496, 0.40182793140411377, 0.5842390656471252]
[step 0660/1000] method=baseline_cagrad loss=0.3084 train_acc=0.9238 train_loss=0.2174 val_acc=0.9369 val_loss=0.1982 router_H=0.6715 best=0.9369
           router_load=[0.0, 0.013932859525084496, 0.40182793140411377, 0.5842390656471252]
[step 0670/1000] method=baseline_cagrad loss=0.4415 train_acc=0.9238 train_loss=0.2174 val_acc=0.9369 val_loss=0.1982 router_H=0.6715 best=0.9369
           router_load=[0.0, 0.013932859525084496, 0.40182793140411377, 0.5842390656471252]
[step 0680/1000] method=baseline_cagrad loss=0.3294 train_acc=0.9238 train_loss=0.2174 val_acc=0.9369 val_loss=0.1982 router_H=0.6715 best=0.9369
           router_load=[0.0, 0.013932859525084496, 0.40182793140411377, 0.5842390656471252]
[step 0690/1000] method=baseline_cagrad loss=0.2644 train_acc=0.9238 train_loss=0.2174 val_acc=0.9369 val_loss=0.1982 router_H=0.6715 best=0.9369
           router_load=[0.0, 0.013932859525084496, 0.40182793140411377, 0.5842390656471252]
[step 0700/1000] method=baseline_cagrad loss=0.1817 train_acc=0.9252 train_loss=0.2023 val_acc=0.9266 val_loss=0.2053 router_H=0.6859 best=0.9369
           router_load=[0.0, 0.0, 0.4651574194431305, 0.5348425507545471]
[step 0710/1000] method=baseline_cagrad loss=0.3259 train_acc=0.9252 train_loss=0.2023 val_acc=0.9266 val_loss=0.2053 router_H=0.6859 best=0.9369
           router_load=[0.0, 0.0, 0.4651574194431305, 0.5348425507545471]
[step 0720/1000] method=baseline_cagrad loss=0.6682 train_acc=0.9252 train_loss=0.2023 val_acc=0.9266 val_loss=0.2053 router_H=0.6859 best=0.9369
           router_load=[0.0, 0.0, 0.4651574194431305, 0.5348425507545471]
[step 0730/1000] method=baseline_cagrad loss=0.2694 train_acc=0.9252 train_loss=0.2023 val_acc=0.9266 val_loss=0.2053 router_H=0.6859 best=0.9369
           router_load=[0.0, 0.0, 0.4651574194431305, 0.5348425507545471]
[step 0740/1000] method=baseline_cagrad loss=0.0620 train_acc=0.9252 train_loss=0.2023 val_acc=0.9266 val_loss=0.2053 router_H=0.6859 best=0.9369
           router_load=[0.0, 0.0, 0.4651574194431305, 0.5348425507545471]
[step 0750/1000] method=baseline_cagrad loss=0.4360 train_acc=0.9247 train_loss=0.2356 val_acc=0.9289 val_loss=0.2284 router_H=0.6849 best=0.9369
           router_load=[0.0, 0.0, 0.45886173844337463, 0.5411381721496582]
[step 0760/1000] method=baseline_cagrad loss=0.5179 train_acc=0.9247 train_loss=0.2356 val_acc=0.9289 val_loss=0.2284 router_H=0.6849 best=0.9369
           router_load=[0.0, 0.0, 0.45886173844337463, 0.5411381721496582]
[step 0770/1000] method=baseline_cagrad loss=0.5636 train_acc=0.9247 train_loss=0.2356 val_acc=0.9289 val_loss=0.2284 router_H=0.6849 best=0.9369
           router_load=[0.0, 0.0, 0.45886173844337463, 0.5411381721496582]
[step 0780/1000] method=baseline_cagrad loss=0.1080 train_acc=0.9247 train_loss=0.2356 val_acc=0.9289 val_loss=0.2284 router_H=0.6849 best=0.9369
           router_load=[0.0, 0.0, 0.45886173844337463, 0.5411381721496582]
[step 0790/1000] method=baseline_cagrad loss=0.1549 train_acc=0.9247 train_loss=0.2356 val_acc=0.9289 val_loss=0.2284 router_H=0.6849 best=0.9369
           router_load=[0.0, 0.0, 0.45886173844337463, 0.5411381721496582]
[step 0800/1000] method=baseline_cagrad loss=0.0154 train_acc=0.9195 train_loss=0.2214 val_acc=0.9094 val_loss=0.2692 router_H=0.6868 best=0.9369
           router_load=[0.0, 0.0, 0.47063449025154114, 0.5293654799461365]
[step 0810/1000] method=baseline_cagrad loss=0.3484 train_acc=0.9195 train_loss=0.2214 val_acc=0.9094 val_loss=0.2692 router_H=0.6868 best=0.9369
           router_load=[0.0, 0.0, 0.47063449025154114, 0.5293654799461365]
[step 0820/1000] method=baseline_cagrad loss=0.1295 train_acc=0.9195 train_loss=0.2214 val_acc=0.9094 val_loss=0.2692 router_H=0.6868 best=0.9369
           router_load=[0.0, 0.0, 0.47063449025154114, 0.5293654799461365]
[step 0830/1000] method=baseline_cagrad loss=0.4840 train_acc=0.9195 train_loss=0.2214 val_acc=0.9094 val_loss=0.2692 router_H=0.6868 best=0.9369
           router_load=[0.0, 0.0, 0.47063449025154114, 0.5293654799461365]
[step 0840/1000] method=baseline_cagrad loss=0.0803 train_acc=0.9195 train_loss=0.2214 val_acc=0.9094 val_loss=0.2692 router_H=0.6868 best=0.9369
           router_load=[0.0, 0.0, 0.47063449025154114, 0.5293654799461365]
[step 0850/1000] method=baseline_cagrad loss=0.1315 train_acc=0.9244 train_loss=0.2039 val_acc=0.9278 val_loss=0.2283 router_H=0.6884 best=0.9369
           router_load=[0.0, 0.0, 0.49192753434181213, 0.5080724954605103]
[step 0860/1000] method=baseline_cagrad loss=0.2812 train_acc=0.9244 train_loss=0.2039 val_acc=0.9278 val_loss=0.2283 router_H=0.6884 best=0.9369
           router_load=[0.0, 0.0, 0.49192753434181213, 0.5080724954605103]
[step 0870/1000] method=baseline_cagrad loss=0.3391 train_acc=0.9244 train_loss=0.2039 val_acc=0.9278 val_loss=0.2283 router_H=0.6884 best=0.9369
           router_load=[0.0, 0.0, 0.49192753434181213, 0.5080724954605103]
[step 0880/1000] method=baseline_cagrad loss=0.1558 train_acc=0.9244 train_loss=0.2039 val_acc=0.9278 val_loss=0.2283 router_H=0.6884 best=0.9369
           router_load=[0.0, 0.0, 0.49192753434181213, 0.5080724954605103]
[step 0890/1000] method=baseline_cagrad loss=0.1686 train_acc=0.9244 train_loss=0.2039 val_acc=0.9278 val_loss=0.2283 router_H=0.6884 best=0.9369
           router_load=[0.0, 0.0, 0.49192753434181213, 0.5080724954605103]
[step 0900/1000] method=baseline_cagrad loss=0.5172 train_acc=0.9155 train_loss=0.2747 val_acc=0.9140 val_loss=0.3075 router_H=0.6874 best=0.9369
           router_load=[0.002779345726594329, 0.0004630506446119398, 0.46731600165367126, 0.5294415950775146]
[step 0910/1000] method=baseline_cagrad loss=0.2039 train_acc=0.9155 train_loss=0.2747 val_acc=0.9140 val_loss=0.3075 router_H=0.6874 best=0.9369
           router_load=[0.002779345726594329, 0.0004630506446119398, 0.46731600165367126, 0.5294415950775146]
[step 0920/1000] method=baseline_cagrad loss=0.0876 train_acc=0.9155 train_loss=0.2747 val_acc=0.9140 val_loss=0.3075 router_H=0.6874 best=0.9369
           router_load=[0.002779345726594329, 0.0004630506446119398, 0.46731600165367126, 0.5294415950775146]
[step 0930/1000] method=baseline_cagrad loss=0.0906 train_acc=0.9155 train_loss=0.2747 val_acc=0.9140 val_loss=0.3075 router_H=0.6874 best=0.9369
           router_load=[0.002779345726594329, 0.0004630506446119398, 0.46731600165367126, 0.5294415950775146]
[step 0940/1000] method=baseline_cagrad loss=0.2484 train_acc=0.9155 train_loss=0.2747 val_acc=0.9140 val_loss=0.3075 router_H=0.6874 best=0.9369
           router_load=[0.002779345726594329, 0.0004630506446119398, 0.46731600165367126, 0.5294415950775146]
[step 0950/1000] method=baseline_cagrad loss=0.0512 train_acc=0.9120 train_loss=0.2807 val_acc=0.9048 val_loss=0.3322 router_H=0.6849 best=0.9369
           router_load=[0.0, 0.004330055322498083, 0.4486842155456543, 0.5469858646392822]
[step 0960/1000] method=baseline_cagrad loss=0.2286 train_acc=0.9120 train_loss=0.2807 val_acc=0.9048 val_loss=0.3322 router_H=0.6849 best=0.9369
           router_load=[0.0, 0.004330055322498083, 0.4486842155456543, 0.5469858646392822]
[step 0970/1000] method=baseline_cagrad loss=0.1163 train_acc=0.9120 train_loss=0.2807 val_acc=0.9048 val_loss=0.3322 router_H=0.6849 best=0.9369
           router_load=[0.0, 0.004330055322498083, 0.4486842155456543, 0.5469858646392822]
[step 0980/1000] method=baseline_cagrad loss=0.4526 train_acc=0.9120 train_loss=0.2807 val_acc=0.9048 val_loss=0.3322 router_H=0.6849 best=0.9369
           router_load=[0.0, 0.004330055322498083, 0.4486842155456543, 0.5469858646392822]
[step 0990/1000] method=baseline_cagrad loss=0.2925 train_acc=0.9120 train_loss=0.2807 val_acc=0.9048 val_loss=0.3322 router_H=0.6849 best=0.9369
           router_load=[0.0, 0.004330055322498083, 0.4486842155456543, 0.5469858646392822]
[step 1000/1000] method=baseline_cagrad loss=0.1113 train_acc=0.9286 train_loss=0.2058 val_acc=0.9300 val_loss=0.2182 router_H=0.6830 best=0.9369
           router_load=[0.0, 0.0028539414051920176, 0.448325514793396, 0.548820436000824]
saved summary -> /home/zhujjing/MOE-grad-conflict-routing/runs/paper_suite/single_gpu/single_task/roberta_sst2_lora_e4_k2/final/cagrad_s3.json
saved curve -> /home/zhujjing/MOE-grad-conflict-routing/runs/paper_suite/single_gpu/single_task/roberta_sst2_lora_e4_k2/final/cagrad_s3_curve.csv
