[run] method=cagrad candidate=coord_03_train_grad_clip_002 seed=2 steps=1000 gpu=0
[run] cmd=
/home/zhujjing/anaconda3/envs/moe/bin/python /home/zhujjing/MOE-grad-conflict-routing/scripts/run.py --config configs/singletask_sst2_real.yaml --set model.backbone_backend=hf --set model.hf_load_pretrained=true --set model.backbone=roberta --set model.hf_pretrained_name=roberta-base --set model.expert_type=lora --set model.routing_mode=topk --set model.num_experts=4 --set model.top_k=2 --set seed=2 --set method.name=baseline_cagrad --set train.steps=1000 --set train.eval_every_steps=50 --set method.baseline_cagrad.c=0.4 --set method.baseline_cagrad.inner_lr=0.1 --set train.grad_clip=1.016176527 --set train.lr=2e-05 --set train.weight_decay=0.02884869601 --out /home/zhujjing/MOE-grad-conflict-routing/runs/paper_suite/single_gpu/single_task/roberta_sst2_lora_e4_k2/final/cagrad_s2.json --curve_out /home/zhujjing/MOE-grad-conflict-routing/runs/paper_suite/single_gpu/single_task/roberta_sst2_lora_e4_k2/final/cagrad_s2_curve.csv
Using the latest cached version of the dataset since glue couldn't be found on the Hugging Face Hub (offline mode is enabled).
Found the latest cached dataset configuration 'sst2' at /home/zhujjing/hf_cache/datasets/glue/sst2/0.0.0/bcdcba79d07bc864c1c254ccfcedcce55bcc9a8c (last modified on Thu Mar 19 15:01:41 2026).
/home/zhujjing/anaconda3/envs/moe/lib/python3.10/site-packages/transformers/utils/hub.py:124: FutureWarning: Using `TRANSFORMERS_CACHE` is deprecated and will be removed in v5 of Transformers. Use `HF_HOME` instead.
  warnings.warn(
Some weights of RobertaModel were not initialized from the model checkpoint at roberta-base and are newly initialized: ['roberta.pooler.dense.bias', 'roberta.pooler.dense.weight']
You should probably TRAIN this model on a down-stream task to be able to use it for predictions and inference.
[step 0001/1000] method=baseline_cagrad loss=0.6681 train_acc=nan train_loss=nan val_acc=nan val_loss=nan best=-1.0000
[step 0010/1000] method=baseline_cagrad loss=0.7116 train_acc=nan train_loss=nan val_acc=nan val_loss=nan best=-1.0000
[step 0020/1000] method=baseline_cagrad loss=0.6104 train_acc=nan train_loss=nan val_acc=nan val_loss=nan best=-1.0000
[step 0030/1000] method=baseline_cagrad loss=0.4105 train_acc=nan train_loss=nan val_acc=nan val_loss=nan best=-1.0000
[step 0040/1000] method=baseline_cagrad loss=0.1294 train_acc=nan train_loss=nan val_acc=nan val_loss=nan best=-1.0000
[step 0050/1000] method=baseline_cagrad loss=0.3136 train_acc=0.8642 train_loss=0.3701 val_acc=0.8647 val_loss=0.3444 router_H=0.6806 best=0.8647
           router_load=[0.004189291037619114, 0.17961160838603973, 0.2775105834007263, 0.5386885404586792]
[step 0060/1000] method=baseline_cagrad loss=0.2071 train_acc=0.8642 train_loss=0.3701 val_acc=0.8647 val_loss=0.3444 router_H=0.6806 best=0.8647
           router_load=[0.004189291037619114, 0.17961160838603973, 0.2775105834007263, 0.5386885404586792]
[step 0070/1000] method=baseline_cagrad loss=0.6117 train_acc=0.8642 train_loss=0.3701 val_acc=0.8647 val_loss=0.3444 router_H=0.6806 best=0.8647
           router_load=[0.004189291037619114, 0.17961160838603973, 0.2775105834007263, 0.5386885404586792]
[step 0080/1000] method=baseline_cagrad loss=0.5086 train_acc=0.8642 train_loss=0.3701 val_acc=0.8647 val_loss=0.3444 router_H=0.6806 best=0.8647
           router_load=[0.004189291037619114, 0.17961160838603973, 0.2775105834007263, 0.5386885404586792]
[step 0090/1000] method=baseline_cagrad loss=0.2777 train_acc=0.8642 train_loss=0.3701 val_acc=0.8647 val_loss=0.3444 router_H=0.6806 best=0.8647
           router_load=[0.004189291037619114, 0.17961160838603973, 0.2775105834007263, 0.5386885404586792]
[step 0100/1000] method=baseline_cagrad loss=0.3960 train_acc=0.8849 train_loss=0.2929 val_acc=0.8807 val_loss=0.2933 router_H=0.6760 best=0.8807
           router_load=[0.03837708383798599, 0.13356457650661469, 0.3408780097961426, 0.4871804118156433]
[step 0110/1000] method=baseline_cagrad loss=0.3518 train_acc=0.8849 train_loss=0.2929 val_acc=0.8807 val_loss=0.2933 router_H=0.6760 best=0.8807
           router_load=[0.03837708383798599, 0.13356457650661469, 0.3408780097961426, 0.4871804118156433]
[step 0120/1000] method=baseline_cagrad loss=0.5691 train_acc=0.8849 train_loss=0.2929 val_acc=0.8807 val_loss=0.2933 router_H=0.6760 best=0.8807
           router_load=[0.03837708383798599, 0.13356457650661469, 0.3408780097961426, 0.4871804118156433]
[step 0130/1000] method=baseline_cagrad loss=0.2553 train_acc=0.8849 train_loss=0.2929 val_acc=0.8807 val_loss=0.2933 router_H=0.6760 best=0.8807
           router_load=[0.03837708383798599, 0.13356457650661469, 0.3408780097961426, 0.4871804118156433]
[step 0140/1000] method=baseline_cagrad loss=0.4519 train_acc=0.8849 train_loss=0.2929 val_acc=0.8807 val_loss=0.2933 router_H=0.6760 best=0.8807
           router_load=[0.03837708383798599, 0.13356457650661469, 0.3408780097961426, 0.4871804118156433]
[step 0150/1000] method=baseline_cagrad loss=0.6962 train_acc=0.8965 train_loss=0.2834 val_acc=0.9048 val_loss=0.2594 router_H=0.6770 best=0.9048
           router_load=[0.04223411902785301, 0.03815256059169769, 0.3560335636138916, 0.563579797744751]
[step 0160/1000] method=baseline_cagrad loss=0.3603 train_acc=0.8965 train_loss=0.2834 val_acc=0.9048 val_loss=0.2594 router_H=0.6770 best=0.9048
           router_load=[0.04223411902785301, 0.03815256059169769, 0.3560335636138916, 0.563579797744751]
[step 0170/1000] method=baseline_cagrad loss=0.0869 train_acc=0.8965 train_loss=0.2834 val_acc=0.9048 val_loss=0.2594 router_H=0.6770 best=0.9048
           router_load=[0.04223411902785301, 0.03815256059169769, 0.3560335636138916, 0.563579797744751]
[step 0180/1000] method=baseline_cagrad loss=0.2061 train_acc=0.8965 train_loss=0.2834 val_acc=0.9048 val_loss=0.2594 router_H=0.6770 best=0.9048
           router_load=[0.04223411902785301, 0.03815256059169769, 0.3560335636138916, 0.563579797744751]
[step 0190/1000] method=baseline_cagrad loss=0.2397 train_acc=0.8965 train_loss=0.2834 val_acc=0.9048 val_loss=0.2594 router_H=0.6770 best=0.9048
           router_load=[0.04223411902785301, 0.03815256059169769, 0.3560335636138916, 0.563579797744751]
[step 0200/1000] method=baseline_cagrad loss=0.5826 train_acc=0.8954 train_loss=0.2735 val_acc=0.9025 val_loss=0.2461 router_H=0.6732 best=0.9048
           router_load=[0.046825941652059555, 0.01072871033102274, 0.37002456188201904, 0.5724208354949951]
[step 0210/1000] method=baseline_cagrad loss=0.2750 train_acc=0.8954 train_loss=0.2735 val_acc=0.9025 val_loss=0.2461 router_H=0.6732 best=0.9048
           router_load=[0.046825941652059555, 0.01072871033102274, 0.37002456188201904, 0.5724208354949951]
[step 0220/1000] method=baseline_cagrad loss=0.3777 train_acc=0.8954 train_loss=0.2735 val_acc=0.9025 val_loss=0.2461 router_H=0.6732 best=0.9048
           router_load=[0.046825941652059555, 0.01072871033102274, 0.37002456188201904, 0.5724208354949951]
[step 0230/1000] method=baseline_cagrad loss=0.1177 train_acc=0.8954 train_loss=0.2735 val_acc=0.9025 val_loss=0.2461 router_H=0.6732 best=0.9048
           router_load=[0.046825941652059555, 0.01072871033102274, 0.37002456188201904, 0.5724208354949951]
[step 0240/1000] method=baseline_cagrad loss=0.0903 train_acc=0.8954 train_loss=0.2735 val_acc=0.9025 val_loss=0.2461 router_H=0.6732 best=0.9048
           router_load=[0.046825941652059555, 0.01072871033102274, 0.37002456188201904, 0.5724208354949951]
[step 0250/1000] method=baseline_cagrad loss=0.3074 train_acc=0.9081 train_loss=0.2655 val_acc=0.9140 val_loss=0.2346 router_H=0.6733 best=0.9140
           router_load=[0.09347333759069443, 0.00941513292491436, 0.3328690230846405, 0.5642426609992981]
[step 0260/1000] method=baseline_cagrad loss=0.2605 train_acc=0.9081 train_loss=0.2655 val_acc=0.9140 val_loss=0.2346 router_H=0.6733 best=0.9140
           router_load=[0.09347333759069443, 0.00941513292491436, 0.3328690230846405, 0.5642426609992981]
[step 0270/1000] method=baseline_cagrad loss=0.1696 train_acc=0.9081 train_loss=0.2655 val_acc=0.9140 val_loss=0.2346 router_H=0.6733 best=0.9140
           router_load=[0.09347333759069443, 0.00941513292491436, 0.3328690230846405, 0.5642426609992981]
[step 0280/1000] method=baseline_cagrad loss=0.5858 train_acc=0.9081 train_loss=0.2655 val_acc=0.9140 val_loss=0.2346 router_H=0.6733 best=0.9140
           router_load=[0.09347333759069443, 0.00941513292491436, 0.3328690230846405, 0.5642426609992981]
[step 0290/1000] method=baseline_cagrad loss=0.1953 train_acc=0.9081 train_loss=0.2655 val_acc=0.9140 val_loss=0.2346 router_H=0.6733 best=0.9140
           router_load=[0.09347333759069443, 0.00941513292491436, 0.3328690230846405, 0.5642426609992981]
[step 0300/1000] method=baseline_cagrad loss=0.2698 train_acc=0.9072 train_loss=0.2482 val_acc=0.9060 val_loss=0.2615 router_H=0.6717 best=0.9140
           router_load=[0.05370760336518288, 0.002174805849790573, 0.3564065396785736, 0.5877110362052917]
[step 0310/1000] method=baseline_cagrad loss=0.3077 train_acc=0.9072 train_loss=0.2482 val_acc=0.9060 val_loss=0.2615 router_H=0.6717 best=0.9140
           router_load=[0.05370760336518288, 0.002174805849790573, 0.3564065396785736, 0.5877110362052917]
[step 0320/1000] method=baseline_cagrad loss=0.5057 train_acc=0.9072 train_loss=0.2482 val_acc=0.9060 val_loss=0.2615 router_H=0.6717 best=0.9140
           router_load=[0.05370760336518288, 0.002174805849790573, 0.3564065396785736, 0.5877110362052917]
[step 0330/1000] method=baseline_cagrad loss=0.1621 train_acc=0.9072 train_loss=0.2482 val_acc=0.9060 val_loss=0.2615 router_H=0.6717 best=0.9140
           router_load=[0.05370760336518288, 0.002174805849790573, 0.3564065396785736, 0.5877110362052917]
[step 0340/1000] method=baseline_cagrad loss=0.1389 train_acc=0.9072 train_loss=0.2482 val_acc=0.9060 val_loss=0.2615 router_H=0.6717 best=0.9140
           router_load=[0.05370760336518288, 0.002174805849790573, 0.3564065396785736, 0.5877110362052917]
[step 0350/1000] method=baseline_cagrad loss=0.2851 train_acc=0.9057 train_loss=0.2518 val_acc=0.9071 val_loss=0.2450 router_H=0.6757 best=0.9140
           router_load=[0.16257980465888977, 0.002388574881479144, 0.25536203384399414, 0.5796695947647095]
[step 0360/1000] method=baseline_cagrad loss=0.3348 train_acc=0.9057 train_loss=0.2518 val_acc=0.9071 val_loss=0.2450 router_H=0.6757 best=0.9140
           router_load=[0.16257980465888977, 0.002388574881479144, 0.25536203384399414, 0.5796695947647095]
[step 0370/1000] method=baseline_cagrad loss=0.2944 train_acc=0.9057 train_loss=0.2518 val_acc=0.9071 val_loss=0.2450 router_H=0.6757 best=0.9140
           router_load=[0.16257980465888977, 0.002388574881479144, 0.25536203384399414, 0.5796695947647095]
[step 0380/1000] method=baseline_cagrad loss=0.5138 train_acc=0.9057 train_loss=0.2518 val_acc=0.9071 val_loss=0.2450 router_H=0.6757 best=0.9140
           router_load=[0.16257980465888977, 0.002388574881479144, 0.25536203384399414, 0.5796695947647095]
[step 0390/1000] method=baseline_cagrad loss=0.2832 train_acc=0.9057 train_loss=0.2518 val_acc=0.9071 val_loss=0.2450 router_H=0.6757 best=0.9140
           router_load=[0.16257980465888977, 0.002388574881479144, 0.25536203384399414, 0.5796695947647095]
[step 0400/1000] method=baseline_cagrad loss=0.0248 train_acc=0.9124 train_loss=0.2335 val_acc=0.9037 val_loss=0.2450 router_H=0.6768 best=0.9140
           router_load=[0.14798566699028015, 0.005257841199636459, 0.27272742986679077, 0.5740288496017456]
[step 0410/1000] method=baseline_cagrad loss=0.4278 train_acc=0.9124 train_loss=0.2335 val_acc=0.9037 val_loss=0.2450 router_H=0.6768 best=0.9140
           router_load=[0.14798566699028015, 0.005257841199636459, 0.27272742986679077, 0.5740288496017456]
[step 0420/1000] method=baseline_cagrad loss=0.5065 train_acc=0.9124 train_loss=0.2335 val_acc=0.9037 val_loss=0.2450 router_H=0.6768 best=0.9140
           router_load=[0.14798566699028015, 0.005257841199636459, 0.27272742986679077, 0.5740288496017456]
[step 0430/1000] method=baseline_cagrad loss=0.1441 train_acc=0.9124 train_loss=0.2335 val_acc=0.9037 val_loss=0.2450 router_H=0.6768 best=0.9140
           router_load=[0.14798566699028015, 0.005257841199636459, 0.27272742986679077, 0.5740288496017456]
[step 0440/1000] method=baseline_cagrad loss=0.8580 train_acc=0.9124 train_loss=0.2335 val_acc=0.9037 val_loss=0.2450 router_H=0.6768 best=0.9140
           router_load=[0.14798566699028015, 0.005257841199636459, 0.27272742986679077, 0.5740288496017456]
[step 0450/1000] method=baseline_cagrad loss=0.4147 train_acc=0.8865 train_loss=0.3585 val_acc=0.8624 val_loss=0.4809 router_H=0.6814 best=0.9140
           router_load=[0.0527639240026474, 0.00270404783077538, 0.40691351890563965, 0.5376185178756714]
[step 0460/1000] method=baseline_cagrad loss=0.4672 train_acc=0.8865 train_loss=0.3585 val_acc=0.8624 val_loss=0.4809 router_H=0.6814 best=0.9140
           router_load=[0.0527639240026474, 0.00270404783077538, 0.40691351890563965, 0.5376185178756714]
[step 0470/1000] method=baseline_cagrad loss=0.4891 train_acc=0.8865 train_loss=0.3585 val_acc=0.8624 val_loss=0.4809 router_H=0.6814 best=0.9140
           router_load=[0.0527639240026474, 0.00270404783077538, 0.40691351890563965, 0.5376185178756714]
[step 0480/1000] method=baseline_cagrad loss=0.4399 train_acc=0.8865 train_loss=0.3585 val_acc=0.8624 val_loss=0.4809 router_H=0.6814 best=0.9140
           router_load=[0.0527639240026474, 0.00270404783077538, 0.40691351890563965, 0.5376185178756714]
[step 0490/1000] method=baseline_cagrad loss=0.0843 train_acc=0.8865 train_loss=0.3585 val_acc=0.8624 val_loss=0.4809 router_H=0.6814 best=0.9140
           router_load=[0.0527639240026474, 0.00270404783077538, 0.40691351890563965, 0.5376185178756714]
[step 0500/1000] method=baseline_cagrad loss=0.4034 train_acc=0.9132 train_loss=0.2372 val_acc=0.9220 val_loss=0.2292 router_H=0.6793 best=0.9220
           router_load=[0.08595040440559387, 0.004936147015541792, 0.35368573665618896, 0.555427610874176]
[step 0510/1000] method=baseline_cagrad loss=0.8539 train_acc=0.9132 train_loss=0.2372 val_acc=0.9220 val_loss=0.2292 router_H=0.6793 best=0.9220
           router_load=[0.08595040440559387, 0.004936147015541792, 0.35368573665618896, 0.555427610874176]
[step 0520/1000] method=baseline_cagrad loss=0.1477 train_acc=0.9132 train_loss=0.2372 val_acc=0.9220 val_loss=0.2292 router_H=0.6793 best=0.9220
           router_load=[0.08595040440559387, 0.004936147015541792, 0.35368573665618896, 0.555427610874176]
[step 0530/1000] method=baseline_cagrad loss=0.3202 train_acc=0.9132 train_loss=0.2372 val_acc=0.9220 val_loss=0.2292 router_H=0.6793 best=0.9220
           router_load=[0.08595040440559387, 0.004936147015541792, 0.35368573665618896, 0.555427610874176]
[step 0540/1000] method=baseline_cagrad loss=0.2576 train_acc=0.9132 train_loss=0.2372 val_acc=0.9220 val_loss=0.2292 router_H=0.6793 best=0.9220
           router_load=[0.08595040440559387, 0.004936147015541792, 0.35368573665618896, 0.555427610874176]
[step 0550/1000] method=baseline_cagrad loss=0.1359 train_acc=0.9101 train_loss=0.2386 val_acc=0.9128 val_loss=0.2326 router_H=0.6623 best=0.9220
           router_load=[0.14882734417915344, 0.0049506076611578465, 0.2370660901069641, 0.60915607213974]
[step 0560/1000] method=baseline_cagrad loss=0.3309 train_acc=0.9101 train_loss=0.2386 val_acc=0.9128 val_loss=0.2326 router_H=0.6623 best=0.9220
           router_load=[0.14882734417915344, 0.0049506076611578465, 0.2370660901069641, 0.60915607213974]
[step 0570/1000] method=baseline_cagrad loss=0.2273 train_acc=0.9101 train_loss=0.2386 val_acc=0.9128 val_loss=0.2326 router_H=0.6623 best=0.9220
           router_load=[0.14882734417915344, 0.0049506076611578465, 0.2370660901069641, 0.60915607213974]
[step 0580/1000] method=baseline_cagrad loss=0.0796 train_acc=0.9101 train_loss=0.2386 val_acc=0.9128 val_loss=0.2326 router_H=0.6623 best=0.9220
           router_load=[0.14882734417915344, 0.0049506076611578465, 0.2370660901069641, 0.60915607213974]
[step 0590/1000] method=baseline_cagrad loss=0.1375 train_acc=0.9101 train_loss=0.2386 val_acc=0.9128 val_loss=0.2326 router_H=0.6623 best=0.9220
           router_load=[0.14882734417915344, 0.0049506076611578465, 0.2370660901069641, 0.60915607213974]
[step 0600/1000] method=baseline_cagrad loss=0.2546 train_acc=0.9185 train_loss=0.2165 val_acc=0.9232 val_loss=0.2169 router_H=0.6659 best=0.9232
           router_load=[0.062262408435344696, 0.017080536112189293, 0.3160741329193115, 0.6045829057693481]
[step 0610/1000] method=baseline_cagrad loss=0.0243 train_acc=0.9185 train_loss=0.2165 val_acc=0.9232 val_loss=0.2169 router_H=0.6659 best=0.9232
           router_load=[0.062262408435344696, 0.017080536112189293, 0.3160741329193115, 0.6045829057693481]
[step 0620/1000] method=baseline_cagrad loss=0.8072 train_acc=0.9185 train_loss=0.2165 val_acc=0.9232 val_loss=0.2169 router_H=0.6659 best=0.9232
           router_load=[0.062262408435344696, 0.017080536112189293, 0.3160741329193115, 0.6045829057693481]
[step 0630/1000] method=baseline_cagrad loss=0.4097 train_acc=0.9185 train_loss=0.2165 val_acc=0.9232 val_loss=0.2169 router_H=0.6659 best=0.9232
           router_load=[0.062262408435344696, 0.017080536112189293, 0.3160741329193115, 0.6045829057693481]
[step 0640/1000] method=baseline_cagrad loss=0.4585 train_acc=0.9185 train_loss=0.2165 val_acc=0.9232 val_loss=0.2169 router_H=0.6659 best=0.9232
           router_load=[0.062262408435344696, 0.017080536112189293, 0.3160741329193115, 0.6045829057693481]
[step 0650/1000] method=baseline_cagrad loss=0.1911 train_acc=0.9076 train_loss=0.2399 val_acc=0.8807 val_loss=0.3092 router_H=0.6610 best=0.9232
           router_load=[0.15640999376773834, 0.007718895561993122, 0.22334778308868408, 0.6125235557556152]
[step 0660/1000] method=baseline_cagrad loss=0.4260 train_acc=0.9076 train_loss=0.2399 val_acc=0.8807 val_loss=0.3092 router_H=0.6610 best=0.9232
           router_load=[0.15640999376773834, 0.007718895561993122, 0.22334778308868408, 0.6125235557556152]
[step 0670/1000] method=baseline_cagrad loss=0.2535 train_acc=0.9076 train_loss=0.2399 val_acc=0.8807 val_loss=0.3092 router_H=0.6610 best=0.9232
           router_load=[0.15640999376773834, 0.007718895561993122, 0.22334778308868408, 0.6125235557556152]
[step 0680/1000] method=baseline_cagrad loss=0.1011 train_acc=0.9076 train_loss=0.2399 val_acc=0.8807 val_loss=0.3092 router_H=0.6610 best=0.9232
           router_load=[0.15640999376773834, 0.007718895561993122, 0.22334778308868408, 0.6125235557556152]
[step 0690/1000] method=baseline_cagrad loss=0.2045 train_acc=0.9076 train_loss=0.2399 val_acc=0.8807 val_loss=0.3092 router_H=0.6610 best=0.9232
           router_load=[0.15640999376773834, 0.007718895561993122, 0.22334778308868408, 0.6125235557556152]
[step 0700/1000] method=baseline_cagrad loss=0.2429 train_acc=0.9015 train_loss=0.2562 val_acc=0.8647 val_loss=0.3420 router_H=0.6806 best=0.9232
           router_load=[0.10971604287624359, 0.00711233401671052, 0.3200179934501648, 0.5631536245346069]
[step 0710/1000] method=baseline_cagrad loss=0.0431 train_acc=0.9015 train_loss=0.2562 val_acc=0.8647 val_loss=0.3420 router_H=0.6806 best=0.9232
           router_load=[0.10971604287624359, 0.00711233401671052, 0.3200179934501648, 0.5631536245346069]
[step 0720/1000] method=baseline_cagrad loss=0.2229 train_acc=0.9015 train_loss=0.2562 val_acc=0.8647 val_loss=0.3420 router_H=0.6806 best=0.9232
           router_load=[0.10971604287624359, 0.00711233401671052, 0.3200179934501648, 0.5631536245346069]
[step 0730/1000] method=baseline_cagrad loss=0.1795 train_acc=0.9015 train_loss=0.2562 val_acc=0.8647 val_loss=0.3420 router_H=0.6806 best=0.9232
           router_load=[0.10971604287624359, 0.00711233401671052, 0.3200179934501648, 0.5631536245346069]
[step 0740/1000] method=baseline_cagrad loss=0.2370 train_acc=0.9015 train_loss=0.2562 val_acc=0.8647 val_loss=0.3420 router_H=0.6806 best=0.9232
           router_load=[0.10971604287624359, 0.00711233401671052, 0.3200179934501648, 0.5631536245346069]
[step 0750/1000] method=baseline_cagrad loss=0.1893 train_acc=0.9098 train_loss=0.2249 val_acc=0.9232 val_loss=0.2101 router_H=0.6712 best=0.9232
           router_load=[0.17301230132579803, 0.009635775350034237, 0.22787925601005554, 0.589472770690918]
[step 0760/1000] method=baseline_cagrad loss=0.3161 train_acc=0.9098 train_loss=0.2249 val_acc=0.9232 val_loss=0.2101 router_H=0.6712 best=0.9232
           router_load=[0.17301230132579803, 0.009635775350034237, 0.22787925601005554, 0.589472770690918]
[step 0770/1000] method=baseline_cagrad loss=0.3606 train_acc=0.9098 train_loss=0.2249 val_acc=0.9232 val_loss=0.2101 router_H=0.6712 best=0.9232
           router_load=[0.17301230132579803, 0.009635775350034237, 0.22787925601005554, 0.589472770690918]
[step 0780/1000] method=baseline_cagrad loss=0.2908 train_acc=0.9098 train_loss=0.2249 val_acc=0.9232 val_loss=0.2101 router_H=0.6712 best=0.9232
           router_load=[0.17301230132579803, 0.009635775350034237, 0.22787925601005554, 0.589472770690918]
[step 0790/1000] method=baseline_cagrad loss=0.4333 train_acc=0.9098 train_loss=0.2249 val_acc=0.9232 val_loss=0.2101 router_H=0.6712 best=0.9232
           router_load=[0.17301230132579803, 0.009635775350034237, 0.22787925601005554, 0.589472770690918]
[step 0800/1000] method=baseline_cagrad loss=0.0898 train_acc=0.9260 train_loss=0.1996 val_acc=0.9209 val_loss=0.2218 router_H=0.6825 best=0.9232
           router_load=[0.1854681521654129, 0.0035529995802789927, 0.26691970229148865, 0.544059157371521]
[step 0810/1000] method=baseline_cagrad loss=0.3536 train_acc=0.9260 train_loss=0.1996 val_acc=0.9209 val_loss=0.2218 router_H=0.6825 best=0.9232
           router_load=[0.1854681521654129, 0.0035529995802789927, 0.26691970229148865, 0.544059157371521]
[step 0820/1000] method=baseline_cagrad loss=0.0369 train_acc=0.9260 train_loss=0.1996 val_acc=0.9209 val_loss=0.2218 router_H=0.6825 best=0.9232
           router_load=[0.1854681521654129, 0.0035529995802789927, 0.26691970229148865, 0.544059157371521]
[step 0830/1000] method=baseline_cagrad loss=0.0891 train_acc=0.9260 train_loss=0.1996 val_acc=0.9209 val_loss=0.2218 router_H=0.6825 best=0.9232
           router_load=[0.1854681521654129, 0.0035529995802789927, 0.26691970229148865, 0.544059157371521]
[step 0840/1000] method=baseline_cagrad loss=0.3609 train_acc=0.9260 train_loss=0.1996 val_acc=0.9209 val_loss=0.2218 router_H=0.6825 best=0.9232
           router_load=[0.1854681521654129, 0.0035529995802789927, 0.26691970229148865, 0.544059157371521]
[step 0850/1000] method=baseline_cagrad loss=0.1467 train_acc=0.9206 train_loss=0.2532 val_acc=0.9174 val_loss=0.3062 router_H=0.6874 best=0.9232
           router_load=[0.19678762555122375, 0.0043450165539979935, 0.30362945795059204, 0.49523797631263733]
[step 0860/1000] method=baseline_cagrad loss=0.1444 train_acc=0.9206 train_loss=0.2532 val_acc=0.9174 val_loss=0.3062 router_H=0.6874 best=0.9232
           router_load=[0.19678762555122375, 0.0043450165539979935, 0.30362945795059204, 0.49523797631263733]
[step 0870/1000] method=baseline_cagrad loss=0.6458 train_acc=0.9206 train_loss=0.2532 val_acc=0.9174 val_loss=0.3062 router_H=0.6874 best=0.9232
           router_load=[0.19678762555122375, 0.0043450165539979935, 0.30362945795059204, 0.49523797631263733]
[step 0880/1000] method=baseline_cagrad loss=0.0193 train_acc=0.9206 train_loss=0.2532 val_acc=0.9174 val_loss=0.3062 router_H=0.6874 best=0.9232
           router_load=[0.19678762555122375, 0.0043450165539979935, 0.30362945795059204, 0.49523797631263733]
[step 0890/1000] method=baseline_cagrad loss=0.1147 train_acc=0.9206 train_loss=0.2532 val_acc=0.9174 val_loss=0.3062 router_H=0.6874 best=0.9232
           router_load=[0.19678762555122375, 0.0043450165539979935, 0.30362945795059204, 0.49523797631263733]
[step 0900/1000] method=baseline_cagrad loss=0.1858 train_acc=0.9233 train_loss=0.2351 val_acc=0.9232 val_loss=0.2667 router_H=0.6872 best=0.9232
           router_load=[0.17302878201007843, 0.009244509972631931, 0.32083749771118164, 0.49688926339149475]
[step 0910/1000] method=baseline_cagrad loss=0.4635 train_acc=0.9233 train_loss=0.2351 val_acc=0.9232 val_loss=0.2667 router_H=0.6872 best=0.9232
           router_load=[0.17302878201007843, 0.009244509972631931, 0.32083749771118164, 0.49688926339149475]
[step 0920/1000] method=baseline_cagrad loss=0.6044 train_acc=0.9233 train_loss=0.2351 val_acc=0.9232 val_loss=0.2667 router_H=0.6872 best=0.9232
           router_load=[0.17302878201007843, 0.009244509972631931, 0.32083749771118164, 0.49688926339149475]
[step 0930/1000] method=baseline_cagrad loss=0.2957 train_acc=0.9233 train_loss=0.2351 val_acc=0.9232 val_loss=0.2667 router_H=0.6872 best=0.9232
           router_load=[0.17302878201007843, 0.009244509972631931, 0.32083749771118164, 0.49688926339149475]
[step 0940/1000] method=baseline_cagrad loss=0.0752 train_acc=0.9233 train_loss=0.2351 val_acc=0.9232 val_loss=0.2667 router_H=0.6872 best=0.9232
           router_load=[0.17302878201007843, 0.009244509972631931, 0.32083749771118164, 0.49688926339149475]
[step 0950/1000] method=baseline_cagrad loss=0.5073 train_acc=0.9261 train_loss=0.1989 val_acc=0.9300 val_loss=0.1900 router_H=0.6842 best=0.9300
           router_load=[0.28015273809432983, 0.0004594541387632489, 0.168533593416214, 0.5508542656898499]
[step 0960/1000] method=baseline_cagrad loss=0.1787 train_acc=0.9261 train_loss=0.1989 val_acc=0.9300 val_loss=0.1900 router_H=0.6842 best=0.9300
           router_load=[0.28015273809432983, 0.0004594541387632489, 0.168533593416214, 0.5508542656898499]
[step 0970/1000] method=baseline_cagrad loss=0.6892 train_acc=0.9261 train_loss=0.1989 val_acc=0.9300 val_loss=0.1900 router_H=0.6842 best=0.9300
           router_load=[0.28015273809432983, 0.0004594541387632489, 0.168533593416214, 0.5508542656898499]
[step 0980/1000] method=baseline_cagrad loss=0.6530 train_acc=0.9261 train_loss=0.1989 val_acc=0.9300 val_loss=0.1900 router_H=0.6842 best=0.9300
           router_load=[0.28015273809432983, 0.0004594541387632489, 0.168533593416214, 0.5508542656898499]
[step 0990/1000] method=baseline_cagrad loss=0.1975 train_acc=0.9261 train_loss=0.1989 val_acc=0.9300 val_loss=0.1900 router_H=0.6842 best=0.9300
           router_load=[0.28015273809432983, 0.0004594541387632489, 0.168533593416214, 0.5508542656898499]
[step 1000/1000] method=baseline_cagrad loss=0.2465 train_acc=0.9212 train_loss=0.2146 val_acc=0.9220 val_loss=0.2358 router_H=0.6851 best=0.9300
           router_load=[0.21512581408023834, 0.0004578065709210932, 0.25583574175834656, 0.5285806059837341]
saved summary -> /home/zhujjing/MOE-grad-conflict-routing/runs/paper_suite/single_gpu/single_task/roberta_sst2_lora_e4_k2/final/cagrad_s2.json
saved curve -> /home/zhujjing/MOE-grad-conflict-routing/runs/paper_suite/single_gpu/single_task/roberta_sst2_lora_e4_k2/final/cagrad_s2_curve.csv
