[run] method=ours candidate=local_var_topk_024 seed=2 steps=150 gpu=0
[run] cmd=
/home/zhujjing/anaconda3/envs/moe/bin/python /home/zhujjing/MOE-grad-conflict-routing/scripts/run.py --config configs/singletask_rte_real.yaml --set model.backbone_backend=hf --set model.hf_load_pretrained=true --set model.backbone=deberta --set model.hf_pretrained_name=microsoft/deberta-v3-base --set model.expert_type=lora --set model.routing_mode=topk --set model.num_experts=4 --set model.top_k=2 --set seed=2 --set method.name=ours --set train.steps=150 --set train.eval_every_steps=50 --set method.ours.use_load_norm=true --set method.ours.lambda_align=6.6447459e-05 --set train.grad_clip=0.9534831993 --set train.lr=8.4666933e-05 --set train.weight_decay=0.04322128284 --out /home/zhujjing/MOE-grad-conflict-routing/runs/paper_suite/single_gpu/single_task/deberta_rte_lora_e4_k2/hpo/ours/trial_runs/local_var_topk_024/ours_s2.json --curve_out /home/zhujjing/MOE-grad-conflict-routing/runs/paper_suite/single_gpu/single_task/deberta_rte_lora_e4_k2/hpo/ours/trial_runs/local_var_topk_024/ours_s2_curve.csv
Using the latest cached version of the dataset since glue couldn't be found on the Hugging Face Hub (offline mode is enabled).
Found the latest cached dataset configuration 'rte' at /home/zhujjing/hf_cache/datasets/glue/rte/0.0.0/bcdcba79d07bc864c1c254ccfcedcce55bcc9a8c (last modified on Thu Mar 19 15:00:36 2026).
/home/zhujjing/anaconda3/envs/moe/lib/python3.10/site-packages/transformers/utils/hub.py:124: FutureWarning: Using `TRANSFORMERS_CACHE` is deprecated and will be removed in v5 of Transformers. Use `HF_HOME` instead.
  warnings.warn(
/home/zhujjing/anaconda3/envs/moe/lib/python3.10/site-packages/transformers/convert_slow_tokenizer.py:560: UserWarning: The sentencepiece tokenizer that you are converting to a fast tokenizer uses the byte fallback option which is not implemented in the fast tokenizers. In practice this means that the fast version of the tokenizer can produce unknown tokens whereas the sentencepiece version would have converted these unknown tokens into a sequence of byte tokens matching the original piece of text.
  warnings.warn(
[step 0001/150] method=ours loss=0.7041 train_acc=nan train_loss=nan val_acc=nan val_loss=nan best=-1.0000
[step 0010/150] method=ours loss=1.1342 train_acc=nan train_loss=nan val_acc=nan val_loss=nan best=-1.0000
[step 0020/150] method=ours loss=0.6689 train_acc=nan train_loss=nan val_acc=nan val_loss=nan best=-1.0000
[step 0030/150] method=ours loss=0.7657 train_acc=nan train_loss=nan val_acc=nan val_loss=nan best=-1.0000
[step 0040/150] method=ours loss=0.7585 train_acc=nan train_loss=nan val_acc=nan val_loss=nan best=-1.0000
[step 0050/150] method=ours loss=0.4511 train_acc=0.6635 train_loss=0.6490 val_acc=0.6101 val_loss=0.6955 router_H=0.6873 best=0.6101
           router_load=[0.05169868841767311, 0.4412595331668854, 0.5070418119430542, 0.0]
[step 0060/150] method=ours loss=0.6030 train_acc=0.6635 train_loss=0.6490 val_acc=0.6101 val_loss=0.6955 router_H=0.6873 best=0.6101
           router_load=[0.05169868841767311, 0.4412595331668854, 0.5070418119430542, 0.0]
[step 0070/150] method=ours loss=0.6616 train_acc=0.6635 train_loss=0.6490 val_acc=0.6101 val_loss=0.6955 router_H=0.6873 best=0.6101
           router_load=[0.05169868841767311, 0.4412595331668854, 0.5070418119430542, 0.0]
[step 0080/150] method=ours loss=0.6615 train_acc=0.6635 train_loss=0.6490 val_acc=0.6101 val_loss=0.6955 router_H=0.6873 best=0.6101
           router_load=[0.05169868841767311, 0.4412595331668854, 0.5070418119430542, 0.0]
[step 0090/150] method=ours loss=0.6542 train_acc=0.6635 train_loss=0.6490 val_acc=0.6101 val_loss=0.6955 router_H=0.6873 best=0.6101
           router_load=[0.05169868841767311, 0.4412595331668854, 0.5070418119430542, 0.0]
[step 0100/150] method=ours loss=0.6484 train_acc=0.6823 train_loss=0.6050 val_acc=0.6101 val_loss=0.6441 router_H=0.6769 best=0.6101
           router_load=[0.0, 0.5816441774368286, 0.418355792760849, 0.0]
[step 0110/150] method=ours loss=0.5787 train_acc=0.6823 train_loss=0.6050 val_acc=0.6101 val_loss=0.6441 router_H=0.6769 best=0.6101
           router_load=[0.0, 0.5816441774368286, 0.418355792760849, 0.0]
[step 0120/150] method=ours loss=0.6015 train_acc=0.6823 train_loss=0.6050 val_acc=0.6101 val_loss=0.6441 router_H=0.6769 best=0.6101
           router_load=[0.0, 0.5816441774368286, 0.418355792760849, 0.0]
[step 0130/150] method=ours loss=0.6887 train_acc=0.6823 train_loss=0.6050 val_acc=0.6101 val_loss=0.6441 router_H=0.6769 best=0.6101
           router_load=[0.0, 0.5816441774368286, 0.418355792760849, 0.0]
[step 0140/150] method=ours loss=0.7852 train_acc=0.6823 train_loss=0.6050 val_acc=0.6101 val_loss=0.6441 router_H=0.6769 best=0.6101
           router_load=[0.0, 0.5816441774368286, 0.418355792760849, 0.0]
[step 0150/150] method=ours loss=0.5647 train_acc=0.7534 train_loss=0.5193 val_acc=0.6715 val_loss=0.6068 router_H=0.6833 best=0.6715
           router_load=[0.0, 0.5560857653617859, 0.44391414523124695, 0.0]
saved summary -> /home/zhujjing/MOE-grad-conflict-routing/runs/paper_suite/single_gpu/single_task/deberta_rte_lora_e4_k2/hpo/ours/trial_runs/local_var_topk_024/ours_s2.json
saved curve -> /home/zhujjing/MOE-grad-conflict-routing/runs/paper_suite/single_gpu/single_task/deberta_rte_lora_e4_k2/hpo/ours/trial_runs/local_var_topk_024/ours_s2_curve.csv
