[run] method=ours candidate=local_var_topk_006 seed=2 steps=150 gpu=0
[run] cmd=
/home/zhujjing/anaconda3/envs/moe/bin/python /home/zhujjing/MOE-grad-conflict-routing/scripts/run.py --config configs/singletask_rte_real.yaml --set model.backbone_backend=hf --set model.hf_load_pretrained=true --set model.backbone=deberta --set model.hf_pretrained_name=microsoft/deberta-v3-base --set model.expert_type=lora --set model.routing_mode=topk --set model.num_experts=4 --set model.top_k=2 --set seed=2 --set method.name=ours --set train.steps=150 --set train.eval_every_steps=50 --set method.ours.use_load_norm=true --set method.ours.lambda_align=6.6447459e-05 --set train.grad_clip=0.9534831993 --set train.lr=2.1166733e-05 --set train.weight_decay=0.04322128284 --out /home/zhujjing/MOE-grad-conflict-routing/runs/paper_suite/single_gpu/single_task/deberta_rte_lora_e4_k2/hpo/ours/trial_runs/local_var_topk_006/ours_s2.json --curve_out /home/zhujjing/MOE-grad-conflict-routing/runs/paper_suite/single_gpu/single_task/deberta_rte_lora_e4_k2/hpo/ours/trial_runs/local_var_topk_006/ours_s2_curve.csv
Using the latest cached version of the dataset since glue couldn't be found on the Hugging Face Hub (offline mode is enabled).
Found the latest cached dataset configuration 'rte' at /home/zhujjing/hf_cache/datasets/glue/rte/0.0.0/bcdcba79d07bc864c1c254ccfcedcce55bcc9a8c (last modified on Thu Mar 19 15:00:36 2026).
/home/zhujjing/anaconda3/envs/moe/lib/python3.10/site-packages/transformers/utils/hub.py:124: FutureWarning: Using `TRANSFORMERS_CACHE` is deprecated and will be removed in v5 of Transformers. Use `HF_HOME` instead.
  warnings.warn(
/home/zhujjing/anaconda3/envs/moe/lib/python3.10/site-packages/transformers/convert_slow_tokenizer.py:560: UserWarning: The sentencepiece tokenizer that you are converting to a fast tokenizer uses the byte fallback option which is not implemented in the fast tokenizers. In practice this means that the fast version of the tokenizer can produce unknown tokens whereas the sentencepiece version would have converted these unknown tokens into a sequence of byte tokens matching the original piece of text.
  warnings.warn(
[step 0001/150] method=ours loss=0.7010 train_acc=nan train_loss=nan val_acc=nan val_loss=nan best=-1.0000
[step 0010/150] method=ours loss=0.8486 train_acc=nan train_loss=nan val_acc=nan val_loss=nan best=-1.0000
[step 0020/150] method=ours loss=0.6909 train_acc=nan train_loss=nan val_acc=nan val_loss=nan best=-1.0000
[step 0030/150] method=ours loss=0.5506 train_acc=nan train_loss=nan val_acc=nan val_loss=nan best=-1.0000
[step 0040/150] method=ours loss=0.6761 train_acc=nan train_loss=nan val_acc=nan val_loss=nan best=-1.0000
[step 0050/150] method=ours loss=0.4625 train_acc=0.6884 train_loss=0.6089 val_acc=0.6426 val_loss=0.6090 router_H=0.6853 best=0.6426
           router_load=[0.5335565805435181, 0.46335840225219727, 0.0030850088223814964, 0.0]
[step 0060/150] method=ours loss=0.5453 train_acc=0.6884 train_loss=0.6089 val_acc=0.6426 val_loss=0.6090 router_H=0.6853 best=0.6426
           router_load=[0.5335565805435181, 0.46335840225219727, 0.0030850088223814964, 0.0]
[step 0070/150] method=ours loss=0.5726 train_acc=0.6884 train_loss=0.6089 val_acc=0.6426 val_loss=0.6090 router_H=0.6853 best=0.6426
           router_load=[0.5335565805435181, 0.46335840225219727, 0.0030850088223814964, 0.0]
[step 0080/150] method=ours loss=0.4265 train_acc=0.6884 train_loss=0.6089 val_acc=0.6426 val_loss=0.6090 router_H=0.6853 best=0.6426
           router_load=[0.5335565805435181, 0.46335840225219727, 0.0030850088223814964, 0.0]
[step 0090/150] method=ours loss=0.4292 train_acc=0.6884 train_loss=0.6089 val_acc=0.6426 val_loss=0.6090 router_H=0.6853 best=0.6426
           router_load=[0.5335565805435181, 0.46335840225219727, 0.0030850088223814964, 0.0]
[step 0100/150] method=ours loss=0.4583 train_acc=0.8349 train_loss=0.4047 val_acc=0.7942 val_loss=0.4714 router_H=0.6861 best=0.7942
           router_load=[0.5254037380218506, 0.4696088433265686, 0.004987409804016352, 0.0]
[step 0110/150] method=ours loss=0.4486 train_acc=0.8349 train_loss=0.4047 val_acc=0.7942 val_loss=0.4714 router_H=0.6861 best=0.7942
           router_load=[0.5254037380218506, 0.4696088433265686, 0.004987409804016352, 0.0]
[step 0120/150] method=ours loss=0.3901 train_acc=0.8349 train_loss=0.4047 val_acc=0.7942 val_loss=0.4714 router_H=0.6861 best=0.7942
           router_load=[0.5254037380218506, 0.4696088433265686, 0.004987409804016352, 0.0]
[step 0130/150] method=ours loss=0.5739 train_acc=0.8349 train_loss=0.4047 val_acc=0.7942 val_loss=0.4714 router_H=0.6861 best=0.7942
           router_load=[0.5254037380218506, 0.4696088433265686, 0.004987409804016352, 0.0]
[step 0140/150] method=ours loss=0.8065 train_acc=0.8349 train_loss=0.4047 val_acc=0.7942 val_loss=0.4714 router_H=0.6861 best=0.7942
           router_load=[0.5254037380218506, 0.4696088433265686, 0.004987409804016352, 0.0]
[step 0150/150] method=ours loss=0.4987 train_acc=0.9277 train_loss=0.2421 val_acc=0.8159 val_loss=0.4244 router_H=0.6866 best=0.8159
           router_load=[0.5218470096588135, 0.4698707163333893, 0.0065681906417012215, 0.0017140816198661923]
saved summary -> /home/zhujjing/MOE-grad-conflict-routing/runs/paper_suite/single_gpu/single_task/deberta_rte_lora_e4_k2/hpo/ours/trial_runs/local_var_topk_006/ours_s2.json
saved curve -> /home/zhujjing/MOE-grad-conflict-routing/runs/paper_suite/single_gpu/single_task/deberta_rte_lora_e4_k2/hpo/ours/trial_runs/local_var_topk_006/ours_s2_curve.csv
