[run] method=baseline candidate=coord_03_train_grad_clip_005 seed=3 steps=150 gpu=0
[run] cmd=
/home/zhujjing/anaconda3/envs/moe/bin/python /home/zhujjing/MOE-grad-conflict-routing/scripts/run.py --config configs/singletask_rte_real.yaml --set model.backbone_backend=hf --set model.hf_load_pretrained=true --set model.hf_local_files_only=true --set model.backbone=roberta --set model.hf_pretrained_name=roberta-base --set model.expert_type=ffn --set model.routing_mode=topk --set model.num_experts=4 --set model.top_k=2 --set seed=3 --set method.name=baseline_avg --set train.steps=150 --set train.eval_every_steps=50 --set train.grad_clip=0.6271934851 --set train.lr=1.302122972e-05 --set train.weight_decay=0.02446709884 --out /home/zhujjing/MOE-grad-conflict-routing/runs/paper_suite/single_gpu/single_task/roberta_rte_ffn_e4_k2_supplement/hpo/baseline/trial_runs/coord_03_train_grad_clip_005/baseline_s3.json --curve_out /home/zhujjing/MOE-grad-conflict-routing/runs/paper_suite/single_gpu/single_task/roberta_rte_ffn_e4_k2_supplement/hpo/baseline/trial_runs/coord_03_train_grad_clip_005/baseline_s3_curve.csv
Using the latest cached version of the dataset since glue couldn't be found on the Hugging Face Hub (offline mode is enabled).
Found the latest cached dataset configuration 'rte' at /home/zhujjing/hf_cache/datasets/glue/rte/0.0.0/bcdcba79d07bc864c1c254ccfcedcce55bcc9a8c (last modified on Thu Mar 19 15:00:36 2026).
/home/zhujjing/anaconda3/envs/moe/lib/python3.10/site-packages/transformers/utils/hub.py:124: FutureWarning: Using `TRANSFORMERS_CACHE` is deprecated and will be removed in v5 of Transformers. Use `HF_HOME` instead.
  warnings.warn(
Some weights of RobertaModel were not initialized from the model checkpoint at roberta-base and are newly initialized: ['roberta.pooler.dense.bias', 'roberta.pooler.dense.weight']
You should probably TRAIN this model on a down-stream task to be able to use it for predictions and inference.
[step 0001/150] method=baseline_avg loss=0.6965 train_acc=nan train_loss=nan val_acc=nan val_loss=nan best=-1.0000
[step 0010/150] method=baseline_avg loss=0.7062 train_acc=nan train_loss=nan val_acc=nan val_loss=nan best=-1.0000
[step 0020/150] method=baseline_avg loss=0.7005 train_acc=nan train_loss=nan val_acc=nan val_loss=nan best=-1.0000
[step 0030/150] method=baseline_avg loss=0.6875 train_acc=nan train_loss=nan val_acc=nan val_loss=nan best=-1.0000
[step 0040/150] method=baseline_avg loss=0.6979 train_acc=nan train_loss=nan val_acc=nan val_loss=nan best=-1.0000
[step 0050/150] method=baseline_avg loss=0.6916 train_acc=0.5586 train_loss=0.6886 val_acc=0.4874 val_loss=0.6927 router_H=0.6823 best=0.4874
           router_load=[0.027433743700385094, 0.2545679807662964, 0.14707791805267334, 0.5709203481674194]
[step 0060/150] method=baseline_avg loss=0.6836 train_acc=0.5586 train_loss=0.6886 val_acc=0.4874 val_loss=0.6927 router_H=0.6823 best=0.4874
           router_load=[0.027433743700385094, 0.2545679807662964, 0.14707791805267334, 0.5709203481674194]
[step 0070/150] method=baseline_avg loss=0.6842 train_acc=0.5586 train_loss=0.6886 val_acc=0.4874 val_loss=0.6927 router_H=0.6823 best=0.4874
           router_load=[0.027433743700385094, 0.2545679807662964, 0.14707791805267334, 0.5709203481674194]
[step 0080/150] method=baseline_avg loss=0.6455 train_acc=0.5586 train_loss=0.6886 val_acc=0.4874 val_loss=0.6927 router_H=0.6823 best=0.4874
           router_load=[0.027433743700385094, 0.2545679807662964, 0.14707791805267334, 0.5709203481674194]
[step 0090/150] method=baseline_avg loss=0.6270 train_acc=0.5586 train_loss=0.6886 val_acc=0.4874 val_loss=0.6927 router_H=0.6823 best=0.4874
           router_load=[0.027433743700385094, 0.2545679807662964, 0.14707791805267334, 0.5709203481674194]
[step 0100/150] method=baseline_avg loss=0.6422 train_acc=0.6484 train_loss=0.6256 val_acc=0.6137 val_loss=0.6514 router_H=0.5925 best=0.6137
           router_load=[0.030757753178477287, 0.25498640537261963, 0.011371507309377193, 0.7028841972351074]
[step 0110/150] method=baseline_avg loss=0.6286 train_acc=0.6484 train_loss=0.6256 val_acc=0.6137 val_loss=0.6514 router_H=0.5925 best=0.6137
           router_load=[0.030757753178477287, 0.25498640537261963, 0.011371507309377193, 0.7028841972351074]
[step 0120/150] method=baseline_avg loss=0.6819 train_acc=0.6484 train_loss=0.6256 val_acc=0.6137 val_loss=0.6514 router_H=0.5925 best=0.6137
           router_load=[0.030757753178477287, 0.25498640537261963, 0.011371507309377193, 0.7028841972351074]
[step 0130/150] method=baseline_avg loss=0.6700 train_acc=0.6484 train_loss=0.6256 val_acc=0.6137 val_loss=0.6514 router_H=0.5925 best=0.6137
           router_load=[0.030757753178477287, 0.25498640537261963, 0.011371507309377193, 0.7028841972351074]
[step 0140/150] method=baseline_avg loss=0.6238 train_acc=0.6484 train_loss=0.6256 val_acc=0.6137 val_loss=0.6514 router_H=0.5925 best=0.6137
           router_load=[0.030757753178477287, 0.25498640537261963, 0.011371507309377193, 0.7028841972351074]
[step 0150/150] method=baseline_avg loss=0.5937 train_acc=0.7070 train_loss=0.5839 val_acc=0.6534 val_loss=0.6138 router_H=0.5977 best=0.6534
           router_load=[0.001077844761312008, 0.009737334214150906, 0.29143425822257996, 0.6977506279945374]
saved summary -> /home/zhujjing/MOE-grad-conflict-routing/runs/paper_suite/single_gpu/single_task/roberta_rte_ffn_e4_k2_supplement/hpo/baseline/trial_runs/coord_03_train_grad_clip_005/baseline_s3.json
saved curve -> /home/zhujjing/MOE-grad-conflict-routing/runs/paper_suite/single_gpu/single_task/roberta_rte_ffn_e4_k2_supplement/hpo/baseline/trial_runs/coord_03_train_grad_clip_005/baseline_s3_curve.csv
