[run] method=baseline candidate=coord_03_train_grad_clip_028 seed=2 steps=150 gpu=0
[run] cmd=
/home/zhujjing/anaconda3/envs/moe/bin/python /home/zhujjing/MOE-grad-conflict-routing/scripts/run.py --config configs/singletask_rte_real.yaml --set model.backbone_backend=hf --set model.hf_load_pretrained=true --set model.hf_local_files_only=true --set model.backbone=roberta --set model.hf_pretrained_name=roberta-base --set model.expert_type=ffn --set model.routing_mode=topk --set model.num_experts=4 --set model.top_k=2 --set seed=2 --set method.name=baseline_avg --set train.steps=150 --set train.eval_every_steps=50 --set train.grad_clip=1.620289055 --set train.lr=1.302122972e-05 --set train.weight_decay=0.02446709884 --out /home/zhujjing/MOE-grad-conflict-routing/runs/paper_suite/single_gpu/single_task/roberta_rte_ffn_e4_k2_supplement/hpo/baseline/trial_runs/coord_03_train_grad_clip_028/baseline_s2.json --curve_out /home/zhujjing/MOE-grad-conflict-routing/runs/paper_suite/single_gpu/single_task/roberta_rte_ffn_e4_k2_supplement/hpo/baseline/trial_runs/coord_03_train_grad_clip_028/baseline_s2_curve.csv
Using the latest cached version of the dataset since glue couldn't be found on the Hugging Face Hub (offline mode is enabled).
Found the latest cached dataset configuration 'rte' at /home/zhujjing/hf_cache/datasets/glue/rte/0.0.0/bcdcba79d07bc864c1c254ccfcedcce55bcc9a8c (last modified on Thu Mar 19 15:00:36 2026).
/home/zhujjing/anaconda3/envs/moe/lib/python3.10/site-packages/transformers/utils/hub.py:124: FutureWarning: Using `TRANSFORMERS_CACHE` is deprecated and will be removed in v5 of Transformers. Use `HF_HOME` instead.
  warnings.warn(
Some weights of RobertaModel were not initialized from the model checkpoint at roberta-base and are newly initialized: ['roberta.pooler.dense.bias', 'roberta.pooler.dense.weight']
You should probably TRAIN this model on a down-stream task to be able to use it for predictions and inference.
[step 0001/150] method=baseline_avg loss=0.6879 train_acc=nan train_loss=nan val_acc=nan val_loss=nan best=-1.0000
[step 0010/150] method=baseline_avg loss=0.7009 train_acc=nan train_loss=nan val_acc=nan val_loss=nan best=-1.0000
[step 0020/150] method=baseline_avg loss=0.6874 train_acc=nan train_loss=nan val_acc=nan val_loss=nan best=-1.0000
[step 0030/150] method=baseline_avg loss=0.6879 train_acc=nan train_loss=nan val_acc=nan val_loss=nan best=-1.0000
[step 0040/150] method=baseline_avg loss=0.6877 train_acc=nan train_loss=nan val_acc=nan val_loss=nan best=-1.0000
[step 0050/150] method=baseline_avg loss=0.6487 train_acc=0.5156 train_loss=0.6837 val_acc=0.5271 val_loss=0.6787 router_H=0.6920 best=0.5271
           router_load=[0.5018185973167419, 0.4981813430786133, 0.0, 0.0]
[step 0060/150] method=baseline_avg loss=0.6745 train_acc=0.5156 train_loss=0.6837 val_acc=0.5271 val_loss=0.6787 router_H=0.6920 best=0.5271
           router_load=[0.5018185973167419, 0.4981813430786133, 0.0, 0.0]
[step 0070/150] method=baseline_avg loss=0.6629 train_acc=0.5156 train_loss=0.6837 val_acc=0.5271 val_loss=0.6787 router_H=0.6920 best=0.5271
           router_load=[0.5018185973167419, 0.4981813430786133, 0.0, 0.0]
[step 0080/150] method=baseline_avg loss=0.6990 train_acc=0.5156 train_loss=0.6837 val_acc=0.5271 val_loss=0.6787 router_H=0.6920 best=0.5271
           router_load=[0.5018185973167419, 0.4981813430786133, 0.0, 0.0]
[step 0090/150] method=baseline_avg loss=0.8353 train_acc=0.5156 train_loss=0.6837 val_acc=0.5271 val_loss=0.6787 router_H=0.6920 best=0.5271
           router_load=[0.5018185973167419, 0.4981813430786133, 0.0, 0.0]
[step 0100/150] method=baseline_avg loss=0.6789 train_acc=0.6289 train_loss=0.6586 val_acc=0.5848 val_loss=0.6722 router_H=0.6856 best=0.5848
           router_load=[0.5547495484352112, 0.44525042176246643, 0.0, 0.0]
[step 0110/150] method=baseline_avg loss=0.6505 train_acc=0.6289 train_loss=0.6586 val_acc=0.5848 val_loss=0.6722 router_H=0.6856 best=0.5848
           router_load=[0.5547495484352112, 0.44525042176246643, 0.0, 0.0]
[step 0120/150] method=baseline_avg loss=0.5770 train_acc=0.6289 train_loss=0.6586 val_acc=0.5848 val_loss=0.6722 router_H=0.6856 best=0.5848
           router_load=[0.5547495484352112, 0.44525042176246643, 0.0, 0.0]
[step 0130/150] method=baseline_avg loss=0.6123 train_acc=0.6289 train_loss=0.6586 val_acc=0.5848 val_loss=0.6722 router_H=0.6856 best=0.5848
           router_load=[0.5547495484352112, 0.44525042176246643, 0.0, 0.0]
[step 0140/150] method=baseline_avg loss=0.5866 train_acc=0.6289 train_loss=0.6586 val_acc=0.5848 val_loss=0.6722 router_H=0.6856 best=0.5848
           router_load=[0.5547495484352112, 0.44525042176246643, 0.0, 0.0]
[step 0150/150] method=baseline_avg loss=0.6355 train_acc=0.7266 train_loss=0.6287 val_acc=0.6498 val_loss=0.6516 router_H=0.6811 best=0.6498
           router_load=[0.5093144178390503, 0.48955968022346497, 0.0, 0.001125877257436514]
saved summary -> /home/zhujjing/MOE-grad-conflict-routing/runs/paper_suite/single_gpu/single_task/roberta_rte_ffn_e4_k2_supplement/hpo/baseline/trial_runs/coord_03_train_grad_clip_028/baseline_s2.json
saved curve -> /home/zhujjing/MOE-grad-conflict-routing/runs/paper_suite/single_gpu/single_task/roberta_rte_ffn_e4_k2_supplement/hpo/baseline/trial_runs/coord_03_train_grad_clip_028/baseline_s2_curve.csv
