[run] method=ours candidate=coord_01_train_lr_007 seed=3 steps=200 gpu=0
[run] cmd=
/home/zhujjing/anaconda3/envs/moe/bin/python /home/zhujjing/MOE-grad-conflict-routing/scripts/run.py --config configs/multitask_glue3_rte_mrpc_cola_real.yaml --set model.backbone_backend=hf --set model.hf_load_pretrained=true --set model.hf_local_files_only=true --set model.backbone=gpt2 --set model.hf_pretrained_name=gpt2-medium --set model.expert_type=lora --set model.routing_mode=topk --set model.num_experts=4 --set model.top_k=2 --set train.eval_train_fraction=0.10 --set train.eval_train_max_batches=-1 --set train.eval_max_batches=-1 --set seed=3 --set method.name=ours --set train.steps=200 --set train.eval_every_steps=100 --set method.ours.use_load_norm=true --set method.ours.lambda_align=0.001 --set train.grad_clip=1 --set train.lr=8.287954981e-06 --set train.weight_decay=0.01 --out /home/zhujjing/MOE-grad-conflict-routing/runs/paper_suite/single_gpu/multi_task/glue3_gpt2_lora_e4_k2/hpo/ours/trial_runs/coord_01_train_lr_007/ours_s3.json --curve_out /home/zhujjing/MOE-grad-conflict-routing/runs/paper_suite/single_gpu/multi_task/glue3_gpt2_lora_e4_k2/hpo/ours/trial_runs/coord_01_train_lr_007/ours_s3_curve.csv
Using the latest cached version of the dataset since glue couldn't be found on the Hugging Face Hub (offline mode is enabled).
Found the latest cached dataset configuration 'rte' at /home/zhujjing/hf_cache/datasets/glue/rte/0.0.0/bcdcba79d07bc864c1c254ccfcedcce55bcc9a8c (last modified on Thu Mar 19 15:00:36 2026).
/home/zhujjing/anaconda3/envs/moe/lib/python3.10/site-packages/transformers/utils/hub.py:124: FutureWarning: Using `TRANSFORMERS_CACHE` is deprecated and will be removed in v5 of Transformers. Use `HF_HOME` instead.
  warnings.warn(
Using the latest cached version of the dataset since glue couldn't be found on the Hugging Face Hub (offline mode is enabled).
Found the latest cached dataset configuration 'mrpc' at /home/zhujjing/hf_cache/datasets/glue/mrpc/0.0.0/bcdcba79d07bc864c1c254ccfcedcce55bcc9a8c (last modified on Thu Mar 19 15:01:06 2026).
Using the latest cached version of the dataset since glue couldn't be found on the Hugging Face Hub (offline mode is enabled).
Found the latest cached dataset configuration 'cola' at /home/zhujjing/hf_cache/datasets/glue/cola/0.0.0/bcdcba79d07bc864c1c254ccfcedcce55bcc9a8c (last modified on Thu Mar 19 15:02:09 2026).
[step 0001/200] method=ours loss=6.2873 train_acc=nan train_loss=nan val_acc=nan val_loss=nan best=-1.0000
[step 0010/200] method=ours loss=1.8787 train_acc=nan train_loss=nan val_acc=nan val_loss=nan best=-1.0000
[step 0020/200] method=ours loss=0.6344 train_acc=nan train_loss=nan val_acc=nan val_loss=nan best=-1.0000
[step 0030/200] method=ours loss=1.1862 train_acc=nan train_loss=nan val_acc=nan val_loss=nan best=-1.0000
[step 0040/200] method=ours loss=0.8593 train_acc=nan train_loss=nan val_acc=nan val_loss=nan best=-1.0000
[step 0050/200] method=ours loss=0.6055 train_acc=nan train_loss=nan val_acc=nan val_loss=nan best=-1.0000
[step 0060/200] method=ours loss=0.7655 train_acc=nan train_loss=nan val_acc=nan val_loss=nan best=-1.0000
[step 0070/200] method=ours loss=0.5430 train_acc=nan train_loss=nan val_acc=nan val_loss=nan best=-1.0000
[step 0080/200] method=ours loss=1.0460 train_acc=nan train_loss=nan val_acc=nan val_loss=nan best=-1.0000
[step 0090/200] method=ours loss=0.6976 train_acc=nan train_loss=nan val_acc=nan val_loss=nan best=-1.0000
[step 0100/200] method=ours loss=0.7930 train_acc=0.6436 train_loss=0.7346 val_acc=0.6170 val_loss=0.7407 router_H=0.6419 best=0.6170
           router_load=[0.3388180434703827, 0.18388719856739044, 0.39175185561180115, 0.0855427235364914]
[step 0110/200] method=ours loss=0.5353 train_acc=0.6436 train_loss=0.7346 val_acc=0.6170 val_loss=0.7407 router_H=0.6419 best=0.6170
           router_load=[0.3388180434703827, 0.18388719856739044, 0.39175185561180115, 0.0855427235364914]
[step 0120/200] method=ours loss=0.7268 train_acc=0.6436 train_loss=0.7346 val_acc=0.6170 val_loss=0.7407 router_H=0.6419 best=0.6170
           router_load=[0.3388180434703827, 0.18388719856739044, 0.39175185561180115, 0.0855427235364914]
[step 0130/200] method=ours loss=0.7275 train_acc=0.6436 train_loss=0.7346 val_acc=0.6170 val_loss=0.7407 router_H=0.6419 best=0.6170
           router_load=[0.3388180434703827, 0.18388719856739044, 0.39175185561180115, 0.0855427235364914]
[step 0140/200] method=ours loss=0.6886 train_acc=0.6436 train_loss=0.7346 val_acc=0.6170 val_loss=0.7407 router_H=0.6419 best=0.6170
           router_load=[0.3388180434703827, 0.18388719856739044, 0.39175185561180115, 0.0855427235364914]
[step 0150/200] method=ours loss=0.5553 train_acc=0.6436 train_loss=0.7346 val_acc=0.6170 val_loss=0.7407 router_H=0.6419 best=0.6170
           router_load=[0.3388180434703827, 0.18388719856739044, 0.39175185561180115, 0.0855427235364914]
[step 0160/200] method=ours loss=0.7297 train_acc=0.6436 train_loss=0.7346 val_acc=0.6170 val_loss=0.7407 router_H=0.6419 best=0.6170
           router_load=[0.3388180434703827, 0.18388719856739044, 0.39175185561180115, 0.0855427235364914]
[step 0170/200] method=ours loss=0.8292 train_acc=0.6436 train_loss=0.7346 val_acc=0.6170 val_loss=0.7407 router_H=0.6419 best=0.6170
           router_load=[0.3388180434703827, 0.18388719856739044, 0.39175185561180115, 0.0855427235364914]
[step 0180/200] method=ours loss=0.6930 train_acc=0.6436 train_loss=0.7346 val_acc=0.6170 val_loss=0.7407 router_H=0.6419 best=0.6170
           router_load=[0.3388180434703827, 0.18388719856739044, 0.39175185561180115, 0.0855427235364914]
[step 0190/200] method=ours loss=0.7945 train_acc=0.6436 train_loss=0.7346 val_acc=0.6170 val_loss=0.7407 router_H=0.6419 best=0.6170
           router_load=[0.3388180434703827, 0.18388719856739044, 0.39175185561180115, 0.0855427235364914]
[step 0200/200] method=ours loss=0.6631 train_acc=0.6702 train_loss=0.6103 val_acc=0.6549 val_loss=0.6062 router_H=0.6646 best=0.6549
           router_load=[0.15220871567726135, 0.5086712837219238, 0.09190035611391068, 0.24721984565258026]
saved summary -> /home/zhujjing/MOE-grad-conflict-routing/runs/paper_suite/single_gpu/multi_task/glue3_gpt2_lora_e4_k2/hpo/ours/trial_runs/coord_01_train_lr_007/ours_s3.json
saved curve -> /home/zhujjing/MOE-grad-conflict-routing/runs/paper_suite/single_gpu/multi_task/glue3_gpt2_lora_e4_k2/hpo/ours/trial_runs/coord_01_train_lr_007/ours_s3_curve.csv
