[run] method=ours candidate=coord_04_method_ours_lambda_align_009 seed=11 steps=1000 gpu=0
[run] cmd=
/root/miniconda3/envs/optimization/bin/python /root/Optimization/MOE-grad-conflict-routing-appendix2/scripts/run.py --config configs/multitask_glue3_rte_mrpc_cola_real.yaml --set model.backbone_backend=hf --set model.hf_load_pretrained=true --set model.hf_local_files_only=1 --set model.backbone=roberta --set model.hf_pretrained_name=roberta-base --set model.routing_mode=topk --set model.expert_type=lora --set model.num_experts=4 --set model.top_k=2 --set model.lora_rank=16 --set model.lora_alpha=16 --set train.eval_train_fraction=0.10 --set train.eval_train_max_batches=-1 --set train.eval_max_batches=-1 --set seed=11 --set method.name=ours --set train.steps=1000 --set train.eval_every_steps=100 --set method.ours.use_load_norm=true --set method.ours.lambda_align=2.779214658e-05 --set train.grad_clip=1 --set train.lr=3.07386945e-05 --set train.weight_decay=0.03175375625 --out /root/Optimization/MOE-grad-conflict-routing-appendix2/runs/paper_suite_supplement/appendix/rank/multi_glue3_roberta_r16_lora_e4_k2/_method_workers/ours/final/ours_s11.json --curve_out /root/Optimization/MOE-grad-conflict-routing-appendix2/runs/paper_suite_supplement/appendix/rank/multi_glue3_roberta_r16_lora_e4_k2/_method_workers/ours/final/ours_s11_curve.csv
Using the latest cached version of the dataset since glue couldn't be found on the Hugging Face Hub (offline mode is enabled).
Found the latest cached dataset configuration 'rte' at /root/.cache/huggingface/datasets/glue/rte/0.0.0/bcdcba79d07bc864c1c254ccfcedcce55bcc9a8c (last modified on Thu Mar 26 19:09:12 2026).
Using the latest cached version of the dataset since glue couldn't be found on the Hugging Face Hub (offline mode is enabled).
Found the latest cached dataset configuration 'mrpc' at /root/.cache/huggingface/datasets/glue/mrpc/0.0.0/bcdcba79d07bc864c1c254ccfcedcce55bcc9a8c (last modified on Thu Mar 26 20:11:06 2026).
Using the latest cached version of the dataset since glue couldn't be found on the Hugging Face Hub (offline mode is enabled).
Found the latest cached dataset configuration 'cola' at /root/.cache/huggingface/datasets/glue/cola/0.0.0/bcdcba79d07bc864c1c254ccfcedcce55bcc9a8c (last modified on Thu Mar 26 23:46:11 2026).
Loading weights:   0%|          | 0/197 [00:00<?, ?it/s]Loading weights: 100%|██████████| 197/197 [00:00<00:00, 2373.73it/s]
[1mRobertaModel LOAD REPORT[0m from: roberta-base
Key                             | Status     | 
--------------------------------+------------+-
lm_head.layer_norm.bias         | UNEXPECTED | 
lm_head.bias                    | UNEXPECTED | 
roberta.embeddings.position_ids | UNEXPECTED | 
lm_head.dense.bias              | UNEXPECTED | 
lm_head.dense.weight            | UNEXPECTED | 
lm_head.layer_norm.weight       | UNEXPECTED | 
pooler.dense.weight             | MISSING    | 
pooler.dense.bias               | MISSING    | 

[3mNotes:
- UNEXPECTED[3m	:can be ignored when loading from different task/architecture; not ok if you expect identical arch.
- MISSING[3m	:those params were newly initialized because missing from the checkpoint. Consider training on your downstream task.[0m
[step 0001/1000] method=ours loss=0.6903 train_acc=nan train_loss=nan val_acc=nan val_loss=nan best=-1.0000
[step 0010/1000] method=ours loss=0.5932 train_acc=nan train_loss=nan val_acc=nan val_loss=nan best=-1.0000
[step 0020/1000] method=ours loss=0.6675 train_acc=nan train_loss=nan val_acc=nan val_loss=nan best=-1.0000
[step 0030/1000] method=ours loss=0.6690 train_acc=nan train_loss=nan val_acc=nan val_loss=nan best=-1.0000
[step 0040/1000] method=ours loss=0.6233 train_acc=nan train_loss=nan val_acc=nan val_loss=nan best=-1.0000
[step 0050/1000] method=ours loss=0.4692 train_acc=nan train_loss=nan val_acc=nan val_loss=nan best=-1.0000
[step 0060/1000] method=ours loss=0.5847 train_acc=nan train_loss=nan val_acc=nan val_loss=nan best=-1.0000
[step 0070/1000] method=ours loss=0.6728 train_acc=nan train_loss=nan val_acc=nan val_loss=nan best=-1.0000
[step 0080/1000] method=ours loss=0.6034 train_acc=nan train_loss=nan val_acc=nan val_loss=nan best=-1.0000
[step 0090/1000] method=ours loss=0.5916 train_acc=nan train_loss=nan val_acc=nan val_loss=nan best=-1.0000
[step 0100/1000] method=ours loss=0.5245 train_acc=0.6556 train_loss=0.5824 val_acc=0.6594 val_loss=0.5904 router_H=0.6780 best=0.6594
           router_load=[0.13114790618419647, 0.4410039186477661, 0.4274589419364929, 0.0003894203982781619]
[step 0110/1000] method=ours loss=0.8310 train_acc=0.6556 train_loss=0.5824 val_acc=0.6594 val_loss=0.5904 router_H=0.6780 best=0.6594
           router_load=[0.13114790618419647, 0.4410039186477661, 0.4274589419364929, 0.0003894203982781619]
[step 0120/1000] method=ours loss=0.6454 train_acc=0.6556 train_loss=0.5824 val_acc=0.6594 val_loss=0.5904 router_H=0.6780 best=0.6594
           router_load=[0.13114790618419647, 0.4410039186477661, 0.4274589419364929, 0.0003894203982781619]
[step 0130/1000] method=ours loss=0.5519 train_acc=0.6556 train_loss=0.5824 val_acc=0.6594 val_loss=0.5904 router_H=0.6780 best=0.6594
           router_load=[0.13114790618419647, 0.4410039186477661, 0.4274589419364929, 0.0003894203982781619]
[step 0140/1000] method=ours loss=0.6270 train_acc=0.6556 train_loss=0.5824 val_acc=0.6594 val_loss=0.5904 router_H=0.6780 best=0.6594
           router_load=[0.13114790618419647, 0.4410039186477661, 0.4274589419364929, 0.0003894203982781619]
[step 0150/1000] method=ours loss=0.6238 train_acc=0.6556 train_loss=0.5824 val_acc=0.6594 val_loss=0.5904 router_H=0.6780 best=0.6594
           router_load=[0.13114790618419647, 0.4410039186477661, 0.4274589419364929, 0.0003894203982781619]
[step 0160/1000] method=ours loss=0.6561 train_acc=0.6556 train_loss=0.5824 val_acc=0.6594 val_loss=0.5904 router_H=0.6780 best=0.6594
           router_load=[0.13114790618419647, 0.4410039186477661, 0.4274589419364929, 0.0003894203982781619]
[step 0170/1000] method=ours loss=0.5937 train_acc=0.6556 train_loss=0.5824 val_acc=0.6594 val_loss=0.5904 router_H=0.6780 best=0.6594
           router_load=[0.13114790618419647, 0.4410039186477661, 0.4274589419364929, 0.0003894203982781619]
[step 0180/1000] method=ours loss=0.4411 train_acc=0.6556 train_loss=0.5824 val_acc=0.6594 val_loss=0.5904 router_H=0.6780 best=0.6594
           router_load=[0.13114790618419647, 0.4410039186477661, 0.4274589419364929, 0.0003894203982781619]
[step 0190/1000] method=ours loss=0.6955 train_acc=0.6556 train_loss=0.5824 val_acc=0.6594 val_loss=0.5904 router_H=0.6780 best=0.6594
           router_load=[0.13114790618419647, 0.4410039186477661, 0.4274589419364929, 0.0003894203982781619]
[step 0200/1000] method=ours loss=0.5851 train_acc=0.6440 train_loss=0.5854 val_acc=0.6582 val_loss=0.5971 router_H=0.6860 best=0.6594
           router_load=[0.1346767544746399, 0.4553196132183075, 0.3858657777309418, 0.024137845262885094]
[step 0210/1000] method=ours loss=0.6833 train_acc=0.6440 train_loss=0.5854 val_acc=0.6582 val_loss=0.5971 router_H=0.6860 best=0.6594
           router_load=[0.1346767544746399, 0.4553196132183075, 0.3858657777309418, 0.024137845262885094]
[step 0220/1000] method=ours loss=0.5214 train_acc=0.6440 train_loss=0.5854 val_acc=0.6582 val_loss=0.5971 router_H=0.6860 best=0.6594
           router_load=[0.1346767544746399, 0.4553196132183075, 0.3858657777309418, 0.024137845262885094]
[step 0230/1000] method=ours loss=0.6279 train_acc=0.6440 train_loss=0.5854 val_acc=0.6582 val_loss=0.5971 router_H=0.6860 best=0.6594
           router_load=[0.1346767544746399, 0.4553196132183075, 0.3858657777309418, 0.024137845262885094]
[step 0240/1000] method=ours loss=0.5385 train_acc=0.6440 train_loss=0.5854 val_acc=0.6582 val_loss=0.5971 router_H=0.6860 best=0.6594
           router_load=[0.1346767544746399, 0.4553196132183075, 0.3858657777309418, 0.024137845262885094]
[step 0250/1000] method=ours loss=0.6435 train_acc=0.6440 train_loss=0.5854 val_acc=0.6582 val_loss=0.5971 router_H=0.6860 best=0.6594
           router_load=[0.1346767544746399, 0.4553196132183075, 0.3858657777309418, 0.024137845262885094]
[step 0260/1000] method=ours loss=0.6428 train_acc=0.6440 train_loss=0.5854 val_acc=0.6582 val_loss=0.5971 router_H=0.6860 best=0.6594
           router_load=[0.1346767544746399, 0.4553196132183075, 0.3858657777309418, 0.024137845262885094]
[step 0270/1000] method=ours loss=0.5693 train_acc=0.6440 train_loss=0.5854 val_acc=0.6582 val_loss=0.5971 router_H=0.6860 best=0.6594
           router_load=[0.1346767544746399, 0.4553196132183075, 0.3858657777309418, 0.024137845262885094]
[step 0280/1000] method=ours loss=0.6328 train_acc=0.6440 train_loss=0.5854 val_acc=0.6582 val_loss=0.5971 router_H=0.6860 best=0.6594
           router_load=[0.1346767544746399, 0.4553196132183075, 0.3858657777309418, 0.024137845262885094]
[step 0290/1000] method=ours loss=0.5547 train_acc=0.6440 train_loss=0.5854 val_acc=0.6582 val_loss=0.5971 router_H=0.6860 best=0.6594
           router_load=[0.1346767544746399, 0.4553196132183075, 0.3858657777309418, 0.024137845262885094]
[step 0300/1000] method=ours loss=0.5713 train_acc=0.7300 train_loss=0.5542 val_acc=0.7050 val_loss=0.5576 router_H=0.6893 best=0.7050
           router_load=[0.10451913625001907, 0.4989002048969269, 0.396360844373703, 0.00021975103300064802]
[step 0310/1000] method=ours loss=0.6954 train_acc=0.7300 train_loss=0.5542 val_acc=0.7050 val_loss=0.5576 router_H=0.6893 best=0.7050
           router_load=[0.10451913625001907, 0.4989002048969269, 0.396360844373703, 0.00021975103300064802]
[step 0320/1000] method=ours loss=0.5570 train_acc=0.7300 train_loss=0.5542 val_acc=0.7050 val_loss=0.5576 router_H=0.6893 best=0.7050
           router_load=[0.10451913625001907, 0.4989002048969269, 0.396360844373703, 0.00021975103300064802]
[step 0330/1000] method=ours loss=0.5543 train_acc=0.7300 train_loss=0.5542 val_acc=0.7050 val_loss=0.5576 router_H=0.6893 best=0.7050
           router_load=[0.10451913625001907, 0.4989002048969269, 0.396360844373703, 0.00021975103300064802]
[step 0340/1000] method=ours loss=0.3973 train_acc=0.7300 train_loss=0.5542 val_acc=0.7050 val_loss=0.5576 router_H=0.6893 best=0.7050
           router_load=[0.10451913625001907, 0.4989002048969269, 0.396360844373703, 0.00021975103300064802]
[step 0350/1000] method=ours loss=0.6769 train_acc=0.7300 train_loss=0.5542 val_acc=0.7050 val_loss=0.5576 router_H=0.6893 best=0.7050
           router_load=[0.10451913625001907, 0.4989002048969269, 0.396360844373703, 0.00021975103300064802]
[step 0360/1000] method=ours loss=0.5143 train_acc=0.7300 train_loss=0.5542 val_acc=0.7050 val_loss=0.5576 router_H=0.6893 best=0.7050
           router_load=[0.10451913625001907, 0.4989002048969269, 0.396360844373703, 0.00021975103300064802]
[step 0370/1000] method=ours loss=0.4039 train_acc=0.7300 train_loss=0.5542 val_acc=0.7050 val_loss=0.5576 router_H=0.6893 best=0.7050
           router_load=[0.10451913625001907, 0.4989002048969269, 0.396360844373703, 0.00021975103300064802]
[step 0380/1000] method=ours loss=0.3836 train_acc=0.7300 train_loss=0.5542 val_acc=0.7050 val_loss=0.5576 router_H=0.6893 best=0.7050
           router_load=[0.10451913625001907, 0.4989002048969269, 0.396360844373703, 0.00021975103300064802]
[step 0390/1000] method=ours loss=0.5279 train_acc=0.7300 train_loss=0.5542 val_acc=0.7050 val_loss=0.5576 router_H=0.6893 best=0.7050
           router_load=[0.10451913625001907, 0.4989002048969269, 0.396360844373703, 0.00021975103300064802]
[step 0400/1000] method=ours loss=0.3905 train_acc=0.7370 train_loss=0.5495 val_acc=0.6785 val_loss=0.6051 router_H=0.6876 best=0.7050
           router_load=[0.05972113087773323, 0.4398236870765686, 0.4997350573539734, 0.0007200040854513645]
[step 0410/1000] method=ours loss=0.4259 train_acc=0.7370 train_loss=0.5495 val_acc=0.6785 val_loss=0.6051 router_H=0.6876 best=0.7050
           router_load=[0.05972113087773323, 0.4398236870765686, 0.4997350573539734, 0.0007200040854513645]
[step 0420/1000] method=ours loss=0.4042 train_acc=0.7370 train_loss=0.5495 val_acc=0.6785 val_loss=0.6051 router_H=0.6876 best=0.7050
           router_load=[0.05972113087773323, 0.4398236870765686, 0.4997350573539734, 0.0007200040854513645]
[step 0430/1000] method=ours loss=0.5568 train_acc=0.7370 train_loss=0.5495 val_acc=0.6785 val_loss=0.6051 router_H=0.6876 best=0.7050
           router_load=[0.05972113087773323, 0.4398236870765686, 0.4997350573539734, 0.0007200040854513645]
[step 0440/1000] method=ours loss=0.4398 train_acc=0.7370 train_loss=0.5495 val_acc=0.6785 val_loss=0.6051 router_H=0.6876 best=0.7050
           router_load=[0.05972113087773323, 0.4398236870765686, 0.4997350573539734, 0.0007200040854513645]
[step 0450/1000] method=ours loss=0.4443 train_acc=0.7370 train_loss=0.5495 val_acc=0.6785 val_loss=0.6051 router_H=0.6876 best=0.7050
           router_load=[0.05972113087773323, 0.4398236870765686, 0.4997350573539734, 0.0007200040854513645]
[step 0460/1000] method=ours loss=0.5114 train_acc=0.7370 train_loss=0.5495 val_acc=0.6785 val_loss=0.6051 router_H=0.6876 best=0.7050
           router_load=[0.05972113087773323, 0.4398236870765686, 0.4997350573539734, 0.0007200040854513645]
[step 0470/1000] method=ours loss=0.5709 train_acc=0.7370 train_loss=0.5495 val_acc=0.6785 val_loss=0.6051 router_H=0.6876 best=0.7050
           router_load=[0.05972113087773323, 0.4398236870765686, 0.4997350573539734, 0.0007200040854513645]
[step 0480/1000] method=ours loss=0.5972 train_acc=0.7370 train_loss=0.5495 val_acc=0.6785 val_loss=0.6051 router_H=0.6876 best=0.7050
           router_load=[0.05972113087773323, 0.4398236870765686, 0.4997350573539734, 0.0007200040854513645]
[step 0490/1000] method=ours loss=0.4447 train_acc=0.7370 train_loss=0.5495 val_acc=0.6785 val_loss=0.6051 router_H=0.6876 best=0.7050
           router_load=[0.05972113087773323, 0.4398236870765686, 0.4997350573539734, 0.0007200040854513645]
[step 0500/1000] method=ours loss=0.6578 train_acc=0.7924 train_loss=0.4626 val_acc=0.7538 val_loss=0.5071 router_H=0.6853 best=0.7538
           router_load=[0.16193553805351257, 0.46157070994377136, 0.3684154450893402, 0.008078504353761673]
[step 0510/1000] method=ours loss=0.5523 train_acc=0.7924 train_loss=0.4626 val_acc=0.7538 val_loss=0.5071 router_H=0.6853 best=0.7538
           router_load=[0.16193553805351257, 0.46157070994377136, 0.3684154450893402, 0.008078504353761673]
[step 0520/1000] method=ours loss=0.4137 train_acc=0.7924 train_loss=0.4626 val_acc=0.7538 val_loss=0.5071 router_H=0.6853 best=0.7538
           router_load=[0.16193553805351257, 0.46157070994377136, 0.3684154450893402, 0.008078504353761673]
[step 0530/1000] method=ours loss=0.4818 train_acc=0.7924 train_loss=0.4626 val_acc=0.7538 val_loss=0.5071 router_H=0.6853 best=0.7538
           router_load=[0.16193553805351257, 0.46157070994377136, 0.3684154450893402, 0.008078504353761673]
[step 0540/1000] method=ours loss=0.5989 train_acc=0.7924 train_loss=0.4626 val_acc=0.7538 val_loss=0.5071 router_H=0.6853 best=0.7538
           router_load=[0.16193553805351257, 0.46157070994377136, 0.3684154450893402, 0.008078504353761673]
[step 0550/1000] method=ours loss=0.5258 train_acc=0.7924 train_loss=0.4626 val_acc=0.7538 val_loss=0.5071 router_H=0.6853 best=0.7538
           router_load=[0.16193553805351257, 0.46157070994377136, 0.3684154450893402, 0.008078504353761673]
[step 0560/1000] method=ours loss=0.5320 train_acc=0.7924 train_loss=0.4626 val_acc=0.7538 val_loss=0.5071 router_H=0.6853 best=0.7538
           router_load=[0.16193553805351257, 0.46157070994377136, 0.3684154450893402, 0.008078504353761673]
[step 0570/1000] method=ours loss=0.5712 train_acc=0.7924 train_loss=0.4626 val_acc=0.7538 val_loss=0.5071 router_H=0.6853 best=0.7538
           router_load=[0.16193553805351257, 0.46157070994377136, 0.3684154450893402, 0.008078504353761673]
[step 0580/1000] method=ours loss=0.4887 train_acc=0.7924 train_loss=0.4626 val_acc=0.7538 val_loss=0.5071 router_H=0.6853 best=0.7538
           router_load=[0.16193553805351257, 0.46157070994377136, 0.3684154450893402, 0.008078504353761673]
[step 0590/1000] method=ours loss=0.5532 train_acc=0.7924 train_loss=0.4626 val_acc=0.7538 val_loss=0.5071 router_H=0.6853 best=0.7538
           router_load=[0.16193553805351257, 0.46157070994377136, 0.3684154450893402, 0.008078504353761673]
[step 0600/1000] method=ours loss=0.4641 train_acc=0.7592 train_loss=0.4778 val_acc=0.7226 val_loss=0.5381 router_H=0.6895 best=0.7538
           router_load=[0.21663080155849457, 0.493027925491333, 0.2885361313819885, 0.0018049604259431362]
[step 0610/1000] method=ours loss=0.3714 train_acc=0.7592 train_loss=0.4778 val_acc=0.7226 val_loss=0.5381 router_H=0.6895 best=0.7538
           router_load=[0.21663080155849457, 0.493027925491333, 0.2885361313819885, 0.0018049604259431362]
[step 0620/1000] method=ours loss=0.4500 train_acc=0.7592 train_loss=0.4778 val_acc=0.7226 val_loss=0.5381 router_H=0.6895 best=0.7538
           router_load=[0.21663080155849457, 0.493027925491333, 0.2885361313819885, 0.0018049604259431362]
[step 0630/1000] method=ours loss=0.5033 train_acc=0.7592 train_loss=0.4778 val_acc=0.7226 val_loss=0.5381 router_H=0.6895 best=0.7538
           router_load=[0.21663080155849457, 0.493027925491333, 0.2885361313819885, 0.0018049604259431362]
[step 0640/1000] method=ours loss=0.3751 train_acc=0.7592 train_loss=0.4778 val_acc=0.7226 val_loss=0.5381 router_H=0.6895 best=0.7538
           router_load=[0.21663080155849457, 0.493027925491333, 0.2885361313819885, 0.0018049604259431362]
[step 0650/1000] method=ours loss=0.5663 train_acc=0.7592 train_loss=0.4778 val_acc=0.7226 val_loss=0.5381 router_H=0.6895 best=0.7538
           router_load=[0.21663080155849457, 0.493027925491333, 0.2885361313819885, 0.0018049604259431362]
[step 0660/1000] method=ours loss=0.4286 train_acc=0.7592 train_loss=0.4778 val_acc=0.7226 val_loss=0.5381 router_H=0.6895 best=0.7538
           router_load=[0.21663080155849457, 0.493027925491333, 0.2885361313819885, 0.0018049604259431362]
[step 0670/1000] method=ours loss=0.5033 train_acc=0.7592 train_loss=0.4778 val_acc=0.7226 val_loss=0.5381 router_H=0.6895 best=0.7538
           router_load=[0.21663080155849457, 0.493027925491333, 0.2885361313819885, 0.0018049604259431362]
[step 0680/1000] method=ours loss=0.4440 train_acc=0.7592 train_loss=0.4778 val_acc=0.7226 val_loss=0.5381 router_H=0.6895 best=0.7538
           router_load=[0.21663080155849457, 0.493027925491333, 0.2885361313819885, 0.0018049604259431362]
[step 0690/1000] method=ours loss=0.4973 train_acc=0.7592 train_loss=0.4778 val_acc=0.7226 val_loss=0.5381 router_H=0.6895 best=0.7538
           router_load=[0.21663080155849457, 0.493027925491333, 0.2885361313819885, 0.0018049604259431362]
[step 0700/1000] method=ours loss=0.3683 train_acc=0.8350 train_loss=0.3567 val_acc=0.7726 val_loss=0.5008 router_H=0.6877 best=0.7726
           router_load=[0.1380319446325302, 0.4594587981700897, 0.40133535861968994, 0.00117394863627851]
[step 0710/1000] method=ours loss=0.5979 train_acc=0.8350 train_loss=0.3567 val_acc=0.7726 val_loss=0.5008 router_H=0.6877 best=0.7726
           router_load=[0.1380319446325302, 0.4594587981700897, 0.40133535861968994, 0.00117394863627851]
[step 0720/1000] method=ours loss=0.5687 train_acc=0.8350 train_loss=0.3567 val_acc=0.7726 val_loss=0.5008 router_H=0.6877 best=0.7726
           router_load=[0.1380319446325302, 0.4594587981700897, 0.40133535861968994, 0.00117394863627851]
[step 0730/1000] method=ours loss=0.3664 train_acc=0.8350 train_loss=0.3567 val_acc=0.7726 val_loss=0.5008 router_H=0.6877 best=0.7726
           router_load=[0.1380319446325302, 0.4594587981700897, 0.40133535861968994, 0.00117394863627851]
[step 0740/1000] method=ours loss=0.3518 train_acc=0.8350 train_loss=0.3567 val_acc=0.7726 val_loss=0.5008 router_H=0.6877 best=0.7726
           router_load=[0.1380319446325302, 0.4594587981700897, 0.40133535861968994, 0.00117394863627851]
[step 0750/1000] method=ours loss=0.4443 train_acc=0.8350 train_loss=0.3567 val_acc=0.7726 val_loss=0.5008 router_H=0.6877 best=0.7726
           router_load=[0.1380319446325302, 0.4594587981700897, 0.40133535861968994, 0.00117394863627851]
[step 0760/1000] method=ours loss=0.5158 train_acc=0.8350 train_loss=0.3567 val_acc=0.7726 val_loss=0.5008 router_H=0.6877 best=0.7726
           router_load=[0.1380319446325302, 0.4594587981700897, 0.40133535861968994, 0.00117394863627851]
[step 0770/1000] method=ours loss=0.4203 train_acc=0.8350 train_loss=0.3567 val_acc=0.7726 val_loss=0.5008 router_H=0.6877 best=0.7726
           router_load=[0.1380319446325302, 0.4594587981700897, 0.40133535861968994, 0.00117394863627851]
[step 0780/1000] method=ours loss=0.7600 train_acc=0.8350 train_loss=0.3567 val_acc=0.7726 val_loss=0.5008 router_H=0.6877 best=0.7726
           router_load=[0.1380319446325302, 0.4594587981700897, 0.40133535861968994, 0.00117394863627851]
[step 0790/1000] method=ours loss=0.4340 train_acc=0.8350 train_loss=0.3567 val_acc=0.7726 val_loss=0.5008 router_H=0.6877 best=0.7726
           router_load=[0.1380319446325302, 0.4594587981700897, 0.40133535861968994, 0.00117394863627851]
[step 0800/1000] method=ours loss=0.5485 train_acc=0.8580 train_loss=0.3288 val_acc=0.7782 val_loss=0.4680 router_H=0.6871 best=0.7782
           router_load=[0.16658039391040802, 0.4111984372138977, 0.38556525111198425, 0.036655887961387634]
[step 0810/1000] method=ours loss=0.5299 train_acc=0.8580 train_loss=0.3288 val_acc=0.7782 val_loss=0.4680 router_H=0.6871 best=0.7782
           router_load=[0.16658039391040802, 0.4111984372138977, 0.38556525111198425, 0.036655887961387634]
[step 0820/1000] method=ours loss=0.5411 train_acc=0.8580 train_loss=0.3288 val_acc=0.7782 val_loss=0.4680 router_H=0.6871 best=0.7782
           router_load=[0.16658039391040802, 0.4111984372138977, 0.38556525111198425, 0.036655887961387634]
[step 0830/1000] method=ours loss=0.3261 train_acc=0.8580 train_loss=0.3288 val_acc=0.7782 val_loss=0.4680 router_H=0.6871 best=0.7782
           router_load=[0.16658039391040802, 0.4111984372138977, 0.38556525111198425, 0.036655887961387634]
[step 0840/1000] method=ours loss=0.3978 train_acc=0.8580 train_loss=0.3288 val_acc=0.7782 val_loss=0.4680 router_H=0.6871 best=0.7782
           router_load=[0.16658039391040802, 0.4111984372138977, 0.38556525111198425, 0.036655887961387634]
[step 0850/1000] method=ours loss=0.2361 train_acc=0.8580 train_loss=0.3288 val_acc=0.7782 val_loss=0.4680 router_H=0.6871 best=0.7782
           router_load=[0.16658039391040802, 0.4111984372138977, 0.38556525111198425, 0.036655887961387634]
[step 0860/1000] method=ours loss=0.5346 train_acc=0.8580 train_loss=0.3288 val_acc=0.7782 val_loss=0.4680 router_H=0.6871 best=0.7782
           router_load=[0.16658039391040802, 0.4111984372138977, 0.38556525111198425, 0.036655887961387634]
[step 0870/1000] method=ours loss=0.6631 train_acc=0.8580 train_loss=0.3288 val_acc=0.7782 val_loss=0.4680 router_H=0.6871 best=0.7782
           router_load=[0.16658039391040802, 0.4111984372138977, 0.38556525111198425, 0.036655887961387634]
[step 0880/1000] method=ours loss=0.3759 train_acc=0.8580 train_loss=0.3288 val_acc=0.7782 val_loss=0.4680 router_H=0.6871 best=0.7782
           router_load=[0.16658039391040802, 0.4111984372138977, 0.38556525111198425, 0.036655887961387634]
[step 0890/1000] method=ours loss=0.5475 train_acc=0.8580 train_loss=0.3288 val_acc=0.7782 val_loss=0.4680 router_H=0.6871 best=0.7782
           router_load=[0.16658039391040802, 0.4111984372138977, 0.38556525111198425, 0.036655887961387634]
[step 0900/1000] method=ours loss=0.4229 train_acc=0.8815 train_loss=0.2973 val_acc=0.7910 val_loss=0.4397 router_H=0.6882 best=0.7910
           router_load=[0.11304324865341187, 0.4767027497291565, 0.4043225944042206, 0.005931396037340164]
[step 0910/1000] method=ours loss=0.4104 train_acc=0.8815 train_loss=0.2973 val_acc=0.7910 val_loss=0.4397 router_H=0.6882 best=0.7910
           router_load=[0.11304324865341187, 0.4767027497291565, 0.4043225944042206, 0.005931396037340164]
[step 0920/1000] method=ours loss=0.4001 train_acc=0.8815 train_loss=0.2973 val_acc=0.7910 val_loss=0.4397 router_H=0.6882 best=0.7910
           router_load=[0.11304324865341187, 0.4767027497291565, 0.4043225944042206, 0.005931396037340164]
[step 0930/1000] method=ours loss=0.4471 train_acc=0.8815 train_loss=0.2973 val_acc=0.7910 val_loss=0.4397 router_H=0.6882 best=0.7910
           router_load=[0.11304324865341187, 0.4767027497291565, 0.4043225944042206, 0.005931396037340164]
[step 0940/1000] method=ours loss=0.3421 train_acc=0.8815 train_loss=0.2973 val_acc=0.7910 val_loss=0.4397 router_H=0.6882 best=0.7910
           router_load=[0.11304324865341187, 0.4767027497291565, 0.4043225944042206, 0.005931396037340164]
[step 0950/1000] method=ours loss=0.4453 train_acc=0.8815 train_loss=0.2973 val_acc=0.7910 val_loss=0.4397 router_H=0.6882 best=0.7910
           router_load=[0.11304324865341187, 0.4767027497291565, 0.4043225944042206, 0.005931396037340164]
[step 0960/1000] method=ours loss=0.5711 train_acc=0.8815 train_loss=0.2973 val_acc=0.7910 val_loss=0.4397 router_H=0.6882 best=0.7910
           router_load=[0.11304324865341187, 0.4767027497291565, 0.4043225944042206, 0.005931396037340164]
[step 0970/1000] method=ours loss=0.4823 train_acc=0.8815 train_loss=0.2973 val_acc=0.7910 val_loss=0.4397 router_H=0.6882 best=0.7910
           router_load=[0.11304324865341187, 0.4767027497291565, 0.4043225944042206, 0.005931396037340164]
[step 0980/1000] method=ours loss=0.4703 train_acc=0.8815 train_loss=0.2973 val_acc=0.7910 val_loss=0.4397 router_H=0.6882 best=0.7910
           router_load=[0.11304324865341187, 0.4767027497291565, 0.4043225944042206, 0.005931396037340164]
[step 0990/1000] method=ours loss=0.3968 train_acc=0.8815 train_loss=0.2973 val_acc=0.7910 val_loss=0.4397 router_H=0.6882 best=0.7910
           router_load=[0.11304324865341187, 0.4767027497291565, 0.4043225944042206, 0.005931396037340164]
[step 1000/1000] method=ours loss=0.2546 train_acc=0.8991 train_loss=0.2686 val_acc=0.7860 val_loss=0.5241 router_H=0.6875 best=0.7910
           router_load=[0.10607893019914627, 0.4391164481639862, 0.4436773359775543, 0.01112707331776619]
saved summary -> /root/Optimization/MOE-grad-conflict-routing-appendix2/runs/paper_suite_supplement/appendix/rank/multi_glue3_roberta_r16_lora_e4_k2/_method_workers/ours/final/ours_s11.json
saved curve -> /root/Optimization/MOE-grad-conflict-routing-appendix2/runs/paper_suite_supplement/appendix/rank/multi_glue3_roberta_r16_lora_e4_k2/_method_workers/ours/final/ours_s11_curve.csv
