[run] method=cagrad candidate=coord_05_method_baseline_cagrad_inner_lr_006 seed=2 steps=150 gpu=0
[run] cmd=
/home/zhujjing/anaconda3/envs/moe/bin/python /home/zhujjing/MOE-grad-conflict-routing/scripts/run.py --config configs/singletask_mrpc_real.yaml --set model.backbone_backend=hf --set model.hf_load_pretrained=true --set model.hf_local_files_only=true --set model.backbone=roberta --set model.hf_pretrained_name=roberta-base --set model.expert_type=lora --set model.routing_mode=topk --set model.num_experts=4 --set model.top_k=2 --set seed=2 --set method.name=baseline_cagrad --set train.steps=150 --set train.eval_every_steps=50 --set method.baseline_cagrad.c=0.4 --set method.baseline_cagrad.inner_lr=0.054610408 --set train.grad_clip=0.9778028381 --set train.lr=2e-05 --set train.weight_decay=0.003745151078 --out /home/zhujjing/MOE-grad-conflict-routing/runs/paper_suite/single_gpu/single_task/roberta_mrpc_lora_e4_k2_supplement/hpo/cagrad/trial_runs/coord_05_method_baseline_cagrad_inner_lr_006/cagrad_s2.json --curve_out /home/zhujjing/MOE-grad-conflict-routing/runs/paper_suite/single_gpu/single_task/roberta_mrpc_lora_e4_k2_supplement/hpo/cagrad/trial_runs/coord_05_method_baseline_cagrad_inner_lr_006/cagrad_s2_curve.csv
Using the latest cached version of the dataset since glue couldn't be found on the Hugging Face Hub (offline mode is enabled).
Found the latest cached dataset configuration 'mrpc' at /home/zhujjing/hf_cache/datasets/glue/mrpc/0.0.0/bcdcba79d07bc864c1c254ccfcedcce55bcc9a8c (last modified on Thu Mar 19 15:01:06 2026).
/home/zhujjing/anaconda3/envs/moe/lib/python3.10/site-packages/transformers/utils/hub.py:124: FutureWarning: Using `TRANSFORMERS_CACHE` is deprecated and will be removed in v5 of Transformers. Use `HF_HOME` instead.
  warnings.warn(
Some weights of RobertaModel were not initialized from the model checkpoint at roberta-base and are newly initialized: ['roberta.pooler.dense.bias', 'roberta.pooler.dense.weight']
You should probably TRAIN this model on a down-stream task to be able to use it for predictions and inference.
[step 0001/150] method=baseline_cagrad loss=0.6712 train_acc=nan train_loss=nan val_acc=nan val_loss=nan best=-1.0000
[step 0010/150] method=baseline_cagrad loss=0.6506 train_acc=nan train_loss=nan val_acc=nan val_loss=nan best=-1.0000
[step 0020/150] method=baseline_cagrad loss=0.6486 train_acc=nan train_loss=nan val_acc=nan val_loss=nan best=-1.0000
[step 0030/150] method=baseline_cagrad loss=0.5928 train_acc=nan train_loss=nan val_acc=nan val_loss=nan best=-1.0000
[step 0040/150] method=baseline_cagrad loss=0.4983 train_acc=nan train_loss=nan val_acc=nan val_loss=nan best=-1.0000
[step 0050/150] method=baseline_cagrad loss=0.5872 train_acc=0.7011 train_loss=0.5726 val_acc=0.7059 val_loss=0.5446 router_H=0.6798 best=0.7059
           router_load=[0.5730509161949158, 0.40902847051620483, 0.017920583486557007, 0.0]
[step 0060/150] method=baseline_cagrad loss=0.6270 train_acc=0.7011 train_loss=0.5726 val_acc=0.7059 val_loss=0.5446 router_H=0.6798 best=0.7059
           router_load=[0.5730509161949158, 0.40902847051620483, 0.017920583486557007, 0.0]
[step 0070/150] method=baseline_cagrad loss=0.3788 train_acc=0.7011 train_loss=0.5726 val_acc=0.7059 val_loss=0.5446 router_H=0.6798 best=0.7059
           router_load=[0.5730509161949158, 0.40902847051620483, 0.017920583486557007, 0.0]
[step 0080/150] method=baseline_cagrad loss=0.3984 train_acc=0.7011 train_loss=0.5726 val_acc=0.7059 val_loss=0.5446 router_H=0.6798 best=0.7059
           router_load=[0.5730509161949158, 0.40902847051620483, 0.017920583486557007, 0.0]
[step 0090/150] method=baseline_cagrad loss=0.3619 train_acc=0.7011 train_loss=0.5726 val_acc=0.7059 val_loss=0.5446 router_H=0.6798 best=0.7059
           router_load=[0.5730509161949158, 0.40902847051620483, 0.017920583486557007, 0.0]
[step 0100/150] method=baseline_cagrad loss=0.3884 train_acc=0.8424 train_loss=0.3566 val_acc=0.8260 val_loss=0.3909 router_H=0.6754 best=0.8260
           router_load=[0.5835978984832764, 0.2256556749343872, 0.19074639678001404, 0.0]
[step 0110/150] method=baseline_cagrad loss=0.8669 train_acc=0.8424 train_loss=0.3566 val_acc=0.8260 val_loss=0.3909 router_H=0.6754 best=0.8260
           router_load=[0.5835978984832764, 0.2256556749343872, 0.19074639678001404, 0.0]
[step 0120/150] method=baseline_cagrad loss=0.3155 train_acc=0.8424 train_loss=0.3566 val_acc=0.8260 val_loss=0.3909 router_H=0.6754 best=0.8260
           router_load=[0.5835978984832764, 0.2256556749343872, 0.19074639678001404, 0.0]
[step 0130/150] method=baseline_cagrad loss=0.6518 train_acc=0.8424 train_loss=0.3566 val_acc=0.8260 val_loss=0.3909 router_H=0.6754 best=0.8260
           router_load=[0.5835978984832764, 0.2256556749343872, 0.19074639678001404, 0.0]
[step 0140/150] method=baseline_cagrad loss=0.4622 train_acc=0.8424 train_loss=0.3566 val_acc=0.8260 val_loss=0.3909 router_H=0.6754 best=0.8260
           router_load=[0.5835978984832764, 0.2256556749343872, 0.19074639678001404, 0.0]
[step 0150/150] method=baseline_cagrad loss=0.6993 train_acc=0.8478 train_loss=0.4063 val_acc=0.8676 val_loss=0.3780 router_H=0.6792 best=0.8676
           router_load=[0.5052998065948486, 0.34017127752304077, 0.15452879667282104, 0.0]
saved summary -> /home/zhujjing/MOE-grad-conflict-routing/runs/paper_suite/single_gpu/single_task/roberta_mrpc_lora_e4_k2_supplement/hpo/cagrad/trial_runs/coord_05_method_baseline_cagrad_inner_lr_006/cagrad_s2.json
saved curve -> /home/zhujjing/MOE-grad-conflict-routing/runs/paper_suite/single_gpu/single_task/roberta_mrpc_lora_e4_k2_supplement/hpo/cagrad/trial_runs/coord_05_method_baseline_cagrad_inner_lr_006/cagrad_s2_curve.csv
