[run] method=cagrad candidate=coord_05_method_baseline_cagrad_inner_lr_016 seed=3 steps=150 gpu=0
[run] cmd=
/home/zhujjing/anaconda3/envs/moe/bin/python /home/zhujjing/MOE-grad-conflict-routing/scripts/run.py --config configs/singletask_mrpc_real.yaml --set model.backbone_backend=hf --set model.hf_load_pretrained=true --set model.hf_local_files_only=true --set model.backbone=roberta --set model.hf_pretrained_name=roberta-base --set model.expert_type=lora --set model.routing_mode=topk --set model.num_experts=4 --set model.top_k=2 --set seed=3 --set method.name=baseline_cagrad --set train.steps=150 --set train.eval_every_steps=50 --set method.baseline_cagrad.c=0.4 --set method.baseline_cagrad.inner_lr=0.03125195703 --set train.grad_clip=0.9778028381 --set train.lr=2e-05 --set train.weight_decay=0.003745151078 --out /home/zhujjing/MOE-grad-conflict-routing/runs/paper_suite/single_gpu/single_task/roberta_mrpc_lora_e4_k2_supplement/hpo/cagrad/trial_runs/coord_05_method_baseline_cagrad_inner_lr_016/cagrad_s3.json --curve_out /home/zhujjing/MOE-grad-conflict-routing/runs/paper_suite/single_gpu/single_task/roberta_mrpc_lora_e4_k2_supplement/hpo/cagrad/trial_runs/coord_05_method_baseline_cagrad_inner_lr_016/cagrad_s3_curve.csv
Using the latest cached version of the dataset since glue couldn't be found on the Hugging Face Hub (offline mode is enabled).
Found the latest cached dataset configuration 'mrpc' at /home/zhujjing/hf_cache/datasets/glue/mrpc/0.0.0/bcdcba79d07bc864c1c254ccfcedcce55bcc9a8c (last modified on Thu Mar 19 15:01:06 2026).
/home/zhujjing/anaconda3/envs/moe/lib/python3.10/site-packages/transformers/utils/hub.py:124: FutureWarning: Using `TRANSFORMERS_CACHE` is deprecated and will be removed in v5 of Transformers. Use `HF_HOME` instead.
  warnings.warn(
Some weights of RobertaModel were not initialized from the model checkpoint at roberta-base and are newly initialized: ['roberta.pooler.dense.bias', 'roberta.pooler.dense.weight']
You should probably TRAIN this model on a down-stream task to be able to use it for predictions and inference.
[step 0001/150] method=baseline_cagrad loss=0.8010 train_acc=nan train_loss=nan val_acc=nan val_loss=nan best=-1.0000
[step 0010/150] method=baseline_cagrad loss=0.9441 train_acc=nan train_loss=nan val_acc=nan val_loss=nan best=-1.0000
[step 0020/150] method=baseline_cagrad loss=0.6628 train_acc=nan train_loss=nan val_acc=nan val_loss=nan best=-1.0000
[step 0030/150] method=baseline_cagrad loss=0.5792 train_acc=nan train_loss=nan val_acc=nan val_loss=nan best=-1.0000
[step 0040/150] method=baseline_cagrad loss=0.6835 train_acc=nan train_loss=nan val_acc=nan val_loss=nan best=-1.0000
[step 0050/150] method=baseline_cagrad loss=0.5324 train_acc=0.7147 train_loss=0.5218 val_acc=0.7157 val_loss=0.5364 router_H=0.6860 best=0.7157
           router_load=[0.27270305156707764, 0.17929385602474213, 0.548003077507019, 0.0]
[step 0060/150] method=baseline_cagrad loss=0.5845 train_acc=0.7147 train_loss=0.5218 val_acc=0.7157 val_loss=0.5364 router_H=0.6860 best=0.7157
           router_load=[0.27270305156707764, 0.17929385602474213, 0.548003077507019, 0.0]
[step 0070/150] method=baseline_cagrad loss=0.4864 train_acc=0.7147 train_loss=0.5218 val_acc=0.7157 val_loss=0.5364 router_H=0.6860 best=0.7157
           router_load=[0.27270305156707764, 0.17929385602474213, 0.548003077507019, 0.0]
[step 0080/150] method=baseline_cagrad loss=0.5952 train_acc=0.7147 train_loss=0.5218 val_acc=0.7157 val_loss=0.5364 router_H=0.6860 best=0.7157
           router_load=[0.27270305156707764, 0.17929385602474213, 0.548003077507019, 0.0]
[step 0090/150] method=baseline_cagrad loss=0.5531 train_acc=0.7147 train_loss=0.5218 val_acc=0.7157 val_loss=0.5364 router_H=0.6860 best=0.7157
           router_load=[0.27270305156707764, 0.17929385602474213, 0.548003077507019, 0.0]
[step 0100/150] method=baseline_cagrad loss=0.4533 train_acc=0.8234 train_loss=0.4304 val_acc=0.8358 val_loss=0.4223 router_H=0.6876 best=0.8358
           router_load=[0.35341209173202515, 0.25938132405281067, 0.3872065842151642, 0.0]
[step 0110/150] method=baseline_cagrad loss=0.4955 train_acc=0.8234 train_loss=0.4304 val_acc=0.8358 val_loss=0.4223 router_H=0.6876 best=0.8358
           router_load=[0.35341209173202515, 0.25938132405281067, 0.3872065842151642, 0.0]
[step 0120/150] method=baseline_cagrad loss=0.2845 train_acc=0.8234 train_loss=0.4304 val_acc=0.8358 val_loss=0.4223 router_H=0.6876 best=0.8358
           router_load=[0.35341209173202515, 0.25938132405281067, 0.3872065842151642, 0.0]
[step 0130/150] method=baseline_cagrad loss=0.3003 train_acc=0.8234 train_loss=0.4304 val_acc=0.8358 val_loss=0.4223 router_H=0.6876 best=0.8358
           router_load=[0.35341209173202515, 0.25938132405281067, 0.3872065842151642, 0.0]
[step 0140/150] method=baseline_cagrad loss=0.6131 train_acc=0.8234 train_loss=0.4304 val_acc=0.8358 val_loss=0.4223 router_H=0.6876 best=0.8358
           router_load=[0.35341209173202515, 0.25938132405281067, 0.3872065842151642, 0.0]
[step 0150/150] method=baseline_cagrad loss=0.4547 train_acc=0.8451 train_loss=0.3428 val_acc=0.8211 val_loss=0.3692 router_H=0.6825 best=0.8358
           router_load=[0.14151631295681, 0.3751625716686249, 0.4629226326942444, 0.020398441702127457]
saved summary -> /home/zhujjing/MOE-grad-conflict-routing/runs/paper_suite/single_gpu/single_task/roberta_mrpc_lora_e4_k2_supplement/hpo/cagrad/trial_runs/coord_05_method_baseline_cagrad_inner_lr_016/cagrad_s3.json
saved curve -> /home/zhujjing/MOE-grad-conflict-routing/runs/paper_suite/single_gpu/single_task/roberta_mrpc_lora_e4_k2_supplement/hpo/cagrad/trial_runs/coord_05_method_baseline_cagrad_inner_lr_016/cagrad_s3_curve.csv
