[run] method=cagrad candidate=coord_05_method_baseline_cagrad_inner_lr_007 seed=3 steps=150 gpu=0
[run] cmd=
/home/zhujjing/anaconda3/envs/moe/bin/python /home/zhujjing/MOE-grad-conflict-routing/scripts/run.py --config configs/singletask_mrpc_real.yaml --set model.backbone_backend=hf --set model.hf_load_pretrained=true --set model.hf_local_files_only=true --set model.backbone=roberta --set model.hf_pretrained_name=roberta-base --set model.expert_type=lora --set model.routing_mode=topk --set model.num_experts=4 --set model.top_k=2 --set seed=3 --set method.name=baseline_cagrad --set train.steps=150 --set train.eval_every_steps=50 --set method.baseline_cagrad.c=0.4 --set method.baseline_cagrad.inner_lr=0.2863105147 --set train.grad_clip=0.9778028381 --set train.lr=2e-05 --set train.weight_decay=0.003745151078 --out /home/zhujjing/MOE-grad-conflict-routing/runs/paper_suite/single_gpu/single_task/roberta_mrpc_lora_e4_k2_supplement/hpo/cagrad/trial_runs/coord_05_method_baseline_cagrad_inner_lr_007/cagrad_s3.json --curve_out /home/zhujjing/MOE-grad-conflict-routing/runs/paper_suite/single_gpu/single_task/roberta_mrpc_lora_e4_k2_supplement/hpo/cagrad/trial_runs/coord_05_method_baseline_cagrad_inner_lr_007/cagrad_s3_curve.csv
Using the latest cached version of the dataset since glue couldn't be found on the Hugging Face Hub (offline mode is enabled).
Found the latest cached dataset configuration 'mrpc' at /home/zhujjing/hf_cache/datasets/glue/mrpc/0.0.0/bcdcba79d07bc864c1c254ccfcedcce55bcc9a8c (last modified on Thu Mar 19 15:01:06 2026).
/home/zhujjing/anaconda3/envs/moe/lib/python3.10/site-packages/transformers/utils/hub.py:124: FutureWarning: Using `TRANSFORMERS_CACHE` is deprecated and will be removed in v5 of Transformers. Use `HF_HOME` instead.
  warnings.warn(
Some weights of RobertaModel were not initialized from the model checkpoint at roberta-base and are newly initialized: ['roberta.pooler.dense.bias', 'roberta.pooler.dense.weight']
You should probably TRAIN this model on a down-stream task to be able to use it for predictions and inference.
[step 0001/150] method=baseline_cagrad loss=0.6542 train_acc=nan train_loss=nan val_acc=nan val_loss=nan best=-1.0000
[step 0010/150] method=baseline_cagrad loss=0.7357 train_acc=nan train_loss=nan val_acc=nan val_loss=nan best=-1.0000
[step 0020/150] method=baseline_cagrad loss=0.5779 train_acc=nan train_loss=nan val_acc=nan val_loss=nan best=-1.0000
[step 0030/150] method=baseline_cagrad loss=0.5432 train_acc=nan train_loss=nan val_acc=nan val_loss=nan best=-1.0000
[step 0040/150] method=baseline_cagrad loss=0.5982 train_acc=nan train_loss=nan val_acc=nan val_loss=nan best=-1.0000
[step 0050/150] method=baseline_cagrad loss=0.5704 train_acc=0.7609 train_loss=0.4692 val_acc=0.7672 val_loss=0.4493 router_H=0.6903 best=0.7672
           router_load=[0.015620780177414417, 0.5223193764686584, 0.4608951210975647, 0.0011646448401734233]
[step 0060/150] method=baseline_cagrad loss=0.5838 train_acc=0.7609 train_loss=0.4692 val_acc=0.7672 val_loss=0.4493 router_H=0.6903 best=0.7672
           router_load=[0.015620780177414417, 0.5223193764686584, 0.4608951210975647, 0.0011646448401734233]
[step 0070/150] method=baseline_cagrad loss=0.3908 train_acc=0.7609 train_loss=0.4692 val_acc=0.7672 val_loss=0.4493 router_H=0.6903 best=0.7672
           router_load=[0.015620780177414417, 0.5223193764686584, 0.4608951210975647, 0.0011646448401734233]
[step 0080/150] method=baseline_cagrad loss=0.4612 train_acc=0.7609 train_loss=0.4692 val_acc=0.7672 val_loss=0.4493 router_H=0.6903 best=0.7672
           router_load=[0.015620780177414417, 0.5223193764686584, 0.4608951210975647, 0.0011646448401734233]
[step 0090/150] method=baseline_cagrad loss=0.8240 train_acc=0.7609 train_loss=0.4692 val_acc=0.7672 val_loss=0.4493 router_H=0.6903 best=0.7672
           router_load=[0.015620780177414417, 0.5223193764686584, 0.4608951210975647, 0.0011646448401734233]
[step 0100/150] method=baseline_cagrad loss=0.5660 train_acc=0.8397 train_loss=0.4305 val_acc=0.8211 val_loss=0.4281 router_H=0.6787 best=0.8211
           router_load=[0.02407650090754032, 0.578368604183197, 0.3874224126338959, 0.010132386349141598]
[step 0110/150] method=baseline_cagrad loss=0.4253 train_acc=0.8397 train_loss=0.4305 val_acc=0.8211 val_loss=0.4281 router_H=0.6787 best=0.8211
           router_load=[0.02407650090754032, 0.578368604183197, 0.3874224126338959, 0.010132386349141598]
[step 0120/150] method=baseline_cagrad loss=0.2527 train_acc=0.8397 train_loss=0.4305 val_acc=0.8211 val_loss=0.4281 router_H=0.6787 best=0.8211
           router_load=[0.02407650090754032, 0.578368604183197, 0.3874224126338959, 0.010132386349141598]
[step 0130/150] method=baseline_cagrad loss=0.3425 train_acc=0.8397 train_loss=0.4305 val_acc=0.8211 val_loss=0.4281 router_H=0.6787 best=0.8211
           router_load=[0.02407650090754032, 0.578368604183197, 0.3874224126338959, 0.010132386349141598]
[step 0140/150] method=baseline_cagrad loss=0.4782 train_acc=0.8397 train_loss=0.4305 val_acc=0.8211 val_loss=0.4281 router_H=0.6787 best=0.8211
           router_load=[0.02407650090754032, 0.578368604183197, 0.3874224126338959, 0.010132386349141598]
[step 0150/150] method=baseline_cagrad loss=0.4796 train_acc=0.8614 train_loss=0.3648 val_acc=0.8137 val_loss=0.3959 router_H=0.6824 best=0.8211
           router_load=[0.04975821077823639, 0.5635798573493958, 0.38563787937164307, 0.0010240408591926098]
saved summary -> /home/zhujjing/MOE-grad-conflict-routing/runs/paper_suite/single_gpu/single_task/roberta_mrpc_lora_e4_k2_supplement/hpo/cagrad/trial_runs/coord_05_method_baseline_cagrad_inner_lr_007/cagrad_s3.json
saved curve -> /home/zhujjing/MOE-grad-conflict-routing/runs/paper_suite/single_gpu/single_task/roberta_mrpc_lora_e4_k2_supplement/hpo/cagrad/trial_runs/coord_05_method_baseline_cagrad_inner_lr_007/cagrad_s3_curve.csv
