[2026-03-25 14:47:08] [run_paper_suite_supplement_tmux_entry] starting
[2026-03-25 14:47:09] [run_paper_suite_supplement_tmux_entry] cwd=/root/Optimization/MOE-grad-conflict-routing
[2026-03-25 14:47:09] [run_paper_suite_supplement_tmux_entry] GPUS=0 MAX_WORKERS_PER_GPU=4 HF_HUB_OFFLINE=1 TRANSFORMERS_OFFLINE=1 HF_DATASETS_OFFLINE=1
[2026-03-25 14:47:09] [run_paper_suite_supplement_tmux_entry] skipping completed RTE rerun
[2026-03-25 14:47:09] [run_paper_suite_supplement_tmux_entry] skipping completed cola lora supplement
[2026-03-25 14:47:09] [run_paper_suite_supplement_tmux_entry] running missing cola ffn supplement
[single-cola] backbone=roberta expert=ffn out=runs/paper_suite_supplement/single_task_add_rerun/single_task/roberta_cola_ffn_e4_k2
Traceback (most recent call last):
  File "/root/Optimization/MOE-grad-conflict-routing/scripts/pipeline_hpo_final_plot.py", line 2476, in <module>
    main()
  File "/root/Optimization/MOE-grad-conflict-routing/scripts/pipeline_hpo_final_plot.py", line 1977, in main
    _ensure_manifest(out_dir / "pipeline_manifest.json", manifest)
  File "/root/Optimization/MOE-grad-conflict-routing/scripts/pipeline_hpo_final_plot.py", line 1792, in _ensure_manifest
    raise RuntimeError(
RuntimeError: pipeline manifest mismatch, refusing resume.
{
  "expected": {
    "config": "configs/singletask_cola_real.yaml",
    "disable_mem_probe": false,
    "eval_every": 50,
    "extra_set": [
      "model.backbone_backend=hf",
      "model.hf_load_pretrained=true",
      "model.hf_local_files_only=true",
      "model.backbone=roberta",
      "model.hf_pretrained_name=roberta-base",
      "model.expert_type=ffn",
      "model.routing_mode=topk",
      "model.num_experts=4",
      "model.top_k=2"
    ],
    "final_seeds": [
      2,
      3,
      5,
      7,
      11
    ],
    "final_steps": 1000,
    "gpu_mem_util_ratio": 0.8,
    "hpo_seed_base": 20260311,
    "hpo_seeds": [
      2,
      3
    ],
    "hpo_steps": 200,
    "hpo_strategy": "coordinate_then_variance_topk_local_grid",
    "hpo_trials": 80,
    "local_grid_points": 3,
    "local_topk": 4,
    "max_failed_jobs": 3,
    "max_workers_per_gpu": 4,
    "methods": [
      "baseline",
      "cagrad",
      "ours"
    ],
    "notify_emails": [],
    "notify_events": [
      "phase_start",
      "phase_end",
      "job_failed",
      "pipeline_done",
      "pipeline_failed",
      "failure_limit_reached"
    ],
    "probe_steps": 2,
    "probe_timeout_sec": 600.0,
    "retries": 2
  },
  "found": {
    "config": "configs/singletask_cola_real.yaml",
    "disable_mem_probe": false,
    "eval_every": 50,
    "extra_set": [
      "model.backbone_backend=hf",
      "model.hf_load_pretrained=true",
      "model.backbone=roberta",
      "model.hf_pretrained_name=roberta-base",
      "model.expert_type=ffn",
      "model.routing_mode=topk",
      "model.num_experts=4",
      "model.top_k=2"
    ],
    "final_seeds": [
      2,
      3,
      5,
      7,
      11
    ],
    "final_steps": 1000,
    "gpu_mem_util_ratio": 0.8,
    "hpo_seed_base": 20260311,
    "hpo_seeds": [
      2,
      3
    ],
    "hpo_steps": 200,
    "hpo_strategy": "coordinate_then_variance_topk_local_grid",
    "hpo_trials": 80,
    "local_grid_points": 3,
    "local_topk": 4,
    "max_failed_jobs": 3,
    "max_workers_per_gpu": 4,
    "methods": [
      "baseline",
      "cagrad",
      "ours"
    ],
    "notify_emails": [],
    "notify_events": [
      "phase_start",
      "phase_end",
      "job_failed",
      "pipeline_done",
      "pipeline_failed",
      "failure_limit_reached"
    ],
    "probe_steps": 2,
    "probe_timeout_sec": 600.0,
    "retries": 2
  }
}
[2026-03-25 14:47:38] [run_paper_suite_supplement_tmux_entry] starting
[2026-03-25 14:47:39] [run_paper_suite_supplement_tmux_entry] cwd=/root/Optimization/MOE-grad-conflict-routing
[2026-03-25 14:47:39] [run_paper_suite_supplement_tmux_entry] GPUS=0 MAX_WORKERS_PER_GPU=4 HF_HUB_OFFLINE=1 TRANSFORMERS_OFFLINE=1 HF_DATASETS_OFFLINE=1
[2026-03-25 14:47:39] [run_paper_suite_supplement_tmux_entry] skipping completed RTE rerun
[2026-03-25 14:47:39] [run_paper_suite_supplement_tmux_entry] skipping completed cola lora supplement
[2026-03-25 14:47:39] [run_paper_suite_supplement_tmux_entry] running missing cola ffn supplement
[single-cola] backbone=roberta expert=ffn out=runs/paper_suite_supplement/single_task_add_rerun/single_task/roberta_cola_ffn_e4_k2
Traceback (most recent call last):
  File "/root/Optimization/MOE-grad-conflict-routing/scripts/pipeline_hpo_final_plot.py", line 2476, in <module>
    main()
  File "/root/Optimization/MOE-grad-conflict-routing/scripts/pipeline_hpo_final_plot.py", line 1977, in main
    _ensure_manifest(out_dir / "pipeline_manifest.json", manifest)
  File "/root/Optimization/MOE-grad-conflict-routing/scripts/pipeline_hpo_final_plot.py", line 1792, in _ensure_manifest
    raise RuntimeError(
RuntimeError: pipeline manifest mismatch, refusing resume.
{
  "expected": {
    "config": "configs/singletask_cola_real.yaml",
    "disable_mem_probe": false,
    "eval_every": 50,
    "extra_set": [
      "model.backbone_backend=hf",
      "model.hf_load_pretrained=true",
      "model.hf_local_files_only=true",
      "model.backbone=roberta",
      "model.hf_pretrained_name=roberta-base",
      "model.expert_type=ffn",
      "model.routing_mode=topk",
      "model.num_experts=4",
      "model.top_k=2"
    ],
    "final_seeds": [
      2,
      3,
      5,
      7,
      11
    ],
    "final_steps": 1000,
    "gpu_mem_util_ratio": 0.8,
    "hpo_seed_base": 20260311,
    "hpo_seeds": [
      2,
      3
    ],
    "hpo_steps": 200,
    "hpo_strategy": "coordinate_then_variance_topk_local_grid",
    "hpo_trials": 80,
    "local_grid_points": 3,
    "local_topk": 4,
    "max_failed_jobs": 3,
    "max_workers_per_gpu": 4,
    "methods": [
      "baseline",
      "cagrad",
      "ours"
    ],
    "notify_emails": [],
    "notify_events": [
      "phase_start",
      "phase_end",
      "job_failed",
      "pipeline_done",
      "pipeline_failed",
      "failure_limit_reached"
    ],
    "probe_steps": 2,
    "probe_timeout_sec": 600.0,
    "retries": 2
  },
  "found": {
    "config": "configs/singletask_cola_real.yaml",
    "disable_mem_probe": false,
    "eval_every": 50,
    "extra_set": [
      "model.backbone_backend=hf",
      "model.hf_load_pretrained=true",
      "model.backbone=roberta",
      "model.hf_pretrained_name=roberta-base",
      "model.expert_type=ffn",
      "model.routing_mode=topk",
      "model.num_experts=4",
      "model.top_k=2"
    ],
    "final_seeds": [
      2,
      3,
      5,
      7,
      11
    ],
    "final_steps": 1000,
    "gpu_mem_util_ratio": 0.8,
    "hpo_seed_base": 20260311,
    "hpo_seeds": [
      2,
      3
    ],
    "hpo_steps": 200,
    "hpo_strategy": "coordinate_then_variance_topk_local_grid",
    "hpo_trials": 80,
    "local_grid_points": 3,
    "local_topk": 4,
    "max_failed_jobs": 3,
    "max_workers_per_gpu": 4,
    "methods": [
      "baseline",
      "cagrad",
      "ours"
    ],
    "notify_emails": [],
    "notify_events": [
      "phase_start",
      "phase_end",
      "job_failed",
      "pipeline_done",
      "pipeline_failed",
      "failure_limit_reached"
    ],
    "probe_steps": 2,
    "probe_timeout_sec": 600.0,
    "retries": 2
  }
}
[2026-03-25 14:49:14] [run_paper_suite_supplement_tmux_entry] starting
[2026-03-25 14:49:15] [run_paper_suite_supplement_tmux_entry] cwd=/root/Optimization/MOE-grad-conflict-routing
[2026-03-25 14:49:15] [run_paper_suite_supplement_tmux_entry] GPUS=0 MAX_WORKERS_PER_GPU=4 HF_HUB_OFFLINE=1 TRANSFORMERS_OFFLINE=1 HF_DATASETS_OFFLINE=1
[2026-03-25 14:49:15] [run_paper_suite_supplement_tmux_entry] skipping completed RTE rerun
[2026-03-25 14:49:15] [run_paper_suite_supplement_tmux_entry] skipping completed cola lora supplement
[2026-03-25 14:49:15] [run_paper_suite_supplement_tmux_entry] running missing cola ffn supplement
[single-cola] backbone=roberta expert=ffn out=runs/paper_suite_supplement/single_task_add_rerun/single_task/roberta_cola_ffn_e4_k2
Traceback (most recent call last):
  File "/root/Optimization/MOE-grad-conflict-routing/scripts/pipeline_hpo_final_plot.py", line 2476, in <module>
    main()
  File "/root/Optimization/MOE-grad-conflict-routing/scripts/pipeline_hpo_final_plot.py", line 1977, in main
    _ensure_manifest(out_dir / "pipeline_manifest.json", manifest)
  File "/root/Optimization/MOE-grad-conflict-routing/scripts/pipeline_hpo_final_plot.py", line 1792, in _ensure_manifest
    raise RuntimeError(
RuntimeError: pipeline manifest mismatch, refusing resume.
{
  "expected": {
    "config": "configs/singletask_cola_real.yaml",
    "disable_mem_probe": false,
    "eval_every": 50,
    "extra_set": [
      "model.backbone_backend=hf",
      "model.hf_load_pretrained=true",
      "model.hf_local_files_only=true",
      "model.backbone=roberta",
      "model.hf_pretrained_name=roberta-base",
      "model.expert_type=ffn",
      "model.routing_mode=topk",
      "model.num_experts=4",
      "model.top_k=2"
    ],
    "final_seeds": [
      2,
      3,
      5,
      7,
      11
    ],
    "final_steps": 1000,
    "gpu_mem_util_ratio": 0.8,
    "hpo_seed_base": 20260311,
    "hpo_seeds": [
      2,
      3
    ],
    "hpo_steps": 200,
    "hpo_strategy": "coordinate_then_variance_topk_local_grid",
    "hpo_trials": 80,
    "local_grid_points": 3,
    "local_topk": 4,
    "max_failed_jobs": 3,
    "max_workers_per_gpu": 4,
    "methods": [
      "baseline",
      "cagrad",
      "ours"
    ],
    "notify_emails": [],
    "notify_events": [
      "phase_start",
      "phase_end",
      "job_failed",
      "pipeline_done",
      "pipeline_failed",
      "failure_limit_reached"
    ],
    "probe_steps": 2,
    "probe_timeout_sec": 600.0,
    "retries": 2
  },
  "found": {
    "config": "configs/singletask_cola_real.yaml",
    "disable_mem_probe": false,
    "eval_every": 50,
    "extra_set": [
      "model.backbone_backend=hf",
      "model.hf_load_pretrained=true",
      "model.backbone=roberta",
      "model.hf_pretrained_name=roberta-base",
      "model.expert_type=ffn",
      "model.routing_mode=topk",
      "model.num_experts=4",
      "model.top_k=2"
    ],
    "final_seeds": [
      2,
      3,
      5,
      7,
      11
    ],
    "final_steps": 1000,
    "gpu_mem_util_ratio": 0.8,
    "hpo_seed_base": 20260311,
    "hpo_seeds": [
      2,
      3
    ],
    "hpo_steps": 200,
    "hpo_strategy": "coordinate_then_variance_topk_local_grid",
    "hpo_trials": 80,
    "local_grid_points": 3,
    "local_topk": 4,
    "max_failed_jobs": 3,
    "max_workers_per_gpu": 4,
    "methods": [
      "baseline",
      "cagrad",
      "ours"
    ],
    "notify_emails": [],
    "notify_events": [
      "phase_start",
      "phase_end",
      "job_failed",
      "pipeline_done",
      "pipeline_failed",
      "failure_limit_reached"
    ],
    "probe_steps": 2,
    "probe_timeout_sec": 600.0,
    "retries": 2
  }
}
