[run] method=cagrad candidate=local_var_topk_001 seed=3 steps=150 gpu=0
[run] cmd=
/home/zhujjing/anaconda3/envs/moe/bin/python /home/zhujjing/MOE-grad-conflict-routing/scripts/run.py --config configs/singletask_sst2_real.yaml --set model.backbone_backend=hf --set model.hf_load_pretrained=true --set model.hf_local_files_only=true --set model.backbone=deberta --set model.hf_pretrained_name=microsoft/deberta-v3-base --set model.expert_type=lora --set model.routing_mode=topk --set model.num_experts=4 --set model.top_k=2 --set seed=3 --set method.name=baseline_cagrad --set train.steps=150 --set train.eval_every_steps=50 --set method.baseline_cagrad.c=0.69392653 --set method.baseline_cagrad.inner_lr=0.4947630335 --set train.grad_clip=1.588120198 --set train.lr=1e-05 --set train.weight_decay=0.04430050278 --out /home/zhujjing/MOE-grad-conflict-routing/runs/paper_suite/single_gpu/single_task/deberta_sst2_lora_e4_k2_supplement/hpo/cagrad/trial_runs/local_var_topk_001/cagrad_s3.json --curve_out /home/zhujjing/MOE-grad-conflict-routing/runs/paper_suite/single_gpu/single_task/deberta_sst2_lora_e4_k2_supplement/hpo/cagrad/trial_runs/local_var_topk_001/cagrad_s3_curve.csv
Using the latest cached version of the dataset since glue couldn't be found on the Hugging Face Hub (offline mode is enabled).
Found the latest cached dataset configuration 'sst2' at /home/zhujjing/hf_cache/datasets/glue/sst2/0.0.0/bcdcba79d07bc864c1c254ccfcedcce55bcc9a8c (last modified on Thu Mar 19 15:01:41 2026).
/home/zhujjing/anaconda3/envs/moe/lib/python3.10/site-packages/transformers/utils/hub.py:124: FutureWarning: Using `TRANSFORMERS_CACHE` is deprecated and will be removed in v5 of Transformers. Use `HF_HOME` instead.
  warnings.warn(
/home/zhujjing/anaconda3/envs/moe/lib/python3.10/site-packages/transformers/convert_slow_tokenizer.py:560: UserWarning: The sentencepiece tokenizer that you are converting to a fast tokenizer uses the byte fallback option which is not implemented in the fast tokenizers. In practice this means that the fast version of the tokenizer can produce unknown tokens whereas the sentencepiece version would have converted these unknown tokens into a sequence of byte tokens matching the original piece of text.
  warnings.warn(
[step 0001/150] method=baseline_cagrad loss=0.6982 train_acc=nan train_loss=nan val_acc=nan val_loss=nan best=-1.0000
[step 0010/150] method=baseline_cagrad loss=0.6606 train_acc=nan train_loss=nan val_acc=nan val_loss=nan best=-1.0000
[step 0020/150] method=baseline_cagrad loss=0.6515 train_acc=nan train_loss=nan val_acc=nan val_loss=nan best=-1.0000
[step 0030/150] method=baseline_cagrad loss=0.6755 train_acc=nan train_loss=nan val_acc=nan val_loss=nan best=-1.0000
[step 0040/150] method=baseline_cagrad loss=0.7628 train_acc=nan train_loss=nan val_acc=nan val_loss=nan best=-1.0000
[step 0050/150] method=baseline_cagrad loss=0.5543 train_acc=0.8126 train_loss=0.4576 val_acc=0.8406 val_loss=0.4351 router_H=0.6883 best=0.8406
           router_load=[0.2903623580932617, 0.2246810793876648, 0.1596817970275879, 0.32527485489845276]
[step 0060/150] method=baseline_cagrad loss=0.4872 train_acc=0.8126 train_loss=0.4576 val_acc=0.8406 val_loss=0.4351 router_H=0.6883 best=0.8406
           router_load=[0.2903623580932617, 0.2246810793876648, 0.1596817970275879, 0.32527485489845276]
[step 0070/150] method=baseline_cagrad loss=0.3408 train_acc=0.8126 train_loss=0.4576 val_acc=0.8406 val_loss=0.4351 router_H=0.6883 best=0.8406
           router_load=[0.2903623580932617, 0.2246810793876648, 0.1596817970275879, 0.32527485489845276]
[step 0080/150] method=baseline_cagrad loss=0.1654 train_acc=0.8126 train_loss=0.4576 val_acc=0.8406 val_loss=0.4351 router_H=0.6883 best=0.8406
           router_load=[0.2903623580932617, 0.2246810793876648, 0.1596817970275879, 0.32527485489845276]
[step 0090/150] method=baseline_cagrad loss=0.1418 train_acc=0.8126 train_loss=0.4576 val_acc=0.8406 val_loss=0.4351 router_H=0.6883 best=0.8406
           router_load=[0.2903623580932617, 0.2246810793876648, 0.1596817970275879, 0.32527485489845276]
[step 0100/150] method=baseline_cagrad loss=0.1768 train_acc=0.8918 train_loss=0.2806 val_acc=0.8888 val_loss=0.2868 router_H=0.6853 best=0.8888
           router_load=[0.2884633243083954, 0.20593436062335968, 0.27401167154312134, 0.23159059882164001]
[step 0110/150] method=baseline_cagrad loss=0.4059 train_acc=0.8918 train_loss=0.2806 val_acc=0.8888 val_loss=0.2868 router_H=0.6853 best=0.8888
           router_load=[0.2884633243083954, 0.20593436062335968, 0.27401167154312134, 0.23159059882164001]
[step 0120/150] method=baseline_cagrad loss=0.3974 train_acc=0.8918 train_loss=0.2806 val_acc=0.8888 val_loss=0.2868 router_H=0.6853 best=0.8888
           router_load=[0.2884633243083954, 0.20593436062335968, 0.27401167154312134, 0.23159059882164001]
[step 0130/150] method=baseline_cagrad loss=0.2122 train_acc=0.8918 train_loss=0.2806 val_acc=0.8888 val_loss=0.2868 router_H=0.6853 best=0.8888
           router_load=[0.2884633243083954, 0.20593436062335968, 0.27401167154312134, 0.23159059882164001]
[step 0140/150] method=baseline_cagrad loss=0.2718 train_acc=0.8918 train_loss=0.2806 val_acc=0.8888 val_loss=0.2868 router_H=0.6853 best=0.8888
           router_load=[0.2884633243083954, 0.20593436062335968, 0.27401167154312134, 0.23159059882164001]
[step 0150/150] method=baseline_cagrad loss=0.1877 train_acc=0.9155 train_loss=0.2306 val_acc=0.9094 val_loss=0.2299 router_H=0.6864 best=0.9094
           router_load=[0.32262739539146423, 0.19401611387729645, 0.21020936965942383, 0.2731471359729767]
saved summary -> /home/zhujjing/MOE-grad-conflict-routing/runs/paper_suite/single_gpu/single_task/deberta_sst2_lora_e4_k2_supplement/hpo/cagrad/trial_runs/local_var_topk_001/cagrad_s3.json
saved curve -> /home/zhujjing/MOE-grad-conflict-routing/runs/paper_suite/single_gpu/single_task/deberta_sst2_lora_e4_k2_supplement/hpo/cagrad/trial_runs/local_var_topk_001/cagrad_s3_curve.csv
