[run] method=cagrad candidate=local_var_topk_013 seed=2 steps=150 gpu=0
[run] cmd=
/home/zhujjing/anaconda3/envs/moe/bin/python /home/zhujjing/MOE-grad-conflict-routing/scripts/run.py --config configs/singletask_sst2_real.yaml --set model.backbone_backend=hf --set model.hf_load_pretrained=true --set model.hf_local_files_only=true --set model.backbone=deberta --set model.hf_pretrained_name=microsoft/deberta-v3-base --set model.expert_type=lora --set model.routing_mode=topk --set model.num_experts=4 --set model.top_k=2 --set seed=2 --set method.name=baseline_cagrad --set train.steps=150 --set train.eval_every_steps=50 --set method.baseline_cagrad.c=0.69392653 --set method.baseline_cagrad.inner_lr=0.5 --set train.grad_clip=1.888120198 --set train.lr=2e-05 --set train.weight_decay=0.04430050278 --out /home/zhujjing/MOE-grad-conflict-routing/runs/paper_suite/single_gpu/single_task/deberta_sst2_lora_e4_k2_supplement/hpo/cagrad/trial_runs/local_var_topk_013/cagrad_s2.json --curve_out /home/zhujjing/MOE-grad-conflict-routing/runs/paper_suite/single_gpu/single_task/deberta_sst2_lora_e4_k2_supplement/hpo/cagrad/trial_runs/local_var_topk_013/cagrad_s2_curve.csv
Using the latest cached version of the dataset since glue couldn't be found on the Hugging Face Hub (offline mode is enabled).
Found the latest cached dataset configuration 'sst2' at /home/zhujjing/hf_cache/datasets/glue/sst2/0.0.0/bcdcba79d07bc864c1c254ccfcedcce55bcc9a8c (last modified on Thu Mar 19 15:01:41 2026).
/home/zhujjing/anaconda3/envs/moe/lib/python3.10/site-packages/transformers/utils/hub.py:124: FutureWarning: Using `TRANSFORMERS_CACHE` is deprecated and will be removed in v5 of Transformers. Use `HF_HOME` instead.
  warnings.warn(
/home/zhujjing/anaconda3/envs/moe/lib/python3.10/site-packages/transformers/convert_slow_tokenizer.py:560: UserWarning: The sentencepiece tokenizer that you are converting to a fast tokenizer uses the byte fallback option which is not implemented in the fast tokenizers. In practice this means that the fast version of the tokenizer can produce unknown tokens whereas the sentencepiece version would have converted these unknown tokens into a sequence of byte tokens matching the original piece of text.
  warnings.warn(
[step 0001/150] method=baseline_cagrad loss=0.5964 train_acc=nan train_loss=nan val_acc=nan val_loss=nan best=-1.0000
[step 0010/150] method=baseline_cagrad loss=0.6878 train_acc=nan train_loss=nan val_acc=nan val_loss=nan best=-1.0000
[step 0020/150] method=baseline_cagrad loss=0.4890 train_acc=nan train_loss=nan val_acc=nan val_loss=nan best=-1.0000
[step 0030/150] method=baseline_cagrad loss=0.3646 train_acc=nan train_loss=nan val_acc=nan val_loss=nan best=-1.0000
[step 0040/150] method=baseline_cagrad loss=0.1584 train_acc=nan train_loss=nan val_acc=nan val_loss=nan best=-1.0000
[step 0050/150] method=baseline_cagrad loss=0.1289 train_acc=0.8652 train_loss=0.3708 val_acc=0.8016 val_loss=0.5097 router_H=0.6634 best=0.8016
           router_load=[0.1760936826467514, 0.2821974456310272, 0.514116108417511, 0.02759283222258091]
[step 0060/150] method=baseline_cagrad loss=0.2646 train_acc=0.8652 train_loss=0.3708 val_acc=0.8016 val_loss=0.5097 router_H=0.6634 best=0.8016
           router_load=[0.1760936826467514, 0.2821974456310272, 0.514116108417511, 0.02759283222258091]
[step 0070/150] method=baseline_cagrad loss=0.6672 train_acc=0.8652 train_loss=0.3708 val_acc=0.8016 val_loss=0.5097 router_H=0.6634 best=0.8016
           router_load=[0.1760936826467514, 0.2821974456310272, 0.514116108417511, 0.02759283222258091]
[step 0080/150] method=baseline_cagrad loss=0.4456 train_acc=0.8652 train_loss=0.3708 val_acc=0.8016 val_loss=0.5097 router_H=0.6634 best=0.8016
           router_load=[0.1760936826467514, 0.2821974456310272, 0.514116108417511, 0.02759283222258091]
[step 0090/150] method=baseline_cagrad loss=0.1198 train_acc=0.8652 train_loss=0.3708 val_acc=0.8016 val_loss=0.5097 router_H=0.6634 best=0.8016
           router_load=[0.1760936826467514, 0.2821974456310272, 0.514116108417511, 0.02759283222258091]
[step 0100/150] method=baseline_cagrad loss=0.2488 train_acc=0.9016 train_loss=0.2615 val_acc=0.8658 val_loss=0.3353 router_H=0.6539 best=0.8658
           router_load=[0.2031630575656891, 0.2185753583908081, 0.46512511372566223, 0.11313638091087341]
[step 0110/150] method=baseline_cagrad loss=0.1915 train_acc=0.9016 train_loss=0.2615 val_acc=0.8658 val_loss=0.3353 router_H=0.6539 best=0.8658
           router_load=[0.2031630575656891, 0.2185753583908081, 0.46512511372566223, 0.11313638091087341]
[step 0120/150] method=baseline_cagrad loss=0.2482 train_acc=0.9016 train_loss=0.2615 val_acc=0.8658 val_loss=0.3353 router_H=0.6539 best=0.8658
           router_load=[0.2031630575656891, 0.2185753583908081, 0.46512511372566223, 0.11313638091087341]
[step 0130/150] method=baseline_cagrad loss=0.4390 train_acc=0.9016 train_loss=0.2615 val_acc=0.8658 val_loss=0.3353 router_H=0.6539 best=0.8658
           router_load=[0.2031630575656891, 0.2185753583908081, 0.46512511372566223, 0.11313638091087341]
[step 0140/150] method=baseline_cagrad loss=0.4653 train_acc=0.9016 train_loss=0.2615 val_acc=0.8658 val_loss=0.3353 router_H=0.6539 best=0.8658
           router_load=[0.2031630575656891, 0.2185753583908081, 0.46512511372566223, 0.11313638091087341]
[step 0150/150] method=baseline_cagrad loss=0.2765 train_acc=0.9219 train_loss=0.2155 val_acc=0.9255 val_loss=0.2227 router_H=0.5920 best=0.9255
           router_load=[0.35938531160354614, 0.11121926456689835, 0.34798404574394226, 0.18141135573387146]
saved summary -> /home/zhujjing/MOE-grad-conflict-routing/runs/paper_suite/single_gpu/single_task/deberta_sst2_lora_e4_k2_supplement/hpo/cagrad/trial_runs/local_var_topk_013/cagrad_s2.json
saved curve -> /home/zhujjing/MOE-grad-conflict-routing/runs/paper_suite/single_gpu/single_task/deberta_sst2_lora_e4_k2_supplement/hpo/cagrad/trial_runs/local_var_topk_013/cagrad_s2_curve.csv
