[run] method=cagrad candidate=local_var_topk_014 seed=3 steps=150 gpu=0
[run] cmd=
/home/zhujjing/anaconda3/envs/moe/bin/python /home/zhujjing/MOE-grad-conflict-routing/scripts/run.py --config configs/singletask_sst2_real.yaml --set model.backbone_backend=hf --set model.hf_load_pretrained=true --set model.hf_local_files_only=true --set model.backbone=deberta --set model.hf_pretrained_name=microsoft/deberta-v3-base --set model.expert_type=lora --set model.routing_mode=topk --set model.num_experts=4 --set model.top_k=2 --set seed=3 --set method.name=baseline_cagrad --set train.steps=150 --set train.eval_every_steps=50 --set method.baseline_cagrad.c=0.69392653 --set method.baseline_cagrad.inner_lr=0.2473815167 --set train.grad_clip=2 --set train.lr=2e-05 --set train.weight_decay=0.04430050278 --out /home/zhujjing/MOE-grad-conflict-routing/runs/paper_suite/single_gpu/single_task/deberta_sst2_lora_e4_k2_supplement/hpo/cagrad/trial_runs/local_var_topk_014/cagrad_s3.json --curve_out /home/zhujjing/MOE-grad-conflict-routing/runs/paper_suite/single_gpu/single_task/deberta_sst2_lora_e4_k2_supplement/hpo/cagrad/trial_runs/local_var_topk_014/cagrad_s3_curve.csv
Using the latest cached version of the dataset since glue couldn't be found on the Hugging Face Hub (offline mode is enabled).
Found the latest cached dataset configuration 'sst2' at /home/zhujjing/hf_cache/datasets/glue/sst2/0.0.0/bcdcba79d07bc864c1c254ccfcedcce55bcc9a8c (last modified on Thu Mar 19 15:01:41 2026).
/home/zhujjing/anaconda3/envs/moe/lib/python3.10/site-packages/transformers/utils/hub.py:124: FutureWarning: Using `TRANSFORMERS_CACHE` is deprecated and will be removed in v5 of Transformers. Use `HF_HOME` instead.
  warnings.warn(
/home/zhujjing/anaconda3/envs/moe/lib/python3.10/site-packages/transformers/convert_slow_tokenizer.py:560: UserWarning: The sentencepiece tokenizer that you are converting to a fast tokenizer uses the byte fallback option which is not implemented in the fast tokenizers. In practice this means that the fast version of the tokenizer can produce unknown tokens whereas the sentencepiece version would have converted these unknown tokens into a sequence of byte tokens matching the original piece of text.
  warnings.warn(
[step 0001/150] method=baseline_cagrad loss=0.6977 train_acc=nan train_loss=nan val_acc=nan val_loss=nan best=-1.0000
[step 0010/150] method=baseline_cagrad loss=0.6566 train_acc=nan train_loss=nan val_acc=nan val_loss=nan best=-1.0000
[step 0020/150] method=baseline_cagrad loss=0.5383 train_acc=nan train_loss=nan val_acc=nan val_loss=nan best=-1.0000
[step 0030/150] method=baseline_cagrad loss=0.6130 train_acc=nan train_loss=nan val_acc=nan val_loss=nan best=-1.0000
[step 0040/150] method=baseline_cagrad loss=0.4548 train_acc=nan train_loss=nan val_acc=nan val_loss=nan best=-1.0000
[step 0050/150] method=baseline_cagrad loss=0.5098 train_acc=0.8909 train_loss=0.2923 val_acc=0.8888 val_loss=0.2725 router_H=0.6604 best=0.8888
           router_load=[0.4068565368652344, 0.01001735683530569, 0.021782005205750465, 0.5613439083099365]
[step 0060/150] method=baseline_cagrad loss=0.5457 train_acc=0.8909 train_loss=0.2923 val_acc=0.8888 val_loss=0.2725 router_H=0.6604 best=0.8888
           router_load=[0.4068565368652344, 0.01001735683530569, 0.021782005205750465, 0.5613439083099365]
[step 0070/150] method=baseline_cagrad loss=0.3244 train_acc=0.8909 train_loss=0.2923 val_acc=0.8888 val_loss=0.2725 router_H=0.6604 best=0.8888
           router_load=[0.4068565368652344, 0.01001735683530569, 0.021782005205750465, 0.5613439083099365]
[step 0080/150] method=baseline_cagrad loss=0.1173 train_acc=0.8909 train_loss=0.2923 val_acc=0.8888 val_loss=0.2725 router_H=0.6604 best=0.8888
           router_load=[0.4068565368652344, 0.01001735683530569, 0.021782005205750465, 0.5613439083099365]
[step 0090/150] method=baseline_cagrad loss=0.0691 train_acc=0.8909 train_loss=0.2923 val_acc=0.8888 val_loss=0.2725 router_H=0.6604 best=0.8888
           router_load=[0.4068565368652344, 0.01001735683530569, 0.021782005205750465, 0.5613439083099365]
[step 0100/150] method=baseline_cagrad loss=0.2502 train_acc=0.9097 train_loss=0.2566 val_acc=0.9232 val_loss=0.2380 router_H=0.6452 best=0.9232
           router_load=[0.40146487951278687, 0.01067581120878458, 0.06928864866495132, 0.5185707211494446]
[step 0110/150] method=baseline_cagrad loss=0.5403 train_acc=0.9097 train_loss=0.2566 val_acc=0.9232 val_loss=0.2380 router_H=0.6452 best=0.9232
           router_load=[0.40146487951278687, 0.01067581120878458, 0.06928864866495132, 0.5185707211494446]
[step 0120/150] method=baseline_cagrad loss=0.3742 train_acc=0.9097 train_loss=0.2566 val_acc=0.9232 val_loss=0.2380 router_H=0.6452 best=0.9232
           router_load=[0.40146487951278687, 0.01067581120878458, 0.06928864866495132, 0.5185707211494446]
[step 0130/150] method=baseline_cagrad loss=0.2128 train_acc=0.9097 train_loss=0.2566 val_acc=0.9232 val_loss=0.2380 router_H=0.6452 best=0.9232
           router_load=[0.40146487951278687, 0.01067581120878458, 0.06928864866495132, 0.5185707211494446]
[step 0140/150] method=baseline_cagrad loss=0.3421 train_acc=0.9097 train_loss=0.2566 val_acc=0.9232 val_loss=0.2380 router_H=0.6452 best=0.9232
           router_load=[0.40146487951278687, 0.01067581120878458, 0.06928864866495132, 0.5185707211494446]
[step 0150/150] method=baseline_cagrad loss=0.2376 train_acc=0.9166 train_loss=0.2124 val_acc=0.9255 val_loss=0.2006 router_H=0.6463 best=0.9255
           router_load=[0.39627858996391296, 0.002830538200214505, 0.06396152079105377, 0.5369294285774231]
saved summary -> /home/zhujjing/MOE-grad-conflict-routing/runs/paper_suite/single_gpu/single_task/deberta_sst2_lora_e4_k2_supplement/hpo/cagrad/trial_runs/local_var_topk_014/cagrad_s3.json
saved curve -> /home/zhujjing/MOE-grad-conflict-routing/runs/paper_suite/single_gpu/single_task/deberta_sst2_lora_e4_k2_supplement/hpo/cagrad/trial_runs/local_var_topk_014/cagrad_s3_curve.csv
