[run] method=cagrad candidate=local_var_topk_017 seed=3 steps=150 gpu=0
[run] cmd=
/home/zhujjing/anaconda3/envs/moe/bin/python /home/zhujjing/MOE-grad-conflict-routing/scripts/run.py --config configs/singletask_sst2_real.yaml --set model.backbone_backend=hf --set model.hf_load_pretrained=true --set model.hf_local_files_only=true --set model.backbone=deberta --set model.hf_pretrained_name=microsoft/deberta-v3-base --set model.expert_type=lora --set model.routing_mode=topk --set model.num_experts=4 --set model.top_k=2 --set seed=3 --set method.name=baseline_cagrad --set train.steps=150 --set train.eval_every_steps=50 --set method.baseline_cagrad.c=0.69392653 --set method.baseline_cagrad.inner_lr=0.2473815167 --set train.grad_clip=1.588120198 --set train.lr=4e-05 --set train.weight_decay=0.04430050278 --out /home/zhujjing/MOE-grad-conflict-routing/runs/paper_suite/single_gpu/single_task/deberta_sst2_lora_e4_k2_supplement/hpo/cagrad/trial_runs/local_var_topk_017/cagrad_s3.json --curve_out /home/zhujjing/MOE-grad-conflict-routing/runs/paper_suite/single_gpu/single_task/deberta_sst2_lora_e4_k2_supplement/hpo/cagrad/trial_runs/local_var_topk_017/cagrad_s3_curve.csv
Using the latest cached version of the dataset since glue couldn't be found on the Hugging Face Hub (offline mode is enabled).
Found the latest cached dataset configuration 'sst2' at /home/zhujjing/hf_cache/datasets/glue/sst2/0.0.0/bcdcba79d07bc864c1c254ccfcedcce55bcc9a8c (last modified on Thu Mar 19 15:01:41 2026).
/home/zhujjing/anaconda3/envs/moe/lib/python3.10/site-packages/transformers/utils/hub.py:124: FutureWarning: Using `TRANSFORMERS_CACHE` is deprecated and will be removed in v5 of Transformers. Use `HF_HOME` instead.
  warnings.warn(
/home/zhujjing/anaconda3/envs/moe/lib/python3.10/site-packages/transformers/convert_slow_tokenizer.py:560: UserWarning: The sentencepiece tokenizer that you are converting to a fast tokenizer uses the byte fallback option which is not implemented in the fast tokenizers. In practice this means that the fast version of the tokenizer can produce unknown tokens whereas the sentencepiece version would have converted these unknown tokens into a sequence of byte tokens matching the original piece of text.
  warnings.warn(
[step 0001/150] method=baseline_cagrad loss=0.9196 train_acc=nan train_loss=nan val_acc=nan val_loss=nan best=-1.0000
[step 0010/150] method=baseline_cagrad loss=0.5924 train_acc=nan train_loss=nan val_acc=nan val_loss=nan best=-1.0000
[step 0020/150] method=baseline_cagrad loss=0.5484 train_acc=nan train_loss=nan val_acc=nan val_loss=nan best=-1.0000
[step 0030/150] method=baseline_cagrad loss=0.5914 train_acc=nan train_loss=nan val_acc=nan val_loss=nan best=-1.0000
[step 0040/150] method=baseline_cagrad loss=0.4572 train_acc=nan train_loss=nan val_acc=nan val_loss=nan best=-1.0000
[step 0050/150] method=baseline_cagrad loss=0.6245 train_acc=0.8922 train_loss=0.2890 val_acc=0.9037 val_loss=0.2698 router_H=0.6769 best=0.9037
           router_load=[0.27535006403923035, 0.4319315552711487, 0.29162174463272095, 0.0010965634137392044]
[step 0060/150] method=baseline_cagrad loss=0.4565 train_acc=0.8922 train_loss=0.2890 val_acc=0.9037 val_loss=0.2698 router_H=0.6769 best=0.9037
           router_load=[0.27535006403923035, 0.4319315552711487, 0.29162174463272095, 0.0010965634137392044]
[step 0070/150] method=baseline_cagrad loss=0.2455 train_acc=0.8922 train_loss=0.2890 val_acc=0.9037 val_loss=0.2698 router_H=0.6769 best=0.9037
           router_load=[0.27535006403923035, 0.4319315552711487, 0.29162174463272095, 0.0010965634137392044]
[step 0080/150] method=baseline_cagrad loss=0.2195 train_acc=0.8922 train_loss=0.2890 val_acc=0.9037 val_loss=0.2698 router_H=0.6769 best=0.9037
           router_load=[0.27535006403923035, 0.4319315552711487, 0.29162174463272095, 0.0010965634137392044]
[step 0090/150] method=baseline_cagrad loss=0.1169 train_acc=0.8922 train_loss=0.2890 val_acc=0.9037 val_loss=0.2698 router_H=0.6769 best=0.9037
           router_load=[0.27535006403923035, 0.4319315552711487, 0.29162174463272095, 0.0010965634137392044]
[step 0100/150] method=baseline_cagrad loss=0.3086 train_acc=0.8924 train_loss=0.2804 val_acc=0.8968 val_loss=0.2767 router_H=0.6715 best=0.9037
           router_load=[0.2293497622013092, 0.4668826460838318, 0.302615761756897, 0.0011519868858158588]
[step 0110/150] method=baseline_cagrad loss=0.3503 train_acc=0.8924 train_loss=0.2804 val_acc=0.8968 val_loss=0.2767 router_H=0.6715 best=0.9037
           router_load=[0.2293497622013092, 0.4668826460838318, 0.302615761756897, 0.0011519868858158588]
[step 0120/150] method=baseline_cagrad loss=0.3175 train_acc=0.8924 train_loss=0.2804 val_acc=0.8968 val_loss=0.2767 router_H=0.6715 best=0.9037
           router_load=[0.2293497622013092, 0.4668826460838318, 0.302615761756897, 0.0011519868858158588]
[step 0130/150] method=baseline_cagrad loss=0.1663 train_acc=0.8924 train_loss=0.2804 val_acc=0.8968 val_loss=0.2767 router_H=0.6715 best=0.9037
           router_load=[0.2293497622013092, 0.4668826460838318, 0.302615761756897, 0.0011519868858158588]
[step 0140/150] method=baseline_cagrad loss=0.2004 train_acc=0.8924 train_loss=0.2804 val_acc=0.8968 val_loss=0.2767 router_H=0.6715 best=0.9037
           router_load=[0.2293497622013092, 0.4668826460838318, 0.302615761756897, 0.0011519868858158588]
[step 0150/150] method=baseline_cagrad loss=0.2526 train_acc=0.8958 train_loss=0.3444 val_acc=0.8956 val_loss=0.3676 router_H=0.6414 best=0.9037
           router_load=[0.16365955770015717, 0.45131146907806396, 0.384578138589859, 0.00045095712994225323]
saved summary -> /home/zhujjing/MOE-grad-conflict-routing/runs/paper_suite/single_gpu/single_task/deberta_sst2_lora_e4_k2_supplement/hpo/cagrad/trial_runs/local_var_topk_017/cagrad_s3.json
saved curve -> /home/zhujjing/MOE-grad-conflict-routing/runs/paper_suite/single_gpu/single_task/deberta_sst2_lora_e4_k2_supplement/hpo/cagrad/trial_runs/local_var_topk_017/cagrad_s3_curve.csv
