[run] method=ours candidate=coord_03_train_grad_clip_012 seed=3 steps=150 gpu=0
[run] cmd=
/home/zhujjing/anaconda3/envs/moe/bin/python /home/zhujjing/MOE-grad-conflict-routing/scripts/run.py --config configs/singletask_mrpc_real.yaml --set model.backbone_backend=hf --set model.hf_load_pretrained=true --set model.hf_local_files_only=true --set model.backbone=roberta --set model.hf_pretrained_name=roberta-base --set model.expert_type=lora --set model.routing_mode=topk --set model.num_experts=4 --set model.top_k=2 --set seed=3 --set method.name=ours --set train.steps=150 --set train.eval_every_steps=50 --set method.ours.use_load_norm=true --set method.ours.lambda_align=0.001 --set train.grad_clip=0.6534831993 --set train.lr=4.233346635e-05 --set train.weight_decay=0.01 --out /home/zhujjing/MOE-grad-conflict-routing/runs/paper_suite/single_gpu/single_task/roberta_mrpc_lora_e4_k2_supplement/hpo/ours/trial_runs/coord_03_train_grad_clip_012/ours_s3.json --curve_out /home/zhujjing/MOE-grad-conflict-routing/runs/paper_suite/single_gpu/single_task/roberta_mrpc_lora_e4_k2_supplement/hpo/ours/trial_runs/coord_03_train_grad_clip_012/ours_s3_curve.csv
Using the latest cached version of the dataset since glue couldn't be found on the Hugging Face Hub (offline mode is enabled).
Found the latest cached dataset configuration 'mrpc' at /home/zhujjing/hf_cache/datasets/glue/mrpc/0.0.0/bcdcba79d07bc864c1c254ccfcedcce55bcc9a8c (last modified on Thu Mar 19 15:01:06 2026).
/home/zhujjing/anaconda3/envs/moe/lib/python3.10/site-packages/transformers/utils/hub.py:124: FutureWarning: Using `TRANSFORMERS_CACHE` is deprecated and will be removed in v5 of Transformers. Use `HF_HOME` instead.
  warnings.warn(
Some weights of RobertaModel were not initialized from the model checkpoint at roberta-base and are newly initialized: ['roberta.pooler.dense.bias', 'roberta.pooler.dense.weight']
You should probably TRAIN this model on a down-stream task to be able to use it for predictions and inference.
[step 0001/150] method=ours loss=0.6924 train_acc=nan train_loss=nan val_acc=nan val_loss=nan best=-1.0000
[step 0010/150] method=ours loss=0.7354 train_acc=nan train_loss=nan val_acc=nan val_loss=nan best=-1.0000
[step 0020/150] method=ours loss=0.7370 train_acc=nan train_loss=nan val_acc=nan val_loss=nan best=-1.0000
[step 0030/150] method=ours loss=0.4908 train_acc=nan train_loss=nan val_acc=nan val_loss=nan best=-1.0000
[step 0040/150] method=ours loss=0.6127 train_acc=nan train_loss=nan val_acc=nan val_loss=nan best=-1.0000
[step 0050/150] method=ours loss=0.4126 train_acc=0.8016 train_loss=0.4421 val_acc=0.7843 val_loss=0.4508 router_H=0.6910 best=0.7843
           router_load=[0.2523687481880188, 0.19667869806289673, 0.2914183735847473, 0.25953420996665955]
[step 0060/150] method=ours loss=0.4127 train_acc=0.8016 train_loss=0.4421 val_acc=0.7843 val_loss=0.4508 router_H=0.6910 best=0.7843
           router_load=[0.2523687481880188, 0.19667869806289673, 0.2914183735847473, 0.25953420996665955]
[step 0070/150] method=ours loss=0.4562 train_acc=0.8016 train_loss=0.4421 val_acc=0.7843 val_loss=0.4508 router_H=0.6910 best=0.7843
           router_load=[0.2523687481880188, 0.19667869806289673, 0.2914183735847473, 0.25953420996665955]
[step 0080/150] method=ours loss=0.6022 train_acc=0.8016 train_loss=0.4421 val_acc=0.7843 val_loss=0.4508 router_H=0.6910 best=0.7843
           router_load=[0.2523687481880188, 0.19667869806289673, 0.2914183735847473, 0.25953420996665955]
[step 0090/150] method=ours loss=0.5715 train_acc=0.8016 train_loss=0.4421 val_acc=0.7843 val_loss=0.4508 router_H=0.6910 best=0.7843
           router_load=[0.2523687481880188, 0.19667869806289673, 0.2914183735847473, 0.25953420996665955]
[step 0100/150] method=ours loss=0.6120 train_acc=0.8234 train_loss=0.3820 val_acc=0.8358 val_loss=0.3831 router_H=0.6879 best=0.8358
           router_load=[0.47789114713668823, 0.21769826114177704, 0.23499509692192078, 0.06941548734903336]
[step 0110/150] method=ours loss=0.3284 train_acc=0.8234 train_loss=0.3820 val_acc=0.8358 val_loss=0.3831 router_H=0.6879 best=0.8358
           router_load=[0.47789114713668823, 0.21769826114177704, 0.23499509692192078, 0.06941548734903336]
[step 0120/150] method=ours loss=0.2534 train_acc=0.8234 train_loss=0.3820 val_acc=0.8358 val_loss=0.3831 router_H=0.6879 best=0.8358
           router_load=[0.47789114713668823, 0.21769826114177704, 0.23499509692192078, 0.06941548734903336]
[step 0130/150] method=ours loss=0.7440 train_acc=0.8234 train_loss=0.3820 val_acc=0.8358 val_loss=0.3831 router_H=0.6879 best=0.8358
           router_load=[0.47789114713668823, 0.21769826114177704, 0.23499509692192078, 0.06941548734903336]
[step 0140/150] method=ours loss=0.5543 train_acc=0.8234 train_loss=0.3820 val_acc=0.8358 val_loss=0.3831 router_H=0.6879 best=0.8358
           router_load=[0.47789114713668823, 0.21769826114177704, 0.23499509692192078, 0.06941548734903336]
[step 0150/150] method=ours loss=0.4954 train_acc=0.8505 train_loss=0.3680 val_acc=0.8260 val_loss=0.4173 router_H=0.6900 best=0.8358
           router_load=[0.48460304737091064, 0.38265225291252136, 0.09767484664916992, 0.03506981208920479]
saved summary -> /home/zhujjing/MOE-grad-conflict-routing/runs/paper_suite/single_gpu/single_task/roberta_mrpc_lora_e4_k2_supplement/hpo/ours/trial_runs/coord_03_train_grad_clip_012/ours_s3.json
saved curve -> /home/zhujjing/MOE-grad-conflict-routing/runs/paper_suite/single_gpu/single_task/roberta_mrpc_lora_e4_k2_supplement/hpo/ours/trial_runs/coord_03_train_grad_clip_012/ours_s3_curve.csv
