[run] method=ours candidate=coord_03_train_grad_clip_004 seed=3 steps=150 gpu=0
[run] cmd=
/home/zhujjing/anaconda3/envs/moe/bin/python /home/zhujjing/MOE-grad-conflict-routing/scripts/run.py --config configs/singletask_mrpc_real.yaml --set model.backbone_backend=hf --set model.hf_load_pretrained=true --set model.hf_local_files_only=true --set model.backbone=roberta --set model.hf_pretrained_name=roberta-base --set model.expert_type=lora --set model.routing_mode=topk --set model.num_experts=4 --set model.top_k=2 --set seed=3 --set method.name=ours --set train.steps=150 --set train.eval_every_steps=50 --set method.ours.use_load_norm=true --set method.ours.lambda_align=0.001 --set train.grad_clip=0.8112607949 --set train.lr=4.233346635e-05 --set train.weight_decay=0.01 --out /home/zhujjing/MOE-grad-conflict-routing/runs/paper_suite/single_gpu/single_task/roberta_mrpc_lora_e4_k2_supplement/hpo/ours/trial_runs/coord_03_train_grad_clip_004/ours_s3.json --curve_out /home/zhujjing/MOE-grad-conflict-routing/runs/paper_suite/single_gpu/single_task/roberta_mrpc_lora_e4_k2_supplement/hpo/ours/trial_runs/coord_03_train_grad_clip_004/ours_s3_curve.csv
Using the latest cached version of the dataset since glue couldn't be found on the Hugging Face Hub (offline mode is enabled).
Found the latest cached dataset configuration 'mrpc' at /home/zhujjing/hf_cache/datasets/glue/mrpc/0.0.0/bcdcba79d07bc864c1c254ccfcedcce55bcc9a8c (last modified on Thu Mar 19 15:01:06 2026).
/home/zhujjing/anaconda3/envs/moe/lib/python3.10/site-packages/transformers/utils/hub.py:124: FutureWarning: Using `TRANSFORMERS_CACHE` is deprecated and will be removed in v5 of Transformers. Use `HF_HOME` instead.
  warnings.warn(
Some weights of RobertaModel were not initialized from the model checkpoint at roberta-base and are newly initialized: ['roberta.pooler.dense.bias', 'roberta.pooler.dense.weight']
You should probably TRAIN this model on a down-stream task to be able to use it for predictions and inference.
[step 0001/150] method=ours loss=0.7089 train_acc=nan train_loss=nan val_acc=nan val_loss=nan best=-1.0000
[step 0010/150] method=ours loss=0.7533 train_acc=nan train_loss=nan val_acc=nan val_loss=nan best=-1.0000
[step 0020/150] method=ours loss=0.6467 train_acc=nan train_loss=nan val_acc=nan val_loss=nan best=-1.0000
[step 0030/150] method=ours loss=0.5073 train_acc=nan train_loss=nan val_acc=nan val_loss=nan best=-1.0000
[step 0040/150] method=ours loss=0.5205 train_acc=nan train_loss=nan val_acc=nan val_loss=nan best=-1.0000
[step 0050/150] method=ours loss=0.2544 train_acc=0.8016 train_loss=0.4199 val_acc=0.7770 val_loss=0.4561 router_H=0.6876 best=0.7770
           router_load=[0.2405422478914261, 0.14613601565361023, 0.33815252780914307, 0.2751691937446594]
[step 0060/150] method=ours loss=0.4782 train_acc=0.8016 train_loss=0.4199 val_acc=0.7770 val_loss=0.4561 router_H=0.6876 best=0.7770
           router_load=[0.2405422478914261, 0.14613601565361023, 0.33815252780914307, 0.2751691937446594]
[step 0070/150] method=ours loss=0.4373 train_acc=0.8016 train_loss=0.4199 val_acc=0.7770 val_loss=0.4561 router_H=0.6876 best=0.7770
           router_load=[0.2405422478914261, 0.14613601565361023, 0.33815252780914307, 0.2751691937446594]
[step 0080/150] method=ours loss=0.4490 train_acc=0.8016 train_loss=0.4199 val_acc=0.7770 val_loss=0.4561 router_H=0.6876 best=0.7770
           router_load=[0.2405422478914261, 0.14613601565361023, 0.33815252780914307, 0.2751691937446594]
[step 0090/150] method=ours loss=0.4817 train_acc=0.8016 train_loss=0.4199 val_acc=0.7770 val_loss=0.4561 router_H=0.6876 best=0.7770
           router_load=[0.2405422478914261, 0.14613601565361023, 0.33815252780914307, 0.2751691937446594]
[step 0100/150] method=ours loss=0.4431 train_acc=0.7799 train_loss=0.4203 val_acc=0.7819 val_loss=0.4302 router_H=0.6870 best=0.7819
           router_load=[0.3945377469062805, 0.0, 0.23127204179763794, 0.37419015169143677]
[step 0110/150] method=ours loss=0.4319 train_acc=0.7799 train_loss=0.4203 val_acc=0.7819 val_loss=0.4302 router_H=0.6870 best=0.7819
           router_load=[0.3945377469062805, 0.0, 0.23127204179763794, 0.37419015169143677]
[step 0120/150] method=ours loss=0.3725 train_acc=0.7799 train_loss=0.4203 val_acc=0.7819 val_loss=0.4302 router_H=0.6870 best=0.7819
           router_load=[0.3945377469062805, 0.0, 0.23127204179763794, 0.37419015169143677]
[step 0130/150] method=ours loss=0.6449 train_acc=0.7799 train_loss=0.4203 val_acc=0.7819 val_loss=0.4302 router_H=0.6870 best=0.7819
           router_load=[0.3945377469062805, 0.0, 0.23127204179763794, 0.37419015169143677]
[step 0140/150] method=ours loss=0.5955 train_acc=0.7799 train_loss=0.4203 val_acc=0.7819 val_loss=0.4302 router_H=0.6870 best=0.7819
           router_load=[0.3945377469062805, 0.0, 0.23127204179763794, 0.37419015169143677]
[step 0150/150] method=ours loss=0.6600 train_acc=0.8125 train_loss=0.3680 val_acc=0.7941 val_loss=0.4148 router_H=0.6915 best=0.7941
           router_load=[0.20165817439556122, 0.0, 0.3422645926475525, 0.4560772478580475]
saved summary -> /home/zhujjing/MOE-grad-conflict-routing/runs/paper_suite/single_gpu/single_task/roberta_mrpc_lora_e4_k2_supplement/hpo/ours/trial_runs/coord_03_train_grad_clip_004/ours_s3.json
saved curve -> /home/zhujjing/MOE-grad-conflict-routing/runs/paper_suite/single_gpu/single_task/roberta_mrpc_lora_e4_k2_supplement/hpo/ours/trial_runs/coord_03_train_grad_clip_004/ours_s3_curve.csv
