[run] method=cagrad candidate=local_var_topk_015 seed=2 steps=1000 gpu=0
[run] cmd=
/home/zhujjing/anaconda3/envs/moe/bin/python /home/zhujjing/MOE-grad-conflict-routing/scripts/run.py --config configs/singletask_mrpc_real.yaml --set model.backbone_backend=hf --set model.hf_load_pretrained=true --set model.backbone=deberta --set model.hf_pretrained_name=microsoft/deberta-v3-base --set model.expert_type=ffn --set model.routing_mode=topk --set model.num_experts=4 --set model.top_k=2 --set seed=2 --set method.name=baseline_cagrad --set train.steps=1000 --set train.eval_every_steps=50 --set method.baseline_cagrad.c=0.9099800661 --set method.baseline_cagrad.inner_lr=0.07309891419 --set train.grad_clip=1.958271302 --set train.lr=7.8486404e-05 --set train.weight_decay=0 --out /home/zhujjing/MOE-grad-conflict-routing/runs/paper_suite/single_gpu/single_task/deberta_mrpc_ffn_e4_k2/final/cagrad_s2.json --curve_out /home/zhujjing/MOE-grad-conflict-routing/runs/paper_suite/single_gpu/single_task/deberta_mrpc_ffn_e4_k2/final/cagrad_s2_curve.csv
Using the latest cached version of the dataset since glue couldn't be found on the Hugging Face Hub (offline mode is enabled).
Found the latest cached dataset configuration 'mrpc' at /home/zhujjing/hf_cache/datasets/glue/mrpc/0.0.0/bcdcba79d07bc864c1c254ccfcedcce55bcc9a8c (last modified on Thu Mar 19 15:01:06 2026).
/home/zhujjing/anaconda3/envs/moe/lib/python3.10/site-packages/transformers/utils/hub.py:124: FutureWarning: Using `TRANSFORMERS_CACHE` is deprecated and will be removed in v5 of Transformers. Use `HF_HOME` instead.
  warnings.warn(
/home/zhujjing/anaconda3/envs/moe/lib/python3.10/site-packages/transformers/convert_slow_tokenizer.py:560: UserWarning: The sentencepiece tokenizer that you are converting to a fast tokenizer uses the byte fallback option which is not implemented in the fast tokenizers. In practice this means that the fast version of the tokenizer can produce unknown tokens whereas the sentencepiece version would have converted these unknown tokens into a sequence of byte tokens matching the original piece of text.
  warnings.warn(
[step 0001/1000] method=baseline_cagrad loss=0.6968 train_acc=nan train_loss=nan val_acc=nan val_loss=nan best=-1.0000
[step 0010/1000] method=baseline_cagrad loss=0.6489 train_acc=nan train_loss=nan val_acc=nan val_loss=nan best=-1.0000
[step 0020/1000] method=baseline_cagrad loss=0.7052 train_acc=nan train_loss=nan val_acc=nan val_loss=nan best=-1.0000
[step 0030/1000] method=baseline_cagrad loss=0.5197 train_acc=nan train_loss=nan val_acc=nan val_loss=nan best=-1.0000
[step 0040/1000] method=baseline_cagrad loss=0.4987 train_acc=nan train_loss=nan val_acc=nan val_loss=nan best=-1.0000
[step 0050/1000] method=baseline_cagrad loss=0.4477 train_acc=0.7890 train_loss=0.4622 val_acc=0.7745 val_loss=0.4646 router_H=0.3281 best=0.7745
           router_load=[0.8963478803634644, 0.0, 0.0, 0.10365203022956848]
[step 0060/1000] method=baseline_cagrad loss=0.4347 train_acc=0.7890 train_loss=0.4622 val_acc=0.7745 val_loss=0.4646 router_H=0.3281 best=0.7745
           router_load=[0.8963478803634644, 0.0, 0.0, 0.10365203022956848]
[step 0070/1000] method=baseline_cagrad loss=0.3930 train_acc=0.7890 train_loss=0.4622 val_acc=0.7745 val_loss=0.4646 router_H=0.3281 best=0.7745
           router_load=[0.8963478803634644, 0.0, 0.0, 0.10365203022956848]
[step 0080/1000] method=baseline_cagrad loss=0.3477 train_acc=0.7890 train_loss=0.4622 val_acc=0.7745 val_loss=0.4646 router_H=0.3281 best=0.7745
           router_load=[0.8963478803634644, 0.0, 0.0, 0.10365203022956848]
[step 0090/1000] method=baseline_cagrad loss=0.7862 train_acc=0.7890 train_loss=0.4622 val_acc=0.7745 val_loss=0.4646 router_H=0.3281 best=0.7745
           router_load=[0.8963478803634644, 0.0, 0.0, 0.10365203022956848]
[step 0100/1000] method=baseline_cagrad loss=0.2713 train_acc=0.8574 train_loss=0.3245 val_acc=0.8431 val_loss=0.3610 router_H=0.1567 best=0.8431
           router_load=[0.9611549377441406, 0.011193201877176762, 0.01649370603263378, 0.01115795224905014]
[step 0110/1000] method=baseline_cagrad loss=0.4798 train_acc=0.8574 train_loss=0.3245 val_acc=0.8431 val_loss=0.3610 router_H=0.1567 best=0.8431
           router_load=[0.9611549377441406, 0.011193201877176762, 0.01649370603263378, 0.01115795224905014]
[step 0120/1000] method=baseline_cagrad loss=0.3090 train_acc=0.8574 train_loss=0.3245 val_acc=0.8431 val_loss=0.3610 router_H=0.1567 best=0.8431
           router_load=[0.9611549377441406, 0.011193201877176762, 0.01649370603263378, 0.01115795224905014]
[step 0130/1000] method=baseline_cagrad loss=0.4585 train_acc=0.8574 train_loss=0.3245 val_acc=0.8431 val_loss=0.3610 router_H=0.1567 best=0.8431
           router_load=[0.9611549377441406, 0.011193201877176762, 0.01649370603263378, 0.01115795224905014]
[step 0140/1000] method=baseline_cagrad loss=0.3905 train_acc=0.8574 train_loss=0.3245 val_acc=0.8431 val_loss=0.3610 router_H=0.1567 best=0.8431
           router_load=[0.9611549377441406, 0.011193201877176762, 0.01649370603263378, 0.01115795224905014]
[step 0150/1000] method=baseline_cagrad loss=0.7622 train_acc=0.8820 train_loss=0.3075 val_acc=0.8505 val_loss=0.3951 router_H=0.1217 best=0.8505
           router_load=[0.9715538620948792, 0.007009053137153387, 0.01425780076533556, 0.007179218344390392]
[step 0160/1000] method=baseline_cagrad loss=0.3521 train_acc=0.8820 train_loss=0.3075 val_acc=0.8505 val_loss=0.3951 router_H=0.1217 best=0.8505
           router_load=[0.9715538620948792, 0.007009053137153387, 0.01425780076533556, 0.007179218344390392]
[step 0170/1000] method=baseline_cagrad loss=0.2269 train_acc=0.8820 train_loss=0.3075 val_acc=0.8505 val_loss=0.3951 router_H=0.1217 best=0.8505
           router_load=[0.9715538620948792, 0.007009053137153387, 0.01425780076533556, 0.007179218344390392]
[step 0180/1000] method=baseline_cagrad loss=0.1583 train_acc=0.8820 train_loss=0.3075 val_acc=0.8505 val_loss=0.3951 router_H=0.1217 best=0.8505
           router_load=[0.9715538620948792, 0.007009053137153387, 0.01425780076533556, 0.007179218344390392]
[step 0190/1000] method=baseline_cagrad loss=0.0943 train_acc=0.8820 train_loss=0.3075 val_acc=0.8505 val_loss=0.3951 router_H=0.1217 best=0.8505
           router_load=[0.9715538620948792, 0.007009053137153387, 0.01425780076533556, 0.007179218344390392]
[step 0200/1000] method=baseline_cagrad loss=0.2150 train_acc=0.9016 train_loss=0.2546 val_acc=0.8652 val_loss=0.3298 router_H=0.1752 best=0.8652
           router_load=[0.9502911567687988, 0.03970569744706154, 0.010003235191106796, 0.0]
[step 0210/1000] method=baseline_cagrad loss=0.3403 train_acc=0.9016 train_loss=0.2546 val_acc=0.8652 val_loss=0.3298 router_H=0.1752 best=0.8652
           router_load=[0.9502911567687988, 0.03970569744706154, 0.010003235191106796, 0.0]
[step 0220/1000] method=baseline_cagrad loss=0.2305 train_acc=0.9016 train_loss=0.2546 val_acc=0.8652 val_loss=0.3298 router_H=0.1752 best=0.8652
           router_load=[0.9502911567687988, 0.03970569744706154, 0.010003235191106796, 0.0]
[step 0230/1000] method=baseline_cagrad loss=1.3568 train_acc=0.9016 train_loss=0.2546 val_acc=0.8652 val_loss=0.3298 router_H=0.1752 best=0.8652
           router_load=[0.9502911567687988, 0.03970569744706154, 0.010003235191106796, 0.0]
[step 0240/1000] method=baseline_cagrad loss=0.1236 train_acc=0.9016 train_loss=0.2546 val_acc=0.8652 val_loss=0.3298 router_H=0.1752 best=0.8652
           router_load=[0.9502911567687988, 0.03970569744706154, 0.010003235191106796, 0.0]
[step 0250/1000] method=baseline_cagrad loss=0.1899 train_acc=0.9109 train_loss=0.2541 val_acc=0.8725 val_loss=0.4714 router_H=0.1603 best=0.8725
           router_load=[0.9607555270195007, 0.011853180825710297, 0.022032517939805984, 0.005358621943742037]
[step 0260/1000] method=baseline_cagrad loss=0.2843 train_acc=0.9109 train_loss=0.2541 val_acc=0.8725 val_loss=0.4714 router_H=0.1603 best=0.8725
           router_load=[0.9607555270195007, 0.011853180825710297, 0.022032517939805984, 0.005358621943742037]
[step 0270/1000] method=baseline_cagrad loss=0.2372 train_acc=0.9109 train_loss=0.2541 val_acc=0.8725 val_loss=0.4714 router_H=0.1603 best=0.8725
           router_load=[0.9607555270195007, 0.011853180825710297, 0.022032517939805984, 0.005358621943742037]
[step 0280/1000] method=baseline_cagrad loss=0.3426 train_acc=0.9109 train_loss=0.2541 val_acc=0.8725 val_loss=0.4714 router_H=0.1603 best=0.8725
           router_load=[0.9607555270195007, 0.011853180825710297, 0.022032517939805984, 0.005358621943742037]
[step 0290/1000] method=baseline_cagrad loss=0.1293 train_acc=0.9109 train_loss=0.2541 val_acc=0.8725 val_loss=0.4714 router_H=0.1603 best=0.8725
           router_load=[0.9607555270195007, 0.011853180825710297, 0.022032517939805984, 0.005358621943742037]
[step 0300/1000] method=baseline_cagrad loss=0.3571 train_acc=0.9430 train_loss=0.1536 val_acc=0.8676 val_loss=0.3752 router_H=0.1950 best=0.8725
           router_load=[0.9502002000808716, 0.003516669385135174, 0.036894358694553375, 0.0093887560069561]
[step 0310/1000] method=baseline_cagrad loss=0.3697 train_acc=0.9430 train_loss=0.1536 val_acc=0.8676 val_loss=0.3752 router_H=0.1950 best=0.8725
           router_load=[0.9502002000808716, 0.003516669385135174, 0.036894358694553375, 0.0093887560069561]
[step 0320/1000] method=baseline_cagrad loss=0.1860 train_acc=0.9430 train_loss=0.1536 val_acc=0.8676 val_loss=0.3752 router_H=0.1950 best=0.8725
           router_load=[0.9502002000808716, 0.003516669385135174, 0.036894358694553375, 0.0093887560069561]
[step 0330/1000] method=baseline_cagrad loss=0.1821 train_acc=0.9430 train_loss=0.1536 val_acc=0.8676 val_loss=0.3752 router_H=0.1950 best=0.8725
           router_load=[0.9502002000808716, 0.003516669385135174, 0.036894358694553375, 0.0093887560069561]
[step 0340/1000] method=baseline_cagrad loss=0.3059 train_acc=0.9430 train_loss=0.1536 val_acc=0.8676 val_loss=0.3752 router_H=0.1950 best=0.8725
           router_load=[0.9502002000808716, 0.003516669385135174, 0.036894358694553375, 0.0093887560069561]
[step 0350/1000] method=baseline_cagrad loss=0.0727 train_acc=0.9447 train_loss=0.1556 val_acc=0.8627 val_loss=0.3016 router_H=0.1959 best=0.8725
           router_load=[0.9472076296806335, 0.008234983310103416, 0.027291204780340195, 0.017266103997826576]
[step 0360/1000] method=baseline_cagrad loss=0.0624 train_acc=0.9447 train_loss=0.1556 val_acc=0.8627 val_loss=0.3016 router_H=0.1959 best=0.8725
           router_load=[0.9472076296806335, 0.008234983310103416, 0.027291204780340195, 0.017266103997826576]
[step 0370/1000] method=baseline_cagrad loss=0.0667 train_acc=0.9447 train_loss=0.1556 val_acc=0.8627 val_loss=0.3016 router_H=0.1959 best=0.8725
           router_load=[0.9472076296806335, 0.008234983310103416, 0.027291204780340195, 0.017266103997826576]
[step 0380/1000] method=baseline_cagrad loss=0.1101 train_acc=0.9447 train_loss=0.1556 val_acc=0.8627 val_loss=0.3016 router_H=0.1959 best=0.8725
           router_load=[0.9472076296806335, 0.008234983310103416, 0.027291204780340195, 0.017266103997826576]
[step 0390/1000] method=baseline_cagrad loss=0.1771 train_acc=0.9447 train_loss=0.1556 val_acc=0.8627 val_loss=0.3016 router_H=0.1959 best=0.8725
           router_load=[0.9472076296806335, 0.008234983310103416, 0.027291204780340195, 0.017266103997826576]
[step 0400/1000] method=baseline_cagrad loss=0.2502 train_acc=0.9580 train_loss=0.1238 val_acc=0.8799 val_loss=0.2999 router_H=0.1352 best=0.8799
           router_load=[0.9674145579338074, 0.000441320997197181, 0.00853292178362608, 0.02361137978732586]
[step 0410/1000] method=baseline_cagrad loss=0.3732 train_acc=0.9580 train_loss=0.1238 val_acc=0.8799 val_loss=0.2999 router_H=0.1352 best=0.8799
           router_load=[0.9674145579338074, 0.000441320997197181, 0.00853292178362608, 0.02361137978732586]
[step 0420/1000] method=baseline_cagrad loss=0.0598 train_acc=0.9580 train_loss=0.1238 val_acc=0.8799 val_loss=0.2999 router_H=0.1352 best=0.8799
           router_load=[0.9674145579338074, 0.000441320997197181, 0.00853292178362608, 0.02361137978732586]
[step 0430/1000] method=baseline_cagrad loss=0.4242 train_acc=0.9580 train_loss=0.1238 val_acc=0.8799 val_loss=0.2999 router_H=0.1352 best=0.8799
           router_load=[0.9674145579338074, 0.000441320997197181, 0.00853292178362608, 0.02361137978732586]
[step 0440/1000] method=baseline_cagrad loss=0.4430 train_acc=0.9580 train_loss=0.1238 val_acc=0.8799 val_loss=0.2999 router_H=0.1352 best=0.8799
           router_load=[0.9674145579338074, 0.000441320997197181, 0.00853292178362608, 0.02361137978732586]
[step 0450/1000] method=baseline_cagrad loss=0.2970 train_acc=0.9711 train_loss=0.1030 val_acc=0.8725 val_loss=0.2891 router_H=0.1841 best=0.8799
           router_load=[0.9519569277763367, 0.0004935964243486524, 0.0008563774754293263, 0.046693120151758194]
[step 0460/1000] method=baseline_cagrad loss=0.0291 train_acc=0.9711 train_loss=0.1030 val_acc=0.8725 val_loss=0.2891 router_H=0.1841 best=0.8799
           router_load=[0.9519569277763367, 0.0004935964243486524, 0.0008563774754293263, 0.046693120151758194]
[step 0470/1000] method=baseline_cagrad loss=0.0068 train_acc=0.9711 train_loss=0.1030 val_acc=0.8725 val_loss=0.2891 router_H=0.1841 best=0.8799
           router_load=[0.9519569277763367, 0.0004935964243486524, 0.0008563774754293263, 0.046693120151758194]
[step 0480/1000] method=baseline_cagrad loss=0.0024 train_acc=0.9711 train_loss=0.1030 val_acc=0.8725 val_loss=0.2891 router_H=0.1841 best=0.8799
           router_load=[0.9519569277763367, 0.0004935964243486524, 0.0008563774754293263, 0.046693120151758194]
[step 0490/1000] method=baseline_cagrad loss=0.0523 train_acc=0.9711 train_loss=0.1030 val_acc=0.8725 val_loss=0.2891 router_H=0.1841 best=0.8799
           router_load=[0.9519569277763367, 0.0004935964243486524, 0.0008563774754293263, 0.046693120151758194]
[step 0500/1000] method=baseline_cagrad loss=0.0259 train_acc=0.9466 train_loss=0.2042 val_acc=0.8529 val_loss=0.7150 router_H=0.1820 best=0.8799
           router_load=[0.949268102645874, 0.00018341882969252765, 0.01910887472331524, 0.03143959119915962]
[step 0510/1000] method=baseline_cagrad loss=0.3139 train_acc=0.9466 train_loss=0.2042 val_acc=0.8529 val_loss=0.7150 router_H=0.1820 best=0.8799
           router_load=[0.949268102645874, 0.00018341882969252765, 0.01910887472331524, 0.03143959119915962]
[step 0520/1000] method=baseline_cagrad loss=0.1910 train_acc=0.9466 train_loss=0.2042 val_acc=0.8529 val_loss=0.7150 router_H=0.1820 best=0.8799
           router_load=[0.949268102645874, 0.00018341882969252765, 0.01910887472331524, 0.03143959119915962]
[step 0530/1000] method=baseline_cagrad loss=0.3672 train_acc=0.9466 train_loss=0.2042 val_acc=0.8529 val_loss=0.7150 router_H=0.1820 best=0.8799
           router_load=[0.949268102645874, 0.00018341882969252765, 0.01910887472331524, 0.03143959119915962]
[step 0540/1000] method=baseline_cagrad loss=0.1516 train_acc=0.9466 train_loss=0.2042 val_acc=0.8529 val_loss=0.7150 router_H=0.1820 best=0.8799
           router_load=[0.949268102645874, 0.00018341882969252765, 0.01910887472331524, 0.03143959119915962]
[step 0550/1000] method=baseline_cagrad loss=0.8958 train_acc=0.9768 train_loss=0.0741 val_acc=0.8848 val_loss=0.4113 router_H=0.1477 best=0.8848
           router_load=[0.964512825012207, 0.001084709307178855, 0.018008189275860786, 0.01639419049024582]
[step 0560/1000] method=baseline_cagrad loss=0.0102 train_acc=0.9768 train_loss=0.0741 val_acc=0.8848 val_loss=0.4113 router_H=0.1477 best=0.8848
           router_load=[0.964512825012207, 0.001084709307178855, 0.018008189275860786, 0.01639419049024582]
[step 0570/1000] method=baseline_cagrad loss=0.0151 train_acc=0.9768 train_loss=0.0741 val_acc=0.8848 val_loss=0.4113 router_H=0.1477 best=0.8848
           router_load=[0.964512825012207, 0.001084709307178855, 0.018008189275860786, 0.01639419049024582]
[step 0580/1000] method=baseline_cagrad loss=0.0004 train_acc=0.9768 train_loss=0.0741 val_acc=0.8848 val_loss=0.4113 router_H=0.1477 best=0.8848
           router_load=[0.964512825012207, 0.001084709307178855, 0.018008189275860786, 0.01639419049024582]
[step 0590/1000] method=baseline_cagrad loss=0.0044 train_acc=0.9768 train_loss=0.0741 val_acc=0.8848 val_loss=0.4113 router_H=0.1477 best=0.8848
           router_load=[0.964512825012207, 0.001084709307178855, 0.018008189275860786, 0.01639419049024582]
[step 0600/1000] method=baseline_cagrad loss=0.1714 train_acc=0.9725 train_loss=0.0830 val_acc=0.8995 val_loss=0.2760 router_H=0.1528 best=0.8995
           router_load=[0.9622002243995667, 0.010181060060858727, 0.01516447588801384, 0.012454208917915821]
[step 0610/1000] method=baseline_cagrad loss=0.0195 train_acc=0.9725 train_loss=0.0830 val_acc=0.8995 val_loss=0.2760 router_H=0.1528 best=0.8995
           router_load=[0.9622002243995667, 0.010181060060858727, 0.01516447588801384, 0.012454208917915821]
[step 0620/1000] method=baseline_cagrad loss=0.0731 train_acc=0.9725 train_loss=0.0830 val_acc=0.8995 val_loss=0.2760 router_H=0.1528 best=0.8995
           router_load=[0.9622002243995667, 0.010181060060858727, 0.01516447588801384, 0.012454208917915821]
[step 0630/1000] method=baseline_cagrad loss=0.1220 train_acc=0.9725 train_loss=0.0830 val_acc=0.8995 val_loss=0.2760 router_H=0.1528 best=0.8995
           router_load=[0.9622002243995667, 0.010181060060858727, 0.01516447588801384, 0.012454208917915821]
[step 0640/1000] method=baseline_cagrad loss=0.0530 train_acc=0.9725 train_loss=0.0830 val_acc=0.8995 val_loss=0.2760 router_H=0.1528 best=0.8995
           router_load=[0.9622002243995667, 0.010181060060858727, 0.01516447588801384, 0.012454208917915821]
[step 0650/1000] method=baseline_cagrad loss=0.0470 train_acc=0.9793 train_loss=0.0586 val_acc=0.8701 val_loss=0.4526 router_H=0.1885 best=0.8995
           router_load=[0.9487650394439697, 0.004759455565363169, 0.020348399877548218, 0.026127073913812637]
[step 0660/1000] method=baseline_cagrad loss=0.2903 train_acc=0.9793 train_loss=0.0586 val_acc=0.8701 val_loss=0.4526 router_H=0.1885 best=0.8995
           router_load=[0.9487650394439697, 0.004759455565363169, 0.020348399877548218, 0.026127073913812637]
[step 0670/1000] method=baseline_cagrad loss=0.1930 train_acc=0.9793 train_loss=0.0586 val_acc=0.8701 val_loss=0.4526 router_H=0.1885 best=0.8995
           router_load=[0.9487650394439697, 0.004759455565363169, 0.020348399877548218, 0.026127073913812637]
[step 0680/1000] method=baseline_cagrad loss=0.0250 train_acc=0.9793 train_loss=0.0586 val_acc=0.8701 val_loss=0.4526 router_H=0.1885 best=0.8995
           router_load=[0.9487650394439697, 0.004759455565363169, 0.020348399877548218, 0.026127073913812637]
[step 0690/1000] method=baseline_cagrad loss=0.0147 train_acc=0.9793 train_loss=0.0586 val_acc=0.8701 val_loss=0.4526 router_H=0.1885 best=0.8995
           router_load=[0.9487650394439697, 0.004759455565363169, 0.020348399877548218, 0.026127073913812637]
[step 0700/1000] method=baseline_cagrad loss=0.0227 train_acc=0.9831 train_loss=0.0487 val_acc=0.8775 val_loss=0.4821 router_H=0.2088 best=0.8995
           router_load=[0.9430521130561829, 0.0009678591741248965, 0.029334133490920067, 0.026645805686712265]
[step 0710/1000] method=baseline_cagrad loss=0.0008 train_acc=0.9831 train_loss=0.0487 val_acc=0.8775 val_loss=0.4821 router_H=0.2088 best=0.8995
           router_load=[0.9430521130561829, 0.0009678591741248965, 0.029334133490920067, 0.026645805686712265]
[step 0720/1000] method=baseline_cagrad loss=0.0039 train_acc=0.9831 train_loss=0.0487 val_acc=0.8775 val_loss=0.4821 router_H=0.2088 best=0.8995
           router_load=[0.9430521130561829, 0.0009678591741248965, 0.029334133490920067, 0.026645805686712265]
[step 0730/1000] method=baseline_cagrad loss=0.0860 train_acc=0.9831 train_loss=0.0487 val_acc=0.8775 val_loss=0.4821 router_H=0.2088 best=0.8995
           router_load=[0.9430521130561829, 0.0009678591741248965, 0.029334133490920067, 0.026645805686712265]
[step 0740/1000] method=baseline_cagrad loss=0.1112 train_acc=0.9831 train_loss=0.0487 val_acc=0.8775 val_loss=0.4821 router_H=0.2088 best=0.8995
           router_load=[0.9430521130561829, 0.0009678591741248965, 0.029334133490920067, 0.026645805686712265]
[step 0750/1000] method=baseline_cagrad loss=0.0575 train_acc=0.9888 train_loss=0.0358 val_acc=0.8873 val_loss=0.3596 router_H=0.1732 best=0.8995
           router_load=[0.9485848546028137, 0.0014208740321919322, 0.008496565744280815, 0.041497670114040375]
[step 0760/1000] method=baseline_cagrad loss=0.1166 train_acc=0.9888 train_loss=0.0358 val_acc=0.8873 val_loss=0.3596 router_H=0.1732 best=0.8995
           router_load=[0.9485848546028137, 0.0014208740321919322, 0.008496565744280815, 0.041497670114040375]
[step 0770/1000] method=baseline_cagrad loss=0.0554 train_acc=0.9888 train_loss=0.0358 val_acc=0.8873 val_loss=0.3596 router_H=0.1732 best=0.8995
           router_load=[0.9485848546028137, 0.0014208740321919322, 0.008496565744280815, 0.041497670114040375]
[step 0780/1000] method=baseline_cagrad loss=0.1312 train_acc=0.9888 train_loss=0.0358 val_acc=0.8873 val_loss=0.3596 router_H=0.1732 best=0.8995
           router_load=[0.9485848546028137, 0.0014208740321919322, 0.008496565744280815, 0.041497670114040375]
[step 0790/1000] method=baseline_cagrad loss=0.0019 train_acc=0.9888 train_loss=0.0358 val_acc=0.8873 val_loss=0.3596 router_H=0.1732 best=0.8995
           router_load=[0.9485848546028137, 0.0014208740321919322, 0.008496565744280815, 0.041497670114040375]
[step 0800/1000] method=baseline_cagrad loss=0.0140 train_acc=0.9877 train_loss=0.0372 val_acc=0.8873 val_loss=0.3918 router_H=0.2552 best=0.8995
           router_load=[0.8951988220214844, 0.0002021522814175114, 0.014864779077470303, 0.08973410725593567]
[step 0810/1000] method=baseline_cagrad loss=0.1054 train_acc=0.9877 train_loss=0.0372 val_acc=0.8873 val_loss=0.3918 router_H=0.2552 best=0.8995
           router_load=[0.8951988220214844, 0.0002021522814175114, 0.014864779077470303, 0.08973410725593567]
[step 0820/1000] method=baseline_cagrad loss=0.0184 train_acc=0.9877 train_loss=0.0372 val_acc=0.8873 val_loss=0.3918 router_H=0.2552 best=0.8995
           router_load=[0.8951988220214844, 0.0002021522814175114, 0.014864779077470303, 0.08973410725593567]
[step 0830/1000] method=baseline_cagrad loss=0.0373 train_acc=0.9877 train_loss=0.0372 val_acc=0.8873 val_loss=0.3918 router_H=0.2552 best=0.8995
           router_load=[0.8951988220214844, 0.0002021522814175114, 0.014864779077470303, 0.08973410725593567]
[step 0840/1000] method=baseline_cagrad loss=0.0014 train_acc=0.9877 train_loss=0.0372 val_acc=0.8873 val_loss=0.3918 router_H=0.2552 best=0.8995
           router_load=[0.8951988220214844, 0.0002021522814175114, 0.014864779077470303, 0.08973410725593567]
[step 0850/1000] method=baseline_cagrad loss=0.2129 train_acc=0.9913 train_loss=0.0283 val_acc=0.8946 val_loss=0.3991 router_H=0.1826 best=0.8995
           router_load=[0.9490663409233093, 0.003965765703469515, 0.017824867740273476, 0.029142921790480614]
[step 0860/1000] method=baseline_cagrad loss=0.0090 train_acc=0.9913 train_loss=0.0283 val_acc=0.8946 val_loss=0.3991 router_H=0.1826 best=0.8995
           router_load=[0.9490663409233093, 0.003965765703469515, 0.017824867740273476, 0.029142921790480614]
[step 0870/1000] method=baseline_cagrad loss=0.0645 train_acc=0.9913 train_loss=0.0283 val_acc=0.8946 val_loss=0.3991 router_H=0.1826 best=0.8995
           router_load=[0.9490663409233093, 0.003965765703469515, 0.017824867740273476, 0.029142921790480614]
[step 0880/1000] method=baseline_cagrad loss=0.0069 train_acc=0.9913 train_loss=0.0283 val_acc=0.8946 val_loss=0.3991 router_H=0.1826 best=0.8995
           router_load=[0.9490663409233093, 0.003965765703469515, 0.017824867740273476, 0.029142921790480614]
[step 0890/1000] method=baseline_cagrad loss=0.0024 train_acc=0.9913 train_loss=0.0283 val_acc=0.8946 val_loss=0.3991 router_H=0.1826 best=0.8995
           router_load=[0.9490663409233093, 0.003965765703469515, 0.017824867740273476, 0.029142921790480614]
[step 0900/1000] method=baseline_cagrad loss=0.0005 train_acc=0.9885 train_loss=0.0403 val_acc=0.8848 val_loss=0.6158 router_H=0.1698 best=0.8995
           router_load=[0.9569364786148071, 0.009888892062008381, 0.025305071845650673, 0.007869522087275982]
[step 0910/1000] method=baseline_cagrad loss=0.0975 train_acc=0.9885 train_loss=0.0403 val_acc=0.8848 val_loss=0.6158 router_H=0.1698 best=0.8995
           router_load=[0.9569364786148071, 0.009888892062008381, 0.025305071845650673, 0.007869522087275982]
[step 0920/1000] method=baseline_cagrad loss=0.0015 train_acc=0.9885 train_loss=0.0403 val_acc=0.8848 val_loss=0.6158 router_H=0.1698 best=0.8995
           router_load=[0.9569364786148071, 0.009888892062008381, 0.025305071845650673, 0.007869522087275982]
[step 0930/1000] method=baseline_cagrad loss=0.3606 train_acc=0.9885 train_loss=0.0403 val_acc=0.8848 val_loss=0.6158 router_H=0.1698 best=0.8995
           router_load=[0.9569364786148071, 0.009888892062008381, 0.025305071845650673, 0.007869522087275982]
[step 0940/1000] method=baseline_cagrad loss=0.0135 train_acc=0.9885 train_loss=0.0403 val_acc=0.8848 val_loss=0.6158 router_H=0.1698 best=0.8995
           router_load=[0.9569364786148071, 0.009888892062008381, 0.025305071845650673, 0.007869522087275982]
[step 0950/1000] method=baseline_cagrad loss=0.0086 train_acc=0.9891 train_loss=0.0386 val_acc=0.8775 val_loss=0.5094 router_H=0.1478 best=0.8995
           router_load=[0.9632744789123535, 0.018418584018945694, 0.017298374325037003, 0.0010086989495903254]
[step 0960/1000] method=baseline_cagrad loss=0.0021 train_acc=0.9891 train_loss=0.0386 val_acc=0.8775 val_loss=0.5094 router_H=0.1478 best=0.8995
           router_load=[0.9632744789123535, 0.018418584018945694, 0.017298374325037003, 0.0010086989495903254]
[step 0970/1000] method=baseline_cagrad loss=0.0120 train_acc=0.9891 train_loss=0.0386 val_acc=0.8775 val_loss=0.5094 router_H=0.1478 best=0.8995
           router_load=[0.9632744789123535, 0.018418584018945694, 0.017298374325037003, 0.0010086989495903254]
[step 0980/1000] method=baseline_cagrad loss=0.0010 train_acc=0.9891 train_loss=0.0386 val_acc=0.8775 val_loss=0.5094 router_H=0.1478 best=0.8995
           router_load=[0.9632744789123535, 0.018418584018945694, 0.017298374325037003, 0.0010086989495903254]
[step 0990/1000] method=baseline_cagrad loss=0.0005 train_acc=0.9891 train_loss=0.0386 val_acc=0.8775 val_loss=0.5094 router_H=0.1478 best=0.8995
           router_load=[0.9632744789123535, 0.018418584018945694, 0.017298374325037003, 0.0010086989495903254]
[step 1000/1000] method=baseline_cagrad loss=0.0060 train_acc=0.9940 train_loss=0.0254 val_acc=0.9044 val_loss=0.5522 router_H=0.1404 best=0.9044
           router_load=[0.9664251208305359, 0.008535396307706833, 0.01707308739423752, 0.007966223172843456]
saved summary -> /home/zhujjing/MOE-grad-conflict-routing/runs/paper_suite/single_gpu/single_task/deberta_mrpc_ffn_e4_k2/final/cagrad_s2.json
saved curve -> /home/zhujjing/MOE-grad-conflict-routing/runs/paper_suite/single_gpu/single_task/deberta_mrpc_ffn_e4_k2/final/cagrad_s2_curve.csv
