[probe] phase=cagrad:local_var_topk gpu=0
[probe] cmd=
/home/zhujjing/anaconda3/envs/moe/bin/python /home/zhujjing/MOE-grad-conflict-routing/scripts/run.py --config configs/multitask_glue4_real.yaml --set model.backbone_backend=hf --set model.hf_load_pretrained=true --set model.hf_local_files_only=true --set model.backbone=roberta --set model.hf_pretrained_name=roberta-base --set model.expert_type=lora --set model.routing_mode=topk --set model.num_experts=4 --set model.top_k=2 --set train.eval_train_fraction=0.10 --set train.eval_train_max_batches=-1 --set train.eval_max_batches=-1 --set seed=2 --set method.name=baseline_cagrad --set train.steps=100 --set train.eval_every_steps=0 --set method.baseline_cagrad.c=0.1 --set method.baseline_cagrad.inner_lr=0.07832036477 --set train.grad_clip=1.016176527 --set train.lr=2.2301431e-05 --set train.weight_decay=0.003745151078 --out /tmp/moe_probe__tmi9e5h/probe_summary.json --curve_out /tmp/moe_probe__tmi9e5h/probe_curve.csv
Using the latest cached version of the dataset since glue couldn't be found on the Hugging Face Hub (offline mode is enabled).
Found the latest cached dataset configuration 'rte' at /home/zhujjing/hf_cache/datasets/glue/rte/0.0.0/bcdcba79d07bc864c1c254ccfcedcce55bcc9a8c (last modified on Thu Mar 19 15:00:36 2026).
/home/zhujjing/anaconda3/envs/moe/lib/python3.10/site-packages/transformers/utils/hub.py:124: FutureWarning: Using `TRANSFORMERS_CACHE` is deprecated and will be removed in v5 of Transformers. Use `HF_HOME` instead.
  warnings.warn(
Using the latest cached version of the dataset since glue couldn't be found on the Hugging Face Hub (offline mode is enabled).
Found the latest cached dataset configuration 'mrpc' at /home/zhujjing/hf_cache/datasets/glue/mrpc/0.0.0/bcdcba79d07bc864c1c254ccfcedcce55bcc9a8c (last modified on Thu Mar 19 15:01:06 2026).
Using the latest cached version of the dataset since glue couldn't be found on the Hugging Face Hub (offline mode is enabled).
Found the latest cached dataset configuration 'sst2' at /home/zhujjing/hf_cache/datasets/glue/sst2/0.0.0/bcdcba79d07bc864c1c254ccfcedcce55bcc9a8c (last modified on Thu Mar 19 15:01:41 2026).
Using the latest cached version of the dataset since glue couldn't be found on the Hugging Face Hub (offline mode is enabled).
Found the latest cached dataset configuration 'cola' at /home/zhujjing/hf_cache/datasets/glue/cola/0.0.0/bcdcba79d07bc864c1c254ccfcedcce55bcc9a8c (last modified on Thu Mar 19 15:02:09 2026).
Some weights of RobertaModel were not initialized from the model checkpoint at roberta-base and are newly initialized: ['roberta.pooler.dense.bias', 'roberta.pooler.dense.weight']
You should probably TRAIN this model on a down-stream task to be able to use it for predictions and inference.
[step 0001/100] method=baseline_cagrad loss=0.7891 train_acc=nan train_loss=nan val_acc=nan val_loss=nan best=-1.0000
[step 0010/100] method=baseline_cagrad loss=0.6878 train_acc=nan train_loss=nan val_acc=nan val_loss=nan best=-1.0000
[step 0020/100] method=baseline_cagrad loss=0.6839 train_acc=nan train_loss=nan val_acc=nan val_loss=nan best=-1.0000
[step 0030/100] method=baseline_cagrad loss=0.6782 train_acc=nan train_loss=nan val_acc=nan val_loss=nan best=-1.0000
[step 0040/100] method=baseline_cagrad loss=0.6094 train_acc=nan train_loss=nan val_acc=nan val_loss=nan best=-1.0000
[step 0050/100] method=baseline_cagrad loss=0.6441 train_acc=nan train_loss=nan val_acc=nan val_loss=nan best=-1.0000
[step 0060/100] method=baseline_cagrad loss=0.5161 train_acc=nan train_loss=nan val_acc=nan val_loss=nan best=-1.0000
[step 0070/100] method=baseline_cagrad loss=0.6216 train_acc=nan train_loss=nan val_acc=nan val_loss=nan best=-1.0000
[step 0080/100] method=baseline_cagrad loss=0.4828 train_acc=nan train_loss=nan val_acc=nan val_loss=nan best=-1.0000
[step 0090/100] method=baseline_cagrad loss=0.4958 train_acc=nan train_loss=nan val_acc=nan val_loss=nan best=-1.0000
[step 0100/100] method=baseline_cagrad loss=0.4913 train_acc=0.7260 train_loss=0.5162 val_acc=0.7094 val_loss=0.5517 router_H=0.6417 best=0.7094
           router_load=[0.2193434089422226, 0.6520865559577942, 0.0039820317178964615, 0.12458807975053787]
saved summary -> /tmp/moe_probe__tmi9e5h/probe_summary.json
saved curve -> /tmp/moe_probe__tmi9e5h/probe_curve.csv
