[run] method=cagrad candidate=coord_02_train_weight_decay_014 seed=2 steps=150 gpu=0
[run] cmd=
/home/zhujjing/anaconda3/envs/moe/bin/python /home/zhujjing/MOE-grad-conflict-routing/scripts/run.py --config configs/singletask_sst2_real.yaml --set model.backbone_backend=hf --set model.hf_load_pretrained=true --set model.backbone=roberta --set model.hf_pretrained_name=roberta-base --set model.expert_type=ffn --set model.routing_mode=topk --set model.num_experts=4 --set model.top_k=2 --set seed=2 --set method.name=baseline_cagrad --set train.steps=150 --set train.eval_every_steps=50 --set method.baseline_cagrad.c=0.4 --set method.baseline_cagrad.inner_lr=0.1 --set train.grad_clip=1 --set train.lr=2.410351909e-05 --set train.weight_decay=0.03714616012 --out /home/zhujjing/MOE-grad-conflict-routing/runs/paper_suite/single_gpu/single_task/roberta_sst2_ffn_e4_k2/hpo/cagrad/trial_runs/coord_02_train_weight_decay_014/cagrad_s2.json --curve_out /home/zhujjing/MOE-grad-conflict-routing/runs/paper_suite/single_gpu/single_task/roberta_sst2_ffn_e4_k2/hpo/cagrad/trial_runs/coord_02_train_weight_decay_014/cagrad_s2_curve.csv
Using the latest cached version of the dataset since glue couldn't be found on the Hugging Face Hub (offline mode is enabled).
Found the latest cached dataset configuration 'sst2' at /home/zhujjing/hf_cache/datasets/glue/sst2/0.0.0/bcdcba79d07bc864c1c254ccfcedcce55bcc9a8c (last modified on Thu Mar 19 15:01:41 2026).
/home/zhujjing/anaconda3/envs/moe/lib/python3.10/site-packages/transformers/utils/hub.py:124: FutureWarning: Using `TRANSFORMERS_CACHE` is deprecated and will be removed in v5 of Transformers. Use `HF_HOME` instead.
  warnings.warn(
Some weights of RobertaModel were not initialized from the model checkpoint at roberta-base and are newly initialized: ['roberta.pooler.dense.bias', 'roberta.pooler.dense.weight']
You should probably TRAIN this model on a down-stream task to be able to use it for predictions and inference.
[step 0001/150] method=baseline_cagrad loss=0.7006 train_acc=nan train_loss=nan val_acc=nan val_loss=nan best=-1.0000
[step 0010/150] method=baseline_cagrad loss=0.7199 train_acc=nan train_loss=nan val_acc=nan val_loss=nan best=-1.0000
[step 0020/150] method=baseline_cagrad loss=0.5329 train_acc=nan train_loss=nan val_acc=nan val_loss=nan best=-1.0000
[step 0030/150] method=baseline_cagrad loss=0.2306 train_acc=nan train_loss=nan val_acc=nan val_loss=nan best=-1.0000
[step 0040/150] method=baseline_cagrad loss=0.2049 train_acc=nan train_loss=nan val_acc=nan val_loss=nan best=-1.0000
[step 0050/150] method=baseline_cagrad loss=0.4521 train_acc=0.8629 train_loss=0.3788 val_acc=0.8521 val_loss=0.4002 router_H=0.5617 best=0.8521
           router_load=[0.32608622312545776, 0.4155508577823639, 0.2583627700805664, 0.0]
[step 0060/150] method=baseline_cagrad loss=0.2725 train_acc=0.8629 train_loss=0.3788 val_acc=0.8521 val_loss=0.4002 router_H=0.5617 best=0.8521
           router_load=[0.32608622312545776, 0.4155508577823639, 0.2583627700805664, 0.0]
[step 0070/150] method=baseline_cagrad loss=0.7381 train_acc=0.8629 train_loss=0.3788 val_acc=0.8521 val_loss=0.4002 router_H=0.5617 best=0.8521
           router_load=[0.32608622312545776, 0.4155508577823639, 0.2583627700805664, 0.0]
[step 0080/150] method=baseline_cagrad loss=0.6987 train_acc=0.8629 train_loss=0.3788 val_acc=0.8521 val_loss=0.4002 router_H=0.5617 best=0.8521
           router_load=[0.32608622312545776, 0.4155508577823639, 0.2583627700805664, 0.0]
[step 0090/150] method=baseline_cagrad loss=0.3439 train_acc=0.8629 train_loss=0.3788 val_acc=0.8521 val_loss=0.4002 router_H=0.5617 best=0.8521
           router_load=[0.32608622312545776, 0.4155508577823639, 0.2583627700805664, 0.0]
[step 0100/150] method=baseline_cagrad loss=0.4698 train_acc=0.8105 train_loss=0.4115 val_acc=0.8028 val_loss=0.4089 router_H=0.4736 best=0.8521
           router_load=[0.22142881155014038, 0.6535643339157104, 0.12500688433647156, 0.0]
[step 0110/150] method=baseline_cagrad loss=0.4032 train_acc=0.8105 train_loss=0.4115 val_acc=0.8028 val_loss=0.4089 router_H=0.4736 best=0.8521
           router_load=[0.22142881155014038, 0.6535643339157104, 0.12500688433647156, 0.0]
[step 0120/150] method=baseline_cagrad loss=0.5432 train_acc=0.8105 train_loss=0.4115 val_acc=0.8028 val_loss=0.4089 router_H=0.4736 best=0.8521
           router_load=[0.22142881155014038, 0.6535643339157104, 0.12500688433647156, 0.0]
[step 0130/150] method=baseline_cagrad loss=0.2216 train_acc=0.8105 train_loss=0.4115 val_acc=0.8028 val_loss=0.4089 router_H=0.4736 best=0.8521
           router_load=[0.22142881155014038, 0.6535643339157104, 0.12500688433647156, 0.0]
[step 0140/150] method=baseline_cagrad loss=0.4196 train_acc=0.8105 train_loss=0.4115 val_acc=0.8028 val_loss=0.4089 router_H=0.4736 best=0.8521
           router_load=[0.22142881155014038, 0.6535643339157104, 0.12500688433647156, 0.0]
[step 0150/150] method=baseline_cagrad loss=0.3974 train_acc=0.8927 train_loss=0.2827 val_acc=0.9060 val_loss=0.2798 router_H=0.5221 best=0.9060
           router_load=[0.36075735092163086, 0.4104066491127014, 0.22328083217144012, 0.005555127747356892]
saved summary -> /home/zhujjing/MOE-grad-conflict-routing/runs/paper_suite/single_gpu/single_task/roberta_sst2_ffn_e4_k2/hpo/cagrad/trial_runs/coord_02_train_weight_decay_014/cagrad_s2.json
saved curve -> /home/zhujjing/MOE-grad-conflict-routing/runs/paper_suite/single_gpu/single_task/roberta_sst2_ffn_e4_k2/hpo/cagrad/trial_runs/coord_02_train_weight_decay_014/cagrad_s2_curve.csv
