[run] method=baseline candidate=coord_02_train_weight_decay_011 seed=3 steps=1000 gpu=0
[run] cmd=
/home/zhujjing/anaconda3/envs/moe/bin/python /home/zhujjing/MOE-grad-conflict-routing/scripts/run.py --config configs/singletask_mrpc_real.yaml --set model.backbone_backend=hf --set model.hf_load_pretrained=true --set model.backbone=deberta --set model.hf_pretrained_name=microsoft/deberta-v3-base --set model.expert_type=ffn --set model.routing_mode=topk --set model.num_experts=4 --set model.top_k=2 --set seed=3 --set method.name=baseline_avg --set train.steps=1000 --set train.eval_every_steps=50 --set train.grad_clip=1 --set train.lr=0.0001112973657 --set train.weight_decay=0.01108226147 --out /home/zhujjing/MOE-grad-conflict-routing/runs/paper_suite/single_gpu/single_task/deberta_mrpc_ffn_e4_k2/final/baseline_s3.json --curve_out /home/zhujjing/MOE-grad-conflict-routing/runs/paper_suite/single_gpu/single_task/deberta_mrpc_ffn_e4_k2/final/baseline_s3_curve.csv
Using the latest cached version of the dataset since glue couldn't be found on the Hugging Face Hub (offline mode is enabled).
Found the latest cached dataset configuration 'mrpc' at /home/zhujjing/hf_cache/datasets/glue/mrpc/0.0.0/bcdcba79d07bc864c1c254ccfcedcce55bcc9a8c (last modified on Thu Mar 19 15:01:06 2026).
/home/zhujjing/anaconda3/envs/moe/lib/python3.10/site-packages/transformers/utils/hub.py:124: FutureWarning: Using `TRANSFORMERS_CACHE` is deprecated and will be removed in v5 of Transformers. Use `HF_HOME` instead.
  warnings.warn(
/home/zhujjing/anaconda3/envs/moe/lib/python3.10/site-packages/transformers/convert_slow_tokenizer.py:560: UserWarning: The sentencepiece tokenizer that you are converting to a fast tokenizer uses the byte fallback option which is not implemented in the fast tokenizers. In practice this means that the fast version of the tokenizer can produce unknown tokens whereas the sentencepiece version would have converted these unknown tokens into a sequence of byte tokens matching the original piece of text.
  warnings.warn(
[step 0001/1000] method=baseline_avg loss=0.6981 train_acc=nan train_loss=nan val_acc=nan val_loss=nan best=-1.0000
[step 0010/1000] method=baseline_avg loss=0.5735 train_acc=nan train_loss=nan val_acc=nan val_loss=nan best=-1.0000
[step 0020/1000] method=baseline_avg loss=0.5167 train_acc=nan train_loss=nan val_acc=nan val_loss=nan best=-1.0000
[step 0030/1000] method=baseline_avg loss=0.4541 train_acc=nan train_loss=nan val_acc=nan val_loss=nan best=-1.0000
[step 0040/1000] method=baseline_avg loss=0.5319 train_acc=nan train_loss=nan val_acc=nan val_loss=nan best=-1.0000
[step 0050/1000] method=baseline_avg loss=0.1836 train_acc=0.8056 train_loss=0.4480 val_acc=0.8137 val_loss=0.4636 router_H=0.5940 best=0.8137
           router_load=[0.0, 0.5380815863609314, 0.46191835403442383, 0.0]
[step 0060/1000] method=baseline_avg loss=0.9936 train_acc=0.8056 train_loss=0.4480 val_acc=0.8137 val_loss=0.4636 router_H=0.5940 best=0.8137
           router_load=[0.0, 0.5380815863609314, 0.46191835403442383, 0.0]
[step 0070/1000] method=baseline_avg loss=0.2805 train_acc=0.8056 train_loss=0.4480 val_acc=0.8137 val_loss=0.4636 router_H=0.5940 best=0.8137
           router_load=[0.0, 0.5380815863609314, 0.46191835403442383, 0.0]
[step 0080/1000] method=baseline_avg loss=0.3544 train_acc=0.8056 train_loss=0.4480 val_acc=0.8137 val_loss=0.4636 router_H=0.5940 best=0.8137
           router_load=[0.0, 0.5380815863609314, 0.46191835403442383, 0.0]
[step 0090/1000] method=baseline_avg loss=0.3196 train_acc=0.8056 train_loss=0.4480 val_acc=0.8137 val_loss=0.4636 router_H=0.5940 best=0.8137
           router_load=[0.0, 0.5380815863609314, 0.46191835403442383, 0.0]
[step 0100/1000] method=baseline_avg loss=0.1653 train_acc=0.8795 train_loss=0.2853 val_acc=0.8676 val_loss=0.3040 router_H=0.5961 best=0.8676
           router_load=[0.0, 0.516278088092804, 0.48372194170951843, 0.0]
[step 0110/1000] method=baseline_avg loss=0.5778 train_acc=0.8795 train_loss=0.2853 val_acc=0.8676 val_loss=0.3040 router_H=0.5961 best=0.8676
           router_load=[0.0, 0.516278088092804, 0.48372194170951843, 0.0]
[step 0120/1000] method=baseline_avg loss=0.6323 train_acc=0.8795 train_loss=0.2853 val_acc=0.8676 val_loss=0.3040 router_H=0.5961 best=0.8676
           router_load=[0.0, 0.516278088092804, 0.48372194170951843, 0.0]
[step 0130/1000] method=baseline_avg loss=0.6524 train_acc=0.8795 train_loss=0.2853 val_acc=0.8676 val_loss=0.3040 router_H=0.5961 best=0.8676
           router_load=[0.0, 0.516278088092804, 0.48372194170951843, 0.0]
[step 0140/1000] method=baseline_avg loss=0.3966 train_acc=0.8795 train_loss=0.2853 val_acc=0.8676 val_loss=0.3040 router_H=0.5961 best=0.8676
           router_load=[0.0, 0.516278088092804, 0.48372194170951843, 0.0]
[step 0150/1000] method=baseline_avg loss=0.3528 train_acc=0.8959 train_loss=0.2796 val_acc=0.8725 val_loss=0.3104 router_H=0.6248 best=0.8725
           router_load=[0.0, 0.4608522355556488, 0.5391477942466736, 0.0]
[step 0160/1000] method=baseline_avg loss=0.3832 train_acc=0.8959 train_loss=0.2796 val_acc=0.8725 val_loss=0.3104 router_H=0.6248 best=0.8725
           router_load=[0.0, 0.4608522355556488, 0.5391477942466736, 0.0]
[step 0170/1000] method=baseline_avg loss=0.5476 train_acc=0.8959 train_loss=0.2796 val_acc=0.8725 val_loss=0.3104 router_H=0.6248 best=0.8725
           router_load=[0.0, 0.4608522355556488, 0.5391477942466736, 0.0]
[step 0180/1000] method=baseline_avg loss=0.3889 train_acc=0.8959 train_loss=0.2796 val_acc=0.8725 val_loss=0.3104 router_H=0.6248 best=0.8725
           router_load=[0.0, 0.4608522355556488, 0.5391477942466736, 0.0]
[step 0190/1000] method=baseline_avg loss=0.5205 train_acc=0.8959 train_loss=0.2796 val_acc=0.8725 val_loss=0.3104 router_H=0.6248 best=0.8725
           router_load=[0.0, 0.4608522355556488, 0.5391477942466736, 0.0]
[step 0200/1000] method=baseline_avg loss=0.8553 train_acc=0.8348 train_loss=0.3753 val_acc=0.8137 val_loss=0.4313 router_H=0.6691 best=0.8725
           router_load=[0.0, 0.5643743276596069, 0.43562567234039307, 0.0]
[step 0210/1000] method=baseline_avg loss=0.1778 train_acc=0.8348 train_loss=0.3753 val_acc=0.8137 val_loss=0.4313 router_H=0.6691 best=0.8725
           router_load=[0.0, 0.5643743276596069, 0.43562567234039307, 0.0]
[step 0220/1000] method=baseline_avg loss=0.5862 train_acc=0.8348 train_loss=0.3753 val_acc=0.8137 val_loss=0.4313 router_H=0.6691 best=0.8725
           router_load=[0.0, 0.5643743276596069, 0.43562567234039307, 0.0]
[step 0230/1000] method=baseline_avg loss=0.4240 train_acc=0.8348 train_loss=0.3753 val_acc=0.8137 val_loss=0.4313 router_H=0.6691 best=0.8725
           router_load=[0.0, 0.5643743276596069, 0.43562567234039307, 0.0]
[step 0240/1000] method=baseline_avg loss=0.1693 train_acc=0.8348 train_loss=0.3753 val_acc=0.8137 val_loss=0.4313 router_H=0.6691 best=0.8725
           router_load=[0.0, 0.5643743276596069, 0.43562567234039307, 0.0]
[step 0250/1000] method=baseline_avg loss=0.0060 train_acc=0.8735 train_loss=0.5030 val_acc=0.8284 val_loss=0.7646 router_H=0.5692 best=0.8725
           router_load=[0.0, 0.3247285485267639, 0.6752715110778809, 0.0]
[step 0260/1000] method=baseline_avg loss=0.2720 train_acc=0.8735 train_loss=0.5030 val_acc=0.8284 val_loss=0.7646 router_H=0.5692 best=0.8725
           router_load=[0.0, 0.3247285485267639, 0.6752715110778809, 0.0]
[step 0270/1000] method=baseline_avg loss=0.2848 train_acc=0.8735 train_loss=0.5030 val_acc=0.8284 val_loss=0.7646 router_H=0.5692 best=0.8725
           router_load=[0.0, 0.3247285485267639, 0.6752715110778809, 0.0]
[step 0280/1000] method=baseline_avg loss=0.2109 train_acc=0.8735 train_loss=0.5030 val_acc=0.8284 val_loss=0.7646 router_H=0.5692 best=0.8725
           router_load=[0.0, 0.3247285485267639, 0.6752715110778809, 0.0]
[step 0290/1000] method=baseline_avg loss=0.1289 train_acc=0.8735 train_loss=0.5030 val_acc=0.8284 val_loss=0.7646 router_H=0.5692 best=0.8725
           router_load=[0.0, 0.3247285485267639, 0.6752715110778809, 0.0]
[step 0300/1000] method=baseline_avg loss=0.2113 train_acc=0.8899 train_loss=0.2893 val_acc=0.7990 val_loss=0.4967 router_H=0.6108 best=0.8725
           router_load=[0.0, 0.6416036486625671, 0.3322581350803375, 0.026138201355934143]
[step 0310/1000] method=baseline_avg loss=0.4086 train_acc=0.8899 train_loss=0.2893 val_acc=0.7990 val_loss=0.4967 router_H=0.6108 best=0.8725
           router_load=[0.0, 0.6416036486625671, 0.3322581350803375, 0.026138201355934143]
[step 0320/1000] method=baseline_avg loss=0.3774 train_acc=0.8899 train_loss=0.2893 val_acc=0.7990 val_loss=0.4967 router_H=0.6108 best=0.8725
           router_load=[0.0, 0.6416036486625671, 0.3322581350803375, 0.026138201355934143]
[step 0330/1000] method=baseline_avg loss=0.0813 train_acc=0.8899 train_loss=0.2893 val_acc=0.7990 val_loss=0.4967 router_H=0.6108 best=0.8725
           router_load=[0.0, 0.6416036486625671, 0.3322581350803375, 0.026138201355934143]
[step 0340/1000] method=baseline_avg loss=0.4686 train_acc=0.8899 train_loss=0.2893 val_acc=0.7990 val_loss=0.4967 router_H=0.6108 best=0.8725
           router_load=[0.0, 0.6416036486625671, 0.3322581350803375, 0.026138201355934143]
[step 0350/1000] method=baseline_avg loss=0.3964 train_acc=0.9032 train_loss=0.2910 val_acc=0.8554 val_loss=0.5005 router_H=0.6226 best=0.8725
           router_load=[0.0007965913973748684, 0.5110565423965454, 0.48814690113067627, 0.0]
[step 0360/1000] method=baseline_avg loss=0.0557 train_acc=0.9032 train_loss=0.2910 val_acc=0.8554 val_loss=0.5005 router_H=0.6226 best=0.8725
           router_load=[0.0007965913973748684, 0.5110565423965454, 0.48814690113067627, 0.0]
[step 0370/1000] method=baseline_avg loss=0.3985 train_acc=0.9032 train_loss=0.2910 val_acc=0.8554 val_loss=0.5005 router_H=0.6226 best=0.8725
           router_load=[0.0007965913973748684, 0.5110565423965454, 0.48814690113067627, 0.0]
[step 0380/1000] method=baseline_avg loss=0.2250 train_acc=0.9032 train_loss=0.2910 val_acc=0.8554 val_loss=0.5005 router_H=0.6226 best=0.8725
           router_load=[0.0007965913973748684, 0.5110565423965454, 0.48814690113067627, 0.0]
[step 0390/1000] method=baseline_avg loss=0.2273 train_acc=0.9032 train_loss=0.2910 val_acc=0.8554 val_loss=0.5005 router_H=0.6226 best=0.8725
           router_load=[0.0007965913973748684, 0.5110565423965454, 0.48814690113067627, 0.0]
[step 0400/1000] method=baseline_avg loss=1.1301 train_acc=0.9332 train_loss=0.2085 val_acc=0.8431 val_loss=0.5157 router_H=0.6140 best=0.8725
           router_load=[0.0, 0.6285622715950012, 0.37143778800964355, 0.0]
[step 0410/1000] method=baseline_avg loss=0.1817 train_acc=0.9332 train_loss=0.2085 val_acc=0.8431 val_loss=0.5157 router_H=0.6140 best=0.8725
           router_load=[0.0, 0.6285622715950012, 0.37143778800964355, 0.0]
[step 0420/1000] method=baseline_avg loss=0.3192 train_acc=0.9332 train_loss=0.2085 val_acc=0.8431 val_loss=0.5157 router_H=0.6140 best=0.8725
           router_load=[0.0, 0.6285622715950012, 0.37143778800964355, 0.0]
[step 0430/1000] method=baseline_avg loss=0.3045 train_acc=0.9332 train_loss=0.2085 val_acc=0.8431 val_loss=0.5157 router_H=0.6140 best=0.8725
           router_load=[0.0, 0.6285622715950012, 0.37143778800964355, 0.0]
[step 0440/1000] method=baseline_avg loss=0.4177 train_acc=0.9332 train_loss=0.2085 val_acc=0.8431 val_loss=0.5157 router_H=0.6140 best=0.8725
           router_load=[0.0, 0.6285622715950012, 0.37143778800964355, 0.0]
[step 0450/1000] method=baseline_avg loss=0.3276 train_acc=0.9005 train_loss=0.2479 val_acc=0.8039 val_loss=0.4293 router_H=0.6787 best=0.8725
           router_load=[0.0, 0.512234091758728, 0.48776593804359436, 0.0]
[step 0460/1000] method=baseline_avg loss=0.2555 train_acc=0.9005 train_loss=0.2479 val_acc=0.8039 val_loss=0.4293 router_H=0.6787 best=0.8725
           router_load=[0.0, 0.512234091758728, 0.48776593804359436, 0.0]
[step 0470/1000] method=baseline_avg loss=0.0130 train_acc=0.9005 train_loss=0.2479 val_acc=0.8039 val_loss=0.4293 router_H=0.6787 best=0.8725
           router_load=[0.0, 0.512234091758728, 0.48776593804359436, 0.0]
[step 0480/1000] method=baseline_avg loss=0.7715 train_acc=0.9005 train_loss=0.2479 val_acc=0.8039 val_loss=0.4293 router_H=0.6787 best=0.8725
           router_load=[0.0, 0.512234091758728, 0.48776593804359436, 0.0]
[step 0490/1000] method=baseline_avg loss=0.0529 train_acc=0.9005 train_loss=0.2479 val_acc=0.8039 val_loss=0.4293 router_H=0.6787 best=0.8725
           router_load=[0.0, 0.512234091758728, 0.48776593804359436, 0.0]
[step 0500/1000] method=baseline_avg loss=0.1747 train_acc=0.9594 train_loss=0.1498 val_acc=0.8701 val_loss=0.4863 router_H=0.6613 best=0.8725
           router_load=[0.04083966091275215, 0.543864905834198, 0.41529539227485657, 0.0]
[step 0510/1000] method=baseline_avg loss=0.0644 train_acc=0.9594 train_loss=0.1498 val_acc=0.8701 val_loss=0.4863 router_H=0.6613 best=0.8725
           router_load=[0.04083966091275215, 0.543864905834198, 0.41529539227485657, 0.0]
[step 0520/1000] method=baseline_avg loss=0.1953 train_acc=0.9594 train_loss=0.1498 val_acc=0.8701 val_loss=0.4863 router_H=0.6613 best=0.8725
           router_load=[0.04083966091275215, 0.543864905834198, 0.41529539227485657, 0.0]
[step 0530/1000] method=baseline_avg loss=0.0460 train_acc=0.9594 train_loss=0.1498 val_acc=0.8701 val_loss=0.4863 router_H=0.6613 best=0.8725
           router_load=[0.04083966091275215, 0.543864905834198, 0.41529539227485657, 0.0]
[step 0540/1000] method=baseline_avg loss=0.0162 train_acc=0.9594 train_loss=0.1498 val_acc=0.8701 val_loss=0.4863 router_H=0.6613 best=0.8725
           router_load=[0.04083966091275215, 0.543864905834198, 0.41529539227485657, 0.0]
[step 0550/1000] method=baseline_avg loss=0.3769 train_acc=0.9594 train_loss=0.1213 val_acc=0.8554 val_loss=0.3417 router_H=0.6639 best=0.8725
           router_load=[0.0, 0.45234405994415283, 0.5476559400558472, 0.0]
[step 0560/1000] method=baseline_avg loss=0.0395 train_acc=0.9594 train_loss=0.1213 val_acc=0.8554 val_loss=0.3417 router_H=0.6639 best=0.8725
           router_load=[0.0, 0.45234405994415283, 0.5476559400558472, 0.0]
[step 0570/1000] method=baseline_avg loss=0.5560 train_acc=0.9594 train_loss=0.1213 val_acc=0.8554 val_loss=0.3417 router_H=0.6639 best=0.8725
           router_load=[0.0, 0.45234405994415283, 0.5476559400558472, 0.0]
[step 0580/1000] method=baseline_avg loss=0.1282 train_acc=0.9594 train_loss=0.1213 val_acc=0.8554 val_loss=0.3417 router_H=0.6639 best=0.8725
           router_load=[0.0, 0.45234405994415283, 0.5476559400558472, 0.0]
[step 0590/1000] method=baseline_avg loss=0.2462 train_acc=0.9594 train_loss=0.1213 val_acc=0.8554 val_loss=0.3417 router_H=0.6639 best=0.8725
           router_load=[0.0, 0.45234405994415283, 0.5476559400558472, 0.0]
[step 0600/1000] method=baseline_avg loss=0.1626 train_acc=0.9597 train_loss=0.1299 val_acc=0.8505 val_loss=0.4775 router_H=0.5535 best=0.8725
           router_load=[0.0, 0.7539098262786865, 0.24036076664924622, 0.00572936749085784]
[step 0610/1000] method=baseline_avg loss=0.0931 train_acc=0.9597 train_loss=0.1299 val_acc=0.8505 val_loss=0.4775 router_H=0.5535 best=0.8725
           router_load=[0.0, 0.7539098262786865, 0.24036076664924622, 0.00572936749085784]
[step 0620/1000] method=baseline_avg loss=0.1592 train_acc=0.9597 train_loss=0.1299 val_acc=0.8505 val_loss=0.4775 router_H=0.5535 best=0.8725
           router_load=[0.0, 0.7539098262786865, 0.24036076664924622, 0.00572936749085784]
[step 0630/1000] method=baseline_avg loss=0.0525 train_acc=0.9597 train_loss=0.1299 val_acc=0.8505 val_loss=0.4775 router_H=0.5535 best=0.8725
           router_load=[0.0, 0.7539098262786865, 0.24036076664924622, 0.00572936749085784]
[step 0640/1000] method=baseline_avg loss=0.0432 train_acc=0.9597 train_loss=0.1299 val_acc=0.8505 val_loss=0.4775 router_H=0.5535 best=0.8725
           router_load=[0.0, 0.7539098262786865, 0.24036076664924622, 0.00572936749085784]
[step 0650/1000] method=baseline_avg loss=0.0575 train_acc=0.9689 train_loss=0.0990 val_acc=0.8652 val_loss=0.4960 router_H=0.6407 best=0.8725
           router_load=[0.0, 0.6393441557884216, 0.36065587401390076, 0.0]
[step 0660/1000] method=baseline_avg loss=0.0160 train_acc=0.9689 train_loss=0.0990 val_acc=0.8652 val_loss=0.4960 router_H=0.6407 best=0.8725
           router_load=[0.0, 0.6393441557884216, 0.36065587401390076, 0.0]
[step 0670/1000] method=baseline_avg loss=0.3726 train_acc=0.9689 train_loss=0.0990 val_acc=0.8652 val_loss=0.4960 router_H=0.6407 best=0.8725
           router_load=[0.0, 0.6393441557884216, 0.36065587401390076, 0.0]
[step 0680/1000] method=baseline_avg loss=0.3669 train_acc=0.9689 train_loss=0.0990 val_acc=0.8652 val_loss=0.4960 router_H=0.6407 best=0.8725
           router_load=[0.0, 0.6393441557884216, 0.36065587401390076, 0.0]
[step 0690/1000] method=baseline_avg loss=0.0061 train_acc=0.9689 train_loss=0.0990 val_acc=0.8652 val_loss=0.4960 router_H=0.6407 best=0.8725
           router_load=[0.0, 0.6393441557884216, 0.36065587401390076, 0.0]
[step 0700/1000] method=baseline_avg loss=0.1919 train_acc=0.9708 train_loss=0.1106 val_acc=0.8529 val_loss=0.7318 router_H=0.6181 best=0.8725
           router_load=[0.0, 0.6588659882545471, 0.34113410115242004, 0.0]
[step 0710/1000] method=baseline_avg loss=0.0021 train_acc=0.9708 train_loss=0.1106 val_acc=0.8529 val_loss=0.7318 router_H=0.6181 best=0.8725
           router_load=[0.0, 0.6588659882545471, 0.34113410115242004, 0.0]
[step 0720/1000] method=baseline_avg loss=0.5746 train_acc=0.9708 train_loss=0.1106 val_acc=0.8529 val_loss=0.7318 router_H=0.6181 best=0.8725
           router_load=[0.0, 0.6588659882545471, 0.34113410115242004, 0.0]
[step 0730/1000] method=baseline_avg loss=0.0126 train_acc=0.9708 train_loss=0.1106 val_acc=0.8529 val_loss=0.7318 router_H=0.6181 best=0.8725
           router_load=[0.0, 0.6588659882545471, 0.34113410115242004, 0.0]
[step 0740/1000] method=baseline_avg loss=0.0341 train_acc=0.9708 train_loss=0.1106 val_acc=0.8529 val_loss=0.7318 router_H=0.6181 best=0.8725
           router_load=[0.0, 0.6588659882545471, 0.34113410115242004, 0.0]
[step 0750/1000] method=baseline_avg loss=0.2519 train_acc=0.9749 train_loss=0.0826 val_acc=0.8725 val_loss=0.5142 router_H=0.5848 best=0.8725
           router_load=[0.0, 0.21248511970043182, 0.6124826073646545, 0.17503231763839722]
[step 0760/1000] method=baseline_avg loss=0.0086 train_acc=0.9749 train_loss=0.0826 val_acc=0.8725 val_loss=0.5142 router_H=0.5848 best=0.8725
           router_load=[0.0, 0.21248511970043182, 0.6124826073646545, 0.17503231763839722]
[step 0770/1000] method=baseline_avg loss=0.6348 train_acc=0.9749 train_loss=0.0826 val_acc=0.8725 val_loss=0.5142 router_H=0.5848 best=0.8725
           router_load=[0.0, 0.21248511970043182, 0.6124826073646545, 0.17503231763839722]
[step 0780/1000] method=baseline_avg loss=0.3410 train_acc=0.9749 train_loss=0.0826 val_acc=0.8725 val_loss=0.5142 router_H=0.5848 best=0.8725
           router_load=[0.0, 0.21248511970043182, 0.6124826073646545, 0.17503231763839722]
[step 0790/1000] method=baseline_avg loss=0.1297 train_acc=0.9749 train_loss=0.0826 val_acc=0.8725 val_loss=0.5142 router_H=0.5848 best=0.8725
           router_load=[0.0, 0.21248511970043182, 0.6124826073646545, 0.17503231763839722]
[step 0800/1000] method=baseline_avg loss=0.0311 train_acc=0.9785 train_loss=0.0723 val_acc=0.8922 val_loss=0.4432 router_H=0.3266 best=0.8922
           router_load=[0.00014195959374774247, 0.32034847140312195, 0.6795094013214111, 0.0]
[step 0810/1000] method=baseline_avg loss=0.0634 train_acc=0.9785 train_loss=0.0723 val_acc=0.8922 val_loss=0.4432 router_H=0.3266 best=0.8922
           router_load=[0.00014195959374774247, 0.32034847140312195, 0.6795094013214111, 0.0]
[step 0820/1000] method=baseline_avg loss=0.2747 train_acc=0.9785 train_loss=0.0723 val_acc=0.8922 val_loss=0.4432 router_H=0.3266 best=0.8922
           router_load=[0.00014195959374774247, 0.32034847140312195, 0.6795094013214111, 0.0]
[step 0830/1000] method=baseline_avg loss=0.0054 train_acc=0.9785 train_loss=0.0723 val_acc=0.8922 val_loss=0.4432 router_H=0.3266 best=0.8922
           router_load=[0.00014195959374774247, 0.32034847140312195, 0.6795094013214111, 0.0]
[step 0840/1000] method=baseline_avg loss=0.0171 train_acc=0.9785 train_loss=0.0723 val_acc=0.8922 val_loss=0.4432 router_H=0.3266 best=0.8922
           router_load=[0.00014195959374774247, 0.32034847140312195, 0.6795094013214111, 0.0]
[step 0850/1000] method=baseline_avg loss=0.0037 train_acc=0.9746 train_loss=0.0816 val_acc=0.8505 val_loss=0.6325 router_H=0.3083 best=0.8922
           router_load=[0.0, 0.2467104196548462, 0.7531620264053345, 0.00012761109974235296]
[step 0860/1000] method=baseline_avg loss=0.1577 train_acc=0.9746 train_loss=0.0816 val_acc=0.8505 val_loss=0.6325 router_H=0.3083 best=0.8922
           router_load=[0.0, 0.2467104196548462, 0.7531620264053345, 0.00012761109974235296]
[step 0870/1000] method=baseline_avg loss=0.0249 train_acc=0.9746 train_loss=0.0816 val_acc=0.8505 val_loss=0.6325 router_H=0.3083 best=0.8922
           router_load=[0.0, 0.2467104196548462, 0.7531620264053345, 0.00012761109974235296]
[step 0880/1000] method=baseline_avg loss=0.0408 train_acc=0.9746 train_loss=0.0816 val_acc=0.8505 val_loss=0.6325 router_H=0.3083 best=0.8922
           router_load=[0.0, 0.2467104196548462, 0.7531620264053345, 0.00012761109974235296]
[step 0890/1000] method=baseline_avg loss=0.5943 train_acc=0.9746 train_loss=0.0816 val_acc=0.8505 val_loss=0.6325 router_H=0.3083 best=0.8922
           router_load=[0.0, 0.2467104196548462, 0.7531620264053345, 0.00012761109974235296]
[step 0900/1000] method=baseline_avg loss=0.2154 train_acc=0.9782 train_loss=0.0774 val_acc=0.8873 val_loss=0.3450 router_H=0.4023 best=0.8922
           router_load=[8.842577517498285e-05, 0.43639683723449707, 0.5561211705207825, 0.0073935892432928085]
[step 0910/1000] method=baseline_avg loss=0.0091 train_acc=0.9782 train_loss=0.0774 val_acc=0.8873 val_loss=0.3450 router_H=0.4023 best=0.8922
           router_load=[8.842577517498285e-05, 0.43639683723449707, 0.5561211705207825, 0.0073935892432928085]
[step 0920/1000] method=baseline_avg loss=0.0048 train_acc=0.9782 train_loss=0.0774 val_acc=0.8873 val_loss=0.3450 router_H=0.4023 best=0.8922
           router_load=[8.842577517498285e-05, 0.43639683723449707, 0.5561211705207825, 0.0073935892432928085]
[step 0930/1000] method=baseline_avg loss=0.0406 train_acc=0.9782 train_loss=0.0774 val_acc=0.8873 val_loss=0.3450 router_H=0.4023 best=0.8922
           router_load=[8.842577517498285e-05, 0.43639683723449707, 0.5561211705207825, 0.0073935892432928085]
[step 0940/1000] method=baseline_avg loss=0.0573 train_acc=0.9782 train_loss=0.0774 val_acc=0.8873 val_loss=0.3450 router_H=0.4023 best=0.8922
           router_load=[8.842577517498285e-05, 0.43639683723449707, 0.5561211705207825, 0.0073935892432928085]
[step 0950/1000] method=baseline_avg loss=0.0047 train_acc=0.9725 train_loss=0.1131 val_acc=0.8113 val_loss=0.8919 router_H=0.3219 best=0.8922
           router_load=[0.0004860737535636872, 0.25969642400741577, 0.7383590340614319, 0.0014584085438400507]
[step 0960/1000] method=baseline_avg loss=0.0021 train_acc=0.9725 train_loss=0.1131 val_acc=0.8113 val_loss=0.8919 router_H=0.3219 best=0.8922
           router_load=[0.0004860737535636872, 0.25969642400741577, 0.7383590340614319, 0.0014584085438400507]
[step 0970/1000] method=baseline_avg loss=0.0022 train_acc=0.9725 train_loss=0.1131 val_acc=0.8113 val_loss=0.8919 router_H=0.3219 best=0.8922
           router_load=[0.0004860737535636872, 0.25969642400741577, 0.7383590340614319, 0.0014584085438400507]
[step 0980/1000] method=baseline_avg loss=0.0156 train_acc=0.9725 train_loss=0.1131 val_acc=0.8113 val_loss=0.8919 router_H=0.3219 best=0.8922
           router_load=[0.0004860737535636872, 0.25969642400741577, 0.7383590340614319, 0.0014584085438400507]
[step 0990/1000] method=baseline_avg loss=0.0055 train_acc=0.9725 train_loss=0.1131 val_acc=0.8113 val_loss=0.8919 router_H=0.3219 best=0.8922
           router_load=[0.0004860737535636872, 0.25969642400741577, 0.7383590340614319, 0.0014584085438400507]
[step 1000/1000] method=baseline_avg loss=0.4398 train_acc=0.9760 train_loss=0.0972 val_acc=0.8284 val_loss=0.9154 router_H=0.3051 best=0.8922
           router_load=[0.0, 0.23764029145240784, 0.7601690888404846, 0.0021906483452767134]
saved summary -> /home/zhujjing/MOE-grad-conflict-routing/runs/paper_suite/single_gpu/single_task/deberta_mrpc_ffn_e4_k2/final/baseline_s3.json
saved curve -> /home/zhujjing/MOE-grad-conflict-routing/runs/paper_suite/single_gpu/single_task/deberta_mrpc_ffn_e4_k2/final/baseline_s3_curve.csv
