[run] method=ours candidate=coord_02_train_weight_decay_016 seed=5 steps=1000 gpu=0
[run] cmd=
/home/zhujjing/anaconda3/envs/moe/bin/python /home/zhujjing/MOE-grad-conflict-routing/scripts/run.py --config configs/singletask_sst2_real.yaml --set model.backbone_backend=hf --set model.hf_load_pretrained=true --set model.backbone=roberta --set model.hf_pretrained_name=roberta-base --set model.expert_type=lora --set model.routing_mode=topk --set model.num_experts=4 --set model.top_k=2 --set seed=5 --set method.name=ours --set train.steps=1000 --set train.eval_every_steps=50 --set method.ours.use_load_norm=true --set method.ours.lambda_align=0.001 --set train.grad_clip=1 --set train.lr=2e-05 --set train.weight_decay=0.0452861226 --out /home/zhujjing/MOE-grad-conflict-routing/runs/paper_suite/single_gpu/single_task/roberta_sst2_lora_e4_k2/final/ours_s5.json --curve_out /home/zhujjing/MOE-grad-conflict-routing/runs/paper_suite/single_gpu/single_task/roberta_sst2_lora_e4_k2/final/ours_s5_curve.csv
Using the latest cached version of the dataset since glue couldn't be found on the Hugging Face Hub (offline mode is enabled).
Found the latest cached dataset configuration 'sst2' at /home/zhujjing/hf_cache/datasets/glue/sst2/0.0.0/bcdcba79d07bc864c1c254ccfcedcce55bcc9a8c (last modified on Thu Mar 19 15:01:41 2026).
/home/zhujjing/anaconda3/envs/moe/lib/python3.10/site-packages/transformers/utils/hub.py:124: FutureWarning: Using `TRANSFORMERS_CACHE` is deprecated and will be removed in v5 of Transformers. Use `HF_HOME` instead.
  warnings.warn(
Some weights of RobertaModel were not initialized from the model checkpoint at roberta-base and are newly initialized: ['roberta.pooler.dense.bias', 'roberta.pooler.dense.weight']
You should probably TRAIN this model on a down-stream task to be able to use it for predictions and inference.
[step 0001/1000] method=ours loss=0.6923 train_acc=nan train_loss=nan val_acc=nan val_loss=nan best=-1.0000
[step 0010/1000] method=ours loss=0.6759 train_acc=nan train_loss=nan val_acc=nan val_loss=nan best=-1.0000
[step 0020/1000] method=ours loss=0.6164 train_acc=nan train_loss=nan val_acc=nan val_loss=nan best=-1.0000
[step 0030/1000] method=ours loss=0.4364 train_acc=nan train_loss=nan val_acc=nan val_loss=nan best=-1.0000
[step 0040/1000] method=ours loss=0.3324 train_acc=nan train_loss=nan val_acc=nan val_loss=nan best=-1.0000
[step 0050/1000] method=ours loss=0.4313 train_acc=0.8363 train_loss=0.3620 val_acc=0.8635 val_loss=0.3227 router_H=0.6371 best=0.8635
           router_load=[0.08592354506254196, 0.657215416431427, 0.2205049693584442, 0.03635595738887787]
[step 0060/1000] method=ours loss=0.5720 train_acc=0.8363 train_loss=0.3620 val_acc=0.8635 val_loss=0.3227 router_H=0.6371 best=0.8635
           router_load=[0.08592354506254196, 0.657215416431427, 0.2205049693584442, 0.03635595738887787]
[step 0070/1000] method=ours loss=0.4409 train_acc=0.8363 train_loss=0.3620 val_acc=0.8635 val_loss=0.3227 router_H=0.6371 best=0.8635
           router_load=[0.08592354506254196, 0.657215416431427, 0.2205049693584442, 0.03635595738887787]
[step 0080/1000] method=ours loss=0.6020 train_acc=0.8363 train_loss=0.3620 val_acc=0.8635 val_loss=0.3227 router_H=0.6371 best=0.8635
           router_load=[0.08592354506254196, 0.657215416431427, 0.2205049693584442, 0.03635595738887787]
[step 0090/1000] method=ours loss=0.3651 train_acc=0.8363 train_loss=0.3620 val_acc=0.8635 val_loss=0.3227 router_H=0.6371 best=0.8635
           router_load=[0.08592354506254196, 0.657215416431427, 0.2205049693584442, 0.03635595738887787]
[step 0100/1000] method=ours loss=0.3640 train_acc=0.8969 train_loss=0.2700 val_acc=0.9037 val_loss=0.2443 router_H=0.6494 best=0.9037
           router_load=[0.11195646226406097, 0.6401615738868713, 0.2029336541891098, 0.04494810476899147]
[step 0110/1000] method=ours loss=0.3605 train_acc=0.8969 train_loss=0.2700 val_acc=0.9037 val_loss=0.2443 router_H=0.6494 best=0.9037
           router_load=[0.11195646226406097, 0.6401615738868713, 0.2029336541891098, 0.04494810476899147]
[step 0120/1000] method=ours loss=0.4705 train_acc=0.8969 train_loss=0.2700 val_acc=0.9037 val_loss=0.2443 router_H=0.6494 best=0.9037
           router_load=[0.11195646226406097, 0.6401615738868713, 0.2029336541891098, 0.04494810476899147]
[step 0130/1000] method=ours loss=0.1829 train_acc=0.8969 train_loss=0.2700 val_acc=0.9037 val_loss=0.2443 router_H=0.6494 best=0.9037
           router_load=[0.11195646226406097, 0.6401615738868713, 0.2029336541891098, 0.04494810476899147]
[step 0140/1000] method=ours loss=0.1137 train_acc=0.8969 train_loss=0.2700 val_acc=0.9037 val_loss=0.2443 router_H=0.6494 best=0.9037
           router_load=[0.11195646226406097, 0.6401615738868713, 0.2029336541891098, 0.04494810476899147]
[step 0150/1000] method=ours loss=1.1871 train_acc=0.8956 train_loss=0.3452 val_acc=0.9083 val_loss=0.2809 router_H=0.6532 best=0.9083
           router_load=[0.1668466478586197, 0.6265929937362671, 0.1866985708475113, 0.019861755892634392]
[step 0160/1000] method=ours loss=0.3220 train_acc=0.8956 train_loss=0.3452 val_acc=0.9083 val_loss=0.2809 router_H=0.6532 best=0.9083
           router_load=[0.1668466478586197, 0.6265929937362671, 0.1866985708475113, 0.019861755892634392]
[step 0170/1000] method=ours loss=0.1579 train_acc=0.8956 train_loss=0.3452 val_acc=0.9083 val_loss=0.2809 router_H=0.6532 best=0.9083
           router_load=[0.1668466478586197, 0.6265929937362671, 0.1866985708475113, 0.019861755892634392]
[step 0180/1000] method=ours loss=0.1519 train_acc=0.8956 train_loss=0.3452 val_acc=0.9083 val_loss=0.2809 router_H=0.6532 best=0.9083
           router_load=[0.1668466478586197, 0.6265929937362671, 0.1866985708475113, 0.019861755892634392]
[step 0190/1000] method=ours loss=0.1504 train_acc=0.8956 train_loss=0.3452 val_acc=0.9083 val_loss=0.2809 router_H=0.6532 best=0.9083
           router_load=[0.1668466478586197, 0.6265929937362671, 0.1866985708475113, 0.019861755892634392]
[step 0200/1000] method=ours loss=0.1374 train_acc=0.8815 train_loss=0.2857 val_acc=0.8979 val_loss=0.2427 router_H=0.6318 best=0.9083
           router_load=[0.08124180138111115, 0.6648957133293152, 0.09844999015331268, 0.1554124653339386]
[step 0210/1000] method=ours loss=0.1414 train_acc=0.8815 train_loss=0.2857 val_acc=0.8979 val_loss=0.2427 router_H=0.6318 best=0.9083
           router_load=[0.08124180138111115, 0.6648957133293152, 0.09844999015331268, 0.1554124653339386]
[step 0220/1000] method=ours loss=0.3830 train_acc=0.8815 train_loss=0.2857 val_acc=0.8979 val_loss=0.2427 router_H=0.6318 best=0.9083
           router_load=[0.08124180138111115, 0.6648957133293152, 0.09844999015331268, 0.1554124653339386]
[step 0230/1000] method=ours loss=0.0344 train_acc=0.8815 train_loss=0.2857 val_acc=0.8979 val_loss=0.2427 router_H=0.6318 best=0.9083
           router_load=[0.08124180138111115, 0.6648957133293152, 0.09844999015331268, 0.1554124653339386]
[step 0240/1000] method=ours loss=0.5240 train_acc=0.8815 train_loss=0.2857 val_acc=0.8979 val_loss=0.2427 router_H=0.6318 best=0.9083
           router_load=[0.08124180138111115, 0.6648957133293152, 0.09844999015331268, 0.1554124653339386]
[step 0250/1000] method=ours loss=0.0929 train_acc=0.8966 train_loss=0.3226 val_acc=0.9037 val_loss=0.2806 router_H=0.6433 best=0.9083
           router_load=[0.15018007159233093, 0.646242618560791, 0.12017561495304108, 0.08340158313512802]
[step 0260/1000] method=ours loss=0.2248 train_acc=0.8966 train_loss=0.3226 val_acc=0.9037 val_loss=0.2806 router_H=0.6433 best=0.9083
           router_load=[0.15018007159233093, 0.646242618560791, 0.12017561495304108, 0.08340158313512802]
[step 0270/1000] method=ours loss=0.2437 train_acc=0.8966 train_loss=0.3226 val_acc=0.9037 val_loss=0.2806 router_H=0.6433 best=0.9083
           router_load=[0.15018007159233093, 0.646242618560791, 0.12017561495304108, 0.08340158313512802]
[step 0280/1000] method=ours loss=0.5428 train_acc=0.8966 train_loss=0.3226 val_acc=0.9037 val_loss=0.2806 router_H=0.6433 best=0.9083
           router_load=[0.15018007159233093, 0.646242618560791, 0.12017561495304108, 0.08340158313512802]
[step 0290/1000] method=ours loss=0.7300 train_acc=0.8966 train_loss=0.3226 val_acc=0.9037 val_loss=0.2806 router_H=0.6433 best=0.9083
           router_load=[0.15018007159233093, 0.646242618560791, 0.12017561495304108, 0.08340158313512802]
[step 0300/1000] method=ours loss=0.3526 train_acc=0.9086 train_loss=0.2427 val_acc=0.9128 val_loss=0.2409 router_H=0.6538 best=0.9128
           router_load=[0.1466437131166458, 0.6295892596244812, 0.11533903330564499, 0.1084279865026474]
[step 0310/1000] method=ours loss=0.1105 train_acc=0.9086 train_loss=0.2427 val_acc=0.9128 val_loss=0.2409 router_H=0.6538 best=0.9128
           router_load=[0.1466437131166458, 0.6295892596244812, 0.11533903330564499, 0.1084279865026474]
[step 0320/1000] method=ours loss=0.0868 train_acc=0.9086 train_loss=0.2427 val_acc=0.9128 val_loss=0.2409 router_H=0.6538 best=0.9128
           router_load=[0.1466437131166458, 0.6295892596244812, 0.11533903330564499, 0.1084279865026474]
[step 0330/1000] method=ours loss=0.2407 train_acc=0.9086 train_loss=0.2427 val_acc=0.9128 val_loss=0.2409 router_H=0.6538 best=0.9128
           router_load=[0.1466437131166458, 0.6295892596244812, 0.11533903330564499, 0.1084279865026474]
[step 0340/1000] method=ours loss=0.1322 train_acc=0.9086 train_loss=0.2427 val_acc=0.9128 val_loss=0.2409 router_H=0.6538 best=0.9128
           router_load=[0.1466437131166458, 0.6295892596244812, 0.11533903330564499, 0.1084279865026474]
[step 0350/1000] method=ours loss=0.2451 train_acc=0.9106 train_loss=0.2723 val_acc=0.9106 val_loss=0.2693 router_H=0.6517 best=0.9128
           router_load=[0.17809389531612396, 0.6345974206924438, 0.07952079176902771, 0.10778776556253433]
[step 0360/1000] method=ours loss=0.5736 train_acc=0.9106 train_loss=0.2723 val_acc=0.9106 val_loss=0.2693 router_H=0.6517 best=0.9128
           router_load=[0.17809389531612396, 0.6345974206924438, 0.07952079176902771, 0.10778776556253433]
[step 0370/1000] method=ours loss=0.4567 train_acc=0.9106 train_loss=0.2723 val_acc=0.9106 val_loss=0.2693 router_H=0.6517 best=0.9128
           router_load=[0.17809389531612396, 0.6345974206924438, 0.07952079176902771, 0.10778776556253433]
[step 0380/1000] method=ours loss=0.6771 train_acc=0.9106 train_loss=0.2723 val_acc=0.9106 val_loss=0.2693 router_H=0.6517 best=0.9128
           router_load=[0.17809389531612396, 0.6345974206924438, 0.07952079176902771, 0.10778776556253433]
[step 0390/1000] method=ours loss=0.1558 train_acc=0.9106 train_loss=0.2723 val_acc=0.9106 val_loss=0.2693 router_H=0.6517 best=0.9128
           router_load=[0.17809389531612396, 0.6345974206924438, 0.07952079176902771, 0.10778776556253433]
[step 0400/1000] method=ours loss=0.5832 train_acc=0.9175 train_loss=0.2414 val_acc=0.9163 val_loss=0.2304 router_H=0.6476 best=0.9163
           router_load=[0.1598425805568695, 0.642115592956543, 0.0962139368057251, 0.10182788223028183]
[step 0410/1000] method=ours loss=0.2187 train_acc=0.9175 train_loss=0.2414 val_acc=0.9163 val_loss=0.2304 router_H=0.6476 best=0.9163
           router_load=[0.1598425805568695, 0.642115592956543, 0.0962139368057251, 0.10182788223028183]
[step 0420/1000] method=ours loss=0.3313 train_acc=0.9175 train_loss=0.2414 val_acc=0.9163 val_loss=0.2304 router_H=0.6476 best=0.9163
           router_load=[0.1598425805568695, 0.642115592956543, 0.0962139368057251, 0.10182788223028183]
[step 0430/1000] method=ours loss=0.3561 train_acc=0.9175 train_loss=0.2414 val_acc=0.9163 val_loss=0.2304 router_H=0.6476 best=0.9163
           router_load=[0.1598425805568695, 0.642115592956543, 0.0962139368057251, 0.10182788223028183]
[step 0440/1000] method=ours loss=0.0377 train_acc=0.9175 train_loss=0.2414 val_acc=0.9163 val_loss=0.2304 router_H=0.6476 best=0.9163
           router_load=[0.1598425805568695, 0.642115592956543, 0.0962139368057251, 0.10182788223028183]
[step 0450/1000] method=ours loss=0.6565 train_acc=0.9075 train_loss=0.3469 val_acc=0.9186 val_loss=0.2919 router_H=0.6502 best=0.9186
           router_load=[0.17145077884197235, 0.6371321082115173, 0.11917117983102798, 0.07224597781896591]
[step 0460/1000] method=ours loss=0.2732 train_acc=0.9075 train_loss=0.3469 val_acc=0.9186 val_loss=0.2919 router_H=0.6502 best=0.9186
           router_load=[0.17145077884197235, 0.6371321082115173, 0.11917117983102798, 0.07224597781896591]
[step 0470/1000] method=ours loss=0.2171 train_acc=0.9075 train_loss=0.3469 val_acc=0.9186 val_loss=0.2919 router_H=0.6502 best=0.9186
           router_load=[0.17145077884197235, 0.6371321082115173, 0.11917117983102798, 0.07224597781896591]
[step 0480/1000] method=ours loss=0.7311 train_acc=0.9075 train_loss=0.3469 val_acc=0.9186 val_loss=0.2919 router_H=0.6502 best=0.9186
           router_load=[0.17145077884197235, 0.6371321082115173, 0.11917117983102798, 0.07224597781896591]
[step 0490/1000] method=ours loss=0.1375 train_acc=0.9075 train_loss=0.3469 val_acc=0.9186 val_loss=0.2919 router_H=0.6502 best=0.9186
           router_load=[0.17145077884197235, 0.6371321082115173, 0.11917117983102798, 0.07224597781896591]
[step 0500/1000] method=ours loss=0.1091 train_acc=0.9123 train_loss=0.2431 val_acc=0.9163 val_loss=0.2378 router_H=0.6293 best=0.9186
           router_load=[0.12952923774719238, 0.66778963804245, 0.07512804120779037, 0.12755312025547028]
[step 0510/1000] method=ours loss=0.2128 train_acc=0.9123 train_loss=0.2431 val_acc=0.9163 val_loss=0.2378 router_H=0.6293 best=0.9186
           router_load=[0.12952923774719238, 0.66778963804245, 0.07512804120779037, 0.12755312025547028]
[step 0520/1000] method=ours loss=0.3993 train_acc=0.9123 train_loss=0.2431 val_acc=0.9163 val_loss=0.2378 router_H=0.6293 best=0.9186
           router_load=[0.12952923774719238, 0.66778963804245, 0.07512804120779037, 0.12755312025547028]
[step 0530/1000] method=ours loss=0.1942 train_acc=0.9123 train_loss=0.2431 val_acc=0.9163 val_loss=0.2378 router_H=0.6293 best=0.9186
           router_load=[0.12952923774719238, 0.66778963804245, 0.07512804120779037, 0.12755312025547028]
[step 0540/1000] method=ours loss=0.5323 train_acc=0.9123 train_loss=0.2431 val_acc=0.9163 val_loss=0.2378 router_H=0.6293 best=0.9186
           router_load=[0.12952923774719238, 0.66778963804245, 0.07512804120779037, 0.12755312025547028]
[step 0550/1000] method=ours loss=0.4713 train_acc=0.8767 train_loss=0.3832 val_acc=0.8911 val_loss=0.3516 router_H=0.6111 best=0.9186
           router_load=[0.14082051813602448, 0.6909160614013672, 0.08644836395978928, 0.08181502670049667]
[step 0560/1000] method=ours loss=0.2526 train_acc=0.8767 train_loss=0.3832 val_acc=0.8911 val_loss=0.3516 router_H=0.6111 best=0.9186
           router_load=[0.14082051813602448, 0.6909160614013672, 0.08644836395978928, 0.08181502670049667]
[step 0570/1000] method=ours loss=0.2803 train_acc=0.8767 train_loss=0.3832 val_acc=0.8911 val_loss=0.3516 router_H=0.6111 best=0.9186
           router_load=[0.14082051813602448, 0.6909160614013672, 0.08644836395978928, 0.08181502670049667]
[step 0580/1000] method=ours loss=0.2127 train_acc=0.8767 train_loss=0.3832 val_acc=0.8911 val_loss=0.3516 router_H=0.6111 best=0.9186
           router_load=[0.14082051813602448, 0.6909160614013672, 0.08644836395978928, 0.08181502670049667]
[step 0590/1000] method=ours loss=0.4534 train_acc=0.8767 train_loss=0.3832 val_acc=0.8911 val_loss=0.3516 router_H=0.6111 best=0.9186
           router_load=[0.14082051813602448, 0.6909160614013672, 0.08644836395978928, 0.08181502670049667]
[step 0600/1000] method=ours loss=0.2859 train_acc=0.8962 train_loss=0.2830 val_acc=0.9106 val_loss=0.2582 router_H=0.6298 best=0.9186
           router_load=[0.1410267949104309, 0.659640908241272, 0.11740691214799881, 0.08192556351423264]
[step 0610/1000] method=ours loss=0.0419 train_acc=0.8962 train_loss=0.2830 val_acc=0.9106 val_loss=0.2582 router_H=0.6298 best=0.9186
           router_load=[0.1410267949104309, 0.659640908241272, 0.11740691214799881, 0.08192556351423264]
[step 0620/1000] method=ours loss=0.3187 train_acc=0.8962 train_loss=0.2830 val_acc=0.9106 val_loss=0.2582 router_H=0.6298 best=0.9186
           router_load=[0.1410267949104309, 0.659640908241272, 0.11740691214799881, 0.08192556351423264]
[step 0630/1000] method=ours loss=0.1505 train_acc=0.8962 train_loss=0.2830 val_acc=0.9106 val_loss=0.2582 router_H=0.6298 best=0.9186
           router_load=[0.1410267949104309, 0.659640908241272, 0.11740691214799881, 0.08192556351423264]
[step 0640/1000] method=ours loss=0.0540 train_acc=0.8962 train_loss=0.2830 val_acc=0.9106 val_loss=0.2582 router_H=0.6298 best=0.9186
           router_load=[0.1410267949104309, 0.659640908241272, 0.11740691214799881, 0.08192556351423264]
[step 0650/1000] method=ours loss=0.1155 train_acc=0.9113 train_loss=0.2602 val_acc=0.9140 val_loss=0.2588 router_H=0.6144 best=0.9186
           router_load=[0.10274188220500946, 0.668583869934082, 0.1538349837064743, 0.07483915239572525]
[step 0660/1000] method=ours loss=0.0278 train_acc=0.9113 train_loss=0.2602 val_acc=0.9140 val_loss=0.2588 router_H=0.6144 best=0.9186
           router_load=[0.10274188220500946, 0.668583869934082, 0.1538349837064743, 0.07483915239572525]
[step 0670/1000] method=ours loss=0.2601 train_acc=0.9113 train_loss=0.2602 val_acc=0.9140 val_loss=0.2588 router_H=0.6144 best=0.9186
           router_load=[0.10274188220500946, 0.668583869934082, 0.1538349837064743, 0.07483915239572525]
[step 0680/1000] method=ours loss=0.2145 train_acc=0.9113 train_loss=0.2602 val_acc=0.9140 val_loss=0.2588 router_H=0.6144 best=0.9186
           router_load=[0.10274188220500946, 0.668583869934082, 0.1538349837064743, 0.07483915239572525]
[step 0690/1000] method=ours loss=0.2361 train_acc=0.9113 train_loss=0.2602 val_acc=0.9140 val_loss=0.2588 router_H=0.6144 best=0.9186
           router_load=[0.10274188220500946, 0.668583869934082, 0.1538349837064743, 0.07483915239572525]
[step 0700/1000] method=ours loss=0.4190 train_acc=0.9015 train_loss=0.2830 val_acc=0.8888 val_loss=0.3195 router_H=0.6400 best=0.9186
           router_load=[0.1036783829331398, 0.6437846422195435, 0.12681321799755096, 0.12572379410266876]
[step 0710/1000] method=ours loss=0.0790 train_acc=0.9015 train_loss=0.2830 val_acc=0.8888 val_loss=0.3195 router_H=0.6400 best=0.9186
           router_load=[0.1036783829331398, 0.6437846422195435, 0.12681321799755096, 0.12572379410266876]
[step 0720/1000] method=ours loss=0.1631 train_acc=0.9015 train_loss=0.2830 val_acc=0.8888 val_loss=0.3195 router_H=0.6400 best=0.9186
           router_load=[0.1036783829331398, 0.6437846422195435, 0.12681321799755096, 0.12572379410266876]
[step 0730/1000] method=ours loss=0.4560 train_acc=0.9015 train_loss=0.2830 val_acc=0.8888 val_loss=0.3195 router_H=0.6400 best=0.9186
           router_load=[0.1036783829331398, 0.6437846422195435, 0.12681321799755096, 0.12572379410266876]
[step 0740/1000] method=ours loss=0.1388 train_acc=0.9015 train_loss=0.2830 val_acc=0.8888 val_loss=0.3195 router_H=0.6400 best=0.9186
           router_load=[0.1036783829331398, 0.6437846422195435, 0.12681321799755096, 0.12572379410266876]
[step 0750/1000] method=ours loss=0.1683 train_acc=0.9212 train_loss=0.2187 val_acc=0.9289 val_loss=0.2178 router_H=0.6190 best=0.9289
           router_load=[0.11246661841869354, 0.6792678833007812, 0.05496449023485184, 0.1533007025718689]
[step 0760/1000] method=ours loss=0.5436 train_acc=0.9212 train_loss=0.2187 val_acc=0.9289 val_loss=0.2178 router_H=0.6190 best=0.9289
           router_load=[0.11246661841869354, 0.6792678833007812, 0.05496449023485184, 0.1533007025718689]
[step 0770/1000] method=ours loss=0.1654 train_acc=0.9212 train_loss=0.2187 val_acc=0.9289 val_loss=0.2178 router_H=0.6190 best=0.9289
           router_load=[0.11246661841869354, 0.6792678833007812, 0.05496449023485184, 0.1533007025718689]
[step 0780/1000] method=ours loss=0.0738 train_acc=0.9212 train_loss=0.2187 val_acc=0.9289 val_loss=0.2178 router_H=0.6190 best=0.9289
           router_load=[0.11246661841869354, 0.6792678833007812, 0.05496449023485184, 0.1533007025718689]
[step 0790/1000] method=ours loss=0.4086 train_acc=0.9212 train_loss=0.2187 val_acc=0.9289 val_loss=0.2178 router_H=0.6190 best=0.9289
           router_load=[0.11246661841869354, 0.6792678833007812, 0.05496449023485184, 0.1533007025718689]
[step 0800/1000] method=ours loss=0.1679 train_acc=0.9215 train_loss=0.2076 val_acc=0.9312 val_loss=0.2257 router_H=0.6218 best=0.9312
           router_load=[0.12116511166095734, 0.672944962978363, 0.08809038251638412, 0.11779981106519699]
[step 0810/1000] method=ours loss=0.2293 train_acc=0.9215 train_loss=0.2076 val_acc=0.9312 val_loss=0.2257 router_H=0.6218 best=0.9312
           router_load=[0.12116511166095734, 0.672944962978363, 0.08809038251638412, 0.11779981106519699]
[step 0820/1000] method=ours loss=0.2379 train_acc=0.9215 train_loss=0.2076 val_acc=0.9312 val_loss=0.2257 router_H=0.6218 best=0.9312
           router_load=[0.12116511166095734, 0.672944962978363, 0.08809038251638412, 0.11779981106519699]
[step 0830/1000] method=ours loss=0.8567 train_acc=0.9215 train_loss=0.2076 val_acc=0.9312 val_loss=0.2257 router_H=0.6218 best=0.9312
           router_load=[0.12116511166095734, 0.672944962978363, 0.08809038251638412, 0.11779981106519699]
[step 0840/1000] method=ours loss=0.0331 train_acc=0.9215 train_loss=0.2076 val_acc=0.9312 val_loss=0.2257 router_H=0.6218 best=0.9312
           router_load=[0.12116511166095734, 0.672944962978363, 0.08809038251638412, 0.11779981106519699]
[step 0850/1000] method=ours loss=0.4970 train_acc=0.9169 train_loss=0.2358 val_acc=0.9358 val_loss=0.2179 router_H=0.6218 best=0.9358
           router_load=[0.12043464183807373, 0.6712585687637329, 0.13764987885951996, 0.0706569030880928]
[step 0860/1000] method=ours loss=0.2710 train_acc=0.9169 train_loss=0.2358 val_acc=0.9358 val_loss=0.2179 router_H=0.6218 best=0.9358
           router_load=[0.12043464183807373, 0.6712585687637329, 0.13764987885951996, 0.0706569030880928]
[step 0870/1000] method=ours loss=0.6415 train_acc=0.9169 train_loss=0.2358 val_acc=0.9358 val_loss=0.2179 router_H=0.6218 best=0.9358
           router_load=[0.12043464183807373, 0.6712585687637329, 0.13764987885951996, 0.0706569030880928]
[step 0880/1000] method=ours loss=0.3079 train_acc=0.9169 train_loss=0.2358 val_acc=0.9358 val_loss=0.2179 router_H=0.6218 best=0.9358
           router_load=[0.12043464183807373, 0.6712585687637329, 0.13764987885951996, 0.0706569030880928]
[step 0890/1000] method=ours loss=0.4163 train_acc=0.9169 train_loss=0.2358 val_acc=0.9358 val_loss=0.2179 router_H=0.6218 best=0.9358
           router_load=[0.12043464183807373, 0.6712585687637329, 0.13764987885951996, 0.0706569030880928]
[step 0900/1000] method=ours loss=0.1450 train_acc=0.9237 train_loss=0.1992 val_acc=0.9323 val_loss=0.1979 router_H=0.6257 best=0.9358
           router_load=[0.13411463797092438, 0.6702668070793152, 0.10998675227165222, 0.08563198894262314]
[step 0910/1000] method=ours loss=0.6117 train_acc=0.9237 train_loss=0.1992 val_acc=0.9323 val_loss=0.1979 router_H=0.6257 best=0.9358
           router_load=[0.13411463797092438, 0.6702668070793152, 0.10998675227165222, 0.08563198894262314]
[step 0920/1000] method=ours loss=0.2463 train_acc=0.9237 train_loss=0.1992 val_acc=0.9323 val_loss=0.1979 router_H=0.6257 best=0.9358
           router_load=[0.13411463797092438, 0.6702668070793152, 0.10998675227165222, 0.08563198894262314]
[step 0930/1000] method=ours loss=0.1091 train_acc=0.9237 train_loss=0.1992 val_acc=0.9323 val_loss=0.1979 router_H=0.6257 best=0.9358
           router_load=[0.13411463797092438, 0.6702668070793152, 0.10998675227165222, 0.08563198894262314]
[step 0940/1000] method=ours loss=0.3940 train_acc=0.9237 train_loss=0.1992 val_acc=0.9323 val_loss=0.1979 router_H=0.6257 best=0.9358
           router_load=[0.13411463797092438, 0.6702668070793152, 0.10998675227165222, 0.08563198894262314]
[step 0950/1000] method=ours loss=0.1365 train_acc=0.9232 train_loss=0.2059 val_acc=0.9243 val_loss=0.2056 router_H=0.6145 best=0.9358
           router_load=[0.10795912891626358, 0.6855429410934448, 0.10307375341653824, 0.1034240871667862]
[step 0960/1000] method=ours loss=0.5044 train_acc=0.9232 train_loss=0.2059 val_acc=0.9243 val_loss=0.2056 router_H=0.6145 best=0.9358
           router_load=[0.10795912891626358, 0.6855429410934448, 0.10307375341653824, 0.1034240871667862]
[step 0970/1000] method=ours loss=0.2136 train_acc=0.9232 train_loss=0.2059 val_acc=0.9243 val_loss=0.2056 router_H=0.6145 best=0.9358
           router_load=[0.10795912891626358, 0.6855429410934448, 0.10307375341653824, 0.1034240871667862]
[step 0980/1000] method=ours loss=0.1470 train_acc=0.9232 train_loss=0.2059 val_acc=0.9243 val_loss=0.2056 router_H=0.6145 best=0.9358
           router_load=[0.10795912891626358, 0.6855429410934448, 0.10307375341653824, 0.1034240871667862]
[step 0990/1000] method=ours loss=0.3510 train_acc=0.9232 train_loss=0.2059 val_acc=0.9243 val_loss=0.2056 router_H=0.6145 best=0.9358
           router_load=[0.10795912891626358, 0.6855429410934448, 0.10307375341653824, 0.1034240871667862]
[step 1000/1000] method=ours loss=0.1469 train_acc=0.9272 train_loss=0.2085 val_acc=0.9289 val_loss=0.2240 router_H=0.6253 best=0.9358
           router_load=[0.12011125683784485, 0.6693974137306213, 0.13906894624233246, 0.07142236083745956]
saved summary -> /home/zhujjing/MOE-grad-conflict-routing/runs/paper_suite/single_gpu/single_task/roberta_sst2_lora_e4_k2/final/ours_s5.json
saved curve -> /home/zhujjing/MOE-grad-conflict-routing/runs/paper_suite/single_gpu/single_task/roberta_sst2_lora_e4_k2/final/ours_s5_curve.csv
