[run] method=cagrad candidate=coord_04_method_baseline_cagrad_c_014 seed=2 steps=200 gpu=0
[run] cmd=
/root/miniconda3/envs/optimization/bin/python /root/Optimization/MOE-grad-conflict-routing/scripts/run.py --config configs/singletask_cola_real.yaml --set model.backbone_backend=hf --set model.hf_load_pretrained=true --set model.backbone=roberta --set model.hf_pretrained_name=roberta-base --set model.expert_type=lora --set model.routing_mode=topk --set model.num_experts=4 --set model.top_k=2 --set seed=2 --set method.name=baseline_cagrad --set train.steps=200 --set train.eval_every_steps=50 --set method.baseline_cagrad.c=0.365336098 --set method.baseline_cagrad.inner_lr=0.1 --set train.grad_clip=0.712672082 --set train.lr=9.799696332e-06 --set train.weight_decay=0.02884869601 --out /root/Optimization/MOE-grad-conflict-routing/runs/paper_suite_supplement/single_task_add_rerun/single_task/roberta_cola_lora_e4_k2/hpo/cagrad/trial_runs/coord_04_method_baseline_cagrad_c_014/cagrad_s2.json --curve_out /root/Optimization/MOE-grad-conflict-routing/runs/paper_suite_supplement/single_task_add_rerun/single_task/roberta_cola_lora_e4_k2/hpo/cagrad/trial_runs/coord_04_method_baseline_cagrad_c_014/cagrad_s2_curve.csv
Using the latest cached version of the dataset since glue couldn't be found on the Hugging Face Hub (offline mode is enabled).
Found the latest cached dataset configuration 'cola' at /root/.cache/huggingface/datasets/glue/cola/0.0.0/bcdcba79d07bc864c1c254ccfcedcce55bcc9a8c (last modified on Sun Mar 22 21:46:35 2026).
Loading weights:   0%|          | 0/197 [00:00<?, ?it/s]Loading weights: 100%|██████████| 197/197 [00:00<00:00, 3457.72it/s]
[1mRobertaModel LOAD REPORT[0m from: roberta-base
Key                             | Status     | 
--------------------------------+------------+-
lm_head.dense.bias              | UNEXPECTED | 
lm_head.layer_norm.weight       | UNEXPECTED | 
lm_head.layer_norm.bias         | UNEXPECTED | 
roberta.embeddings.position_ids | UNEXPECTED | 
lm_head.bias                    | UNEXPECTED | 
lm_head.dense.weight            | UNEXPECTED | 
pooler.dense.weight             | MISSING    | 
pooler.dense.bias               | MISSING    | 

[3mNotes:
- UNEXPECTED[3m	:can be ignored when loading from different task/architecture; not ok if you expect identical arch.
- MISSING[3m	:those params were newly initialized because missing from the checkpoint. Consider training on your downstream task.[0m
[step 0001/200] method=baseline_cagrad loss=0.7143 train_acc=nan train_loss=nan val_acc=nan val_loss=nan best=-1.0000
[step 0010/200] method=baseline_cagrad loss=0.5447 train_acc=nan train_loss=nan val_acc=nan val_loss=nan best=-1.0000
[step 0020/200] method=baseline_cagrad loss=0.6651 train_acc=nan train_loss=nan val_acc=nan val_loss=nan best=-1.0000
[step 0030/200] method=baseline_cagrad loss=0.5142 train_acc=nan train_loss=nan val_acc=nan val_loss=nan best=-1.0000
[step 0040/200] method=baseline_cagrad loss=0.4733 train_acc=nan train_loss=nan val_acc=nan val_loss=nan best=-1.0000
[step 0050/200] method=baseline_cagrad loss=0.5020 train_acc=0.7044 train_loss=0.5566 val_acc=0.6913 val_loss=0.5768 router_H=0.6888 best=0.6913
           router_load=[0.0, 0.5410347580909729, 0.0, 0.4589652717113495]
[step 0060/200] method=baseline_cagrad loss=0.5710 train_acc=0.7044 train_loss=0.5566 val_acc=0.6913 val_loss=0.5768 router_H=0.6888 best=0.6913
           router_load=[0.0, 0.5410347580909729, 0.0, 0.4589652717113495]
[step 0070/200] method=baseline_cagrad loss=0.5741 train_acc=0.7044 train_loss=0.5566 val_acc=0.6913 val_loss=0.5768 router_H=0.6888 best=0.6913
           router_load=[0.0, 0.5410347580909729, 0.0, 0.4589652717113495]
[step 0080/200] method=baseline_cagrad loss=0.5088 train_acc=0.7044 train_loss=0.5566 val_acc=0.6913 val_loss=0.5768 router_H=0.6888 best=0.6913
           router_load=[0.0, 0.5410347580909729, 0.0, 0.4589652717113495]
[step 0090/200] method=baseline_cagrad loss=0.5103 train_acc=0.7044 train_loss=0.5566 val_acc=0.6913 val_loss=0.5768 router_H=0.6888 best=0.6913
           router_load=[0.0, 0.5410347580909729, 0.0, 0.4589652717113495]
[step 0100/200] method=baseline_cagrad loss=0.5182 train_acc=0.7504 train_loss=0.5155 val_acc=0.7392 val_loss=0.5518 router_H=0.6866 best=0.7392
           router_load=[0.06658115237951279, 0.5414456129074097, 0.0, 0.3919733464717865]
[step 0110/200] method=baseline_cagrad loss=0.5197 train_acc=0.7504 train_loss=0.5155 val_acc=0.7392 val_loss=0.5518 router_H=0.6866 best=0.7392
           router_load=[0.06658115237951279, 0.5414456129074097, 0.0, 0.3919733464717865]
[step 0120/200] method=baseline_cagrad loss=0.5891 train_acc=0.7504 train_loss=0.5155 val_acc=0.7392 val_loss=0.5518 router_H=0.6866 best=0.7392
           router_load=[0.06658115237951279, 0.5414456129074097, 0.0, 0.3919733464717865]
[step 0130/200] method=baseline_cagrad loss=0.4141 train_acc=0.7504 train_loss=0.5155 val_acc=0.7392 val_loss=0.5518 router_H=0.6866 best=0.7392
           router_load=[0.06658115237951279, 0.5414456129074097, 0.0, 0.3919733464717865]
[step 0140/200] method=baseline_cagrad loss=0.4580 train_acc=0.7504 train_loss=0.5155 val_acc=0.7392 val_loss=0.5518 router_H=0.6866 best=0.7392
           router_load=[0.06658115237951279, 0.5414456129074097, 0.0, 0.3919733464717865]
[step 0150/200] method=baseline_cagrad loss=0.4559 train_acc=0.8215 train_loss=0.4147 val_acc=0.7919 val_loss=0.4735 router_H=0.6884 best=0.7919
           router_load=[0.0911274328827858, 0.5295202136039734, 0.0, 0.3793521523475647]
[step 0160/200] method=baseline_cagrad loss=0.3569 train_acc=0.8215 train_loss=0.4147 val_acc=0.7919 val_loss=0.4735 router_H=0.6884 best=0.7919
           router_load=[0.0911274328827858, 0.5295202136039734, 0.0, 0.3793521523475647]
[step 0170/200] method=baseline_cagrad loss=0.4873 train_acc=0.8215 train_loss=0.4147 val_acc=0.7919 val_loss=0.4735 router_H=0.6884 best=0.7919
           router_load=[0.0911274328827858, 0.5295202136039734, 0.0, 0.3793521523475647]
[step 0180/200] method=baseline_cagrad loss=0.4363 train_acc=0.8215 train_loss=0.4147 val_acc=0.7919 val_loss=0.4735 router_H=0.6884 best=0.7919
           router_load=[0.0911274328827858, 0.5295202136039734, 0.0, 0.3793521523475647]
[step 0190/200] method=baseline_cagrad loss=0.4112 train_acc=0.8215 train_loss=0.4147 val_acc=0.7919 val_loss=0.4735 router_H=0.6884 best=0.7919
           router_load=[0.0911274328827858, 0.5295202136039734, 0.0, 0.3793521523475647]
[step 0200/200] method=baseline_cagrad loss=0.7429 train_acc=0.7764 train_loss=0.5275 val_acc=0.7546 val_loss=0.6074 router_H=0.6876 best=0.7919
           router_load=[0.08322947472333908, 0.5340856909751892, 0.0, 0.3826850354671478]
saved summary -> /root/Optimization/MOE-grad-conflict-routing/runs/paper_suite_supplement/single_task_add_rerun/single_task/roberta_cola_lora_e4_k2/hpo/cagrad/trial_runs/coord_04_method_baseline_cagrad_c_014/cagrad_s2.json
saved curve -> /root/Optimization/MOE-grad-conflict-routing/runs/paper_suite_supplement/single_task_add_rerun/single_task/roberta_cola_lora_e4_k2/hpo/cagrad/trial_runs/coord_04_method_baseline_cagrad_c_014/cagrad_s2_curve.csv
