[run] method=cagrad candidate=coord_04_method_baseline_cagrad_c_014 seed=3 steps=200 gpu=0
[run] cmd=
/root/miniconda3/envs/optimization/bin/python /root/Optimization/MOE-grad-conflict-routing/scripts/run.py --config configs/singletask_cola_real.yaml --set model.backbone_backend=hf --set model.hf_load_pretrained=true --set model.backbone=roberta --set model.hf_pretrained_name=roberta-base --set model.expert_type=lora --set model.routing_mode=topk --set model.num_experts=4 --set model.top_k=2 --set seed=3 --set method.name=baseline_cagrad --set train.steps=200 --set train.eval_every_steps=50 --set method.baseline_cagrad.c=0.365336098 --set method.baseline_cagrad.inner_lr=0.1 --set train.grad_clip=0.712672082 --set train.lr=9.799696332e-06 --set train.weight_decay=0.02884869601 --out /root/Optimization/MOE-grad-conflict-routing/runs/paper_suite_supplement/single_task_add_rerun/single_task/roberta_cola_lora_e4_k2/hpo/cagrad/trial_runs/coord_04_method_baseline_cagrad_c_014/cagrad_s3.json --curve_out /root/Optimization/MOE-grad-conflict-routing/runs/paper_suite_supplement/single_task_add_rerun/single_task/roberta_cola_lora_e4_k2/hpo/cagrad/trial_runs/coord_04_method_baseline_cagrad_c_014/cagrad_s3_curve.csv
Using the latest cached version of the dataset since glue couldn't be found on the Hugging Face Hub (offline mode is enabled).
Found the latest cached dataset configuration 'cola' at /root/.cache/huggingface/datasets/glue/cola/0.0.0/bcdcba79d07bc864c1c254ccfcedcce55bcc9a8c (last modified on Sun Mar 22 21:46:35 2026).
Loading weights:   0%|          | 0/197 [00:00<?, ?it/s]Loading weights: 100%|██████████| 197/197 [00:00<00:00, 8848.36it/s]
[1mRobertaModel LOAD REPORT[0m from: roberta-base
Key                             | Status     | 
--------------------------------+------------+-
lm_head.layer_norm.weight       | UNEXPECTED | 
lm_head.dense.bias              | UNEXPECTED | 
lm_head.bias                    | UNEXPECTED | 
roberta.embeddings.position_ids | UNEXPECTED | 
lm_head.layer_norm.bias         | UNEXPECTED | 
lm_head.dense.weight            | UNEXPECTED | 
pooler.dense.weight             | MISSING    | 
pooler.dense.bias               | MISSING    | 

[3mNotes:
- UNEXPECTED[3m	:can be ignored when loading from different task/architecture; not ok if you expect identical arch.
- MISSING[3m	:those params were newly initialized because missing from the checkpoint. Consider training on your downstream task.[0m
[step 0001/200] method=baseline_cagrad loss=0.8037 train_acc=nan train_loss=nan val_acc=nan val_loss=nan best=-1.0000
[step 0010/200] method=baseline_cagrad loss=0.4434 train_acc=nan train_loss=nan val_acc=nan val_loss=nan best=-1.0000
[step 0020/200] method=baseline_cagrad loss=0.7851 train_acc=nan train_loss=nan val_acc=nan val_loss=nan best=-1.0000
[step 0030/200] method=baseline_cagrad loss=0.6395 train_acc=nan train_loss=nan val_acc=nan val_loss=nan best=-1.0000
[step 0040/200] method=baseline_cagrad loss=0.7283 train_acc=nan train_loss=nan val_acc=nan val_loss=nan best=-1.0000
[step 0050/200] method=baseline_cagrad loss=0.6553 train_acc=0.7044 train_loss=0.5818 val_acc=0.6913 val_loss=0.6041 router_H=0.6834 best=0.6913
           router_load=[0.5657104253768921, 0.03433186188340187, 0.0, 0.3999578356742859]
[step 0060/200] method=baseline_cagrad loss=0.5305 train_acc=0.7044 train_loss=0.5818 val_acc=0.6913 val_loss=0.6041 router_H=0.6834 best=0.6913
           router_load=[0.5657104253768921, 0.03433186188340187, 0.0, 0.3999578356742859]
[step 0070/200] method=baseline_cagrad loss=0.6111 train_acc=0.7044 train_loss=0.5818 val_acc=0.6913 val_loss=0.6041 router_H=0.6834 best=0.6913
           router_load=[0.5657104253768921, 0.03433186188340187, 0.0, 0.3999578356742859]
[step 0080/200] method=baseline_cagrad loss=0.4753 train_acc=0.7044 train_loss=0.5818 val_acc=0.6913 val_loss=0.6041 router_H=0.6834 best=0.6913
           router_load=[0.5657104253768921, 0.03433186188340187, 0.0, 0.3999578356742859]
[step 0090/200] method=baseline_cagrad loss=0.5472 train_acc=0.7044 train_loss=0.5818 val_acc=0.6913 val_loss=0.6041 router_H=0.6834 best=0.6913
           router_load=[0.5657104253768921, 0.03433186188340187, 0.0, 0.3999578356742859]
[step 0100/200] method=baseline_cagrad loss=0.5377 train_acc=0.7923 train_loss=0.4603 val_acc=0.7747 val_loss=0.5013 router_H=0.6827 best=0.7747
           router_load=[0.5630646347999573, 0.18110467493534088, 0.0, 0.25583064556121826]
[step 0110/200] method=baseline_cagrad loss=0.3862 train_acc=0.7923 train_loss=0.4603 val_acc=0.7747 val_loss=0.5013 router_H=0.6827 best=0.7747
           router_load=[0.5630646347999573, 0.18110467493534088, 0.0, 0.25583064556121826]
[step 0120/200] method=baseline_cagrad loss=0.5336 train_acc=0.7923 train_loss=0.4603 val_acc=0.7747 val_loss=0.5013 router_H=0.6827 best=0.7747
           router_load=[0.5630646347999573, 0.18110467493534088, 0.0, 0.25583064556121826]
[step 0130/200] method=baseline_cagrad loss=0.6519 train_acc=0.7923 train_loss=0.4603 val_acc=0.7747 val_loss=0.5013 router_H=0.6827 best=0.7747
           router_load=[0.5630646347999573, 0.18110467493534088, 0.0, 0.25583064556121826]
[step 0140/200] method=baseline_cagrad loss=0.6273 train_acc=0.7923 train_loss=0.4603 val_acc=0.7747 val_loss=0.5013 router_H=0.6827 best=0.7747
           router_load=[0.5630646347999573, 0.18110467493534088, 0.0, 0.25583064556121826]
[step 0150/200] method=baseline_cagrad loss=0.3215 train_acc=0.7607 train_loss=0.4639 val_acc=0.7421 val_loss=0.5178 router_H=0.6848 best=0.7747
           router_load=[0.549187958240509, 0.09581346064805984, 0.0, 0.3549986183643341]
[step 0160/200] method=baseline_cagrad loss=0.5444 train_acc=0.7607 train_loss=0.4639 val_acc=0.7421 val_loss=0.5178 router_H=0.6848 best=0.7747
           router_load=[0.549187958240509, 0.09581346064805984, 0.0, 0.3549986183643341]
[step 0170/200] method=baseline_cagrad loss=0.2721 train_acc=0.7607 train_loss=0.4639 val_acc=0.7421 val_loss=0.5178 router_H=0.6848 best=0.7747
           router_load=[0.549187958240509, 0.09581346064805984, 0.0, 0.3549986183643341]
[step 0180/200] method=baseline_cagrad loss=0.5788 train_acc=0.7607 train_loss=0.4639 val_acc=0.7421 val_loss=0.5178 router_H=0.6848 best=0.7747
           router_load=[0.549187958240509, 0.09581346064805984, 0.0, 0.3549986183643341]
[step 0190/200] method=baseline_cagrad loss=0.7264 train_acc=0.7607 train_loss=0.4639 val_acc=0.7421 val_loss=0.5178 router_H=0.6848 best=0.7747
           router_load=[0.549187958240509, 0.09581346064805984, 0.0, 0.3549986183643341]
[step 0200/200] method=baseline_cagrad loss=0.6325 train_acc=0.8277 train_loss=0.4067 val_acc=0.8054 val_loss=0.4792 router_H=0.6855 best=0.8054
           router_load=[0.54073566198349, 0.12789280712604523, 0.0003755528596229851, 0.3309961259365082]
saved summary -> /root/Optimization/MOE-grad-conflict-routing/runs/paper_suite_supplement/single_task_add_rerun/single_task/roberta_cola_lora_e4_k2/hpo/cagrad/trial_runs/coord_04_method_baseline_cagrad_c_014/cagrad_s3.json
saved curve -> /root/Optimization/MOE-grad-conflict-routing/runs/paper_suite_supplement/single_task_add_rerun/single_task/roberta_cola_lora_e4_k2/hpo/cagrad/trial_runs/coord_04_method_baseline_cagrad_c_014/cagrad_s3_curve.csv
