[run] method=ours candidate=coord_03_train_grad_clip_000 seed=3 steps=150 gpu=0
[run] cmd=
/home/zhujjing/anaconda3/envs/moe/bin/python /home/zhujjing/MOE-grad-conflict-routing/scripts/run.py --config configs/singletask_mrpc_real.yaml --set model.backbone_backend=hf --set model.hf_load_pretrained=true --set model.backbone=deberta --set model.hf_pretrained_name=microsoft/deberta-v3-base --set model.expert_type=ffn --set model.routing_mode=topk --set model.num_experts=4 --set model.top_k=2 --set seed=3 --set method.name=ours --set train.steps=150 --set train.eval_every_steps=50 --set method.ours.use_load_norm=true --set method.ours.lambda_align=0.001 --set train.grad_clip=1.516011677 --set train.lr=3.356481249e-05 --set train.weight_decay=0.04283921792 --out /home/zhujjing/MOE-grad-conflict-routing/runs/paper_suite/single_gpu/single_task/deberta_mrpc_ffn_e4_k2/hpo/ours/trial_runs/coord_03_train_grad_clip_000/ours_s3.json --curve_out /home/zhujjing/MOE-grad-conflict-routing/runs/paper_suite/single_gpu/single_task/deberta_mrpc_ffn_e4_k2/hpo/ours/trial_runs/coord_03_train_grad_clip_000/ours_s3_curve.csv
Using the latest cached version of the dataset since glue couldn't be found on the Hugging Face Hub (offline mode is enabled).
Found the latest cached dataset configuration 'mrpc' at /home/zhujjing/hf_cache/datasets/glue/mrpc/0.0.0/bcdcba79d07bc864c1c254ccfcedcce55bcc9a8c (last modified on Thu Mar 19 15:01:06 2026).
/home/zhujjing/anaconda3/envs/moe/lib/python3.10/site-packages/transformers/utils/hub.py:124: FutureWarning: Using `TRANSFORMERS_CACHE` is deprecated and will be removed in v5 of Transformers. Use `HF_HOME` instead.
  warnings.warn(
/home/zhujjing/anaconda3/envs/moe/lib/python3.10/site-packages/transformers/convert_slow_tokenizer.py:560: UserWarning: The sentencepiece tokenizer that you are converting to a fast tokenizer uses the byte fallback option which is not implemented in the fast tokenizers. In practice this means that the fast version of the tokenizer can produce unknown tokens whereas the sentencepiece version would have converted these unknown tokens into a sequence of byte tokens matching the original piece of text.
  warnings.warn(
[step 0001/150] method=ours loss=0.6828 train_acc=nan train_loss=nan val_acc=nan val_loss=nan best=-1.0000
[step 0010/150] method=ours loss=0.7094 train_acc=nan train_loss=nan val_acc=nan val_loss=nan best=-1.0000
[step 0020/150] method=ours loss=0.5885 train_acc=nan train_loss=nan val_acc=nan val_loss=nan best=-1.0000
[step 0030/150] method=ours loss=0.4312 train_acc=nan train_loss=nan val_acc=nan val_loss=nan best=-1.0000
[step 0040/150] method=ours loss=0.4653 train_acc=nan train_loss=nan val_acc=nan val_loss=nan best=-1.0000
[step 0050/150] method=ours loss=0.2902 train_acc=0.8043 train_loss=0.4137 val_acc=0.8015 val_loss=0.4202 router_H=0.2366 best=0.8015
           router_load=[0.004203833639621735, 0.9351481795310974, 0.050901010632514954, 0.009746953845024109]
[step 0060/150] method=ours loss=0.2921 train_acc=0.8043 train_loss=0.4137 val_acc=0.8015 val_loss=0.4202 router_H=0.2366 best=0.8015
           router_load=[0.004203833639621735, 0.9351481795310974, 0.050901010632514954, 0.009746953845024109]
[step 0070/150] method=ours loss=0.2972 train_acc=0.8043 train_loss=0.4137 val_acc=0.8015 val_loss=0.4202 router_H=0.2366 best=0.8015
           router_load=[0.004203833639621735, 0.9351481795310974, 0.050901010632514954, 0.009746953845024109]
[step 0080/150] method=ours loss=0.2704 train_acc=0.8043 train_loss=0.4137 val_acc=0.8015 val_loss=0.4202 router_H=0.2366 best=0.8015
           router_load=[0.004203833639621735, 0.9351481795310974, 0.050901010632514954, 0.009746953845024109]
[step 0090/150] method=ours loss=0.2801 train_acc=0.8043 train_loss=0.4137 val_acc=0.8015 val_loss=0.4202 router_H=0.2366 best=0.8015
           router_load=[0.004203833639621735, 0.9351481795310974, 0.050901010632514954, 0.009746953845024109]
[step 0100/150] method=ours loss=0.3144 train_acc=0.8852 train_loss=0.2815 val_acc=0.8848 val_loss=0.3040 router_H=0.2619 best=0.8848
           router_load=[0.0006424044258892536, 0.9253513813018799, 0.028873197734355927, 0.04513298720121384]
[step 0110/150] method=ours loss=0.6266 train_acc=0.8852 train_loss=0.2815 val_acc=0.8848 val_loss=0.3040 router_H=0.2619 best=0.8848
           router_load=[0.0006424044258892536, 0.9253513813018799, 0.028873197734355927, 0.04513298720121384]
[step 0120/150] method=ours loss=0.2995 train_acc=0.8852 train_loss=0.2815 val_acc=0.8848 val_loss=0.3040 router_H=0.2619 best=0.8848
           router_load=[0.0006424044258892536, 0.9253513813018799, 0.028873197734355927, 0.04513298720121384]
[step 0130/150] method=ours loss=0.2955 train_acc=0.8852 train_loss=0.2815 val_acc=0.8848 val_loss=0.3040 router_H=0.2619 best=0.8848
           router_load=[0.0006424044258892536, 0.9253513813018799, 0.028873197734355927, 0.04513298720121384]
[step 0140/150] method=ours loss=0.7719 train_acc=0.8852 train_loss=0.2815 val_acc=0.8848 val_loss=0.3040 router_H=0.2619 best=0.8848
           router_load=[0.0006424044258892536, 0.9253513813018799, 0.028873197734355927, 0.04513298720121384]
[step 0150/150] method=ours loss=0.2631 train_acc=0.9076 train_loss=0.2341 val_acc=0.8897 val_loss=0.2800 router_H=0.2086 best=0.8897
           router_load=[0.0031501927878707647, 0.9457406401634216, 0.01911943033337593, 0.031989485025405884]
saved summary -> /home/zhujjing/MOE-grad-conflict-routing/runs/paper_suite/single_gpu/single_task/deberta_mrpc_ffn_e4_k2/hpo/ours/trial_runs/coord_03_train_grad_clip_000/ours_s3.json
saved curve -> /home/zhujjing/MOE-grad-conflict-routing/runs/paper_suite/single_gpu/single_task/deberta_mrpc_ffn_e4_k2/hpo/ours/trial_runs/coord_03_train_grad_clip_000/ours_s3_curve.csv
