[run] method=ours candidate=coord_03_train_grad_clip_002 seed=3 steps=150 gpu=0
[run] cmd=
/home/zhujjing/anaconda3/envs/moe/bin/python /home/zhujjing/MOE-grad-conflict-routing/scripts/run.py --config configs/singletask_mrpc_real.yaml --set model.backbone_backend=hf --set model.hf_load_pretrained=true --set model.backbone=deberta --set model.hf_pretrained_name=microsoft/deberta-v3-base --set model.expert_type=ffn --set model.routing_mode=topk --set model.num_experts=4 --set model.top_k=2 --set seed=3 --set method.name=ours --set train.steps=150 --set train.eval_every_steps=50 --set method.ours.use_load_norm=true --set method.ours.lambda_align=0.001 --set train.grad_clip=0.651383293 --set train.lr=3.356481249e-05 --set train.weight_decay=0.04283921792 --out /home/zhujjing/MOE-grad-conflict-routing/runs/paper_suite/single_gpu/single_task/deberta_mrpc_ffn_e4_k2/hpo/ours/trial_runs/coord_03_train_grad_clip_002/ours_s3.json --curve_out /home/zhujjing/MOE-grad-conflict-routing/runs/paper_suite/single_gpu/single_task/deberta_mrpc_ffn_e4_k2/hpo/ours/trial_runs/coord_03_train_grad_clip_002/ours_s3_curve.csv
Using the latest cached version of the dataset since glue couldn't be found on the Hugging Face Hub (offline mode is enabled).
Found the latest cached dataset configuration 'mrpc' at /home/zhujjing/hf_cache/datasets/glue/mrpc/0.0.0/bcdcba79d07bc864c1c254ccfcedcce55bcc9a8c (last modified on Thu Mar 19 15:01:06 2026).
/home/zhujjing/anaconda3/envs/moe/lib/python3.10/site-packages/transformers/utils/hub.py:124: FutureWarning: Using `TRANSFORMERS_CACHE` is deprecated and will be removed in v5 of Transformers. Use `HF_HOME` instead.
  warnings.warn(
/home/zhujjing/anaconda3/envs/moe/lib/python3.10/site-packages/transformers/convert_slow_tokenizer.py:560: UserWarning: The sentencepiece tokenizer that you are converting to a fast tokenizer uses the byte fallback option which is not implemented in the fast tokenizers. In practice this means that the fast version of the tokenizer can produce unknown tokens whereas the sentencepiece version would have converted these unknown tokens into a sequence of byte tokens matching the original piece of text.
  warnings.warn(
[step 0001/150] method=ours loss=0.6965 train_acc=nan train_loss=nan val_acc=nan val_loss=nan best=-1.0000
[step 0010/150] method=ours loss=0.6872 train_acc=nan train_loss=nan val_acc=nan val_loss=nan best=-1.0000
[step 0020/150] method=ours loss=0.5713 train_acc=nan train_loss=nan val_acc=nan val_loss=nan best=-1.0000
[step 0030/150] method=ours loss=0.3961 train_acc=nan train_loss=nan val_acc=nan val_loss=nan best=-1.0000
[step 0040/150] method=ours loss=0.4810 train_acc=nan train_loss=nan val_acc=nan val_loss=nan best=-1.0000
[step 0050/150] method=ours loss=0.3462 train_acc=0.8089 train_loss=0.4116 val_acc=0.8039 val_loss=0.4061 router_H=0.6323 best=0.8039
           router_load=[0.5147088170051575, 0.0, 0.48489660024642944, 0.0003945720090996474]
[step 0060/150] method=ours loss=0.3775 train_acc=0.8089 train_loss=0.4116 val_acc=0.8039 val_loss=0.4061 router_H=0.6323 best=0.8039
           router_load=[0.5147088170051575, 0.0, 0.48489660024642944, 0.0003945720090996474]
[step 0070/150] method=ours loss=0.3301 train_acc=0.8089 train_loss=0.4116 val_acc=0.8039 val_loss=0.4061 router_H=0.6323 best=0.8039
           router_load=[0.5147088170051575, 0.0, 0.48489660024642944, 0.0003945720090996474]
[step 0080/150] method=ours loss=0.2634 train_acc=0.8089 train_loss=0.4116 val_acc=0.8039 val_loss=0.4061 router_H=0.6323 best=0.8039
           router_load=[0.5147088170051575, 0.0, 0.48489660024642944, 0.0003945720090996474]
[step 0090/150] method=ours loss=0.3074 train_acc=0.8089 train_loss=0.4116 val_acc=0.8039 val_loss=0.4061 router_H=0.6323 best=0.8039
           router_load=[0.5147088170051575, 0.0, 0.48489660024642944, 0.0003945720090996474]
[step 0100/150] method=ours loss=0.1990 train_acc=0.8975 train_loss=0.2602 val_acc=0.8897 val_loss=0.2864 router_H=0.4776 best=0.8897
           router_load=[0.6499963402748108, 0.0, 0.34893426299095154, 0.0010693134972825646]
[step 0110/150] method=ours loss=0.6958 train_acc=0.8975 train_loss=0.2602 val_acc=0.8897 val_loss=0.2864 router_H=0.4776 best=0.8897
           router_load=[0.6499963402748108, 0.0, 0.34893426299095154, 0.0010693134972825646]
[step 0120/150] method=ours loss=0.2428 train_acc=0.8975 train_loss=0.2602 val_acc=0.8897 val_loss=0.2864 router_H=0.4776 best=0.8897
           router_load=[0.6499963402748108, 0.0, 0.34893426299095154, 0.0010693134972825646]
[step 0130/150] method=ours loss=0.3409 train_acc=0.8975 train_loss=0.2602 val_acc=0.8897 val_loss=0.2864 router_H=0.4776 best=0.8897
           router_load=[0.6499963402748108, 0.0, 0.34893426299095154, 0.0010693134972825646]
[step 0140/150] method=ours loss=0.9940 train_acc=0.8975 train_loss=0.2602 val_acc=0.8897 val_loss=0.2864 router_H=0.4776 best=0.8897
           router_load=[0.6499963402748108, 0.0, 0.34893426299095154, 0.0010693134972825646]
[step 0150/150] method=ours loss=0.4681 train_acc=0.9059 train_loss=0.2511 val_acc=0.8701 val_loss=0.2947 router_H=0.5058 best=0.8897
           router_load=[0.662566602230072, 0.0, 0.3371272683143616, 0.0003061082388740033]
saved summary -> /home/zhujjing/MOE-grad-conflict-routing/runs/paper_suite/single_gpu/single_task/deberta_mrpc_ffn_e4_k2/hpo/ours/trial_runs/coord_03_train_grad_clip_002/ours_s3.json
saved curve -> /home/zhujjing/MOE-grad-conflict-routing/runs/paper_suite/single_gpu/single_task/deberta_mrpc_ffn_e4_k2/hpo/ours/trial_runs/coord_03_train_grad_clip_002/ours_s3_curve.csv
