[run] method=ours candidate=coord_03_train_grad_clip_006 seed=2 steps=150 gpu=0
[run] cmd=
/home/zhujjing/anaconda3/envs/moe/bin/python /home/zhujjing/MOE-grad-conflict-routing/scripts/run.py --config configs/singletask_mrpc_real.yaml --set model.backbone_backend=hf --set model.hf_load_pretrained=true --set model.backbone=deberta --set model.hf_pretrained_name=microsoft/deberta-v3-base --set model.expert_type=ffn --set model.routing_mode=topk --set model.num_experts=4 --set model.top_k=2 --set seed=2 --set method.name=ours --set train.steps=150 --set train.eval_every_steps=50 --set method.ours.use_load_norm=true --set method.ours.lambda_align=0.001 --set train.grad_clip=1.236374401 --set train.lr=3.356481249e-05 --set train.weight_decay=0.04283921792 --out /home/zhujjing/MOE-grad-conflict-routing/runs/paper_suite/single_gpu/single_task/deberta_mrpc_ffn_e4_k2/hpo/ours/trial_runs/coord_03_train_grad_clip_006/ours_s2.json --curve_out /home/zhujjing/MOE-grad-conflict-routing/runs/paper_suite/single_gpu/single_task/deberta_mrpc_ffn_e4_k2/hpo/ours/trial_runs/coord_03_train_grad_clip_006/ours_s2_curve.csv
Using the latest cached version of the dataset since glue couldn't be found on the Hugging Face Hub (offline mode is enabled).
Found the latest cached dataset configuration 'mrpc' at /home/zhujjing/hf_cache/datasets/glue/mrpc/0.0.0/bcdcba79d07bc864c1c254ccfcedcce55bcc9a8c (last modified on Thu Mar 19 15:01:06 2026).
/home/zhujjing/anaconda3/envs/moe/lib/python3.10/site-packages/transformers/utils/hub.py:124: FutureWarning: Using `TRANSFORMERS_CACHE` is deprecated and will be removed in v5 of Transformers. Use `HF_HOME` instead.
  warnings.warn(
/home/zhujjing/anaconda3/envs/moe/lib/python3.10/site-packages/transformers/convert_slow_tokenizer.py:560: UserWarning: The sentencepiece tokenizer that you are converting to a fast tokenizer uses the byte fallback option which is not implemented in the fast tokenizers. In practice this means that the fast version of the tokenizer can produce unknown tokens whereas the sentencepiece version would have converted these unknown tokens into a sequence of byte tokens matching the original piece of text.
  warnings.warn(
[step 0001/150] method=ours loss=0.7260 train_acc=nan train_loss=nan val_acc=nan val_loss=nan best=-1.0000
[step 0010/150] method=ours loss=0.6262 train_acc=nan train_loss=nan val_acc=nan val_loss=nan best=-1.0000
[step 0020/150] method=ours loss=0.6599 train_acc=nan train_loss=nan val_acc=nan val_loss=nan best=-1.0000
[step 0030/150] method=ours loss=0.5101 train_acc=nan train_loss=nan val_acc=nan val_loss=nan best=-1.0000
[step 0040/150] method=ours loss=0.4746 train_acc=nan train_loss=nan val_acc=nan val_loss=nan best=-1.0000
[step 0050/150] method=ours loss=0.5025 train_acc=0.7576 train_loss=0.4915 val_acc=0.7353 val_loss=0.5011 router_H=0.6850 best=0.7353
           router_load=[0.0, 0.48590466380119324, 0.04558133706450462, 0.46851396560668945]
[step 0060/150] method=ours loss=0.4703 train_acc=0.7576 train_loss=0.4915 val_acc=0.7353 val_loss=0.5011 router_H=0.6850 best=0.7353
           router_load=[0.0, 0.48590466380119324, 0.04558133706450462, 0.46851396560668945]
[step 0070/150] method=ours loss=0.4054 train_acc=0.7576 train_loss=0.4915 val_acc=0.7353 val_loss=0.5011 router_H=0.6850 best=0.7353
           router_load=[0.0, 0.48590466380119324, 0.04558133706450462, 0.46851396560668945]
[step 0080/150] method=ours loss=0.4594 train_acc=0.7576 train_loss=0.4915 val_acc=0.7353 val_loss=0.5011 router_H=0.6850 best=0.7353
           router_load=[0.0, 0.48590466380119324, 0.04558133706450462, 0.46851396560668945]
[step 0090/150] method=ours loss=0.4245 train_acc=0.7576 train_loss=0.4915 val_acc=0.7353 val_loss=0.5011 router_H=0.6850 best=0.7353
           router_load=[0.0, 0.48590466380119324, 0.04558133706450462, 0.46851396560668945]
[step 0100/150] method=ours loss=0.3235 train_acc=0.8588 train_loss=0.3351 val_acc=0.8333 val_loss=0.3637 router_H=0.2347 best=0.8333
           router_load=[0.021734431385993958, 0.021578364074230194, 0.04322246089577675, 0.9134647846221924]
[step 0110/150] method=ours loss=0.3085 train_acc=0.8588 train_loss=0.3351 val_acc=0.8333 val_loss=0.3637 router_H=0.2347 best=0.8333
           router_load=[0.021734431385993958, 0.021578364074230194, 0.04322246089577675, 0.9134647846221924]
[step 0120/150] method=ours loss=0.2864 train_acc=0.8588 train_loss=0.3351 val_acc=0.8333 val_loss=0.3637 router_H=0.2347 best=0.8333
           router_load=[0.021734431385993958, 0.021578364074230194, 0.04322246089577675, 0.9134647846221924]
[step 0130/150] method=ours loss=0.3568 train_acc=0.8588 train_loss=0.3351 val_acc=0.8333 val_loss=0.3637 router_H=0.2347 best=0.8333
           router_load=[0.021734431385993958, 0.021578364074230194, 0.04322246089577675, 0.9134647846221924]
[step 0140/150] method=ours loss=0.3724 train_acc=0.8588 train_loss=0.3351 val_acc=0.8333 val_loss=0.3637 router_H=0.2347 best=0.8333
           router_load=[0.021734431385993958, 0.021578364074230194, 0.04322246089577675, 0.9134647846221924]
[step 0150/150] method=ours loss=0.6479 train_acc=0.8678 train_loss=0.3151 val_acc=0.8284 val_loss=0.3852 router_H=0.2910 best=0.8333
           router_load=[0.02377006970345974, 0.06527348607778549, 0.028619106858968735, 0.8823373913764954]
saved summary -> /home/zhujjing/MOE-grad-conflict-routing/runs/paper_suite/single_gpu/single_task/deberta_mrpc_ffn_e4_k2/hpo/ours/trial_runs/coord_03_train_grad_clip_006/ours_s2.json
saved curve -> /home/zhujjing/MOE-grad-conflict-routing/runs/paper_suite/single_gpu/single_task/deberta_mrpc_ffn_e4_k2/hpo/ours/trial_runs/coord_03_train_grad_clip_006/ours_s2_curve.csv
