[run] method=cagrad candidate=coord_01_anchor seed=3 steps=150 gpu=0
[run] cmd=
/home/zhujjing/anaconda3/envs/moe/bin/python /home/zhujjing/MOE-grad-conflict-routing/scripts/run.py --config configs/singletask_mrpc_real.yaml --set model.backbone_backend=hf --set model.hf_load_pretrained=true --set model.hf_local_files_only=true --set model.backbone=roberta --set model.hf_pretrained_name=roberta-base --set model.expert_type=lora --set model.routing_mode=topk --set model.num_experts=4 --set model.top_k=2 --set seed=3 --set method.name=baseline_cagrad --set train.steps=150 --set train.eval_every_steps=50 --set method.baseline_cagrad.c=0.4 --set method.baseline_cagrad.inner_lr=0.1 --set train.grad_clip=1 --set train.lr=2e-05 --set train.weight_decay=0.01 --out /home/zhujjing/MOE-grad-conflict-routing/runs/paper_suite/single_gpu/single_task/roberta_mrpc_lora_e4_k2_supplement/hpo/cagrad/trial_runs/coord_01_anchor/cagrad_s3.json --curve_out /home/zhujjing/MOE-grad-conflict-routing/runs/paper_suite/single_gpu/single_task/roberta_mrpc_lora_e4_k2_supplement/hpo/cagrad/trial_runs/coord_01_anchor/cagrad_s3_curve.csv
Using the latest cached version of the dataset since glue couldn't be found on the Hugging Face Hub (offline mode is enabled).
Found the latest cached dataset configuration 'mrpc' at /home/zhujjing/hf_cache/datasets/glue/mrpc/0.0.0/bcdcba79d07bc864c1c254ccfcedcce55bcc9a8c (last modified on Thu Mar 19 15:01:06 2026).
/home/zhujjing/anaconda3/envs/moe/lib/python3.10/site-packages/transformers/utils/hub.py:124: FutureWarning: Using `TRANSFORMERS_CACHE` is deprecated and will be removed in v5 of Transformers. Use `HF_HOME` instead.
  warnings.warn(
Some weights of RobertaModel were not initialized from the model checkpoint at roberta-base and are newly initialized: ['roberta.pooler.dense.bias', 'roberta.pooler.dense.weight']
You should probably TRAIN this model on a down-stream task to be able to use it for predictions and inference.
[step 0001/150] method=baseline_cagrad loss=0.6609 train_acc=nan train_loss=nan val_acc=nan val_loss=nan best=-1.0000
[step 0010/150] method=baseline_cagrad loss=0.7528 train_acc=nan train_loss=nan val_acc=nan val_loss=nan best=-1.0000
[step 0020/150] method=baseline_cagrad loss=0.6121 train_acc=nan train_loss=nan val_acc=nan val_loss=nan best=-1.0000
[step 0030/150] method=baseline_cagrad loss=0.5735 train_acc=nan train_loss=nan val_acc=nan val_loss=nan best=-1.0000
[step 0040/150] method=baseline_cagrad loss=0.6220 train_acc=nan train_loss=nan val_acc=nan val_loss=nan best=-1.0000
[step 0050/150] method=baseline_cagrad loss=0.4128 train_acc=0.7772 train_loss=0.4276 val_acc=0.7868 val_loss=0.4465 router_H=0.6870 best=0.7868
           router_load=[0.4630039930343628, 0.0, 0.4746265709400177, 0.06236943602561951]
[step 0060/150] method=baseline_cagrad loss=0.4441 train_acc=0.7772 train_loss=0.4276 val_acc=0.7868 val_loss=0.4465 router_H=0.6870 best=0.7868
           router_load=[0.4630039930343628, 0.0, 0.4746265709400177, 0.06236943602561951]
[step 0070/150] method=baseline_cagrad loss=0.3046 train_acc=0.7772 train_loss=0.4276 val_acc=0.7868 val_loss=0.4465 router_H=0.6870 best=0.7868
           router_load=[0.4630039930343628, 0.0, 0.4746265709400177, 0.06236943602561951]
[step 0080/150] method=baseline_cagrad loss=0.3973 train_acc=0.7772 train_loss=0.4276 val_acc=0.7868 val_loss=0.4465 router_H=0.6870 best=0.7868
           router_load=[0.4630039930343628, 0.0, 0.4746265709400177, 0.06236943602561951]
[step 0090/150] method=baseline_cagrad loss=0.5413 train_acc=0.7772 train_loss=0.4276 val_acc=0.7868 val_loss=0.4465 router_H=0.6870 best=0.7868
           router_load=[0.4630039930343628, 0.0, 0.4746265709400177, 0.06236943602561951]
[step 0100/150] method=baseline_cagrad loss=0.5263 train_acc=0.8397 train_loss=0.3567 val_acc=0.8186 val_loss=0.3700 router_H=0.6860 best=0.8186
           router_load=[0.47683286666870117, 0.0009934171102941036, 0.41366046667099, 0.1085132509469986]
[step 0110/150] method=baseline_cagrad loss=0.4646 train_acc=0.8397 train_loss=0.3567 val_acc=0.8186 val_loss=0.3700 router_H=0.6860 best=0.8186
           router_load=[0.47683286666870117, 0.0009934171102941036, 0.41366046667099, 0.1085132509469986]
[step 0120/150] method=baseline_cagrad loss=0.3538 train_acc=0.8397 train_loss=0.3567 val_acc=0.8186 val_loss=0.3700 router_H=0.6860 best=0.8186
           router_load=[0.47683286666870117, 0.0009934171102941036, 0.41366046667099, 0.1085132509469986]
[step 0130/150] method=baseline_cagrad loss=0.2525 train_acc=0.8397 train_loss=0.3567 val_acc=0.8186 val_loss=0.3700 router_H=0.6860 best=0.8186
           router_load=[0.47683286666870117, 0.0009934171102941036, 0.41366046667099, 0.1085132509469986]
[step 0140/150] method=baseline_cagrad loss=0.5508 train_acc=0.8397 train_loss=0.3567 val_acc=0.8186 val_loss=0.3700 router_H=0.6860 best=0.8186
           router_load=[0.47683286666870117, 0.0009934171102941036, 0.41366046667099, 0.1085132509469986]
[step 0150/150] method=baseline_cagrad loss=0.4743 train_acc=0.8777 train_loss=0.3241 val_acc=0.8627 val_loss=0.3486 router_H=0.6895 best=0.8627
           router_load=[0.47749319672584534, 0.0, 0.5214691758155823, 0.0010376545833423734]
saved summary -> /home/zhujjing/MOE-grad-conflict-routing/runs/paper_suite/single_gpu/single_task/roberta_mrpc_lora_e4_k2_supplement/hpo/cagrad/trial_runs/coord_01_anchor/cagrad_s3.json
saved curve -> /home/zhujjing/MOE-grad-conflict-routing/runs/paper_suite/single_gpu/single_task/roberta_mrpc_lora_e4_k2_supplement/hpo/cagrad/trial_runs/coord_01_anchor/cagrad_s3_curve.csv
