[run] method=ours candidate=local_var_topk_080 seed=2 steps=200 gpu=0
[run] cmd=
/root/miniconda3/envs/optimization/bin/python /root/Optimization/MOE-grad-conflict-routing/scripts/run.py --config configs/singletask_cola_real.yaml --set model.backbone_backend=hf --set model.hf_load_pretrained=true --set model.backbone=roberta --set model.hf_pretrained_name=roberta-base --set model.expert_type=lora --set model.routing_mode=topk --set model.num_experts=4 --set model.top_k=2 --set seed=2 --set method.name=ours --set train.steps=200 --set train.eval_every_steps=50 --set method.ours.use_load_norm=true --set method.ours.lambda_align=0.000908503515 --set train.grad_clip=1.373694291 --set train.lr=3.1905084e-05 --set train.weight_decay=0.03141233927 --out /root/Optimization/MOE-grad-conflict-routing/runs/paper_suite_supplement/single_task_add_rerun/single_task/roberta_cola_lora_e4_k2/hpo/ours/trial_runs/local_var_topk_080/ours_s2.json --curve_out /root/Optimization/MOE-grad-conflict-routing/runs/paper_suite_supplement/single_task_add_rerun/single_task/roberta_cola_lora_e4_k2/hpo/ours/trial_runs/local_var_topk_080/ours_s2_curve.csv
Using the latest cached version of the dataset since glue couldn't be found on the Hugging Face Hub (offline mode is enabled).
Found the latest cached dataset configuration 'cola' at /root/.cache/huggingface/datasets/glue/cola/0.0.0/bcdcba79d07bc864c1c254ccfcedcce55bcc9a8c (last modified on Mon Mar 23 09:28:48 2026).
Loading weights:   0%|          | 0/197 [00:00<?, ?it/s]Loading weights: 100%|██████████| 197/197 [00:00<00:00, 9646.69it/s]
[1mRobertaModel LOAD REPORT[0m from: roberta-base
Key                             | Status     | 
--------------------------------+------------+-
roberta.embeddings.position_ids | UNEXPECTED | 
lm_head.layer_norm.bias         | UNEXPECTED | 
lm_head.bias                    | UNEXPECTED | 
lm_head.dense.bias              | UNEXPECTED | 
lm_head.dense.weight            | UNEXPECTED | 
lm_head.layer_norm.weight       | UNEXPECTED | 
pooler.dense.weight             | MISSING    | 
pooler.dense.bias               | MISSING    | 

[3mNotes:
- UNEXPECTED[3m	:can be ignored when loading from different task/architecture; not ok if you expect identical arch.
- MISSING[3m	:those params were newly initialized because missing from the checkpoint. Consider training on your downstream task.[0m
[step 0001/200] method=ours loss=0.6958 train_acc=nan train_loss=nan val_acc=nan val_loss=nan best=-1.0000
[step 0010/200] method=ours loss=0.5505 train_acc=nan train_loss=nan val_acc=nan val_loss=nan best=-1.0000
[step 0020/200] method=ours loss=0.7259 train_acc=nan train_loss=nan val_acc=nan val_loss=nan best=-1.0000
[step 0030/200] method=ours loss=0.5967 train_acc=nan train_loss=nan val_acc=nan val_loss=nan best=-1.0000
[step 0040/200] method=ours loss=0.4296 train_acc=nan train_loss=nan val_acc=nan val_loss=nan best=-1.0000
[step 0050/200] method=ours loss=0.4709 train_acc=0.7307 train_loss=0.4979 val_acc=0.7018 val_loss=0.5254 router_H=0.6920 best=0.7018
           router_load=[0.5022165775299072, 0.0008841423550620675, 0.0008797491318546236, 0.49601948261260986]
[step 0060/200] method=ours loss=0.4780 train_acc=0.7307 train_loss=0.4979 val_acc=0.7018 val_loss=0.5254 router_H=0.6920 best=0.7018
           router_load=[0.5022165775299072, 0.0008841423550620675, 0.0008797491318546236, 0.49601948261260986]
[step 0070/200] method=ours loss=0.4964 train_acc=0.7307 train_loss=0.4979 val_acc=0.7018 val_loss=0.5254 router_H=0.6920 best=0.7018
           router_load=[0.5022165775299072, 0.0008841423550620675, 0.0008797491318546236, 0.49601948261260986]
[step 0080/200] method=ours loss=0.6716 train_acc=0.7307 train_loss=0.4979 val_acc=0.7018 val_loss=0.5254 router_H=0.6920 best=0.7018
           router_load=[0.5022165775299072, 0.0008841423550620675, 0.0008797491318546236, 0.49601948261260986]
[step 0090/200] method=ours loss=0.6359 train_acc=0.7307 train_loss=0.4979 val_acc=0.7018 val_loss=0.5254 router_H=0.6920 best=0.7018
           router_load=[0.5022165775299072, 0.0008841423550620675, 0.0008797491318546236, 0.49601948261260986]
[step 0100/200] method=ours loss=0.4396 train_acc=0.8029 train_loss=0.4438 val_acc=0.7939 val_loss=0.5013 router_H=0.6883 best=0.7939
           router_load=[0.5295710563659668, 0.01815723069012165, 0.01676695980131626, 0.4355047643184662]
[step 0110/200] method=ours loss=0.7746 train_acc=0.8029 train_loss=0.4438 val_acc=0.7939 val_loss=0.5013 router_H=0.6883 best=0.7939
           router_load=[0.5295710563659668, 0.01815723069012165, 0.01676695980131626, 0.4355047643184662]
[step 0120/200] method=ours loss=0.5484 train_acc=0.8029 train_loss=0.4438 val_acc=0.7939 val_loss=0.5013 router_H=0.6883 best=0.7939
           router_load=[0.5295710563659668, 0.01815723069012165, 0.01676695980131626, 0.4355047643184662]
[step 0130/200] method=ours loss=0.4030 train_acc=0.8029 train_loss=0.4438 val_acc=0.7939 val_loss=0.5013 router_H=0.6883 best=0.7939
           router_load=[0.5295710563659668, 0.01815723069012165, 0.01676695980131626, 0.4355047643184662]
[step 0140/200] method=ours loss=0.4785 train_acc=0.8029 train_loss=0.4438 val_acc=0.7939 val_loss=0.5013 router_H=0.6883 best=0.7939
           router_load=[0.5295710563659668, 0.01815723069012165, 0.01676695980131626, 0.4355047643184662]
[step 0150/200] method=ours loss=0.6779 train_acc=0.8178 train_loss=0.4102 val_acc=0.7795 val_loss=0.4763 router_H=0.6904 best=0.7939
           router_load=[0.5055928826332092, 0.02046370692551136, 0.0008382052183151245, 0.473105251789093]
[step 0160/200] method=ours loss=0.3821 train_acc=0.8178 train_loss=0.4102 val_acc=0.7795 val_loss=0.4763 router_H=0.6904 best=0.7939
           router_load=[0.5055928826332092, 0.02046370692551136, 0.0008382052183151245, 0.473105251789093]
[step 0170/200] method=ours loss=0.4686 train_acc=0.8178 train_loss=0.4102 val_acc=0.7795 val_loss=0.4763 router_H=0.6904 best=0.7939
           router_load=[0.5055928826332092, 0.02046370692551136, 0.0008382052183151245, 0.473105251789093]
[step 0180/200] method=ours loss=0.6248 train_acc=0.8178 train_loss=0.4102 val_acc=0.7795 val_loss=0.4763 router_H=0.6904 best=0.7939
           router_load=[0.5055928826332092, 0.02046370692551136, 0.0008382052183151245, 0.473105251789093]
[step 0190/200] method=ours loss=0.4848 train_acc=0.8178 train_loss=0.4102 val_acc=0.7795 val_loss=0.4763 router_H=0.6904 best=0.7939
           router_load=[0.5055928826332092, 0.02046370692551136, 0.0008382052183151245, 0.473105251789093]
[step 0200/200] method=ours loss=0.7692 train_acc=0.7654 train_loss=0.5245 val_acc=0.7287 val_loss=0.6498 router_H=0.6902 best=0.7939
           router_load=[0.5131575465202332, 0.014899997971951962, 0.000796089821960777, 0.47114622592926025]
saved summary -> /root/Optimization/MOE-grad-conflict-routing/runs/paper_suite_supplement/single_task_add_rerun/single_task/roberta_cola_lora_e4_k2/hpo/ours/trial_runs/local_var_topk_080/ours_s2.json
saved curve -> /root/Optimization/MOE-grad-conflict-routing/runs/paper_suite_supplement/single_task_add_rerun/single_task/roberta_cola_lora_e4_k2/hpo/ours/trial_runs/local_var_topk_080/ours_s2_curve.csv
