[run] method=ours candidate=local_var_topk_007 seed=3 steps=200 gpu=0
[run] cmd=
/root/miniconda3/envs/optimization/bin/python /root/Optimization/MOE-grad-conflict-routing/scripts/run.py --config configs/singletask_cola_real.yaml --set train.eval_train_fraction=0.1 --set model.backbone_backend=hf --set model.hf_load_pretrained=true --set model.hf_local_files_only=true --set model.backbone=roberta --set model.hf_pretrained_name=roberta-base --set model.expert_type=lora --set model.routing_mode=topk --set model.num_experts=4 --set model.top_k=2 --set seed=3 --set method.name=ours --set train.steps=200 --set train.eval_every_steps=100 --set method.ours.use_load_norm=true --set method.ours.lambda_align=0.00037390852 --set train.grad_clip=1.108977408 --set train.lr=1e-05 --set train.weight_decay=0.02569929632 --out /root/Optimization/MOE-grad-conflict-routing/runs/paper_suite_supplement/single_task_add_rerun/single_task/roberta_cola_lora_e4_k2/hpo/ours/trial_runs/local_var_topk_007/ours_s3.json --curve_out /root/Optimization/MOE-grad-conflict-routing/runs/paper_suite_supplement/single_task_add_rerun/single_task/roberta_cola_lora_e4_k2/hpo/ours/trial_runs/local_var_topk_007/ours_s3_curve.csv
Using the latest cached version of the dataset since glue couldn't be found on the Hugging Face Hub (offline mode is enabled).
Found the latest cached dataset configuration 'cola' at /root/.cache/huggingface/datasets/glue/cola/0.0.0/bcdcba79d07bc864c1c254ccfcedcce55bcc9a8c (last modified on Thu Mar 26 23:46:11 2026).
Loading weights:   0%|          | 0/197 [00:00<?, ?it/s]Loading weights: 100%|██████████| 197/197 [00:00<00:00, 5695.91it/s]
[1mRobertaModel LOAD REPORT[0m from: roberta-base
Key                             | Status     | 
--------------------------------+------------+-
lm_head.layer_norm.weight       | UNEXPECTED | 
lm_head.dense.bias              | UNEXPECTED | 
lm_head.layer_norm.bias         | UNEXPECTED | 
lm_head.bias                    | UNEXPECTED | 
roberta.embeddings.position_ids | UNEXPECTED | 
lm_head.dense.weight            | UNEXPECTED | 
pooler.dense.weight             | MISSING    | 
pooler.dense.bias               | MISSING    | 

[3mNotes:
- UNEXPECTED[3m	:can be ignored when loading from different task/architecture; not ok if you expect identical arch.
- MISSING[3m	:those params were newly initialized because missing from the checkpoint. Consider training on your downstream task.[0m
[step 0001/200] method=ours loss=0.5500 train_acc=nan train_loss=nan val_acc=nan val_loss=nan best=-1.0000
[step 0010/200] method=ours loss=0.4422 train_acc=nan train_loss=nan val_acc=nan val_loss=nan best=-1.0000
[step 0020/200] method=ours loss=0.7312 train_acc=nan train_loss=nan val_acc=nan val_loss=nan best=-1.0000
[step 0030/200] method=ours loss=0.6791 train_acc=nan train_loss=nan val_acc=nan val_loss=nan best=-1.0000
[step 0040/200] method=ours loss=0.7084 train_acc=nan train_loss=nan val_acc=nan val_loss=nan best=-1.0000
[step 0050/200] method=ours loss=0.6481 train_acc=nan train_loss=nan val_acc=nan val_loss=nan best=-1.0000
[step 0060/200] method=ours loss=0.5095 train_acc=nan train_loss=nan val_acc=nan val_loss=nan best=-1.0000
[step 0070/200] method=ours loss=0.5908 train_acc=nan train_loss=nan val_acc=nan val_loss=nan best=-1.0000
[step 0080/200] method=ours loss=0.5079 train_acc=nan train_loss=nan val_acc=nan val_loss=nan best=-1.0000
[step 0090/200] method=ours loss=0.5511 train_acc=nan train_loss=nan val_acc=nan val_loss=nan best=-1.0000
[step 0100/200] method=ours loss=0.5382 train_acc=0.7859 train_loss=0.4621 val_acc=0.7574 val_loss=0.5063 router_H=0.6628 best=0.7574
           router_load=[0.17855268716812134, 0.04884688928723335, 0.6153905987739563, 0.1572098582983017]
[step 0110/200] method=ours loss=0.5047 train_acc=0.7859 train_loss=0.4621 val_acc=0.7574 val_loss=0.5063 router_H=0.6628 best=0.7574
           router_load=[0.17855268716812134, 0.04884688928723335, 0.6153905987739563, 0.1572098582983017]
[step 0120/200] method=ours loss=0.5369 train_acc=0.7859 train_loss=0.4621 val_acc=0.7574 val_loss=0.5063 router_H=0.6628 best=0.7574
           router_load=[0.17855268716812134, 0.04884688928723335, 0.6153905987739563, 0.1572098582983017]
[step 0130/200] method=ours loss=0.6493 train_acc=0.7859 train_loss=0.4621 val_acc=0.7574 val_loss=0.5063 router_H=0.6628 best=0.7574
           router_load=[0.17855268716812134, 0.04884688928723335, 0.6153905987739563, 0.1572098582983017]
[step 0140/200] method=ours loss=0.6521 train_acc=0.7859 train_loss=0.4621 val_acc=0.7574 val_loss=0.5063 router_H=0.6628 best=0.7574
           router_load=[0.17855268716812134, 0.04884688928723335, 0.6153905987739563, 0.1572098582983017]
[step 0150/200] method=ours loss=0.3732 train_acc=0.7859 train_loss=0.4621 val_acc=0.7574 val_loss=0.5063 router_H=0.6628 best=0.7574
           router_load=[0.17855268716812134, 0.04884688928723335, 0.6153905987739563, 0.1572098582983017]
[step 0160/200] method=ours loss=0.4673 train_acc=0.7859 train_loss=0.4621 val_acc=0.7574 val_loss=0.5063 router_H=0.6628 best=0.7574
           router_load=[0.17855268716812134, 0.04884688928723335, 0.6153905987739563, 0.1572098582983017]
[step 0170/200] method=ours loss=0.2903 train_acc=0.7859 train_loss=0.4621 val_acc=0.7574 val_loss=0.5063 router_H=0.6628 best=0.7574
           router_load=[0.17855268716812134, 0.04884688928723335, 0.6153905987739563, 0.1572098582983017]
[step 0180/200] method=ours loss=0.4939 train_acc=0.7859 train_loss=0.4621 val_acc=0.7574 val_loss=0.5063 router_H=0.6628 best=0.7574
           router_load=[0.17855268716812134, 0.04884688928723335, 0.6153905987739563, 0.1572098582983017]
[step 0190/200] method=ours loss=0.6578 train_acc=0.7859 train_loss=0.4621 val_acc=0.7574 val_loss=0.5063 router_H=0.6628 best=0.7574
           router_load=[0.17855268716812134, 0.04884688928723335, 0.6153905987739563, 0.1572098582983017]
[step 0200/200] method=ours loss=0.5664 train_acc=0.8206 train_loss=0.4035 val_acc=0.7958 val_loss=0.4569 router_H=0.6674 best=0.7958
           router_load=[0.14440153539180756, 0.03912022337317467, 0.586259126663208, 0.2302192598581314]
saved summary -> /root/Optimization/MOE-grad-conflict-routing/runs/paper_suite_supplement/single_task_add_rerun/single_task/roberta_cola_lora_e4_k2/hpo/ours/trial_runs/local_var_topk_007/ours_s3.json
saved curve -> /root/Optimization/MOE-grad-conflict-routing/runs/paper_suite_supplement/single_task_add_rerun/single_task/roberta_cola_lora_e4_k2/hpo/ours/trial_runs/local_var_topk_007/ours_s3_curve.csv
