[run] method=ours candidate=local_var_topk_034 seed=3 steps=200 gpu=0
[run] cmd=
/root/miniconda3/envs/optimization/bin/python /root/Optimization/MOE-grad-conflict-routing/scripts/run.py --config configs/singletask_cola_real.yaml --set model.backbone_backend=hf --set model.hf_load_pretrained=true --set model.backbone=roberta --set model.hf_pretrained_name=roberta-base --set model.expert_type=lora --set model.routing_mode=topk --set model.num_experts=4 --set model.top_k=2 --set seed=3 --set method.name=ours --set train.steps=200 --set train.eval_every_steps=50 --set method.ours.use_load_norm=true --set method.ours.lambda_align=0.000227125879 --set train.grad_clip=1.073694291 --set train.lr=1.5952542e-05 --set train.weight_decay=0.03141233927 --out /root/Optimization/MOE-grad-conflict-routing/runs/paper_suite_supplement/single_task_add_rerun/single_task/roberta_cola_lora_e4_k2/hpo/ours/trial_runs/local_var_topk_034/ours_s3.json --curve_out /root/Optimization/MOE-grad-conflict-routing/runs/paper_suite_supplement/single_task_add_rerun/single_task/roberta_cola_lora_e4_k2/hpo/ours/trial_runs/local_var_topk_034/ours_s3_curve.csv
Using the latest cached version of the dataset since glue couldn't be found on the Hugging Face Hub (offline mode is enabled).
Found the latest cached dataset configuration 'cola' at /root/.cache/huggingface/datasets/glue/cola/0.0.0/bcdcba79d07bc864c1c254ccfcedcce55bcc9a8c (last modified on Mon Mar 23 09:28:48 2026).
Loading weights:   0%|          | 0/197 [00:00<?, ?it/s]Loading weights: 100%|██████████| 197/197 [00:00<00:00, 5216.50it/s]
[1mRobertaModel LOAD REPORT[0m from: roberta-base
Key                             | Status     | 
--------------------------------+------------+-
lm_head.dense.bias              | UNEXPECTED | 
roberta.embeddings.position_ids | UNEXPECTED | 
lm_head.layer_norm.bias         | UNEXPECTED | 
lm_head.dense.weight            | UNEXPECTED | 
lm_head.bias                    | UNEXPECTED | 
lm_head.layer_norm.weight       | UNEXPECTED | 
pooler.dense.bias               | MISSING    | 
pooler.dense.weight             | MISSING    | 

[3mNotes:
- UNEXPECTED[3m	:can be ignored when loading from different task/architecture; not ok if you expect identical arch.
- MISSING[3m	:those params were newly initialized because missing from the checkpoint. Consider training on your downstream task.[0m
[step 0001/200] method=ours loss=0.8292 train_acc=nan train_loss=nan val_acc=nan val_loss=nan best=-1.0000
[step 0010/200] method=ours loss=0.3611 train_acc=nan train_loss=nan val_acc=nan val_loss=nan best=-1.0000
[step 0020/200] method=ours loss=0.8356 train_acc=nan train_loss=nan val_acc=nan val_loss=nan best=-1.0000
[step 0030/200] method=ours loss=0.6709 train_acc=nan train_loss=nan val_acc=nan val_loss=nan best=-1.0000
[step 0040/200] method=ours loss=0.6979 train_acc=nan train_loss=nan val_acc=nan val_loss=nan best=-1.0000
[step 0050/200] method=ours loss=0.6374 train_acc=0.7044 train_loss=0.6019 val_acc=0.6913 val_loss=0.6328 router_H=0.6921 best=0.6913
           router_load=[0.48822060227394104, 0.0, 0.5117793679237366, 0.0]
[step 0060/200] method=ours loss=0.5086 train_acc=0.7044 train_loss=0.6019 val_acc=0.6913 val_loss=0.6328 router_H=0.6921 best=0.6913
           router_load=[0.48822060227394104, 0.0, 0.5117793679237366, 0.0]
[step 0070/200] method=ours loss=0.6019 train_acc=0.7044 train_loss=0.6019 val_acc=0.6913 val_loss=0.6328 router_H=0.6921 best=0.6913
           router_load=[0.48822060227394104, 0.0, 0.5117793679237366, 0.0]
[step 0080/200] method=ours loss=0.4413 train_acc=0.7044 train_loss=0.6019 val_acc=0.6913 val_loss=0.6328 router_H=0.6921 best=0.6913
           router_load=[0.48822060227394104, 0.0, 0.5117793679237366, 0.0]
[step 0090/200] method=ours loss=0.5414 train_acc=0.7044 train_loss=0.6019 val_acc=0.6913 val_loss=0.6328 router_H=0.6921 best=0.6913
           router_load=[0.48822060227394104, 0.0, 0.5117793679237366, 0.0]
[step 0100/200] method=ours loss=0.4807 train_acc=0.7722 train_loss=0.4822 val_acc=0.7517 val_loss=0.5396 router_H=0.6864 best=0.7517
           router_load=[0.32470157742500305, 0.002033622469753027, 0.545482873916626, 0.12778182327747345]
[step 0110/200] method=ours loss=0.4395 train_acc=0.7722 train_loss=0.4822 val_acc=0.7517 val_loss=0.5396 router_H=0.6864 best=0.7517
           router_load=[0.32470157742500305, 0.002033622469753027, 0.545482873916626, 0.12778182327747345]
[step 0120/200] method=ours loss=0.4932 train_acc=0.7722 train_loss=0.4822 val_acc=0.7517 val_loss=0.5396 router_H=0.6864 best=0.7517
           router_load=[0.32470157742500305, 0.002033622469753027, 0.545482873916626, 0.12778182327747345]
[step 0130/200] method=ours loss=0.6903 train_acc=0.7722 train_loss=0.4822 val_acc=0.7517 val_loss=0.5396 router_H=0.6864 best=0.7517
           router_load=[0.32470157742500305, 0.002033622469753027, 0.545482873916626, 0.12778182327747345]
[step 0140/200] method=ours loss=0.5854 train_acc=0.7722 train_loss=0.4822 val_acc=0.7517 val_loss=0.5396 router_H=0.6864 best=0.7517
           router_load=[0.32470157742500305, 0.002033622469753027, 0.545482873916626, 0.12778182327747345]
[step 0150/200] method=ours loss=0.2763 train_acc=0.7877 train_loss=0.4665 val_acc=0.7603 val_loss=0.5318 router_H=0.6861 best=0.7603
           router_load=[0.3571877181529999, 0.006894695106893778, 0.5434334874153137, 0.09248410165309906]
[step 0160/200] method=ours loss=0.4908 train_acc=0.7877 train_loss=0.4665 val_acc=0.7603 val_loss=0.5318 router_H=0.6861 best=0.7603
           router_load=[0.3571877181529999, 0.006894695106893778, 0.5434334874153137, 0.09248410165309906]
[step 0170/200] method=ours loss=0.3066 train_acc=0.7877 train_loss=0.4665 val_acc=0.7603 val_loss=0.5318 router_H=0.6861 best=0.7603
           router_load=[0.3571877181529999, 0.006894695106893778, 0.5434334874153137, 0.09248410165309906]
[step 0180/200] method=ours loss=0.5645 train_acc=0.7877 train_loss=0.4665 val_acc=0.7603 val_loss=0.5318 router_H=0.6861 best=0.7603
           router_load=[0.3571877181529999, 0.006894695106893778, 0.5434334874153137, 0.09248410165309906]
[step 0190/200] method=ours loss=0.7320 train_acc=0.7877 train_loss=0.4665 val_acc=0.7603 val_loss=0.5318 router_H=0.6861 best=0.7603
           router_load=[0.3571877181529999, 0.006894695106893778, 0.5434334874153137, 0.09248410165309906]
[step 0200/200] method=ours loss=0.6432 train_acc=0.8284 train_loss=0.4058 val_acc=0.7977 val_loss=0.4729 router_H=0.6837 best=0.7977
           router_load=[0.35954606533050537, 0.005160202272236347, 0.5530708432197571, 0.08222286403179169]
saved summary -> /root/Optimization/MOE-grad-conflict-routing/runs/paper_suite_supplement/single_task_add_rerun/single_task/roberta_cola_lora_e4_k2/hpo/ours/trial_runs/local_var_topk_034/ours_s3.json
saved curve -> /root/Optimization/MOE-grad-conflict-routing/runs/paper_suite_supplement/single_task_add_rerun/single_task/roberta_cola_lora_e4_k2/hpo/ours/trial_runs/local_var_topk_034/ours_s3_curve.csv
