[run] method=baseline candidate=coord_03_train_grad_clip_013 seed=3 steps=200 gpu=0
[run] cmd=
/root/miniconda3/envs/optimization/bin/python /root/Optimization/MOE-grad-conflict-routing/scripts/run.py --config configs/singletask_cola_real.yaml --set model.backbone_backend=hf --set model.hf_load_pretrained=true --set model.backbone=roberta --set model.hf_pretrained_name=roberta-base --set model.expert_type=lora --set model.routing_mode=topk --set model.num_experts=4 --set model.top_k=2 --set seed=3 --set method.name=baseline_avg --set train.steps=200 --set train.eval_every_steps=50 --set train.grad_clip=0.7891724795 --set train.lr=1.263268742e-05 --set train.weight_decay=0.01108226147 --out /root/Optimization/MOE-grad-conflict-routing/runs/paper_suite_supplement/single_task_add_rerun/single_task/roberta_cola_lora_e4_k2/hpo/baseline/trial_runs/coord_03_train_grad_clip_013/baseline_s3.json --curve_out /root/Optimization/MOE-grad-conflict-routing/runs/paper_suite_supplement/single_task_add_rerun/single_task/roberta_cola_lora_e4_k2/hpo/baseline/trial_runs/coord_03_train_grad_clip_013/baseline_s3_curve.csv
Using the latest cached version of the dataset since glue couldn't be found on the Hugging Face Hub (offline mode is enabled).
Found the latest cached dataset configuration 'cola' at /root/.cache/huggingface/datasets/glue/cola/0.0.0/bcdcba79d07bc864c1c254ccfcedcce55bcc9a8c (last modified on Sun Mar 22 21:46:35 2026).
Loading weights:   0%|          | 0/197 [00:00<?, ?it/s]Loading weights: 100%|██████████| 197/197 [00:00<00:00, 21402.84it/s]
[1mRobertaModel LOAD REPORT[0m from: roberta-base
Key                             | Status     | 
--------------------------------+------------+-
lm_head.dense.weight            | UNEXPECTED | 
lm_head.dense.bias              | UNEXPECTED | 
lm_head.layer_norm.weight       | UNEXPECTED | 
lm_head.layer_norm.bias         | UNEXPECTED | 
lm_head.bias                    | UNEXPECTED | 
roberta.embeddings.position_ids | UNEXPECTED | 
pooler.dense.bias               | MISSING    | 
pooler.dense.weight             | MISSING    | 

[3mNotes:
- UNEXPECTED[3m	:can be ignored when loading from different task/architecture; not ok if you expect identical arch.
- MISSING[3m	:those params were newly initialized because missing from the checkpoint. Consider training on your downstream task.[0m
[step 0001/200] method=baseline_avg loss=0.8309 train_acc=nan train_loss=nan val_acc=nan val_loss=nan best=-1.0000
[step 0010/200] method=baseline_avg loss=0.4136 train_acc=nan train_loss=nan val_acc=nan val_loss=nan best=-1.0000
[step 0020/200] method=baseline_avg loss=0.7904 train_acc=nan train_loss=nan val_acc=nan val_loss=nan best=-1.0000
[step 0030/200] method=baseline_avg loss=0.6373 train_acc=nan train_loss=nan val_acc=nan val_loss=nan best=-1.0000
[step 0040/200] method=baseline_avg loss=0.7460 train_acc=nan train_loss=nan val_acc=nan val_loss=nan best=-1.0000
[step 0050/200] method=baseline_avg loss=0.6760 train_acc=0.7044 train_loss=0.6217 val_acc=0.6913 val_loss=0.6605 router_H=0.6916 best=0.6913
           router_load=[0.48083949089050293, 0.004819296766072512, 0.45118284225463867, 0.0631583034992218]
[step 0060/200] method=baseline_avg loss=0.4880 train_acc=0.7044 train_loss=0.6217 val_acc=0.6913 val_loss=0.6605 router_H=0.6916 best=0.6913
           router_load=[0.48083949089050293, 0.004819296766072512, 0.45118284225463867, 0.0631583034992218]
[step 0070/200] method=baseline_avg loss=0.5921 train_acc=0.7044 train_loss=0.6217 val_acc=0.6913 val_loss=0.6605 router_H=0.6916 best=0.6913
           router_load=[0.48083949089050293, 0.004819296766072512, 0.45118284225463867, 0.0631583034992218]
[step 0080/200] method=baseline_avg loss=0.4579 train_acc=0.7044 train_loss=0.6217 val_acc=0.6913 val_loss=0.6605 router_H=0.6916 best=0.6913
           router_load=[0.48083949089050293, 0.004819296766072512, 0.45118284225463867, 0.0631583034992218]
[step 0090/200] method=baseline_avg loss=0.5139 train_acc=0.7044 train_loss=0.6217 val_acc=0.6913 val_loss=0.6605 router_H=0.6916 best=0.6913
           router_load=[0.48083949089050293, 0.004819296766072512, 0.45118284225463867, 0.0631583034992218]
[step 0100/200] method=baseline_avg loss=0.5255 train_acc=0.7937 train_loss=0.4440 val_acc=0.7776 val_loss=0.5012 router_H=0.6903 best=0.7776
           router_load=[0.40574055910110474, 0.023242969065904617, 0.5065394043922424, 0.06447713822126389]
[step 0110/200] method=baseline_avg loss=0.4391 train_acc=0.7937 train_loss=0.4440 val_acc=0.7776 val_loss=0.5012 router_H=0.6903 best=0.7776
           router_load=[0.40574055910110474, 0.023242969065904617, 0.5065394043922424, 0.06447713822126389]
[step 0120/200] method=baseline_avg loss=0.5126 train_acc=0.7937 train_loss=0.4440 val_acc=0.7776 val_loss=0.5012 router_H=0.6903 best=0.7776
           router_load=[0.40574055910110474, 0.023242969065904617, 0.5065394043922424, 0.06447713822126389]
[step 0130/200] method=baseline_avg loss=0.6905 train_acc=0.7937 train_loss=0.4440 val_acc=0.7776 val_loss=0.5012 router_H=0.6903 best=0.7776
           router_load=[0.40574055910110474, 0.023242969065904617, 0.5065394043922424, 0.06447713822126389]
[step 0140/200] method=baseline_avg loss=0.5809 train_acc=0.7937 train_loss=0.4440 val_acc=0.7776 val_loss=0.5012 router_H=0.6903 best=0.7776
           router_load=[0.40574055910110474, 0.023242969065904617, 0.5065394043922424, 0.06447713822126389]
[step 0150/200] method=baseline_avg loss=0.3326 train_acc=0.8141 train_loss=0.4245 val_acc=0.7900 val_loss=0.4770 router_H=0.6908 best=0.7900
           router_load=[0.4350946843624115, 0.008147835731506348, 0.48039066791534424, 0.07636688649654388]
[step 0160/200] method=baseline_avg loss=0.4400 train_acc=0.8141 train_loss=0.4245 val_acc=0.7900 val_loss=0.4770 router_H=0.6908 best=0.7900
           router_load=[0.4350946843624115, 0.008147835731506348, 0.48039066791534424, 0.07636688649654388]
[step 0170/200] method=baseline_avg loss=0.3294 train_acc=0.8141 train_loss=0.4245 val_acc=0.7900 val_loss=0.4770 router_H=0.6908 best=0.7900
           router_load=[0.4350946843624115, 0.008147835731506348, 0.48039066791534424, 0.07636688649654388]
[step 0180/200] method=baseline_avg loss=0.5450 train_acc=0.8141 train_loss=0.4245 val_acc=0.7900 val_loss=0.4770 router_H=0.6908 best=0.7900
           router_load=[0.4350946843624115, 0.008147835731506348, 0.48039066791534424, 0.07636688649654388]
[step 0190/200] method=baseline_avg loss=0.6565 train_acc=0.8141 train_loss=0.4245 val_acc=0.7900 val_loss=0.4770 router_H=0.6908 best=0.7900
           router_load=[0.4350946843624115, 0.008147835731506348, 0.48039066791534424, 0.07636688649654388]
[step 0200/200] method=baseline_avg loss=0.6139 train_acc=0.8369 train_loss=0.3812 val_acc=0.8044 val_loss=0.4468 router_H=0.6907 best=0.8044
           router_load=[0.3117148280143738, 0.029995935037732124, 0.4842980206012726, 0.17399127781391144]
saved summary -> /root/Optimization/MOE-grad-conflict-routing/runs/paper_suite_supplement/single_task_add_rerun/single_task/roberta_cola_lora_e4_k2/hpo/baseline/trial_runs/coord_03_train_grad_clip_013/baseline_s3.json
saved curve -> /root/Optimization/MOE-grad-conflict-routing/runs/paper_suite_supplement/single_task_add_rerun/single_task/roberta_cola_lora_e4_k2/hpo/baseline/trial_runs/coord_03_train_grad_clip_013/baseline_s3_curve.csv
