[run] method=cagrad candidate=coord_05_method_baseline_cagrad_inner_lr_007 seed=3 steps=200 gpu=0
[run] cmd=
/root/miniconda3/envs/optimization/bin/python /root/Optimization/MOE-grad-conflict-routing-appendix2/scripts/run.py --config configs/singletask_cola_real.yaml --set model.backbone_backend=hf --set model.hf_load_pretrained=true --set model.hf_local_files_only=1 --set model.backbone=roberta --set model.hf_pretrained_name=roberta-base --set model.expert_type=ffn --set model.routing_mode=topk --set model.num_experts=4 --set model.top_k=2 --set train.eval_val_fraction=0.2 --set train.skip_train_eval=true --set seed=3 --set method.name=baseline_cagrad --set train.steps=200 --set train.eval_every_steps=100 --set method.baseline_cagrad.c=0.8182351848 --set method.baseline_cagrad.inner_lr=0.2666777382 --set train.grad_clip=1.397685055 --set train.lr=2e-05 --set train.weight_decay=0.007863245139 --out /root/Optimization/MOE-grad-conflict-routing-appendix2/runs/paper_suite_server3/experiment4/single_task/roberta_cola_ffn_e4_k2/_method_workers/cagrad/hpo/cagrad/trial_runs/coord_05_method_baseline_cagrad_inner_lr_007/cagrad_s3.json --curve_out /root/Optimization/MOE-grad-conflict-routing-appendix2/runs/paper_suite_server3/experiment4/single_task/roberta_cola_ffn_e4_k2/_method_workers/cagrad/hpo/cagrad/trial_runs/coord_05_method_baseline_cagrad_inner_lr_007/cagrad_s3_curve.csv
Using the latest cached version of the dataset since glue couldn't be found on the Hugging Face Hub (offline mode is enabled).
Found the latest cached dataset configuration 'cola' at /root/.cache/huggingface/datasets/glue/cola/0.0.0/bcdcba79d07bc864c1c254ccfcedcce55bcc9a8c (last modified on Thu Mar 26 23:46:11 2026).
Loading weights:   0%|          | 0/197 [00:00<?, ?it/s]Loading weights: 100%|██████████| 197/197 [00:00<00:00, 8504.13it/s]
[1mRobertaModel LOAD REPORT[0m from: roberta-base
Key                             | Status     | 
--------------------------------+------------+-
lm_head.dense.weight            | UNEXPECTED | 
roberta.embeddings.position_ids | UNEXPECTED | 
lm_head.layer_norm.weight       | UNEXPECTED | 
lm_head.bias                    | UNEXPECTED | 
lm_head.layer_norm.bias         | UNEXPECTED | 
lm_head.dense.bias              | UNEXPECTED | 
pooler.dense.bias               | MISSING    | 
pooler.dense.weight             | MISSING    | 

[3mNotes:
- UNEXPECTED[3m	:can be ignored when loading from different task/architecture; not ok if you expect identical arch.
- MISSING[3m	:those params were newly initialized because missing from the checkpoint. Consider training on your downstream task.[0m
[step 0001/200] method=baseline_cagrad loss=0.6922 train_acc=nan train_loss=nan val_acc=nan val_loss=nan best=-1.0000
[step 0010/200] method=baseline_cagrad loss=0.4698 train_acc=nan train_loss=nan val_acc=nan val_loss=nan best=-1.0000
[step 0020/200] method=baseline_cagrad loss=0.7716 train_acc=nan train_loss=nan val_acc=nan val_loss=nan best=-1.0000
[step 0030/200] method=baseline_cagrad loss=0.6783 train_acc=nan train_loss=nan val_acc=nan val_loss=nan best=-1.0000
[step 0040/200] method=baseline_cagrad loss=0.7346 train_acc=nan train_loss=nan val_acc=nan val_loss=nan best=-1.0000
[step 0050/200] method=baseline_cagrad loss=0.6480 train_acc=nan train_loss=nan val_acc=nan val_loss=nan best=-1.0000
[step 0060/200] method=baseline_cagrad loss=0.5867 train_acc=nan train_loss=nan val_acc=nan val_loss=nan best=-1.0000
[step 0070/200] method=baseline_cagrad loss=0.6607 train_acc=nan train_loss=nan val_acc=nan val_loss=nan best=-1.0000
[step 0080/200] method=baseline_cagrad loss=0.4530 train_acc=nan train_loss=nan val_acc=nan val_loss=nan best=-1.0000
[step 0090/200] method=baseline_cagrad loss=0.6108 train_acc=nan train_loss=nan val_acc=nan val_loss=nan best=-1.0000
[step 0100/200] method=baseline_cagrad loss=0.4991 train_acc=nan train_loss=nan val_acc=0.6518 val_loss=0.5267 router_H=0.6079 best=0.6518
           router_load=[0.002617394085973501, 0.3287717401981354, 0.0, 0.6686108708381653]
[step 0110/200] method=baseline_cagrad loss=0.4049 train_acc=nan train_loss=nan val_acc=0.6518 val_loss=0.5267 router_H=0.6079 best=0.6518
           router_load=[0.002617394085973501, 0.3287717401981354, 0.0, 0.6686108708381653]
[step 0120/200] method=baseline_cagrad loss=0.5098 train_acc=nan train_loss=nan val_acc=0.6518 val_loss=0.5267 router_H=0.6079 best=0.6518
           router_load=[0.002617394085973501, 0.3287717401981354, 0.0, 0.6686108708381653]
[step 0130/200] method=baseline_cagrad loss=0.5007 train_acc=nan train_loss=nan val_acc=0.6518 val_loss=0.5267 router_H=0.6079 best=0.6518
           router_load=[0.002617394085973501, 0.3287717401981354, 0.0, 0.6686108708381653]
[step 0140/200] method=baseline_cagrad loss=0.6404 train_acc=nan train_loss=nan val_acc=0.6518 val_loss=0.5267 router_H=0.6079 best=0.6518
           router_load=[0.002617394085973501, 0.3287717401981354, 0.0, 0.6686108708381653]
[step 0150/200] method=baseline_cagrad loss=0.3124 train_acc=nan train_loss=nan val_acc=0.6518 val_loss=0.5267 router_H=0.6079 best=0.6518
           router_load=[0.002617394085973501, 0.3287717401981354, 0.0, 0.6686108708381653]
[step 0160/200] method=baseline_cagrad loss=0.4990 train_acc=nan train_loss=nan val_acc=0.6518 val_loss=0.5267 router_H=0.6079 best=0.6518
           router_load=[0.002617394085973501, 0.3287717401981354, 0.0, 0.6686108708381653]
[step 0170/200] method=baseline_cagrad loss=0.2707 train_acc=nan train_loss=nan val_acc=0.6518 val_loss=0.5267 router_H=0.6079 best=0.6518
           router_load=[0.002617394085973501, 0.3287717401981354, 0.0, 0.6686108708381653]
[step 0180/200] method=baseline_cagrad loss=0.4732 train_acc=nan train_loss=nan val_acc=0.6518 val_loss=0.5267 router_H=0.6079 best=0.6518
           router_load=[0.002617394085973501, 0.3287717401981354, 0.0, 0.6686108708381653]
[step 0190/200] method=baseline_cagrad loss=0.5155 train_acc=nan train_loss=nan val_acc=0.6518 val_loss=0.5267 router_H=0.6079 best=0.6518
           router_load=[0.002617394085973501, 0.3287717401981354, 0.0, 0.6686108708381653]
[step 0200/200] method=baseline_cagrad loss=0.5885 train_acc=nan train_loss=nan val_acc=0.7589 val_loss=0.4996 router_H=0.5416 best=0.7589
           router_load=[0.09795296937227249, 0.20877113938331604, 0.001972914207726717, 0.6913028359413147]
saved summary -> /root/Optimization/MOE-grad-conflict-routing-appendix2/runs/paper_suite_server3/experiment4/single_task/roberta_cola_ffn_e4_k2/_method_workers/cagrad/hpo/cagrad/trial_runs/coord_05_method_baseline_cagrad_inner_lr_007/cagrad_s3.json
saved curve -> /root/Optimization/MOE-grad-conflict-routing-appendix2/runs/paper_suite_server3/experiment4/single_task/roberta_cola_ffn_e4_k2/_method_workers/cagrad/hpo/cagrad/trial_runs/coord_05_method_baseline_cagrad_inner_lr_007/cagrad_s3_curve.csv
