[run] method=baseline candidate=local_var_topk_007 seed=2 steps=200 gpu=0
[run] cmd=
/root/miniconda3/envs/optimization/bin/python /root/Optimization/MOE-grad-conflict-routing-appendix2/scripts/run.py --config configs/multitask_glue3_rte_mrpc_cola_real.yaml --set model.backbone_backend=hf --set model.hf_load_pretrained=true --set model.hf_local_files_only=1 --set model.backbone=roberta --set model.hf_pretrained_name=roberta-base --set model.routing_mode=topk --set model.expert_type=lora --set model.num_experts=4 --set model.top_k=2 --set model.lora_rank=16 --set model.lora_alpha=16 --set train.eval_train_fraction=0.10 --set train.eval_train_max_batches=-1 --set train.eval_max_batches=-1 --set train.eval_val_fraction=0.2 --set train.skip_train_eval=true --set seed=2 --set method.name=baseline_avg --set train.steps=200 --set train.eval_every_steps=100 --set train.grad_clip=1.162357417 --set train.lr=1e-05 --set train.weight_decay=0.01546097608 --out /root/Optimization/MOE-grad-conflict-routing-appendix2/runs/paper_suite_supplement/appendix/rank/multi_glue3_roberta_r16_lora_e4_k2/_method_workers/baseline/hpo/baseline/trial_runs/local_var_topk_007/baseline_s2.json --curve_out /root/Optimization/MOE-grad-conflict-routing-appendix2/runs/paper_suite_supplement/appendix/rank/multi_glue3_roberta_r16_lora_e4_k2/_method_workers/baseline/hpo/baseline/trial_runs/local_var_topk_007/baseline_s2_curve.csv
Using the latest cached version of the dataset since glue couldn't be found on the Hugging Face Hub (offline mode is enabled).
Found the latest cached dataset configuration 'rte' at /root/.cache/huggingface/datasets/glue/rte/0.0.0/bcdcba79d07bc864c1c254ccfcedcce55bcc9a8c (last modified on Thu Mar 26 19:09:12 2026).
Using the latest cached version of the dataset since glue couldn't be found on the Hugging Face Hub (offline mode is enabled).
Found the latest cached dataset configuration 'mrpc' at /root/.cache/huggingface/datasets/glue/mrpc/0.0.0/bcdcba79d07bc864c1c254ccfcedcce55bcc9a8c (last modified on Thu Mar 26 20:11:06 2026).
Using the latest cached version of the dataset since glue couldn't be found on the Hugging Face Hub (offline mode is enabled).
Found the latest cached dataset configuration 'cola' at /root/.cache/huggingface/datasets/glue/cola/0.0.0/bcdcba79d07bc864c1c254ccfcedcce55bcc9a8c (last modified on Thu Mar 26 23:46:11 2026).
Loading weights:   0%|          | 0/197 [00:00<?, ?it/s]Loading weights: 100%|██████████| 197/197 [00:00<00:00, 12354.45it/s]
[1mRobertaModel LOAD REPORT[0m from: roberta-base
Key                             | Status     | 
--------------------------------+------------+-
lm_head.layer_norm.weight       | UNEXPECTED | 
lm_head.dense.bias              | UNEXPECTED | 
roberta.embeddings.position_ids | UNEXPECTED | 
lm_head.bias                    | UNEXPECTED | 
lm_head.layer_norm.bias         | UNEXPECTED | 
lm_head.dense.weight            | UNEXPECTED | 
pooler.dense.weight             | MISSING    | 
pooler.dense.bias               | MISSING    | 

[3mNotes:
- UNEXPECTED[3m	:can be ignored when loading from different task/architecture; not ok if you expect identical arch.
- MISSING[3m	:those params were newly initialized because missing from the checkpoint. Consider training on your downstream task.[0m
[step 0001/200] method=baseline_avg loss=0.6991 train_acc=nan train_loss=nan val_acc=nan val_loss=nan best=-1.0000
[step 0010/200] method=baseline_avg loss=0.6175 train_acc=nan train_loss=nan val_acc=nan val_loss=nan best=-1.0000
[step 0020/200] method=baseline_avg loss=0.6673 train_acc=nan train_loss=nan val_acc=nan val_loss=nan best=-1.0000
[step 0030/200] method=baseline_avg loss=0.6640 train_acc=nan train_loss=nan val_acc=nan val_loss=nan best=-1.0000
[step 0040/200] method=baseline_avg loss=0.7548 train_acc=nan train_loss=nan val_acc=nan val_loss=nan best=-1.0000
[step 0050/200] method=baseline_avg loss=0.6181 train_acc=nan train_loss=nan val_acc=nan val_loss=nan best=-1.0000
[step 0060/200] method=baseline_avg loss=0.6209 train_acc=nan train_loss=nan val_acc=nan val_loss=nan best=-1.0000
[step 0070/200] method=baseline_avg loss=0.5462 train_acc=nan train_loss=nan val_acc=nan val_loss=nan best=-1.0000
[step 0080/200] method=baseline_avg loss=0.5636 train_acc=nan train_loss=nan val_acc=nan val_loss=nan best=-1.0000
[step 0090/200] method=baseline_avg loss=0.6013 train_acc=nan train_loss=nan val_acc=nan val_loss=nan best=-1.0000
[step 0100/200] method=baseline_avg loss=0.5875 train_acc=nan train_loss=nan val_acc=0.6661 val_loss=0.5753 router_H=0.6906 best=0.6661
           router_load=[0.002651785733178258, 0.4894055128097534, 0.5079426765441895, 0.0]
[step 0110/200] method=baseline_avg loss=0.5788 train_acc=nan train_loss=nan val_acc=0.6661 val_loss=0.5753 router_H=0.6906 best=0.6661
           router_load=[0.002651785733178258, 0.4894055128097534, 0.5079426765441895, 0.0]
[step 0120/200] method=baseline_avg loss=0.4780 train_acc=nan train_loss=nan val_acc=0.6661 val_loss=0.5753 router_H=0.6906 best=0.6661
           router_load=[0.002651785733178258, 0.4894055128097534, 0.5079426765441895, 0.0]
[step 0130/200] method=baseline_avg loss=0.5600 train_acc=nan train_loss=nan val_acc=0.6661 val_loss=0.5753 router_H=0.6906 best=0.6661
           router_load=[0.002651785733178258, 0.4894055128097534, 0.5079426765441895, 0.0]
[step 0140/200] method=baseline_avg loss=0.5856 train_acc=nan train_loss=nan val_acc=0.6661 val_loss=0.5753 router_H=0.6906 best=0.6661
           router_load=[0.002651785733178258, 0.4894055128097534, 0.5079426765441895, 0.0]
[step 0150/200] method=baseline_avg loss=0.5198 train_acc=nan train_loss=nan val_acc=0.6661 val_loss=0.5753 router_H=0.6906 best=0.6661
           router_load=[0.002651785733178258, 0.4894055128097534, 0.5079426765441895, 0.0]
[step 0160/200] method=baseline_avg loss=0.6405 train_acc=nan train_loss=nan val_acc=0.6661 val_loss=0.5753 router_H=0.6906 best=0.6661
           router_load=[0.002651785733178258, 0.4894055128097534, 0.5079426765441895, 0.0]
[step 0170/200] method=baseline_avg loss=0.6259 train_acc=nan train_loss=nan val_acc=0.6661 val_loss=0.5753 router_H=0.6906 best=0.6661
           router_load=[0.002651785733178258, 0.4894055128097534, 0.5079426765441895, 0.0]
[step 0180/200] method=baseline_avg loss=0.6646 train_acc=nan train_loss=nan val_acc=0.6661 val_loss=0.5753 router_H=0.6906 best=0.6661
           router_load=[0.002651785733178258, 0.4894055128097534, 0.5079426765441895, 0.0]
[step 0190/200] method=baseline_avg loss=0.4685 train_acc=nan train_loss=nan val_acc=0.6661 val_loss=0.5753 router_H=0.6906 best=0.6661
           router_load=[0.002651785733178258, 0.4894055128097534, 0.5079426765441895, 0.0]
[step 0200/200] method=baseline_avg loss=0.5930 train_acc=nan train_loss=nan val_acc=0.6507 val_loss=0.5842 router_H=0.6849 best=0.6661
           router_load=[0.07050231844186783, 0.3710477948188782, 0.5471343398094177, 0.011315608397126198]
saved summary -> /root/Optimization/MOE-grad-conflict-routing-appendix2/runs/paper_suite_supplement/appendix/rank/multi_glue3_roberta_r16_lora_e4_k2/_method_workers/baseline/hpo/baseline/trial_runs/local_var_topk_007/baseline_s2.json
saved curve -> /root/Optimization/MOE-grad-conflict-routing-appendix2/runs/paper_suite_supplement/appendix/rank/multi_glue3_roberta_r16_lora_e4_k2/_method_workers/baseline/hpo/baseline/trial_runs/local_var_topk_007/baseline_s2_curve.csv
