[run] method=cagrad candidate=coord_01_train_lr_017 seed=2 steps=150 gpu=0
[run] cmd=
/home/zhujjing/anaconda3/envs/moe/bin/python /home/zhujjing/MOE-grad-conflict-routing/scripts/run.py --config configs/singletask_mrpc_real.yaml --set model.backbone_backend=hf --set model.hf_load_pretrained=true --set model.backbone=deberta --set model.hf_pretrained_name=microsoft/deberta-v3-base --set model.expert_type=lora --set model.routing_mode=topk --set model.num_experts=4 --set model.top_k=2 --set seed=2 --set method.name=baseline_cagrad --set train.steps=150 --set train.eval_every_steps=50 --set method.baseline_cagrad.c=0.4 --set method.baseline_cagrad.inner_lr=0.1 --set train.grad_clip=1 --set train.lr=2.072727779e-06 --set train.weight_decay=0.01 --out /home/zhujjing/MOE-grad-conflict-routing/runs/paper_suite/single_gpu/single_task/deberta_mrpc_lora_e4_k2/hpo/cagrad/trial_runs/coord_01_train_lr_017/cagrad_s2.json --curve_out /home/zhujjing/MOE-grad-conflict-routing/runs/paper_suite/single_gpu/single_task/deberta_mrpc_lora_e4_k2/hpo/cagrad/trial_runs/coord_01_train_lr_017/cagrad_s2_curve.csv
Using the latest cached version of the dataset since glue couldn't be found on the Hugging Face Hub (offline mode is enabled).
Found the latest cached dataset configuration 'mrpc' at /home/zhujjing/hf_cache/datasets/glue/mrpc/0.0.0/bcdcba79d07bc864c1c254ccfcedcce55bcc9a8c (last modified on Thu Mar 19 15:01:06 2026).
/home/zhujjing/anaconda3/envs/moe/lib/python3.10/site-packages/transformers/utils/hub.py:124: FutureWarning: Using `TRANSFORMERS_CACHE` is deprecated and will be removed in v5 of Transformers. Use `HF_HOME` instead.
  warnings.warn(
/home/zhujjing/anaconda3/envs/moe/lib/python3.10/site-packages/transformers/convert_slow_tokenizer.py:560: UserWarning: The sentencepiece tokenizer that you are converting to a fast tokenizer uses the byte fallback option which is not implemented in the fast tokenizers. In practice this means that the fast version of the tokenizer can produce unknown tokens whereas the sentencepiece version would have converted these unknown tokens into a sequence of byte tokens matching the original piece of text.
  warnings.warn(
[step 0001/150] method=baseline_cagrad loss=0.9364 train_acc=nan train_loss=nan val_acc=nan val_loss=nan best=-1.0000
[step 0010/150] method=baseline_cagrad loss=0.7471 train_acc=nan train_loss=nan val_acc=nan val_loss=nan best=-1.0000
[step 0020/150] method=baseline_cagrad loss=0.6703 train_acc=nan train_loss=nan val_acc=nan val_loss=nan best=-1.0000
[step 0030/150] method=baseline_cagrad loss=0.6660 train_acc=nan train_loss=nan val_acc=nan val_loss=nan best=-1.0000
[step 0040/150] method=baseline_cagrad loss=0.6645 train_acc=nan train_loss=nan val_acc=nan val_loss=nan best=-1.0000
[step 0050/150] method=baseline_cagrad loss=0.4759 train_acc=0.6963 train_loss=0.5518 val_acc=0.6985 val_loss=0.5433 router_H=0.6764 best=0.6985
           router_load=[0.5716528296470642, 0.006766434758901596, 0.26160818338394165, 0.15997254848480225]
[step 0060/150] method=baseline_cagrad loss=0.5404 train_acc=0.6963 train_loss=0.5518 val_acc=0.6985 val_loss=0.5433 router_H=0.6764 best=0.6985
           router_load=[0.5716528296470642, 0.006766434758901596, 0.26160818338394165, 0.15997254848480225]
[step 0070/150] method=baseline_cagrad loss=0.4167 train_acc=0.6963 train_loss=0.5518 val_acc=0.6985 val_loss=0.5433 router_H=0.6764 best=0.6985
           router_load=[0.5716528296470642, 0.006766434758901596, 0.26160818338394165, 0.15997254848480225]
[step 0080/150] method=baseline_cagrad loss=0.5018 train_acc=0.6963 train_loss=0.5518 val_acc=0.6985 val_loss=0.5433 router_H=0.6764 best=0.6985
           router_load=[0.5716528296470642, 0.006766434758901596, 0.26160818338394165, 0.15997254848480225]
[step 0090/150] method=baseline_cagrad loss=0.4905 train_acc=0.6963 train_loss=0.5518 val_acc=0.6985 val_loss=0.5433 router_H=0.6764 best=0.6985
           router_load=[0.5716528296470642, 0.006766434758901596, 0.26160818338394165, 0.15997254848480225]
[step 0100/150] method=baseline_cagrad loss=0.5630 train_acc=0.7366 train_loss=0.5173 val_acc=0.7353 val_loss=0.5045 router_H=0.6743 best=0.7353
           router_load=[0.570110559463501, 0.01133804116398096, 0.24948611855506897, 0.16906534135341644]
[step 0110/150] method=baseline_cagrad loss=0.6345 train_acc=0.7366 train_loss=0.5173 val_acc=0.7353 val_loss=0.5045 router_H=0.6743 best=0.7353
           router_load=[0.570110559463501, 0.01133804116398096, 0.24948611855506897, 0.16906534135341644]
[step 0120/150] method=baseline_cagrad loss=0.4649 train_acc=0.7366 train_loss=0.5173 val_acc=0.7353 val_loss=0.5045 router_H=0.6743 best=0.7353
           router_load=[0.570110559463501, 0.01133804116398096, 0.24948611855506897, 0.16906534135341644]
[step 0130/150] method=baseline_cagrad loss=0.6294 train_acc=0.7366 train_loss=0.5173 val_acc=0.7353 val_loss=0.5045 router_H=0.6743 best=0.7353
           router_load=[0.570110559463501, 0.01133804116398096, 0.24948611855506897, 0.16906534135341644]
[step 0140/150] method=baseline_cagrad loss=0.4074 train_acc=0.7366 train_loss=0.5173 val_acc=0.7353 val_loss=0.5045 router_H=0.6743 best=0.7353
           router_load=[0.570110559463501, 0.01133804116398096, 0.24948611855506897, 0.16906534135341644]
[step 0150/150] method=baseline_cagrad loss=0.5277 train_acc=0.7636 train_loss=0.4882 val_acc=0.7598 val_loss=0.4812 router_H=0.6759 best=0.7598
           router_load=[0.5499463081359863, 0.012545342557132244, 0.27634385228157043, 0.1611645221710205]
saved summary -> /home/zhujjing/MOE-grad-conflict-routing/runs/paper_suite/single_gpu/single_task/deberta_mrpc_lora_e4_k2/hpo/cagrad/trial_runs/coord_01_train_lr_017/cagrad_s2.json
saved curve -> /home/zhujjing/MOE-grad-conflict-routing/runs/paper_suite/single_gpu/single_task/deberta_mrpc_lora_e4_k2/hpo/cagrad/trial_runs/coord_01_train_lr_017/cagrad_s2_curve.csv
