[run] method=ours candidate=local_var_topk_011 seed=2 steps=200 gpu=0
[run] cmd=
/home/zhujjing/anaconda3/envs/moe/bin/python /home/zhujjing/MOE-grad-conflict-routing/scripts/run.py --config configs/multitask_glue3_rte_mrpc_cola_real.yaml --set model.backbone_backend=hf --set model.hf_load_pretrained=true --set model.hf_local_files_only=true --set model.backbone=gpt2 --set model.hf_pretrained_name=gpt2-medium --set model.expert_type=lora --set model.routing_mode=topk --set model.num_experts=4 --set model.top_k=2 --set train.eval_train_fraction=0.10 --set train.eval_train_max_batches=-1 --set train.eval_max_batches=-1 --set seed=2 --set method.name=ours --set train.steps=200 --set train.eval_every_steps=100 --set method.ours.use_load_norm=true --set method.ours.lambda_align=2.430985345e-05 --set train.grad_clip=1.408977408 --set train.lr=4.2333466e-05 --set train.weight_decay=0 --out /home/zhujjing/MOE-grad-conflict-routing/runs/paper_suite/single_gpu/multi_task/glue3_gpt2_lora_e4_k2/hpo/ours/trial_runs/local_var_topk_011/ours_s2.json --curve_out /home/zhujjing/MOE-grad-conflict-routing/runs/paper_suite/single_gpu/multi_task/glue3_gpt2_lora_e4_k2/hpo/ours/trial_runs/local_var_topk_011/ours_s2_curve.csv
Using the latest cached version of the dataset since glue couldn't be found on the Hugging Face Hub (offline mode is enabled).
Found the latest cached dataset configuration 'rte' at /home/zhujjing/hf_cache/datasets/glue/rte/0.0.0/bcdcba79d07bc864c1c254ccfcedcce55bcc9a8c (last modified on Thu Mar 19 15:00:36 2026).
/home/zhujjing/anaconda3/envs/moe/lib/python3.10/site-packages/transformers/utils/hub.py:124: FutureWarning: Using `TRANSFORMERS_CACHE` is deprecated and will be removed in v5 of Transformers. Use `HF_HOME` instead.
  warnings.warn(
Using the latest cached version of the dataset since glue couldn't be found on the Hugging Face Hub (offline mode is enabled).
Found the latest cached dataset configuration 'mrpc' at /home/zhujjing/hf_cache/datasets/glue/mrpc/0.0.0/bcdcba79d07bc864c1c254ccfcedcce55bcc9a8c (last modified on Thu Mar 19 15:01:06 2026).
Using the latest cached version of the dataset since glue couldn't be found on the Hugging Face Hub (offline mode is enabled).
Found the latest cached dataset configuration 'cola' at /home/zhujjing/hf_cache/datasets/glue/cola/0.0.0/bcdcba79d07bc864c1c254ccfcedcce55bcc9a8c (last modified on Thu Mar 19 15:02:09 2026).
[step 0001/200] method=ours loss=3.8747 train_acc=nan train_loss=nan val_acc=nan val_loss=nan best=-1.0000
[step 0010/200] method=ours loss=0.7430 train_acc=nan train_loss=nan val_acc=nan val_loss=nan best=-1.0000
[step 0020/200] method=ours loss=0.8674 train_acc=nan train_loss=nan val_acc=nan val_loss=nan best=-1.0000
[step 0030/200] method=ours loss=0.6743 train_acc=nan train_loss=nan val_acc=nan val_loss=nan best=-1.0000
[step 0040/200] method=ours loss=0.7995 train_acc=nan train_loss=nan val_acc=nan val_loss=nan best=-1.0000
[step 0050/200] method=ours loss=0.6695 train_acc=nan train_loss=nan val_acc=nan val_loss=nan best=-1.0000
[step 0060/200] method=ours loss=0.7689 train_acc=nan train_loss=nan val_acc=nan val_loss=nan best=-1.0000
[step 0070/200] method=ours loss=0.6373 train_acc=nan train_loss=nan val_acc=nan val_loss=nan best=-1.0000
[step 0080/200] method=ours loss=0.6992 train_acc=nan train_loss=nan val_acc=nan val_loss=nan best=-1.0000
[step 0090/200] method=ours loss=0.8322 train_acc=nan train_loss=nan val_acc=nan val_loss=nan best=-1.0000
[step 0100/200] method=ours loss=0.7698 train_acc=0.6255 train_loss=0.6856 val_acc=0.6185 val_loss=0.6995 router_H=0.5710 best=0.6185
           router_load=[0.00020400097128003836, 0.2593291103839874, 0.00015674530004616827, 0.7403102517127991]
[step 0110/200] method=ours loss=0.6428 train_acc=0.6255 train_loss=0.6856 val_acc=0.6185 val_loss=0.6995 router_H=0.5710 best=0.6185
           router_load=[0.00020400097128003836, 0.2593291103839874, 0.00015674530004616827, 0.7403102517127991]
[step 0120/200] method=ours loss=0.6023 train_acc=0.6255 train_loss=0.6856 val_acc=0.6185 val_loss=0.6995 router_H=0.5710 best=0.6185
           router_load=[0.00020400097128003836, 0.2593291103839874, 0.00015674530004616827, 0.7403102517127991]
[step 0130/200] method=ours loss=0.4976 train_acc=0.6255 train_loss=0.6856 val_acc=0.6185 val_loss=0.6995 router_H=0.5710 best=0.6185
           router_load=[0.00020400097128003836, 0.2593291103839874, 0.00015674530004616827, 0.7403102517127991]
[step 0140/200] method=ours loss=0.5917 train_acc=0.6255 train_loss=0.6856 val_acc=0.6185 val_loss=0.6995 router_H=0.5710 best=0.6185
           router_load=[0.00020400097128003836, 0.2593291103839874, 0.00015674530004616827, 0.7403102517127991]
[step 0150/200] method=ours loss=0.4948 train_acc=0.6255 train_loss=0.6856 val_acc=0.6185 val_loss=0.6995 router_H=0.5710 best=0.6185
           router_load=[0.00020400097128003836, 0.2593291103839874, 0.00015674530004616827, 0.7403102517127991]
[step 0160/200] method=ours loss=0.7290 train_acc=0.6255 train_loss=0.6856 val_acc=0.6185 val_loss=0.6995 router_H=0.5710 best=0.6185
           router_load=[0.00020400097128003836, 0.2593291103839874, 0.00015674530004616827, 0.7403102517127991]
[step 0170/200] method=ours loss=0.6216 train_acc=0.6255 train_loss=0.6856 val_acc=0.6185 val_loss=0.6995 router_H=0.5710 best=0.6185
           router_load=[0.00020400097128003836, 0.2593291103839874, 0.00015674530004616827, 0.7403102517127991]
[step 0180/200] method=ours loss=0.6131 train_acc=0.6255 train_loss=0.6856 val_acc=0.6185 val_loss=0.6995 router_H=0.5710 best=0.6185
           router_load=[0.00020400097128003836, 0.2593291103839874, 0.00015674530004616827, 0.7403102517127991]
[step 0190/200] method=ours loss=0.5364 train_acc=0.6255 train_loss=0.6856 val_acc=0.6185 val_loss=0.6995 router_H=0.5710 best=0.6185
           router_load=[0.00020400097128003836, 0.2593291103839874, 0.00015674530004616827, 0.7403102517127991]
[step 0200/200] method=ours loss=0.5937 train_acc=0.6987 train_loss=0.5913 val_acc=0.6686 val_loss=0.6166 router_H=0.6786 best=0.6686
           router_load=[0.001932285726070404, 0.42380622029304504, 0.021250741556286812, 0.5530106425285339]
saved summary -> /home/zhujjing/MOE-grad-conflict-routing/runs/paper_suite/single_gpu/multi_task/glue3_gpt2_lora_e4_k2/hpo/ours/trial_runs/local_var_topk_011/ours_s2.json
saved curve -> /home/zhujjing/MOE-grad-conflict-routing/runs/paper_suite/single_gpu/multi_task/glue3_gpt2_lora_e4_k2/hpo/ours/trial_runs/local_var_topk_011/ours_s2_curve.csv
