[run] method=ours candidate=local_var_topk_000 seed=2 steps=200 gpu=0
[run] cmd=
/home/zhujjing/anaconda3/envs/moe/bin/python /home/zhujjing/MOE-grad-conflict-routing/scripts/run.py --config configs/multitask_glue3_rte_mrpc_cola_real.yaml --set model.backbone_backend=hf --set model.hf_load_pretrained=true --set model.hf_local_files_only=true --set model.backbone=gpt2 --set model.hf_pretrained_name=gpt2-medium --set model.expert_type=lora --set model.routing_mode=topk --set model.num_experts=4 --set model.top_k=2 --set train.eval_train_fraction=0.10 --set train.eval_train_max_batches=-1 --set train.eval_max_batches=-1 --set seed=2 --set method.name=ours --set train.steps=200 --set train.eval_every_steps=100 --set method.ours.use_load_norm=true --set method.ours.lambda_align=2.430985345e-05 --set train.grad_clip=0.8089774084 --set train.lr=2.1166733e-05 --set train.weight_decay=0 --out /home/zhujjing/MOE-grad-conflict-routing/runs/paper_suite/single_gpu/multi_task/glue3_gpt2_lora_e4_k2/hpo/ours/trial_runs/local_var_topk_000/ours_s2.json --curve_out /home/zhujjing/MOE-grad-conflict-routing/runs/paper_suite/single_gpu/multi_task/glue3_gpt2_lora_e4_k2/hpo/ours/trial_runs/local_var_topk_000/ours_s2_curve.csv
Using the latest cached version of the dataset since glue couldn't be found on the Hugging Face Hub (offline mode is enabled).
Found the latest cached dataset configuration 'rte' at /home/zhujjing/hf_cache/datasets/glue/rte/0.0.0/bcdcba79d07bc864c1c254ccfcedcce55bcc9a8c (last modified on Thu Mar 19 15:00:36 2026).
/home/zhujjing/anaconda3/envs/moe/lib/python3.10/site-packages/transformers/utils/hub.py:124: FutureWarning: Using `TRANSFORMERS_CACHE` is deprecated and will be removed in v5 of Transformers. Use `HF_HOME` instead.
  warnings.warn(
Using the latest cached version of the dataset since glue couldn't be found on the Hugging Face Hub (offline mode is enabled).
Found the latest cached dataset configuration 'mrpc' at /home/zhujjing/hf_cache/datasets/glue/mrpc/0.0.0/bcdcba79d07bc864c1c254ccfcedcce55bcc9a8c (last modified on Thu Mar 19 15:01:06 2026).
Using the latest cached version of the dataset since glue couldn't be found on the Hugging Face Hub (offline mode is enabled).
Found the latest cached dataset configuration 'cola' at /home/zhujjing/hf_cache/datasets/glue/cola/0.0.0/bcdcba79d07bc864c1c254ccfcedcce55bcc9a8c (last modified on Thu Mar 19 15:02:09 2026).
[step 0001/200] method=ours loss=0.8043 train_acc=nan train_loss=nan val_acc=nan val_loss=nan best=-1.0000
[step 0010/200] method=ours loss=0.6659 train_acc=nan train_loss=nan val_acc=nan val_loss=nan best=-1.0000
[step 0020/200] method=ours loss=0.7203 train_acc=nan train_loss=nan val_acc=nan val_loss=nan best=-1.0000
[step 0030/200] method=ours loss=0.6481 train_acc=nan train_loss=nan val_acc=nan val_loss=nan best=-1.0000
[step 0040/200] method=ours loss=0.8039 train_acc=nan train_loss=nan val_acc=nan val_loss=nan best=-1.0000
[step 0050/200] method=ours loss=0.7254 train_acc=nan train_loss=nan val_acc=nan val_loss=nan best=-1.0000
[step 0060/200] method=ours loss=0.7742 train_acc=nan train_loss=nan val_acc=nan val_loss=nan best=-1.0000
[step 0070/200] method=ours loss=0.6815 train_acc=nan train_loss=nan val_acc=nan val_loss=nan best=-1.0000
[step 0080/200] method=ours loss=0.6265 train_acc=nan train_loss=nan val_acc=nan val_loss=nan best=-1.0000
[step 0090/200] method=ours loss=0.6876 train_acc=nan train_loss=nan val_acc=nan val_loss=nan best=-1.0000
[step 0100/200] method=ours loss=0.7755 train_acc=0.6524 train_loss=0.6338 val_acc=0.6570 val_loss=0.6338 router_H=0.0667 best=0.6570
           router_load=[0.012455538846552372, 0.0007003639475442469, 0.002247222699224949, 0.9845969080924988]
[step 0110/200] method=ours loss=0.6253 train_acc=0.6524 train_loss=0.6338 val_acc=0.6570 val_loss=0.6338 router_H=0.0667 best=0.6570
           router_load=[0.012455538846552372, 0.0007003639475442469, 0.002247222699224949, 0.9845969080924988]
[step 0120/200] method=ours loss=0.6222 train_acc=0.6524 train_loss=0.6338 val_acc=0.6570 val_loss=0.6338 router_H=0.0667 best=0.6570
           router_load=[0.012455538846552372, 0.0007003639475442469, 0.002247222699224949, 0.9845969080924988]
[step 0130/200] method=ours loss=0.4700 train_acc=0.6524 train_loss=0.6338 val_acc=0.6570 val_loss=0.6338 router_H=0.0667 best=0.6570
           router_load=[0.012455538846552372, 0.0007003639475442469, 0.002247222699224949, 0.9845969080924988]
[step 0140/200] method=ours loss=0.5547 train_acc=0.6524 train_loss=0.6338 val_acc=0.6570 val_loss=0.6338 router_H=0.0667 best=0.6570
           router_load=[0.012455538846552372, 0.0007003639475442469, 0.002247222699224949, 0.9845969080924988]
[step 0150/200] method=ours loss=0.5303 train_acc=0.6524 train_loss=0.6338 val_acc=0.6570 val_loss=0.6338 router_H=0.0667 best=0.6570
           router_load=[0.012455538846552372, 0.0007003639475442469, 0.002247222699224949, 0.9845969080924988]
[step 0160/200] method=ours loss=0.7322 train_acc=0.6524 train_loss=0.6338 val_acc=0.6570 val_loss=0.6338 router_H=0.0667 best=0.6570
           router_load=[0.012455538846552372, 0.0007003639475442469, 0.002247222699224949, 0.9845969080924988]
[step 0170/200] method=ours loss=0.6587 train_acc=0.6524 train_loss=0.6338 val_acc=0.6570 val_loss=0.6338 router_H=0.0667 best=0.6570
           router_load=[0.012455538846552372, 0.0007003639475442469, 0.002247222699224949, 0.9845969080924988]
[step 0180/200] method=ours loss=0.6124 train_acc=0.6524 train_loss=0.6338 val_acc=0.6570 val_loss=0.6338 router_H=0.0667 best=0.6570
           router_load=[0.012455538846552372, 0.0007003639475442469, 0.002247222699224949, 0.9845969080924988]
[step 0190/200] method=ours loss=0.5356 train_acc=0.6524 train_loss=0.6338 val_acc=0.6570 val_loss=0.6338 router_H=0.0667 best=0.6570
           router_load=[0.012455538846552372, 0.0007003639475442469, 0.002247222699224949, 0.9845969080924988]
[step 0200/200] method=ours loss=0.7004 train_acc=0.6818 train_loss=0.5936 val_acc=0.6492 val_loss=0.6247 router_H=0.1762 best=0.6570
           router_load=[0.06790483742952347, 0.001195307937450707, 0.04877489060163498, 0.882124662399292]
saved summary -> /home/zhujjing/MOE-grad-conflict-routing/runs/paper_suite/single_gpu/multi_task/glue3_gpt2_lora_e4_k2/hpo/ours/trial_runs/local_var_topk_000/ours_s2.json
saved curve -> /home/zhujjing/MOE-grad-conflict-routing/runs/paper_suite/single_gpu/multi_task/glue3_gpt2_lora_e4_k2/hpo/ours/trial_runs/local_var_topk_000/ours_s2_curve.csv
