[run] method=ours candidate=coord_03_train_grad_clip_016 seed=2 steps=150 gpu=0
[run] cmd=
/home/zhujjing/anaconda3/envs/moe/bin/python /home/zhujjing/MOE-grad-conflict-routing/scripts/run.py --config configs/singletask_mrpc_real.yaml --set model.backbone_backend=hf --set model.hf_load_pretrained=true --set model.backbone=deberta --set model.hf_pretrained_name=microsoft/deberta-v3-base --set model.expert_type=lora --set model.routing_mode=topk --set model.num_experts=4 --set model.top_k=2 --set seed=2 --set method.name=ours --set train.steps=150 --set train.eval_every_steps=50 --set method.ours.use_load_norm=true --set method.ours.lambda_align=0.001 --set train.grad_clip=0.9740671934 --set train.lr=5.484611636e-05 --set train.weight_decay=0.03112945656 --out /home/zhujjing/MOE-grad-conflict-routing/runs/paper_suite/single_gpu/single_task/deberta_mrpc_lora_e4_k2/hpo/ours/trial_runs/coord_03_train_grad_clip_016/ours_s2.json --curve_out /home/zhujjing/MOE-grad-conflict-routing/runs/paper_suite/single_gpu/single_task/deberta_mrpc_lora_e4_k2/hpo/ours/trial_runs/coord_03_train_grad_clip_016/ours_s2_curve.csv
Using the latest cached version of the dataset since glue couldn't be found on the Hugging Face Hub (offline mode is enabled).
Found the latest cached dataset configuration 'mrpc' at /home/zhujjing/hf_cache/datasets/glue/mrpc/0.0.0/bcdcba79d07bc864c1c254ccfcedcce55bcc9a8c (last modified on Thu Mar 19 15:01:06 2026).
/home/zhujjing/anaconda3/envs/moe/lib/python3.10/site-packages/transformers/utils/hub.py:124: FutureWarning: Using `TRANSFORMERS_CACHE` is deprecated and will be removed in v5 of Transformers. Use `HF_HOME` instead.
  warnings.warn(
/home/zhujjing/anaconda3/envs/moe/lib/python3.10/site-packages/transformers/convert_slow_tokenizer.py:560: UserWarning: The sentencepiece tokenizer that you are converting to a fast tokenizer uses the byte fallback option which is not implemented in the fast tokenizers. In practice this means that the fast version of the tokenizer can produce unknown tokens whereas the sentencepiece version would have converted these unknown tokens into a sequence of byte tokens matching the original piece of text.
  warnings.warn(
[step 0001/150] method=ours loss=0.9342 train_acc=nan train_loss=nan val_acc=nan val_loss=nan best=-1.0000
[step 0010/150] method=ours loss=0.6585 train_acc=nan train_loss=nan val_acc=nan val_loss=nan best=-1.0000
[step 0020/150] method=ours loss=0.8032 train_acc=nan train_loss=nan val_acc=nan val_loss=nan best=-1.0000
[step 0030/150] method=ours loss=0.4822 train_acc=nan train_loss=nan val_acc=nan val_loss=nan best=-1.0000
[step 0040/150] method=ours loss=0.4781 train_acc=nan train_loss=nan val_acc=nan val_loss=nan best=-1.0000
[step 0050/150] method=ours loss=0.4735 train_acc=0.7958 train_loss=0.4423 val_acc=0.7917 val_loss=0.4550 router_H=0.6905 best=0.7917
           router_load=[0.12978318333625793, 0.18780307471752167, 0.33713769912719727, 0.3452761173248291]
[step 0060/150] method=ours loss=0.3897 train_acc=0.7958 train_loss=0.4423 val_acc=0.7917 val_loss=0.4550 router_H=0.6905 best=0.7917
           router_load=[0.12978318333625793, 0.18780307471752167, 0.33713769912719727, 0.3452761173248291]
[step 0070/150] method=ours loss=0.3416 train_acc=0.7958 train_loss=0.4423 val_acc=0.7917 val_loss=0.4550 router_H=0.6905 best=0.7917
           router_load=[0.12978318333625793, 0.18780307471752167, 0.33713769912719727, 0.3452761173248291]
[step 0080/150] method=ours loss=0.2493 train_acc=0.7958 train_loss=0.4423 val_acc=0.7917 val_loss=0.4550 router_H=0.6905 best=0.7917
           router_load=[0.12978318333625793, 0.18780307471752167, 0.33713769912719727, 0.3452761173248291]
[step 0090/150] method=ours loss=0.6335 train_acc=0.7958 train_loss=0.4423 val_acc=0.7917 val_loss=0.4550 router_H=0.6905 best=0.7917
           router_load=[0.12978318333625793, 0.18780307471752167, 0.33713769912719727, 0.3452761173248291]
[step 0100/150] method=ours loss=0.3397 train_acc=0.8561 train_loss=0.3106 val_acc=0.8505 val_loss=0.3477 router_H=0.6888 best=0.8505
           router_load=[0.3866209089756012, 0.15470463037490845, 0.27995216846466064, 0.17872239649295807]
[step 0110/150] method=ours loss=0.4055 train_acc=0.8561 train_loss=0.3106 val_acc=0.8505 val_loss=0.3477 router_H=0.6888 best=0.8505
           router_load=[0.3866209089756012, 0.15470463037490845, 0.27995216846466064, 0.17872239649295807]
[step 0120/150] method=ours loss=0.3416 train_acc=0.8561 train_loss=0.3106 val_acc=0.8505 val_loss=0.3477 router_H=0.6888 best=0.8505
           router_load=[0.3866209089756012, 0.15470463037490845, 0.27995216846466064, 0.17872239649295807]
[step 0130/150] method=ours loss=0.3175 train_acc=0.8561 train_loss=0.3106 val_acc=0.8505 val_loss=0.3477 router_H=0.6888 best=0.8505
           router_load=[0.3866209089756012, 0.15470463037490845, 0.27995216846466064, 0.17872239649295807]
[step 0140/150] method=ours loss=0.4565 train_acc=0.8561 train_loss=0.3106 val_acc=0.8505 val_loss=0.3477 router_H=0.6888 best=0.8505
           router_load=[0.3866209089756012, 0.15470463037490845, 0.27995216846466064, 0.17872239649295807]
[step 0150/150] method=ours loss=0.7523 train_acc=0.8053 train_loss=0.4093 val_acc=0.7868 val_loss=0.4674 router_H=0.6776 best=0.8505
           router_load=[0.5230169296264648, 0.026877250522375107, 0.4182255268096924, 0.0318802110850811]
saved summary -> /home/zhujjing/MOE-grad-conflict-routing/runs/paper_suite/single_gpu/single_task/deberta_mrpc_lora_e4_k2/hpo/ours/trial_runs/coord_03_train_grad_clip_016/ours_s2.json
saved curve -> /home/zhujjing/MOE-grad-conflict-routing/runs/paper_suite/single_gpu/single_task/deberta_mrpc_lora_e4_k2/hpo/ours/trial_runs/coord_03_train_grad_clip_016/ours_s2_curve.csv
