[run] method=ours candidate=coord_04_method_ours_lambda_align_019 seed=3 steps=150 gpu=0
[run] cmd=
/home/zhujjing/anaconda3/envs/moe/bin/python /home/zhujjing/MOE-grad-conflict-routing/scripts/run.py --config configs/singletask_rte_real.yaml --set model.backbone_backend=hf --set model.hf_load_pretrained=true --set model.hf_local_files_only=true --set model.backbone=roberta --set model.hf_pretrained_name=roberta-base --set model.expert_type=ffn --set model.routing_mode=topk --set model.num_experts=4 --set model.top_k=2 --set seed=3 --set method.name=ours --set train.steps=150 --set train.eval_every_steps=50 --set method.ours.use_load_norm=true --set method.ours.lambda_align=0.000834975489 --set train.grad_clip=0.5039649002 --set train.lr=3.356481249e-05 --set train.weight_decay=0.03802613487 --out /home/zhujjing/MOE-grad-conflict-routing/runs/paper_suite/single_gpu/single_task/roberta_rte_ffn_e4_k2_supplement/hpo/ours/trial_runs/coord_04_method_ours_lambda_align_019/ours_s3.json --curve_out /home/zhujjing/MOE-grad-conflict-routing/runs/paper_suite/single_gpu/single_task/roberta_rte_ffn_e4_k2_supplement/hpo/ours/trial_runs/coord_04_method_ours_lambda_align_019/ours_s3_curve.csv
Using the latest cached version of the dataset since glue couldn't be found on the Hugging Face Hub (offline mode is enabled).
Found the latest cached dataset configuration 'rte' at /home/zhujjing/hf_cache/datasets/glue/rte/0.0.0/bcdcba79d07bc864c1c254ccfcedcce55bcc9a8c (last modified on Thu Mar 19 15:00:36 2026).
/home/zhujjing/anaconda3/envs/moe/lib/python3.10/site-packages/transformers/utils/hub.py:124: FutureWarning: Using `TRANSFORMERS_CACHE` is deprecated and will be removed in v5 of Transformers. Use `HF_HOME` instead.
  warnings.warn(
Some weights of RobertaModel were not initialized from the model checkpoint at roberta-base and are newly initialized: ['roberta.pooler.dense.bias', 'roberta.pooler.dense.weight']
You should probably TRAIN this model on a down-stream task to be able to use it for predictions and inference.
[step 0001/150] method=ours loss=0.6943 train_acc=nan train_loss=nan val_acc=nan val_loss=nan best=-1.0000
[step 0010/150] method=ours loss=0.7041 train_acc=nan train_loss=nan val_acc=nan val_loss=nan best=-1.0000
[step 0020/150] method=ours loss=0.6967 train_acc=nan train_loss=nan val_acc=nan val_loss=nan best=-1.0000
[step 0030/150] method=ours loss=0.6773 train_acc=nan train_loss=nan val_acc=nan val_loss=nan best=-1.0000
[step 0040/150] method=ours loss=0.6659 train_acc=nan train_loss=nan val_acc=nan val_loss=nan best=-1.0000
[step 0050/150] method=ours loss=0.5741 train_acc=0.6406 train_loss=0.6326 val_acc=0.6245 val_loss=0.6694 router_H=0.6493 best=0.6245
           router_load=[0.019425971433520317, 0.0848347395658493, 0.30573970079421997, 0.5899995565414429]
[step 0060/150] method=ours loss=0.6718 train_acc=0.6406 train_loss=0.6326 val_acc=0.6245 val_loss=0.6694 router_H=0.6493 best=0.6245
           router_load=[0.019425971433520317, 0.0848347395658493, 0.30573970079421997, 0.5899995565414429]
[step 0070/150] method=ours loss=0.6615 train_acc=0.6406 train_loss=0.6326 val_acc=0.6245 val_loss=0.6694 router_H=0.6493 best=0.6245
           router_load=[0.019425971433520317, 0.0848347395658493, 0.30573970079421997, 0.5899995565414429]
[step 0080/150] method=ours loss=0.5125 train_acc=0.6406 train_loss=0.6326 val_acc=0.6245 val_loss=0.6694 router_H=0.6493 best=0.6245
           router_load=[0.019425971433520317, 0.0848347395658493, 0.30573970079421997, 0.5899995565414429]
[step 0090/150] method=ours loss=0.6230 train_acc=0.6406 train_loss=0.6326 val_acc=0.6245 val_loss=0.6694 router_H=0.6493 best=0.6245
           router_load=[0.019425971433520317, 0.0848347395658493, 0.30573970079421997, 0.5899995565414429]
[step 0100/150] method=ours loss=0.6923 train_acc=0.7148 train_loss=0.5446 val_acc=0.6245 val_loss=0.6375 router_H=0.5631 best=0.6245
           router_load=[0.004276863299310207, 0.0005141324363648891, 0.2761582136154175, 0.7190508246421814]
[step 0110/150] method=ours loss=0.6508 train_acc=0.7148 train_loss=0.5446 val_acc=0.6245 val_loss=0.6375 router_H=0.5631 best=0.6245
           router_load=[0.004276863299310207, 0.0005141324363648891, 0.2761582136154175, 0.7190508246421814]
[step 0120/150] method=ours loss=0.6693 train_acc=0.7148 train_loss=0.5446 val_acc=0.6245 val_loss=0.6375 router_H=0.5631 best=0.6245
           router_load=[0.004276863299310207, 0.0005141324363648891, 0.2761582136154175, 0.7190508246421814]
[step 0130/150] method=ours loss=0.7837 train_acc=0.7148 train_loss=0.5446 val_acc=0.6245 val_loss=0.6375 router_H=0.5631 best=0.6245
           router_load=[0.004276863299310207, 0.0005141324363648891, 0.2761582136154175, 0.7190508246421814]
[step 0140/150] method=ours loss=0.5478 train_acc=0.7148 train_loss=0.5446 val_acc=0.6245 val_loss=0.6375 router_H=0.5631 best=0.6245
           router_load=[0.004276863299310207, 0.0005141324363648891, 0.2761582136154175, 0.7190508246421814]
[step 0150/150] method=ours loss=0.5262 train_acc=0.6953 train_loss=0.5835 val_acc=0.6679 val_loss=0.6158 router_H=0.6494 best=0.6679
           router_load=[0.0025834008120000362, 0.0, 0.4559131860733032, 0.5415034294128418]
saved summary -> /home/zhujjing/MOE-grad-conflict-routing/runs/paper_suite/single_gpu/single_task/roberta_rte_ffn_e4_k2_supplement/hpo/ours/trial_runs/coord_04_method_ours_lambda_align_019/ours_s3.json
saved curve -> /home/zhujjing/MOE-grad-conflict-routing/runs/paper_suite/single_gpu/single_task/roberta_rte_ffn_e4_k2_supplement/hpo/ours/trial_runs/coord_04_method_ours_lambda_align_019/ours_s3_curve.csv
