[run] method=cagrad candidate=coord_03_train_grad_clip_017 seed=2 steps=150 gpu=0
[run] cmd=
/home/zhujjing/anaconda3/envs/moe/bin/python /home/zhujjing/MOE-grad-conflict-routing/scripts/run.py --config configs/singletask_sst2_real.yaml --set model.backbone_backend=hf --set model.hf_load_pretrained=true --set model.backbone=roberta --set model.hf_pretrained_name=roberta-base --set model.expert_type=ffn --set model.routing_mode=topk --set model.num_experts=4 --set model.top_k=2 --set seed=2 --set method.name=baseline_cagrad --set train.steps=150 --set train.eval_every_steps=50 --set method.baseline_cagrad.c=0.4 --set method.baseline_cagrad.inner_lr=0.1 --set train.grad_clip=1.658271302 --set train.lr=2.410351909e-05 --set train.weight_decay=0.01 --out /home/zhujjing/MOE-grad-conflict-routing/runs/paper_suite/single_gpu/single_task/roberta_sst2_ffn_e4_k2/hpo/cagrad/trial_runs/coord_03_train_grad_clip_017/cagrad_s2.json --curve_out /home/zhujjing/MOE-grad-conflict-routing/runs/paper_suite/single_gpu/single_task/roberta_sst2_ffn_e4_k2/hpo/cagrad/trial_runs/coord_03_train_grad_clip_017/cagrad_s2_curve.csv
Using the latest cached version of the dataset since glue couldn't be found on the Hugging Face Hub (offline mode is enabled).
Found the latest cached dataset configuration 'sst2' at /home/zhujjing/hf_cache/datasets/glue/sst2/0.0.0/bcdcba79d07bc864c1c254ccfcedcce55bcc9a8c (last modified on Thu Mar 19 15:01:41 2026).
/home/zhujjing/anaconda3/envs/moe/lib/python3.10/site-packages/transformers/utils/hub.py:124: FutureWarning: Using `TRANSFORMERS_CACHE` is deprecated and will be removed in v5 of Transformers. Use `HF_HOME` instead.
  warnings.warn(
Some weights of RobertaModel were not initialized from the model checkpoint at roberta-base and are newly initialized: ['roberta.pooler.dense.bias', 'roberta.pooler.dense.weight']
You should probably TRAIN this model on a down-stream task to be able to use it for predictions and inference.
[step 0001/150] method=baseline_cagrad loss=0.6651 train_acc=nan train_loss=nan val_acc=nan val_loss=nan best=-1.0000
[step 0010/150] method=baseline_cagrad loss=0.7234 train_acc=nan train_loss=nan val_acc=nan val_loss=nan best=-1.0000
[step 0020/150] method=baseline_cagrad loss=0.5451 train_acc=nan train_loss=nan val_acc=nan val_loss=nan best=-1.0000
[step 0030/150] method=baseline_cagrad loss=0.2046 train_acc=nan train_loss=nan val_acc=nan val_loss=nan best=-1.0000
[step 0040/150] method=baseline_cagrad loss=0.5040 train_acc=nan train_loss=nan val_acc=nan val_loss=nan best=-1.0000
[step 0050/150] method=baseline_cagrad loss=0.4459 train_acc=0.8649 train_loss=0.3588 val_acc=0.8486 val_loss=0.3869 router_H=0.6132 best=0.8486
           router_load=[0.15574823319911957, 0.6880135536193848, 0.0, 0.15623806416988373]
[step 0060/150] method=baseline_cagrad loss=0.3550 train_acc=0.8649 train_loss=0.3588 val_acc=0.8486 val_loss=0.3869 router_H=0.6132 best=0.8486
           router_load=[0.15574823319911957, 0.6880135536193848, 0.0, 0.15623806416988373]
[step 0070/150] method=baseline_cagrad loss=0.3689 train_acc=0.8649 train_loss=0.3588 val_acc=0.8486 val_loss=0.3869 router_H=0.6132 best=0.8486
           router_load=[0.15574823319911957, 0.6880135536193848, 0.0, 0.15623806416988373]
[step 0080/150] method=baseline_cagrad loss=0.4022 train_acc=0.8649 train_loss=0.3588 val_acc=0.8486 val_loss=0.3869 router_H=0.6132 best=0.8486
           router_load=[0.15574823319911957, 0.6880135536193848, 0.0, 0.15623806416988373]
[step 0090/150] method=baseline_cagrad loss=0.3190 train_acc=0.8649 train_loss=0.3588 val_acc=0.8486 val_loss=0.3869 router_H=0.6132 best=0.8486
           router_load=[0.15574823319911957, 0.6880135536193848, 0.0, 0.15623806416988373]
[step 0100/150] method=baseline_cagrad loss=0.4157 train_acc=0.8598 train_loss=0.3908 val_acc=0.8108 val_loss=0.4948 router_H=0.5010 best=0.8486
           router_load=[0.08298815041780472, 0.7955812215805054, 0.007927650585770607, 0.11350302398204803]
[step 0110/150] method=baseline_cagrad loss=0.3252 train_acc=0.8598 train_loss=0.3908 val_acc=0.8108 val_loss=0.4948 router_H=0.5010 best=0.8486
           router_load=[0.08298815041780472, 0.7955812215805054, 0.007927650585770607, 0.11350302398204803]
[step 0120/150] method=baseline_cagrad loss=0.4483 train_acc=0.8598 train_loss=0.3908 val_acc=0.8108 val_loss=0.4948 router_H=0.5010 best=0.8486
           router_load=[0.08298815041780472, 0.7955812215805054, 0.007927650585770607, 0.11350302398204803]
[step 0130/150] method=baseline_cagrad loss=0.2716 train_acc=0.8598 train_loss=0.3908 val_acc=0.8108 val_loss=0.4948 router_H=0.5010 best=0.8486
           router_load=[0.08298815041780472, 0.7955812215805054, 0.007927650585770607, 0.11350302398204803]
[step 0140/150] method=baseline_cagrad loss=0.4774 train_acc=0.8598 train_loss=0.3908 val_acc=0.8108 val_loss=0.4948 router_H=0.5010 best=0.8486
           router_load=[0.08298815041780472, 0.7955812215805054, 0.007927650585770607, 0.11350302398204803]
[step 0150/150] method=baseline_cagrad loss=0.6763 train_acc=0.8854 train_loss=0.3068 val_acc=0.8865 val_loss=0.2959 router_H=0.5563 best=0.8865
           router_load=[0.11159399896860123, 0.748245358467102, 0.0, 0.14016065001487732]
saved summary -> /home/zhujjing/MOE-grad-conflict-routing/runs/paper_suite/single_gpu/single_task/roberta_sst2_ffn_e4_k2/hpo/cagrad/trial_runs/coord_03_train_grad_clip_017/cagrad_s2.json
saved curve -> /home/zhujjing/MOE-grad-conflict-routing/runs/paper_suite/single_gpu/single_task/roberta_sst2_ffn_e4_k2/hpo/cagrad/trial_runs/coord_03_train_grad_clip_017/cagrad_s2_curve.csv
