[run] method=baseline candidate=coord_03_train_grad_clip_023 seed=3 steps=150 gpu=0
[run] cmd=
/home/zhujjing/anaconda3/envs/moe/bin/python /home/zhujjing/MOE-grad-conflict-routing/scripts/run.py --config configs/singletask_sst2_real.yaml --set model.backbone_backend=hf --set model.hf_load_pretrained=true --set model.backbone=deberta --set model.hf_pretrained_name=microsoft/deberta-v3-base --set model.expert_type=lora --set model.routing_mode=topk --set model.num_experts=4 --set model.top_k=2 --set seed=3 --set method.name=baseline_avg --set train.steps=150 --set train.eval_every_steps=50 --set train.grad_clip=1.371711877 --set train.lr=4.073235309e-05 --set train.weight_decay=0.04394047402 --out /home/zhujjing/MOE-grad-conflict-routing/runs/paper_suite/single_gpu/single_task/deberta_sst2_lora_e4_k2/hpo/baseline/trial_runs/coord_03_train_grad_clip_023/baseline_s3.json --curve_out /home/zhujjing/MOE-grad-conflict-routing/runs/paper_suite/single_gpu/single_task/deberta_sst2_lora_e4_k2/hpo/baseline/trial_runs/coord_03_train_grad_clip_023/baseline_s3_curve.csv
Using the latest cached version of the dataset since glue couldn't be found on the Hugging Face Hub (offline mode is enabled).
Found the latest cached dataset configuration 'sst2' at /home/zhujjing/hf_cache/datasets/glue/sst2/0.0.0/bcdcba79d07bc864c1c254ccfcedcce55bcc9a8c (last modified on Thu Mar 19 15:01:41 2026).
/home/zhujjing/anaconda3/envs/moe/lib/python3.10/site-packages/transformers/utils/hub.py:124: FutureWarning: Using `TRANSFORMERS_CACHE` is deprecated and will be removed in v5 of Transformers. Use `HF_HOME` instead.
  warnings.warn(
/home/zhujjing/anaconda3/envs/moe/lib/python3.10/site-packages/transformers/convert_slow_tokenizer.py:560: UserWarning: The sentencepiece tokenizer that you are converting to a fast tokenizer uses the byte fallback option which is not implemented in the fast tokenizers. In practice this means that the fast version of the tokenizer can produce unknown tokens whereas the sentencepiece version would have converted these unknown tokens into a sequence of byte tokens matching the original piece of text.
  warnings.warn(
[step 0001/150] method=baseline_avg loss=0.6953 train_acc=nan train_loss=nan val_acc=nan val_loss=nan best=-1.0000
[step 0010/150] method=baseline_avg loss=0.5746 train_acc=nan train_loss=nan val_acc=nan val_loss=nan best=-1.0000
[step 0020/150] method=baseline_avg loss=0.4422 train_acc=nan train_loss=nan val_acc=nan val_loss=nan best=-1.0000
[step 0030/150] method=baseline_avg loss=0.5430 train_acc=nan train_loss=nan val_acc=nan val_loss=nan best=-1.0000
[step 0040/150] method=baseline_avg loss=0.2959 train_acc=nan train_loss=nan val_acc=nan val_loss=nan best=-1.0000
[step 0050/150] method=baseline_avg loss=0.6496 train_acc=0.8754 train_loss=0.3228 val_acc=0.8612 val_loss=0.3323 router_H=0.6831 best=0.8612
           router_load=[0.19868040084838867, 0.40499448776245117, 0.32171547412872314, 0.0746096670627594]
[step 0060/150] method=baseline_avg loss=0.7419 train_acc=0.8754 train_loss=0.3228 val_acc=0.8612 val_loss=0.3323 router_H=0.6831 best=0.8612
           router_load=[0.19868040084838867, 0.40499448776245117, 0.32171547412872314, 0.0746096670627594]
[step 0070/150] method=baseline_avg loss=0.0841 train_acc=0.8754 train_loss=0.3228 val_acc=0.8612 val_loss=0.3323 router_H=0.6831 best=0.8612
           router_load=[0.19868040084838867, 0.40499448776245117, 0.32171547412872314, 0.0746096670627594]
[step 0080/150] method=baseline_avg loss=0.1042 train_acc=0.8754 train_loss=0.3228 val_acc=0.8612 val_loss=0.3323 router_H=0.6831 best=0.8612
           router_load=[0.19868040084838867, 0.40499448776245117, 0.32171547412872314, 0.0746096670627594]
[step 0090/150] method=baseline_avg loss=0.2189 train_acc=0.8754 train_loss=0.3228 val_acc=0.8612 val_loss=0.3323 router_H=0.6831 best=0.8612
           router_load=[0.19868040084838867, 0.40499448776245117, 0.32171547412872314, 0.0746096670627594]
[step 0100/150] method=baseline_avg loss=0.2454 train_acc=0.9167 train_loss=0.2309 val_acc=0.9255 val_loss=0.2159 router_H=0.6681 best=0.9255
           router_load=[0.23025257885456085, 0.40346118807792664, 0.33309537172317505, 0.03319106996059418]
[step 0110/150] method=baseline_avg loss=0.3413 train_acc=0.9167 train_loss=0.2309 val_acc=0.9255 val_loss=0.2159 router_H=0.6681 best=0.9255
           router_load=[0.23025257885456085, 0.40346118807792664, 0.33309537172317505, 0.03319106996059418]
[step 0120/150] method=baseline_avg loss=0.3676 train_acc=0.9167 train_loss=0.2309 val_acc=0.9255 val_loss=0.2159 router_H=0.6681 best=0.9255
           router_load=[0.23025257885456085, 0.40346118807792664, 0.33309537172317505, 0.03319106996059418]
[step 0130/150] method=baseline_avg loss=0.1838 train_acc=0.9167 train_loss=0.2309 val_acc=0.9255 val_loss=0.2159 router_H=0.6681 best=0.9255
           router_load=[0.23025257885456085, 0.40346118807792664, 0.33309537172317505, 0.03319106996059418]
[step 0140/150] method=baseline_avg loss=0.4095 train_acc=0.9167 train_loss=0.2309 val_acc=0.9255 val_loss=0.2159 router_H=0.6681 best=0.9255
           router_load=[0.23025257885456085, 0.40346118807792664, 0.33309537172317505, 0.03319106996059418]
[step 0150/150] method=baseline_avg loss=0.2512 train_acc=0.9064 train_loss=0.3048 val_acc=0.8933 val_loss=0.3252 router_H=0.6731 best=0.9255
           router_load=[0.20663556456565857, 0.4244508743286133, 0.2786729335784912, 0.09024041146039963]
saved summary -> /home/zhujjing/MOE-grad-conflict-routing/runs/paper_suite/single_gpu/single_task/deberta_sst2_lora_e4_k2/hpo/baseline/trial_runs/coord_03_train_grad_clip_023/baseline_s3.json
saved curve -> /home/zhujjing/MOE-grad-conflict-routing/runs/paper_suite/single_gpu/single_task/deberta_sst2_lora_e4_k2/hpo/baseline/trial_runs/coord_03_train_grad_clip_023/baseline_s3_curve.csv
