[run] method=baseline candidate=coord_03_train_grad_clip_020 seed=2 steps=150 gpu=0
[run] cmd=
/home/zhujjing/anaconda3/envs/moe/bin/python /home/zhujjing/MOE-grad-conflict-routing/scripts/run.py --config configs/singletask_sst2_real.yaml --set model.backbone_backend=hf --set model.hf_load_pretrained=true --set model.backbone=deberta --set model.hf_pretrained_name=microsoft/deberta-v3-base --set model.expert_type=lora --set model.routing_mode=topk --set model.num_experts=4 --set model.top_k=2 --set seed=2 --set method.name=baseline_avg --set train.steps=150 --set train.eval_every_steps=50 --set train.grad_clip=1.451051031 --set train.lr=4.073235309e-05 --set train.weight_decay=0.04394047402 --out /home/zhujjing/MOE-grad-conflict-routing/runs/paper_suite/single_gpu/single_task/deberta_sst2_lora_e4_k2/hpo/baseline/trial_runs/coord_03_train_grad_clip_020/baseline_s2.json --curve_out /home/zhujjing/MOE-grad-conflict-routing/runs/paper_suite/single_gpu/single_task/deberta_sst2_lora_e4_k2/hpo/baseline/trial_runs/coord_03_train_grad_clip_020/baseline_s2_curve.csv
Using the latest cached version of the dataset since glue couldn't be found on the Hugging Face Hub (offline mode is enabled).
Found the latest cached dataset configuration 'sst2' at /home/zhujjing/hf_cache/datasets/glue/sst2/0.0.0/bcdcba79d07bc864c1c254ccfcedcce55bcc9a8c (last modified on Thu Mar 19 15:01:41 2026).
/home/zhujjing/anaconda3/envs/moe/lib/python3.10/site-packages/transformers/utils/hub.py:124: FutureWarning: Using `TRANSFORMERS_CACHE` is deprecated and will be removed in v5 of Transformers. Use `HF_HOME` instead.
  warnings.warn(
/home/zhujjing/anaconda3/envs/moe/lib/python3.10/site-packages/transformers/convert_slow_tokenizer.py:560: UserWarning: The sentencepiece tokenizer that you are converting to a fast tokenizer uses the byte fallback option which is not implemented in the fast tokenizers. In practice this means that the fast version of the tokenizer can produce unknown tokens whereas the sentencepiece version would have converted these unknown tokens into a sequence of byte tokens matching the original piece of text.
  warnings.warn(
[step 0001/150] method=baseline_avg loss=0.7573 train_acc=nan train_loss=nan val_acc=nan val_loss=nan best=-1.0000
[step 0010/150] method=baseline_avg loss=0.6347 train_acc=nan train_loss=nan val_acc=nan val_loss=nan best=-1.0000
[step 0020/150] method=baseline_avg loss=0.1953 train_acc=nan train_loss=nan val_acc=nan val_loss=nan best=-1.0000
[step 0030/150] method=baseline_avg loss=0.1380 train_acc=nan train_loss=nan val_acc=nan val_loss=nan best=-1.0000
[step 0040/150] method=baseline_avg loss=0.4765 train_acc=nan train_loss=nan val_acc=nan val_loss=nan best=-1.0000
[step 0050/150] method=baseline_avg loss=0.3446 train_acc=0.7972 train_loss=0.4659 val_acc=0.6743 val_loss=0.6761 router_H=0.6702 best=0.6743
           router_load=[0.22553561627864838, 0.24716217815876007, 0.518987238407135, 0.00831494852900505]
[step 0060/150] method=baseline_avg loss=0.3907 train_acc=0.7972 train_loss=0.4659 val_acc=0.6743 val_loss=0.6761 router_H=0.6702 best=0.6743
           router_load=[0.22553561627864838, 0.24716217815876007, 0.518987238407135, 0.00831494852900505]
[step 0070/150] method=baseline_avg loss=0.5813 train_acc=0.7972 train_loss=0.4659 val_acc=0.6743 val_loss=0.6761 router_H=0.6702 best=0.6743
           router_load=[0.22553561627864838, 0.24716217815876007, 0.518987238407135, 0.00831494852900505]
[step 0080/150] method=baseline_avg loss=0.3420 train_acc=0.7972 train_loss=0.4659 val_acc=0.6743 val_loss=0.6761 router_H=0.6702 best=0.6743
           router_load=[0.22553561627864838, 0.24716217815876007, 0.518987238407135, 0.00831494852900505]
[step 0090/150] method=baseline_avg loss=0.2943 train_acc=0.7972 train_loss=0.4659 val_acc=0.6743 val_loss=0.6761 router_H=0.6702 best=0.6743
           router_load=[0.22553561627864838, 0.24716217815876007, 0.518987238407135, 0.00831494852900505]
[step 0100/150] method=baseline_avg loss=0.2525 train_acc=0.9016 train_loss=0.2441 val_acc=0.8968 val_loss=0.2380 router_H=0.6606 best=0.8968
           router_load=[0.27344056963920593, 0.27673637866973877, 0.38265955448150635, 0.06716345995664597]
[step 0110/150] method=baseline_avg loss=0.2885 train_acc=0.9016 train_loss=0.2441 val_acc=0.8968 val_loss=0.2380 router_H=0.6606 best=0.8968
           router_load=[0.27344056963920593, 0.27673637866973877, 0.38265955448150635, 0.06716345995664597]
[step 0120/150] method=baseline_avg loss=0.1127 train_acc=0.9016 train_loss=0.2441 val_acc=0.8968 val_loss=0.2380 router_H=0.6606 best=0.8968
           router_load=[0.27344056963920593, 0.27673637866973877, 0.38265955448150635, 0.06716345995664597]
[step 0130/150] method=baseline_avg loss=0.4067 train_acc=0.9016 train_loss=0.2441 val_acc=0.8968 val_loss=0.2380 router_H=0.6606 best=0.8968
           router_load=[0.27344056963920593, 0.27673637866973877, 0.38265955448150635, 0.06716345995664597]
[step 0140/150] method=baseline_avg loss=0.2736 train_acc=0.9016 train_loss=0.2441 val_acc=0.8968 val_loss=0.2380 router_H=0.6606 best=0.8968
           router_load=[0.27344056963920593, 0.27673637866973877, 0.38265955448150635, 0.06716345995664597]
[step 0150/150] method=baseline_avg loss=0.3521 train_acc=0.9193 train_loss=0.2122 val_acc=0.9151 val_loss=0.2272 router_H=0.6630 best=0.9151
           router_load=[0.11179105937480927, 0.40074121952056885, 0.40505579113960266, 0.08241181820631027]
saved summary -> /home/zhujjing/MOE-grad-conflict-routing/runs/paper_suite/single_gpu/single_task/deberta_sst2_lora_e4_k2/hpo/baseline/trial_runs/coord_03_train_grad_clip_020/baseline_s2.json
saved curve -> /home/zhujjing/MOE-grad-conflict-routing/runs/paper_suite/single_gpu/single_task/deberta_sst2_lora_e4_k2/hpo/baseline/trial_runs/coord_03_train_grad_clip_020/baseline_s2_curve.csv
