[run] method=cagrad candidate=coord_05_method_baseline_cagrad_inner_lr_015 seed=3 steps=150 gpu=0
[run] cmd=
/home/zhujjing/anaconda3/envs/moe/bin/python /home/zhujjing/MOE-grad-conflict-routing/scripts/run.py --config configs/singletask_rte_real.yaml --set model.backbone_backend=hf --set model.hf_load_pretrained=true --set model.backbone=deberta --set model.hf_pretrained_name=microsoft/deberta-v3-base --set model.expert_type=lora --set model.routing_mode=topk --set model.num_experts=4 --set model.top_k=2 --set seed=3 --set method.name=baseline_cagrad --set train.steps=150 --set train.eval_every_steps=50 --set method.baseline_cagrad.c=0.1187523056 --set method.baseline_cagrad.inner_lr=0.1550854002 --set train.grad_clip=1.761572159 --set train.lr=4.460286243e-05 --set train.weight_decay=0.02536478282 --out /home/zhujjing/MOE-grad-conflict-routing/runs/paper_suite/single_gpu/single_task/deberta_rte_lora_e4_k2/hpo/cagrad/trial_runs/coord_05_method_baseline_cagrad_inner_lr_015/cagrad_s3.json --curve_out /home/zhujjing/MOE-grad-conflict-routing/runs/paper_suite/single_gpu/single_task/deberta_rte_lora_e4_k2/hpo/cagrad/trial_runs/coord_05_method_baseline_cagrad_inner_lr_015/cagrad_s3_curve.csv
Using the latest cached version of the dataset since glue couldn't be found on the Hugging Face Hub (offline mode is enabled).
Found the latest cached dataset configuration 'rte' at /home/zhujjing/hf_cache/datasets/glue/rte/0.0.0/bcdcba79d07bc864c1c254ccfcedcce55bcc9a8c (last modified on Thu Mar 19 15:00:36 2026).
/home/zhujjing/anaconda3/envs/moe/lib/python3.10/site-packages/transformers/utils/hub.py:124: FutureWarning: Using `TRANSFORMERS_CACHE` is deprecated and will be removed in v5 of Transformers. Use `HF_HOME` instead.
  warnings.warn(
/home/zhujjing/anaconda3/envs/moe/lib/python3.10/site-packages/transformers/convert_slow_tokenizer.py:560: UserWarning: The sentencepiece tokenizer that you are converting to a fast tokenizer uses the byte fallback option which is not implemented in the fast tokenizers. In practice this means that the fast version of the tokenizer can produce unknown tokens whereas the sentencepiece version would have converted these unknown tokens into a sequence of byte tokens matching the original piece of text.
  warnings.warn(
[step 0001/150] method=baseline_cagrad loss=0.7306 train_acc=nan train_loss=nan val_acc=nan val_loss=nan best=-1.0000
[step 0010/150] method=baseline_cagrad loss=0.6935 train_acc=nan train_loss=nan val_acc=nan val_loss=nan best=-1.0000
[step 0020/150] method=baseline_cagrad loss=0.6414 train_acc=nan train_loss=nan val_acc=nan val_loss=nan best=-1.0000
[step 0030/150] method=baseline_cagrad loss=0.4902 train_acc=nan train_loss=nan val_acc=nan val_loss=nan best=-1.0000
[step 0040/150] method=baseline_cagrad loss=0.6919 train_acc=nan train_loss=nan val_acc=nan val_loss=nan best=-1.0000
[step 0050/150] method=baseline_cagrad loss=0.5995 train_acc=0.7337 train_loss=0.5598 val_acc=0.6643 val_loss=0.5867 router_H=0.6855 best=0.6643
           router_load=[0.424997478723526, 0.23666998744010925, 0.13637983798980713, 0.20195259153842926]
[step 0060/150] method=baseline_cagrad loss=0.5235 train_acc=0.7337 train_loss=0.5598 val_acc=0.6643 val_loss=0.5867 router_H=0.6855 best=0.6643
           router_load=[0.424997478723526, 0.23666998744010925, 0.13637983798980713, 0.20195259153842926]
[step 0070/150] method=baseline_cagrad loss=0.6764 train_acc=0.7337 train_loss=0.5598 val_acc=0.6643 val_loss=0.5867 router_H=0.6855 best=0.6643
           router_load=[0.424997478723526, 0.23666998744010925, 0.13637983798980713, 0.20195259153842926]
[step 0080/150] method=baseline_cagrad loss=0.3399 train_acc=0.7337 train_loss=0.5598 val_acc=0.6643 val_loss=0.5867 router_H=0.6855 best=0.6643
           router_load=[0.424997478723526, 0.23666998744010925, 0.13637983798980713, 0.20195259153842926]
[step 0090/150] method=baseline_cagrad loss=0.5680 train_acc=0.7337 train_loss=0.5598 val_acc=0.6643 val_loss=0.5867 router_H=0.6855 best=0.6643
           router_load=[0.424997478723526, 0.23666998744010925, 0.13637983798980713, 0.20195259153842926]
[step 0100/150] method=baseline_cagrad loss=0.4341 train_acc=0.8655 train_loss=0.3338 val_acc=0.7906 val_loss=0.4555 router_H=0.6826 best=0.7906
           router_load=[0.2951905131340027, 0.1522662341594696, 0.17439642548561096, 0.37814679741859436]
[step 0110/150] method=baseline_cagrad loss=0.4707 train_acc=0.8655 train_loss=0.3338 val_acc=0.7906 val_loss=0.4555 router_H=0.6826 best=0.7906
           router_load=[0.2951905131340027, 0.1522662341594696, 0.17439642548561096, 0.37814679741859436]
[step 0120/150] method=baseline_cagrad loss=0.6773 train_acc=0.8655 train_loss=0.3338 val_acc=0.7906 val_loss=0.4555 router_H=0.6826 best=0.7906
           router_load=[0.2951905131340027, 0.1522662341594696, 0.17439642548561096, 0.37814679741859436]
[step 0130/150] method=baseline_cagrad loss=0.4926 train_acc=0.8655 train_loss=0.3338 val_acc=0.7906 val_loss=0.4555 router_H=0.6826 best=0.7906
           router_load=[0.2951905131340027, 0.1522662341594696, 0.17439642548561096, 0.37814679741859436]
[step 0140/150] method=baseline_cagrad loss=0.2480 train_acc=0.8655 train_loss=0.3338 val_acc=0.7906 val_loss=0.4555 router_H=0.6826 best=0.7906
           router_load=[0.2951905131340027, 0.1522662341594696, 0.17439642548561096, 0.37814679741859436]
[step 0150/150] method=baseline_cagrad loss=0.1887 train_acc=0.8691 train_loss=0.3082 val_acc=0.8014 val_loss=0.5198 router_H=0.6693 best=0.8014
           router_load=[0.15771472454071045, 0.14209671318531036, 0.2198362499475479, 0.4803522527217865]
saved summary -> /home/zhujjing/MOE-grad-conflict-routing/runs/paper_suite/single_gpu/single_task/deberta_rte_lora_e4_k2/hpo/cagrad/trial_runs/coord_05_method_baseline_cagrad_inner_lr_015/cagrad_s3.json
saved curve -> /home/zhujjing/MOE-grad-conflict-routing/runs/paper_suite/single_gpu/single_task/deberta_rte_lora_e4_k2/hpo/cagrad/trial_runs/coord_05_method_baseline_cagrad_inner_lr_015/cagrad_s3_curve.csv
