[run] method=cagrad candidate=coord_02_train_weight_decay_001 seed=2 steps=150 gpu=0
[run] cmd=
/home/zhujjing/anaconda3/envs/moe/bin/python /home/zhujjing/MOE-grad-conflict-routing/scripts/run.py --config configs/singletask_rte_real.yaml --set model.backbone_backend=hf --set model.hf_load_pretrained=true --set model.hf_local_files_only=true --set model.backbone=deberta --set model.hf_pretrained_name=microsoft/deberta-v3-base --set model.expert_type=lora --set model.routing_mode=topk --set model.num_experts=4 --set model.top_k=2 --set seed=2 --set method.name=baseline_cagrad --set train.steps=150 --set train.eval_every_steps=50 --set method.baseline_cagrad.c=0.4 --set method.baseline_cagrad.inner_lr=0.1 --set train.grad_clip=1 --set train.lr=4.460286243e-05 --set train.weight_decay=0.04164557575 --out /home/zhujjing/MOE-grad-conflict-routing/runs/paper_suite/single_gpu/single_task/deberta_rte_lora_e4_k2_supplement/hpo/cagrad/trial_runs/coord_02_train_weight_decay_001/cagrad_s2.json --curve_out /home/zhujjing/MOE-grad-conflict-routing/runs/paper_suite/single_gpu/single_task/deberta_rte_lora_e4_k2_supplement/hpo/cagrad/trial_runs/coord_02_train_weight_decay_001/cagrad_s2_curve.csv
Using the latest cached version of the dataset since glue couldn't be found on the Hugging Face Hub (offline mode is enabled).
Found the latest cached dataset configuration 'rte' at /home/zhujjing/hf_cache/datasets/glue/rte/0.0.0/bcdcba79d07bc864c1c254ccfcedcce55bcc9a8c (last modified on Thu Mar 19 15:00:36 2026).
/home/zhujjing/anaconda3/envs/moe/lib/python3.10/site-packages/transformers/utils/hub.py:124: FutureWarning: Using `TRANSFORMERS_CACHE` is deprecated and will be removed in v5 of Transformers. Use `HF_HOME` instead.
  warnings.warn(
/home/zhujjing/anaconda3/envs/moe/lib/python3.10/site-packages/transformers/convert_slow_tokenizer.py:560: UserWarning: The sentencepiece tokenizer that you are converting to a fast tokenizer uses the byte fallback option which is not implemented in the fast tokenizers. In practice this means that the fast version of the tokenizer can produce unknown tokens whereas the sentencepiece version would have converted these unknown tokens into a sequence of byte tokens matching the original piece of text.
  warnings.warn(
[step 0001/150] method=baseline_cagrad loss=0.8089 train_acc=nan train_loss=nan val_acc=nan val_loss=nan best=-1.0000
[step 0010/150] method=baseline_cagrad loss=0.8699 train_acc=nan train_loss=nan val_acc=nan val_loss=nan best=-1.0000
[step 0020/150] method=baseline_cagrad loss=0.6195 train_acc=nan train_loss=nan val_acc=nan val_loss=nan best=-1.0000
[step 0030/150] method=baseline_cagrad loss=0.5437 train_acc=nan train_loss=nan val_acc=nan val_loss=nan best=-1.0000
[step 0040/150] method=baseline_cagrad loss=0.6367 train_acc=nan train_loss=nan val_acc=nan val_loss=nan best=-1.0000
[step 0050/150] method=baseline_cagrad loss=0.7896 train_acc=0.7852 train_loss=0.4763 val_acc=0.7365 val_loss=0.5837 router_H=0.6783 best=0.7365
           router_load=[0.07202918082475662, 0.09213143587112427, 0.3279457688331604, 0.5078936219215393]
[step 0060/150] method=baseline_cagrad loss=0.4906 train_acc=0.7852 train_loss=0.4763 val_acc=0.7365 val_loss=0.5837 router_H=0.6783 best=0.7365
           router_load=[0.07202918082475662, 0.09213143587112427, 0.3279457688331604, 0.5078936219215393]
[step 0070/150] method=baseline_cagrad loss=0.6393 train_acc=0.7852 train_loss=0.4763 val_acc=0.7365 val_loss=0.5837 router_H=0.6783 best=0.7365
           router_load=[0.07202918082475662, 0.09213143587112427, 0.3279457688331604, 0.5078936219215393]
[step 0080/150] method=baseline_cagrad loss=0.6247 train_acc=0.7852 train_loss=0.4763 val_acc=0.7365 val_loss=0.5837 router_H=0.6783 best=0.7365
           router_load=[0.07202918082475662, 0.09213143587112427, 0.3279457688331604, 0.5078936219215393]
[step 0090/150] method=baseline_cagrad loss=0.3730 train_acc=0.7852 train_loss=0.4763 val_acc=0.7365 val_loss=0.5837 router_H=0.6783 best=0.7365
           router_load=[0.07202918082475662, 0.09213143587112427, 0.3279457688331604, 0.5078936219215393]
[step 0100/150] method=baseline_cagrad loss=0.5250 train_acc=0.8477 train_loss=0.4025 val_acc=0.7834 val_loss=0.4820 router_H=0.6825 best=0.7834
           router_load=[0.10082618147134781, 0.16118820011615753, 0.26648038625717163, 0.47150516510009766]
[step 0110/150] method=baseline_cagrad loss=0.4576 train_acc=0.8477 train_loss=0.4025 val_acc=0.7834 val_loss=0.4820 router_H=0.6825 best=0.7834
           router_load=[0.10082618147134781, 0.16118820011615753, 0.26648038625717163, 0.47150516510009766]
[step 0120/150] method=baseline_cagrad loss=0.2537 train_acc=0.8477 train_loss=0.4025 val_acc=0.7834 val_loss=0.4820 router_H=0.6825 best=0.7834
           router_load=[0.10082618147134781, 0.16118820011615753, 0.26648038625717163, 0.47150516510009766]
[step 0130/150] method=baseline_cagrad loss=0.4952 train_acc=0.8477 train_loss=0.4025 val_acc=0.7834 val_loss=0.4820 router_H=0.6825 best=0.7834
           router_load=[0.10082618147134781, 0.16118820011615753, 0.26648038625717163, 0.47150516510009766]
[step 0140/150] method=baseline_cagrad loss=0.5885 train_acc=0.8477 train_loss=0.4025 val_acc=0.7834 val_loss=0.4820 router_H=0.6825 best=0.7834
           router_load=[0.10082618147134781, 0.16118820011615753, 0.26648038625717163, 0.47150516510009766]
[step 0150/150] method=baseline_cagrad loss=0.5691 train_acc=0.9258 train_loss=0.2244 val_acc=0.7906 val_loss=0.4476 router_H=0.6850 best=0.7906
           router_load=[0.2756635248661041, 0.08695410937070847, 0.255919486284256, 0.3814629912376404]
saved summary -> /home/zhujjing/MOE-grad-conflict-routing/runs/paper_suite/single_gpu/single_task/deberta_rte_lora_e4_k2_supplement/hpo/cagrad/trial_runs/coord_02_train_weight_decay_001/cagrad_s2.json
saved curve -> /home/zhujjing/MOE-grad-conflict-routing/runs/paper_suite/single_gpu/single_task/deberta_rte_lora_e4_k2_supplement/hpo/cagrad/trial_runs/coord_02_train_weight_decay_001/cagrad_s2_curve.csv
