[run] method=cagrad candidate=coord_02_train_weight_decay_016 seed=2 steps=150 gpu=0
[run] cmd=
/home/zhujjing/anaconda3/envs/moe/bin/python /home/zhujjing/MOE-grad-conflict-routing/scripts/run.py --config configs/singletask_rte_real.yaml --set model.backbone_backend=hf --set model.hf_load_pretrained=true --set model.hf_local_files_only=true --set model.backbone=deberta --set model.hf_pretrained_name=microsoft/deberta-v3-base --set model.expert_type=lora --set model.routing_mode=topk --set model.num_experts=4 --set model.top_k=2 --set seed=2 --set method.name=baseline_cagrad --set train.steps=150 --set train.eval_every_steps=50 --set method.baseline_cagrad.c=0.4 --set method.baseline_cagrad.inner_lr=0.1 --set train.grad_clip=1 --set train.lr=4.460286243e-05 --set train.weight_decay=0.01797160105 --out /home/zhujjing/MOE-grad-conflict-routing/runs/paper_suite/single_gpu/single_task/deberta_rte_lora_e4_k2_supplement/hpo/cagrad/trial_runs/coord_02_train_weight_decay_016/cagrad_s2.json --curve_out /home/zhujjing/MOE-grad-conflict-routing/runs/paper_suite/single_gpu/single_task/deberta_rte_lora_e4_k2_supplement/hpo/cagrad/trial_runs/coord_02_train_weight_decay_016/cagrad_s2_curve.csv
Using the latest cached version of the dataset since glue couldn't be found on the Hugging Face Hub (offline mode is enabled).
Found the latest cached dataset configuration 'rte' at /home/zhujjing/hf_cache/datasets/glue/rte/0.0.0/bcdcba79d07bc864c1c254ccfcedcce55bcc9a8c (last modified on Thu Mar 19 15:00:36 2026).
/home/zhujjing/anaconda3/envs/moe/lib/python3.10/site-packages/transformers/utils/hub.py:124: FutureWarning: Using `TRANSFORMERS_CACHE` is deprecated and will be removed in v5 of Transformers. Use `HF_HOME` instead.
  warnings.warn(
/home/zhujjing/anaconda3/envs/moe/lib/python3.10/site-packages/transformers/convert_slow_tokenizer.py:560: UserWarning: The sentencepiece tokenizer that you are converting to a fast tokenizer uses the byte fallback option which is not implemented in the fast tokenizers. In practice this means that the fast version of the tokenizer can produce unknown tokens whereas the sentencepiece version would have converted these unknown tokens into a sequence of byte tokens matching the original piece of text.
  warnings.warn(
[step 0001/150] method=baseline_cagrad loss=0.7101 train_acc=nan train_loss=nan val_acc=nan val_loss=nan best=-1.0000
[step 0010/150] method=baseline_cagrad loss=0.7599 train_acc=nan train_loss=nan val_acc=nan val_loss=nan best=-1.0000
[step 0020/150] method=baseline_cagrad loss=0.6042 train_acc=nan train_loss=nan val_acc=nan val_loss=nan best=-1.0000
[step 0030/150] method=baseline_cagrad loss=0.5923 train_acc=nan train_loss=nan val_acc=nan val_loss=nan best=-1.0000
[step 0040/150] method=baseline_cagrad loss=0.7208 train_acc=nan train_loss=nan val_acc=nan val_loss=nan best=-1.0000
[step 0050/150] method=baseline_cagrad loss=0.4828 train_acc=0.7617 train_loss=0.5379 val_acc=0.6895 val_loss=0.5746 router_H=0.5906 best=0.6895
           router_load=[0.0023433163296431303, 0.27700328826904297, 0.0017264668131247163, 0.7189269065856934]
[step 0060/150] method=baseline_cagrad loss=0.4878 train_acc=0.7617 train_loss=0.5379 val_acc=0.6895 val_loss=0.5746 router_H=0.5906 best=0.6895
           router_load=[0.0023433163296431303, 0.27700328826904297, 0.0017264668131247163, 0.7189269065856934]
[step 0070/150] method=baseline_cagrad loss=0.6793 train_acc=0.7617 train_loss=0.5379 val_acc=0.6895 val_loss=0.5746 router_H=0.5906 best=0.6895
           router_load=[0.0023433163296431303, 0.27700328826904297, 0.0017264668131247163, 0.7189269065856934]
[step 0080/150] method=baseline_cagrad loss=0.7427 train_acc=0.7617 train_loss=0.5379 val_acc=0.6895 val_loss=0.5746 router_H=0.5906 best=0.6895
           router_load=[0.0023433163296431303, 0.27700328826904297, 0.0017264668131247163, 0.7189269065856934]
[step 0090/150] method=baseline_cagrad loss=0.4957 train_acc=0.7617 train_loss=0.5379 val_acc=0.6895 val_loss=0.5746 router_H=0.5906 best=0.6895
           router_load=[0.0023433163296431303, 0.27700328826904297, 0.0017264668131247163, 0.7189269065856934]
[step 0100/150] method=baseline_cagrad loss=0.4994 train_acc=0.8633 train_loss=0.4142 val_acc=0.7653 val_loss=0.4954 router_H=0.5663 best=0.7653
           router_load=[0.05496460199356079, 0.20047882199287415, 0.0009103407501243055, 0.7436462044715881]
[step 0110/150] method=baseline_cagrad loss=0.5275 train_acc=0.8633 train_loss=0.4142 val_acc=0.7653 val_loss=0.4954 router_H=0.5663 best=0.7653
           router_load=[0.05496460199356079, 0.20047882199287415, 0.0009103407501243055, 0.7436462044715881]
[step 0120/150] method=baseline_cagrad loss=0.4071 train_acc=0.8633 train_loss=0.4142 val_acc=0.7653 val_loss=0.4954 router_H=0.5663 best=0.7653
           router_load=[0.05496460199356079, 0.20047882199287415, 0.0009103407501243055, 0.7436462044715881]
[step 0130/150] method=baseline_cagrad loss=0.5220 train_acc=0.8633 train_loss=0.4142 val_acc=0.7653 val_loss=0.4954 router_H=0.5663 best=0.7653
           router_load=[0.05496460199356079, 0.20047882199287415, 0.0009103407501243055, 0.7436462044715881]
[step 0140/150] method=baseline_cagrad loss=0.7882 train_acc=0.8633 train_loss=0.4142 val_acc=0.7653 val_loss=0.4954 router_H=0.5663 best=0.7653
           router_load=[0.05496460199356079, 0.20047882199287415, 0.0009103407501243055, 0.7436462044715881]
[step 0150/150] method=baseline_cagrad loss=0.6087 train_acc=0.9297 train_loss=0.2545 val_acc=0.8195 val_loss=0.4354 router_H=0.5806 best=0.8195
           router_load=[0.12701448798179626, 0.14608368277549744, 0.0, 0.7269018292427063]
saved summary -> /home/zhujjing/MOE-grad-conflict-routing/runs/paper_suite/single_gpu/single_task/deberta_rte_lora_e4_k2_supplement/hpo/cagrad/trial_runs/coord_02_train_weight_decay_016/cagrad_s2.json
saved curve -> /home/zhujjing/MOE-grad-conflict-routing/runs/paper_suite/single_gpu/single_task/deberta_rte_lora_e4_k2_supplement/hpo/cagrad/trial_runs/coord_02_train_weight_decay_016/cagrad_s2_curve.csv
