[run] method=ours candidate=coord_02_train_weight_decay_013 seed=2 steps=150 gpu=0
[run] cmd=
/home/zhujjing/anaconda3/envs/moe/bin/python /home/zhujjing/MOE-grad-conflict-routing/scripts/run.py --config configs/singletask_mrpc_real.yaml --set model.backbone_backend=hf --set model.hf_load_pretrained=true --set model.backbone=deberta --set model.hf_pretrained_name=microsoft/deberta-v3-base --set model.expert_type=lora --set model.routing_mode=topk --set model.num_experts=4 --set model.top_k=2 --set seed=2 --set method.name=ours --set train.steps=150 --set train.eval_every_steps=50 --set method.ours.use_load_norm=true --set method.ours.lambda_align=0.001 --set train.grad_clip=1 --set train.lr=5.484611636e-05 --set train.weight_decay=0.04796146989 --out /home/zhujjing/MOE-grad-conflict-routing/runs/paper_suite/single_gpu/single_task/deberta_mrpc_lora_e4_k2/hpo/ours/trial_runs/coord_02_train_weight_decay_013/ours_s2.json --curve_out /home/zhujjing/MOE-grad-conflict-routing/runs/paper_suite/single_gpu/single_task/deberta_mrpc_lora_e4_k2/hpo/ours/trial_runs/coord_02_train_weight_decay_013/ours_s2_curve.csv
Using the latest cached version of the dataset since glue couldn't be found on the Hugging Face Hub (offline mode is enabled).
Found the latest cached dataset configuration 'mrpc' at /home/zhujjing/hf_cache/datasets/glue/mrpc/0.0.0/bcdcba79d07bc864c1c254ccfcedcce55bcc9a8c (last modified on Thu Mar 19 15:01:06 2026).
/home/zhujjing/anaconda3/envs/moe/lib/python3.10/site-packages/transformers/utils/hub.py:124: FutureWarning: Using `TRANSFORMERS_CACHE` is deprecated and will be removed in v5 of Transformers. Use `HF_HOME` instead.
  warnings.warn(
/home/zhujjing/anaconda3/envs/moe/lib/python3.10/site-packages/transformers/convert_slow_tokenizer.py:560: UserWarning: The sentencepiece tokenizer that you are converting to a fast tokenizer uses the byte fallback option which is not implemented in the fast tokenizers. In practice this means that the fast version of the tokenizer can produce unknown tokens whereas the sentencepiece version would have converted these unknown tokens into a sequence of byte tokens matching the original piece of text.
  warnings.warn(
[step 0001/150] method=ours loss=0.7178 train_acc=nan train_loss=nan val_acc=nan val_loss=nan best=-1.0000
[step 0010/150] method=ours loss=0.7127 train_acc=nan train_loss=nan val_acc=nan val_loss=nan best=-1.0000
[step 0020/150] method=ours loss=0.7798 train_acc=nan train_loss=nan val_acc=nan val_loss=nan best=-1.0000
[step 0030/150] method=ours loss=0.5048 train_acc=nan train_loss=nan val_acc=nan val_loss=nan best=-1.0000
[step 0040/150] method=ours loss=0.4743 train_acc=nan train_loss=nan val_acc=nan val_loss=nan best=-1.0000
[step 0050/150] method=ours loss=0.4617 train_acc=0.8092 train_loss=0.4357 val_acc=0.8260 val_loss=0.4268 router_H=0.6245 best=0.8260
           router_load=[0.6759565472602844, 0.20337258279323578, 0.11783746629953384, 0.002833459060639143]
[step 0060/150] method=ours loss=0.5180 train_acc=0.8092 train_loss=0.4357 val_acc=0.8260 val_loss=0.4268 router_H=0.6245 best=0.8260
           router_load=[0.6759565472602844, 0.20337258279323578, 0.11783746629953384, 0.002833459060639143]
[step 0070/150] method=ours loss=0.3930 train_acc=0.8092 train_loss=0.4357 val_acc=0.8260 val_loss=0.4268 router_H=0.6245 best=0.8260
           router_load=[0.6759565472602844, 0.20337258279323578, 0.11783746629953384, 0.002833459060639143]
[step 0080/150] method=ours loss=0.2926 train_acc=0.8092 train_loss=0.4357 val_acc=0.8260 val_loss=0.4268 router_H=0.6245 best=0.8260
           router_load=[0.6759565472602844, 0.20337258279323578, 0.11783746629953384, 0.002833459060639143]
[step 0090/150] method=ours loss=0.5291 train_acc=0.8092 train_loss=0.4357 val_acc=0.8260 val_loss=0.4268 router_H=0.6245 best=0.8260
           router_load=[0.6759565472602844, 0.20337258279323578, 0.11783746629953384, 0.002833459060639143]
[step 0100/150] method=ours loss=0.2066 train_acc=0.8239 train_loss=0.4064 val_acc=0.8113 val_loss=0.4506 router_H=0.6784 best=0.8260
           router_load=[0.5389605760574341, 0.026355823501944542, 0.39917612075805664, 0.03550754487514496]
[step 0110/150] method=ours loss=0.4658 train_acc=0.8239 train_loss=0.4064 val_acc=0.8113 val_loss=0.4506 router_H=0.6784 best=0.8260
           router_load=[0.5389605760574341, 0.026355823501944542, 0.39917612075805664, 0.03550754487514496]
[step 0120/150] method=ours loss=0.1773 train_acc=0.8239 train_loss=0.4064 val_acc=0.8113 val_loss=0.4506 router_H=0.6784 best=0.8260
           router_load=[0.5389605760574341, 0.026355823501944542, 0.39917612075805664, 0.03550754487514496]
[step 0130/150] method=ours loss=0.3439 train_acc=0.8239 train_loss=0.4064 val_acc=0.8113 val_loss=0.4506 router_H=0.6784 best=0.8260
           router_load=[0.5389605760574341, 0.026355823501944542, 0.39917612075805664, 0.03550754487514496]
[step 0140/150] method=ours loss=0.2724 train_acc=0.8239 train_loss=0.4064 val_acc=0.8113 val_loss=0.4506 router_H=0.6784 best=0.8260
           router_load=[0.5389605760574341, 0.026355823501944542, 0.39917612075805664, 0.03550754487514496]
[step 0150/150] method=ours loss=0.8149 train_acc=0.8694 train_loss=0.3112 val_acc=0.8431 val_loss=0.3904 router_H=0.6592 best=0.8431
           router_load=[0.43022552132606506, 0.02159048803150654, 0.48421210050582886, 0.06397183239459991]
saved summary -> /home/zhujjing/MOE-grad-conflict-routing/runs/paper_suite/single_gpu/single_task/deberta_mrpc_lora_e4_k2/hpo/ours/trial_runs/coord_02_train_weight_decay_013/ours_s2.json
saved curve -> /home/zhujjing/MOE-grad-conflict-routing/runs/paper_suite/single_gpu/single_task/deberta_mrpc_lora_e4_k2/hpo/ours/trial_runs/coord_02_train_weight_decay_013/ours_s2_curve.csv
