[run] method=ours candidate=coord_01_train_lr_008 seed=3 steps=200 gpu=0
[run] cmd=
/home/zhujjing/anaconda3/envs/moe/bin/python /home/zhujjing/MOE-grad-conflict-routing/scripts/run.py --config configs/multitask_glue4_real.yaml --set model.backbone_backend=hf --set model.hf_load_pretrained=true --set model.hf_local_files_only=true --set model.backbone=gpt2 --set model.hf_pretrained_name=gpt2-medium --set model.expert_type=lora --set model.routing_mode=topk --set model.num_experts=4 --set model.top_k=2 --set train.eval_train_fraction=0.10 --set train.eval_train_max_batches=-1 --set train.eval_max_batches=-1 --set seed=3 --set method.name=ours --set train.steps=200 --set train.eval_every_steps=100 --set method.ours.use_load_norm=true --set method.ours.lambda_align=0.001 --set train.grad_clip=1 --set train.lr=1.595254206e-05 --set train.weight_decay=0 --out /home/zhujjing/MOE-grad-conflict-routing/runs/paper_suite/single_gpu/multi_task/glue4_gpt2_lora_e4_k2/hpo/ours/trial_runs/coord_01_train_lr_008/ours_s3.json --curve_out /home/zhujjing/MOE-grad-conflict-routing/runs/paper_suite/single_gpu/multi_task/glue4_gpt2_lora_e4_k2/hpo/ours/trial_runs/coord_01_train_lr_008/ours_s3_curve.csv
Using the latest cached version of the dataset since glue couldn't be found on the Hugging Face Hub (offline mode is enabled).
Found the latest cached dataset configuration 'rte' at /home/zhujjing/hf_cache/datasets/glue/rte/0.0.0/bcdcba79d07bc864c1c254ccfcedcce55bcc9a8c (last modified on Thu Mar 19 15:00:36 2026).
/home/zhujjing/anaconda3/envs/moe/lib/python3.10/site-packages/transformers/utils/hub.py:124: FutureWarning: Using `TRANSFORMERS_CACHE` is deprecated and will be removed in v5 of Transformers. Use `HF_HOME` instead.
  warnings.warn(
Using the latest cached version of the dataset since glue couldn't be found on the Hugging Face Hub (offline mode is enabled).
Found the latest cached dataset configuration 'mrpc' at /home/zhujjing/hf_cache/datasets/glue/mrpc/0.0.0/bcdcba79d07bc864c1c254ccfcedcce55bcc9a8c (last modified on Thu Mar 19 15:01:06 2026).
Using the latest cached version of the dataset since glue couldn't be found on the Hugging Face Hub (offline mode is enabled).
Found the latest cached dataset configuration 'sst2' at /home/zhujjing/hf_cache/datasets/glue/sst2/0.0.0/bcdcba79d07bc864c1c254ccfcedcce55bcc9a8c (last modified on Thu Mar 19 15:01:41 2026).
Using the latest cached version of the dataset since glue couldn't be found on the Hugging Face Hub (offline mode is enabled).
Found the latest cached dataset configuration 'cola' at /home/zhujjing/hf_cache/datasets/glue/cola/0.0.0/bcdcba79d07bc864c1c254ccfcedcce55bcc9a8c (last modified on Thu Mar 19 15:02:09 2026).
[step 0001/200] method=ours loss=1.1501 train_acc=nan train_loss=nan val_acc=nan val_loss=nan best=-1.0000
[step 0010/200] method=ours loss=0.7078 train_acc=nan train_loss=nan val_acc=nan val_loss=nan best=-1.0000
[step 0020/200] method=ours loss=0.6692 train_acc=nan train_loss=nan val_acc=nan val_loss=nan best=-1.0000
[step 0030/200] method=ours loss=0.6311 train_acc=nan train_loss=nan val_acc=nan val_loss=nan best=-1.0000
[step 0040/200] method=ours loss=0.6047 train_acc=nan train_loss=nan val_acc=nan val_loss=nan best=-1.0000
[step 0050/200] method=ours loss=0.7180 train_acc=nan train_loss=nan val_acc=nan val_loss=nan best=-1.0000
[step 0060/200] method=ours loss=0.6140 train_acc=nan train_loss=nan val_acc=nan val_loss=nan best=-1.0000
[step 0070/200] method=ours loss=0.6156 train_acc=nan train_loss=nan val_acc=nan val_loss=nan best=-1.0000
[step 0080/200] method=ours loss=0.5409 train_acc=nan train_loss=nan val_acc=nan val_loss=nan best=-1.0000
[step 0090/200] method=ours loss=0.5160 train_acc=nan train_loss=nan val_acc=nan val_loss=nan best=-1.0000
[step 0100/200] method=ours loss=0.6317 train_acc=0.7348 train_loss=0.5454 val_acc=0.7109 val_loss=0.6114 router_H=0.4512 best=0.7109
           router_load=[0.18529745936393738, 0.009457527659833431, 0.77179354429245, 0.03345172107219696]
[step 0110/200] method=ours loss=0.5815 train_acc=0.7348 train_loss=0.5454 val_acc=0.7109 val_loss=0.6114 router_H=0.4512 best=0.7109
           router_load=[0.18529745936393738, 0.009457527659833431, 0.77179354429245, 0.03345172107219696]
[step 0120/200] method=ours loss=0.5089 train_acc=0.7348 train_loss=0.5454 val_acc=0.7109 val_loss=0.6114 router_H=0.4512 best=0.7109
           router_load=[0.18529745936393738, 0.009457527659833431, 0.77179354429245, 0.03345172107219696]
[step 0130/200] method=ours loss=0.5712 train_acc=0.7348 train_loss=0.5454 val_acc=0.7109 val_loss=0.6114 router_H=0.4512 best=0.7109
           router_load=[0.18529745936393738, 0.009457527659833431, 0.77179354429245, 0.03345172107219696]
[step 0140/200] method=ours loss=0.4244 train_acc=0.7348 train_loss=0.5454 val_acc=0.7109 val_loss=0.6114 router_H=0.4512 best=0.7109
           router_load=[0.18529745936393738, 0.009457527659833431, 0.77179354429245, 0.03345172107219696]
[step 0150/200] method=ours loss=0.5184 train_acc=0.7348 train_loss=0.5454 val_acc=0.7109 val_loss=0.6114 router_H=0.4512 best=0.7109
           router_load=[0.18529745936393738, 0.009457527659833431, 0.77179354429245, 0.03345172107219696]
[step 0160/200] method=ours loss=0.5558 train_acc=0.7348 train_loss=0.5454 val_acc=0.7109 val_loss=0.6114 router_H=0.4512 best=0.7109
           router_load=[0.18529745936393738, 0.009457527659833431, 0.77179354429245, 0.03345172107219696]
[step 0170/200] method=ours loss=0.5533 train_acc=0.7348 train_loss=0.5454 val_acc=0.7109 val_loss=0.6114 router_H=0.4512 best=0.7109
           router_load=[0.18529745936393738, 0.009457527659833431, 0.77179354429245, 0.03345172107219696]
[step 0180/200] method=ours loss=0.3893 train_acc=0.7348 train_loss=0.5454 val_acc=0.7109 val_loss=0.6114 router_H=0.4512 best=0.7109
           router_load=[0.18529745936393738, 0.009457527659833431, 0.77179354429245, 0.03345172107219696]
[step 0190/200] method=ours loss=0.4623 train_acc=0.7348 train_loss=0.5454 val_acc=0.7109 val_loss=0.6114 router_H=0.4512 best=0.7109
           router_load=[0.18529745936393738, 0.009457527659833431, 0.77179354429245, 0.03345172107219696]
[step 0200/200] method=ours loss=0.4813 train_acc=0.7735 train_loss=0.4548 val_acc=0.7571 val_loss=0.4989 router_H=0.5184 best=0.7571
           router_load=[0.22795981168746948, 0.028214504942297935, 0.6305293440818787, 0.11329644173383713]
saved summary -> /home/zhujjing/MOE-grad-conflict-routing/runs/paper_suite/single_gpu/multi_task/glue4_gpt2_lora_e4_k2/hpo/ours/trial_runs/coord_01_train_lr_008/ours_s3.json
saved curve -> /home/zhujjing/MOE-grad-conflict-routing/runs/paper_suite/single_gpu/multi_task/glue4_gpt2_lora_e4_k2/hpo/ours/trial_runs/coord_01_train_lr_008/ours_s3_curve.csv
