[run] method=cagrad candidate=local_var_topk_022 seed=3 steps=150 gpu=0
[run] cmd=
/home/zhujjing/anaconda3/envs/moe/bin/python /home/zhujjing/MOE-grad-conflict-routing/scripts/run.py --config configs/singletask_mrpc_real.yaml --set model.backbone_backend=hf --set model.hf_load_pretrained=true --set model.backbone=deberta --set model.hf_pretrained_name=microsoft/deberta-v3-base --set model.expert_type=lora --set model.routing_mode=topk --set model.num_experts=4 --set model.top_k=2 --set seed=3 --set method.name=baseline_cagrad --set train.steps=150 --set train.eval_every_steps=50 --set method.baseline_cagrad.c=0.9099800661 --set method.baseline_cagrad.inner_lr=0.07815593765 --set train.grad_clip=1.658271302 --set train.lr=0.000156972809 --set train.weight_decay=0.01566577443 --out /home/zhujjing/MOE-grad-conflict-routing/runs/paper_suite/single_gpu/single_task/deberta_mrpc_lora_e4_k2/hpo/cagrad/trial_runs/local_var_topk_022/cagrad_s3.json --curve_out /home/zhujjing/MOE-grad-conflict-routing/runs/paper_suite/single_gpu/single_task/deberta_mrpc_lora_e4_k2/hpo/cagrad/trial_runs/local_var_topk_022/cagrad_s3_curve.csv
Using the latest cached version of the dataset since glue couldn't be found on the Hugging Face Hub (offline mode is enabled).
Found the latest cached dataset configuration 'mrpc' at /home/zhujjing/hf_cache/datasets/glue/mrpc/0.0.0/bcdcba79d07bc864c1c254ccfcedcce55bcc9a8c (last modified on Thu Mar 19 15:01:06 2026).
/home/zhujjing/anaconda3/envs/moe/lib/python3.10/site-packages/transformers/utils/hub.py:124: FutureWarning: Using `TRANSFORMERS_CACHE` is deprecated and will be removed in v5 of Transformers. Use `HF_HOME` instead.
  warnings.warn(
/home/zhujjing/anaconda3/envs/moe/lib/python3.10/site-packages/transformers/convert_slow_tokenizer.py:560: UserWarning: The sentencepiece tokenizer that you are converting to a fast tokenizer uses the byte fallback option which is not implemented in the fast tokenizers. In practice this means that the fast version of the tokenizer can produce unknown tokens whereas the sentencepiece version would have converted these unknown tokens into a sequence of byte tokens matching the original piece of text.
  warnings.warn(
[step 0001/150] method=baseline_cagrad loss=0.6960 train_acc=nan train_loss=nan val_acc=nan val_loss=nan best=-1.0000
[step 0010/150] method=baseline_cagrad loss=0.6031 train_acc=nan train_loss=nan val_acc=nan val_loss=nan best=-1.0000
[step 0020/150] method=baseline_cagrad loss=0.5421 train_acc=nan train_loss=nan val_acc=nan val_loss=nan best=-1.0000
[step 0030/150] method=baseline_cagrad loss=0.4911 train_acc=nan train_loss=nan val_acc=nan val_loss=nan best=-1.0000
[step 0040/150] method=baseline_cagrad loss=0.6039 train_acc=nan train_loss=nan val_acc=nan val_loss=nan best=-1.0000
[step 0050/150] method=baseline_cagrad loss=0.6103 train_acc=0.7339 train_loss=0.5355 val_acc=0.7500 val_loss=0.5273 router_H=0.6697 best=0.7500
           router_load=[0.018454216420650482, 0.0, 0.38141342997550964, 0.6001322865486145]
[step 0060/150] method=baseline_cagrad loss=0.5636 train_acc=0.7339 train_loss=0.5355 val_acc=0.7500 val_loss=0.5273 router_H=0.6697 best=0.7500
           router_load=[0.018454216420650482, 0.0, 0.38141342997550964, 0.6001322865486145]
[step 0070/150] method=baseline_cagrad loss=0.4969 train_acc=0.7339 train_loss=0.5355 val_acc=0.7500 val_loss=0.5273 router_H=0.6697 best=0.7500
           router_load=[0.018454216420650482, 0.0, 0.38141342997550964, 0.6001322865486145]
[step 0080/150] method=baseline_cagrad loss=0.4005 train_acc=0.7339 train_loss=0.5355 val_acc=0.7500 val_loss=0.5273 router_H=0.6697 best=0.7500
           router_load=[0.018454216420650482, 0.0, 0.38141342997550964, 0.6001322865486145]
[step 0090/150] method=baseline_cagrad loss=0.5062 train_acc=0.7339 train_loss=0.5355 val_acc=0.7500 val_loss=0.5273 router_H=0.6697 best=0.7500
           router_load=[0.018454216420650482, 0.0, 0.38141342997550964, 0.6001322865486145]
[step 0100/150] method=baseline_cagrad loss=0.5102 train_acc=0.8337 train_loss=0.3794 val_acc=0.7966 val_loss=0.4015 router_H=0.6723 best=0.7966
           router_load=[0.014778644777834415, 0.0, 0.5594111680984497, 0.42581015825271606]
[step 0110/150] method=baseline_cagrad loss=0.2848 train_acc=0.8337 train_loss=0.3794 val_acc=0.7966 val_loss=0.4015 router_H=0.6723 best=0.7966
           router_load=[0.014778644777834415, 0.0, 0.5594111680984497, 0.42581015825271606]
[step 0120/150] method=baseline_cagrad loss=0.3353 train_acc=0.8337 train_loss=0.3794 val_acc=0.7966 val_loss=0.4015 router_H=0.6723 best=0.7966
           router_load=[0.014778644777834415, 0.0, 0.5594111680984497, 0.42581015825271606]
[step 0130/150] method=baseline_cagrad loss=0.6862 train_acc=0.8337 train_loss=0.3794 val_acc=0.7966 val_loss=0.4015 router_H=0.6723 best=0.7966
           router_load=[0.014778644777834415, 0.0, 0.5594111680984497, 0.42581015825271606]
[step 0140/150] method=baseline_cagrad loss=0.3279 train_acc=0.8337 train_loss=0.3794 val_acc=0.7966 val_loss=0.4015 router_H=0.6723 best=0.7966
           router_load=[0.014778644777834415, 0.0, 0.5594111680984497, 0.42581015825271606]
[step 0150/150] method=baseline_cagrad loss=0.4107 train_acc=0.8547 train_loss=0.3380 val_acc=0.8578 val_loss=0.3253 router_H=0.4900 best=0.8578
           router_load=[0.0888884887099266, 0.0019806502386927605, 0.7807755470275879, 0.1283552050590515]
saved summary -> /home/zhujjing/MOE-grad-conflict-routing/runs/paper_suite/single_gpu/single_task/deberta_mrpc_lora_e4_k2/hpo/cagrad/trial_runs/local_var_topk_022/cagrad_s3.json
saved curve -> /home/zhujjing/MOE-grad-conflict-routing/runs/paper_suite/single_gpu/single_task/deberta_mrpc_lora_e4_k2/hpo/cagrad/trial_runs/local_var_topk_022/cagrad_s3_curve.csv
