[run] method=cagrad candidate=local_var_topk_001 seed=3 steps=150 gpu=0
[run] cmd=
/home/zhujjing/anaconda3/envs/moe/bin/python /home/zhujjing/MOE-grad-conflict-routing/scripts/run.py --config configs/singletask_mrpc_real.yaml --set model.backbone_backend=hf --set model.hf_load_pretrained=true --set model.backbone=deberta --set model.hf_pretrained_name=microsoft/deberta-v3-base --set model.expert_type=lora --set model.routing_mode=topk --set model.num_experts=4 --set model.top_k=2 --set seed=3 --set method.name=baseline_cagrad --set train.steps=150 --set train.eval_every_steps=50 --set method.baseline_cagrad.c=0.9099800661 --set method.baseline_cagrad.inner_lr=0.07815593765 --set train.grad_clip=1.358271302 --set train.lr=3.9243202e-05 --set train.weight_decay=0.01566577443 --out /home/zhujjing/MOE-grad-conflict-routing/runs/paper_suite/single_gpu/single_task/deberta_mrpc_lora_e4_k2/hpo/cagrad/trial_runs/local_var_topk_001/cagrad_s3.json --curve_out /home/zhujjing/MOE-grad-conflict-routing/runs/paper_suite/single_gpu/single_task/deberta_mrpc_lora_e4_k2/hpo/cagrad/trial_runs/local_var_topk_001/cagrad_s3_curve.csv
Using the latest cached version of the dataset since glue couldn't be found on the Hugging Face Hub (offline mode is enabled).
Found the latest cached dataset configuration 'mrpc' at /home/zhujjing/hf_cache/datasets/glue/mrpc/0.0.0/bcdcba79d07bc864c1c254ccfcedcce55bcc9a8c (last modified on Thu Mar 19 15:01:06 2026).
/home/zhujjing/anaconda3/envs/moe/lib/python3.10/site-packages/transformers/utils/hub.py:124: FutureWarning: Using `TRANSFORMERS_CACHE` is deprecated and will be removed in v5 of Transformers. Use `HF_HOME` instead.
  warnings.warn(
/home/zhujjing/anaconda3/envs/moe/lib/python3.10/site-packages/transformers/convert_slow_tokenizer.py:560: UserWarning: The sentencepiece tokenizer that you are converting to a fast tokenizer uses the byte fallback option which is not implemented in the fast tokenizers. In practice this means that the fast version of the tokenizer can produce unknown tokens whereas the sentencepiece version would have converted these unknown tokens into a sequence of byte tokens matching the original piece of text.
  warnings.warn(
[step 0001/150] method=baseline_cagrad loss=0.8118 train_acc=nan train_loss=nan val_acc=nan val_loss=nan best=-1.0000
[step 0010/150] method=baseline_cagrad loss=0.6480 train_acc=nan train_loss=nan val_acc=nan val_loss=nan best=-1.0000
[step 0020/150] method=baseline_cagrad loss=0.4963 train_acc=nan train_loss=nan val_acc=nan val_loss=nan best=-1.0000
[step 0030/150] method=baseline_cagrad loss=0.4164 train_acc=nan train_loss=nan val_acc=nan val_loss=nan best=-1.0000
[step 0040/150] method=baseline_cagrad loss=0.5083 train_acc=nan train_loss=nan val_acc=nan val_loss=nan best=-1.0000
[step 0050/150] method=baseline_cagrad loss=0.2654 train_acc=0.8190 train_loss=0.3934 val_acc=0.8162 val_loss=0.3867 router_H=0.6698 best=0.8162
           router_load=[0.3760211765766144, 0.2264908105134964, 0.04623594135046005, 0.351252019405365]
[step 0060/150] method=baseline_cagrad loss=0.3279 train_acc=0.8190 train_loss=0.3934 val_acc=0.8162 val_loss=0.3867 router_H=0.6698 best=0.8162
           router_load=[0.3760211765766144, 0.2264908105134964, 0.04623594135046005, 0.351252019405365]
[step 0070/150] method=baseline_cagrad loss=0.2753 train_acc=0.8190 train_loss=0.3934 val_acc=0.8162 val_loss=0.3867 router_H=0.6698 best=0.8162
           router_load=[0.3760211765766144, 0.2264908105134964, 0.04623594135046005, 0.351252019405365]
[step 0080/150] method=baseline_cagrad loss=0.2111 train_acc=0.8190 train_loss=0.3934 val_acc=0.8162 val_loss=0.3867 router_H=0.6698 best=0.8162
           router_load=[0.3760211765766144, 0.2264908105134964, 0.04623594135046005, 0.351252019405365]
[step 0090/150] method=baseline_cagrad loss=0.3170 train_acc=0.8190 train_loss=0.3934 val_acc=0.8162 val_loss=0.3867 router_H=0.6698 best=0.8162
           router_load=[0.3760211765766144, 0.2264908105134964, 0.04623594135046005, 0.351252019405365]
[step 0100/150] method=baseline_cagrad loss=0.3146 train_acc=0.8830 train_loss=0.2756 val_acc=0.8799 val_loss=0.3096 router_H=0.6238 best=0.8799
           router_load=[0.3330874741077423, 0.09581206738948822, 0.03661096841096878, 0.5344894528388977]
[step 0110/150] method=baseline_cagrad loss=0.4828 train_acc=0.8830 train_loss=0.2756 val_acc=0.8799 val_loss=0.3096 router_H=0.6238 best=0.8799
           router_load=[0.3330874741077423, 0.09581206738948822, 0.03661096841096878, 0.5344894528388977]
[step 0120/150] method=baseline_cagrad loss=0.2435 train_acc=0.8830 train_loss=0.2756 val_acc=0.8799 val_loss=0.3096 router_H=0.6238 best=0.8799
           router_load=[0.3330874741077423, 0.09581206738948822, 0.03661096841096878, 0.5344894528388977]
[step 0130/150] method=baseline_cagrad loss=0.5020 train_acc=0.8830 train_loss=0.2756 val_acc=0.8799 val_loss=0.3096 router_H=0.6238 best=0.8799
           router_load=[0.3330874741077423, 0.09581206738948822, 0.03661096841096878, 0.5344894528388977]
[step 0140/150] method=baseline_cagrad loss=0.6760 train_acc=0.8830 train_loss=0.2756 val_acc=0.8799 val_loss=0.3096 router_H=0.6238 best=0.8799
           router_load=[0.3330874741077423, 0.09581206738948822, 0.03661096841096878, 0.5344894528388977]
[step 0150/150] method=baseline_cagrad loss=0.1843 train_acc=0.9035 train_loss=0.2428 val_acc=0.8725 val_loss=0.2726 router_H=0.6465 best=0.8799
           router_load=[0.39598900079727173, 0.13107338547706604, 0.12688010931015015, 0.3460574746131897]
saved summary -> /home/zhujjing/MOE-grad-conflict-routing/runs/paper_suite/single_gpu/single_task/deberta_mrpc_lora_e4_k2/hpo/cagrad/trial_runs/local_var_topk_001/cagrad_s3.json
saved curve -> /home/zhujjing/MOE-grad-conflict-routing/runs/paper_suite/single_gpu/single_task/deberta_mrpc_lora_e4_k2/hpo/cagrad/trial_runs/local_var_topk_001/cagrad_s3_curve.csv
