[run] method=cagrad candidate=coord_01_train_lr_004 seed=2 steps=150 gpu=0
[run] cmd=
/home/zhujjing/anaconda3/envs/moe/bin/python /home/zhujjing/MOE-grad-conflict-routing/scripts/run.py --config configs/singletask_sst2_real.yaml --set model.backbone_backend=hf --set model.hf_load_pretrained=true --set model.hf_local_files_only=true --set model.backbone=deberta --set model.hf_pretrained_name=microsoft/deberta-v3-base --set model.expert_type=ffn --set model.routing_mode=topk --set model.num_experts=4 --set model.top_k=2 --set seed=2 --set method.name=baseline_cagrad --set train.steps=150 --set train.eval_every_steps=50 --set method.baseline_cagrad.c=0.4 --set method.baseline_cagrad.inner_lr=0.1 --set train.grad_clip=1 --set train.lr=5.914112254e-06 --set train.weight_decay=0.01 --out /home/zhujjing/MOE-grad-conflict-routing/runs/paper_suite/single_gpu/single_task/deberta_sst2_ffn_e4_k2_supplement/hpo/cagrad/trial_runs/coord_01_train_lr_004/cagrad_s2.json --curve_out /home/zhujjing/MOE-grad-conflict-routing/runs/paper_suite/single_gpu/single_task/deberta_sst2_ffn_e4_k2_supplement/hpo/cagrad/trial_runs/coord_01_train_lr_004/cagrad_s2_curve.csv
Using the latest cached version of the dataset since glue couldn't be found on the Hugging Face Hub (offline mode is enabled).
Found the latest cached dataset configuration 'sst2' at /home/zhujjing/hf_cache/datasets/glue/sst2/0.0.0/bcdcba79d07bc864c1c254ccfcedcce55bcc9a8c (last modified on Thu Mar 19 15:01:41 2026).
/home/zhujjing/anaconda3/envs/moe/lib/python3.10/site-packages/transformers/utils/hub.py:124: FutureWarning: Using `TRANSFORMERS_CACHE` is deprecated and will be removed in v5 of Transformers. Use `HF_HOME` instead.
  warnings.warn(
/home/zhujjing/anaconda3/envs/moe/lib/python3.10/site-packages/transformers/convert_slow_tokenizer.py:560: UserWarning: The sentencepiece tokenizer that you are converting to a fast tokenizer uses the byte fallback option which is not implemented in the fast tokenizers. In practice this means that the fast version of the tokenizer can produce unknown tokens whereas the sentencepiece version would have converted these unknown tokens into a sequence of byte tokens matching the original piece of text.
  warnings.warn(
[step 0001/150] method=baseline_cagrad loss=0.7216 train_acc=nan train_loss=nan val_acc=nan val_loss=nan best=-1.0000
[step 0010/150] method=baseline_cagrad loss=0.7073 train_acc=nan train_loss=nan val_acc=nan val_loss=nan best=-1.0000
[step 0020/150] method=baseline_cagrad loss=0.6693 train_acc=nan train_loss=nan val_acc=nan val_loss=nan best=-1.0000
[step 0030/150] method=baseline_cagrad loss=0.6635 train_acc=nan train_loss=nan val_acc=nan val_loss=nan best=-1.0000
[step 0040/150] method=baseline_cagrad loss=0.6489 train_acc=nan train_loss=nan val_acc=nan val_loss=nan best=-1.0000
[step 0050/150] method=baseline_cagrad loss=0.6027 train_acc=0.6727 train_loss=0.6465 val_acc=0.6709 val_loss=0.6441 router_H=0.6688 best=0.6709
           router_load=[0.3807324767112732, 0.020961429923772812, 0.0018873299704864621, 0.5964186787605286]
[step 0060/150] method=baseline_cagrad loss=0.6285 train_acc=0.6727 train_loss=0.6465 val_acc=0.6709 val_loss=0.6441 router_H=0.6688 best=0.6709
           router_load=[0.3807324767112732, 0.020961429923772812, 0.0018873299704864621, 0.5964186787605286]
[step 0070/150] method=baseline_cagrad loss=0.6019 train_acc=0.6727 train_loss=0.6465 val_acc=0.6709 val_loss=0.6441 router_H=0.6688 best=0.6709
           router_load=[0.3807324767112732, 0.020961429923772812, 0.0018873299704864621, 0.5964186787605286]
[step 0080/150] method=baseline_cagrad loss=0.4852 train_acc=0.6727 train_loss=0.6465 val_acc=0.6709 val_loss=0.6441 router_H=0.6688 best=0.6709
           router_load=[0.3807324767112732, 0.020961429923772812, 0.0018873299704864621, 0.5964186787605286]
[step 0090/150] method=baseline_cagrad loss=0.5162 train_acc=0.6727 train_loss=0.6465 val_acc=0.6709 val_loss=0.6441 router_H=0.6688 best=0.6709
           router_load=[0.3807324767112732, 0.020961429923772812, 0.0018873299704864621, 0.5964186787605286]
[step 0100/150] method=baseline_cagrad loss=0.3018 train_acc=0.8757 train_loss=0.3550 val_acc=0.8842 val_loss=0.3234 router_H=0.5838 best=0.8842
           router_load=[0.24652162194252014, 0.02665530890226364, 0.001639250316657126, 0.7251838445663452]
[step 0110/150] method=baseline_cagrad loss=0.3156 train_acc=0.8757 train_loss=0.3550 val_acc=0.8842 val_loss=0.3234 router_H=0.5838 best=0.8842
           router_load=[0.24652162194252014, 0.02665530890226364, 0.001639250316657126, 0.7251838445663452]
[step 0120/150] method=baseline_cagrad loss=0.3184 train_acc=0.8757 train_loss=0.3550 val_acc=0.8842 val_loss=0.3234 router_H=0.5838 best=0.8842
           router_load=[0.24652162194252014, 0.02665530890226364, 0.001639250316657126, 0.7251838445663452]
[step 0130/150] method=baseline_cagrad loss=0.4480 train_acc=0.8757 train_loss=0.3550 val_acc=0.8842 val_loss=0.3234 router_H=0.5838 best=0.8842
           router_load=[0.24652162194252014, 0.02665530890226364, 0.001639250316657126, 0.7251838445663452]
[step 0140/150] method=baseline_cagrad loss=0.4574 train_acc=0.8757 train_loss=0.3550 val_acc=0.8842 val_loss=0.3234 router_H=0.5838 best=0.8842
           router_load=[0.24652162194252014, 0.02665530890226364, 0.001639250316657126, 0.7251838445663452]
[step 0150/150] method=baseline_cagrad loss=0.4793 train_acc=0.8930 train_loss=0.2831 val_acc=0.8945 val_loss=0.2653 router_H=0.4588 best=0.8945
           router_load=[0.14530207216739655, 0.019326226785779, 0.010142280720174313, 0.8252293467521667]
saved summary -> /home/zhujjing/MOE-grad-conflict-routing/runs/paper_suite/single_gpu/single_task/deberta_sst2_ffn_e4_k2_supplement/hpo/cagrad/trial_runs/coord_01_train_lr_004/cagrad_s2.json
saved curve -> /home/zhujjing/MOE-grad-conflict-routing/runs/paper_suite/single_gpu/single_task/deberta_sst2_ffn_e4_k2_supplement/hpo/cagrad/trial_runs/coord_01_train_lr_004/cagrad_s2_curve.csv
