[run] method=cagrad candidate=coord_01_train_lr_007 seed=3 steps=150 gpu=0
[run] cmd=
/home/zhujjing/anaconda3/envs/moe/bin/python /home/zhujjing/MOE-grad-conflict-routing/scripts/run.py --config configs/singletask_sst2_real.yaml --set model.backbone_backend=hf --set model.hf_load_pretrained=true --set model.hf_local_files_only=true --set model.backbone=deberta --set model.hf_pretrained_name=microsoft/deberta-v3-base --set model.expert_type=ffn --set model.routing_mode=topk --set model.num_experts=4 --set model.top_k=2 --set seed=3 --set method.name=baseline_cagrad --set train.steps=150 --set train.eval_every_steps=50 --set method.baseline_cagrad.c=0.4 --set method.baseline_cagrad.inner_lr=0.1 --set train.grad_clip=1 --set train.lr=0.0009742492106 --set train.weight_decay=0.01 --out /home/zhujjing/MOE-grad-conflict-routing/runs/paper_suite/single_gpu/single_task/deberta_sst2_ffn_e4_k2_supplement/hpo/cagrad/trial_runs/coord_01_train_lr_007/cagrad_s3.json --curve_out /home/zhujjing/MOE-grad-conflict-routing/runs/paper_suite/single_gpu/single_task/deberta_sst2_ffn_e4_k2_supplement/hpo/cagrad/trial_runs/coord_01_train_lr_007/cagrad_s3_curve.csv
Using the latest cached version of the dataset since glue couldn't be found on the Hugging Face Hub (offline mode is enabled).
Found the latest cached dataset configuration 'sst2' at /home/zhujjing/hf_cache/datasets/glue/sst2/0.0.0/bcdcba79d07bc864c1c254ccfcedcce55bcc9a8c (last modified on Thu Mar 19 15:01:41 2026).
/home/zhujjing/anaconda3/envs/moe/lib/python3.10/site-packages/transformers/utils/hub.py:124: FutureWarning: Using `TRANSFORMERS_CACHE` is deprecated and will be removed in v5 of Transformers. Use `HF_HOME` instead.
  warnings.warn(
/home/zhujjing/anaconda3/envs/moe/lib/python3.10/site-packages/transformers/convert_slow_tokenizer.py:560: UserWarning: The sentencepiece tokenizer that you are converting to a fast tokenizer uses the byte fallback option which is not implemented in the fast tokenizers. In practice this means that the fast version of the tokenizer can produce unknown tokens whereas the sentencepiece version would have converted these unknown tokens into a sequence of byte tokens matching the original piece of text.
  warnings.warn(
[step 0001/150] method=baseline_cagrad loss=0.7428 train_acc=nan train_loss=nan val_acc=nan val_loss=nan best=-1.0000
[step 0010/150] method=baseline_cagrad loss=3.5344 train_acc=nan train_loss=nan val_acc=nan val_loss=nan best=-1.0000
[step 0020/150] method=baseline_cagrad loss=0.6254 train_acc=nan train_loss=nan val_acc=nan val_loss=nan best=-1.0000
[step 0030/150] method=baseline_cagrad loss=0.8464 train_acc=nan train_loss=nan val_acc=nan val_loss=nan best=-1.0000
[step 0040/150] method=baseline_cagrad loss=1.2366 train_acc=nan train_loss=nan val_acc=nan val_loss=nan best=-1.0000
[step 0050/150] method=baseline_cagrad loss=0.7617 train_acc=0.4433 train_loss=0.6950 val_acc=0.4908 val_loss=0.6935 router_H=0.1039 best=0.4908
           router_load=[0.978471577167511, 0.021528102457523346, 0.0, 0.0]
[step 0060/150] method=baseline_cagrad loss=0.6967 train_acc=0.4433 train_loss=0.6950 val_acc=0.4908 val_loss=0.6935 router_H=0.1039 best=0.4908
           router_load=[0.978471577167511, 0.021528102457523346, 0.0, 0.0]
[step 0070/150] method=baseline_cagrad loss=0.7507 train_acc=0.4433 train_loss=0.6950 val_acc=0.4908 val_loss=0.6935 router_H=0.1039 best=0.4908
           router_load=[0.978471577167511, 0.021528102457523346, 0.0, 0.0]
[step 0080/150] method=baseline_cagrad loss=0.9100 train_acc=0.4433 train_loss=0.6950 val_acc=0.4908 val_loss=0.6935 router_H=0.1039 best=0.4908
           router_load=[0.978471577167511, 0.021528102457523346, 0.0, 0.0]
[step 0090/150] method=baseline_cagrad loss=0.6857 train_acc=0.4433 train_loss=0.6950 val_acc=0.4908 val_loss=0.6935 router_H=0.1039 best=0.4908
           router_load=[0.978471577167511, 0.021528102457523346, 0.0, 0.0]
[step 0100/150] method=baseline_cagrad loss=0.7293 train_acc=0.4440 train_loss=0.6997 val_acc=0.4908 val_loss=0.6952 router_H=0.0880 best=0.4908
           router_load=[0.9825440645217896, 0.017455484718084335, 0.0, 0.0]
[step 0110/150] method=baseline_cagrad loss=0.7095 train_acc=0.4440 train_loss=0.6997 val_acc=0.4908 val_loss=0.6952 router_H=0.0880 best=0.4908
           router_load=[0.9825440645217896, 0.017455484718084335, 0.0, 0.0]
[step 0120/150] method=baseline_cagrad loss=0.6760 train_acc=0.4440 train_loss=0.6997 val_acc=0.4908 val_loss=0.6952 router_H=0.0880 best=0.4908
           router_load=[0.9825440645217896, 0.017455484718084335, 0.0, 0.0]
[step 0130/150] method=baseline_cagrad loss=0.6603 train_acc=0.4440 train_loss=0.6997 val_acc=0.4908 val_loss=0.6952 router_H=0.0880 best=0.4908
           router_load=[0.9825440645217896, 0.017455484718084335, 0.0, 0.0]
[step 0140/150] method=baseline_cagrad loss=0.7096 train_acc=0.4440 train_loss=0.6997 val_acc=0.4908 val_loss=0.6952 router_H=0.0880 best=0.4908
           router_load=[0.9825440645217896, 0.017455484718084335, 0.0, 0.0]
[step 0150/150] method=baseline_cagrad loss=0.6883 train_acc=0.4387 train_loss=0.6932 val_acc=0.4908 val_loss=0.6932 router_H=0.1394 best=0.4908
           router_load=[0.9686503410339355, 0.03135044127702713, 0.0, 0.0]
saved summary -> /home/zhujjing/MOE-grad-conflict-routing/runs/paper_suite/single_gpu/single_task/deberta_sst2_ffn_e4_k2_supplement/hpo/cagrad/trial_runs/coord_01_train_lr_007/cagrad_s3.json
saved curve -> /home/zhujjing/MOE-grad-conflict-routing/runs/paper_suite/single_gpu/single_task/deberta_sst2_ffn_e4_k2_supplement/hpo/cagrad/trial_runs/coord_01_train_lr_007/cagrad_s3_curve.csv
