[run] method=cagrad candidate=coord_03_train_grad_clip_011 seed=2 steps=200 gpu=0
[run] cmd=
/root/miniconda3/envs/optimization/bin/python /root/Optimization/MOE-grad-conflict-routing/scripts/run.py --config configs/singletask_cola_real.yaml --set model.backbone_backend=hf --set model.hf_load_pretrained=true --set model.backbone=roberta --set model.hf_pretrained_name=roberta-base --set model.expert_type=ffn --set model.routing_mode=topk --set model.num_experts=4 --set model.top_k=2 --set seed=2 --set method.name=baseline_cagrad --set train.steps=200 --set train.eval_every_steps=50 --set method.baseline_cagrad.c=0.4 --set method.baseline_cagrad.inner_lr=0.1 --set train.grad_clip=1.064623922 --set train.lr=9.799696332e-06 --set train.weight_decay=0.005634744023 --out /root/Optimization/MOE-grad-conflict-routing/runs/paper_suite_supplement/single_task_add_rerun/single_task/roberta_cola_ffn_e4_k2/hpo/cagrad/trial_runs/coord_03_train_grad_clip_011/cagrad_s2.json --curve_out /root/Optimization/MOE-grad-conflict-routing/runs/paper_suite_supplement/single_task_add_rerun/single_task/roberta_cola_ffn_e4_k2/hpo/cagrad/trial_runs/coord_03_train_grad_clip_011/cagrad_s2_curve.csv
Using the latest cached version of the dataset since glue couldn't be found on the Hugging Face Hub (offline mode is enabled).
Found the latest cached dataset configuration 'cola' at /root/.cache/huggingface/datasets/glue/cola/0.0.0/bcdcba79d07bc864c1c254ccfcedcce55bcc9a8c (last modified on Mon Mar 23 09:28:48 2026).
Loading weights:   0%|          | 0/197 [00:00<?, ?it/s]Loading weights: 100%|██████████| 197/197 [00:00<00:00, 3364.30it/s]
[1mRobertaModel LOAD REPORT[0m from: roberta-base
Key                             | Status     | 
--------------------------------+------------+-
lm_head.dense.weight            | UNEXPECTED | 
lm_head.dense.bias              | UNEXPECTED | 
roberta.embeddings.position_ids | UNEXPECTED | 
lm_head.layer_norm.bias         | UNEXPECTED | 
lm_head.layer_norm.weight       | UNEXPECTED | 
lm_head.bias                    | UNEXPECTED | 
pooler.dense.weight             | MISSING    | 
pooler.dense.bias               | MISSING    | 

[3mNotes:
- UNEXPECTED[3m	:can be ignored when loading from different task/architecture; not ok if you expect identical arch.
- MISSING[3m	:those params were newly initialized because missing from the checkpoint. Consider training on your downstream task.[0m
[step 0001/200] method=baseline_cagrad loss=0.7038 train_acc=nan train_loss=nan val_acc=nan val_loss=nan best=-1.0000
[step 0010/200] method=baseline_cagrad loss=0.6367 train_acc=nan train_loss=nan val_acc=nan val_loss=nan best=-1.0000
[step 0020/200] method=baseline_cagrad loss=0.6206 train_acc=nan train_loss=nan val_acc=nan val_loss=nan best=-1.0000
[step 0030/200] method=baseline_cagrad loss=0.5088 train_acc=nan train_loss=nan val_acc=nan val_loss=nan best=-1.0000
[step 0040/200] method=baseline_cagrad loss=0.4715 train_acc=nan train_loss=nan val_acc=nan val_loss=nan best=-1.0000
[step 0050/200] method=baseline_cagrad loss=0.5213 train_acc=0.7044 train_loss=0.5573 val_acc=0.6913 val_loss=0.5744 router_H=0.6360 best=0.6913
           router_load=[0.0016624357085675001, 0.661872386932373, 0.33622801303863525, 0.00023703086480963975]
[step 0060/200] method=baseline_cagrad loss=0.5922 train_acc=0.7044 train_loss=0.5573 val_acc=0.6913 val_loss=0.5744 router_H=0.6360 best=0.6913
           router_load=[0.0016624357085675001, 0.661872386932373, 0.33622801303863525, 0.00023703086480963975]
[step 0070/200] method=baseline_cagrad loss=0.5863 train_acc=0.7044 train_loss=0.5573 val_acc=0.6913 val_loss=0.5744 router_H=0.6360 best=0.6913
           router_load=[0.0016624357085675001, 0.661872386932373, 0.33622801303863525, 0.00023703086480963975]
[step 0080/200] method=baseline_cagrad loss=0.5127 train_acc=0.7044 train_loss=0.5573 val_acc=0.6913 val_loss=0.5744 router_H=0.6360 best=0.6913
           router_load=[0.0016624357085675001, 0.661872386932373, 0.33622801303863525, 0.00023703086480963975]
[step 0090/200] method=baseline_cagrad loss=0.5823 train_acc=0.7044 train_loss=0.5573 val_acc=0.6913 val_loss=0.5744 router_H=0.6360 best=0.6913
           router_load=[0.0016624357085675001, 0.661872386932373, 0.33622801303863525, 0.00023703086480963975]
[step 0100/200] method=baseline_cagrad loss=0.5949 train_acc=0.7044 train_loss=0.5230 val_acc=0.6913 val_loss=0.5500 router_H=0.5502 best=0.6913
           router_load=[0.005958742927759886, 0.7456281185150146, 0.24670688807964325, 0.0017062519909814]
[step 0110/200] method=baseline_cagrad loss=0.5558 train_acc=0.7044 train_loss=0.5230 val_acc=0.6913 val_loss=0.5500 router_H=0.5502 best=0.6913
           router_load=[0.005958742927759886, 0.7456281185150146, 0.24670688807964325, 0.0017062519909814]
[step 0120/200] method=baseline_cagrad loss=0.5809 train_acc=0.7044 train_loss=0.5230 val_acc=0.6913 val_loss=0.5500 router_H=0.5502 best=0.6913
           router_load=[0.005958742927759886, 0.7456281185150146, 0.24670688807964325, 0.0017062519909814]
[step 0130/200] method=baseline_cagrad loss=0.4796 train_acc=0.7044 train_loss=0.5230 val_acc=0.6913 val_loss=0.5500 router_H=0.5502 best=0.6913
           router_load=[0.005958742927759886, 0.7456281185150146, 0.24670688807964325, 0.0017062519909814]
[step 0140/200] method=baseline_cagrad loss=0.4989 train_acc=0.7044 train_loss=0.5230 val_acc=0.6913 val_loss=0.5500 router_H=0.5502 best=0.6913
           router_load=[0.005958742927759886, 0.7456281185150146, 0.24670688807964325, 0.0017062519909814]
[step 0150/200] method=baseline_cagrad loss=0.3990 train_acc=0.7757 train_loss=0.4833 val_acc=0.7709 val_loss=0.5247 router_H=0.5279 best=0.7709
           router_load=[0.007609051652252674, 0.759145200252533, 0.14322030544281006, 0.09002559632062912]
[step 0160/200] method=baseline_cagrad loss=0.4073 train_acc=0.7757 train_loss=0.4833 val_acc=0.7709 val_loss=0.5247 router_H=0.5279 best=0.7709
           router_load=[0.007609051652252674, 0.759145200252533, 0.14322030544281006, 0.09002559632062912]
[step 0170/200] method=baseline_cagrad loss=0.5125 train_acc=0.7757 train_loss=0.4833 val_acc=0.7709 val_loss=0.5247 router_H=0.5279 best=0.7709
           router_load=[0.007609051652252674, 0.759145200252533, 0.14322030544281006, 0.09002559632062912]
[step 0180/200] method=baseline_cagrad loss=0.4810 train_acc=0.7757 train_loss=0.4833 val_acc=0.7709 val_loss=0.5247 router_H=0.5279 best=0.7709
           router_load=[0.007609051652252674, 0.759145200252533, 0.14322030544281006, 0.09002559632062912]
[step 0190/200] method=baseline_cagrad loss=0.4491 train_acc=0.7757 train_loss=0.4833 val_acc=0.7709 val_loss=0.5247 router_H=0.5279 best=0.7709
           router_load=[0.007609051652252674, 0.759145200252533, 0.14322030544281006, 0.09002559632062912]
[step 0200/200] method=baseline_cagrad loss=0.8281 train_acc=0.7528 train_loss=0.5413 val_acc=0.7440 val_loss=0.5986 router_H=0.4829 best=0.7709
           router_load=[0.055861927568912506, 0.7989022731781006, 0.09756483137607574, 0.04767102375626564]
saved summary -> /root/Optimization/MOE-grad-conflict-routing/runs/paper_suite_supplement/single_task_add_rerun/single_task/roberta_cola_ffn_e4_k2/hpo/cagrad/trial_runs/coord_03_train_grad_clip_011/cagrad_s2.json
saved curve -> /root/Optimization/MOE-grad-conflict-routing/runs/paper_suite_supplement/single_task_add_rerun/single_task/roberta_cola_ffn_e4_k2/hpo/cagrad/trial_runs/coord_03_train_grad_clip_011/cagrad_s2_curve.csv
