[run] method=baseline candidate=coord_03_train_grad_clip_005 seed=2 steps=200 gpu=0
[run] cmd=
/root/miniconda3/envs/optimization/bin/python /root/Optimization/MOE-grad-conflict-routing-appendix2/scripts/run.py --config configs/multitask_textcls_local_sst2_yelp_amazon_real.yaml --set model.backbone_backend=hf --set model.hf_load_pretrained=true --set model.hf_local_files_only=1 --set model.backbone=roberta --set model.hf_pretrained_name=roberta-base --set model.expert_type=lora --set model.routing_mode=topk --set model.num_experts=4 --set model.top_k=2 --set data.train_size=20000 --set data.val_size=4000 --set train.eval_val_fraction=0.2 --set train.skip_train_eval=true --set seed=2 --set method.name=baseline_avg --set train.steps=200 --set train.eval_every_steps=100 --set train.grad_clip=0.6271934851 --set train.lr=2e-05 --set train.weight_decay=0.01546097608 --out /root/Optimization/MOE-grad-conflict-routing-appendix2/runs/paper_suite_supplement/appendix/multi_dataset_real/roberta_lora_e4_k2/_method_workers/baseline/hpo/baseline/trial_runs/coord_03_train_grad_clip_005/baseline_s2.json --curve_out /root/Optimization/MOE-grad-conflict-routing-appendix2/runs/paper_suite_supplement/appendix/multi_dataset_real/roberta_lora_e4_k2/_method_workers/baseline/hpo/baseline/trial_runs/coord_03_train_grad_clip_005/baseline_s2_curve.csv
Loading weights:   0%|          | 0/197 [00:00<?, ?it/s]Loading weights: 100%|██████████| 197/197 [00:00<00:00, 11125.47it/s]
[1mRobertaModel LOAD REPORT[0m from: roberta-base
Key                             | Status     | 
--------------------------------+------------+-
lm_head.dense.bias              | UNEXPECTED | 
lm_head.bias                    | UNEXPECTED | 
roberta.embeddings.position_ids | UNEXPECTED | 
lm_head.layer_norm.bias         | UNEXPECTED | 
lm_head.layer_norm.weight       | UNEXPECTED | 
lm_head.dense.weight            | UNEXPECTED | 
pooler.dense.bias               | MISSING    | 
pooler.dense.weight             | MISSING    | 

[3mNotes:
- UNEXPECTED[3m	:can be ignored when loading from different task/architecture; not ok if you expect identical arch.
- MISSING[3m	:those params were newly initialized because missing from the checkpoint. Consider training on your downstream task.[0m
[step 0001/200] method=baseline_avg loss=0.6748 train_acc=nan train_loss=nan val_acc=nan val_loss=nan best=-1.0000
[step 0010/200] method=baseline_avg loss=0.7990 train_acc=nan train_loss=nan val_acc=nan val_loss=nan best=-1.0000
[step 0020/200] method=baseline_avg loss=0.6070 train_acc=nan train_loss=nan val_acc=nan val_loss=nan best=-1.0000
[step 0030/200] method=baseline_avg loss=0.2498 train_acc=nan train_loss=nan val_acc=nan val_loss=nan best=-1.0000
[step 0040/200] method=baseline_avg loss=0.4475 train_acc=nan train_loss=nan val_acc=nan val_loss=nan best=-1.0000
[step 0050/200] method=baseline_avg loss=0.4280 train_acc=nan train_loss=nan val_acc=nan val_loss=nan best=-1.0000
[step 0060/200] method=baseline_avg loss=0.2822 train_acc=nan train_loss=nan val_acc=nan val_loss=nan best=-1.0000
[step 0070/200] method=baseline_avg loss=0.4251 train_acc=nan train_loss=nan val_acc=nan val_loss=nan best=-1.0000
[step 0080/200] method=baseline_avg loss=0.3803 train_acc=nan train_loss=nan val_acc=nan val_loss=nan best=-1.0000
[step 0090/200] method=baseline_avg loss=0.0822 train_acc=nan train_loss=nan val_acc=nan val_loss=nan best=-1.0000
[step 0100/200] method=baseline_avg loss=0.4050 train_acc=nan train_loss=nan val_acc=0.9152 val_loss=0.2626 router_H=0.6882 best=0.9152
           router_load=[0.04125748947262764, 0.02852456457912922, 0.4246515929698944, 0.5055662989616394]
[step 0110/200] method=baseline_avg loss=0.3484 train_acc=nan train_loss=nan val_acc=0.9152 val_loss=0.2626 router_H=0.6882 best=0.9152
           router_load=[0.04125748947262764, 0.02852456457912922, 0.4246515929698944, 0.5055662989616394]
[step 0120/200] method=baseline_avg loss=0.2453 train_acc=nan train_loss=nan val_acc=0.9152 val_loss=0.2626 router_H=0.6882 best=0.9152
           router_load=[0.04125748947262764, 0.02852456457912922, 0.4246515929698944, 0.5055662989616394]
[step 0130/200] method=baseline_avg loss=0.3666 train_acc=nan train_loss=nan val_acc=0.9152 val_loss=0.2626 router_H=0.6882 best=0.9152
           router_load=[0.04125748947262764, 0.02852456457912922, 0.4246515929698944, 0.5055662989616394]
[step 0140/200] method=baseline_avg loss=0.5622 train_acc=nan train_loss=nan val_acc=0.9152 val_loss=0.2626 router_H=0.6882 best=0.9152
           router_load=[0.04125748947262764, 0.02852456457912922, 0.4246515929698944, 0.5055662989616394]
[step 0150/200] method=baseline_avg loss=0.2450 train_acc=nan train_loss=nan val_acc=0.9152 val_loss=0.2626 router_H=0.6882 best=0.9152
           router_load=[0.04125748947262764, 0.02852456457912922, 0.4246515929698944, 0.5055662989616394]
[step 0160/200] method=baseline_avg loss=0.3382 train_acc=nan train_loss=nan val_acc=0.9152 val_loss=0.2626 router_H=0.6882 best=0.9152
           router_load=[0.04125748947262764, 0.02852456457912922, 0.4246515929698944, 0.5055662989616394]
[step 0170/200] method=baseline_avg loss=0.4803 train_acc=nan train_loss=nan val_acc=0.9152 val_loss=0.2626 router_H=0.6882 best=0.9152
           router_load=[0.04125748947262764, 0.02852456457912922, 0.4246515929698944, 0.5055662989616394]
[step 0180/200] method=baseline_avg loss=0.2555 train_acc=nan train_loss=nan val_acc=0.9152 val_loss=0.2626 router_H=0.6882 best=0.9152
           router_load=[0.04125748947262764, 0.02852456457912922, 0.4246515929698944, 0.5055662989616394]
[step 0190/200] method=baseline_avg loss=0.2734 train_acc=nan train_loss=nan val_acc=0.9152 val_loss=0.2626 router_H=0.6882 best=0.9152
           router_load=[0.04125748947262764, 0.02852456457912922, 0.4246515929698944, 0.5055662989616394]
[step 0200/200] method=baseline_avg loss=0.0750 train_acc=nan train_loss=nan val_acc=0.9234 val_loss=0.2358 router_H=0.6895 best=0.9234
           router_load=[0.003231933806091547, 0.0627058893442154, 0.4181614816188812, 0.5159006714820862]
saved summary -> /root/Optimization/MOE-grad-conflict-routing-appendix2/runs/paper_suite_supplement/appendix/multi_dataset_real/roberta_lora_e4_k2/_method_workers/baseline/hpo/baseline/trial_runs/coord_03_train_grad_clip_005/baseline_s2.json
saved curve -> /root/Optimization/MOE-grad-conflict-routing-appendix2/runs/paper_suite_supplement/appendix/multi_dataset_real/roberta_lora_e4_k2/_method_workers/baseline/hpo/baseline/trial_runs/coord_03_train_grad_clip_005/baseline_s2_curve.csv
