[run] method=baseline candidate=coord_03_train_grad_clip_020 seed=2 steps=200 gpu=0
[run] cmd=
/root/miniconda3/envs/optimization/bin/python /root/Optimization/MOE-grad-conflict-routing/scripts/run.py --config configs/singletask_cola_real.yaml --set model.backbone_backend=hf --set model.hf_load_pretrained=true --set model.backbone=roberta --set model.hf_pretrained_name=roberta-base --set model.expert_type=lora --set model.routing_mode=topk --set model.num_experts=4 --set model.top_k=2 --set seed=2 --set method.name=baseline_avg --set train.steps=200 --set train.eval_every_steps=50 --set train.grad_clip=1.451051031 --set train.lr=1.263268742e-05 --set train.weight_decay=0.01108226147 --out /root/Optimization/MOE-grad-conflict-routing/runs/paper_suite_supplement/single_task_add_rerun/single_task/roberta_cola_lora_e4_k2/hpo/baseline/trial_runs/coord_03_train_grad_clip_020/baseline_s2.json --curve_out /root/Optimization/MOE-grad-conflict-routing/runs/paper_suite_supplement/single_task_add_rerun/single_task/roberta_cola_lora_e4_k2/hpo/baseline/trial_runs/coord_03_train_grad_clip_020/baseline_s2_curve.csv
Using the latest cached version of the dataset since glue couldn't be found on the Hugging Face Hub (offline mode is enabled).
Found the latest cached dataset configuration 'cola' at /root/.cache/huggingface/datasets/glue/cola/0.0.0/bcdcba79d07bc864c1c254ccfcedcce55bcc9a8c (last modified on Sun Mar 22 21:46:35 2026).
Loading weights:   0%|          | 0/197 [00:00<?, ?it/s]Loading weights: 100%|██████████| 197/197 [00:00<00:00, 4251.47it/s]
[1mRobertaModel LOAD REPORT[0m from: roberta-base
Key                             | Status     | 
--------------------------------+------------+-
lm_head.layer_norm.bias         | UNEXPECTED | 
lm_head.dense.bias              | UNEXPECTED | 
lm_head.dense.weight            | UNEXPECTED | 
lm_head.bias                    | UNEXPECTED | 
lm_head.layer_norm.weight       | UNEXPECTED | 
roberta.embeddings.position_ids | UNEXPECTED | 
pooler.dense.bias               | MISSING    | 
pooler.dense.weight             | MISSING    | 

[3mNotes:
- UNEXPECTED[3m	:can be ignored when loading from different task/architecture; not ok if you expect identical arch.
- MISSING[3m	:those params were newly initialized because missing from the checkpoint. Consider training on your downstream task.[0m
[step 0001/200] method=baseline_avg loss=0.6936 train_acc=nan train_loss=nan val_acc=nan val_loss=nan best=-1.0000
[step 0010/200] method=baseline_avg loss=0.5341 train_acc=nan train_loss=nan val_acc=nan val_loss=nan best=-1.0000
[step 0020/200] method=baseline_avg loss=0.6821 train_acc=nan train_loss=nan val_acc=nan val_loss=nan best=-1.0000
[step 0030/200] method=baseline_avg loss=0.5187 train_acc=nan train_loss=nan val_acc=nan val_loss=nan best=-1.0000
[step 0040/200] method=baseline_avg loss=0.4392 train_acc=nan train_loss=nan val_acc=nan val_loss=nan best=-1.0000
[step 0050/200] method=baseline_avg loss=0.4523 train_acc=0.7046 train_loss=0.5390 val_acc=0.6913 val_loss=0.5615 router_H=0.6451 best=0.6913
           router_load=[0.6517267227172852, 0.2750651240348816, 0.07320810854434967, 0.0]
[step 0060/200] method=baseline_avg loss=0.4652 train_acc=0.7046 train_loss=0.5390 val_acc=0.6913 val_loss=0.5615 router_H=0.6451 best=0.6913
           router_load=[0.6517267227172852, 0.2750651240348816, 0.07320810854434967, 0.0]
[step 0070/200] method=baseline_avg loss=0.5439 train_acc=0.7046 train_loss=0.5390 val_acc=0.6913 val_loss=0.5615 router_H=0.6451 best=0.6913
           router_load=[0.6517267227172852, 0.2750651240348816, 0.07320810854434967, 0.0]
[step 0080/200] method=baseline_avg loss=0.4828 train_acc=0.7046 train_loss=0.5390 val_acc=0.6913 val_loss=0.5615 router_H=0.6451 best=0.6913
           router_load=[0.6517267227172852, 0.2750651240348816, 0.07320810854434967, 0.0]
[step 0090/200] method=baseline_avg loss=0.6508 train_acc=0.7046 train_loss=0.5390 val_acc=0.6913 val_loss=0.5615 router_H=0.6451 best=0.6913
           router_load=[0.6517267227172852, 0.2750651240348816, 0.07320810854434967, 0.0]
[step 0100/200] method=baseline_avg loss=0.4109 train_acc=0.8169 train_loss=0.4255 val_acc=0.8082 val_loss=0.4923 router_H=0.6615 best=0.8082
           router_load=[0.611411452293396, 0.3064053952693939, 0.08188186585903168, 0.0003012790693901479]
[step 0110/200] method=baseline_avg loss=0.7343 train_acc=0.8169 train_loss=0.4255 val_acc=0.8082 val_loss=0.4923 router_H=0.6615 best=0.8082
           router_load=[0.611411452293396, 0.3064053952693939, 0.08188186585903168, 0.0003012790693901479]
[step 0120/200] method=baseline_avg loss=0.5561 train_acc=0.8169 train_loss=0.4255 val_acc=0.8082 val_loss=0.4923 router_H=0.6615 best=0.8082
           router_load=[0.611411452293396, 0.3064053952693939, 0.08188186585903168, 0.0003012790693901479]
[step 0130/200] method=baseline_avg loss=0.4043 train_acc=0.8169 train_loss=0.4255 val_acc=0.8082 val_loss=0.4923 router_H=0.6615 best=0.8082
           router_load=[0.611411452293396, 0.3064053952693939, 0.08188186585903168, 0.0003012790693901479]
[step 0140/200] method=baseline_avg loss=0.4681 train_acc=0.8169 train_loss=0.4255 val_acc=0.8082 val_loss=0.4923 router_H=0.6615 best=0.8082
           router_load=[0.611411452293396, 0.3064053952693939, 0.08188186585903168, 0.0003012790693901479]
[step 0150/200] method=baseline_avg loss=0.5606 train_acc=0.8337 train_loss=0.3920 val_acc=0.7996 val_loss=0.4567 router_H=0.6559 best=0.8082
           router_load=[0.6259796023368835, 0.2835642397403717, 0.08984898030757904, 0.0006072091637179255]
[step 0160/200] method=baseline_avg loss=0.3344 train_acc=0.8337 train_loss=0.3920 val_acc=0.7996 val_loss=0.4567 router_H=0.6559 best=0.8082
           router_load=[0.6259796023368835, 0.2835642397403717, 0.08984898030757904, 0.0006072091637179255]
[step 0170/200] method=baseline_avg loss=0.4701 train_acc=0.8337 train_loss=0.3920 val_acc=0.7996 val_loss=0.4567 router_H=0.6559 best=0.8082
           router_load=[0.6259796023368835, 0.2835642397403717, 0.08984898030757904, 0.0006072091637179255]
[step 0180/200] method=baseline_avg loss=0.4205 train_acc=0.8337 train_loss=0.3920 val_acc=0.7996 val_loss=0.4567 router_H=0.6559 best=0.8082
           router_load=[0.6259796023368835, 0.2835642397403717, 0.08984898030757904, 0.0006072091637179255]
[step 0190/200] method=baseline_avg loss=0.4083 train_acc=0.8337 train_loss=0.3920 val_acc=0.7996 val_loss=0.4567 router_H=0.6559 best=0.8082
           router_load=[0.6259796023368835, 0.2835642397403717, 0.08984898030757904, 0.0006072091637179255]
[step 0200/200] method=baseline_avg loss=0.7525 train_acc=0.7900 train_loss=0.5213 val_acc=0.7555 val_loss=0.6312 router_H=0.6719 best=0.8082
           router_load=[0.5824230313301086, 0.3832721412181854, 0.033706359565258026, 0.0005989053170196712]
saved summary -> /root/Optimization/MOE-grad-conflict-routing/runs/paper_suite_supplement/single_task_add_rerun/single_task/roberta_cola_lora_e4_k2/hpo/baseline/trial_runs/coord_03_train_grad_clip_020/baseline_s2.json
saved curve -> /root/Optimization/MOE-grad-conflict-routing/runs/paper_suite_supplement/single_task_add_rerun/single_task/roberta_cola_lora_e4_k2/hpo/baseline/trial_runs/coord_03_train_grad_clip_020/baseline_s2_curve.csv
