[run] method=baseline candidate=coord_03_train_grad_clip_018 seed=3 steps=200 gpu=0
[run] cmd=
/root/miniconda3/envs/optimization/bin/python /root/Optimization/MOE-grad-conflict-routing/scripts/run.py --config configs/singletask_cola_real.yaml --set model.backbone_backend=hf --set model.hf_load_pretrained=true --set model.backbone=roberta --set model.hf_pretrained_name=roberta-base --set model.expert_type=lora --set model.routing_mode=topk --set model.num_experts=4 --set model.top_k=2 --set seed=3 --set method.name=baseline_avg --set train.steps=200 --set train.eval_every_steps=50 --set train.grad_clip=0.6552491104 --set train.lr=1.263268742e-05 --set train.weight_decay=0.01108226147 --out /root/Optimization/MOE-grad-conflict-routing/runs/paper_suite_supplement/single_task_add_rerun/single_task/roberta_cola_lora_e4_k2/hpo/baseline/trial_runs/coord_03_train_grad_clip_018/baseline_s3.json --curve_out /root/Optimization/MOE-grad-conflict-routing/runs/paper_suite_supplement/single_task_add_rerun/single_task/roberta_cola_lora_e4_k2/hpo/baseline/trial_runs/coord_03_train_grad_clip_018/baseline_s3_curve.csv
Using the latest cached version of the dataset since glue couldn't be found on the Hugging Face Hub (offline mode is enabled).
Found the latest cached dataset configuration 'cola' at /root/.cache/huggingface/datasets/glue/cola/0.0.0/bcdcba79d07bc864c1c254ccfcedcce55bcc9a8c (last modified on Sun Mar 22 21:46:35 2026).
Loading weights:   0%|          | 0/197 [00:00<?, ?it/s]Loading weights: 100%|██████████| 197/197 [00:00<00:00, 3935.07it/s]
[1mRobertaModel LOAD REPORT[0m from: roberta-base
Key                             | Status     | 
--------------------------------+------------+-
lm_head.layer_norm.weight       | UNEXPECTED | 
lm_head.dense.weight            | UNEXPECTED | 
lm_head.bias                    | UNEXPECTED | 
lm_head.dense.bias              | UNEXPECTED | 
lm_head.layer_norm.bias         | UNEXPECTED | 
roberta.embeddings.position_ids | UNEXPECTED | 
pooler.dense.weight             | MISSING    | 
pooler.dense.bias               | MISSING    | 

[3mNotes:
- UNEXPECTED[3m	:can be ignored when loading from different task/architecture; not ok if you expect identical arch.
- MISSING[3m	:those params were newly initialized because missing from the checkpoint. Consider training on your downstream task.[0m
[step 0001/200] method=baseline_avg loss=0.7704 train_acc=nan train_loss=nan val_acc=nan val_loss=nan best=-1.0000
[step 0010/200] method=baseline_avg loss=0.3991 train_acc=nan train_loss=nan val_acc=nan val_loss=nan best=-1.0000
[step 0020/200] method=baseline_avg loss=0.7987 train_acc=nan train_loss=nan val_acc=nan val_loss=nan best=-1.0000
[step 0030/200] method=baseline_avg loss=0.6467 train_acc=nan train_loss=nan val_acc=nan val_loss=nan best=-1.0000
[step 0040/200] method=baseline_avg loss=0.7357 train_acc=nan train_loss=nan val_acc=nan val_loss=nan best=-1.0000
[step 0050/200] method=baseline_avg loss=0.6604 train_acc=0.7044 train_loss=0.6054 val_acc=0.6913 val_loss=0.6388 router_H=0.6915 best=0.6913
           router_load=[0.021171128377318382, 0.5226889252662659, 0.0, 0.4561399221420288]
[step 0060/200] method=baseline_avg loss=0.5090 train_acc=0.7044 train_loss=0.6054 val_acc=0.6913 val_loss=0.6388 router_H=0.6915 best=0.6913
           router_load=[0.021171128377318382, 0.5226889252662659, 0.0, 0.4561399221420288]
[step 0070/200] method=baseline_avg loss=0.6053 train_acc=0.7044 train_loss=0.6054 val_acc=0.6913 val_loss=0.6388 router_H=0.6915 best=0.6913
           router_load=[0.021171128377318382, 0.5226889252662659, 0.0, 0.4561399221420288]
[step 0080/200] method=baseline_avg loss=0.4476 train_acc=0.7044 train_loss=0.6054 val_acc=0.6913 val_loss=0.6388 router_H=0.6915 best=0.6913
           router_load=[0.021171128377318382, 0.5226889252662659, 0.0, 0.4561399221420288]
[step 0090/200] method=baseline_avg loss=0.5689 train_acc=0.7044 train_loss=0.6054 val_acc=0.6913 val_loss=0.6388 router_H=0.6915 best=0.6913
           router_load=[0.021171128377318382, 0.5226889252662659, 0.0, 0.4561399221420288]
[step 0100/200] method=baseline_avg loss=0.5303 train_acc=0.8019 train_loss=0.4405 val_acc=0.7747 val_loss=0.4925 router_H=0.6903 best=0.7747
           router_load=[0.01576961949467659, 0.5321189761161804, 0.0, 0.45211154222488403]
[step 0110/200] method=baseline_avg loss=0.4235 train_acc=0.8019 train_loss=0.4405 val_acc=0.7747 val_loss=0.4925 router_H=0.6903 best=0.7747
           router_load=[0.01576961949467659, 0.5321189761161804, 0.0, 0.45211154222488403]
[step 0120/200] method=baseline_avg loss=0.5295 train_acc=0.8019 train_loss=0.4405 val_acc=0.7747 val_loss=0.4925 router_H=0.6903 best=0.7747
           router_load=[0.01576961949467659, 0.5321189761161804, 0.0, 0.45211154222488403]
[step 0130/200] method=baseline_avg loss=0.6584 train_acc=0.8019 train_loss=0.4405 val_acc=0.7747 val_loss=0.4925 router_H=0.6903 best=0.7747
           router_load=[0.01576961949467659, 0.5321189761161804, 0.0, 0.45211154222488403]
[step 0140/200] method=baseline_avg loss=0.6259 train_acc=0.8019 train_loss=0.4405 val_acc=0.7747 val_loss=0.4925 router_H=0.6903 best=0.7747
           router_load=[0.01576961949467659, 0.5321189761161804, 0.0, 0.45211154222488403]
[step 0150/200] method=baseline_avg loss=0.2944 train_acc=0.7991 train_loss=0.4540 val_acc=0.7766 val_loss=0.5267 router_H=0.6900 best=0.7766
           router_load=[0.019205162301659584, 0.5301979184150696, 0.0, 0.4505968391895294]
[step 0160/200] method=baseline_avg loss=0.4546 train_acc=0.7991 train_loss=0.4540 val_acc=0.7766 val_loss=0.5267 router_H=0.6900 best=0.7766
           router_load=[0.019205162301659584, 0.5301979184150696, 0.0, 0.4505968391895294]
[step 0170/200] method=baseline_avg loss=0.3180 train_acc=0.7991 train_loss=0.4540 val_acc=0.7766 val_loss=0.5267 router_H=0.6900 best=0.7766
           router_load=[0.019205162301659584, 0.5301979184150696, 0.0, 0.4505968391895294]
[step 0180/200] method=baseline_avg loss=0.5393 train_acc=0.7991 train_loss=0.4540 val_acc=0.7766 val_loss=0.5267 router_H=0.6900 best=0.7766
           router_load=[0.019205162301659584, 0.5301979184150696, 0.0, 0.4505968391895294]
[step 0190/200] method=baseline_avg loss=0.5997 train_acc=0.7991 train_loss=0.4540 val_acc=0.7766 val_loss=0.5267 router_H=0.6900 best=0.7766
           router_load=[0.019205162301659584, 0.5301979184150696, 0.0, 0.4505968391895294]
[step 0200/200] method=baseline_avg loss=0.6180 train_acc=0.8353 train_loss=0.3911 val_acc=0.7987 val_loss=0.4733 router_H=0.6904 best=0.7987
           router_load=[0.011925839819014072, 0.5250275731086731, 0.0, 0.46304652094841003]
saved summary -> /root/Optimization/MOE-grad-conflict-routing/runs/paper_suite_supplement/single_task_add_rerun/single_task/roberta_cola_lora_e4_k2/hpo/baseline/trial_runs/coord_03_train_grad_clip_018/baseline_s3.json
saved curve -> /root/Optimization/MOE-grad-conflict-routing/runs/paper_suite_supplement/single_task_add_rerun/single_task/roberta_cola_lora_e4_k2/hpo/baseline/trial_runs/coord_03_train_grad_clip_018/baseline_s3_curve.csv
