[run] method=baseline candidate=coord_03_train_grad_clip_024 seed=3 steps=200 gpu=0
[run] cmd=
/root/miniconda3/envs/optimization/bin/python /root/Optimization/MOE-grad-conflict-routing/scripts/run.py --config configs/singletask_cola_real.yaml --set model.backbone_backend=hf --set model.hf_load_pretrained=true --set model.backbone=roberta --set model.hf_pretrained_name=roberta-base --set model.expert_type=lora --set model.routing_mode=topk --set model.num_experts=4 --set model.top_k=2 --set seed=3 --set method.name=baseline_avg --set train.steps=200 --set train.eval_every_steps=50 --set train.grad_clip=1.872120212 --set train.lr=1.263268742e-05 --set train.weight_decay=0.01108226147 --out /root/Optimization/MOE-grad-conflict-routing/runs/paper_suite_supplement/single_task_add_rerun/single_task/roberta_cola_lora_e4_k2/hpo/baseline/trial_runs/coord_03_train_grad_clip_024/baseline_s3.json --curve_out /root/Optimization/MOE-grad-conflict-routing/runs/paper_suite_supplement/single_task_add_rerun/single_task/roberta_cola_lora_e4_k2/hpo/baseline/trial_runs/coord_03_train_grad_clip_024/baseline_s3_curve.csv
Using the latest cached version of the dataset since glue couldn't be found on the Hugging Face Hub (offline mode is enabled).
Found the latest cached dataset configuration 'cola' at /root/.cache/huggingface/datasets/glue/cola/0.0.0/bcdcba79d07bc864c1c254ccfcedcce55bcc9a8c (last modified on Sun Mar 22 21:46:35 2026).
Loading weights:   0%|          | 0/197 [00:00<?, ?it/s]Loading weights: 100%|██████████| 197/197 [00:00<00:00, 3288.71it/s]
[1mRobertaModel LOAD REPORT[0m from: roberta-base
Key                             | Status     | 
--------------------------------+------------+-
lm_head.layer_norm.weight       | UNEXPECTED | 
lm_head.layer_norm.bias         | UNEXPECTED | 
lm_head.dense.weight            | UNEXPECTED | 
roberta.embeddings.position_ids | UNEXPECTED | 
lm_head.dense.bias              | UNEXPECTED | 
lm_head.bias                    | UNEXPECTED | 
pooler.dense.weight             | MISSING    | 
pooler.dense.bias               | MISSING    | 

[3mNotes:
- UNEXPECTED[3m	:can be ignored when loading from different task/architecture; not ok if you expect identical arch.
- MISSING[3m	:those params were newly initialized because missing from the checkpoint. Consider training on your downstream task.[0m
[step 0001/200] method=baseline_avg loss=0.6932 train_acc=nan train_loss=nan val_acc=nan val_loss=nan best=-1.0000
[step 0010/200] method=baseline_avg loss=0.4141 train_acc=nan train_loss=nan val_acc=nan val_loss=nan best=-1.0000
[step 0020/200] method=baseline_avg loss=0.7815 train_acc=nan train_loss=nan val_acc=nan val_loss=nan best=-1.0000
[step 0030/200] method=baseline_avg loss=0.6735 train_acc=nan train_loss=nan val_acc=nan val_loss=nan best=-1.0000
[step 0040/200] method=baseline_avg loss=0.7008 train_acc=nan train_loss=nan val_acc=nan val_loss=nan best=-1.0000
[step 0050/200] method=baseline_avg loss=0.6615 train_acc=0.7044 train_loss=0.6018 val_acc=0.6913 val_loss=0.6287 router_H=0.6916 best=0.6913
           router_load=[0.5209822654724121, 0.017700517550110817, 0.31843578815460205, 0.1428813934326172]
[step 0060/200] method=baseline_avg loss=0.5256 train_acc=0.7044 train_loss=0.6018 val_acc=0.6913 val_loss=0.6287 router_H=0.6916 best=0.6913
           router_load=[0.5209822654724121, 0.017700517550110817, 0.31843578815460205, 0.1428813934326172]
[step 0070/200] method=baseline_avg loss=0.6074 train_acc=0.7044 train_loss=0.6018 val_acc=0.6913 val_loss=0.6287 router_H=0.6916 best=0.6913
           router_load=[0.5209822654724121, 0.017700517550110817, 0.31843578815460205, 0.1428813934326172]
[step 0080/200] method=baseline_avg loss=0.4624 train_acc=0.7044 train_loss=0.6018 val_acc=0.6913 val_loss=0.6287 router_H=0.6916 best=0.6913
           router_load=[0.5209822654724121, 0.017700517550110817, 0.31843578815460205, 0.1428813934326172]
[step 0090/200] method=baseline_avg loss=0.5384 train_acc=0.7044 train_loss=0.6018 val_acc=0.6913 val_loss=0.6287 router_H=0.6916 best=0.6913
           router_load=[0.5209822654724121, 0.017700517550110817, 0.31843578815460205, 0.1428813934326172]
[step 0100/200] method=baseline_avg loss=0.5481 train_acc=0.7886 train_loss=0.4679 val_acc=0.7546 val_loss=0.5140 router_H=0.6911 best=0.7546
           router_load=[0.5169777870178223, 0.018704324960708618, 0.3551347553730011, 0.10918301343917847]
[step 0110/200] method=baseline_avg loss=0.4294 train_acc=0.7886 train_loss=0.4679 val_acc=0.7546 val_loss=0.5140 router_H=0.6911 best=0.7546
           router_load=[0.5169777870178223, 0.018704324960708618, 0.3551347553730011, 0.10918301343917847]
[step 0120/200] method=baseline_avg loss=0.5062 train_acc=0.7886 train_loss=0.4679 val_acc=0.7546 val_loss=0.5140 router_H=0.6911 best=0.7546
           router_load=[0.5169777870178223, 0.018704324960708618, 0.3551347553730011, 0.10918301343917847]
[step 0130/200] method=baseline_avg loss=0.6796 train_acc=0.7886 train_loss=0.4679 val_acc=0.7546 val_loss=0.5140 router_H=0.6911 best=0.7546
           router_load=[0.5169777870178223, 0.018704324960708618, 0.3551347553730011, 0.10918301343917847]
[step 0140/200] method=baseline_avg loss=0.6885 train_acc=0.7886 train_loss=0.4679 val_acc=0.7546 val_loss=0.5140 router_H=0.6911 best=0.7546
           router_load=[0.5169777870178223, 0.018704324960708618, 0.3551347553730011, 0.10918301343917847]
[step 0150/200] method=baseline_avg loss=0.3867 train_acc=0.7768 train_loss=0.4554 val_acc=0.7613 val_loss=0.5137 router_H=0.6913 best=0.7613
           router_load=[0.4885748624801636, 0.03155083209276199, 0.2384680211544037, 0.24140624701976776]
[step 0160/200] method=baseline_avg loss=0.4756 train_acc=0.7768 train_loss=0.4554 val_acc=0.7613 val_loss=0.5137 router_H=0.6913 best=0.7613
           router_load=[0.4885748624801636, 0.03155083209276199, 0.2384680211544037, 0.24140624701976776]
[step 0170/200] method=baseline_avg loss=0.2810 train_acc=0.7768 train_loss=0.4554 val_acc=0.7613 val_loss=0.5137 router_H=0.6913 best=0.7613
           router_load=[0.4885748624801636, 0.03155083209276199, 0.2384680211544037, 0.24140624701976776]
[step 0180/200] method=baseline_avg loss=0.5056 train_acc=0.7768 train_loss=0.4554 val_acc=0.7613 val_loss=0.5137 router_H=0.6913 best=0.7613
           router_load=[0.4885748624801636, 0.03155083209276199, 0.2384680211544037, 0.24140624701976776]
[step 0190/200] method=baseline_avg loss=0.6840 train_acc=0.7768 train_loss=0.4554 val_acc=0.7613 val_loss=0.5137 router_H=0.6913 best=0.7613
           router_load=[0.4885748624801636, 0.03155083209276199, 0.2384680211544037, 0.24140624701976776]
[step 0200/200] method=baseline_avg loss=0.6307 train_acc=0.8310 train_loss=0.4084 val_acc=0.7948 val_loss=0.4862 router_H=0.6911 best=0.7948
           router_load=[0.4820801913738251, 0.034426964819431305, 0.231952965259552, 0.25153982639312744]
saved summary -> /root/Optimization/MOE-grad-conflict-routing/runs/paper_suite_supplement/single_task_add_rerun/single_task/roberta_cola_lora_e4_k2/hpo/baseline/trial_runs/coord_03_train_grad_clip_024/baseline_s3.json
saved curve -> /root/Optimization/MOE-grad-conflict-routing/runs/paper_suite_supplement/single_task_add_rerun/single_task/roberta_cola_lora_e4_k2/hpo/baseline/trial_runs/coord_03_train_grad_clip_024/baseline_s3_curve.csv
