[run] method=cagrad candidate=coord_02_train_weight_decay_002 seed=2 steps=200 gpu=0
[run] cmd=
/home/zhujjing/anaconda3/envs/moe/bin/python /home/zhujjing/MOE-grad-conflict-routing/scripts/run.py --config configs/multitask_glue3_rte_mrpc_cola_real.yaml --set model.backbone_backend=hf --set model.hf_load_pretrained=true --set model.hf_local_files_only=true --set model.backbone=gpt2 --set model.hf_pretrained_name=gpt2-medium --set model.expert_type=lora --set model.routing_mode=topk --set model.num_experts=4 --set model.top_k=2 --set train.eval_train_fraction=0.10 --set train.eval_train_max_batches=-1 --set train.eval_max_batches=-1 --set seed=2 --set method.name=baseline_cagrad --set train.steps=200 --set train.eval_every_steps=100 --set method.baseline_cagrad.c=0.4 --set method.baseline_cagrad.inner_lr=0.1 --set train.grad_clip=1 --set train.lr=2e-05 --set train.weight_decay=0.04430050278 --out /home/zhujjing/MOE-grad-conflict-routing/runs/paper_suite/single_gpu/multi_task/glue3_gpt2_lora_e4_k2/hpo/cagrad/trial_runs/coord_02_train_weight_decay_002/cagrad_s2.json --curve_out /home/zhujjing/MOE-grad-conflict-routing/runs/paper_suite/single_gpu/multi_task/glue3_gpt2_lora_e4_k2/hpo/cagrad/trial_runs/coord_02_train_weight_decay_002/cagrad_s2_curve.csv
Using the latest cached version of the dataset since glue couldn't be found on the Hugging Face Hub (offline mode is enabled).
Found the latest cached dataset configuration 'rte' at /home/zhujjing/hf_cache/datasets/glue/rte/0.0.0/bcdcba79d07bc864c1c254ccfcedcce55bcc9a8c (last modified on Thu Mar 19 15:00:36 2026).
/home/zhujjing/anaconda3/envs/moe/lib/python3.10/site-packages/transformers/utils/hub.py:124: FutureWarning: Using `TRANSFORMERS_CACHE` is deprecated and will be removed in v5 of Transformers. Use `HF_HOME` instead.
  warnings.warn(
Using the latest cached version of the dataset since glue couldn't be found on the Hugging Face Hub (offline mode is enabled).
Found the latest cached dataset configuration 'mrpc' at /home/zhujjing/hf_cache/datasets/glue/mrpc/0.0.0/bcdcba79d07bc864c1c254ccfcedcce55bcc9a8c (last modified on Thu Mar 19 15:01:06 2026).
Using the latest cached version of the dataset since glue couldn't be found on the Hugging Face Hub (offline mode is enabled).
Found the latest cached dataset configuration 'cola' at /home/zhujjing/hf_cache/datasets/glue/cola/0.0.0/bcdcba79d07bc864c1c254ccfcedcce55bcc9a8c (last modified on Thu Mar 19 15:02:09 2026).
[step 0001/200] method=baseline_cagrad loss=0.7631 train_acc=nan train_loss=nan val_acc=nan val_loss=nan best=-1.0000
[step 0010/200] method=baseline_cagrad loss=0.7247 train_acc=nan train_loss=nan val_acc=nan val_loss=nan best=-1.0000
[step 0020/200] method=baseline_cagrad loss=0.6028 train_acc=nan train_loss=nan val_acc=nan val_loss=nan best=-1.0000
[step 0030/200] method=baseline_cagrad loss=0.5950 train_acc=nan train_loss=nan val_acc=nan val_loss=nan best=-1.0000
[step 0040/200] method=baseline_cagrad loss=0.7314 train_acc=nan train_loss=nan val_acc=nan val_loss=nan best=-1.0000
[step 0050/200] method=baseline_cagrad loss=0.7071 train_acc=nan train_loss=nan val_acc=nan val_loss=nan best=-1.0000
[step 0060/200] method=baseline_cagrad loss=0.6797 train_acc=nan train_loss=nan val_acc=nan val_loss=nan best=-1.0000
[step 0070/200] method=baseline_cagrad loss=0.6402 train_acc=nan train_loss=nan val_acc=nan val_loss=nan best=-1.0000
[step 0080/200] method=baseline_cagrad loss=0.7137 train_acc=nan train_loss=nan val_acc=nan val_loss=nan best=-1.0000
[step 0090/200] method=baseline_cagrad loss=0.7092 train_acc=nan train_loss=nan val_acc=nan val_loss=nan best=-1.0000
[step 0100/200] method=baseline_cagrad loss=0.7065 train_acc=0.6702 train_loss=0.5994 val_acc=0.6658 val_loss=0.6119 router_H=0.4482 best=0.6658
           router_load=[0.7880662083625793, 0.0025562699884176254, 0.1802261471748352, 0.029151130467653275]
[step 0110/200] method=baseline_cagrad loss=0.5842 train_acc=0.6702 train_loss=0.5994 val_acc=0.6658 val_loss=0.6119 router_H=0.4482 best=0.6658
           router_load=[0.7880662083625793, 0.0025562699884176254, 0.1802261471748352, 0.029151130467653275]
[step 0120/200] method=baseline_cagrad loss=0.5323 train_acc=0.6702 train_loss=0.5994 val_acc=0.6658 val_loss=0.6119 router_H=0.4482 best=0.6658
           router_load=[0.7880662083625793, 0.0025562699884176254, 0.1802261471748352, 0.029151130467653275]
[step 0130/200] method=baseline_cagrad loss=0.4923 train_acc=0.6702 train_loss=0.5994 val_acc=0.6658 val_loss=0.6119 router_H=0.4482 best=0.6658
           router_load=[0.7880662083625793, 0.0025562699884176254, 0.1802261471748352, 0.029151130467653275]
[step 0140/200] method=baseline_cagrad loss=0.5138 train_acc=0.6702 train_loss=0.5994 val_acc=0.6658 val_loss=0.6119 router_H=0.4482 best=0.6658
           router_load=[0.7880662083625793, 0.0025562699884176254, 0.1802261471748352, 0.029151130467653275]
[step 0150/200] method=baseline_cagrad loss=0.5536 train_acc=0.6702 train_loss=0.5994 val_acc=0.6658 val_loss=0.6119 router_H=0.4482 best=0.6658
           router_load=[0.7880662083625793, 0.0025562699884176254, 0.1802261471748352, 0.029151130467653275]
[step 0160/200] method=baseline_cagrad loss=0.7784 train_acc=0.6702 train_loss=0.5994 val_acc=0.6658 val_loss=0.6119 router_H=0.4482 best=0.6658
           router_load=[0.7880662083625793, 0.0025562699884176254, 0.1802261471748352, 0.029151130467653275]
[step 0170/200] method=baseline_cagrad loss=0.7052 train_acc=0.6702 train_loss=0.5994 val_acc=0.6658 val_loss=0.6119 router_H=0.4482 best=0.6658
           router_load=[0.7880662083625793, 0.0025562699884176254, 0.1802261471748352, 0.029151130467653275]
[step 0180/200] method=baseline_cagrad loss=0.6045 train_acc=0.6702 train_loss=0.5994 val_acc=0.6658 val_loss=0.6119 router_H=0.4482 best=0.6658
           router_load=[0.7880662083625793, 0.0025562699884176254, 0.1802261471748352, 0.029151130467653275]
[step 0190/200] method=baseline_cagrad loss=0.6144 train_acc=0.6702 train_loss=0.5994 val_acc=0.6658 val_loss=0.6119 router_H=0.4482 best=0.6658
           router_load=[0.7880662083625793, 0.0025562699884176254, 0.1802261471748352, 0.029151130467653275]
[step 0200/200] method=baseline_cagrad loss=0.6181 train_acc=0.6920 train_loss=0.5723 val_acc=0.6761 val_loss=0.5943 router_H=0.5241 best=0.6761
           router_load=[0.7149304747581482, 0.0005727334064431489, 0.21407772600650787, 0.07041915506124496]
saved summary -> /home/zhujjing/MOE-grad-conflict-routing/runs/paper_suite/single_gpu/multi_task/glue3_gpt2_lora_e4_k2/hpo/cagrad/trial_runs/coord_02_train_weight_decay_002/cagrad_s2.json
saved curve -> /home/zhujjing/MOE-grad-conflict-routing/runs/paper_suite/single_gpu/multi_task/glue3_gpt2_lora_e4_k2/hpo/cagrad/trial_runs/coord_02_train_weight_decay_002/cagrad_s2_curve.csv
