[run] method=baseline candidate=coord_02_anchor seed=2 steps=200 gpu=0
[run] cmd=
/root/miniconda3/envs/optimization/bin/python /root/Optimization/MOE-grad-conflict-routing-appendix2/scripts/run.py --config configs/multitask_textcls_local_sst2_yelp_amazon_real.yaml --set model.backbone_backend=hf --set model.hf_load_pretrained=true --set model.hf_local_files_only=1 --set model.backbone=roberta --set model.hf_pretrained_name=roberta-base --set model.expert_type=lora --set model.routing_mode=topk --set model.num_experts=4 --set model.top_k=2 --set data.train_size=20000 --set data.val_size=4000 --set train.eval_val_fraction=0.2 --set train.skip_train_eval=true --set seed=2 --set method.name=baseline_avg --set train.steps=200 --set train.eval_every_steps=100 --set train.grad_clip=1 --set train.lr=2e-05 --set train.weight_decay=0.01 --out /root/Optimization/MOE-grad-conflict-routing-appendix2/runs/paper_suite_supplement/appendix/multi_dataset_real/roberta_lora_e4_k2/_method_workers/baseline/hpo/baseline/trial_runs/coord_02_anchor/baseline_s2.json --curve_out /root/Optimization/MOE-grad-conflict-routing-appendix2/runs/paper_suite_supplement/appendix/multi_dataset_real/roberta_lora_e4_k2/_method_workers/baseline/hpo/baseline/trial_runs/coord_02_anchor/baseline_s2_curve.csv
Loading weights:   0%|          | 0/197 [00:00<?, ?it/s]Loading weights: 100%|██████████| 197/197 [00:00<00:00, 18718.21it/s]
[1mRobertaModel LOAD REPORT[0m from: roberta-base
Key                             | Status     | 
--------------------------------+------------+-
lm_head.dense.weight            | UNEXPECTED | 
roberta.embeddings.position_ids | UNEXPECTED | 
lm_head.bias                    | UNEXPECTED | 
lm_head.layer_norm.bias         | UNEXPECTED | 
lm_head.dense.bias              | UNEXPECTED | 
lm_head.layer_norm.weight       | UNEXPECTED | 
pooler.dense.bias               | MISSING    | 
pooler.dense.weight             | MISSING    | 

[3mNotes:
- UNEXPECTED[3m	:can be ignored when loading from different task/architecture; not ok if you expect identical arch.
- MISSING[3m	:those params were newly initialized because missing from the checkpoint. Consider training on your downstream task.[0m
[step 0001/200] method=baseline_avg loss=0.7079 train_acc=nan train_loss=nan val_acc=nan val_loss=nan best=-1.0000
[step 0010/200] method=baseline_avg loss=0.7444 train_acc=nan train_loss=nan val_acc=nan val_loss=nan best=-1.0000
[step 0020/200] method=baseline_avg loss=0.5028 train_acc=nan train_loss=nan val_acc=nan val_loss=nan best=-1.0000
[step 0030/200] method=baseline_avg loss=0.2826 train_acc=nan train_loss=nan val_acc=nan val_loss=nan best=-1.0000
[step 0040/200] method=baseline_avg loss=0.1247 train_acc=nan train_loss=nan val_acc=nan val_loss=nan best=-1.0000
[step 0050/200] method=baseline_avg loss=0.2678 train_acc=nan train_loss=nan val_acc=nan val_loss=nan best=-1.0000
[step 0060/200] method=baseline_avg loss=0.2038 train_acc=nan train_loss=nan val_acc=nan val_loss=nan best=-1.0000
[step 0070/200] method=baseline_avg loss=0.3461 train_acc=nan train_loss=nan val_acc=nan val_loss=nan best=-1.0000
[step 0080/200] method=baseline_avg loss=0.2347 train_acc=nan train_loss=nan val_acc=nan val_loss=nan best=-1.0000
[step 0090/200] method=baseline_avg loss=0.1261 train_acc=nan train_loss=nan val_acc=nan val_loss=nan best=-1.0000
[step 0100/200] method=baseline_avg loss=0.2732 train_acc=nan train_loss=nan val_acc=0.9199 val_loss=0.2249 router_H=0.6725 best=0.9199
           router_load=[0.20429584383964539, 0.00640220707282424, 0.2050807774066925, 0.584221363067627]
[step 0110/200] method=baseline_avg loss=0.1347 train_acc=nan train_loss=nan val_acc=0.9199 val_loss=0.2249 router_H=0.6725 best=0.9199
           router_load=[0.20429584383964539, 0.00640220707282424, 0.2050807774066925, 0.584221363067627]
[step 0120/200] method=baseline_avg loss=0.2428 train_acc=nan train_loss=nan val_acc=0.9199 val_loss=0.2249 router_H=0.6725 best=0.9199
           router_load=[0.20429584383964539, 0.00640220707282424, 0.2050807774066925, 0.584221363067627]
[step 0130/200] method=baseline_avg loss=0.3340 train_acc=nan train_loss=nan val_acc=0.9199 val_loss=0.2249 router_H=0.6725 best=0.9199
           router_load=[0.20429584383964539, 0.00640220707282424, 0.2050807774066925, 0.584221363067627]
[step 0140/200] method=baseline_avg loss=0.5535 train_acc=nan train_loss=nan val_acc=0.9199 val_loss=0.2249 router_H=0.6725 best=0.9199
           router_load=[0.20429584383964539, 0.00640220707282424, 0.2050807774066925, 0.584221363067627]
[step 0150/200] method=baseline_avg loss=0.1598 train_acc=nan train_loss=nan val_acc=0.9199 val_loss=0.2249 router_H=0.6725 best=0.9199
           router_load=[0.20429584383964539, 0.00640220707282424, 0.2050807774066925, 0.584221363067627]
[step 0160/200] method=baseline_avg loss=0.3850 train_acc=nan train_loss=nan val_acc=0.9199 val_loss=0.2249 router_H=0.6725 best=0.9199
           router_load=[0.20429584383964539, 0.00640220707282424, 0.2050807774066925, 0.584221363067627]
[step 0170/200] method=baseline_avg loss=0.1824 train_acc=nan train_loss=nan val_acc=0.9199 val_loss=0.2249 router_H=0.6725 best=0.9199
           router_load=[0.20429584383964539, 0.00640220707282424, 0.2050807774066925, 0.584221363067627]
[step 0180/200] method=baseline_avg loss=0.2396 train_acc=nan train_loss=nan val_acc=0.9199 val_loss=0.2249 router_H=0.6725 best=0.9199
           router_load=[0.20429584383964539, 0.00640220707282424, 0.2050807774066925, 0.584221363067627]
[step 0190/200] method=baseline_avg loss=0.2621 train_acc=nan train_loss=nan val_acc=0.9199 val_loss=0.2249 router_H=0.6725 best=0.9199
           router_load=[0.20429584383964539, 0.00640220707282424, 0.2050807774066925, 0.584221363067627]
[step 0200/200] method=baseline_avg loss=0.0921 train_acc=nan train_loss=nan val_acc=0.8942 val_loss=0.3163 router_H=0.6822 best=0.9199
           router_load=[0.21456237137317657, 0.01256815530359745, 0.23784582316875458, 0.5350235104560852]
saved summary -> /root/Optimization/MOE-grad-conflict-routing-appendix2/runs/paper_suite_supplement/appendix/multi_dataset_real/roberta_lora_e4_k2/_method_workers/baseline/hpo/baseline/trial_runs/coord_02_anchor/baseline_s2.json
saved curve -> /root/Optimization/MOE-grad-conflict-routing-appendix2/runs/paper_suite_supplement/appendix/multi_dataset_real/roberta_lora_e4_k2/_method_workers/baseline/hpo/baseline/trial_runs/coord_02_anchor/baseline_s2_curve.csv
