[run] method=ours candidate=coord_04_method_ours_lambda_align_001 seed=3 steps=200 gpu=0
[run] cmd=
/root/miniconda3/envs/optimization/bin/python /root/Optimization/MOE-grad-conflict-routing-appendix2/scripts/run.py --config configs/multitask_textcls_local_sst2_yelp_amazon_real.yaml --set model.backbone_backend=hf --set model.hf_load_pretrained=true --set model.hf_local_files_only=1 --set model.backbone=roberta --set model.hf_pretrained_name=roberta-base --set model.expert_type=lora --set model.routing_mode=topk --set model.num_experts=4 --set model.top_k=2 --set data.train_size=20000 --set data.val_size=4000 --set train.eval_val_fraction=0.2 --set train.skip_train_eval=true --set seed=3 --set method.name=ours --set train.steps=200 --set train.eval_every_steps=100 --set method.ours.use_load_norm=true --set method.ours.lambda_align=0.005445486963 --set train.grad_clip=1 --set train.lr=2.555178414e-05 --set train.weight_decay=0.0353185872 --out /root/Optimization/MOE-grad-conflict-routing-appendix2/runs/paper_suite_supplement/appendix/multi_dataset_real/roberta_lora_e4_k2/_method_workers/ours/hpo/ours/trial_runs/coord_04_method_ours_lambda_align_001/ours_s3.json --curve_out /root/Optimization/MOE-grad-conflict-routing-appendix2/runs/paper_suite_supplement/appendix/multi_dataset_real/roberta_lora_e4_k2/_method_workers/ours/hpo/ours/trial_runs/coord_04_method_ours_lambda_align_001/ours_s3_curve.csv
Loading weights:   0%|          | 0/197 [00:00<?, ?it/s]Loading weights: 100%|██████████| 197/197 [00:00<00:00, 3732.43it/s]
[1mRobertaModel LOAD REPORT[0m from: roberta-base
Key                             | Status     | 
--------------------------------+------------+-
lm_head.bias                    | UNEXPECTED | 
lm_head.dense.bias              | UNEXPECTED | 
lm_head.dense.weight            | UNEXPECTED | 
lm_head.layer_norm.weight       | UNEXPECTED | 
lm_head.layer_norm.bias         | UNEXPECTED | 
roberta.embeddings.position_ids | UNEXPECTED | 
pooler.dense.bias               | MISSING    | 
pooler.dense.weight             | MISSING    | 

[3mNotes:
- UNEXPECTED[3m	:can be ignored when loading from different task/architecture; not ok if you expect identical arch.
- MISSING[3m	:those params were newly initialized because missing from the checkpoint. Consider training on your downstream task.[0m
[step 0001/200] method=ours loss=0.6798 train_acc=nan train_loss=nan val_acc=nan val_loss=nan best=-1.0000
[step 0010/200] method=ours loss=0.5934 train_acc=nan train_loss=nan val_acc=nan val_loss=nan best=-1.0000
[step 0020/200] method=ours loss=0.2775 train_acc=nan train_loss=nan val_acc=nan val_loss=nan best=-1.0000
[step 0030/200] method=ours loss=0.5664 train_acc=nan train_loss=nan val_acc=nan val_loss=nan best=-1.0000
[step 0040/200] method=ours loss=0.1881 train_acc=nan train_loss=nan val_acc=nan val_loss=nan best=-1.0000
[step 0050/200] method=ours loss=0.1730 train_acc=nan train_loss=nan val_acc=nan val_loss=nan best=-1.0000
[step 0060/200] method=ours loss=0.2676 train_acc=nan train_loss=nan val_acc=nan val_loss=nan best=-1.0000
[step 0070/200] method=ours loss=0.3551 train_acc=nan train_loss=nan val_acc=nan val_loss=nan best=-1.0000
[step 0080/200] method=ours loss=0.0785 train_acc=nan train_loss=nan val_acc=nan val_loss=nan best=-1.0000
[step 0090/200] method=ours loss=0.2735 train_acc=nan train_loss=nan val_acc=nan val_loss=nan best=-1.0000
[step 0100/200] method=ours loss=0.1484 train_acc=nan train_loss=nan val_acc=0.8907 val_loss=0.2928 router_H=0.6838 best=0.8907
           router_load=[0.2862376272678375, 0.1480957716703415, 0.2368537336587906, 0.3288125991821289]
[step 0110/200] method=ours loss=0.0753 train_acc=nan train_loss=nan val_acc=0.8907 val_loss=0.2928 router_H=0.6838 best=0.8907
           router_load=[0.2862376272678375, 0.1480957716703415, 0.2368537336587906, 0.3288125991821289]
[step 0120/200] method=ours loss=0.0614 train_acc=nan train_loss=nan val_acc=0.8907 val_loss=0.2928 router_H=0.6838 best=0.8907
           router_load=[0.2862376272678375, 0.1480957716703415, 0.2368537336587906, 0.3288125991821289]
[step 0130/200] method=ours loss=0.1808 train_acc=nan train_loss=nan val_acc=0.8907 val_loss=0.2928 router_H=0.6838 best=0.8907
           router_load=[0.2862376272678375, 0.1480957716703415, 0.2368537336587906, 0.3288125991821289]
[step 0140/200] method=ours loss=0.3307 train_acc=nan train_loss=nan val_acc=0.8907 val_loss=0.2928 router_H=0.6838 best=0.8907
           router_load=[0.2862376272678375, 0.1480957716703415, 0.2368537336587906, 0.3288125991821289]
[step 0150/200] method=ours loss=0.6081 train_acc=nan train_loss=nan val_acc=0.8907 val_loss=0.2928 router_H=0.6838 best=0.8907
           router_load=[0.2862376272678375, 0.1480957716703415, 0.2368537336587906, 0.3288125991821289]
[step 0160/200] method=ours loss=0.2314 train_acc=nan train_loss=nan val_acc=0.8907 val_loss=0.2928 router_H=0.6838 best=0.8907
           router_load=[0.2862376272678375, 0.1480957716703415, 0.2368537336587906, 0.3288125991821289]
[step 0170/200] method=ours loss=0.2991 train_acc=nan train_loss=nan val_acc=0.8907 val_loss=0.2928 router_H=0.6838 best=0.8907
           router_load=[0.2862376272678375, 0.1480957716703415, 0.2368537336587906, 0.3288125991821289]
[step 0180/200] method=ours loss=0.0594 train_acc=nan train_loss=nan val_acc=0.8907 val_loss=0.2928 router_H=0.6838 best=0.8907
           router_load=[0.2862376272678375, 0.1480957716703415, 0.2368537336587906, 0.3288125991821289]
[step 0190/200] method=ours loss=0.2782 train_acc=nan train_loss=nan val_acc=0.8907 val_loss=0.2928 router_H=0.6838 best=0.8907
           router_load=[0.2862376272678375, 0.1480957716703415, 0.2368537336587906, 0.3288125991821289]
[step 0200/200] method=ours loss=0.3249 train_acc=nan train_loss=nan val_acc=0.9056 val_loss=0.2431 router_H=0.6868 best=0.9056
           router_load=[0.23663058876991272, 0.3621390163898468, 0.04643648490309715, 0.3547939658164978]
saved summary -> /root/Optimization/MOE-grad-conflict-routing-appendix2/runs/paper_suite_supplement/appendix/multi_dataset_real/roberta_lora_e4_k2/_method_workers/ours/hpo/ours/trial_runs/coord_04_method_ours_lambda_align_001/ours_s3.json
saved curve -> /root/Optimization/MOE-grad-conflict-routing-appendix2/runs/paper_suite_supplement/appendix/multi_dataset_real/roberta_lora_e4_k2/_method_workers/ours/hpo/ours/trial_runs/coord_04_method_ours_lambda_align_001/ours_s3_curve.csv
