[run] method=cagrad candidate=local_var_topk_003 seed=2 steps=200 gpu=0
[run] cmd=
/root/miniconda3/envs/optimization/bin/python /root/Optimization/MOE-grad-conflict-routing-appendix2/scripts/run.py --config configs/multitask_textcls_local_sst2_yelp_amazon_real.yaml --set model.backbone_backend=hf --set model.hf_load_pretrained=true --set model.hf_local_files_only=true --set model.routing_mode=topk --set model.expert_type=lora --set model.num_experts=4 --set model.top_k=2 --set data.train_size=20000 --set data.val_size=4000 --set model.backbone=roberta --set model.hf_pretrained_name=roberta-base --set train.eval_val_fraction=0.2 --set train.skip_train_eval=true --set seed=2 --set method.name=baseline_cagrad --set train.steps=200 --set train.eval_every_steps=100 --set method.baseline_cagrad.c=0.2149024878 --set method.baseline_cagrad.inner_lr=0.05 --set train.grad_clip=1.511233607 --set train.lr=1.2775892e-05 --set train.weight_decay=0.0494133814 --out /root/Optimization/MOE-grad-conflict-routing-appendix2/runs/paper_suite_supplement/appendix/multi_dataset_real/roberta_lora_e4_k2/_method_workers/cagrad/hpo/cagrad/trial_runs/local_var_topk_003/cagrad_s2.json --curve_out /root/Optimization/MOE-grad-conflict-routing-appendix2/runs/paper_suite_supplement/appendix/multi_dataset_real/roberta_lora_e4_k2/_method_workers/cagrad/hpo/cagrad/trial_runs/local_var_topk_003/cagrad_s2_curve.csv
Loading weights:   0%|          | 0/197 [00:00<?, ?it/s]Loading weights: 100%|██████████| 197/197 [00:00<00:00, 2126.43it/s]
[1mRobertaModel LOAD REPORT[0m from: roberta-base
Key                             | Status     | 
--------------------------------+------------+-
lm_head.dense.bias              | UNEXPECTED | 
lm_head.dense.weight            | UNEXPECTED | 
lm_head.layer_norm.bias         | UNEXPECTED | 
lm_head.bias                    | UNEXPECTED | 
lm_head.layer_norm.weight       | UNEXPECTED | 
roberta.embeddings.position_ids | UNEXPECTED | 
pooler.dense.weight             | MISSING    | 
pooler.dense.bias               | MISSING    | 

[3mNotes:
- UNEXPECTED[3m	:can be ignored when loading from different task/architecture; not ok if you expect identical arch.
- MISSING[3m	:those params were newly initialized because missing from the checkpoint. Consider training on your downstream task.[0m
[step 0001/200] method=baseline_cagrad loss=0.7617 train_acc=nan train_loss=nan val_acc=nan val_loss=nan best=-1.0000
[step 0010/200] method=baseline_cagrad loss=0.6826 train_acc=nan train_loss=nan val_acc=nan val_loss=nan best=-1.0000
[step 0020/200] method=baseline_cagrad loss=0.6295 train_acc=nan train_loss=nan val_acc=nan val_loss=nan best=-1.0000
[step 0030/200] method=baseline_cagrad loss=0.5230 train_acc=nan train_loss=nan val_acc=nan val_loss=nan best=-1.0000
[step 0040/200] method=baseline_cagrad loss=0.1075 train_acc=nan train_loss=nan val_acc=nan val_loss=nan best=-1.0000
[step 0050/200] method=baseline_cagrad loss=0.3709 train_acc=nan train_loss=nan val_acc=nan val_loss=nan best=-1.0000
[step 0060/200] method=baseline_cagrad loss=0.2546 train_acc=nan train_loss=nan val_acc=nan val_loss=nan best=-1.0000
[step 0070/200] method=baseline_cagrad loss=0.3284 train_acc=nan train_loss=nan val_acc=nan val_loss=nan best=-1.0000
[step 0080/200] method=baseline_cagrad loss=0.5959 train_acc=nan train_loss=nan val_acc=nan val_loss=nan best=-1.0000
[step 0090/200] method=baseline_cagrad loss=0.1445 train_acc=nan train_loss=nan val_acc=nan val_loss=nan best=-1.0000
[step 0100/200] method=baseline_cagrad loss=0.4700 train_acc=nan train_loss=nan val_acc=0.9146 val_loss=0.2705 router_H=0.6627 best=0.9146
           router_load=[0.5714275240898132, 0.09944033622741699, 0.008446723222732544, 0.3206854462623596]
[step 0110/200] method=baseline_cagrad loss=0.4770 train_acc=nan train_loss=nan val_acc=0.9146 val_loss=0.2705 router_H=0.6627 best=0.9146
           router_load=[0.5714275240898132, 0.09944033622741699, 0.008446723222732544, 0.3206854462623596]
[step 0120/200] method=baseline_cagrad loss=0.1566 train_acc=nan train_loss=nan val_acc=0.9146 val_loss=0.2705 router_H=0.6627 best=0.9146
           router_load=[0.5714275240898132, 0.09944033622741699, 0.008446723222732544, 0.3206854462623596]
[step 0130/200] method=baseline_cagrad loss=0.2259 train_acc=nan train_loss=nan val_acc=0.9146 val_loss=0.2705 router_H=0.6627 best=0.9146
           router_load=[0.5714275240898132, 0.09944033622741699, 0.008446723222732544, 0.3206854462623596]
[step 0140/200] method=baseline_cagrad loss=0.3348 train_acc=nan train_loss=nan val_acc=0.9146 val_loss=0.2705 router_H=0.6627 best=0.9146
           router_load=[0.5714275240898132, 0.09944033622741699, 0.008446723222732544, 0.3206854462623596]
[step 0150/200] method=baseline_cagrad loss=0.3075 train_acc=nan train_loss=nan val_acc=0.9146 val_loss=0.2705 router_H=0.6627 best=0.9146
           router_load=[0.5714275240898132, 0.09944033622741699, 0.008446723222732544, 0.3206854462623596]
[step 0160/200] method=baseline_cagrad loss=0.4045 train_acc=nan train_loss=nan val_acc=0.9146 val_loss=0.2705 router_H=0.6627 best=0.9146
           router_load=[0.5714275240898132, 0.09944033622741699, 0.008446723222732544, 0.3206854462623596]
[step 0170/200] method=baseline_cagrad loss=0.2143 train_acc=nan train_loss=nan val_acc=0.9146 val_loss=0.2705 router_H=0.6627 best=0.9146
           router_load=[0.5714275240898132, 0.09944033622741699, 0.008446723222732544, 0.3206854462623596]
[step 0180/200] method=baseline_cagrad loss=0.3771 train_acc=nan train_loss=nan val_acc=0.9146 val_loss=0.2705 router_H=0.6627 best=0.9146
           router_load=[0.5714275240898132, 0.09944033622741699, 0.008446723222732544, 0.3206854462623596]
[step 0190/200] method=baseline_cagrad loss=0.3528 train_acc=nan train_loss=nan val_acc=0.9146 val_loss=0.2705 router_H=0.6627 best=0.9146
           router_load=[0.5714275240898132, 0.09944033622741699, 0.008446723222732544, 0.3206854462623596]
[step 0200/200] method=baseline_cagrad loss=0.0615 train_acc=nan train_loss=nan val_acc=0.9086 val_loss=0.2638 router_H=0.6648 best=0.9146
           router_load=[0.5833034515380859, 0.15997804701328278, 0.005753126461058855, 0.25096556544303894]
saved summary -> /root/Optimization/MOE-grad-conflict-routing-appendix2/runs/paper_suite_supplement/appendix/multi_dataset_real/roberta_lora_e4_k2/_method_workers/cagrad/hpo/cagrad/trial_runs/local_var_topk_003/cagrad_s2.json
saved curve -> /root/Optimization/MOE-grad-conflict-routing-appendix2/runs/paper_suite_supplement/appendix/multi_dataset_real/roberta_lora_e4_k2/_method_workers/cagrad/hpo/cagrad/trial_runs/local_var_topk_003/cagrad_s2_curve.csv
