[run] method=cagrad candidate=local_var_topk_026 seed=2 steps=200 gpu=0
[run] cmd=
/root/miniconda3/envs/optimization/bin/python /root/Optimization/MOE-grad-conflict-routing-appendix2/scripts/run.py --config configs/multitask_textcls_local_sst2_yelp_amazon_real.yaml --set model.backbone_backend=hf --set model.hf_load_pretrained=true --set model.hf_local_files_only=true --set model.routing_mode=topk --set model.expert_type=lora --set model.num_experts=4 --set model.top_k=2 --set data.train_size=20000 --set data.val_size=4000 --set model.backbone=roberta --set model.hf_pretrained_name=roberta-base --set train.eval_val_fraction=0.2 --set train.skip_train_eval=true --set seed=2 --set method.name=baseline_cagrad --set train.steps=200 --set train.eval_every_steps=100 --set method.baseline_cagrad.c=0.2149024878 --set method.baseline_cagrad.inner_lr=0.2 --set train.grad_clip=1.811233607 --set train.lr=5.1103568e-05 --set train.weight_decay=0.0494133814 --out /root/Optimization/MOE-grad-conflict-routing-appendix2/runs/paper_suite_supplement/appendix/multi_dataset_real/roberta_lora_e4_k2/_method_workers/cagrad/hpo/cagrad/trial_runs/local_var_topk_026/cagrad_s2.json --curve_out /root/Optimization/MOE-grad-conflict-routing-appendix2/runs/paper_suite_supplement/appendix/multi_dataset_real/roberta_lora_e4_k2/_method_workers/cagrad/hpo/cagrad/trial_runs/local_var_topk_026/cagrad_s2_curve.csv
Loading weights:   0%|          | 0/197 [00:00<?, ?it/s]Loading weights: 100%|██████████| 197/197 [00:00<00:00, 5384.08it/s]
[1mRobertaModel LOAD REPORT[0m from: roberta-base
Key                             | Status     | 
--------------------------------+------------+-
lm_head.layer_norm.weight       | UNEXPECTED | 
lm_head.dense.weight            | UNEXPECTED | 
roberta.embeddings.position_ids | UNEXPECTED | 
lm_head.dense.bias              | UNEXPECTED | 
lm_head.bias                    | UNEXPECTED | 
lm_head.layer_norm.bias         | UNEXPECTED | 
pooler.dense.bias               | MISSING    | 
pooler.dense.weight             | MISSING    | 

[3mNotes:
- UNEXPECTED[3m	:can be ignored when loading from different task/architecture; not ok if you expect identical arch.
- MISSING[3m	:those params were newly initialized because missing from the checkpoint. Consider training on your downstream task.[0m
[step 0001/200] method=baseline_cagrad loss=0.7608 train_acc=nan train_loss=nan val_acc=nan val_loss=nan best=-1.0000
[step 0010/200] method=baseline_cagrad loss=0.7492 train_acc=nan train_loss=nan val_acc=nan val_loss=nan best=-1.0000
[step 0020/200] method=baseline_cagrad loss=0.4144 train_acc=nan train_loss=nan val_acc=nan val_loss=nan best=-1.0000
[step 0030/200] method=baseline_cagrad loss=0.5394 train_acc=nan train_loss=nan val_acc=nan val_loss=nan best=-1.0000
[step 0040/200] method=baseline_cagrad loss=0.1586 train_acc=nan train_loss=nan val_acc=nan val_loss=nan best=-1.0000
[step 0050/200] method=baseline_cagrad loss=0.3504 train_acc=nan train_loss=nan val_acc=nan val_loss=nan best=-1.0000
[step 0060/200] method=baseline_cagrad loss=0.2532 train_acc=nan train_loss=nan val_acc=nan val_loss=nan best=-1.0000
[step 0070/200] method=baseline_cagrad loss=0.2888 train_acc=nan train_loss=nan val_acc=nan val_loss=nan best=-1.0000
[step 0080/200] method=baseline_cagrad loss=0.3988 train_acc=nan train_loss=nan val_acc=nan val_loss=nan best=-1.0000
[step 0090/200] method=baseline_cagrad loss=0.0857 train_acc=nan train_loss=nan val_acc=nan val_loss=nan best=-1.0000
[step 0100/200] method=baseline_cagrad loss=0.2392 train_acc=nan train_loss=nan val_acc=0.8993 val_loss=0.2910 router_H=0.6862 best=0.8993
           router_load=[0.4336462914943695, 0.2351289689540863, 0.28415530920028687, 0.04706963896751404]
[step 0110/200] method=baseline_cagrad loss=0.3291 train_acc=nan train_loss=nan val_acc=0.8993 val_loss=0.2910 router_H=0.6862 best=0.8993
           router_load=[0.4336462914943695, 0.2351289689540863, 0.28415530920028687, 0.04706963896751404]
[step 0120/200] method=baseline_cagrad loss=0.1897 train_acc=nan train_loss=nan val_acc=0.8993 val_loss=0.2910 router_H=0.6862 best=0.8993
           router_load=[0.4336462914943695, 0.2351289689540863, 0.28415530920028687, 0.04706963896751404]
[step 0130/200] method=baseline_cagrad loss=0.3106 train_acc=nan train_loss=nan val_acc=0.8993 val_loss=0.2910 router_H=0.6862 best=0.8993
           router_load=[0.4336462914943695, 0.2351289689540863, 0.28415530920028687, 0.04706963896751404]
[step 0140/200] method=baseline_cagrad loss=0.4005 train_acc=nan train_loss=nan val_acc=0.8993 val_loss=0.2910 router_H=0.6862 best=0.8993
           router_load=[0.4336462914943695, 0.2351289689540863, 0.28415530920028687, 0.04706963896751404]
[step 0150/200] method=baseline_cagrad loss=0.3576 train_acc=nan train_loss=nan val_acc=0.8993 val_loss=0.2910 router_H=0.6862 best=0.8993
           router_load=[0.4336462914943695, 0.2351289689540863, 0.28415530920028687, 0.04706963896751404]
[step 0160/200] method=baseline_cagrad loss=0.2426 train_acc=nan train_loss=nan val_acc=0.8993 val_loss=0.2910 router_H=0.6862 best=0.8993
           router_load=[0.4336462914943695, 0.2351289689540863, 0.28415530920028687, 0.04706963896751404]
[step 0170/200] method=baseline_cagrad loss=0.1733 train_acc=nan train_loss=nan val_acc=0.8993 val_loss=0.2910 router_H=0.6862 best=0.8993
           router_load=[0.4336462914943695, 0.2351289689540863, 0.28415530920028687, 0.04706963896751404]
[step 0180/200] method=baseline_cagrad loss=0.1895 train_acc=nan train_loss=nan val_acc=0.8993 val_loss=0.2910 router_H=0.6862 best=0.8993
           router_load=[0.4336462914943695, 0.2351289689540863, 0.28415530920028687, 0.04706963896751404]
[step 0190/200] method=baseline_cagrad loss=0.4607 train_acc=nan train_loss=nan val_acc=0.8993 val_loss=0.2910 router_H=0.6862 best=0.8993
           router_load=[0.4336462914943695, 0.2351289689540863, 0.28415530920028687, 0.04706963896751404]
[step 0200/200] method=baseline_cagrad loss=0.2056 train_acc=nan train_loss=nan val_acc=0.9055 val_loss=0.2718 router_H=0.6760 best=0.9055
           router_load=[0.4624573290348053, 0.14532075822353363, 0.30364999175071716, 0.08857199549674988]
saved summary -> /root/Optimization/MOE-grad-conflict-routing-appendix2/runs/paper_suite_supplement/appendix/multi_dataset_real/roberta_lora_e4_k2/_method_workers/cagrad/hpo/cagrad/trial_runs/local_var_topk_026/cagrad_s2.json
saved curve -> /root/Optimization/MOE-grad-conflict-routing-appendix2/runs/paper_suite_supplement/appendix/multi_dataset_real/roberta_lora_e4_k2/_method_workers/cagrad/hpo/cagrad/trial_runs/local_var_topk_026/cagrad_s2_curve.csv
