[run] method=baseline candidate=coord_01_train_lr_026 seed=3 steps=150 gpu=0
[run] cmd=
/home/zhujjing/anaconda3/envs/moe/bin/python /home/zhujjing/MOE-grad-conflict-routing/scripts/run.py --config configs/singletask_sst2_real.yaml --set model.backbone_backend=hf --set model.hf_load_pretrained=true --set model.backbone=deberta --set model.hf_pretrained_name=microsoft/deberta-v3-base --set model.expert_type=lora --set model.routing_mode=topk --set model.num_experts=4 --set model.top_k=2 --set seed=3 --set method.name=baseline_avg --set train.steps=150 --set train.eval_every_steps=50 --set train.grad_clip=1 --set train.lr=1.302122972e-05 --set train.weight_decay=0.01 --out /home/zhujjing/MOE-grad-conflict-routing/runs/paper_suite/single_gpu/single_task/deberta_sst2_lora_e4_k2/hpo/baseline/trial_runs/coord_01_train_lr_026/baseline_s3.json --curve_out /home/zhujjing/MOE-grad-conflict-routing/runs/paper_suite/single_gpu/single_task/deberta_sst2_lora_e4_k2/hpo/baseline/trial_runs/coord_01_train_lr_026/baseline_s3_curve.csv
Using the latest cached version of the dataset since glue couldn't be found on the Hugging Face Hub (offline mode is enabled).
Found the latest cached dataset configuration 'sst2' at /home/zhujjing/hf_cache/datasets/glue/sst2/0.0.0/bcdcba79d07bc864c1c254ccfcedcce55bcc9a8c (last modified on Thu Mar 19 15:01:41 2026).
/home/zhujjing/anaconda3/envs/moe/lib/python3.10/site-packages/transformers/utils/hub.py:124: FutureWarning: Using `TRANSFORMERS_CACHE` is deprecated and will be removed in v5 of Transformers. Use `HF_HOME` instead.
  warnings.warn(
/home/zhujjing/anaconda3/envs/moe/lib/python3.10/site-packages/transformers/convert_slow_tokenizer.py:560: UserWarning: The sentencepiece tokenizer that you are converting to a fast tokenizer uses the byte fallback option which is not implemented in the fast tokenizers. In practice this means that the fast version of the tokenizer can produce unknown tokens whereas the sentencepiece version would have converted these unknown tokens into a sequence of byte tokens matching the original piece of text.
  warnings.warn(
[step 0001/150] method=baseline_avg loss=0.7064 train_acc=nan train_loss=nan val_acc=nan val_loss=nan best=-1.0000
[step 0010/150] method=baseline_avg loss=0.6738 train_acc=nan train_loss=nan val_acc=nan val_loss=nan best=-1.0000
[step 0020/150] method=baseline_avg loss=0.5889 train_acc=nan train_loss=nan val_acc=nan val_loss=nan best=-1.0000
[step 0030/150] method=baseline_avg loss=0.5999 train_acc=nan train_loss=nan val_acc=nan val_loss=nan best=-1.0000
[step 0040/150] method=baseline_avg loss=0.6669 train_acc=nan train_loss=nan val_acc=nan val_loss=nan best=-1.0000
[step 0050/150] method=baseline_avg loss=0.5748 train_acc=0.8594 train_loss=0.4020 val_acc=0.8670 val_loss=0.3970 router_H=0.6781 best=0.8670
           router_load=[0.12864400446414948, 0.5631042718887329, 0.30779069662094116, 0.0004610393079929054]
[step 0060/150] method=baseline_avg loss=0.4512 train_acc=0.8594 train_loss=0.4020 val_acc=0.8670 val_loss=0.3970 router_H=0.6781 best=0.8670
           router_load=[0.12864400446414948, 0.5631042718887329, 0.30779069662094116, 0.0004610393079929054]
[step 0070/150] method=baseline_avg loss=0.3714 train_acc=0.8594 train_loss=0.4020 val_acc=0.8670 val_loss=0.3970 router_H=0.6781 best=0.8670
           router_load=[0.12864400446414948, 0.5631042718887329, 0.30779069662094116, 0.0004610393079929054]
[step 0080/150] method=baseline_avg loss=0.2149 train_acc=0.8594 train_loss=0.4020 val_acc=0.8670 val_loss=0.3970 router_H=0.6781 best=0.8670
           router_load=[0.12864400446414948, 0.5631042718887329, 0.30779069662094116, 0.0004610393079929054]
[step 0090/150] method=baseline_avg loss=0.1676 train_acc=0.8594 train_loss=0.4020 val_acc=0.8670 val_loss=0.3970 router_H=0.6781 best=0.8670
           router_load=[0.12864400446414948, 0.5631042718887329, 0.30779069662094116, 0.0004610393079929054]
[step 0100/150] method=baseline_avg loss=0.1498 train_acc=0.9091 train_loss=0.2463 val_acc=0.9163 val_loss=0.2220 router_H=0.6813 best=0.9163
           router_load=[0.21960575878620148, 0.543242871761322, 0.2371513545513153, 0.0]
[step 0110/150] method=baseline_avg loss=0.3440 train_acc=0.9091 train_loss=0.2463 val_acc=0.9163 val_loss=0.2220 router_H=0.6813 best=0.9163
           router_load=[0.21960575878620148, 0.543242871761322, 0.2371513545513153, 0.0]
[step 0120/150] method=baseline_avg loss=0.5139 train_acc=0.9091 train_loss=0.2463 val_acc=0.9163 val_loss=0.2220 router_H=0.6813 best=0.9163
           router_load=[0.21960575878620148, 0.543242871761322, 0.2371513545513153, 0.0]
[step 0130/150] method=baseline_avg loss=0.1982 train_acc=0.9091 train_loss=0.2463 val_acc=0.9163 val_loss=0.2220 router_H=0.6813 best=0.9163
           router_load=[0.21960575878620148, 0.543242871761322, 0.2371513545513153, 0.0]
[step 0140/150] method=baseline_avg loss=0.2437 train_acc=0.9091 train_loss=0.2463 val_acc=0.9163 val_loss=0.2220 router_H=0.6813 best=0.9163
           router_load=[0.21960575878620148, 0.543242871761322, 0.2371513545513153, 0.0]
[step 0150/150] method=baseline_avg loss=0.2619 train_acc=0.9231 train_loss=0.2160 val_acc=0.9278 val_loss=0.1983 router_H=0.6806 best=0.9278
           router_load=[0.2242618203163147, 0.5410019755363464, 0.23473617434501648, 0.0]
saved summary -> /home/zhujjing/MOE-grad-conflict-routing/runs/paper_suite/single_gpu/single_task/deberta_sst2_lora_e4_k2/hpo/baseline/trial_runs/coord_01_train_lr_026/baseline_s3.json
saved curve -> /home/zhujjing/MOE-grad-conflict-routing/runs/paper_suite/single_gpu/single_task/deberta_sst2_lora_e4_k2/hpo/baseline/trial_runs/coord_01_train_lr_026/baseline_s3_curve.csv
