[run] method=ours candidate=local_var_topk_005 seed=3 steps=1000 gpu=0
[run] cmd=
/home/zhujjing/anaconda3/envs/moe/bin/python /home/zhujjing/MOE-grad-conflict-routing/scripts/run.py --config configs/singletask_rte_real.yaml --set model.backbone_backend=hf --set model.hf_load_pretrained=true --set model.hf_local_files_only=true --set model.backbone=roberta --set model.hf_pretrained_name=roberta-base --set model.expert_type=ffn --set model.routing_mode=topk --set model.num_experts=4 --set model.top_k=2 --set seed=3 --set method.name=ours --set train.steps=1000 --set train.eval_every_steps=50 --set method.ours.use_load_norm=true --set method.ours.lambda_align=0.00037390852 --set train.grad_clip=0.5039649002 --set train.lr=1.6782406e-05 --set train.weight_decay=0.04802613487 --out /home/zhujjing/MOE-grad-conflict-routing/runs/paper_suite/single_gpu/single_task/roberta_rte_ffn_e4_k2_supplement/final/ours_s3.json --curve_out /home/zhujjing/MOE-grad-conflict-routing/runs/paper_suite/single_gpu/single_task/roberta_rte_ffn_e4_k2_supplement/final/ours_s3_curve.csv
Using the latest cached version of the dataset since glue couldn't be found on the Hugging Face Hub (offline mode is enabled).
Found the latest cached dataset configuration 'rte' at /home/zhujjing/hf_cache/datasets/glue/rte/0.0.0/bcdcba79d07bc864c1c254ccfcedcce55bcc9a8c (last modified on Thu Mar 19 15:00:36 2026).
/home/zhujjing/anaconda3/envs/moe/lib/python3.10/site-packages/transformers/utils/hub.py:124: FutureWarning: Using `TRANSFORMERS_CACHE` is deprecated and will be removed in v5 of Transformers. Use `HF_HOME` instead.
  warnings.warn(
Some weights of RobertaModel were not initialized from the model checkpoint at roberta-base and are newly initialized: ['roberta.pooler.dense.bias', 'roberta.pooler.dense.weight']
You should probably TRAIN this model on a down-stream task to be able to use it for predictions and inference.
[step 0001/1000] method=ours loss=0.6937 train_acc=nan train_loss=nan val_acc=nan val_loss=nan best=-1.0000
[step 0010/1000] method=ours loss=0.7024 train_acc=nan train_loss=nan val_acc=nan val_loss=nan best=-1.0000
[step 0020/1000] method=ours loss=0.6910 train_acc=nan train_loss=nan val_acc=nan val_loss=nan best=-1.0000
[step 0030/1000] method=ours loss=0.6873 train_acc=nan train_loss=nan val_acc=nan val_loss=nan best=-1.0000
[step 0040/1000] method=ours loss=0.6812 train_acc=nan train_loss=nan val_acc=nan val_loss=nan best=-1.0000
[step 0050/1000] method=ours loss=0.6631 train_acc=0.6289 train_loss=0.6673 val_acc=0.6101 val_loss=0.6675 router_H=0.6914 best=0.6101
           router_load=[0.48745280504226685, 0.5125470757484436, 0.0, 0.0]
[step 0060/1000] method=ours loss=0.5877 train_acc=0.6289 train_loss=0.6673 val_acc=0.6101 val_loss=0.6675 router_H=0.6914 best=0.6101
           router_load=[0.48745280504226685, 0.5125470757484436, 0.0, 0.0]
[step 0070/1000] method=ours loss=0.7194 train_acc=0.6289 train_loss=0.6673 val_acc=0.6101 val_loss=0.6675 router_H=0.6914 best=0.6101
           router_load=[0.48745280504226685, 0.5125470757484436, 0.0, 0.0]
[step 0080/1000] method=ours loss=0.6361 train_acc=0.6289 train_loss=0.6673 val_acc=0.6101 val_loss=0.6675 router_H=0.6914 best=0.6101
           router_load=[0.48745280504226685, 0.5125470757484436, 0.0, 0.0]
[step 0090/1000] method=ours loss=0.5441 train_acc=0.6289 train_loss=0.6673 val_acc=0.6101 val_loss=0.6675 router_H=0.6914 best=0.6101
           router_load=[0.48745280504226685, 0.5125470757484436, 0.0, 0.0]
[step 0100/1000] method=ours loss=0.7411 train_acc=0.7266 train_loss=0.5652 val_acc=0.6390 val_loss=0.6318 router_H=0.6874 best=0.6390
           router_load=[0.4677473306655884, 0.5309083461761475, 0.0, 0.0013443607604131103]
[step 0110/1000] method=ours loss=0.5302 train_acc=0.7266 train_loss=0.5652 val_acc=0.6390 val_loss=0.6318 router_H=0.6874 best=0.6390
           router_load=[0.4677473306655884, 0.5309083461761475, 0.0, 0.0013443607604131103]
[step 0120/1000] method=ours loss=0.6455 train_acc=0.7266 train_loss=0.5652 val_acc=0.6390 val_loss=0.6318 router_H=0.6874 best=0.6390
           router_load=[0.4677473306655884, 0.5309083461761475, 0.0, 0.0013443607604131103]
[step 0130/1000] method=ours loss=0.7509 train_acc=0.7266 train_loss=0.5652 val_acc=0.6390 val_loss=0.6318 router_H=0.6874 best=0.6390
           router_load=[0.4677473306655884, 0.5309083461761475, 0.0, 0.0013443607604131103]
[step 0140/1000] method=ours loss=0.6557 train_acc=0.7266 train_loss=0.5652 val_acc=0.6390 val_loss=0.6318 router_H=0.6874 best=0.6390
           router_load=[0.4677473306655884, 0.5309083461761475, 0.0, 0.0013443607604131103]
[step 0150/1000] method=ours loss=0.5805 train_acc=0.7188 train_loss=0.5651 val_acc=0.6931 val_loss=0.5940 router_H=0.6801 best=0.6931
           router_load=[0.43585842847824097, 0.5641415119171143, 0.0, 0.0]
[step 0160/1000] method=ours loss=0.7071 train_acc=0.7188 train_loss=0.5651 val_acc=0.6931 val_loss=0.5940 router_H=0.6801 best=0.6931
           router_load=[0.43585842847824097, 0.5641415119171143, 0.0, 0.0]
[step 0170/1000] method=ours loss=0.5894 train_acc=0.7188 train_loss=0.5651 val_acc=0.6931 val_loss=0.5940 router_H=0.6801 best=0.6931
           router_load=[0.43585842847824097, 0.5641415119171143, 0.0, 0.0]
[step 0180/1000] method=ours loss=0.4215 train_acc=0.7188 train_loss=0.5651 val_acc=0.6931 val_loss=0.5940 router_H=0.6801 best=0.6931
           router_load=[0.43585842847824097, 0.5641415119171143, 0.0, 0.0]
[step 0190/1000] method=ours loss=0.6605 train_acc=0.7188 train_loss=0.5651 val_acc=0.6931 val_loss=0.5940 router_H=0.6801 best=0.6931
           router_load=[0.43585842847824097, 0.5641415119171143, 0.0, 0.0]
[step 0200/1000] method=ours loss=0.5877 train_acc=0.7930 train_loss=0.4774 val_acc=0.6895 val_loss=0.5677 router_H=0.6832 best=0.6931
           router_load=[0.45493465662002563, 0.5450654029846191, 0.0, 0.0]
[step 0210/1000] method=ours loss=0.6133 train_acc=0.7930 train_loss=0.4774 val_acc=0.6895 val_loss=0.5677 router_H=0.6832 best=0.6931
           router_load=[0.45493465662002563, 0.5450654029846191, 0.0, 0.0]
[step 0220/1000] method=ours loss=0.4573 train_acc=0.7930 train_loss=0.4774 val_acc=0.6895 val_loss=0.5677 router_H=0.6832 best=0.6931
           router_load=[0.45493465662002563, 0.5450654029846191, 0.0, 0.0]
[step 0230/1000] method=ours loss=0.4670 train_acc=0.7930 train_loss=0.4774 val_acc=0.6895 val_loss=0.5677 router_H=0.6832 best=0.6931
           router_load=[0.45493465662002563, 0.5450654029846191, 0.0, 0.0]
[step 0240/1000] method=ours loss=0.4623 train_acc=0.7930 train_loss=0.4774 val_acc=0.6895 val_loss=0.5677 router_H=0.6832 best=0.6931
           router_load=[0.45493465662002563, 0.5450654029846191, 0.0, 0.0]
[step 0250/1000] method=ours loss=0.3970 train_acc=0.8203 train_loss=0.4113 val_acc=0.7076 val_loss=0.5825 router_H=0.6777 best=0.7076
           router_load=[0.43516337871551514, 0.5635933876037598, 0.0, 0.0012431606883183122]
[step 0260/1000] method=ours loss=0.6796 train_acc=0.8203 train_loss=0.4113 val_acc=0.7076 val_loss=0.5825 router_H=0.6777 best=0.7076
           router_load=[0.43516337871551514, 0.5635933876037598, 0.0, 0.0012431606883183122]
[step 0270/1000] method=ours loss=0.5277 train_acc=0.8203 train_loss=0.4113 val_acc=0.7076 val_loss=0.5825 router_H=0.6777 best=0.7076
           router_load=[0.43516337871551514, 0.5635933876037598, 0.0, 0.0012431606883183122]
[step 0280/1000] method=ours loss=0.6945 train_acc=0.8203 train_loss=0.4113 val_acc=0.7076 val_loss=0.5825 router_H=0.6777 best=0.7076
           router_load=[0.43516337871551514, 0.5635933876037598, 0.0, 0.0012431606883183122]
[step 0290/1000] method=ours loss=0.3080 train_acc=0.8203 train_loss=0.4113 val_acc=0.7076 val_loss=0.5825 router_H=0.6777 best=0.7076
           router_load=[0.43516337871551514, 0.5635933876037598, 0.0, 0.0012431606883183122]
[step 0300/1000] method=ours loss=0.5059 train_acc=0.8516 train_loss=0.3574 val_acc=0.7004 val_loss=0.6116 router_H=0.6848 best=0.7076
           router_load=[0.45846500992774963, 0.5415350198745728, 0.0, 0.0]
[step 0310/1000] method=ours loss=0.6915 train_acc=0.8516 train_loss=0.3574 val_acc=0.7004 val_loss=0.6116 router_H=0.6848 best=0.7076
           router_load=[0.45846500992774963, 0.5415350198745728, 0.0, 0.0]
[step 0320/1000] method=ours loss=0.6493 train_acc=0.8516 train_loss=0.3574 val_acc=0.7004 val_loss=0.6116 router_H=0.6848 best=0.7076
           router_load=[0.45846500992774963, 0.5415350198745728, 0.0, 0.0]
[step 0330/1000] method=ours loss=0.2611 train_acc=0.8516 train_loss=0.3574 val_acc=0.7004 val_loss=0.6116 router_H=0.6848 best=0.7076
           router_load=[0.45846500992774963, 0.5415350198745728, 0.0, 0.0]
[step 0340/1000] method=ours loss=0.1098 train_acc=0.8516 train_loss=0.3574 val_acc=0.7004 val_loss=0.6116 router_H=0.6848 best=0.7076
           router_load=[0.45846500992774963, 0.5415350198745728, 0.0, 0.0]
[step 0350/1000] method=ours loss=0.0742 train_acc=0.9180 train_loss=0.2343 val_acc=0.7509 val_loss=0.6423 router_H=0.6858 best=0.7509
           router_load=[0.4868399202823639, 0.5049317479133606, 0.0, 0.00822831317782402]
[step 0360/1000] method=ours loss=0.5905 train_acc=0.9180 train_loss=0.2343 val_acc=0.7509 val_loss=0.6423 router_H=0.6858 best=0.7509
           router_load=[0.4868399202823639, 0.5049317479133606, 0.0, 0.00822831317782402]
[step 0370/1000] method=ours loss=0.1506 train_acc=0.9180 train_loss=0.2343 val_acc=0.7509 val_loss=0.6423 router_H=0.6858 best=0.7509
           router_load=[0.4868399202823639, 0.5049317479133606, 0.0, 0.00822831317782402]
[step 0380/1000] method=ours loss=0.4889 train_acc=0.9180 train_loss=0.2343 val_acc=0.7509 val_loss=0.6423 router_H=0.6858 best=0.7509
           router_load=[0.4868399202823639, 0.5049317479133606, 0.0, 0.00822831317782402]
[step 0390/1000] method=ours loss=0.1768 train_acc=0.9180 train_loss=0.2343 val_acc=0.7509 val_loss=0.6423 router_H=0.6858 best=0.7509
           router_load=[0.4868399202823639, 0.5049317479133606, 0.0, 0.00822831317782402]
[step 0400/1000] method=ours loss=0.4384 train_acc=0.9609 train_loss=0.1451 val_acc=0.7076 val_loss=0.6711 router_H=0.6833 best=0.7509
           router_load=[0.5286933779716492, 0.4713067412376404, 0.0, 0.0]
[step 0410/1000] method=ours loss=0.9434 train_acc=0.9609 train_loss=0.1451 val_acc=0.7076 val_loss=0.6711 router_H=0.6833 best=0.7509
           router_load=[0.5286933779716492, 0.4713067412376404, 0.0, 0.0]
[step 0420/1000] method=ours loss=0.4234 train_acc=0.9609 train_loss=0.1451 val_acc=0.7076 val_loss=0.6711 router_H=0.6833 best=0.7509
           router_load=[0.5286933779716492, 0.4713067412376404, 0.0, 0.0]
[step 0430/1000] method=ours loss=0.1967 train_acc=0.9609 train_loss=0.1451 val_acc=0.7076 val_loss=0.6711 router_H=0.6833 best=0.7509
           router_load=[0.5286933779716492, 0.4713067412376404, 0.0, 0.0]
[step 0440/1000] method=ours loss=0.5086 train_acc=0.9609 train_loss=0.1451 val_acc=0.7076 val_loss=0.6711 router_H=0.6833 best=0.7509
           router_load=[0.5286933779716492, 0.4713067412376404, 0.0, 0.0]
[step 0450/1000] method=ours loss=0.2990 train_acc=0.9570 train_loss=0.1488 val_acc=0.7473 val_loss=0.6433 router_H=0.6848 best=0.7509
           router_load=[0.48264017701148987, 0.5173597931861877, 0.0, 0.0]
[step 0460/1000] method=ours loss=0.2566 train_acc=0.9570 train_loss=0.1488 val_acc=0.7473 val_loss=0.6433 router_H=0.6848 best=0.7509
           router_load=[0.48264017701148987, 0.5173597931861877, 0.0, 0.0]
[step 0470/1000] method=ours loss=0.1225 train_acc=0.9570 train_loss=0.1488 val_acc=0.7473 val_loss=0.6433 router_H=0.6848 best=0.7509
           router_load=[0.48264017701148987, 0.5173597931861877, 0.0, 0.0]
[step 0480/1000] method=ours loss=0.6326 train_acc=0.9570 train_loss=0.1488 val_acc=0.7473 val_loss=0.6433 router_H=0.6848 best=0.7509
           router_load=[0.48264017701148987, 0.5173597931861877, 0.0, 0.0]
[step 0490/1000] method=ours loss=0.0504 train_acc=0.9570 train_loss=0.1488 val_acc=0.7473 val_loss=0.6433 router_H=0.6848 best=0.7509
           router_load=[0.48264017701148987, 0.5173597931861877, 0.0, 0.0]
[step 0500/1000] method=ours loss=0.2266 train_acc=0.9531 train_loss=0.1546 val_acc=0.7690 val_loss=0.9393 router_H=0.6184 best=0.7690
           router_load=[0.6549944281578064, 0.3357950448989868, 0.001863708603195846, 0.007346870377659798]
[step 0510/1000] method=ours loss=0.6105 train_acc=0.9531 train_loss=0.1546 val_acc=0.7690 val_loss=0.9393 router_H=0.6184 best=0.7690
           router_load=[0.6549944281578064, 0.3357950448989868, 0.001863708603195846, 0.007346870377659798]
[step 0520/1000] method=ours loss=0.0174 train_acc=0.9531 train_loss=0.1546 val_acc=0.7690 val_loss=0.9393 router_H=0.6184 best=0.7690
           router_load=[0.6549944281578064, 0.3357950448989868, 0.001863708603195846, 0.007346870377659798]
[step 0530/1000] method=ours loss=0.5967 train_acc=0.9531 train_loss=0.1546 val_acc=0.7690 val_loss=0.9393 router_H=0.6184 best=0.7690
           router_load=[0.6549944281578064, 0.3357950448989868, 0.001863708603195846, 0.007346870377659798]
[step 0540/1000] method=ours loss=0.0593 train_acc=0.9531 train_loss=0.1546 val_acc=0.7690 val_loss=0.9393 router_H=0.6184 best=0.7690
           router_load=[0.6549944281578064, 0.3357950448989868, 0.001863708603195846, 0.007346870377659798]
[step 0550/1000] method=ours loss=0.0137 train_acc=0.9141 train_loss=0.3002 val_acc=0.7329 val_loss=1.0653 router_H=0.5085 best=0.7690
           router_load=[0.7561220526695251, 0.24387811124324799, 0.0, 0.0]
[step 0560/1000] method=ours loss=0.0438 train_acc=0.9141 train_loss=0.3002 val_acc=0.7329 val_loss=1.0653 router_H=0.5085 best=0.7690
           router_load=[0.7561220526695251, 0.24387811124324799, 0.0, 0.0]
[step 0570/1000] method=ours loss=0.2888 train_acc=0.9141 train_loss=0.3002 val_acc=0.7329 val_loss=1.0653 router_H=0.5085 best=0.7690
           router_load=[0.7561220526695251, 0.24387811124324799, 0.0, 0.0]
[step 0580/1000] method=ours loss=0.0641 train_acc=0.9141 train_loss=0.3002 val_acc=0.7329 val_loss=1.0653 router_H=0.5085 best=0.7690
           router_load=[0.7561220526695251, 0.24387811124324799, 0.0, 0.0]
[step 0590/1000] method=ours loss=0.3273 train_acc=0.9141 train_loss=0.3002 val_acc=0.7329 val_loss=1.0653 router_H=0.5085 best=0.7690
           router_load=[0.7561220526695251, 0.24387811124324799, 0.0, 0.0]
[step 0600/1000] method=ours loss=0.0337 train_acc=0.9336 train_loss=0.2552 val_acc=0.7437 val_loss=1.1723 router_H=0.4598 best=0.7690
           router_load=[0.775961697101593, 0.22308355569839478, 0.000954831310082227, 0.0]
[step 0610/1000] method=ours loss=0.8028 train_acc=0.9336 train_loss=0.2552 val_acc=0.7437 val_loss=1.1723 router_H=0.4598 best=0.7690
           router_load=[0.775961697101593, 0.22308355569839478, 0.000954831310082227, 0.0]
[step 0620/1000] method=ours loss=0.3620 train_acc=0.9336 train_loss=0.2552 val_acc=0.7437 val_loss=1.1723 router_H=0.4598 best=0.7690
           router_load=[0.775961697101593, 0.22308355569839478, 0.000954831310082227, 0.0]
[step 0630/1000] method=ours loss=0.4318 train_acc=0.9336 train_loss=0.2552 val_acc=0.7437 val_loss=1.1723 router_H=0.4598 best=0.7690
           router_load=[0.775961697101593, 0.22308355569839478, 0.000954831310082227, 0.0]
[step 0640/1000] method=ours loss=0.3563 train_acc=0.9336 train_loss=0.2552 val_acc=0.7437 val_loss=1.1723 router_H=0.4598 best=0.7690
           router_load=[0.775961697101593, 0.22308355569839478, 0.000954831310082227, 0.0]
[step 0650/1000] method=ours loss=0.1572 train_acc=0.9688 train_loss=0.0774 val_acc=0.7690 val_loss=0.8113 router_H=0.6206 best=0.7690
           router_load=[0.6333365440368652, 0.3666633367538452, 0.0, 0.0]
[step 0660/1000] method=ours loss=0.1126 train_acc=0.9688 train_loss=0.0774 val_acc=0.7690 val_loss=0.8113 router_H=0.6206 best=0.7690
           router_load=[0.6333365440368652, 0.3666633367538452, 0.0, 0.0]
[step 0670/1000] method=ours loss=0.0794 train_acc=0.9688 train_loss=0.0774 val_acc=0.7690 val_loss=0.8113 router_H=0.6206 best=0.7690
           router_load=[0.6333365440368652, 0.3666633367538452, 0.0, 0.0]
[step 0680/1000] method=ours loss=0.1642 train_acc=0.9688 train_loss=0.0774 val_acc=0.7690 val_loss=0.8113 router_H=0.6206 best=0.7690
           router_load=[0.6333365440368652, 0.3666633367538452, 0.0, 0.0]
[step 0690/1000] method=ours loss=0.2954 train_acc=0.9688 train_loss=0.0774 val_acc=0.7690 val_loss=0.8113 router_H=0.6206 best=0.7690
           router_load=[0.6333365440368652, 0.3666633367538452, 0.0, 0.0]
[step 0700/1000] method=ours loss=0.6236 train_acc=0.9883 train_loss=0.0509 val_acc=0.7581 val_loss=1.1833 router_H=0.5276 best=0.7690
           router_load=[0.731181800365448, 0.26652956008911133, 0.002288638846948743, 0.0]
[step 0710/1000] method=ours loss=0.3775 train_acc=0.9883 train_loss=0.0509 val_acc=0.7581 val_loss=1.1833 router_H=0.5276 best=0.7690
           router_load=[0.731181800365448, 0.26652956008911133, 0.002288638846948743, 0.0]
[step 0720/1000] method=ours loss=0.0028 train_acc=0.9883 train_loss=0.0509 val_acc=0.7581 val_loss=1.1833 router_H=0.5276 best=0.7690
           router_load=[0.731181800365448, 0.26652956008911133, 0.002288638846948743, 0.0]
[step 0730/1000] method=ours loss=0.1483 train_acc=0.9883 train_loss=0.0509 val_acc=0.7581 val_loss=1.1833 router_H=0.5276 best=0.7690
           router_load=[0.731181800365448, 0.26652956008911133, 0.002288638846948743, 0.0]
[step 0740/1000] method=ours loss=0.0058 train_acc=0.9883 train_loss=0.0509 val_acc=0.7581 val_loss=1.1833 router_H=0.5276 best=0.7690
           router_load=[0.731181800365448, 0.26652956008911133, 0.002288638846948743, 0.0]
[step 0750/1000] method=ours loss=1.1361 train_acc=0.9688 train_loss=0.1855 val_acc=0.7401 val_loss=1.5046 router_H=0.4870 best=0.7690
           router_load=[0.7463867664337158, 0.24949029088020325, 0.004122872371226549, 0.0]
[step 0760/1000] method=ours loss=0.2659 train_acc=0.9688 train_loss=0.1855 val_acc=0.7401 val_loss=1.5046 router_H=0.4870 best=0.7690
           router_load=[0.7463867664337158, 0.24949029088020325, 0.004122872371226549, 0.0]
[step 0770/1000] method=ours loss=0.3877 train_acc=0.9688 train_loss=0.1855 val_acc=0.7401 val_loss=1.5046 router_H=0.4870 best=0.7690
           router_load=[0.7463867664337158, 0.24949029088020325, 0.004122872371226549, 0.0]
[step 0780/1000] method=ours loss=0.3102 train_acc=0.9688 train_loss=0.1855 val_acc=0.7401 val_loss=1.5046 router_H=0.4870 best=0.7690
           router_load=[0.7463867664337158, 0.24949029088020325, 0.004122872371226549, 0.0]
[step 0790/1000] method=ours loss=0.0274 train_acc=0.9688 train_loss=0.1855 val_acc=0.7401 val_loss=1.5046 router_H=0.4870 best=0.7690
           router_load=[0.7463867664337158, 0.24949029088020325, 0.004122872371226549, 0.0]
[step 0800/1000] method=ours loss=0.1527 train_acc=0.9805 train_loss=0.0969 val_acc=0.7617 val_loss=1.0322 router_H=0.5928 best=0.7690
           router_load=[0.6519492268562317, 0.3480508029460907, 0.0, 0.0]
[step 0810/1000] method=ours loss=0.2581 train_acc=0.9805 train_loss=0.0969 val_acc=0.7617 val_loss=1.0322 router_H=0.5928 best=0.7690
           router_load=[0.6519492268562317, 0.3480508029460907, 0.0, 0.0]
[step 0820/1000] method=ours loss=0.8604 train_acc=0.9805 train_loss=0.0969 val_acc=0.7617 val_loss=1.0322 router_H=0.5928 best=0.7690
           router_load=[0.6519492268562317, 0.3480508029460907, 0.0, 0.0]
[step 0830/1000] method=ours loss=0.4278 train_acc=0.9805 train_loss=0.0969 val_acc=0.7617 val_loss=1.0322 router_H=0.5928 best=0.7690
           router_load=[0.6519492268562317, 0.3480508029460907, 0.0, 0.0]
[step 0840/1000] method=ours loss=0.0041 train_acc=0.9805 train_loss=0.0969 val_acc=0.7617 val_loss=1.0322 router_H=0.5928 best=0.7690
           router_load=[0.6519492268562317, 0.3480508029460907, 0.0, 0.0]
[step 0850/1000] method=ours loss=0.1030 train_acc=0.9883 train_loss=0.0525 val_acc=0.7617 val_loss=1.3229 router_H=0.5403 best=0.7690
           router_load=[0.6498145461082458, 0.3487895727157593, 0.0, 0.0013959096977487206]
[step 0860/1000] method=ours loss=0.1493 train_acc=0.9883 train_loss=0.0525 val_acc=0.7617 val_loss=1.3229 router_H=0.5403 best=0.7690
           router_load=[0.6498145461082458, 0.3487895727157593, 0.0, 0.0013959096977487206]
[step 0870/1000] method=ours loss=0.0352 train_acc=0.9883 train_loss=0.0525 val_acc=0.7617 val_loss=1.3229 router_H=0.5403 best=0.7690
           router_load=[0.6498145461082458, 0.3487895727157593, 0.0, 0.0013959096977487206]
[step 0880/1000] method=ours loss=0.1523 train_acc=0.9883 train_loss=0.0525 val_acc=0.7617 val_loss=1.3229 router_H=0.5403 best=0.7690
           router_load=[0.6498145461082458, 0.3487895727157593, 0.0, 0.0013959096977487206]
[step 0890/1000] method=ours loss=0.0059 train_acc=0.9883 train_loss=0.0525 val_acc=0.7617 val_loss=1.3229 router_H=0.5403 best=0.7690
           router_load=[0.6498145461082458, 0.3487895727157593, 0.0, 0.0013959096977487206]
[step 0900/1000] method=ours loss=0.3334 train_acc=0.9883 train_loss=0.0348 val_acc=0.7653 val_loss=1.0306 router_H=0.5811 best=0.7690
           router_load=[0.6243363618850708, 0.375663697719574, 0.0, 0.0]
[step 0910/1000] method=ours loss=0.0024 train_acc=0.9883 train_loss=0.0348 val_acc=0.7653 val_loss=1.0306 router_H=0.5811 best=0.7690
           router_load=[0.6243363618850708, 0.375663697719574, 0.0, 0.0]
[step 0920/1000] method=ours loss=0.0037 train_acc=0.9883 train_loss=0.0348 val_acc=0.7653 val_loss=1.0306 router_H=0.5811 best=0.7690
           router_load=[0.6243363618850708, 0.375663697719574, 0.0, 0.0]
[step 0930/1000] method=ours loss=0.0616 train_acc=0.9883 train_loss=0.0348 val_acc=0.7653 val_loss=1.0306 router_H=0.5811 best=0.7690
           router_load=[0.6243363618850708, 0.375663697719574, 0.0, 0.0]
[step 0940/1000] method=ours loss=0.1311 train_acc=0.9883 train_loss=0.0348 val_acc=0.7653 val_loss=1.0306 router_H=0.5811 best=0.7690
           router_load=[0.6243363618850708, 0.375663697719574, 0.0, 0.0]
[step 0950/1000] method=ours loss=0.0008 train_acc=0.9922 train_loss=0.0202 val_acc=0.7617 val_loss=1.3754 router_H=0.5413 best=0.7690
           router_load=[0.621822714805603, 0.37447142601013184, 0.0, 0.0037058317102491856]
[step 0960/1000] method=ours loss=0.0040 train_acc=0.9922 train_loss=0.0202 val_acc=0.7617 val_loss=1.3754 router_H=0.5413 best=0.7690
           router_load=[0.621822714805603, 0.37447142601013184, 0.0, 0.0037058317102491856]
[step 0970/1000] method=ours loss=0.0580 train_acc=0.9922 train_loss=0.0202 val_acc=0.7617 val_loss=1.3754 router_H=0.5413 best=0.7690
           router_load=[0.621822714805603, 0.37447142601013184, 0.0, 0.0037058317102491856]
[step 0980/1000] method=ours loss=0.2963 train_acc=0.9922 train_loss=0.0202 val_acc=0.7617 val_loss=1.3754 router_H=0.5413 best=0.7690
           router_load=[0.621822714805603, 0.37447142601013184, 0.0, 0.0037058317102491856]
[step 0990/1000] method=ours loss=0.0251 train_acc=0.9922 train_loss=0.0202 val_acc=0.7617 val_loss=1.3754 router_H=0.5413 best=0.7690
           router_load=[0.621822714805603, 0.37447142601013184, 0.0, 0.0037058317102491856]
[step 1000/1000] method=ours loss=0.1020 train_acc=0.9844 train_loss=0.1169 val_acc=0.7762 val_loss=1.5717 router_H=0.5017 best=0.7762
           router_load=[0.6059324741363525, 0.390859454870224, 0.0, 0.003208120120689273]
saved summary -> /home/zhujjing/MOE-grad-conflict-routing/runs/paper_suite/single_gpu/single_task/roberta_rte_ffn_e4_k2_supplement/final/ours_s3.json
saved curve -> /home/zhujjing/MOE-grad-conflict-routing/runs/paper_suite/single_gpu/single_task/roberta_rte_ffn_e4_k2_supplement/final/ours_s3_curve.csv
