[run] method=ours candidate=local_var_topk_005 seed=11 steps=1000 gpu=0
[run] cmd=
/home/zhujjing/anaconda3/envs/moe/bin/python /home/zhujjing/MOE-grad-conflict-routing/scripts/run.py --config configs/singletask_rte_real.yaml --set model.backbone_backend=hf --set model.hf_load_pretrained=true --set model.hf_local_files_only=true --set model.backbone=roberta --set model.hf_pretrained_name=roberta-base --set model.expert_type=ffn --set model.routing_mode=topk --set model.num_experts=4 --set model.top_k=2 --set seed=11 --set method.name=ours --set train.steps=1000 --set train.eval_every_steps=50 --set method.ours.use_load_norm=true --set method.ours.lambda_align=0.00037390852 --set train.grad_clip=0.5039649002 --set train.lr=1.6782406e-05 --set train.weight_decay=0.04802613487 --out /home/zhujjing/MOE-grad-conflict-routing/runs/paper_suite/single_gpu/single_task/roberta_rte_ffn_e4_k2_supplement/final/ours_s11.json --curve_out /home/zhujjing/MOE-grad-conflict-routing/runs/paper_suite/single_gpu/single_task/roberta_rte_ffn_e4_k2_supplement/final/ours_s11_curve.csv
Using the latest cached version of the dataset since glue couldn't be found on the Hugging Face Hub (offline mode is enabled).
Found the latest cached dataset configuration 'rte' at /home/zhujjing/hf_cache/datasets/glue/rte/0.0.0/bcdcba79d07bc864c1c254ccfcedcce55bcc9a8c (last modified on Thu Mar 19 15:00:36 2026).
/home/zhujjing/anaconda3/envs/moe/lib/python3.10/site-packages/transformers/utils/hub.py:124: FutureWarning: Using `TRANSFORMERS_CACHE` is deprecated and will be removed in v5 of Transformers. Use `HF_HOME` instead.
  warnings.warn(
Some weights of RobertaModel were not initialized from the model checkpoint at roberta-base and are newly initialized: ['roberta.pooler.dense.bias', 'roberta.pooler.dense.weight']
You should probably TRAIN this model on a down-stream task to be able to use it for predictions and inference.
[step 0001/1000] method=ours loss=0.7007 train_acc=nan train_loss=nan val_acc=nan val_loss=nan best=-1.0000
[step 0010/1000] method=ours loss=0.6995 train_acc=nan train_loss=nan val_acc=nan val_loss=nan best=-1.0000
[step 0020/1000] method=ours loss=0.6946 train_acc=nan train_loss=nan val_acc=nan val_loss=nan best=-1.0000
[step 0030/1000] method=ours loss=0.6851 train_acc=nan train_loss=nan val_acc=nan val_loss=nan best=-1.0000
[step 0040/1000] method=ours loss=0.7075 train_acc=nan train_loss=nan val_acc=nan val_loss=nan best=-1.0000
[step 0050/1000] method=ours loss=0.6865 train_acc=0.4727 train_loss=0.6905 val_acc=0.5235 val_loss=0.6851 router_H=0.6834 best=0.5235
           router_load=[0.4324955642223358, 0.5675044655799866, 0.0, 0.0]
[step 0060/1000] method=ours loss=0.7019 train_acc=0.4727 train_loss=0.6905 val_acc=0.5235 val_loss=0.6851 router_H=0.6834 best=0.5235
           router_load=[0.4324955642223358, 0.5675044655799866, 0.0, 0.0]
[step 0070/1000] method=ours loss=0.6106 train_acc=0.4727 train_loss=0.6905 val_acc=0.5235 val_loss=0.6851 router_H=0.6834 best=0.5235
           router_load=[0.4324955642223358, 0.5675044655799866, 0.0, 0.0]
[step 0080/1000] method=ours loss=0.6214 train_acc=0.4727 train_loss=0.6905 val_acc=0.5235 val_loss=0.6851 router_H=0.6834 best=0.5235
           router_load=[0.4324955642223358, 0.5675044655799866, 0.0, 0.0]
[step 0090/1000] method=ours loss=0.5608 train_acc=0.4727 train_loss=0.6905 val_acc=0.5235 val_loss=0.6851 router_H=0.6834 best=0.5235
           router_load=[0.4324955642223358, 0.5675044655799866, 0.0, 0.0]
[step 0100/1000] method=ours loss=0.6772 train_acc=0.5039 train_loss=0.6822 val_acc=0.4729 val_loss=0.6906 router_H=0.6892 best=0.5235
           router_load=[0.2977934777736664, 0.2180311530828476, 0.4816674292087555, 0.0025079199112951756]
[step 0110/1000] method=ours loss=0.6559 train_acc=0.5039 train_loss=0.6822 val_acc=0.4729 val_loss=0.6906 router_H=0.6892 best=0.5235
           router_load=[0.2977934777736664, 0.2180311530828476, 0.4816674292087555, 0.0025079199112951756]
[step 0120/1000] method=ours loss=0.5796 train_acc=0.5039 train_loss=0.6822 val_acc=0.4729 val_loss=0.6906 router_H=0.6892 best=0.5235
           router_load=[0.2977934777736664, 0.2180311530828476, 0.4816674292087555, 0.0025079199112951756]
[step 0130/1000] method=ours loss=0.7580 train_acc=0.5039 train_loss=0.6822 val_acc=0.4729 val_loss=0.6906 router_H=0.6892 best=0.5235
           router_load=[0.2977934777736664, 0.2180311530828476, 0.4816674292087555, 0.0025079199112951756]
[step 0140/1000] method=ours loss=0.7240 train_acc=0.5039 train_loss=0.6822 val_acc=0.4729 val_loss=0.6906 router_H=0.6892 best=0.5235
           router_load=[0.2977934777736664, 0.2180311530828476, 0.4816674292087555, 0.0025079199112951756]
[step 0150/1000] method=ours loss=0.7149 train_acc=0.7031 train_loss=0.6252 val_acc=0.7004 val_loss=0.6467 router_H=0.5712 best=0.7004
           router_load=[0.02000589482486248, 0.6975775361061096, 0.2776162028312683, 0.004800373688340187]
[step 0160/1000] method=ours loss=0.6382 train_acc=0.7031 train_loss=0.6252 val_acc=0.7004 val_loss=0.6467 router_H=0.5712 best=0.7004
           router_load=[0.02000589482486248, 0.6975775361061096, 0.2776162028312683, 0.004800373688340187]
[step 0170/1000] method=ours loss=0.5407 train_acc=0.7031 train_loss=0.6252 val_acc=0.7004 val_loss=0.6467 router_H=0.5712 best=0.7004
           router_load=[0.02000589482486248, 0.6975775361061096, 0.2776162028312683, 0.004800373688340187]
[step 0180/1000] method=ours loss=0.8377 train_acc=0.7031 train_loss=0.6252 val_acc=0.7004 val_loss=0.6467 router_H=0.5712 best=0.7004
           router_load=[0.02000589482486248, 0.6975775361061096, 0.2776162028312683, 0.004800373688340187]
[step 0190/1000] method=ours loss=0.6068 train_acc=0.7031 train_loss=0.6252 val_acc=0.7004 val_loss=0.6467 router_H=0.5712 best=0.7004
           router_load=[0.02000589482486248, 0.6975775361061096, 0.2776162028312683, 0.004800373688340187]
[step 0200/1000] method=ours loss=0.5032 train_acc=0.7422 train_loss=0.5903 val_acc=0.6715 val_loss=0.6827 router_H=0.5626 best=0.7004
           router_load=[0.15590421855449677, 0.737877607345581, 0.1048450917005539, 0.00137309730052948]
[step 0210/1000] method=ours loss=0.4598 train_acc=0.7422 train_loss=0.5903 val_acc=0.6715 val_loss=0.6827 router_H=0.5626 best=0.7004
           router_load=[0.15590421855449677, 0.737877607345581, 0.1048450917005539, 0.00137309730052948]
[step 0220/1000] method=ours loss=0.7161 train_acc=0.7422 train_loss=0.5903 val_acc=0.6715 val_loss=0.6827 router_H=0.5626 best=0.7004
           router_load=[0.15590421855449677, 0.737877607345581, 0.1048450917005539, 0.00137309730052948]
[step 0230/1000] method=ours loss=0.5762 train_acc=0.7422 train_loss=0.5903 val_acc=0.6715 val_loss=0.6827 router_H=0.5626 best=0.7004
           router_load=[0.15590421855449677, 0.737877607345581, 0.1048450917005539, 0.00137309730052948]
[step 0240/1000] method=ours loss=0.7530 train_acc=0.7422 train_loss=0.5903 val_acc=0.6715 val_loss=0.6827 router_H=0.5626 best=0.7004
           router_load=[0.15590421855449677, 0.737877607345581, 0.1048450917005539, 0.00137309730052948]
[step 0250/1000] method=ours loss=0.5630 train_acc=0.7500 train_loss=0.5097 val_acc=0.6787 val_loss=0.6065 router_H=0.5448 best=0.7004
           router_load=[0.008769337087869644, 0.7386252880096436, 0.24772591888904572, 0.004879435058683157]
[step 0260/1000] method=ours loss=0.5875 train_acc=0.7500 train_loss=0.5097 val_acc=0.6787 val_loss=0.6065 router_H=0.5448 best=0.7004
           router_load=[0.008769337087869644, 0.7386252880096436, 0.24772591888904572, 0.004879435058683157]
[step 0270/1000] method=ours loss=0.6447 train_acc=0.7500 train_loss=0.5097 val_acc=0.6787 val_loss=0.6065 router_H=0.5448 best=0.7004
           router_load=[0.008769337087869644, 0.7386252880096436, 0.24772591888904572, 0.004879435058683157]
[step 0280/1000] method=ours loss=0.6271 train_acc=0.7500 train_loss=0.5097 val_acc=0.6787 val_loss=0.6065 router_H=0.5448 best=0.7004
           router_load=[0.008769337087869644, 0.7386252880096436, 0.24772591888904572, 0.004879435058683157]
[step 0290/1000] method=ours loss=0.7049 train_acc=0.7500 train_loss=0.5097 val_acc=0.6787 val_loss=0.6065 router_H=0.5448 best=0.7004
           router_load=[0.008769337087869644, 0.7386252880096436, 0.24772591888904572, 0.004879435058683157]
[step 0300/1000] method=ours loss=0.5597 train_acc=0.7422 train_loss=0.5861 val_acc=0.6606 val_loss=0.6393 router_H=0.5421 best=0.7004
           router_load=[0.025734886527061462, 0.7298966646194458, 0.24436834454536438, 0.0]
[step 0310/1000] method=ours loss=0.6718 train_acc=0.7422 train_loss=0.5861 val_acc=0.6606 val_loss=0.6393 router_H=0.5421 best=0.7004
           router_load=[0.025734886527061462, 0.7298966646194458, 0.24436834454536438, 0.0]
[step 0320/1000] method=ours loss=0.6468 train_acc=0.7422 train_loss=0.5861 val_acc=0.6606 val_loss=0.6393 router_H=0.5421 best=0.7004
           router_load=[0.025734886527061462, 0.7298966646194458, 0.24436834454536438, 0.0]
[step 0330/1000] method=ours loss=0.3561 train_acc=0.7422 train_loss=0.5861 val_acc=0.6606 val_loss=0.6393 router_H=0.5421 best=0.7004
           router_load=[0.025734886527061462, 0.7298966646194458, 0.24436834454536438, 0.0]
[step 0340/1000] method=ours loss=0.4730 train_acc=0.7422 train_loss=0.5861 val_acc=0.6606 val_loss=0.6393 router_H=0.5421 best=0.7004
           router_load=[0.025734886527061462, 0.7298966646194458, 0.24436834454536438, 0.0]
[step 0350/1000] method=ours loss=0.2840 train_acc=0.7773 train_loss=0.4727 val_acc=0.6931 val_loss=0.6717 router_H=0.4559 best=0.7004
           router_load=[0.025184741243720055, 0.823697030544281, 0.14797818660736084, 0.0031400227453559637]
[step 0360/1000] method=ours loss=0.4108 train_acc=0.7773 train_loss=0.4727 val_acc=0.6931 val_loss=0.6717 router_H=0.4559 best=0.7004
           router_load=[0.025184741243720055, 0.823697030544281, 0.14797818660736084, 0.0031400227453559637]
[step 0370/1000] method=ours loss=0.3864 train_acc=0.7773 train_loss=0.4727 val_acc=0.6931 val_loss=0.6717 router_H=0.4559 best=0.7004
           router_load=[0.025184741243720055, 0.823697030544281, 0.14797818660736084, 0.0031400227453559637]
[step 0380/1000] method=ours loss=0.4511 train_acc=0.7773 train_loss=0.4727 val_acc=0.6931 val_loss=0.6717 router_H=0.4559 best=0.7004
           router_load=[0.025184741243720055, 0.823697030544281, 0.14797818660736084, 0.0031400227453559637]
[step 0390/1000] method=ours loss=0.5728 train_acc=0.7773 train_loss=0.4727 val_acc=0.6931 val_loss=0.6717 router_H=0.4559 best=0.7004
           router_load=[0.025184741243720055, 0.823697030544281, 0.14797818660736084, 0.0031400227453559637]
[step 0400/1000] method=ours loss=0.3908 train_acc=0.8125 train_loss=0.4129 val_acc=0.6968 val_loss=0.6146 router_H=0.4518 best=0.7004
           router_load=[0.037356987595558167, 0.8280391693115234, 0.13036486506462097, 0.0042389859445393085]
[step 0410/1000] method=ours loss=0.3176 train_acc=0.8125 train_loss=0.4129 val_acc=0.6968 val_loss=0.6146 router_H=0.4518 best=0.7004
           router_load=[0.037356987595558167, 0.8280391693115234, 0.13036486506462097, 0.0042389859445393085]
[step 0420/1000] method=ours loss=0.5879 train_acc=0.8125 train_loss=0.4129 val_acc=0.6968 val_loss=0.6146 router_H=0.4518 best=0.7004
           router_load=[0.037356987595558167, 0.8280391693115234, 0.13036486506462097, 0.0042389859445393085]
[step 0430/1000] method=ours loss=0.4014 train_acc=0.8125 train_loss=0.4129 val_acc=0.6968 val_loss=0.6146 router_H=0.4518 best=0.7004
           router_load=[0.037356987595558167, 0.8280391693115234, 0.13036486506462097, 0.0042389859445393085]
[step 0440/1000] method=ours loss=0.4614 train_acc=0.8125 train_loss=0.4129 val_acc=0.6968 val_loss=0.6146 router_H=0.4518 best=0.7004
           router_load=[0.037356987595558167, 0.8280391693115234, 0.13036486506462097, 0.0042389859445393085]
[step 0450/1000] method=ours loss=0.3693 train_acc=0.8867 train_loss=0.2925 val_acc=0.7365 val_loss=0.5641 router_H=0.4264 best=0.7365
           router_load=[0.03563441336154938, 0.8354266881942749, 0.12526185810565948, 0.003677027765661478]
[step 0460/1000] method=ours loss=0.7329 train_acc=0.8867 train_loss=0.2925 val_acc=0.7365 val_loss=0.5641 router_H=0.4264 best=0.7365
           router_load=[0.03563441336154938, 0.8354266881942749, 0.12526185810565948, 0.003677027765661478]
[step 0470/1000] method=ours loss=0.3319 train_acc=0.8867 train_loss=0.2925 val_acc=0.7365 val_loss=0.5641 router_H=0.4264 best=0.7365
           router_load=[0.03563441336154938, 0.8354266881942749, 0.12526185810565948, 0.003677027765661478]
[step 0480/1000] method=ours loss=0.3111 train_acc=0.8867 train_loss=0.2925 val_acc=0.7365 val_loss=0.5641 router_H=0.4264 best=0.7365
           router_load=[0.03563441336154938, 0.8354266881942749, 0.12526185810565948, 0.003677027765661478]
[step 0490/1000] method=ours loss=0.6035 train_acc=0.8867 train_loss=0.2925 val_acc=0.7365 val_loss=0.5641 router_H=0.4264 best=0.7365
           router_load=[0.03563441336154938, 0.8354266881942749, 0.12526185810565948, 0.003677027765661478]
[step 0500/1000] method=ours loss=0.3308 train_acc=0.9258 train_loss=0.2103 val_acc=0.7473 val_loss=0.6324 router_H=0.3446 best=0.7473
           router_load=[0.030360348522663116, 0.8885029554367065, 0.07666587084531784, 0.004470765125006437]
[step 0510/1000] method=ours loss=0.2659 train_acc=0.9258 train_loss=0.2103 val_acc=0.7473 val_loss=0.6324 router_H=0.3446 best=0.7473
           router_load=[0.030360348522663116, 0.8885029554367065, 0.07666587084531784, 0.004470765125006437]
[step 0520/1000] method=ours loss=0.3048 train_acc=0.9258 train_loss=0.2103 val_acc=0.7473 val_loss=0.6324 router_H=0.3446 best=0.7473
           router_load=[0.030360348522663116, 0.8885029554367065, 0.07666587084531784, 0.004470765125006437]
[step 0530/1000] method=ours loss=0.3138 train_acc=0.9258 train_loss=0.2103 val_acc=0.7473 val_loss=0.6324 router_H=0.3446 best=0.7473
           router_load=[0.030360348522663116, 0.8885029554367065, 0.07666587084531784, 0.004470765125006437]
[step 0540/1000] method=ours loss=0.0862 train_acc=0.9258 train_loss=0.2103 val_acc=0.7473 val_loss=0.6324 router_H=0.3446 best=0.7473
           router_load=[0.030360348522663116, 0.8885029554367065, 0.07666587084531784, 0.004470765125006437]
[step 0550/1000] method=ours loss=0.3337 train_acc=0.9297 train_loss=0.2256 val_acc=0.7690 val_loss=0.5837 router_H=0.4572 best=0.7690
           router_load=[0.03028894029557705, 0.8066926002502441, 0.1622833013534546, 0.0007351914537139237]
[step 0560/1000] method=ours loss=0.4084 train_acc=0.9297 train_loss=0.2256 val_acc=0.7690 val_loss=0.5837 router_H=0.4572 best=0.7690
           router_load=[0.03028894029557705, 0.8066926002502441, 0.1622833013534546, 0.0007351914537139237]
[step 0570/1000] method=ours loss=0.6739 train_acc=0.9297 train_loss=0.2256 val_acc=0.7690 val_loss=0.5837 router_H=0.4572 best=0.7690
           router_load=[0.03028894029557705, 0.8066926002502441, 0.1622833013534546, 0.0007351914537139237]
[step 0580/1000] method=ours loss=0.6664 train_acc=0.9297 train_loss=0.2256 val_acc=0.7690 val_loss=0.5837 router_H=0.4572 best=0.7690
           router_load=[0.03028894029557705, 0.8066926002502441, 0.1622833013534546, 0.0007351914537139237]
[step 0590/1000] method=ours loss=0.2022 train_acc=0.9297 train_loss=0.2256 val_acc=0.7690 val_loss=0.5837 router_H=0.4572 best=0.7690
           router_load=[0.03028894029557705, 0.8066926002502441, 0.1622833013534546, 0.0007351914537139237]
[step 0600/1000] method=ours loss=0.2693 train_acc=0.9180 train_loss=0.2376 val_acc=0.7365 val_loss=0.6034 router_H=0.4241 best=0.7690
           router_load=[0.03604051098227501, 0.8436722159385681, 0.11933955550193787, 0.0009476683335378766]
[step 0610/1000] method=ours loss=0.4327 train_acc=0.9180 train_loss=0.2376 val_acc=0.7365 val_loss=0.6034 router_H=0.4241 best=0.7690
           router_load=[0.03604051098227501, 0.8436722159385681, 0.11933955550193787, 0.0009476683335378766]
[step 0620/1000] method=ours loss=0.3159 train_acc=0.9180 train_loss=0.2376 val_acc=0.7365 val_loss=0.6034 router_H=0.4241 best=0.7690
           router_load=[0.03604051098227501, 0.8436722159385681, 0.11933955550193787, 0.0009476683335378766]
[step 0630/1000] method=ours loss=0.0835 train_acc=0.9180 train_loss=0.2376 val_acc=0.7365 val_loss=0.6034 router_H=0.4241 best=0.7690
           router_load=[0.03604051098227501, 0.8436722159385681, 0.11933955550193787, 0.0009476683335378766]
[step 0640/1000] method=ours loss=0.1733 train_acc=0.9180 train_loss=0.2376 val_acc=0.7365 val_loss=0.6034 router_H=0.4241 best=0.7690
           router_load=[0.03604051098227501, 0.8436722159385681, 0.11933955550193787, 0.0009476683335378766]
[step 0650/1000] method=ours loss=0.1549 train_acc=0.9531 train_loss=0.1432 val_acc=0.7762 val_loss=0.6956 router_H=0.3897 best=0.7762
           router_load=[0.03306575492024422, 0.8617844581604004, 0.0775969922542572, 0.02755277045071125]
[step 0660/1000] method=ours loss=0.4315 train_acc=0.9531 train_loss=0.1432 val_acc=0.7762 val_loss=0.6956 router_H=0.3897 best=0.7762
           router_load=[0.03306575492024422, 0.8617844581604004, 0.0775969922542572, 0.02755277045071125]
[step 0670/1000] method=ours loss=0.5266 train_acc=0.9531 train_loss=0.1432 val_acc=0.7762 val_loss=0.6956 router_H=0.3897 best=0.7762
           router_load=[0.03306575492024422, 0.8617844581604004, 0.0775969922542572, 0.02755277045071125]
[step 0680/1000] method=ours loss=0.7696 train_acc=0.9531 train_loss=0.1432 val_acc=0.7762 val_loss=0.6956 router_H=0.3897 best=0.7762
           router_load=[0.03306575492024422, 0.8617844581604004, 0.0775969922542572, 0.02755277045071125]
[step 0690/1000] method=ours loss=0.4574 train_acc=0.9531 train_loss=0.1432 val_acc=0.7762 val_loss=0.6956 router_H=0.3897 best=0.7762
           router_load=[0.03306575492024422, 0.8617844581604004, 0.0775969922542572, 0.02755277045071125]
[step 0700/1000] method=ours loss=0.4365 train_acc=0.9570 train_loss=0.1317 val_acc=0.7581 val_loss=1.0970 router_H=0.3040 best=0.7762
           router_load=[0.002501978538930416, 0.9067599177360535, 0.06860237568616867, 0.02213582769036293]
[step 0710/1000] method=ours loss=0.0777 train_acc=0.9570 train_loss=0.1317 val_acc=0.7581 val_loss=1.0970 router_H=0.3040 best=0.7762
           router_load=[0.002501978538930416, 0.9067599177360535, 0.06860237568616867, 0.02213582769036293]
[step 0720/1000] method=ours loss=0.2764 train_acc=0.9570 train_loss=0.1317 val_acc=0.7581 val_loss=1.0970 router_H=0.3040 best=0.7762
           router_load=[0.002501978538930416, 0.9067599177360535, 0.06860237568616867, 0.02213582769036293]
[step 0730/1000] method=ours loss=0.2867 train_acc=0.9570 train_loss=0.1317 val_acc=0.7581 val_loss=1.0970 router_H=0.3040 best=0.7762
           router_load=[0.002501978538930416, 0.9067599177360535, 0.06860237568616867, 0.02213582769036293]
[step 0740/1000] method=ours loss=0.1669 train_acc=0.9570 train_loss=0.1317 val_acc=0.7581 val_loss=1.0970 router_H=0.3040 best=0.7762
           router_load=[0.002501978538930416, 0.9067599177360535, 0.06860237568616867, 0.02213582769036293]
[step 0750/1000] method=ours loss=0.0313 train_acc=0.9492 train_loss=0.1425 val_acc=0.7220 val_loss=0.9418 router_H=0.3804 best=0.7762
           router_load=[0.011188460513949394, 0.8661916255950928, 0.11126857250928879, 0.011351360939443111]
[step 0760/1000] method=ours loss=0.8452 train_acc=0.9492 train_loss=0.1425 val_acc=0.7220 val_loss=0.9418 router_H=0.3804 best=0.7762
           router_load=[0.011188460513949394, 0.8661916255950928, 0.11126857250928879, 0.011351360939443111]
[step 0770/1000] method=ours loss=0.0776 train_acc=0.9492 train_loss=0.1425 val_acc=0.7220 val_loss=0.9418 router_H=0.3804 best=0.7762
           router_load=[0.011188460513949394, 0.8661916255950928, 0.11126857250928879, 0.011351360939443111]
[step 0780/1000] method=ours loss=0.5414 train_acc=0.9492 train_loss=0.1425 val_acc=0.7220 val_loss=0.9418 router_H=0.3804 best=0.7762
           router_load=[0.011188460513949394, 0.8661916255950928, 0.11126857250928879, 0.011351360939443111]
[step 0790/1000] method=ours loss=0.0156 train_acc=0.9492 train_loss=0.1425 val_acc=0.7220 val_loss=0.9418 router_H=0.3804 best=0.7762
           router_load=[0.011188460513949394, 0.8661916255950928, 0.11126857250928879, 0.011351360939443111]
[step 0800/1000] method=ours loss=0.0051 train_acc=0.9492 train_loss=0.2026 val_acc=0.7220 val_loss=1.1714 router_H=0.3323 best=0.7762
           router_load=[0.005493055563420057, 0.8847711682319641, 0.1070803850889206, 0.0026554549112915993]
[step 0810/1000] method=ours loss=0.3349 train_acc=0.9492 train_loss=0.2026 val_acc=0.7220 val_loss=1.1714 router_H=0.3323 best=0.7762
           router_load=[0.005493055563420057, 0.8847711682319641, 0.1070803850889206, 0.0026554549112915993]
[step 0820/1000] method=ours loss=0.0308 train_acc=0.9492 train_loss=0.2026 val_acc=0.7220 val_loss=1.1714 router_H=0.3323 best=0.7762
           router_load=[0.005493055563420057, 0.8847711682319641, 0.1070803850889206, 0.0026554549112915993]
[step 0830/1000] method=ours loss=0.2731 train_acc=0.9492 train_loss=0.2026 val_acc=0.7220 val_loss=1.1714 router_H=0.3323 best=0.7762
           router_load=[0.005493055563420057, 0.8847711682319641, 0.1070803850889206, 0.0026554549112915993]
[step 0840/1000] method=ours loss=0.0161 train_acc=0.9492 train_loss=0.2026 val_acc=0.7220 val_loss=1.1714 router_H=0.3323 best=0.7762
           router_load=[0.005493055563420057, 0.8847711682319641, 0.1070803850889206, 0.0026554549112915993]
[step 0850/1000] method=ours loss=0.3743 train_acc=0.9727 train_loss=0.1146 val_acc=0.7726 val_loss=1.1134 router_H=0.3426 best=0.7762
           router_load=[0.006273376289755106, 0.8851144909858704, 0.03186500445008278, 0.07674708217382431]
[step 0860/1000] method=ours loss=0.0675 train_acc=0.9727 train_loss=0.1146 val_acc=0.7726 val_loss=1.1134 router_H=0.3426 best=0.7762
           router_load=[0.006273376289755106, 0.8851144909858704, 0.03186500445008278, 0.07674708217382431]
[step 0870/1000] method=ours loss=0.1547 train_acc=0.9727 train_loss=0.1146 val_acc=0.7726 val_loss=1.1134 router_H=0.3426 best=0.7762
           router_load=[0.006273376289755106, 0.8851144909858704, 0.03186500445008278, 0.07674708217382431]
[step 0880/1000] method=ours loss=0.4067 train_acc=0.9727 train_loss=0.1146 val_acc=0.7726 val_loss=1.1134 router_H=0.3426 best=0.7762
           router_load=[0.006273376289755106, 0.8851144909858704, 0.03186500445008278, 0.07674708217382431]
[step 0890/1000] method=ours loss=0.0130 train_acc=0.9727 train_loss=0.1146 val_acc=0.7726 val_loss=1.1134 router_H=0.3426 best=0.7762
           router_load=[0.006273376289755106, 0.8851144909858704, 0.03186500445008278, 0.07674708217382431]
[step 0900/1000] method=ours loss=0.2408 train_acc=0.9648 train_loss=0.1527 val_acc=0.7798 val_loss=1.1907 router_H=0.2527 best=0.7798
           router_load=[0.01006604079157114, 0.9233479499816895, 0.0643918514251709, 0.002194085391238332]
[step 0910/1000] method=ours loss=0.0652 train_acc=0.9648 train_loss=0.1527 val_acc=0.7798 val_loss=1.1907 router_H=0.2527 best=0.7798
           router_load=[0.01006604079157114, 0.9233479499816895, 0.0643918514251709, 0.002194085391238332]
[step 0920/1000] method=ours loss=0.0891 train_acc=0.9648 train_loss=0.1527 val_acc=0.7798 val_loss=1.1907 router_H=0.2527 best=0.7798
           router_load=[0.01006604079157114, 0.9233479499816895, 0.0643918514251709, 0.002194085391238332]
[step 0930/1000] method=ours loss=0.0085 train_acc=0.9648 train_loss=0.1527 val_acc=0.7798 val_loss=1.1907 router_H=0.2527 best=0.7798
           router_load=[0.01006604079157114, 0.9233479499816895, 0.0643918514251709, 0.002194085391238332]
[step 0940/1000] method=ours loss=0.9263 train_acc=0.9648 train_loss=0.1527 val_acc=0.7798 val_loss=1.1907 router_H=0.2527 best=0.7798
           router_load=[0.01006604079157114, 0.9233479499816895, 0.0643918514251709, 0.002194085391238332]
[step 0950/1000] method=ours loss=0.1396 train_acc=0.9297 train_loss=0.3604 val_acc=0.6643 val_loss=1.7230 router_H=0.3421 best=0.7798
           router_load=[0.011104856617748737, 0.8889284133911133, 0.0961376503109932, 0.003828986082226038]
[step 0960/1000] method=ours loss=0.0192 train_acc=0.9297 train_loss=0.3604 val_acc=0.6643 val_loss=1.7230 router_H=0.3421 best=0.7798
           router_load=[0.011104856617748737, 0.8889284133911133, 0.0961376503109932, 0.003828986082226038]
[step 0970/1000] method=ours loss=0.0037 train_acc=0.9297 train_loss=0.3604 val_acc=0.6643 val_loss=1.7230 router_H=0.3421 best=0.7798
           router_load=[0.011104856617748737, 0.8889284133911133, 0.0961376503109932, 0.003828986082226038]
[step 0980/1000] method=ours loss=0.0019 train_acc=0.9297 train_loss=0.3604 val_acc=0.6643 val_loss=1.7230 router_H=0.3421 best=0.7798
           router_load=[0.011104856617748737, 0.8889284133911133, 0.0961376503109932, 0.003828986082226038]
[step 0990/1000] method=ours loss=0.0524 train_acc=0.9297 train_loss=0.3604 val_acc=0.6643 val_loss=1.7230 router_H=0.3421 best=0.7798
           router_load=[0.011104856617748737, 0.8889284133911133, 0.0961376503109932, 0.003828986082226038]
[step 1000/1000] method=ours loss=0.0005 train_acc=0.9648 train_loss=0.1355 val_acc=0.7437 val_loss=1.7748 router_H=0.2368 best=0.7798
           router_load=[0.022205106914043427, 0.9328714609146118, 0.0431244857609272, 0.0017988787731155753]
saved summary -> /home/zhujjing/MOE-grad-conflict-routing/runs/paper_suite/single_gpu/single_task/roberta_rte_ffn_e4_k2_supplement/final/ours_s11.json
saved curve -> /home/zhujjing/MOE-grad-conflict-routing/runs/paper_suite/single_gpu/single_task/roberta_rte_ffn_e4_k2_supplement/final/ours_s11_curve.csv
