[run] method=cagrad candidate=coord_01_train_lr_017 seed=2 steps=150 gpu=0
[run] cmd=
/home/zhujjing/anaconda3/envs/moe/bin/python /home/zhujjing/MOE-grad-conflict-routing/scripts/run.py --config configs/singletask_sst2_real.yaml --set model.backbone_backend=hf --set model.hf_load_pretrained=true --set model.hf_local_files_only=true --set model.backbone=deberta --set model.hf_pretrained_name=microsoft/deberta-v3-base --set model.expert_type=lora --set model.routing_mode=topk --set model.num_experts=4 --set model.top_k=2 --set seed=2 --set method.name=baseline_cagrad --set train.steps=150 --set train.eval_every_steps=50 --set method.baseline_cagrad.c=0.4 --set method.baseline_cagrad.inner_lr=0.1 --set train.grad_clip=1 --set train.lr=2.072727779e-06 --set train.weight_decay=0.01 --out /home/zhujjing/MOE-grad-conflict-routing/runs/paper_suite/single_gpu/single_task/deberta_sst2_lora_e4_k2_supplement/hpo/cagrad/trial_runs/coord_01_train_lr_017/cagrad_s2.json --curve_out /home/zhujjing/MOE-grad-conflict-routing/runs/paper_suite/single_gpu/single_task/deberta_sst2_lora_e4_k2_supplement/hpo/cagrad/trial_runs/coord_01_train_lr_017/cagrad_s2_curve.csv
Using the latest cached version of the dataset since glue couldn't be found on the Hugging Face Hub (offline mode is enabled).
Found the latest cached dataset configuration 'sst2' at /home/zhujjing/hf_cache/datasets/glue/sst2/0.0.0/bcdcba79d07bc864c1c254ccfcedcce55bcc9a8c (last modified on Thu Mar 19 15:01:41 2026).
/home/zhujjing/anaconda3/envs/moe/lib/python3.10/site-packages/transformers/utils/hub.py:124: FutureWarning: Using `TRANSFORMERS_CACHE` is deprecated and will be removed in v5 of Transformers. Use `HF_HOME` instead.
  warnings.warn(
/home/zhujjing/anaconda3/envs/moe/lib/python3.10/site-packages/transformers/convert_slow_tokenizer.py:560: UserWarning: The sentencepiece tokenizer that you are converting to a fast tokenizer uses the byte fallback option which is not implemented in the fast tokenizers. In practice this means that the fast version of the tokenizer can produce unknown tokens whereas the sentencepiece version would have converted these unknown tokens into a sequence of byte tokens matching the original piece of text.
  warnings.warn(
[step 0001/150] method=baseline_cagrad loss=0.6055 train_acc=nan train_loss=nan val_acc=nan val_loss=nan best=-1.0000
[step 0010/150] method=baseline_cagrad loss=0.7600 train_acc=nan train_loss=nan val_acc=nan val_loss=nan best=-1.0000
[step 0020/150] method=baseline_cagrad loss=0.6790 train_acc=nan train_loss=nan val_acc=nan val_loss=nan best=-1.0000
[step 0030/150] method=baseline_cagrad loss=0.6506 train_acc=nan train_loss=nan val_acc=nan val_loss=nan best=-1.0000
[step 0040/150] method=baseline_cagrad loss=0.6703 train_acc=nan train_loss=nan val_acc=nan val_loss=nan best=-1.0000
[step 0050/150] method=baseline_cagrad loss=0.6143 train_acc=0.5920 train_loss=0.6646 val_acc=0.5378 val_loss=0.6844 router_H=0.6844 best=0.5378
           router_load=[0.5118330717086792, 0.00047512780292890966, 0.4876917898654938, 0.0]
[step 0060/150] method=baseline_cagrad loss=0.7245 train_acc=0.5920 train_loss=0.6646 val_acc=0.5378 val_loss=0.6844 router_H=0.6844 best=0.5378
           router_load=[0.5118330717086792, 0.00047512780292890966, 0.4876917898654938, 0.0]
[step 0070/150] method=baseline_cagrad loss=0.6100 train_acc=0.5920 train_loss=0.6646 val_acc=0.5378 val_loss=0.6844 router_H=0.6844 best=0.5378
           router_load=[0.5118330717086792, 0.00047512780292890966, 0.4876917898654938, 0.0]
[step 0080/150] method=baseline_cagrad loss=0.6448 train_acc=0.5920 train_loss=0.6646 val_acc=0.5378 val_loss=0.6844 router_H=0.6844 best=0.5378
           router_load=[0.5118330717086792, 0.00047512780292890966, 0.4876917898654938, 0.0]
[step 0090/150] method=baseline_cagrad loss=0.6661 train_acc=0.5920 train_loss=0.6646 val_acc=0.5378 val_loss=0.6844 router_H=0.6844 best=0.5378
           router_load=[0.5118330717086792, 0.00047512780292890966, 0.4876917898654938, 0.0]
[step 0100/150] method=baseline_cagrad loss=0.6450 train_acc=0.6716 train_loss=0.6371 val_acc=0.6686 val_loss=0.6473 router_H=0.6845 best=0.6686
           router_load=[0.5042243599891663, 0.00048494909424334764, 0.4947802424430847, 0.0005104431184008718]
[step 0110/150] method=baseline_cagrad loss=0.6226 train_acc=0.6716 train_loss=0.6371 val_acc=0.6686 val_loss=0.6473 router_H=0.6845 best=0.6686
           router_load=[0.5042243599891663, 0.00048494909424334764, 0.4947802424430847, 0.0005104431184008718]
[step 0120/150] method=baseline_cagrad loss=0.7114 train_acc=0.6716 train_loss=0.6371 val_acc=0.6686 val_loss=0.6473 router_H=0.6845 best=0.6686
           router_load=[0.5042243599891663, 0.00048494909424334764, 0.4947802424430847, 0.0005104431184008718]
[step 0130/150] method=baseline_cagrad loss=0.6392 train_acc=0.6716 train_loss=0.6371 val_acc=0.6686 val_loss=0.6473 router_H=0.6845 best=0.6686
           router_load=[0.5042243599891663, 0.00048494909424334764, 0.4947802424430847, 0.0005104431184008718]
[step 0140/150] method=baseline_cagrad loss=0.5975 train_acc=0.6716 train_loss=0.6371 val_acc=0.6686 val_loss=0.6473 router_H=0.6845 best=0.6686
           router_load=[0.5042243599891663, 0.00048494909424334764, 0.4947802424430847, 0.0005104431184008718]
[step 0150/150] method=baseline_cagrad loss=0.6381 train_acc=0.7176 train_loss=0.5921 val_acc=0.7546 val_loss=0.5923 router_H=0.6844 best=0.7546
           router_load=[0.510326623916626, 0.0004671401111409068, 0.48480525612831116, 0.004400908946990967]
saved summary -> /home/zhujjing/MOE-grad-conflict-routing/runs/paper_suite/single_gpu/single_task/deberta_sst2_lora_e4_k2_supplement/hpo/cagrad/trial_runs/coord_01_train_lr_017/cagrad_s2.json
saved curve -> /home/zhujjing/MOE-grad-conflict-routing/runs/paper_suite/single_gpu/single_task/deberta_sst2_lora_e4_k2_supplement/hpo/cagrad/trial_runs/coord_01_train_lr_017/cagrad_s2_curve.csv
