[run] method=cagrad candidate=coord_01_train_lr_001 seed=2 steps=150 gpu=0
[run] cmd=
/home/zhujjing/anaconda3/envs/moe/bin/python /home/zhujjing/MOE-grad-conflict-routing/scripts/run.py --config configs/singletask_sst2_real.yaml --set model.backbone_backend=hf --set model.hf_load_pretrained=true --set model.hf_local_files_only=true --set model.backbone=deberta --set model.hf_pretrained_name=microsoft/deberta-v3-base --set model.expert_type=lora --set model.routing_mode=topk --set model.num_experts=4 --set model.top_k=2 --set seed=2 --set method.name=baseline_cagrad --set train.steps=150 --set train.eval_every_steps=50 --set method.baseline_cagrad.c=0.4 --set method.baseline_cagrad.inner_lr=0.1 --set train.grad_clip=1 --set train.lr=4.111515743e-06 --set train.weight_decay=0.01 --out /home/zhujjing/MOE-grad-conflict-routing/runs/paper_suite/single_gpu/single_task/deberta_sst2_lora_e4_k2_supplement/hpo/cagrad/trial_runs/coord_01_train_lr_001/cagrad_s2.json --curve_out /home/zhujjing/MOE-grad-conflict-routing/runs/paper_suite/single_gpu/single_task/deberta_sst2_lora_e4_k2_supplement/hpo/cagrad/trial_runs/coord_01_train_lr_001/cagrad_s2_curve.csv
Using the latest cached version of the dataset since glue couldn't be found on the Hugging Face Hub (offline mode is enabled).
Found the latest cached dataset configuration 'sst2' at /home/zhujjing/hf_cache/datasets/glue/sst2/0.0.0/bcdcba79d07bc864c1c254ccfcedcce55bcc9a8c (last modified on Thu Mar 19 15:01:41 2026).
/home/zhujjing/anaconda3/envs/moe/lib/python3.10/site-packages/transformers/utils/hub.py:124: FutureWarning: Using `TRANSFORMERS_CACHE` is deprecated and will be removed in v5 of Transformers. Use `HF_HOME` instead.
  warnings.warn(
/home/zhujjing/anaconda3/envs/moe/lib/python3.10/site-packages/transformers/convert_slow_tokenizer.py:560: UserWarning: The sentencepiece tokenizer that you are converting to a fast tokenizer uses the byte fallback option which is not implemented in the fast tokenizers. In practice this means that the fast version of the tokenizer can produce unknown tokens whereas the sentencepiece version would have converted these unknown tokens into a sequence of byte tokens matching the original piece of text.
  warnings.warn(
[step 0001/150] method=baseline_cagrad loss=0.6281 train_acc=nan train_loss=nan val_acc=nan val_loss=nan best=-1.0000
[step 0010/150] method=baseline_cagrad loss=0.7633 train_acc=nan train_loss=nan val_acc=nan val_loss=nan best=-1.0000
[step 0020/150] method=baseline_cagrad loss=0.6206 train_acc=nan train_loss=nan val_acc=nan val_loss=nan best=-1.0000
[step 0030/150] method=baseline_cagrad loss=0.6365 train_acc=nan train_loss=nan val_acc=nan val_loss=nan best=-1.0000
[step 0040/150] method=baseline_cagrad loss=0.6453 train_acc=nan train_loss=nan val_acc=nan val_loss=nan best=-1.0000
[step 0050/150] method=baseline_cagrad loss=0.6871 train_acc=0.6547 train_loss=0.6338 val_acc=0.6697 val_loss=0.6399 router_H=0.6853 best=0.6697
           router_load=[0.13979694247245789, 0.017060397192835808, 0.3360116481781006, 0.507131040096283]
[step 0060/150] method=baseline_cagrad loss=0.6585 train_acc=0.6547 train_loss=0.6338 val_acc=0.6697 val_loss=0.6399 router_H=0.6853 best=0.6697
           router_load=[0.13979694247245789, 0.017060397192835808, 0.3360116481781006, 0.507131040096283]
[step 0070/150] method=baseline_cagrad loss=0.6923 train_acc=0.6547 train_loss=0.6338 val_acc=0.6697 val_loss=0.6399 router_H=0.6853 best=0.6697
           router_load=[0.13979694247245789, 0.017060397192835808, 0.3360116481781006, 0.507131040096283]
[step 0080/150] method=baseline_cagrad loss=0.5801 train_acc=0.6547 train_loss=0.6338 val_acc=0.6697 val_loss=0.6399 router_H=0.6853 best=0.6697
           router_load=[0.13979694247245789, 0.017060397192835808, 0.3360116481781006, 0.507131040096283]
[step 0090/150] method=baseline_cagrad loss=0.5863 train_acc=0.6547 train_loss=0.6338 val_acc=0.6697 val_loss=0.6399 router_H=0.6853 best=0.6697
           router_load=[0.13979694247245789, 0.017060397192835808, 0.3360116481781006, 0.507131040096283]
[step 0100/150] method=baseline_cagrad loss=0.4658 train_acc=0.8380 train_loss=0.4829 val_acc=0.8693 val_loss=0.4651 router_H=0.6808 best=0.8693
           router_load=[0.04824976995587349, 0.052586670964956284, 0.4616915285587311, 0.4374721050262451]
[step 0110/150] method=baseline_cagrad loss=0.4496 train_acc=0.8380 train_loss=0.4829 val_acc=0.8693 val_loss=0.4651 router_H=0.6808 best=0.8693
           router_load=[0.04824976995587349, 0.052586670964956284, 0.4616915285587311, 0.4374721050262451]
[step 0120/150] method=baseline_cagrad loss=0.4411 train_acc=0.8380 train_loss=0.4829 val_acc=0.8693 val_loss=0.4651 router_H=0.6808 best=0.8693
           router_load=[0.04824976995587349, 0.052586670964956284, 0.4616915285587311, 0.4374721050262451]
[step 0130/150] method=baseline_cagrad loss=0.4180 train_acc=0.8380 train_loss=0.4829 val_acc=0.8693 val_loss=0.4651 router_H=0.6808 best=0.8693
           router_load=[0.04824976995587349, 0.052586670964956284, 0.4616915285587311, 0.4374721050262451]
[step 0140/150] method=baseline_cagrad loss=0.4085 train_acc=0.8380 train_loss=0.4829 val_acc=0.8693 val_loss=0.4651 router_H=0.6808 best=0.8693
           router_load=[0.04824976995587349, 0.052586670964956284, 0.4616915285587311, 0.4374721050262451]
[step 0150/150] method=baseline_cagrad loss=0.4134 train_acc=0.8974 train_loss=0.2833 val_acc=0.9106 val_loss=0.2501 router_H=0.6616 best=0.9106
           router_load=[0.07906948029994965, 0.19026167690753937, 0.4259258806705475, 0.3047429025173187]
saved summary -> /home/zhujjing/MOE-grad-conflict-routing/runs/paper_suite/single_gpu/single_task/deberta_sst2_lora_e4_k2_supplement/hpo/cagrad/trial_runs/coord_01_train_lr_001/cagrad_s2.json
saved curve -> /home/zhujjing/MOE-grad-conflict-routing/runs/paper_suite/single_gpu/single_task/deberta_sst2_lora_e4_k2_supplement/hpo/cagrad/trial_runs/coord_01_train_lr_001/cagrad_s2_curve.csv
