[run] method=cagrad candidate=coord_01_train_lr_016 seed=2 steps=150 gpu=0
[run] cmd=
/home/zhujjing/anaconda3/envs/moe/bin/python /home/zhujjing/MOE-grad-conflict-routing/scripts/run.py --config configs/singletask_sst2_real.yaml --set model.backbone_backend=hf --set model.hf_load_pretrained=true --set model.hf_local_files_only=true --set model.backbone=deberta --set model.hf_pretrained_name=microsoft/deberta-v3-base --set model.expert_type=lora --set model.routing_mode=topk --set model.num_experts=4 --set model.top_k=2 --set seed=2 --set method.name=baseline_cagrad --set train.steps=150 --set train.eval_every_steps=50 --set method.baseline_cagrad.c=0.4 --set method.baseline_cagrad.inner_lr=0.1 --set train.grad_clip=1 --set train.lr=2.52305587e-05 --set train.weight_decay=0.01 --out /home/zhujjing/MOE-grad-conflict-routing/runs/paper_suite/single_gpu/single_task/deberta_sst2_lora_e4_k2_supplement/hpo/cagrad/trial_runs/coord_01_train_lr_016/cagrad_s2.json --curve_out /home/zhujjing/MOE-grad-conflict-routing/runs/paper_suite/single_gpu/single_task/deberta_sst2_lora_e4_k2_supplement/hpo/cagrad/trial_runs/coord_01_train_lr_016/cagrad_s2_curve.csv
Using the latest cached version of the dataset since glue couldn't be found on the Hugging Face Hub (offline mode is enabled).
Found the latest cached dataset configuration 'sst2' at /home/zhujjing/hf_cache/datasets/glue/sst2/0.0.0/bcdcba79d07bc864c1c254ccfcedcce55bcc9a8c (last modified on Thu Mar 19 15:01:41 2026).
/home/zhujjing/anaconda3/envs/moe/lib/python3.10/site-packages/transformers/utils/hub.py:124: FutureWarning: Using `TRANSFORMERS_CACHE` is deprecated and will be removed in v5 of Transformers. Use `HF_HOME` instead.
  warnings.warn(
/home/zhujjing/anaconda3/envs/moe/lib/python3.10/site-packages/transformers/convert_slow_tokenizer.py:560: UserWarning: The sentencepiece tokenizer that you are converting to a fast tokenizer uses the byte fallback option which is not implemented in the fast tokenizers. In practice this means that the fast version of the tokenizer can produce unknown tokens whereas the sentencepiece version would have converted these unknown tokens into a sequence of byte tokens matching the original piece of text.
  warnings.warn(
[step 0001/150] method=baseline_cagrad loss=0.7211 train_acc=nan train_loss=nan val_acc=nan val_loss=nan best=-1.0000
[step 0010/150] method=baseline_cagrad loss=0.6294 train_acc=nan train_loss=nan val_acc=nan val_loss=nan best=-1.0000
[step 0020/150] method=baseline_cagrad loss=0.4380 train_acc=nan train_loss=nan val_acc=nan val_loss=nan best=-1.0000
[step 0030/150] method=baseline_cagrad loss=0.2684 train_acc=nan train_loss=nan val_acc=nan val_loss=nan best=-1.0000
[step 0040/150] method=baseline_cagrad loss=0.0695 train_acc=nan train_loss=nan val_acc=nan val_loss=nan best=-1.0000
[step 0050/150] method=baseline_cagrad loss=0.1138 train_acc=0.8236 train_loss=0.5595 val_acc=0.7328 val_loss=0.8679 router_H=0.6856 best=0.7328
           router_load=[0.38875696063041687, 0.20925290882587433, 0.10414041578769684, 0.29784977436065674]
[step 0060/150] method=baseline_cagrad loss=0.1373 train_acc=0.8236 train_loss=0.5595 val_acc=0.7328 val_loss=0.8679 router_H=0.6856 best=0.7328
           router_load=[0.38875696063041687, 0.20925290882587433, 0.10414041578769684, 0.29784977436065674]
[step 0070/150] method=baseline_cagrad loss=0.5088 train_acc=0.8236 train_loss=0.5595 val_acc=0.7328 val_loss=0.8679 router_H=0.6856 best=0.7328
           router_load=[0.38875696063041687, 0.20925290882587433, 0.10414041578769684, 0.29784977436065674]
[step 0080/150] method=baseline_cagrad loss=0.3516 train_acc=0.8236 train_loss=0.5595 val_acc=0.7328 val_loss=0.8679 router_H=0.6856 best=0.7328
           router_load=[0.38875696063041687, 0.20925290882587433, 0.10414041578769684, 0.29784977436065674]
[step 0090/150] method=baseline_cagrad loss=0.2151 train_acc=0.8236 train_loss=0.5595 val_acc=0.7328 val_loss=0.8679 router_H=0.6856 best=0.7328
           router_load=[0.38875696063041687, 0.20925290882587433, 0.10414041578769684, 0.29784977436065674]
[step 0100/150] method=baseline_cagrad loss=0.3978 train_acc=0.8630 train_loss=0.3912 val_acc=0.8349 val_loss=0.4860 router_H=0.6861 best=0.8349
           router_load=[0.325429230928421, 0.24293102324008942, 0.16069458425045013, 0.27094510197639465]
[step 0110/150] method=baseline_cagrad loss=0.2340 train_acc=0.8630 train_loss=0.3912 val_acc=0.8349 val_loss=0.4860 router_H=0.6861 best=0.8349
           router_load=[0.325429230928421, 0.24293102324008942, 0.16069458425045013, 0.27094510197639465]
[step 0120/150] method=baseline_cagrad loss=0.5204 train_acc=0.8630 train_loss=0.3912 val_acc=0.8349 val_loss=0.4860 router_H=0.6861 best=0.8349
           router_load=[0.325429230928421, 0.24293102324008942, 0.16069458425045013, 0.27094510197639465]
[step 0130/150] method=baseline_cagrad loss=0.3095 train_acc=0.8630 train_loss=0.3912 val_acc=0.8349 val_loss=0.4860 router_H=0.6861 best=0.8349
           router_load=[0.325429230928421, 0.24293102324008942, 0.16069458425045013, 0.27094510197639465]
[step 0140/150] method=baseline_cagrad loss=0.3121 train_acc=0.8630 train_loss=0.3912 val_acc=0.8349 val_loss=0.4860 router_H=0.6861 best=0.8349
           router_load=[0.325429230928421, 0.24293102324008942, 0.16069458425045013, 0.27094510197639465]
[step 0150/150] method=baseline_cagrad loss=0.3693 train_acc=0.9170 train_loss=0.2249 val_acc=0.9266 val_loss=0.2101 router_H=0.6847 best=0.9266
           router_load=[0.276938796043396, 0.35956236720085144, 0.22185644507408142, 0.14164228737354279]
saved summary -> /home/zhujjing/MOE-grad-conflict-routing/runs/paper_suite/single_gpu/single_task/deberta_sst2_lora_e4_k2_supplement/hpo/cagrad/trial_runs/coord_01_train_lr_016/cagrad_s2.json
saved curve -> /home/zhujjing/MOE-grad-conflict-routing/runs/paper_suite/single_gpu/single_task/deberta_sst2_lora_e4_k2_supplement/hpo/cagrad/trial_runs/coord_01_train_lr_016/cagrad_s2_curve.csv
