[run] method=ours candidate=coord_04_method_ours_lambda_align_003 seed=2 steps=200 gpu=0
[run] cmd=
/home/zhujjing/anaconda3/envs/moe/bin/python /home/zhujjing/MOE-grad-conflict-routing/scripts/run.py --config configs/multitask_glue3_rte_mrpc_cola_real.yaml --set model.backbone_backend=hf --set model.hf_load_pretrained=true --set model.hf_local_files_only=true --set model.backbone=gpt2 --set model.hf_pretrained_name=gpt2-medium --set model.expert_type=lora --set model.routing_mode=topk --set model.num_experts=4 --set model.top_k=2 --set train.eval_train_fraction=0.10 --set train.eval_train_max_batches=-1 --set train.eval_max_batches=-1 --set seed=2 --set method.name=ours --set train.steps=200 --set train.eval_every_steps=100 --set method.ours.use_load_norm=true --set method.ours.lambda_align=0.003264950101 --set train.grad_clip=1.108977408 --set train.lr=4.233346635e-05 --set train.weight_decay=0.01 --out /home/zhujjing/MOE-grad-conflict-routing/runs/paper_suite/single_gpu/multi_task/glue3_gpt2_lora_e4_k2/hpo/ours/trial_runs/coord_04_method_ours_lambda_align_003/ours_s2.json --curve_out /home/zhujjing/MOE-grad-conflict-routing/runs/paper_suite/single_gpu/multi_task/glue3_gpt2_lora_e4_k2/hpo/ours/trial_runs/coord_04_method_ours_lambda_align_003/ours_s2_curve.csv
Using the latest cached version of the dataset since glue couldn't be found on the Hugging Face Hub (offline mode is enabled).
Found the latest cached dataset configuration 'rte' at /home/zhujjing/hf_cache/datasets/glue/rte/0.0.0/bcdcba79d07bc864c1c254ccfcedcce55bcc9a8c (last modified on Thu Mar 19 15:00:36 2026).
/home/zhujjing/anaconda3/envs/moe/lib/python3.10/site-packages/transformers/utils/hub.py:124: FutureWarning: Using `TRANSFORMERS_CACHE` is deprecated and will be removed in v5 of Transformers. Use `HF_HOME` instead.
  warnings.warn(
Using the latest cached version of the dataset since glue couldn't be found on the Hugging Face Hub (offline mode is enabled).
Found the latest cached dataset configuration 'mrpc' at /home/zhujjing/hf_cache/datasets/glue/mrpc/0.0.0/bcdcba79d07bc864c1c254ccfcedcce55bcc9a8c (last modified on Thu Mar 19 15:01:06 2026).
Using the latest cached version of the dataset since glue couldn't be found on the Hugging Face Hub (offline mode is enabled).
Found the latest cached dataset configuration 'cola' at /home/zhujjing/hf_cache/datasets/glue/cola/0.0.0/bcdcba79d07bc864c1c254ccfcedcce55bcc9a8c (last modified on Thu Mar 19 15:02:09 2026).
[step 0001/200] method=ours loss=0.7467 train_acc=nan train_loss=nan val_acc=nan val_loss=nan best=-1.0000
[step 0010/200] method=ours loss=0.6007 train_acc=nan train_loss=nan val_acc=nan val_loss=nan best=-1.0000
[step 0020/200] method=ours loss=0.5954 train_acc=nan train_loss=nan val_acc=nan val_loss=nan best=-1.0000
[step 0030/200] method=ours loss=0.6217 train_acc=nan train_loss=nan val_acc=nan val_loss=nan best=-1.0000
[step 0040/200] method=ours loss=0.7061 train_acc=nan train_loss=nan val_acc=nan val_loss=nan best=-1.0000
[step 0050/200] method=ours loss=0.6370 train_acc=nan train_loss=nan val_acc=nan val_loss=nan best=-1.0000
[step 0060/200] method=ours loss=0.6934 train_acc=nan train_loss=nan val_acc=nan val_loss=nan best=-1.0000
[step 0070/200] method=ours loss=0.7445 train_acc=nan train_loss=nan val_acc=nan val_loss=nan best=-1.0000
[step 0080/200] method=ours loss=0.6791 train_acc=nan train_loss=nan val_acc=nan val_loss=nan best=-1.0000
[step 0090/200] method=ours loss=0.7964 train_acc=nan train_loss=nan val_acc=nan val_loss=nan best=-1.0000
[step 0100/200] method=ours loss=0.7527 train_acc=0.6494 train_loss=0.6153 val_acc=0.6563 val_loss=0.6224 router_H=0.5334 best=0.6563
           router_load=[0.0, 0.2412199079990387, 0.7587798833847046, 0.0]
[step 0110/200] method=ours loss=0.6192 train_acc=0.6494 train_loss=0.6153 val_acc=0.6563 val_loss=0.6224 router_H=0.5334 best=0.6563
           router_load=[0.0, 0.2412199079990387, 0.7587798833847046, 0.0]
[step 0120/200] method=ours loss=0.5903 train_acc=0.6494 train_loss=0.6153 val_acc=0.6563 val_loss=0.6224 router_H=0.5334 best=0.6563
           router_load=[0.0, 0.2412199079990387, 0.7587798833847046, 0.0]
[step 0130/200] method=ours loss=0.4944 train_acc=0.6494 train_loss=0.6153 val_acc=0.6563 val_loss=0.6224 router_H=0.5334 best=0.6563
           router_load=[0.0, 0.2412199079990387, 0.7587798833847046, 0.0]
[step 0140/200] method=ours loss=0.5416 train_acc=0.6494 train_loss=0.6153 val_acc=0.6563 val_loss=0.6224 router_H=0.5334 best=0.6563
           router_load=[0.0, 0.2412199079990387, 0.7587798833847046, 0.0]
[step 0150/200] method=ours loss=0.5120 train_acc=0.6494 train_loss=0.6153 val_acc=0.6563 val_loss=0.6224 router_H=0.5334 best=0.6563
           router_load=[0.0, 0.2412199079990387, 0.7587798833847046, 0.0]
[step 0160/200] method=ours loss=0.7110 train_acc=0.6494 train_loss=0.6153 val_acc=0.6563 val_loss=0.6224 router_H=0.5334 best=0.6563
           router_load=[0.0, 0.2412199079990387, 0.7587798833847046, 0.0]
[step 0170/200] method=ours loss=0.7286 train_acc=0.6494 train_loss=0.6153 val_acc=0.6563 val_loss=0.6224 router_H=0.5334 best=0.6563
           router_load=[0.0, 0.2412199079990387, 0.7587798833847046, 0.0]
[step 0180/200] method=ours loss=0.6013 train_acc=0.6494 train_loss=0.6153 val_acc=0.6563 val_loss=0.6224 router_H=0.5334 best=0.6563
           router_load=[0.0, 0.2412199079990387, 0.7587798833847046, 0.0]
[step 0190/200] method=ours loss=0.6504 train_acc=0.6494 train_loss=0.6153 val_acc=0.6563 val_loss=0.6224 router_H=0.5334 best=0.6563
           router_load=[0.0, 0.2412199079990387, 0.7587798833847046, 0.0]
[step 0200/200] method=ours loss=0.5836 train_acc=0.6898 train_loss=0.5979 val_acc=0.6494 val_loss=0.6224 router_H=0.6271 best=0.6563
           router_load=[0.0009814578806981444, 0.3526111841201782, 0.6460781693458557, 0.0003293196496088058]
saved summary -> /home/zhujjing/MOE-grad-conflict-routing/runs/paper_suite/single_gpu/multi_task/glue3_gpt2_lora_e4_k2/hpo/ours/trial_runs/coord_04_method_ours_lambda_align_003/ours_s2.json
saved curve -> /home/zhujjing/MOE-grad-conflict-routing/runs/paper_suite/single_gpu/multi_task/glue3_gpt2_lora_e4_k2/hpo/ours/trial_runs/coord_04_method_ours_lambda_align_003/ours_s2_curve.csv
