[run] method=baseline candidate=coord_01_train_lr_022 seed=2 steps=150 gpu=0
[run] cmd=
/home/zhujjing/anaconda3/envs/moe/bin/python /home/zhujjing/MOE-grad-conflict-routing/scripts/run.py --config configs/singletask_mrpc_real.yaml --set model.backbone_backend=hf --set model.hf_load_pretrained=true --set model.backbone=deberta --set model.hf_pretrained_name=microsoft/deberta-v3-base --set model.expert_type=ffn --set model.routing_mode=topk --set model.num_experts=4 --set model.top_k=2 --set seed=2 --set method.name=baseline_avg --set train.steps=150 --set train.eval_every_steps=50 --set train.grad_clip=1 --set train.lr=3.717574237e-06 --set train.weight_decay=0.01 --out /home/zhujjing/MOE-grad-conflict-routing/runs/paper_suite/single_gpu/single_task/deberta_mrpc_ffn_e4_k2/hpo/baseline/trial_runs/coord_01_train_lr_022/baseline_s2.json --curve_out /home/zhujjing/MOE-grad-conflict-routing/runs/paper_suite/single_gpu/single_task/deberta_mrpc_ffn_e4_k2/hpo/baseline/trial_runs/coord_01_train_lr_022/baseline_s2_curve.csv
Using the latest cached version of the dataset since glue couldn't be found on the Hugging Face Hub (offline mode is enabled).
Found the latest cached dataset configuration 'mrpc' at /home/zhujjing/hf_cache/datasets/glue/mrpc/0.0.0/bcdcba79d07bc864c1c254ccfcedcce55bcc9a8c (last modified on Thu Mar 19 15:01:06 2026).
/home/zhujjing/anaconda3/envs/moe/lib/python3.10/site-packages/transformers/utils/hub.py:124: FutureWarning: Using `TRANSFORMERS_CACHE` is deprecated and will be removed in v5 of Transformers. Use `HF_HOME` instead.
  warnings.warn(
/home/zhujjing/anaconda3/envs/moe/lib/python3.10/site-packages/transformers/convert_slow_tokenizer.py:560: UserWarning: The sentencepiece tokenizer that you are converting to a fast tokenizer uses the byte fallback option which is not implemented in the fast tokenizers. In practice this means that the fast version of the tokenizer can produce unknown tokens whereas the sentencepiece version would have converted these unknown tokens into a sequence of byte tokens matching the original piece of text.
  warnings.warn(
[step 0001/150] method=baseline_avg loss=0.7292 train_acc=nan train_loss=nan val_acc=nan val_loss=nan best=-1.0000
[step 0010/150] method=baseline_avg loss=0.6766 train_acc=nan train_loss=nan val_acc=nan val_loss=nan best=-1.0000
[step 0020/150] method=baseline_avg loss=0.6710 train_acc=nan train_loss=nan val_acc=nan val_loss=nan best=-1.0000
[step 0030/150] method=baseline_avg loss=0.6622 train_acc=nan train_loss=nan val_acc=nan val_loss=nan best=-1.0000
[step 0040/150] method=baseline_avg loss=0.6643 train_acc=nan train_loss=nan val_acc=nan val_loss=nan best=-1.0000
[step 0050/150] method=baseline_avg loss=0.5119 train_acc=0.6748 train_loss=0.5590 val_acc=0.6838 val_loss=0.5572 router_H=0.5600 best=0.6838
           router_load=[0.004503551404923201, 0.7391441464424133, 0.2542479932308197, 0.0021043354645371437]
[step 0060/150] method=baseline_avg loss=0.5867 train_acc=0.6748 train_loss=0.5590 val_acc=0.6838 val_loss=0.5572 router_H=0.5600 best=0.6838
           router_load=[0.004503551404923201, 0.7391441464424133, 0.2542479932308197, 0.0021043354645371437]
[step 0070/150] method=baseline_avg loss=0.4036 train_acc=0.6748 train_loss=0.5590 val_acc=0.6838 val_loss=0.5572 router_H=0.5600 best=0.6838
           router_load=[0.004503551404923201, 0.7391441464424133, 0.2542479932308197, 0.0021043354645371437]
[step 0080/150] method=baseline_avg loss=0.5076 train_acc=0.6748 train_loss=0.5590 val_acc=0.6838 val_loss=0.5572 router_H=0.5600 best=0.6838
           router_load=[0.004503551404923201, 0.7391441464424133, 0.2542479932308197, 0.0021043354645371437]
[step 0090/150] method=baseline_avg loss=0.4841 train_acc=0.6748 train_loss=0.5590 val_acc=0.6838 val_loss=0.5572 router_H=0.5600 best=0.6838
           router_load=[0.004503551404923201, 0.7391441464424133, 0.2542479932308197, 0.0021043354645371437]
[step 0100/150] method=baseline_avg loss=0.5718 train_acc=0.7432 train_loss=0.5091 val_acc=0.7206 val_loss=0.5024 router_H=0.4897 best=0.7206
           router_load=[0.003293667919933796, 0.788409948348999, 0.20733512938022614, 0.000961188692599535]
[step 0110/150] method=baseline_avg loss=0.6177 train_acc=0.7432 train_loss=0.5091 val_acc=0.7206 val_loss=0.5024 router_H=0.4897 best=0.7206
           router_load=[0.003293667919933796, 0.788409948348999, 0.20733512938022614, 0.000961188692599535]
[step 0120/150] method=baseline_avg loss=0.3939 train_acc=0.7432 train_loss=0.5091 val_acc=0.7206 val_loss=0.5024 router_H=0.4897 best=0.7206
           router_load=[0.003293667919933796, 0.788409948348999, 0.20733512938022614, 0.000961188692599535]
[step 0130/150] method=baseline_avg loss=0.5499 train_acc=0.7432 train_loss=0.5091 val_acc=0.7206 val_loss=0.5024 router_H=0.4897 best=0.7206
           router_load=[0.003293667919933796, 0.788409948348999, 0.20733512938022614, 0.000961188692599535]
[step 0140/150] method=baseline_avg loss=0.4237 train_acc=0.7432 train_loss=0.5091 val_acc=0.7206 val_loss=0.5024 router_H=0.4897 best=0.7206
           router_load=[0.003293667919933796, 0.788409948348999, 0.20733512938022614, 0.000961188692599535]
[step 0150/150] method=baseline_avg loss=0.5279 train_acc=0.7871 train_loss=0.4547 val_acc=0.7647 val_loss=0.4618 router_H=0.4742 best=0.7647
           router_load=[0.005222948268055916, 0.7939148545265198, 0.1986304223537445, 0.002231926890090108]
saved summary -> /home/zhujjing/MOE-grad-conflict-routing/runs/paper_suite/single_gpu/single_task/deberta_mrpc_ffn_e4_k2/hpo/baseline/trial_runs/coord_01_train_lr_022/baseline_s2.json
saved curve -> /home/zhujjing/MOE-grad-conflict-routing/runs/paper_suite/single_gpu/single_task/deberta_mrpc_ffn_e4_k2/hpo/baseline/trial_runs/coord_01_train_lr_022/baseline_s2_curve.csv
