[run] method=baseline candidate=coord_01_train_lr_026 seed=3 steps=150 gpu=0
[run] cmd=
/home/zhujjing/anaconda3/envs/moe/bin/python /home/zhujjing/MOE-grad-conflict-routing/scripts/run.py --config configs/singletask_mrpc_real.yaml --set model.backbone_backend=hf --set model.hf_load_pretrained=true --set model.backbone=deberta --set model.hf_pretrained_name=microsoft/deberta-v3-base --set model.expert_type=ffn --set model.routing_mode=topk --set model.num_experts=4 --set model.top_k=2 --set seed=3 --set method.name=baseline_avg --set train.steps=150 --set train.eval_every_steps=50 --set train.grad_clip=1 --set train.lr=1.302122972e-05 --set train.weight_decay=0.01 --out /home/zhujjing/MOE-grad-conflict-routing/runs/paper_suite/single_gpu/single_task/deberta_mrpc_ffn_e4_k2/hpo/baseline/trial_runs/coord_01_train_lr_026/baseline_s3.json --curve_out /home/zhujjing/MOE-grad-conflict-routing/runs/paper_suite/single_gpu/single_task/deberta_mrpc_ffn_e4_k2/hpo/baseline/trial_runs/coord_01_train_lr_026/baseline_s3_curve.csv
Using the latest cached version of the dataset since glue couldn't be found on the Hugging Face Hub (offline mode is enabled).
Found the latest cached dataset configuration 'mrpc' at /home/zhujjing/hf_cache/datasets/glue/mrpc/0.0.0/bcdcba79d07bc864c1c254ccfcedcce55bcc9a8c (last modified on Thu Mar 19 15:01:06 2026).
/home/zhujjing/anaconda3/envs/moe/lib/python3.10/site-packages/transformers/utils/hub.py:124: FutureWarning: Using `TRANSFORMERS_CACHE` is deprecated and will be removed in v5 of Transformers. Use `HF_HOME` instead.
  warnings.warn(
/home/zhujjing/anaconda3/envs/moe/lib/python3.10/site-packages/transformers/convert_slow_tokenizer.py:560: UserWarning: The sentencepiece tokenizer that you are converting to a fast tokenizer uses the byte fallback option which is not implemented in the fast tokenizers. In practice this means that the fast version of the tokenizer can produce unknown tokens whereas the sentencepiece version would have converted these unknown tokens into a sequence of byte tokens matching the original piece of text.
  warnings.warn(
[step 0001/150] method=baseline_avg loss=0.7133 train_acc=nan train_loss=nan val_acc=nan val_loss=nan best=-1.0000
[step 0010/150] method=baseline_avg loss=0.6410 train_acc=nan train_loss=nan val_acc=nan val_loss=nan best=-1.0000
[step 0020/150] method=baseline_avg loss=0.6299 train_acc=nan train_loss=nan val_acc=nan val_loss=nan best=-1.0000
[step 0030/150] method=baseline_avg loss=0.5435 train_acc=nan train_loss=nan val_acc=nan val_loss=nan best=-1.0000
[step 0040/150] method=baseline_avg loss=0.6136 train_acc=nan train_loss=nan val_acc=nan val_loss=nan best=-1.0000
[step 0050/150] method=baseline_avg loss=0.4864 train_acc=0.7473 train_loss=0.5094 val_acc=0.7475 val_loss=0.5106 router_H=0.5907 best=0.7475
           router_load=[0.6877225041389465, 0.07153060287237167, 0.2287212461233139, 0.012025667354464531]
[step 0060/150] method=baseline_avg loss=0.5556 train_acc=0.7473 train_loss=0.5094 val_acc=0.7475 val_loss=0.5106 router_H=0.5907 best=0.7475
           router_load=[0.6877225041389465, 0.07153060287237167, 0.2287212461233139, 0.012025667354464531]
[step 0070/150] method=baseline_avg loss=0.4988 train_acc=0.7473 train_loss=0.5094 val_acc=0.7475 val_loss=0.5106 router_H=0.5907 best=0.7475
           router_load=[0.6877225041389465, 0.07153060287237167, 0.2287212461233139, 0.012025667354464531]
[step 0080/150] method=baseline_avg loss=0.5312 train_acc=0.7473 train_loss=0.5094 val_acc=0.7475 val_loss=0.5106 router_H=0.5907 best=0.7475
           router_load=[0.6877225041389465, 0.07153060287237167, 0.2287212461233139, 0.012025667354464531]
[step 0090/150] method=baseline_avg loss=0.5233 train_acc=0.7473 train_loss=0.5094 val_acc=0.7475 val_loss=0.5106 router_H=0.5907 best=0.7475
           router_load=[0.6877225041389465, 0.07153060287237167, 0.2287212461233139, 0.012025667354464531]
[step 0100/150] method=baseline_avg loss=0.4704 train_acc=0.8132 train_loss=0.4080 val_acc=0.8162 val_loss=0.4016 router_H=0.5286 best=0.8162
           router_load=[0.7366287112236023, 0.0937807485461235, 0.08425020426511765, 0.08534034341573715]
[step 0110/150] method=baseline_avg loss=0.3405 train_acc=0.8132 train_loss=0.4080 val_acc=0.8162 val_loss=0.4016 router_H=0.5286 best=0.8162
           router_load=[0.7366287112236023, 0.0937807485461235, 0.08425020426511765, 0.08534034341573715]
[step 0120/150] method=baseline_avg loss=0.3437 train_acc=0.8132 train_loss=0.4080 val_acc=0.8162 val_loss=0.4016 router_H=0.5286 best=0.8162
           router_load=[0.7366287112236023, 0.0937807485461235, 0.08425020426511765, 0.08534034341573715]
[step 0130/150] method=baseline_avg loss=0.3628 train_acc=0.8132 train_loss=0.4080 val_acc=0.8162 val_loss=0.4016 router_H=0.5286 best=0.8162
           router_load=[0.7366287112236023, 0.0937807485461235, 0.08425020426511765, 0.08534034341573715]
[step 0140/150] method=baseline_avg loss=0.4051 train_acc=0.8132 train_loss=0.4080 val_acc=0.8162 val_loss=0.4016 router_H=0.5286 best=0.8162
           router_load=[0.7366287112236023, 0.0937807485461235, 0.08425020426511765, 0.08534034341573715]
[step 0150/150] method=baseline_avg loss=0.4268 train_acc=0.8664 train_loss=0.3234 val_acc=0.8456 val_loss=0.3384 router_H=0.5455 best=0.8456
           router_load=[0.7274792194366455, 0.0425541028380394, 0.1930532455444336, 0.036913469433784485]
saved summary -> /home/zhujjing/MOE-grad-conflict-routing/runs/paper_suite/single_gpu/single_task/deberta_mrpc_ffn_e4_k2/hpo/baseline/trial_runs/coord_01_train_lr_026/baseline_s3.json
saved curve -> /home/zhujjing/MOE-grad-conflict-routing/runs/paper_suite/single_gpu/single_task/deberta_mrpc_ffn_e4_k2/hpo/baseline/trial_runs/coord_01_train_lr_026/baseline_s3_curve.csv
