[run] method=ours candidate=coord_04_method_ours_lambda_align_005 seed=3 steps=150 gpu=0
[run] cmd=
/home/zhujjing/anaconda3/envs/moe/bin/python /home/zhujjing/MOE-grad-conflict-routing/scripts/run.py --config configs/singletask_mrpc_real.yaml --set model.backbone_backend=hf --set model.hf_load_pretrained=true --set model.backbone=deberta --set model.hf_pretrained_name=microsoft/deberta-v3-base --set model.expert_type=lora --set model.routing_mode=topk --set model.num_experts=4 --set model.top_k=2 --set seed=3 --set method.name=ours --set train.steps=150 --set train.eval_every_steps=50 --set method.ours.use_load_norm=true --set method.ours.lambda_align=2.430985345e-05 --set train.grad_clip=1.073694291 --set train.lr=5.484611636e-05 --set train.weight_decay=0.03112945656 --out /home/zhujjing/MOE-grad-conflict-routing/runs/paper_suite/single_gpu/single_task/deberta_mrpc_lora_e4_k2/hpo/ours/trial_runs/coord_04_method_ours_lambda_align_005/ours_s3.json --curve_out /home/zhujjing/MOE-grad-conflict-routing/runs/paper_suite/single_gpu/single_task/deberta_mrpc_lora_e4_k2/hpo/ours/trial_runs/coord_04_method_ours_lambda_align_005/ours_s3_curve.csv
Using the latest cached version of the dataset since glue couldn't be found on the Hugging Face Hub (offline mode is enabled).
Found the latest cached dataset configuration 'mrpc' at /home/zhujjing/hf_cache/datasets/glue/mrpc/0.0.0/bcdcba79d07bc864c1c254ccfcedcce55bcc9a8c (last modified on Thu Mar 19 15:01:06 2026).
/home/zhujjing/anaconda3/envs/moe/lib/python3.10/site-packages/transformers/utils/hub.py:124: FutureWarning: Using `TRANSFORMERS_CACHE` is deprecated and will be removed in v5 of Transformers. Use `HF_HOME` instead.
  warnings.warn(
/home/zhujjing/anaconda3/envs/moe/lib/python3.10/site-packages/transformers/convert_slow_tokenizer.py:560: UserWarning: The sentencepiece tokenizer that you are converting to a fast tokenizer uses the byte fallback option which is not implemented in the fast tokenizers. In practice this means that the fast version of the tokenizer can produce unknown tokens whereas the sentencepiece version would have converted these unknown tokens into a sequence of byte tokens matching the original piece of text.
  warnings.warn(
[step 0001/150] method=ours loss=0.7641 train_acc=nan train_loss=nan val_acc=nan val_loss=nan best=-1.0000
[step 0010/150] method=ours loss=0.5176 train_acc=nan train_loss=nan val_acc=nan val_loss=nan best=-1.0000
[step 0020/150] method=ours loss=0.4442 train_acc=nan train_loss=nan val_acc=nan val_loss=nan best=-1.0000
[step 0030/150] method=ours loss=0.4223 train_acc=nan train_loss=nan val_acc=nan val_loss=nan best=-1.0000
[step 0040/150] method=ours loss=0.6518 train_acc=nan train_loss=nan val_acc=nan val_loss=nan best=-1.0000
[step 0050/150] method=ours loss=0.3025 train_acc=0.8296 train_loss=0.3782 val_acc=0.8333 val_loss=0.3898 router_H=0.6656 best=0.8333
           router_load=[0.02292417548596859, 0.4100567400455475, 0.012703890912234783, 0.5543152093887329]
[step 0060/150] method=ours loss=0.3345 train_acc=0.8296 train_loss=0.3782 val_acc=0.8333 val_loss=0.3898 router_H=0.6656 best=0.8333
           router_load=[0.02292417548596859, 0.4100567400455475, 0.012703890912234783, 0.5543152093887329]
[step 0070/150] method=ours loss=0.3740 train_acc=0.8296 train_loss=0.3782 val_acc=0.8333 val_loss=0.3898 router_H=0.6656 best=0.8333
           router_load=[0.02292417548596859, 0.4100567400455475, 0.012703890912234783, 0.5543152093887329]
[step 0080/150] method=ours loss=0.2384 train_acc=0.8296 train_loss=0.3782 val_acc=0.8333 val_loss=0.3898 router_H=0.6656 best=0.8333
           router_load=[0.02292417548596859, 0.4100567400455475, 0.012703890912234783, 0.5543152093887329]
[step 0090/150] method=ours loss=0.4891 train_acc=0.8296 train_loss=0.3782 val_acc=0.8333 val_loss=0.3898 router_H=0.6656 best=0.8333
           router_load=[0.02292417548596859, 0.4100567400455475, 0.012703890912234783, 0.5543152093887329]
[step 0100/150] method=ours loss=0.3003 train_acc=0.8768 train_loss=0.2854 val_acc=0.8480 val_loss=0.3318 router_H=0.6334 best=0.8480
           router_load=[0.020055430009961128, 0.18120625615119934, 0.16088424623012543, 0.6378539800643921]
[step 0110/150] method=ours loss=0.4501 train_acc=0.8768 train_loss=0.2854 val_acc=0.8480 val_loss=0.3318 router_H=0.6334 best=0.8480
           router_load=[0.020055430009961128, 0.18120625615119934, 0.16088424623012543, 0.6378539800643921]
[step 0120/150] method=ours loss=0.2461 train_acc=0.8768 train_loss=0.2854 val_acc=0.8480 val_loss=0.3318 router_H=0.6334 best=0.8480
           router_load=[0.020055430009961128, 0.18120625615119934, 0.16088424623012543, 0.6378539800643921]
[step 0130/150] method=ours loss=0.5014 train_acc=0.8768 train_loss=0.2854 val_acc=0.8480 val_loss=0.3318 router_H=0.6334 best=0.8480
           router_load=[0.020055430009961128, 0.18120625615119934, 0.16088424623012543, 0.6378539800643921]
[step 0140/150] method=ours loss=0.7251 train_acc=0.8768 train_loss=0.2854 val_acc=0.8480 val_loss=0.3318 router_H=0.6334 best=0.8480
           router_load=[0.020055430009961128, 0.18120625615119934, 0.16088424623012543, 0.6378539800643921]
[step 0150/150] method=ours loss=0.2820 train_acc=0.8822 train_loss=0.2745 val_acc=0.8480 val_loss=0.3143 router_H=0.6667 best=0.8480
           router_load=[0.07567773759365082, 0.31382036209106445, 0.13354460895061493, 0.476957231760025]
saved summary -> /home/zhujjing/MOE-grad-conflict-routing/runs/paper_suite/single_gpu/single_task/deberta_mrpc_lora_e4_k2/hpo/ours/trial_runs/coord_04_method_ours_lambda_align_005/ours_s3.json
saved curve -> /home/zhujjing/MOE-grad-conflict-routing/runs/paper_suite/single_gpu/single_task/deberta_mrpc_lora_e4_k2/hpo/ours/trial_runs/coord_04_method_ours_lambda_align_005/ours_s3_curve.csv
