[run] method=cagrad candidate=coord_03_train_grad_clip_008 seed=3 steps=200 gpu=0
[run] cmd=
/root/miniconda3/envs/optimization/bin/python /root/Optimization/MOE-grad-conflict-routing-appendix2/scripts/run.py --config configs/multitask_textcls_local_sst2_yelp_amazon_real.yaml --set model.backbone_backend=hf --set model.hf_load_pretrained=true --set model.hf_local_files_only=true --set model.routing_mode=topk --set model.expert_type=lora --set model.num_experts=4 --set model.top_k=2 --set data.train_size=20000 --set data.val_size=4000 --set model.backbone=roberta --set model.hf_pretrained_name=roberta-base --set train.eval_val_fraction=0.2 --set train.skip_train_eval=true --set seed=3 --set method.name=baseline_cagrad --set train.steps=200 --set train.eval_every_steps=100 --set method.baseline_cagrad.c=0.4 --set method.baseline_cagrad.inner_lr=0.1 --set train.grad_clip=1.979075829 --set train.lr=2.555178414e-05 --set train.weight_decay=0.0494133814 --out /root/Optimization/MOE-grad-conflict-routing-appendix2/runs/paper_suite_supplement/appendix/multi_dataset_real/roberta_lora_e4_k2/_method_workers/cagrad/hpo/cagrad/trial_runs/coord_03_train_grad_clip_008/cagrad_s3.json --curve_out /root/Optimization/MOE-grad-conflict-routing-appendix2/runs/paper_suite_supplement/appendix/multi_dataset_real/roberta_lora_e4_k2/_method_workers/cagrad/hpo/cagrad/trial_runs/coord_03_train_grad_clip_008/cagrad_s3_curve.csv
Loading weights:   0%|          | 0/197 [00:00<?, ?it/s]Loading weights: 100%|██████████| 197/197 [00:00<00:00, 20840.87it/s]
[1mRobertaModel LOAD REPORT[0m from: roberta-base
Key                             | Status     | 
--------------------------------+------------+-
lm_head.dense.bias              | UNEXPECTED | 
lm_head.dense.weight            | UNEXPECTED | 
roberta.embeddings.position_ids | UNEXPECTED | 
lm_head.layer_norm.weight       | UNEXPECTED | 
lm_head.layer_norm.bias         | UNEXPECTED | 
lm_head.bias                    | UNEXPECTED | 
pooler.dense.bias               | MISSING    | 
pooler.dense.weight             | MISSING    | 

[3mNotes:
- UNEXPECTED[3m	:can be ignored when loading from different task/architecture; not ok if you expect identical arch.
- MISSING[3m	:those params were newly initialized because missing from the checkpoint. Consider training on your downstream task.[0m
[step 0001/200] method=baseline_cagrad loss=0.6870 train_acc=nan train_loss=nan val_acc=nan val_loss=nan best=-1.0000
[step 0010/200] method=baseline_cagrad loss=0.5926 train_acc=nan train_loss=nan val_acc=nan val_loss=nan best=-1.0000
[step 0020/200] method=baseline_cagrad loss=0.2209 train_acc=nan train_loss=nan val_acc=nan val_loss=nan best=-1.0000
[step 0030/200] method=baseline_cagrad loss=0.4689 train_acc=nan train_loss=nan val_acc=nan val_loss=nan best=-1.0000
[step 0040/200] method=baseline_cagrad loss=0.2107 train_acc=nan train_loss=nan val_acc=nan val_loss=nan best=-1.0000
[step 0050/200] method=baseline_cagrad loss=0.3719 train_acc=nan train_loss=nan val_acc=nan val_loss=nan best=-1.0000
[step 0060/200] method=baseline_cagrad loss=0.1905 train_acc=nan train_loss=nan val_acc=nan val_loss=nan best=-1.0000
[step 0070/200] method=baseline_cagrad loss=0.5206 train_acc=nan train_loss=nan val_acc=nan val_loss=nan best=-1.0000
[step 0080/200] method=baseline_cagrad loss=0.1217 train_acc=nan train_loss=nan val_acc=nan val_loss=nan best=-1.0000
[step 0090/200] method=baseline_cagrad loss=0.2955 train_acc=nan train_loss=nan val_acc=nan val_loss=nan best=-1.0000
[step 0100/200] method=baseline_cagrad loss=0.1058 train_acc=nan train_loss=nan val_acc=0.8891 val_loss=0.2753 router_H=0.6501 best=0.8891
           router_load=[0.6294410824775696, 0.0007006197702139616, 0.24895566701889038, 0.120902881026268]
[step 0110/200] method=baseline_cagrad loss=0.1724 train_acc=nan train_loss=nan val_acc=0.8891 val_loss=0.2753 router_H=0.6501 best=0.8891
           router_load=[0.6294410824775696, 0.0007006197702139616, 0.24895566701889038, 0.120902881026268]
[step 0120/200] method=baseline_cagrad loss=0.0965 train_acc=nan train_loss=nan val_acc=0.8891 val_loss=0.2753 router_H=0.6501 best=0.8891
           router_load=[0.6294410824775696, 0.0007006197702139616, 0.24895566701889038, 0.120902881026268]
[step 0130/200] method=baseline_cagrad loss=0.2384 train_acc=nan train_loss=nan val_acc=0.8891 val_loss=0.2753 router_H=0.6501 best=0.8891
           router_load=[0.6294410824775696, 0.0007006197702139616, 0.24895566701889038, 0.120902881026268]
[step 0140/200] method=baseline_cagrad loss=0.4179 train_acc=nan train_loss=nan val_acc=0.8891 val_loss=0.2753 router_H=0.6501 best=0.8891
           router_load=[0.6294410824775696, 0.0007006197702139616, 0.24895566701889038, 0.120902881026268]
[step 0150/200] method=baseline_cagrad loss=0.4097 train_acc=nan train_loss=nan val_acc=0.8891 val_loss=0.2753 router_H=0.6501 best=0.8891
           router_load=[0.6294410824775696, 0.0007006197702139616, 0.24895566701889038, 0.120902881026268]
[step 0160/200] method=baseline_cagrad loss=0.3146 train_acc=nan train_loss=nan val_acc=0.8891 val_loss=0.2753 router_H=0.6501 best=0.8891
           router_load=[0.6294410824775696, 0.0007006197702139616, 0.24895566701889038, 0.120902881026268]
[step 0170/200] method=baseline_cagrad loss=0.3648 train_acc=nan train_loss=nan val_acc=0.8891 val_loss=0.2753 router_H=0.6501 best=0.8891
           router_load=[0.6294410824775696, 0.0007006197702139616, 0.24895566701889038, 0.120902881026268]
[step 0180/200] method=baseline_cagrad loss=0.2741 train_acc=nan train_loss=nan val_acc=0.8891 val_loss=0.2753 router_H=0.6501 best=0.8891
           router_load=[0.6294410824775696, 0.0007006197702139616, 0.24895566701889038, 0.120902881026268]
[step 0190/200] method=baseline_cagrad loss=0.3400 train_acc=nan train_loss=nan val_acc=0.8891 val_loss=0.2753 router_H=0.6501 best=0.8891
           router_load=[0.6294410824775696, 0.0007006197702139616, 0.24895566701889038, 0.120902881026268]
[step 0200/200] method=baseline_cagrad loss=0.2391 train_acc=nan train_loss=nan val_acc=0.9142 val_loss=0.2161 router_H=0.6317 best=0.9142
           router_load=[0.6379548907279968, 0.0010811438551172614, 0.2467983216047287, 0.11416593194007874]
saved summary -> /root/Optimization/MOE-grad-conflict-routing-appendix2/runs/paper_suite_supplement/appendix/multi_dataset_real/roberta_lora_e4_k2/_method_workers/cagrad/hpo/cagrad/trial_runs/coord_03_train_grad_clip_008/cagrad_s3.json
saved curve -> /root/Optimization/MOE-grad-conflict-routing-appendix2/runs/paper_suite_supplement/appendix/multi_dataset_real/roberta_lora_e4_k2/_method_workers/cagrad/hpo/cagrad/trial_runs/coord_03_train_grad_clip_008/cagrad_s3_curve.csv
