[run] method=baseline candidate=coord_03_train_grad_clip_010 seed=2 steps=150 gpu=0
[run] cmd=
/home/zhujjing/anaconda3/envs/moe/bin/python /home/zhujjing/MOE-grad-conflict-routing/scripts/run.py --config configs/singletask_sst2_real.yaml --set model.backbone_backend=hf --set model.hf_load_pretrained=true --set model.hf_local_files_only=true --set model.backbone=deberta --set model.hf_pretrained_name=microsoft/deberta-v3-base --set model.expert_type=ffn --set model.routing_mode=topk --set model.num_experts=4 --set model.top_k=2 --set seed=2 --set method.name=baseline_avg --set train.steps=150 --set train.eval_every_steps=50 --set train.grad_clip=1.397685055 --set train.lr=1.263268742e-05 --set train.weight_decay=0.01 --out /home/zhujjing/MOE-grad-conflict-routing/runs/paper_suite/single_gpu/single_task/deberta_sst2_ffn_e4_k2_supplement/hpo/baseline/trial_runs/coord_03_train_grad_clip_010/baseline_s2.json --curve_out /home/zhujjing/MOE-grad-conflict-routing/runs/paper_suite/single_gpu/single_task/deberta_sst2_ffn_e4_k2_supplement/hpo/baseline/trial_runs/coord_03_train_grad_clip_010/baseline_s2_curve.csv
Using the latest cached version of the dataset since glue couldn't be found on the Hugging Face Hub (offline mode is enabled).
Found the latest cached dataset configuration 'sst2' at /home/zhujjing/hf_cache/datasets/glue/sst2/0.0.0/bcdcba79d07bc864c1c254ccfcedcce55bcc9a8c (last modified on Thu Mar 19 15:01:41 2026).
/home/zhujjing/anaconda3/envs/moe/lib/python3.10/site-packages/transformers/utils/hub.py:124: FutureWarning: Using `TRANSFORMERS_CACHE` is deprecated and will be removed in v5 of Transformers. Use `HF_HOME` instead.
  warnings.warn(
/home/zhujjing/anaconda3/envs/moe/lib/python3.10/site-packages/transformers/convert_slow_tokenizer.py:560: UserWarning: The sentencepiece tokenizer that you are converting to a fast tokenizer uses the byte fallback option which is not implemented in the fast tokenizers. In practice this means that the fast version of the tokenizer can produce unknown tokens whereas the sentencepiece version would have converted these unknown tokens into a sequence of byte tokens matching the original piece of text.
  warnings.warn(
[step 0001/150] method=baseline_avg loss=0.6997 train_acc=nan train_loss=nan val_acc=nan val_loss=nan best=-1.0000
[step 0010/150] method=baseline_avg loss=0.7259 train_acc=nan train_loss=nan val_acc=nan val_loss=nan best=-1.0000
[step 0020/150] method=baseline_avg loss=0.6581 train_acc=nan train_loss=nan val_acc=nan val_loss=nan best=-1.0000
[step 0030/150] method=baseline_avg loss=0.6057 train_acc=nan train_loss=nan val_acc=nan val_loss=nan best=-1.0000
[step 0040/150] method=baseline_avg loss=0.5197 train_acc=nan train_loss=nan val_acc=nan val_loss=nan best=-1.0000
[step 0050/150] method=baseline_avg loss=0.4595 train_acc=0.8584 train_loss=0.4650 val_acc=0.8326 val_loss=0.4587 router_H=0.6780 best=0.8326
           router_load=[0.0032744084019213915, 0.5588765740394592, 0.43784913420677185, 0.0]
[step 0060/150] method=baseline_avg loss=0.3828 train_acc=0.8584 train_loss=0.4650 val_acc=0.8326 val_loss=0.4587 router_H=0.6780 best=0.8326
           router_load=[0.0032744084019213915, 0.5588765740394592, 0.43784913420677185, 0.0]
[step 0070/150] method=baseline_avg loss=0.5494 train_acc=0.8584 train_loss=0.4650 val_acc=0.8326 val_loss=0.4587 router_H=0.6780 best=0.8326
           router_load=[0.0032744084019213915, 0.5588765740394592, 0.43784913420677185, 0.0]
[step 0080/150] method=baseline_avg loss=0.3490 train_acc=0.8584 train_loss=0.4650 val_acc=0.8326 val_loss=0.4587 router_H=0.6780 best=0.8326
           router_load=[0.0032744084019213915, 0.5588765740394592, 0.43784913420677185, 0.0]
[step 0090/150] method=baseline_avg loss=0.3343 train_acc=0.8584 train_loss=0.4650 val_acc=0.8326 val_loss=0.4587 router_H=0.6780 best=0.8326
           router_load=[0.0032744084019213915, 0.5588765740394592, 0.43784913420677185, 0.0]
[step 0100/150] method=baseline_avg loss=0.1680 train_acc=0.9016 train_loss=0.2981 val_acc=0.8899 val_loss=0.3063 router_H=0.4773 best=0.8899
           router_load=[0.0074093034490942955, 0.8083086609840393, 0.18133024871349335, 0.0029518231749534607]
[step 0110/150] method=baseline_avg loss=0.2584 train_acc=0.9016 train_loss=0.2981 val_acc=0.8899 val_loss=0.3063 router_H=0.4773 best=0.8899
           router_load=[0.0074093034490942955, 0.8083086609840393, 0.18133024871349335, 0.0029518231749534607]
[step 0120/150] method=baseline_avg loss=0.8594 train_acc=0.9016 train_loss=0.2981 val_acc=0.8899 val_loss=0.3063 router_H=0.4773 best=0.8899
           router_load=[0.0074093034490942955, 0.8083086609840393, 0.18133024871349335, 0.0029518231749534607]
[step 0130/150] method=baseline_avg loss=0.3632 train_acc=0.9016 train_loss=0.2981 val_acc=0.8899 val_loss=0.3063 router_H=0.4773 best=0.8899
           router_load=[0.0074093034490942955, 0.8083086609840393, 0.18133024871349335, 0.0029518231749534607]
[step 0140/150] method=baseline_avg loss=0.3450 train_acc=0.9016 train_loss=0.2981 val_acc=0.8899 val_loss=0.3063 router_H=0.4773 best=0.8899
           router_load=[0.0074093034490942955, 0.8083086609840393, 0.18133024871349335, 0.0029518231749534607]
[step 0150/150] method=baseline_avg loss=0.3237 train_acc=0.9167 train_loss=0.2356 val_acc=0.9300 val_loss=0.2084 router_H=0.4175 best=0.9300
           router_load=[0.0030551189556717873, 0.8474920392036438, 0.14354576170444489, 0.005907078739255667]
saved summary -> /home/zhujjing/MOE-grad-conflict-routing/runs/paper_suite/single_gpu/single_task/deberta_sst2_ffn_e4_k2_supplement/hpo/baseline/trial_runs/coord_03_train_grad_clip_010/baseline_s2.json
saved curve -> /home/zhujjing/MOE-grad-conflict-routing/runs/paper_suite/single_gpu/single_task/deberta_sst2_ffn_e4_k2_supplement/hpo/baseline/trial_runs/coord_03_train_grad_clip_010/baseline_s2_curve.csv
