[run] method=baseline candidate=coord_03_train_grad_clip_003 seed=3 steps=150 gpu=0
[run] cmd=
/home/zhujjing/anaconda3/envs/moe/bin/python /home/zhujjing/MOE-grad-conflict-routing/scripts/run.py --config configs/singletask_sst2_real.yaml --set model.backbone_backend=hf --set model.hf_load_pretrained=true --set model.hf_local_files_only=true --set model.backbone=deberta --set model.hf_pretrained_name=microsoft/deberta-v3-base --set model.expert_type=ffn --set model.routing_mode=topk --set model.num_experts=4 --set model.top_k=2 --set seed=3 --set method.name=baseline_avg --set train.steps=150 --set train.eval_every_steps=50 --set train.grad_clip=0.8690175238 --set train.lr=1.263268742e-05 --set train.weight_decay=0.01 --out /home/zhujjing/MOE-grad-conflict-routing/runs/paper_suite/single_gpu/single_task/deberta_sst2_ffn_e4_k2_supplement/hpo/baseline/trial_runs/coord_03_train_grad_clip_003/baseline_s3.json --curve_out /home/zhujjing/MOE-grad-conflict-routing/runs/paper_suite/single_gpu/single_task/deberta_sst2_ffn_e4_k2_supplement/hpo/baseline/trial_runs/coord_03_train_grad_clip_003/baseline_s3_curve.csv
Using the latest cached version of the dataset since glue couldn't be found on the Hugging Face Hub (offline mode is enabled).
Found the latest cached dataset configuration 'sst2' at /home/zhujjing/hf_cache/datasets/glue/sst2/0.0.0/bcdcba79d07bc864c1c254ccfcedcce55bcc9a8c (last modified on Thu Mar 19 15:01:41 2026).
/home/zhujjing/anaconda3/envs/moe/lib/python3.10/site-packages/transformers/utils/hub.py:124: FutureWarning: Using `TRANSFORMERS_CACHE` is deprecated and will be removed in v5 of Transformers. Use `HF_HOME` instead.
  warnings.warn(
/home/zhujjing/anaconda3/envs/moe/lib/python3.10/site-packages/transformers/convert_slow_tokenizer.py:560: UserWarning: The sentencepiece tokenizer that you are converting to a fast tokenizer uses the byte fallback option which is not implemented in the fast tokenizers. In practice this means that the fast version of the tokenizer can produce unknown tokens whereas the sentencepiece version would have converted these unknown tokens into a sequence of byte tokens matching the original piece of text.
  warnings.warn(
[step 0001/150] method=baseline_avg loss=0.7317 train_acc=nan train_loss=nan val_acc=nan val_loss=nan best=-1.0000
[step 0010/150] method=baseline_avg loss=0.6611 train_acc=nan train_loss=nan val_acc=nan val_loss=nan best=-1.0000
[step 0020/150] method=baseline_avg loss=0.6336 train_acc=nan train_loss=nan val_acc=nan val_loss=nan best=-1.0000
[step 0030/150] method=baseline_avg loss=0.6617 train_acc=nan train_loss=nan val_acc=nan val_loss=nan best=-1.0000
[step 0040/150] method=baseline_avg loss=0.6786 train_acc=nan train_loss=nan val_acc=nan val_loss=nan best=-1.0000
[step 0050/150] method=baseline_avg loss=0.6209 train_acc=0.8400 train_loss=0.4709 val_acc=0.8578 val_loss=0.4577 router_H=0.6632 best=0.8578
           router_load=[0.4803130030632019, 0.42001625895500183, 0.044339582324028015, 0.055331114679574966]
[step 0060/150] method=baseline_avg loss=0.5621 train_acc=0.8400 train_loss=0.4709 val_acc=0.8578 val_loss=0.4577 router_H=0.6632 best=0.8578
           router_load=[0.4803130030632019, 0.42001625895500183, 0.044339582324028015, 0.055331114679574966]
[step 0070/150] method=baseline_avg loss=0.2760 train_acc=0.8400 train_loss=0.4709 val_acc=0.8578 val_loss=0.4577 router_H=0.6632 best=0.8578
           router_load=[0.4803130030632019, 0.42001625895500183, 0.044339582324028015, 0.055331114679574966]
[step 0080/150] method=baseline_avg loss=0.1263 train_acc=0.8400 train_loss=0.4709 val_acc=0.8578 val_loss=0.4577 router_H=0.6632 best=0.8578
           router_load=[0.4803130030632019, 0.42001625895500183, 0.044339582324028015, 0.055331114679574966]
[step 0090/150] method=baseline_avg loss=0.0700 train_acc=0.8400 train_loss=0.4709 val_acc=0.8578 val_loss=0.4577 router_H=0.6632 best=0.8578
           router_load=[0.4803130030632019, 0.42001625895500183, 0.044339582324028015, 0.055331114679574966]
[step 0100/150] method=baseline_avg loss=0.1561 train_acc=0.9023 train_loss=0.2683 val_acc=0.9186 val_loss=0.2363 router_H=0.4692 best=0.9186
           router_load=[0.46757033467292786, 0.4577910602092743, 0.008172022178769112, 0.06646665930747986]
[step 0110/150] method=baseline_avg loss=0.4980 train_acc=0.9023 train_loss=0.2683 val_acc=0.9186 val_loss=0.2363 router_H=0.4692 best=0.9186
           router_load=[0.46757033467292786, 0.4577910602092743, 0.008172022178769112, 0.06646665930747986]
[step 0120/150] method=baseline_avg loss=0.5019 train_acc=0.9023 train_loss=0.2683 val_acc=0.9186 val_loss=0.2363 router_H=0.4692 best=0.9186
           router_load=[0.46757033467292786, 0.4577910602092743, 0.008172022178769112, 0.06646665930747986]
[step 0130/150] method=baseline_avg loss=0.1557 train_acc=0.9023 train_loss=0.2683 val_acc=0.9186 val_loss=0.2363 router_H=0.4692 best=0.9186
           router_load=[0.46757033467292786, 0.4577910602092743, 0.008172022178769112, 0.06646665930747986]
[step 0140/150] method=baseline_avg loss=0.1974 train_acc=0.9023 train_loss=0.2683 val_acc=0.9186 val_loss=0.2363 router_H=0.4692 best=0.9186
           router_load=[0.46757033467292786, 0.4577910602092743, 0.008172022178769112, 0.06646665930747986]
[step 0150/150] method=baseline_avg loss=0.1991 train_acc=0.9249 train_loss=0.2202 val_acc=0.9346 val_loss=0.1946 router_H=0.4801 best=0.9346
           router_load=[0.4475037753582001, 0.45778781175613403, 0.004147857893258333, 0.0905606597661972]
saved summary -> /home/zhujjing/MOE-grad-conflict-routing/runs/paper_suite/single_gpu/single_task/deberta_sst2_ffn_e4_k2_supplement/hpo/baseline/trial_runs/coord_03_train_grad_clip_003/baseline_s3.json
saved curve -> /home/zhujjing/MOE-grad-conflict-routing/runs/paper_suite/single_gpu/single_task/deberta_sst2_ffn_e4_k2_supplement/hpo/baseline/trial_runs/coord_03_train_grad_clip_003/baseline_s3_curve.csv
