[run] method=baseline candidate=coord_03_train_grad_clip_005 seed=3 steps=150 gpu=0
[run] cmd=
/home/zhujjing/anaconda3/envs/moe/bin/python /home/zhujjing/MOE-grad-conflict-routing/scripts/run.py --config configs/singletask_sst2_real.yaml --set model.backbone_backend=hf --set model.hf_load_pretrained=true --set model.hf_local_files_only=true --set model.backbone=deberta --set model.hf_pretrained_name=microsoft/deberta-v3-base --set model.expert_type=ffn --set model.routing_mode=topk --set model.num_experts=4 --set model.top_k=2 --set seed=3 --set method.name=baseline_avg --set train.steps=150 --set train.eval_every_steps=50 --set train.grad_clip=0.6271934851 --set train.lr=1.263268742e-05 --set train.weight_decay=0.01 --out /home/zhujjing/MOE-grad-conflict-routing/runs/paper_suite/single_gpu/single_task/deberta_sst2_ffn_e4_k2_supplement/hpo/baseline/trial_runs/coord_03_train_grad_clip_005/baseline_s3.json --curve_out /home/zhujjing/MOE-grad-conflict-routing/runs/paper_suite/single_gpu/single_task/deberta_sst2_ffn_e4_k2_supplement/hpo/baseline/trial_runs/coord_03_train_grad_clip_005/baseline_s3_curve.csv
Using the latest cached version of the dataset since glue couldn't be found on the Hugging Face Hub (offline mode is enabled).
Found the latest cached dataset configuration 'sst2' at /home/zhujjing/hf_cache/datasets/glue/sst2/0.0.0/bcdcba79d07bc864c1c254ccfcedcce55bcc9a8c (last modified on Thu Mar 19 15:01:41 2026).
/home/zhujjing/anaconda3/envs/moe/lib/python3.10/site-packages/transformers/utils/hub.py:124: FutureWarning: Using `TRANSFORMERS_CACHE` is deprecated and will be removed in v5 of Transformers. Use `HF_HOME` instead.
  warnings.warn(
/home/zhujjing/anaconda3/envs/moe/lib/python3.10/site-packages/transformers/convert_slow_tokenizer.py:560: UserWarning: The sentencepiece tokenizer that you are converting to a fast tokenizer uses the byte fallback option which is not implemented in the fast tokenizers. In practice this means that the fast version of the tokenizer can produce unknown tokens whereas the sentencepiece version would have converted these unknown tokens into a sequence of byte tokens matching the original piece of text.
  warnings.warn(
[step 0001/150] method=baseline_avg loss=0.6703 train_acc=nan train_loss=nan val_acc=nan val_loss=nan best=-1.0000
[step 0010/150] method=baseline_avg loss=0.6331 train_acc=nan train_loss=nan val_acc=nan val_loss=nan best=-1.0000
[step 0020/150] method=baseline_avg loss=0.6033 train_acc=nan train_loss=nan val_acc=nan val_loss=nan best=-1.0000
[step 0030/150] method=baseline_avg loss=0.6411 train_acc=nan train_loss=nan val_acc=nan val_loss=nan best=-1.0000
[step 0040/150] method=baseline_avg loss=0.6048 train_acc=nan train_loss=nan val_acc=nan val_loss=nan best=-1.0000
[step 0050/150] method=baseline_avg loss=0.5813 train_acc=0.8679 train_loss=0.3805 val_acc=0.8830 val_loss=0.3393 router_H=0.6103 best=0.8830
           router_load=[0.0005755427409894764, 0.44366610050201416, 0.44801995158195496, 0.10773836076259613]
[step 0060/150] method=baseline_avg loss=0.6269 train_acc=0.8679 train_loss=0.3805 val_acc=0.8830 val_loss=0.3393 router_H=0.6103 best=0.8830
           router_load=[0.0005755427409894764, 0.44366610050201416, 0.44801995158195496, 0.10773836076259613]
[step 0070/150] method=baseline_avg loss=0.2227 train_acc=0.8679 train_loss=0.3805 val_acc=0.8830 val_loss=0.3393 router_H=0.6103 best=0.8830
           router_load=[0.0005755427409894764, 0.44366610050201416, 0.44801995158195496, 0.10773836076259613]
[step 0080/150] method=baseline_avg loss=0.1357 train_acc=0.8679 train_loss=0.3805 val_acc=0.8830 val_loss=0.3393 router_H=0.6103 best=0.8830
           router_load=[0.0005755427409894764, 0.44366610050201416, 0.44801995158195496, 0.10773836076259613]
[step 0090/150] method=baseline_avg loss=0.2411 train_acc=0.8679 train_loss=0.3805 val_acc=0.8830 val_loss=0.3393 router_H=0.6103 best=0.8830
           router_load=[0.0005755427409894764, 0.44366610050201416, 0.44801995158195496, 0.10773836076259613]
[step 0100/150] method=baseline_avg loss=0.3514 train_acc=0.8845 train_loss=0.2956 val_acc=0.8979 val_loss=0.2841 router_H=0.4353 best=0.8979
           router_load=[0.0017477188957855105, 0.5793641805648804, 0.39105191826820374, 0.027836071327328682]
[step 0110/150] method=baseline_avg loss=0.4733 train_acc=0.8845 train_loss=0.2956 val_acc=0.8979 val_loss=0.2841 router_H=0.4353 best=0.8979
           router_load=[0.0017477188957855105, 0.5793641805648804, 0.39105191826820374, 0.027836071327328682]
[step 0120/150] method=baseline_avg loss=0.5296 train_acc=0.8845 train_loss=0.2956 val_acc=0.8979 val_loss=0.2841 router_H=0.4353 best=0.8979
           router_load=[0.0017477188957855105, 0.5793641805648804, 0.39105191826820374, 0.027836071327328682]
[step 0130/150] method=baseline_avg loss=0.2461 train_acc=0.8845 train_loss=0.2956 val_acc=0.8979 val_loss=0.2841 router_H=0.4353 best=0.8979
           router_load=[0.0017477188957855105, 0.5793641805648804, 0.39105191826820374, 0.027836071327328682]
[step 0140/150] method=baseline_avg loss=0.1695 train_acc=0.8845 train_loss=0.2956 val_acc=0.8979 val_loss=0.2841 router_H=0.4353 best=0.8979
           router_load=[0.0017477188957855105, 0.5793641805648804, 0.39105191826820374, 0.027836071327328682]
[step 0150/150] method=baseline_avg loss=0.2190 train_acc=0.9206 train_loss=0.2225 val_acc=0.9255 val_loss=0.1980 router_H=0.4415 best=0.9255
           router_load=[0.001573684741742909, 0.5175976157188416, 0.47039756178855896, 0.010431206785142422]
saved summary -> /home/zhujjing/MOE-grad-conflict-routing/runs/paper_suite/single_gpu/single_task/deberta_sst2_ffn_e4_k2_supplement/hpo/baseline/trial_runs/coord_03_train_grad_clip_005/baseline_s3.json
saved curve -> /home/zhujjing/MOE-grad-conflict-routing/runs/paper_suite/single_gpu/single_task/deberta_sst2_ffn_e4_k2_supplement/hpo/baseline/trial_runs/coord_03_train_grad_clip_005/baseline_s3_curve.csv
