[run] method=baseline candidate=coord_03_train_grad_clip_017 seed=2 steps=150 gpu=0
[run] cmd=
/home/zhujjing/anaconda3/envs/moe/bin/python /home/zhujjing/MOE-grad-conflict-routing/scripts/run.py --config configs/singletask_sst2_real.yaml --set model.backbone_backend=hf --set model.hf_load_pretrained=true --set model.hf_local_files_only=true --set model.backbone=deberta --set model.hf_pretrained_name=microsoft/deberta-v3-base --set model.expert_type=ffn --set model.routing_mode=topk --set model.num_experts=4 --set model.top_k=2 --set seed=2 --set method.name=baseline_avg --set train.steps=150 --set train.eval_every_steps=50 --set train.grad_clip=1.630855408 --set train.lr=1.263268742e-05 --set train.weight_decay=0.01 --out /home/zhujjing/MOE-grad-conflict-routing/runs/paper_suite/single_gpu/single_task/deberta_sst2_ffn_e4_k2_supplement/hpo/baseline/trial_runs/coord_03_train_grad_clip_017/baseline_s2.json --curve_out /home/zhujjing/MOE-grad-conflict-routing/runs/paper_suite/single_gpu/single_task/deberta_sst2_ffn_e4_k2_supplement/hpo/baseline/trial_runs/coord_03_train_grad_clip_017/baseline_s2_curve.csv
Using the latest cached version of the dataset since glue couldn't be found on the Hugging Face Hub (offline mode is enabled).
Found the latest cached dataset configuration 'sst2' at /home/zhujjing/hf_cache/datasets/glue/sst2/0.0.0/bcdcba79d07bc864c1c254ccfcedcce55bcc9a8c (last modified on Thu Mar 19 15:01:41 2026).
/home/zhujjing/anaconda3/envs/moe/lib/python3.10/site-packages/transformers/utils/hub.py:124: FutureWarning: Using `TRANSFORMERS_CACHE` is deprecated and will be removed in v5 of Transformers. Use `HF_HOME` instead.
  warnings.warn(
/home/zhujjing/anaconda3/envs/moe/lib/python3.10/site-packages/transformers/convert_slow_tokenizer.py:560: UserWarning: The sentencepiece tokenizer that you are converting to a fast tokenizer uses the byte fallback option which is not implemented in the fast tokenizers. In practice this means that the fast version of the tokenizer can produce unknown tokens whereas the sentencepiece version would have converted these unknown tokens into a sequence of byte tokens matching the original piece of text.
  warnings.warn(
[step 0001/150] method=baseline_avg loss=0.6537 train_acc=nan train_loss=nan val_acc=nan val_loss=nan best=-1.0000
[step 0010/150] method=baseline_avg loss=0.7323 train_acc=nan train_loss=nan val_acc=nan val_loss=nan best=-1.0000
[step 0020/150] method=baseline_avg loss=0.6239 train_acc=nan train_loss=nan val_acc=nan val_loss=nan best=-1.0000
[step 0030/150] method=baseline_avg loss=0.5274 train_acc=nan train_loss=nan val_acc=nan val_loss=nan best=-1.0000
[step 0040/150] method=baseline_avg loss=0.4834 train_acc=nan train_loss=nan val_acc=nan val_loss=nan best=-1.0000
[step 0050/150] method=baseline_avg loss=0.3621 train_acc=0.7730 train_loss=0.5196 val_acc=0.6858 val_loss=0.6870 router_H=0.4868 best=0.6858
           router_load=[0.08671623468399048, 0.001525787403807044, 0.7729825377464294, 0.13877549767494202]
[step 0060/150] method=baseline_avg loss=0.3633 train_acc=0.7730 train_loss=0.5196 val_acc=0.6858 val_loss=0.6870 router_H=0.4868 best=0.6858
           router_load=[0.08671623468399048, 0.001525787403807044, 0.7729825377464294, 0.13877549767494202]
[step 0070/150] method=baseline_avg loss=0.5100 train_acc=0.7730 train_loss=0.5196 val_acc=0.6858 val_loss=0.6870 router_H=0.4868 best=0.6858
           router_load=[0.08671623468399048, 0.001525787403807044, 0.7729825377464294, 0.13877549767494202]
[step 0080/150] method=baseline_avg loss=0.4858 train_acc=0.7730 train_loss=0.5196 val_acc=0.6858 val_loss=0.6870 router_H=0.4868 best=0.6858
           router_load=[0.08671623468399048, 0.001525787403807044, 0.7729825377464294, 0.13877549767494202]
[step 0090/150] method=baseline_avg loss=0.3015 train_acc=0.7730 train_loss=0.5196 val_acc=0.6858 val_loss=0.6870 router_H=0.4868 best=0.6858
           router_load=[0.08671623468399048, 0.001525787403807044, 0.7729825377464294, 0.13877549767494202]
[step 0100/150] method=baseline_avg loss=0.3037 train_acc=0.8558 train_loss=0.3682 val_acc=0.8154 val_loss=0.4726 router_H=0.4065 best=0.8154
           router_load=[0.014434940181672573, 0.0004964874242432415, 0.7792122960090637, 0.20585620403289795]
[step 0110/150] method=baseline_avg loss=0.3159 train_acc=0.8558 train_loss=0.3682 val_acc=0.8154 val_loss=0.4726 router_H=0.4065 best=0.8154
           router_load=[0.014434940181672573, 0.0004964874242432415, 0.7792122960090637, 0.20585620403289795]
[step 0120/150] method=baseline_avg loss=0.3688 train_acc=0.8558 train_loss=0.3682 val_acc=0.8154 val_loss=0.4726 router_H=0.4065 best=0.8154
           router_load=[0.014434940181672573, 0.0004964874242432415, 0.7792122960090637, 0.20585620403289795]
[step 0130/150] method=baseline_avg loss=0.4059 train_acc=0.8558 train_loss=0.3682 val_acc=0.8154 val_loss=0.4726 router_H=0.4065 best=0.8154
           router_load=[0.014434940181672573, 0.0004964874242432415, 0.7792122960090637, 0.20585620403289795]
[step 0140/150] method=baseline_avg loss=0.3885 train_acc=0.8558 train_loss=0.3682 val_acc=0.8154 val_loss=0.4726 router_H=0.4065 best=0.8154
           router_load=[0.014434940181672573, 0.0004964874242432415, 0.7792122960090637, 0.20585620403289795]
[step 0150/150] method=baseline_avg loss=0.4505 train_acc=0.9106 train_loss=0.2524 val_acc=0.9071 val_loss=0.2361 router_H=0.4237 best=0.9071
           router_load=[0.003291690954938531, 0.001243048463948071, 0.6894935369491577, 0.305971622467041]
saved summary -> /home/zhujjing/MOE-grad-conflict-routing/runs/paper_suite/single_gpu/single_task/deberta_sst2_ffn_e4_k2_supplement/hpo/baseline/trial_runs/coord_03_train_grad_clip_017/baseline_s2.json
saved curve -> /home/zhujjing/MOE-grad-conflict-routing/runs/paper_suite/single_gpu/single_task/deberta_sst2_ffn_e4_k2_supplement/hpo/baseline/trial_runs/coord_03_train_grad_clip_017/baseline_s2_curve.csv
