[run] method=baseline candidate=coord_03_train_grad_clip_027 seed=2 steps=150 gpu=0
[run] cmd=
/home/zhujjing/anaconda3/envs/moe/bin/python /home/zhujjing/MOE-grad-conflict-routing/scripts/run.py --config configs/singletask_sst2_real.yaml --set model.backbone_backend=hf --set model.hf_load_pretrained=true --set model.hf_local_files_only=true --set model.backbone=deberta --set model.hf_pretrained_name=microsoft/deberta-v3-base --set model.expert_type=ffn --set model.routing_mode=topk --set model.num_experts=4 --set model.top_k=2 --set seed=2 --set method.name=baseline_avg --set train.steps=150 --set train.eval_every_steps=50 --set train.grad_clip=1.202092639 --set train.lr=1.263268742e-05 --set train.weight_decay=0.01 --out /home/zhujjing/MOE-grad-conflict-routing/runs/paper_suite/single_gpu/single_task/deberta_sst2_ffn_e4_k2_supplement/hpo/baseline/trial_runs/coord_03_train_grad_clip_027/baseline_s2.json --curve_out /home/zhujjing/MOE-grad-conflict-routing/runs/paper_suite/single_gpu/single_task/deberta_sst2_ffn_e4_k2_supplement/hpo/baseline/trial_runs/coord_03_train_grad_clip_027/baseline_s2_curve.csv
Using the latest cached version of the dataset since glue couldn't be found on the Hugging Face Hub (offline mode is enabled).
Found the latest cached dataset configuration 'sst2' at /home/zhujjing/hf_cache/datasets/glue/sst2/0.0.0/bcdcba79d07bc864c1c254ccfcedcce55bcc9a8c (last modified on Thu Mar 19 15:01:41 2026).
/home/zhujjing/anaconda3/envs/moe/lib/python3.10/site-packages/transformers/utils/hub.py:124: FutureWarning: Using `TRANSFORMERS_CACHE` is deprecated and will be removed in v5 of Transformers. Use `HF_HOME` instead.
  warnings.warn(
/home/zhujjing/anaconda3/envs/moe/lib/python3.10/site-packages/transformers/convert_slow_tokenizer.py:560: UserWarning: The sentencepiece tokenizer that you are converting to a fast tokenizer uses the byte fallback option which is not implemented in the fast tokenizers. In practice this means that the fast version of the tokenizer can produce unknown tokens whereas the sentencepiece version would have converted these unknown tokens into a sequence of byte tokens matching the original piece of text.
  warnings.warn(
[step 0001/150] method=baseline_avg loss=0.7015 train_acc=nan train_loss=nan val_acc=nan val_loss=nan best=-1.0000
[step 0010/150] method=baseline_avg loss=0.7225 train_acc=nan train_loss=nan val_acc=nan val_loss=nan best=-1.0000
[step 0020/150] method=baseline_avg loss=0.6267 train_acc=nan train_loss=nan val_acc=nan val_loss=nan best=-1.0000
[step 0030/150] method=baseline_avg loss=0.5395 train_acc=nan train_loss=nan val_acc=nan val_loss=nan best=-1.0000
[step 0040/150] method=baseline_avg loss=0.4775 train_acc=nan train_loss=nan val_acc=nan val_loss=nan best=-1.0000
[step 0050/150] method=baseline_avg loss=0.3140 train_acc=0.7887 train_loss=0.4725 val_acc=0.7064 val_loss=0.5972 router_H=0.6550 best=0.7064
           router_load=[0.31340375542640686, 0.0173967108130455, 0.163688525557518, 0.5055109262466431]
[step 0060/150] method=baseline_avg loss=0.2091 train_acc=0.7887 train_loss=0.4725 val_acc=0.7064 val_loss=0.5972 router_H=0.6550 best=0.7064
           router_load=[0.31340375542640686, 0.0173967108130455, 0.163688525557518, 0.5055109262466431]
[step 0070/150] method=baseline_avg loss=0.4947 train_acc=0.7887 train_loss=0.4725 val_acc=0.7064 val_loss=0.5972 router_H=0.6550 best=0.7064
           router_load=[0.31340375542640686, 0.0173967108130455, 0.163688525557518, 0.5055109262466431]
[step 0080/150] method=baseline_avg loss=0.4900 train_acc=0.7887 train_loss=0.4725 val_acc=0.7064 val_loss=0.5972 router_H=0.6550 best=0.7064
           router_load=[0.31340375542640686, 0.0173967108130455, 0.163688525557518, 0.5055109262466431]
[step 0090/150] method=baseline_avg loss=0.3614 train_acc=0.7887 train_loss=0.4725 val_acc=0.7064 val_loss=0.5972 router_H=0.6550 best=0.7064
           router_load=[0.31340375542640686, 0.0173967108130455, 0.163688525557518, 0.5055109262466431]
[step 0100/150] method=baseline_avg loss=0.1972 train_acc=0.8854 train_loss=0.3113 val_acc=0.8693 val_loss=0.3544 router_H=0.5324 best=0.8693
           router_load=[0.5376760363578796, 0.045663781464099884, 0.015505868010222912, 0.40115436911582947]
[step 0110/150] method=baseline_avg loss=0.2590 train_acc=0.8854 train_loss=0.3113 val_acc=0.8693 val_loss=0.3544 router_H=0.5324 best=0.8693
           router_load=[0.5376760363578796, 0.045663781464099884, 0.015505868010222912, 0.40115436911582947]
[step 0120/150] method=baseline_avg loss=0.6038 train_acc=0.8854 train_loss=0.3113 val_acc=0.8693 val_loss=0.3544 router_H=0.5324 best=0.8693
           router_load=[0.5376760363578796, 0.045663781464099884, 0.015505868010222912, 0.40115436911582947]
[step 0130/150] method=baseline_avg loss=0.2599 train_acc=0.8854 train_loss=0.3113 val_acc=0.8693 val_loss=0.3544 router_H=0.5324 best=0.8693
           router_load=[0.5376760363578796, 0.045663781464099884, 0.015505868010222912, 0.40115436911582947]
[step 0140/150] method=baseline_avg loss=0.4561 train_acc=0.8854 train_loss=0.3113 val_acc=0.8693 val_loss=0.3544 router_H=0.5324 best=0.8693
           router_load=[0.5376760363578796, 0.045663781464099884, 0.015505868010222912, 0.40115436911582947]
[step 0150/150] method=baseline_avg loss=0.5406 train_acc=0.9013 train_loss=0.2946 val_acc=0.8807 val_loss=0.3309 router_H=0.4922 best=0.8807
           router_load=[0.4112124741077423, 0.05719254910945892, 0.07009614259004593, 0.4614987075328827]
saved summary -> /home/zhujjing/MOE-grad-conflict-routing/runs/paper_suite/single_gpu/single_task/deberta_sst2_ffn_e4_k2_supplement/hpo/baseline/trial_runs/coord_03_train_grad_clip_027/baseline_s2.json
saved curve -> /home/zhujjing/MOE-grad-conflict-routing/runs/paper_suite/single_gpu/single_task/deberta_sst2_ffn_e4_k2_supplement/hpo/baseline/trial_runs/coord_03_train_grad_clip_027/baseline_s2_curve.csv
