[run] method=baseline candidate=coord_03_train_grad_clip_002 seed=3 steps=150 gpu=0
[run] cmd=
/home/zhujjing/anaconda3/envs/moe/bin/python /home/zhujjing/MOE-grad-conflict-routing/scripts/run.py --config configs/singletask_sst2_real.yaml --set model.backbone_backend=hf --set model.hf_load_pretrained=true --set model.hf_local_files_only=true --set model.backbone=deberta --set model.hf_pretrained_name=microsoft/deberta-v3-base --set model.expert_type=ffn --set model.routing_mode=topk --set model.num_experts=4 --set model.top_k=2 --set seed=3 --set method.name=baseline_avg --set train.steps=150 --set train.eval_every_steps=50 --set train.grad_clip=0.5277354059 --set train.lr=1.263268742e-05 --set train.weight_decay=0.01 --out /home/zhujjing/MOE-grad-conflict-routing/runs/paper_suite/single_gpu/single_task/deberta_sst2_ffn_e4_k2_supplement/hpo/baseline/trial_runs/coord_03_train_grad_clip_002/baseline_s3.json --curve_out /home/zhujjing/MOE-grad-conflict-routing/runs/paper_suite/single_gpu/single_task/deberta_sst2_ffn_e4_k2_supplement/hpo/baseline/trial_runs/coord_03_train_grad_clip_002/baseline_s3_curve.csv
Using the latest cached version of the dataset since glue couldn't be found on the Hugging Face Hub (offline mode is enabled).
Found the latest cached dataset configuration 'sst2' at /home/zhujjing/hf_cache/datasets/glue/sst2/0.0.0/bcdcba79d07bc864c1c254ccfcedcce55bcc9a8c (last modified on Thu Mar 19 15:01:41 2026).
/home/zhujjing/anaconda3/envs/moe/lib/python3.10/site-packages/transformers/utils/hub.py:124: FutureWarning: Using `TRANSFORMERS_CACHE` is deprecated and will be removed in v5 of Transformers. Use `HF_HOME` instead.
  warnings.warn(
/home/zhujjing/anaconda3/envs/moe/lib/python3.10/site-packages/transformers/convert_slow_tokenizer.py:560: UserWarning: The sentencepiece tokenizer that you are converting to a fast tokenizer uses the byte fallback option which is not implemented in the fast tokenizers. In practice this means that the fast version of the tokenizer can produce unknown tokens whereas the sentencepiece version would have converted these unknown tokens into a sequence of byte tokens matching the original piece of text.
  warnings.warn(
[step 0001/150] method=baseline_avg loss=0.6556 train_acc=nan train_loss=nan val_acc=nan val_loss=nan best=-1.0000
[step 0010/150] method=baseline_avg loss=0.6346 train_acc=nan train_loss=nan val_acc=nan val_loss=nan best=-1.0000
[step 0020/150] method=baseline_avg loss=0.6044 train_acc=nan train_loss=nan val_acc=nan val_loss=nan best=-1.0000
[step 0030/150] method=baseline_avg loss=0.6461 train_acc=nan train_loss=nan val_acc=nan val_loss=nan best=-1.0000
[step 0040/150] method=baseline_avg loss=0.5822 train_acc=nan train_loss=nan val_acc=nan val_loss=nan best=-1.0000
[step 0050/150] method=baseline_avg loss=0.6128 train_acc=0.8514 train_loss=0.4105 val_acc=0.8635 val_loss=0.3877 router_H=0.5675 best=0.8635
           router_load=[0.5971560478210449, 0.37742215394973755, 0.024163618683815002, 0.0012582311173900962]
[step 0060/150] method=baseline_avg loss=0.5490 train_acc=0.8514 train_loss=0.4105 val_acc=0.8635 val_loss=0.3877 router_H=0.5675 best=0.8635
           router_load=[0.5971560478210449, 0.37742215394973755, 0.024163618683815002, 0.0012582311173900962]
[step 0070/150] method=baseline_avg loss=0.2606 train_acc=0.8514 train_loss=0.4105 val_acc=0.8635 val_loss=0.3877 router_H=0.5675 best=0.8635
           router_load=[0.5971560478210449, 0.37742215394973755, 0.024163618683815002, 0.0012582311173900962]
[step 0080/150] method=baseline_avg loss=0.1750 train_acc=0.8514 train_loss=0.4105 val_acc=0.8635 val_loss=0.3877 router_H=0.5675 best=0.8635
           router_load=[0.5971560478210449, 0.37742215394973755, 0.024163618683815002, 0.0012582311173900962]
[step 0090/150] method=baseline_avg loss=0.0777 train_acc=0.8514 train_loss=0.4105 val_acc=0.8635 val_loss=0.3877 router_H=0.5675 best=0.8635
           router_load=[0.5971560478210449, 0.37742215394973755, 0.024163618683815002, 0.0012582311173900962]
[step 0100/150] method=baseline_avg loss=0.1422 train_acc=0.9020 train_loss=0.2858 val_acc=0.8968 val_loss=0.2837 router_H=0.3813 best=0.8968
           router_load=[0.5460434556007385, 0.43409964442253113, 0.018217040225863457, 0.0016398414736613631]
[step 0110/150] method=baseline_avg loss=0.3984 train_acc=0.9020 train_loss=0.2858 val_acc=0.8968 val_loss=0.2837 router_H=0.3813 best=0.8968
           router_load=[0.5460434556007385, 0.43409964442253113, 0.018217040225863457, 0.0016398414736613631]
[step 0120/150] method=baseline_avg loss=0.4710 train_acc=0.9020 train_loss=0.2858 val_acc=0.8968 val_loss=0.2837 router_H=0.3813 best=0.8968
           router_load=[0.5460434556007385, 0.43409964442253113, 0.018217040225863457, 0.0016398414736613631]
[step 0130/150] method=baseline_avg loss=0.2267 train_acc=0.9020 train_loss=0.2858 val_acc=0.8968 val_loss=0.2837 router_H=0.3813 best=0.8968
           router_load=[0.5460434556007385, 0.43409964442253113, 0.018217040225863457, 0.0016398414736613631]
[step 0140/150] method=baseline_avg loss=0.2849 train_acc=0.9020 train_loss=0.2858 val_acc=0.8968 val_loss=0.2837 router_H=0.3813 best=0.8968
           router_load=[0.5460434556007385, 0.43409964442253113, 0.018217040225863457, 0.0016398414736613631]
[step 0150/150] method=baseline_avg loss=0.2719 train_acc=0.9152 train_loss=0.2366 val_acc=0.9232 val_loss=0.2278 router_H=0.3857 best=0.9232
           router_load=[0.4791884422302246, 0.5139443278312683, 0.006116637960076332, 0.0007505373796448112]
saved summary -> /home/zhujjing/MOE-grad-conflict-routing/runs/paper_suite/single_gpu/single_task/deberta_sst2_ffn_e4_k2_supplement/hpo/baseline/trial_runs/coord_03_train_grad_clip_002/baseline_s3.json
saved curve -> /home/zhujjing/MOE-grad-conflict-routing/runs/paper_suite/single_gpu/single_task/deberta_sst2_ffn_e4_k2_supplement/hpo/baseline/trial_runs/coord_03_train_grad_clip_002/baseline_s3_curve.csv
