[run] method=baseline candidate=coord_03_train_grad_clip_007 seed=2 steps=150 gpu=0
[run] cmd=
/home/zhujjing/anaconda3/envs/moe/bin/python /home/zhujjing/MOE-grad-conflict-routing/scripts/run.py --config configs/singletask_sst2_real.yaml --set model.backbone_backend=hf --set model.hf_load_pretrained=true --set model.hf_local_files_only=true --set model.backbone=deberta --set model.hf_pretrained_name=microsoft/deberta-v3-base --set model.expert_type=ffn --set model.routing_mode=topk --set model.num_experts=4 --set model.top_k=2 --set seed=2 --set method.name=baseline_avg --set train.steps=150 --set train.eval_every_steps=50 --set train.grad_clip=0.6972133521 --set train.lr=1.263268742e-05 --set train.weight_decay=0.01 --out /home/zhujjing/MOE-grad-conflict-routing/runs/paper_suite/single_gpu/single_task/deberta_sst2_ffn_e4_k2_supplement/hpo/baseline/trial_runs/coord_03_train_grad_clip_007/baseline_s2.json --curve_out /home/zhujjing/MOE-grad-conflict-routing/runs/paper_suite/single_gpu/single_task/deberta_sst2_ffn_e4_k2_supplement/hpo/baseline/trial_runs/coord_03_train_grad_clip_007/baseline_s2_curve.csv
Using the latest cached version of the dataset since glue couldn't be found on the Hugging Face Hub (offline mode is enabled).
Found the latest cached dataset configuration 'sst2' at /home/zhujjing/hf_cache/datasets/glue/sst2/0.0.0/bcdcba79d07bc864c1c254ccfcedcce55bcc9a8c (last modified on Thu Mar 19 15:01:41 2026).
/home/zhujjing/anaconda3/envs/moe/lib/python3.10/site-packages/transformers/utils/hub.py:124: FutureWarning: Using `TRANSFORMERS_CACHE` is deprecated and will be removed in v5 of Transformers. Use `HF_HOME` instead.
  warnings.warn(
/home/zhujjing/anaconda3/envs/moe/lib/python3.10/site-packages/transformers/convert_slow_tokenizer.py:560: UserWarning: The sentencepiece tokenizer that you are converting to a fast tokenizer uses the byte fallback option which is not implemented in the fast tokenizers. In practice this means that the fast version of the tokenizer can produce unknown tokens whereas the sentencepiece version would have converted these unknown tokens into a sequence of byte tokens matching the original piece of text.
  warnings.warn(
[step 0001/150] method=baseline_avg loss=0.6970 train_acc=nan train_loss=nan val_acc=nan val_loss=nan best=-1.0000
[step 0010/150] method=baseline_avg loss=0.6927 train_acc=nan train_loss=nan val_acc=nan val_loss=nan best=-1.0000
[step 0020/150] method=baseline_avg loss=0.6612 train_acc=nan train_loss=nan val_acc=nan val_loss=nan best=-1.0000
[step 0030/150] method=baseline_avg loss=0.5641 train_acc=nan train_loss=nan val_acc=nan val_loss=nan best=-1.0000
[step 0040/150] method=baseline_avg loss=0.4536 train_acc=nan train_loss=nan val_acc=nan val_loss=nan best=-1.0000
[step 0050/150] method=baseline_avg loss=0.2717 train_acc=0.7963 train_loss=0.4760 val_acc=0.7053 val_loss=0.6157 router_H=0.4610 best=0.7053
           router_load=[0.031040266156196594, 0.2165905088186264, 0.7338470816612244, 0.01852189563214779]
[step 0060/150] method=baseline_avg loss=0.2694 train_acc=0.7963 train_loss=0.4760 val_acc=0.7053 val_loss=0.6157 router_H=0.4610 best=0.7053
           router_load=[0.031040266156196594, 0.2165905088186264, 0.7338470816612244, 0.01852189563214779]
[step 0070/150] method=baseline_avg loss=0.7562 train_acc=0.7963 train_loss=0.4760 val_acc=0.7053 val_loss=0.6157 router_H=0.4610 best=0.7053
           router_load=[0.031040266156196594, 0.2165905088186264, 0.7338470816612244, 0.01852189563214779]
[step 0080/150] method=baseline_avg loss=0.4088 train_acc=0.7963 train_loss=0.4760 val_acc=0.7053 val_loss=0.6157 router_H=0.4610 best=0.7053
           router_load=[0.031040266156196594, 0.2165905088186264, 0.7338470816612244, 0.01852189563214779]
[step 0090/150] method=baseline_avg loss=0.2714 train_acc=0.7963 train_loss=0.4760 val_acc=0.7053 val_loss=0.6157 router_H=0.4610 best=0.7053
           router_load=[0.031040266156196594, 0.2165905088186264, 0.7338470816612244, 0.01852189563214779]
[step 0100/150] method=baseline_avg loss=0.2460 train_acc=0.8912 train_loss=0.3157 val_acc=0.8647 val_loss=0.3865 router_H=0.3565 best=0.8647
           router_load=[0.014694550074636936, 0.37489762902259827, 0.6031767725944519, 0.007231098599731922]
[step 0110/150] method=baseline_avg loss=0.3326 train_acc=0.8912 train_loss=0.3157 val_acc=0.8647 val_loss=0.3865 router_H=0.3565 best=0.8647
           router_load=[0.014694550074636936, 0.37489762902259827, 0.6031767725944519, 0.007231098599731922]
[step 0120/150] method=baseline_avg loss=0.5594 train_acc=0.8912 train_loss=0.3157 val_acc=0.8647 val_loss=0.3865 router_H=0.3565 best=0.8647
           router_load=[0.014694550074636936, 0.37489762902259827, 0.6031767725944519, 0.007231098599731922]
[step 0130/150] method=baseline_avg loss=0.6762 train_acc=0.8912 train_loss=0.3157 val_acc=0.8647 val_loss=0.3865 router_H=0.3565 best=0.8647
           router_load=[0.014694550074636936, 0.37489762902259827, 0.6031767725944519, 0.007231098599731922]
[step 0140/150] method=baseline_avg loss=0.3502 train_acc=0.8912 train_loss=0.3157 val_acc=0.8647 val_loss=0.3865 router_H=0.3565 best=0.8647
           router_load=[0.014694550074636936, 0.37489762902259827, 0.6031767725944519, 0.007231098599731922]
[step 0150/150] method=baseline_avg loss=0.3154 train_acc=0.9219 train_loss=0.2490 val_acc=0.9128 val_loss=0.2561 router_H=0.3584 best=0.9128
           router_load=[0.012286558747291565, 0.4027586877346039, 0.5812579393386841, 0.003696840489283204]
saved summary -> /home/zhujjing/MOE-grad-conflict-routing/runs/paper_suite/single_gpu/single_task/deberta_sst2_ffn_e4_k2_supplement/hpo/baseline/trial_runs/coord_03_train_grad_clip_007/baseline_s2.json
saved curve -> /home/zhujjing/MOE-grad-conflict-routing/runs/paper_suite/single_gpu/single_task/deberta_sst2_ffn_e4_k2_supplement/hpo/baseline/trial_runs/coord_03_train_grad_clip_007/baseline_s2_curve.csv
