[run] method=baseline candidate=coord_03_train_grad_clip_003 seed=3 steps=200 gpu=0
[run] cmd=
/root/miniconda3/envs/optimization/bin/python /root/Optimization/MOE-grad-conflict-routing/scripts/run.py --config configs/multitask_glue4_real.yaml --set model.backbone_backend=hf --set model.hf_load_pretrained=true --set model.hf_local_files_only=true --set model.backbone=roberta --set model.hf_pretrained_name=roberta-base --set model.routing_mode=topk --set model.expert_type=lora --set model.num_experts=6 --set model.top_k=3 --set train.eval_train_fraction=0.10 --set train.eval_train_max_batches=-1 --set train.eval_max_batches=-1 --set seed=3 --set method.name=baseline_avg --set train.steps=200 --set train.eval_every_steps=100 --set train.grad_clip=0.8690175238 --set train.lr=4.073235309e-05 --set train.weight_decay=0.006765903978 --out /root/Optimization/MOE-grad-conflict-routing/runs/paper_suite_supplement/appendix/more_expert/glue4_roberta_lora_e6_k3/hpo/baseline/trial_runs/coord_03_train_grad_clip_003/baseline_s3.json --curve_out /root/Optimization/MOE-grad-conflict-routing/runs/paper_suite_supplement/appendix/more_expert/glue4_roberta_lora_e6_k3/hpo/baseline/trial_runs/coord_03_train_grad_clip_003/baseline_s3_curve.csv
Using the latest cached version of the dataset since glue couldn't be found on the Hugging Face Hub (offline mode is enabled).
Found the latest cached dataset configuration 'rte' at /root/.cache/huggingface/datasets/glue/rte/0.0.0/bcdcba79d07bc864c1c254ccfcedcce55bcc9a8c (last modified on Thu Mar 26 19:09:12 2026).
Using the latest cached version of the dataset since glue couldn't be found on the Hugging Face Hub (offline mode is enabled).
Found the latest cached dataset configuration 'mrpc' at /root/.cache/huggingface/datasets/glue/mrpc/0.0.0/bcdcba79d07bc864c1c254ccfcedcce55bcc9a8c (last modified on Thu Mar 26 20:11:06 2026).
Using the latest cached version of the dataset since glue couldn't be found on the Hugging Face Hub (offline mode is enabled).
Found the latest cached dataset configuration 'sst2' at /root/.cache/huggingface/datasets/glue/sst2/0.0.0/bcdcba79d07bc864c1c254ccfcedcce55bcc9a8c (last modified on Fri Mar 27 01:56:24 2026).
Using the latest cached version of the dataset since glue couldn't be found on the Hugging Face Hub (offline mode is enabled).
Found the latest cached dataset configuration 'cola' at /root/.cache/huggingface/datasets/glue/cola/0.0.0/bcdcba79d07bc864c1c254ccfcedcce55bcc9a8c (last modified on Thu Mar 26 23:46:11 2026).
Loading weights:   0%|          | 0/197 [00:00<?, ?it/s]Loading weights: 100%|██████████| 197/197 [00:00<00:00, 5793.12it/s]
[1mRobertaModel LOAD REPORT[0m from: roberta-base
Key                             | Status     | 
--------------------------------+------------+-
roberta.embeddings.position_ids | UNEXPECTED | 
lm_head.dense.bias              | UNEXPECTED | 
lm_head.dense.weight            | UNEXPECTED | 
lm_head.bias                    | UNEXPECTED | 
lm_head.layer_norm.bias         | UNEXPECTED | 
lm_head.layer_norm.weight       | UNEXPECTED | 
pooler.dense.weight             | MISSING    | 
pooler.dense.bias               | MISSING    | 

[3mNotes:
- UNEXPECTED[3m	:can be ignored when loading from different task/architecture; not ok if you expect identical arch.
- MISSING[3m	:those params were newly initialized because missing from the checkpoint. Consider training on your downstream task.[0m
[step 0001/200] method=baseline_avg loss=0.6576 train_acc=nan train_loss=nan val_acc=nan val_loss=nan best=-1.0000
[step 0010/200] method=baseline_avg loss=0.6362 train_acc=nan train_loss=nan val_acc=nan val_loss=nan best=-1.0000
[step 0020/200] method=baseline_avg loss=0.6799 train_acc=nan train_loss=nan val_acc=nan val_loss=nan best=-1.0000
[step 0030/200] method=baseline_avg loss=0.6321 train_acc=nan train_loss=nan val_acc=nan val_loss=nan best=-1.0000
[step 0040/200] method=baseline_avg loss=0.5294 train_acc=nan train_loss=nan val_acc=nan val_loss=nan best=-1.0000
[step 0050/200] method=baseline_avg loss=0.5989 train_acc=nan train_loss=nan val_acc=nan val_loss=nan best=-1.0000
[step 0060/200] method=baseline_avg loss=0.5360 train_acc=nan train_loss=nan val_acc=nan val_loss=nan best=-1.0000
[step 0070/200] method=baseline_avg loss=0.5309 train_acc=nan train_loss=nan val_acc=nan val_loss=nan best=-1.0000
[step 0080/200] method=baseline_avg loss=0.5117 train_acc=nan train_loss=nan val_acc=nan val_loss=nan best=-1.0000
[step 0090/200] method=baseline_avg loss=0.5304 train_acc=nan train_loss=nan val_acc=nan val_loss=nan best=-1.0000
[step 0100/200] method=baseline_avg loss=0.5532 train_acc=0.7686 train_loss=0.4612 val_acc=0.7480 val_loss=0.4753 router_H=1.0910 best=0.7480
           router_load=[0.004852280952036381, 0.00524222431704402, 0.2975415587425232, 0.32750242948532104, 0.012716125696897507, 0.3521454930305481]
[step 0110/200] method=baseline_avg loss=0.5163 train_acc=0.7686 train_loss=0.4612 val_acc=0.7480 val_loss=0.4753 router_H=1.0910 best=0.7480
           router_load=[0.004852280952036381, 0.00524222431704402, 0.2975415587425232, 0.32750242948532104, 0.012716125696897507, 0.3521454930305481]
[step 0120/200] method=baseline_avg loss=0.4629 train_acc=0.7686 train_loss=0.4612 val_acc=0.7480 val_loss=0.4753 router_H=1.0910 best=0.7480
           router_load=[0.004852280952036381, 0.00524222431704402, 0.2975415587425232, 0.32750242948532104, 0.012716125696897507, 0.3521454930305481]
[step 0130/200] method=baseline_avg loss=0.5478 train_acc=0.7686 train_loss=0.4612 val_acc=0.7480 val_loss=0.4753 router_H=1.0910 best=0.7480
           router_load=[0.004852280952036381, 0.00524222431704402, 0.2975415587425232, 0.32750242948532104, 0.012716125696897507, 0.3521454930305481]
[step 0140/200] method=baseline_avg loss=0.3630 train_acc=0.7686 train_loss=0.4612 val_acc=0.7480 val_loss=0.4753 router_H=1.0910 best=0.7480
           router_load=[0.004852280952036381, 0.00524222431704402, 0.2975415587425232, 0.32750242948532104, 0.012716125696897507, 0.3521454930305481]
[step 0150/200] method=baseline_avg loss=0.5131 train_acc=0.7686 train_loss=0.4612 val_acc=0.7480 val_loss=0.4753 router_H=1.0910 best=0.7480
           router_load=[0.004852280952036381, 0.00524222431704402, 0.2975415587425232, 0.32750242948532104, 0.012716125696897507, 0.3521454930305481]
[step 0160/200] method=baseline_avg loss=0.4898 train_acc=0.7686 train_loss=0.4612 val_acc=0.7480 val_loss=0.4753 router_H=1.0910 best=0.7480
           router_load=[0.004852280952036381, 0.00524222431704402, 0.2975415587425232, 0.32750242948532104, 0.012716125696897507, 0.3521454930305481]
[step 0170/200] method=baseline_avg loss=0.3953 train_acc=0.7686 train_loss=0.4612 val_acc=0.7480 val_loss=0.4753 router_H=1.0910 best=0.7480
           router_load=[0.004852280952036381, 0.00524222431704402, 0.2975415587425232, 0.32750242948532104, 0.012716125696897507, 0.3521454930305481]
[step 0180/200] method=baseline_avg loss=0.3713 train_acc=0.7686 train_loss=0.4612 val_acc=0.7480 val_loss=0.4753 router_H=1.0910 best=0.7480
           router_load=[0.004852280952036381, 0.00524222431704402, 0.2975415587425232, 0.32750242948532104, 0.012716125696897507, 0.3521454930305481]
[step 0190/200] method=baseline_avg loss=0.3991 train_acc=0.7686 train_loss=0.4612 val_acc=0.7480 val_loss=0.4753 router_H=1.0910 best=0.7480
           router_load=[0.004852280952036381, 0.00524222431704402, 0.2975415587425232, 0.32750242948532104, 0.012716125696897507, 0.3521454930305481]
[step 0200/200] method=baseline_avg loss=0.4035 train_acc=0.8348 train_loss=0.4107 val_acc=0.7808 val_loss=0.5429 router_H=1.0840 best=0.7808
           router_load=[0.0020387526601552963, 0.032834406942129135, 0.27748414874076843, 0.32398831844329834, 0.0022479600738734007, 0.361406534910202]
saved summary -> /root/Optimization/MOE-grad-conflict-routing/runs/paper_suite_supplement/appendix/more_expert/glue4_roberta_lora_e6_k3/hpo/baseline/trial_runs/coord_03_train_grad_clip_003/baseline_s3.json
saved curve -> /root/Optimization/MOE-grad-conflict-routing/runs/paper_suite_supplement/appendix/more_expert/glue4_roberta_lora_e6_k3/hpo/baseline/trial_runs/coord_03_train_grad_clip_003/baseline_s3_curve.csv
