[run] method=baseline candidate=coord_03_train_grad_clip_030 seed=3 steps=150 gpu=0
[run] cmd=
/home/zhujjing/anaconda3/envs/moe/bin/python /home/zhujjing/MOE-grad-conflict-routing/scripts/run.py --config configs/singletask_sst2_real.yaml --set model.backbone_backend=hf --set model.hf_load_pretrained=true --set model.hf_local_files_only=true --set model.backbone=deberta --set model.hf_pretrained_name=microsoft/deberta-v3-base --set model.expert_type=lora --set model.routing_mode=topk --set model.num_experts=4 --set model.top_k=2 --set seed=3 --set method.name=baseline_avg --set train.steps=150 --set train.eval_every_steps=50 --set train.grad_clip=1.8410066 --set train.lr=3.07386945e-05 --set train.weight_decay=0.01 --out /home/zhujjing/MOE-grad-conflict-routing/runs/paper_suite/single_gpu/single_task/deberta_sst2_lora_e4_k2_supplement/hpo/baseline/trial_runs/coord_03_train_grad_clip_030/baseline_s3.json --curve_out /home/zhujjing/MOE-grad-conflict-routing/runs/paper_suite/single_gpu/single_task/deberta_sst2_lora_e4_k2_supplement/hpo/baseline/trial_runs/coord_03_train_grad_clip_030/baseline_s3_curve.csv
Using the latest cached version of the dataset since glue couldn't be found on the Hugging Face Hub (offline mode is enabled).
Found the latest cached dataset configuration 'sst2' at /home/zhujjing/hf_cache/datasets/glue/sst2/0.0.0/bcdcba79d07bc864c1c254ccfcedcce55bcc9a8c (last modified on Thu Mar 19 15:01:41 2026).
/home/zhujjing/anaconda3/envs/moe/lib/python3.10/site-packages/transformers/utils/hub.py:124: FutureWarning: Using `TRANSFORMERS_CACHE` is deprecated and will be removed in v5 of Transformers. Use `HF_HOME` instead.
  warnings.warn(
/home/zhujjing/anaconda3/envs/moe/lib/python3.10/site-packages/transformers/convert_slow_tokenizer.py:560: UserWarning: The sentencepiece tokenizer that you are converting to a fast tokenizer uses the byte fallback option which is not implemented in the fast tokenizers. In practice this means that the fast version of the tokenizer can produce unknown tokens whereas the sentencepiece version would have converted these unknown tokens into a sequence of byte tokens matching the original piece of text.
  warnings.warn(
[step 0001/150] method=baseline_avg loss=0.5794 train_acc=nan train_loss=nan val_acc=nan val_loss=nan best=-1.0000
[step 0010/150] method=baseline_avg loss=0.6184 train_acc=nan train_loss=nan val_acc=nan val_loss=nan best=-1.0000
[step 0020/150] method=baseline_avg loss=0.4124 train_acc=nan train_loss=nan val_acc=nan val_loss=nan best=-1.0000
[step 0030/150] method=baseline_avg loss=0.6878 train_acc=nan train_loss=nan val_acc=nan val_loss=nan best=-1.0000
[step 0040/150] method=baseline_avg loss=0.7855 train_acc=nan train_loss=nan val_acc=nan val_loss=nan best=-1.0000
[step 0050/150] method=baseline_avg loss=0.3596 train_acc=0.9001 train_loss=0.2799 val_acc=0.9060 val_loss=0.2606 router_H=0.6783 best=0.9060
           router_load=[0.004293184261769056, 0.24523711204528809, 0.56798255443573, 0.18248705565929413]
[step 0060/150] method=baseline_avg loss=0.3617 train_acc=0.9001 train_loss=0.2799 val_acc=0.9060 val_loss=0.2606 router_H=0.6783 best=0.9060
           router_load=[0.004293184261769056, 0.24523711204528809, 0.56798255443573, 0.18248705565929413]
[step 0070/150] method=baseline_avg loss=0.3472 train_acc=0.9001 train_loss=0.2799 val_acc=0.9060 val_loss=0.2606 router_H=0.6783 best=0.9060
           router_load=[0.004293184261769056, 0.24523711204528809, 0.56798255443573, 0.18248705565929413]
[step 0080/150] method=baseline_avg loss=0.1276 train_acc=0.9001 train_loss=0.2799 val_acc=0.9060 val_loss=0.2606 router_H=0.6783 best=0.9060
           router_load=[0.004293184261769056, 0.24523711204528809, 0.56798255443573, 0.18248705565929413]
[step 0090/150] method=baseline_avg loss=0.1916 train_acc=0.9001 train_loss=0.2799 val_acc=0.9060 val_loss=0.2606 router_H=0.6783 best=0.9060
           router_load=[0.004293184261769056, 0.24523711204528809, 0.56798255443573, 0.18248705565929413]
[step 0100/150] method=baseline_avg loss=0.2596 train_acc=0.9124 train_loss=0.2542 val_acc=0.9209 val_loss=0.2247 router_H=0.6703 best=0.9209
           router_load=[0.00318472133949399, 0.3178650736808777, 0.5867739319801331, 0.09217647463083267]
[step 0110/150] method=baseline_avg loss=0.4987 train_acc=0.9124 train_loss=0.2542 val_acc=0.9209 val_loss=0.2247 router_H=0.6703 best=0.9209
           router_load=[0.00318472133949399, 0.3178650736808777, 0.5867739319801331, 0.09217647463083267]
[step 0120/150] method=baseline_avg loss=0.3893 train_acc=0.9124 train_loss=0.2542 val_acc=0.9209 val_loss=0.2247 router_H=0.6703 best=0.9209
           router_load=[0.00318472133949399, 0.3178650736808777, 0.5867739319801331, 0.09217647463083267]
[step 0130/150] method=baseline_avg loss=0.2874 train_acc=0.9124 train_loss=0.2542 val_acc=0.9209 val_loss=0.2247 router_H=0.6703 best=0.9209
           router_load=[0.00318472133949399, 0.3178650736808777, 0.5867739319801331, 0.09217647463083267]
[step 0140/150] method=baseline_avg loss=0.2206 train_acc=0.9124 train_loss=0.2542 val_acc=0.9209 val_loss=0.2247 router_H=0.6703 best=0.9209
           router_load=[0.00318472133949399, 0.3178650736808777, 0.5867739319801331, 0.09217647463083267]
[step 0150/150] method=baseline_avg loss=0.1743 train_acc=0.9151 train_loss=0.2282 val_acc=0.9140 val_loss=0.2339 router_H=0.6793 best=0.9209
           router_load=[0.016465434804558754, 0.28653430938720703, 0.5234306454658508, 0.17356975376605988]
saved summary -> /home/zhujjing/MOE-grad-conflict-routing/runs/paper_suite/single_gpu/single_task/deberta_sst2_lora_e4_k2_supplement/hpo/baseline/trial_runs/coord_03_train_grad_clip_030/baseline_s3.json
saved curve -> /home/zhujjing/MOE-grad-conflict-routing/runs/paper_suite/single_gpu/single_task/deberta_sst2_lora_e4_k2_supplement/hpo/baseline/trial_runs/coord_03_train_grad_clip_030/baseline_s3_curve.csv
