[run] method=baseline candidate=coord_03_train_grad_clip_020 seed=2 steps=150 gpu=0
[run] cmd=
/home/zhujjing/anaconda3/envs/moe/bin/python /home/zhujjing/MOE-grad-conflict-routing/scripts/run.py --config configs/singletask_sst2_real.yaml --set model.backbone_backend=hf --set model.hf_load_pretrained=true --set model.hf_local_files_only=true --set model.backbone=deberta --set model.hf_pretrained_name=microsoft/deberta-v3-base --set model.expert_type=lora --set model.routing_mode=topk --set model.num_experts=4 --set model.top_k=2 --set seed=2 --set method.name=baseline_avg --set train.steps=150 --set train.eval_every_steps=50 --set train.grad_clip=1.451051031 --set train.lr=3.07386945e-05 --set train.weight_decay=0.01 --out /home/zhujjing/MOE-grad-conflict-routing/runs/paper_suite/single_gpu/single_task/deberta_sst2_lora_e4_k2_supplement/hpo/baseline/trial_runs/coord_03_train_grad_clip_020/baseline_s2.json --curve_out /home/zhujjing/MOE-grad-conflict-routing/runs/paper_suite/single_gpu/single_task/deberta_sst2_lora_e4_k2_supplement/hpo/baseline/trial_runs/coord_03_train_grad_clip_020/baseline_s2_curve.csv
Using the latest cached version of the dataset since glue couldn't be found on the Hugging Face Hub (offline mode is enabled).
Found the latest cached dataset configuration 'sst2' at /home/zhujjing/hf_cache/datasets/glue/sst2/0.0.0/bcdcba79d07bc864c1c254ccfcedcce55bcc9a8c (last modified on Thu Mar 19 15:01:41 2026).
/home/zhujjing/anaconda3/envs/moe/lib/python3.10/site-packages/transformers/utils/hub.py:124: FutureWarning: Using `TRANSFORMERS_CACHE` is deprecated and will be removed in v5 of Transformers. Use `HF_HOME` instead.
  warnings.warn(
/home/zhujjing/anaconda3/envs/moe/lib/python3.10/site-packages/transformers/convert_slow_tokenizer.py:560: UserWarning: The sentencepiece tokenizer that you are converting to a fast tokenizer uses the byte fallback option which is not implemented in the fast tokenizers. In practice this means that the fast version of the tokenizer can produce unknown tokens whereas the sentencepiece version would have converted these unknown tokens into a sequence of byte tokens matching the original piece of text.
  warnings.warn(
[step 0001/150] method=baseline_avg loss=0.6442 train_acc=nan train_loss=nan val_acc=nan val_loss=nan best=-1.0000
[step 0010/150] method=baseline_avg loss=0.6573 train_acc=nan train_loss=nan val_acc=nan val_loss=nan best=-1.0000
[step 0020/150] method=baseline_avg loss=0.4778 train_acc=nan train_loss=nan val_acc=nan val_loss=nan best=-1.0000
[step 0030/150] method=baseline_avg loss=0.3107 train_acc=nan train_loss=nan val_acc=nan val_loss=nan best=-1.0000
[step 0040/150] method=baseline_avg loss=0.4531 train_acc=nan train_loss=nan val_acc=nan val_loss=nan best=-1.0000
[step 0050/150] method=baseline_avg loss=0.3811 train_acc=0.8890 train_loss=0.3023 val_acc=0.8222 val_loss=0.3755 router_H=0.6487 best=0.8222
           router_load=[0.35457971692085266, 0.6329532861709595, 0.004506952594965696, 0.00796008761972189]
[step 0060/150] method=baseline_avg loss=0.1802 train_acc=0.8890 train_loss=0.3023 val_acc=0.8222 val_loss=0.3755 router_H=0.6487 best=0.8222
           router_load=[0.35457971692085266, 0.6329532861709595, 0.004506952594965696, 0.00796008761972189]
[step 0070/150] method=baseline_avg loss=0.4958 train_acc=0.8890 train_loss=0.3023 val_acc=0.8222 val_loss=0.3755 router_H=0.6487 best=0.8222
           router_load=[0.35457971692085266, 0.6329532861709595, 0.004506952594965696, 0.00796008761972189]
[step 0080/150] method=baseline_avg loss=0.4298 train_acc=0.8890 train_loss=0.3023 val_acc=0.8222 val_loss=0.3755 router_H=0.6487 best=0.8222
           router_load=[0.35457971692085266, 0.6329532861709595, 0.004506952594965696, 0.00796008761972189]
[step 0090/150] method=baseline_avg loss=0.1998 train_acc=0.8890 train_loss=0.3023 val_acc=0.8222 val_loss=0.3755 router_H=0.6487 best=0.8222
           router_load=[0.35457971692085266, 0.6329532861709595, 0.004506952594965696, 0.00796008761972189]
[step 0100/150] method=baseline_avg loss=0.2628 train_acc=0.8903 train_loss=0.3113 val_acc=0.8773 val_loss=0.3346 router_H=0.6628 best=0.8773
           router_load=[0.381551593542099, 0.5697746872901917, 0.030136073008179665, 0.018537648022174835]
[step 0110/150] method=baseline_avg loss=0.2322 train_acc=0.8903 train_loss=0.3113 val_acc=0.8773 val_loss=0.3346 router_H=0.6628 best=0.8773
           router_load=[0.381551593542099, 0.5697746872901917, 0.030136073008179665, 0.018537648022174835]
[step 0120/150] method=baseline_avg loss=0.2547 train_acc=0.8903 train_loss=0.3113 val_acc=0.8773 val_loss=0.3346 router_H=0.6628 best=0.8773
           router_load=[0.381551593542099, 0.5697746872901917, 0.030136073008179665, 0.018537648022174835]
[step 0130/150] method=baseline_avg loss=0.1820 train_acc=0.8903 train_loss=0.3113 val_acc=0.8773 val_loss=0.3346 router_H=0.6628 best=0.8773
           router_load=[0.381551593542099, 0.5697746872901917, 0.030136073008179665, 0.018537648022174835]
[step 0140/150] method=baseline_avg loss=0.4422 train_acc=0.8903 train_loss=0.3113 val_acc=0.8773 val_loss=0.3346 router_H=0.6628 best=0.8773
           router_load=[0.381551593542099, 0.5697746872901917, 0.030136073008179665, 0.018537648022174835]
[step 0150/150] method=baseline_avg loss=0.2625 train_acc=0.8955 train_loss=0.2443 val_acc=0.9060 val_loss=0.2420 router_H=0.6235 best=0.9060
           router_load=[0.230295792222023, 0.6431872844696045, 0.11332165449857712, 0.01319533959031105]
saved summary -> /home/zhujjing/MOE-grad-conflict-routing/runs/paper_suite/single_gpu/single_task/deberta_sst2_lora_e4_k2_supplement/hpo/baseline/trial_runs/coord_03_train_grad_clip_020/baseline_s2.json
saved curve -> /home/zhujjing/MOE-grad-conflict-routing/runs/paper_suite/single_gpu/single_task/deberta_sst2_lora_e4_k2_supplement/hpo/baseline/trial_runs/coord_03_train_grad_clip_020/baseline_s2_curve.csv
