[run] method=baseline candidate=coord_03_train_grad_clip_014 seed=2 steps=150 gpu=0
[run] cmd=
/home/zhujjing/anaconda3/envs/moe/bin/python /home/zhujjing/MOE-grad-conflict-routing/scripts/run.py --config configs/singletask_sst2_real.yaml --set model.backbone_backend=hf --set model.hf_load_pretrained=true --set model.hf_local_files_only=true --set model.backbone=deberta --set model.hf_pretrained_name=microsoft/deberta-v3-base --set model.expert_type=lora --set model.routing_mode=topk --set model.num_experts=4 --set model.top_k=2 --set seed=2 --set method.name=baseline_avg --set train.steps=150 --set train.eval_every_steps=50 --set train.grad_clip=1.883288229 --set train.lr=3.07386945e-05 --set train.weight_decay=0.01 --out /home/zhujjing/MOE-grad-conflict-routing/runs/paper_suite/single_gpu/single_task/deberta_sst2_lora_e4_k2_supplement/hpo/baseline/trial_runs/coord_03_train_grad_clip_014/baseline_s2.json --curve_out /home/zhujjing/MOE-grad-conflict-routing/runs/paper_suite/single_gpu/single_task/deberta_sst2_lora_e4_k2_supplement/hpo/baseline/trial_runs/coord_03_train_grad_clip_014/baseline_s2_curve.csv
Using the latest cached version of the dataset since glue couldn't be found on the Hugging Face Hub (offline mode is enabled).
Found the latest cached dataset configuration 'sst2' at /home/zhujjing/hf_cache/datasets/glue/sst2/0.0.0/bcdcba79d07bc864c1c254ccfcedcce55bcc9a8c (last modified on Thu Mar 19 15:01:41 2026).
/home/zhujjing/anaconda3/envs/moe/lib/python3.10/site-packages/transformers/utils/hub.py:124: FutureWarning: Using `TRANSFORMERS_CACHE` is deprecated and will be removed in v5 of Transformers. Use `HF_HOME` instead.
  warnings.warn(
/home/zhujjing/anaconda3/envs/moe/lib/python3.10/site-packages/transformers/convert_slow_tokenizer.py:560: UserWarning: The sentencepiece tokenizer that you are converting to a fast tokenizer uses the byte fallback option which is not implemented in the fast tokenizers. In practice this means that the fast version of the tokenizer can produce unknown tokens whereas the sentencepiece version would have converted these unknown tokens into a sequence of byte tokens matching the original piece of text.
  warnings.warn(
[step 0001/150] method=baseline_avg loss=0.5994 train_acc=nan train_loss=nan val_acc=nan val_loss=nan best=-1.0000
[step 0010/150] method=baseline_avg loss=0.6090 train_acc=nan train_loss=nan val_acc=nan val_loss=nan best=-1.0000
[step 0020/150] method=baseline_avg loss=0.3794 train_acc=nan train_loss=nan val_acc=nan val_loss=nan best=-1.0000
[step 0030/150] method=baseline_avg loss=0.4542 train_acc=nan train_loss=nan val_acc=nan val_loss=nan best=-1.0000
[step 0040/150] method=baseline_avg loss=0.0898 train_acc=nan train_loss=nan val_acc=nan val_loss=nan best=-1.0000
[step 0050/150] method=baseline_avg loss=0.0813 train_acc=0.8893 train_loss=0.3182 val_acc=0.8372 val_loss=0.4158 router_H=0.6803 best=0.8372
           router_load=[0.0004056114121340215, 0.41413602232933044, 0.4843539595603943, 0.10110437870025635]
[step 0060/150] method=baseline_avg loss=0.1749 train_acc=0.8893 train_loss=0.3182 val_acc=0.8372 val_loss=0.4158 router_H=0.6803 best=0.8372
           router_load=[0.0004056114121340215, 0.41413602232933044, 0.4843539595603943, 0.10110437870025635]
[step 0070/150] method=baseline_avg loss=0.5416 train_acc=0.8893 train_loss=0.3182 val_acc=0.8372 val_loss=0.4158 router_H=0.6803 best=0.8372
           router_load=[0.0004056114121340215, 0.41413602232933044, 0.4843539595603943, 0.10110437870025635]
[step 0080/150] method=baseline_avg loss=0.5020 train_acc=0.8893 train_loss=0.3182 val_acc=0.8372 val_loss=0.4158 router_H=0.6803 best=0.8372
           router_load=[0.0004056114121340215, 0.41413602232933044, 0.4843539595603943, 0.10110437870025635]
[step 0090/150] method=baseline_avg loss=0.2338 train_acc=0.8893 train_loss=0.3182 val_acc=0.8372 val_loss=0.4158 router_H=0.6803 best=0.8372
           router_load=[0.0004056114121340215, 0.41413602232933044, 0.4843539595603943, 0.10110437870025635]
[step 0100/150] method=baseline_avg loss=0.4013 train_acc=0.8915 train_loss=0.2970 val_acc=0.8532 val_loss=0.3742 router_H=0.6619 best=0.8532
           router_load=[0.004296815022826195, 0.41009196639060974, 0.4067463278770447, 0.17886479198932648]
[step 0110/150] method=baseline_avg loss=0.1569 train_acc=0.8915 train_loss=0.2970 val_acc=0.8532 val_loss=0.3742 router_H=0.6619 best=0.8532
           router_load=[0.004296815022826195, 0.41009196639060974, 0.4067463278770447, 0.17886479198932648]
[step 0120/150] method=baseline_avg loss=0.0871 train_acc=0.8915 train_loss=0.2970 val_acc=0.8532 val_loss=0.3742 router_H=0.6619 best=0.8532
           router_load=[0.004296815022826195, 0.41009196639060974, 0.4067463278770447, 0.17886479198932648]
[step 0130/150] method=baseline_avg loss=0.2528 train_acc=0.8915 train_loss=0.2970 val_acc=0.8532 val_loss=0.3742 router_H=0.6619 best=0.8532
           router_load=[0.004296815022826195, 0.41009196639060974, 0.4067463278770447, 0.17886479198932648]
[step 0140/150] method=baseline_avg loss=0.2379 train_acc=0.8915 train_loss=0.2970 val_acc=0.8532 val_loss=0.3742 router_H=0.6619 best=0.8532
           router_load=[0.004296815022826195, 0.41009196639060974, 0.4067463278770447, 0.17886479198932648]
[step 0150/150] method=baseline_avg loss=0.4317 train_acc=0.8956 train_loss=0.2533 val_acc=0.8979 val_loss=0.2759 router_H=0.6149 best=0.8979
           router_load=[0.001436836551874876, 0.4431353509426117, 0.25454479455947876, 0.300883024930954]
saved summary -> /home/zhujjing/MOE-grad-conflict-routing/runs/paper_suite/single_gpu/single_task/deberta_sst2_lora_e4_k2_supplement/hpo/baseline/trial_runs/coord_03_train_grad_clip_014/baseline_s2.json
saved curve -> /home/zhujjing/MOE-grad-conflict-routing/runs/paper_suite/single_gpu/single_task/deberta_sst2_lora_e4_k2_supplement/hpo/baseline/trial_runs/coord_03_train_grad_clip_014/baseline_s2_curve.csv
