[run] method=baseline candidate=coord_03_train_grad_clip_002 seed=2 steps=150 gpu=0
[run] cmd=
/home/zhujjing/anaconda3/envs/moe/bin/python /home/zhujjing/MOE-grad-conflict-routing/scripts/run.py --config configs/singletask_sst2_real.yaml --set model.backbone_backend=hf --set model.hf_load_pretrained=true --set model.hf_local_files_only=true --set model.backbone=deberta --set model.hf_pretrained_name=microsoft/deberta-v3-base --set model.expert_type=lora --set model.routing_mode=topk --set model.num_experts=4 --set model.top_k=2 --set seed=2 --set method.name=baseline_avg --set train.steps=150 --set train.eval_every_steps=50 --set train.grad_clip=0.5277354059 --set train.lr=3.07386945e-05 --set train.weight_decay=0.01 --out /home/zhujjing/MOE-grad-conflict-routing/runs/paper_suite/single_gpu/single_task/deberta_sst2_lora_e4_k2_supplement/hpo/baseline/trial_runs/coord_03_train_grad_clip_002/baseline_s2.json --curve_out /home/zhujjing/MOE-grad-conflict-routing/runs/paper_suite/single_gpu/single_task/deberta_sst2_lora_e4_k2_supplement/hpo/baseline/trial_runs/coord_03_train_grad_clip_002/baseline_s2_curve.csv
Using the latest cached version of the dataset since glue couldn't be found on the Hugging Face Hub (offline mode is enabled).
Found the latest cached dataset configuration 'sst2' at /home/zhujjing/hf_cache/datasets/glue/sst2/0.0.0/bcdcba79d07bc864c1c254ccfcedcce55bcc9a8c (last modified on Thu Mar 19 15:01:41 2026).
/home/zhujjing/anaconda3/envs/moe/lib/python3.10/site-packages/transformers/utils/hub.py:124: FutureWarning: Using `TRANSFORMERS_CACHE` is deprecated and will be removed in v5 of Transformers. Use `HF_HOME` instead.
  warnings.warn(
/home/zhujjing/anaconda3/envs/moe/lib/python3.10/site-packages/transformers/convert_slow_tokenizer.py:560: UserWarning: The sentencepiece tokenizer that you are converting to a fast tokenizer uses the byte fallback option which is not implemented in the fast tokenizers. In practice this means that the fast version of the tokenizer can produce unknown tokens whereas the sentencepiece version would have converted these unknown tokens into a sequence of byte tokens matching the original piece of text.
  warnings.warn(
[step 0001/150] method=baseline_avg loss=0.6037 train_acc=nan train_loss=nan val_acc=nan val_loss=nan best=-1.0000
[step 0010/150] method=baseline_avg loss=0.6203 train_acc=nan train_loss=nan val_acc=nan val_loss=nan best=-1.0000
[step 0020/150] method=baseline_avg loss=0.2539 train_acc=nan train_loss=nan val_acc=nan val_loss=nan best=-1.0000
[step 0030/150] method=baseline_avg loss=0.2312 train_acc=nan train_loss=nan val_acc=nan val_loss=nan best=-1.0000
[step 0040/150] method=baseline_avg loss=0.1560 train_acc=nan train_loss=nan val_acc=nan val_loss=nan best=-1.0000
[step 0050/150] method=baseline_avg loss=0.1682 train_acc=0.8861 train_loss=0.3193 val_acc=0.8532 val_loss=0.4089 router_H=0.6766 best=0.8532
           router_load=[0.023667389526963234, 0.4072408974170685, 0.33305099606513977, 0.23604080080986023]
[step 0060/150] method=baseline_avg loss=0.3078 train_acc=0.8861 train_loss=0.3193 val_acc=0.8532 val_loss=0.4089 router_H=0.6766 best=0.8532
           router_load=[0.023667389526963234, 0.4072408974170685, 0.33305099606513977, 0.23604080080986023]
[step 0070/150] method=baseline_avg loss=0.5473 train_acc=0.8861 train_loss=0.3193 val_acc=0.8532 val_loss=0.4089 router_H=0.6766 best=0.8532
           router_load=[0.023667389526963234, 0.4072408974170685, 0.33305099606513977, 0.23604080080986023]
[step 0080/150] method=baseline_avg loss=0.3592 train_acc=0.8861 train_loss=0.3193 val_acc=0.8532 val_loss=0.4089 router_H=0.6766 best=0.8532
           router_load=[0.023667389526963234, 0.4072408974170685, 0.33305099606513977, 0.23604080080986023]
[step 0090/150] method=baseline_avg loss=0.1210 train_acc=0.8861 train_loss=0.3193 val_acc=0.8532 val_loss=0.4089 router_H=0.6766 best=0.8532
           router_load=[0.023667389526963234, 0.4072408974170685, 0.33305099606513977, 0.23604080080986023]
[step 0100/150] method=baseline_avg loss=0.2779 train_acc=0.8943 train_loss=0.3509 val_acc=0.9014 val_loss=0.3564 router_H=0.6799 best=0.9014
           router_load=[0.005988609977066517, 0.44827017188072205, 0.31090787053108215, 0.23483318090438843]
[step 0110/150] method=baseline_avg loss=0.3562 train_acc=0.8943 train_loss=0.3509 val_acc=0.9014 val_loss=0.3564 router_H=0.6799 best=0.9014
           router_load=[0.005988609977066517, 0.44827017188072205, 0.31090787053108215, 0.23483318090438843]
[step 0120/150] method=baseline_avg loss=0.4426 train_acc=0.8943 train_loss=0.3509 val_acc=0.9014 val_loss=0.3564 router_H=0.6799 best=0.9014
           router_load=[0.005988609977066517, 0.44827017188072205, 0.31090787053108215, 0.23483318090438843]
[step 0130/150] method=baseline_avg loss=0.3426 train_acc=0.8943 train_loss=0.3509 val_acc=0.9014 val_loss=0.3564 router_H=0.6799 best=0.9014
           router_load=[0.005988609977066517, 0.44827017188072205, 0.31090787053108215, 0.23483318090438843]
[step 0140/150] method=baseline_avg loss=0.2839 train_acc=0.8943 train_loss=0.3509 val_acc=0.9014 val_loss=0.3564 router_H=0.6799 best=0.9014
           router_load=[0.005988609977066517, 0.44827017188072205, 0.31090787053108215, 0.23483318090438843]
[step 0150/150] method=baseline_avg loss=0.1918 train_acc=0.9281 train_loss=0.1997 val_acc=0.9335 val_loss=0.1923 router_H=0.6870 best=0.9335
           router_load=[0.017602087929844856, 0.4633907079696655, 0.27005741000175476, 0.24894979596138]
saved summary -> /home/zhujjing/MOE-grad-conflict-routing/runs/paper_suite/single_gpu/single_task/deberta_sst2_lora_e4_k2_supplement/hpo/baseline/trial_runs/coord_03_train_grad_clip_002/baseline_s2.json
saved curve -> /home/zhujjing/MOE-grad-conflict-routing/runs/paper_suite/single_gpu/single_task/deberta_sst2_lora_e4_k2_supplement/hpo/baseline/trial_runs/coord_03_train_grad_clip_002/baseline_s2_curve.csv
