[run] method=baseline candidate=coord_03_train_grad_clip_007 seed=2 steps=150 gpu=0
[run] cmd=
/home/zhujjing/anaconda3/envs/moe/bin/python /home/zhujjing/MOE-grad-conflict-routing/scripts/run.py --config configs/singletask_sst2_real.yaml --set model.backbone_backend=hf --set model.hf_load_pretrained=true --set model.hf_local_files_only=true --set model.backbone=deberta --set model.hf_pretrained_name=microsoft/deberta-v3-base --set model.expert_type=lora --set model.routing_mode=topk --set model.num_experts=4 --set model.top_k=2 --set seed=2 --set method.name=baseline_avg --set train.steps=150 --set train.eval_every_steps=50 --set train.grad_clip=0.6972133521 --set train.lr=3.07386945e-05 --set train.weight_decay=0.01 --out /home/zhujjing/MOE-grad-conflict-routing/runs/paper_suite/single_gpu/single_task/deberta_sst2_lora_e4_k2_supplement/hpo/baseline/trial_runs/coord_03_train_grad_clip_007/baseline_s2.json --curve_out /home/zhujjing/MOE-grad-conflict-routing/runs/paper_suite/single_gpu/single_task/deberta_sst2_lora_e4_k2_supplement/hpo/baseline/trial_runs/coord_03_train_grad_clip_007/baseline_s2_curve.csv
Using the latest cached version of the dataset since glue couldn't be found on the Hugging Face Hub (offline mode is enabled).
Found the latest cached dataset configuration 'sst2' at /home/zhujjing/hf_cache/datasets/glue/sst2/0.0.0/bcdcba79d07bc864c1c254ccfcedcce55bcc9a8c (last modified on Thu Mar 19 15:01:41 2026).
/home/zhujjing/anaconda3/envs/moe/lib/python3.10/site-packages/transformers/utils/hub.py:124: FutureWarning: Using `TRANSFORMERS_CACHE` is deprecated and will be removed in v5 of Transformers. Use `HF_HOME` instead.
  warnings.warn(
/home/zhujjing/anaconda3/envs/moe/lib/python3.10/site-packages/transformers/convert_slow_tokenizer.py:560: UserWarning: The sentencepiece tokenizer that you are converting to a fast tokenizer uses the byte fallback option which is not implemented in the fast tokenizers. In practice this means that the fast version of the tokenizer can produce unknown tokens whereas the sentencepiece version would have converted these unknown tokens into a sequence of byte tokens matching the original piece of text.
  warnings.warn(
[step 0001/150] method=baseline_avg loss=0.8097 train_acc=nan train_loss=nan val_acc=nan val_loss=nan best=-1.0000
[step 0010/150] method=baseline_avg loss=0.6705 train_acc=nan train_loss=nan val_acc=nan val_loss=nan best=-1.0000
[step 0020/150] method=baseline_avg loss=0.3840 train_acc=nan train_loss=nan val_acc=nan val_loss=nan best=-1.0000
[step 0030/150] method=baseline_avg loss=0.2331 train_acc=nan train_loss=nan val_acc=nan val_loss=nan best=-1.0000
[step 0040/150] method=baseline_avg loss=0.4624 train_acc=nan train_loss=nan val_acc=nan val_loss=nan best=-1.0000
[step 0050/150] method=baseline_avg loss=0.0762 train_acc=0.8011 train_loss=0.5637 val_acc=0.6755 val_loss=0.9080 router_H=0.6579 best=0.6755
           router_load=[0.48183533549308777, 0.506757378578186, 0.0009462129091843963, 0.01046108640730381]
[step 0060/150] method=baseline_avg loss=0.3826 train_acc=0.8011 train_loss=0.5637 val_acc=0.6755 val_loss=0.9080 router_H=0.6579 best=0.6755
           router_load=[0.48183533549308777, 0.506757378578186, 0.0009462129091843963, 0.01046108640730381]
[step 0070/150] method=baseline_avg loss=0.6961 train_acc=0.8011 train_loss=0.5637 val_acc=0.6755 val_loss=0.9080 router_H=0.6579 best=0.6755
           router_load=[0.48183533549308777, 0.506757378578186, 0.0009462129091843963, 0.01046108640730381]
[step 0080/150] method=baseline_avg loss=0.5122 train_acc=0.8011 train_loss=0.5637 val_acc=0.6755 val_loss=0.9080 router_H=0.6579 best=0.6755
           router_load=[0.48183533549308777, 0.506757378578186, 0.0009462129091843963, 0.01046108640730381]
[step 0090/150] method=baseline_avg loss=0.2187 train_acc=0.8011 train_loss=0.5637 val_acc=0.6755 val_loss=0.9080 router_H=0.6579 best=0.6755
           router_load=[0.48183533549308777, 0.506757378578186, 0.0009462129091843963, 0.01046108640730381]
[step 0100/150] method=baseline_avg loss=0.4205 train_acc=0.8857 train_loss=0.3409 val_acc=0.8521 val_loss=0.4180 router_H=0.6630 best=0.8521
           router_load=[0.5215638279914856, 0.40188732743263245, 0.001407415373250842, 0.07514141499996185]
[step 0110/150] method=baseline_avg loss=0.1910 train_acc=0.8857 train_loss=0.3409 val_acc=0.8521 val_loss=0.4180 router_H=0.6630 best=0.8521
           router_load=[0.5215638279914856, 0.40188732743263245, 0.001407415373250842, 0.07514141499996185]
[step 0120/150] method=baseline_avg loss=0.1409 train_acc=0.8857 train_loss=0.3409 val_acc=0.8521 val_loss=0.4180 router_H=0.6630 best=0.8521
           router_load=[0.5215638279914856, 0.40188732743263245, 0.001407415373250842, 0.07514141499996185]
[step 0130/150] method=baseline_avg loss=0.3182 train_acc=0.8857 train_loss=0.3409 val_acc=0.8521 val_loss=0.4180 router_H=0.6630 best=0.8521
           router_load=[0.5215638279914856, 0.40188732743263245, 0.001407415373250842, 0.07514141499996185]
[step 0140/150] method=baseline_avg loss=0.6231 train_acc=0.8857 train_loss=0.3409 val_acc=0.8521 val_loss=0.4180 router_H=0.6630 best=0.8521
           router_load=[0.5215638279914856, 0.40188732743263245, 0.001407415373250842, 0.07514141499996185]
[step 0150/150] method=baseline_avg loss=0.2399 train_acc=0.9170 train_loss=0.2109 val_acc=0.9243 val_loss=0.2052 router_H=0.6520 best=0.9243
           router_load=[0.4881795048713684, 0.35874301195144653, 0.0006694832118228078, 0.15240798890590668]
saved summary -> /home/zhujjing/MOE-grad-conflict-routing/runs/paper_suite/single_gpu/single_task/deberta_sst2_lora_e4_k2_supplement/hpo/baseline/trial_runs/coord_03_train_grad_clip_007/baseline_s2.json
saved curve -> /home/zhujjing/MOE-grad-conflict-routing/runs/paper_suite/single_gpu/single_task/deberta_sst2_lora_e4_k2_supplement/hpo/baseline/trial_runs/coord_03_train_grad_clip_007/baseline_s2_curve.csv
