[run] method=ours candidate=coord_03_train_grad_clip_006 seed=3 steps=150 gpu=0
[run] cmd=
/home/zhujjing/anaconda3/envs/moe/bin/python /home/zhujjing/MOE-grad-conflict-routing/scripts/run.py --config configs/singletask_sst2_real.yaml --set model.backbone_backend=hf --set model.hf_load_pretrained=true --set model.hf_local_files_only=true --set model.backbone=deberta --set model.hf_pretrained_name=microsoft/deberta-v3-base --set model.expert_type=ffn --set model.routing_mode=topk --set model.num_experts=4 --set model.top_k=2 --set seed=3 --set method.name=ours --set train.steps=150 --set train.eval_every_steps=50 --set method.ours.use_load_norm=true --set method.ours.lambda_align=0.001 --set train.grad_clip=1.236374401 --set train.lr=2e-05 --set train.weight_decay=0.001129385354 --out /home/zhujjing/MOE-grad-conflict-routing/runs/paper_suite/single_gpu/single_task/deberta_sst2_ffn_e4_k2_supplement/hpo/ours/trial_runs/coord_03_train_grad_clip_006/ours_s3.json --curve_out /home/zhujjing/MOE-grad-conflict-routing/runs/paper_suite/single_gpu/single_task/deberta_sst2_ffn_e4_k2_supplement/hpo/ours/trial_runs/coord_03_train_grad_clip_006/ours_s3_curve.csv
Using the latest cached version of the dataset since glue couldn't be found on the Hugging Face Hub (offline mode is enabled).
Found the latest cached dataset configuration 'sst2' at /home/zhujjing/hf_cache/datasets/glue/sst2/0.0.0/bcdcba79d07bc864c1c254ccfcedcce55bcc9a8c (last modified on Thu Mar 19 15:01:41 2026).
/home/zhujjing/anaconda3/envs/moe/lib/python3.10/site-packages/transformers/utils/hub.py:124: FutureWarning: Using `TRANSFORMERS_CACHE` is deprecated and will be removed in v5 of Transformers. Use `HF_HOME` instead.
  warnings.warn(
/home/zhujjing/anaconda3/envs/moe/lib/python3.10/site-packages/transformers/convert_slow_tokenizer.py:560: UserWarning: The sentencepiece tokenizer that you are converting to a fast tokenizer uses the byte fallback option which is not implemented in the fast tokenizers. In practice this means that the fast version of the tokenizer can produce unknown tokens whereas the sentencepiece version would have converted these unknown tokens into a sequence of byte tokens matching the original piece of text.
  warnings.warn(
[step 0001/150] method=ours loss=0.6983 train_acc=nan train_loss=nan val_acc=nan val_loss=nan best=-1.0000
[step 0010/150] method=ours loss=0.6358 train_acc=nan train_loss=nan val_acc=nan val_loss=nan best=-1.0000
[step 0020/150] method=ours loss=0.5828 train_acc=nan train_loss=nan val_acc=nan val_loss=nan best=-1.0000
[step 0030/150] method=ours loss=0.5885 train_acc=nan train_loss=nan val_acc=nan val_loss=nan best=-1.0000
[step 0040/150] method=ours loss=0.6157 train_acc=nan train_loss=nan val_acc=nan val_loss=nan best=-1.0000
[step 0050/150] method=ours loss=0.3756 train_acc=0.8734 train_loss=0.3094 val_acc=0.8968 val_loss=0.2788 router_H=0.5572 best=0.8968
           router_load=[0.033825986087322235, 0.423000693321228, 0.004471688065677881, 0.5387017130851746]
[step 0060/150] method=ours loss=0.6501 train_acc=0.8734 train_loss=0.3094 val_acc=0.8968 val_loss=0.2788 router_H=0.5572 best=0.8968
           router_load=[0.033825986087322235, 0.423000693321228, 0.004471688065677881, 0.5387017130851746]
[step 0070/150] method=ours loss=0.1841 train_acc=0.8734 train_loss=0.3094 val_acc=0.8968 val_loss=0.2788 router_H=0.5572 best=0.8968
           router_load=[0.033825986087322235, 0.423000693321228, 0.004471688065677881, 0.5387017130851746]
[step 0080/150] method=ours loss=0.1956 train_acc=0.8734 train_loss=0.3094 val_acc=0.8968 val_loss=0.2788 router_H=0.5572 best=0.8968
           router_load=[0.033825986087322235, 0.423000693321228, 0.004471688065677881, 0.5387017130851746]
[step 0090/150] method=ours loss=0.0799 train_acc=0.8734 train_loss=0.3094 val_acc=0.8968 val_loss=0.2788 router_H=0.5572 best=0.8968
           router_load=[0.033825986087322235, 0.423000693321228, 0.004471688065677881, 0.5387017130851746]
[step 0100/150] method=ours loss=0.1277 train_acc=0.9194 train_loss=0.2503 val_acc=0.9243 val_loss=0.2353 router_H=0.4269 best=0.9243
           router_load=[0.0396382100880146, 0.514697790145874, 0.001480545150116086, 0.4441834092140198]
[step 0110/150] method=ours loss=0.6028 train_acc=0.9194 train_loss=0.2503 val_acc=0.9243 val_loss=0.2353 router_H=0.4269 best=0.9243
           router_load=[0.0396382100880146, 0.514697790145874, 0.001480545150116086, 0.4441834092140198]
[step 0120/150] method=ours loss=0.3852 train_acc=0.9194 train_loss=0.2503 val_acc=0.9243 val_loss=0.2353 router_H=0.4269 best=0.9243
           router_load=[0.0396382100880146, 0.514697790145874, 0.001480545150116086, 0.4441834092140198]
[step 0130/150] method=ours loss=0.1985 train_acc=0.9194 train_loss=0.2503 val_acc=0.9243 val_loss=0.2353 router_H=0.4269 best=0.9243
           router_load=[0.0396382100880146, 0.514697790145874, 0.001480545150116086, 0.4441834092140198]
[step 0140/150] method=ours loss=0.2437 train_acc=0.9194 train_loss=0.2503 val_acc=0.9243 val_loss=0.2353 router_H=0.4269 best=0.9243
           router_load=[0.0396382100880146, 0.514697790145874, 0.001480545150116086, 0.4441834092140198]
[step 0150/150] method=ours loss=0.2638 train_acc=0.9250 train_loss=0.2142 val_acc=0.9323 val_loss=0.1973 router_H=0.4470 best=0.9323
           router_load=[0.0788540169596672, 0.4583248198032379, 0.0062769679352641106, 0.45654433965682983]
saved summary -> /home/zhujjing/MOE-grad-conflict-routing/runs/paper_suite/single_gpu/single_task/deberta_sst2_ffn_e4_k2_supplement/hpo/ours/trial_runs/coord_03_train_grad_clip_006/ours_s3.json
saved curve -> /home/zhujjing/MOE-grad-conflict-routing/runs/paper_suite/single_gpu/single_task/deberta_sst2_ffn_e4_k2_supplement/hpo/ours/trial_runs/coord_03_train_grad_clip_006/ours_s3_curve.csv
