[run] method=ours candidate=coord_03_train_grad_clip_005 seed=2 steps=150 gpu=0
[run] cmd=
/home/zhujjing/anaconda3/envs/moe/bin/python /home/zhujjing/MOE-grad-conflict-routing/scripts/run.py --config configs/singletask_sst2_real.yaml --set model.backbone_backend=hf --set model.hf_load_pretrained=true --set model.hf_local_files_only=true --set model.backbone=deberta --set model.hf_pretrained_name=microsoft/deberta-v3-base --set model.expert_type=ffn --set model.routing_mode=topk --set model.num_experts=4 --set model.top_k=2 --set seed=2 --set method.name=ours --set train.steps=150 --set train.eval_every_steps=50 --set method.ours.use_load_norm=true --set method.ours.lambda_align=0.001 --set train.grad_clip=1.991165741 --set train.lr=2e-05 --set train.weight_decay=0.001129385354 --out /home/zhujjing/MOE-grad-conflict-routing/runs/paper_suite/single_gpu/single_task/deberta_sst2_ffn_e4_k2_supplement/hpo/ours/trial_runs/coord_03_train_grad_clip_005/ours_s2.json --curve_out /home/zhujjing/MOE-grad-conflict-routing/runs/paper_suite/single_gpu/single_task/deberta_sst2_ffn_e4_k2_supplement/hpo/ours/trial_runs/coord_03_train_grad_clip_005/ours_s2_curve.csv
Using the latest cached version of the dataset since glue couldn't be found on the Hugging Face Hub (offline mode is enabled).
Found the latest cached dataset configuration 'sst2' at /home/zhujjing/hf_cache/datasets/glue/sst2/0.0.0/bcdcba79d07bc864c1c254ccfcedcce55bcc9a8c (last modified on Thu Mar 19 15:01:41 2026).
/home/zhujjing/anaconda3/envs/moe/lib/python3.10/site-packages/transformers/utils/hub.py:124: FutureWarning: Using `TRANSFORMERS_CACHE` is deprecated and will be removed in v5 of Transformers. Use `HF_HOME` instead.
  warnings.warn(
/home/zhujjing/anaconda3/envs/moe/lib/python3.10/site-packages/transformers/convert_slow_tokenizer.py:560: UserWarning: The sentencepiece tokenizer that you are converting to a fast tokenizer uses the byte fallback option which is not implemented in the fast tokenizers. In practice this means that the fast version of the tokenizer can produce unknown tokens whereas the sentencepiece version would have converted these unknown tokens into a sequence of byte tokens matching the original piece of text.
  warnings.warn(
[step 0001/150] method=ours loss=0.6765 train_acc=nan train_loss=nan val_acc=nan val_loss=nan best=-1.0000
[step 0010/150] method=ours loss=0.7049 train_acc=nan train_loss=nan val_acc=nan val_loss=nan best=-1.0000
[step 0020/150] method=ours loss=0.5831 train_acc=nan train_loss=nan val_acc=nan val_loss=nan best=-1.0000
[step 0030/150] method=ours loss=0.3844 train_acc=nan train_loss=nan val_acc=nan val_loss=nan best=-1.0000
[step 0040/150] method=ours loss=0.1953 train_acc=nan train_loss=nan val_acc=nan val_loss=nan best=-1.0000
[step 0050/150] method=ours loss=0.2610 train_acc=0.8493 train_loss=0.3750 val_acc=0.7695 val_loss=0.5138 router_H=0.4796 best=0.7695
           router_load=[0.7298581004142761, 0.20260874927043915, 0.002363532781600952, 0.06516961008310318]
[step 0060/150] method=ours loss=0.2824 train_acc=0.8493 train_loss=0.3750 val_acc=0.7695 val_loss=0.5138 router_H=0.4796 best=0.7695
           router_load=[0.7298581004142761, 0.20260874927043915, 0.002363532781600952, 0.06516961008310318]
[step 0070/150] method=ours loss=0.4774 train_acc=0.8493 train_loss=0.3750 val_acc=0.7695 val_loss=0.5138 router_H=0.4796 best=0.7695
           router_load=[0.7298581004142761, 0.20260874927043915, 0.002363532781600952, 0.06516961008310318]
[step 0080/150] method=ours loss=0.4088 train_acc=0.8493 train_loss=0.3750 val_acc=0.7695 val_loss=0.5138 router_H=0.4796 best=0.7695
           router_load=[0.7298581004142761, 0.20260874927043915, 0.002363532781600952, 0.06516961008310318]
[step 0090/150] method=ours loss=0.2186 train_acc=0.8493 train_loss=0.3750 val_acc=0.7695 val_loss=0.5138 router_H=0.4796 best=0.7695
           router_load=[0.7298581004142761, 0.20260874927043915, 0.002363532781600952, 0.06516961008310318]
[step 0100/150] method=ours loss=0.2626 train_acc=0.8944 train_loss=0.2892 val_acc=0.8624 val_loss=0.3301 router_H=0.4259 best=0.8624
           router_load=[0.6715593338012695, 0.27346745133399963, 0.03378872573375702, 0.02118435688316822]
[step 0110/150] method=ours loss=0.2187 train_acc=0.8944 train_loss=0.2892 val_acc=0.8624 val_loss=0.3301 router_H=0.4259 best=0.8624
           router_load=[0.6715593338012695, 0.27346745133399963, 0.03378872573375702, 0.02118435688316822]
[step 0120/150] method=ours loss=0.1500 train_acc=0.8944 train_loss=0.2892 val_acc=0.8624 val_loss=0.3301 router_H=0.4259 best=0.8624
           router_load=[0.6715593338012695, 0.27346745133399963, 0.03378872573375702, 0.02118435688316822]
[step 0130/150] method=ours loss=0.3918 train_acc=0.8944 train_loss=0.2892 val_acc=0.8624 val_loss=0.3301 router_H=0.4259 best=0.8624
           router_load=[0.6715593338012695, 0.27346745133399963, 0.03378872573375702, 0.02118435688316822]
[step 0140/150] method=ours loss=0.3064 train_acc=0.8944 train_loss=0.2892 val_acc=0.8624 val_loss=0.3301 router_H=0.4259 best=0.8624
           router_load=[0.6715593338012695, 0.27346745133399963, 0.03378872573375702, 0.02118435688316822]
[step 0150/150] method=ours loss=0.2666 train_acc=0.9262 train_loss=0.2012 val_acc=0.9278 val_loss=0.1999 router_H=0.3817 best=0.9278
           router_load=[0.5491019487380981, 0.41512441635131836, 0.023020217195153236, 0.012753605842590332]
saved summary -> /home/zhujjing/MOE-grad-conflict-routing/runs/paper_suite/single_gpu/single_task/deberta_sst2_ffn_e4_k2_supplement/hpo/ours/trial_runs/coord_03_train_grad_clip_005/ours_s2.json
saved curve -> /home/zhujjing/MOE-grad-conflict-routing/runs/paper_suite/single_gpu/single_task/deberta_sst2_ffn_e4_k2_supplement/hpo/ours/trial_runs/coord_03_train_grad_clip_005/ours_s2_curve.csv
