[run] method=ours candidate=coord_03_train_grad_clip_007 seed=3 steps=150 gpu=0
[run] cmd=
/home/zhujjing/anaconda3/envs/moe/bin/python /home/zhujjing/MOE-grad-conflict-routing/scripts/run.py --config configs/singletask_sst2_real.yaml --set model.backbone_backend=hf --set model.hf_load_pretrained=true --set model.hf_local_files_only=true --set model.backbone=deberta --set model.hf_pretrained_name=microsoft/deberta-v3-base --set model.expert_type=ffn --set model.routing_mode=topk --set model.num_experts=4 --set model.top_k=2 --set seed=3 --set method.name=ours --set train.steps=150 --set train.eval_every_steps=50 --set method.ours.use_load_norm=true --set method.ours.lambda_align=0.001 --set train.grad_clip=1.883381917 --set train.lr=2e-05 --set train.weight_decay=0.001129385354 --out /home/zhujjing/MOE-grad-conflict-routing/runs/paper_suite/single_gpu/single_task/deberta_sst2_ffn_e4_k2_supplement/hpo/ours/trial_runs/coord_03_train_grad_clip_007/ours_s3.json --curve_out /home/zhujjing/MOE-grad-conflict-routing/runs/paper_suite/single_gpu/single_task/deberta_sst2_ffn_e4_k2_supplement/hpo/ours/trial_runs/coord_03_train_grad_clip_007/ours_s3_curve.csv
Using the latest cached version of the dataset since glue couldn't be found on the Hugging Face Hub (offline mode is enabled).
Found the latest cached dataset configuration 'sst2' at /home/zhujjing/hf_cache/datasets/glue/sst2/0.0.0/bcdcba79d07bc864c1c254ccfcedcce55bcc9a8c (last modified on Thu Mar 19 15:01:41 2026).
/home/zhujjing/anaconda3/envs/moe/lib/python3.10/site-packages/transformers/utils/hub.py:124: FutureWarning: Using `TRANSFORMERS_CACHE` is deprecated and will be removed in v5 of Transformers. Use `HF_HOME` instead.
  warnings.warn(
/home/zhujjing/anaconda3/envs/moe/lib/python3.10/site-packages/transformers/convert_slow_tokenizer.py:560: UserWarning: The sentencepiece tokenizer that you are converting to a fast tokenizer uses the byte fallback option which is not implemented in the fast tokenizers. In practice this means that the fast version of the tokenizer can produce unknown tokens whereas the sentencepiece version would have converted these unknown tokens into a sequence of byte tokens matching the original piece of text.
  warnings.warn(
[step 0001/150] method=ours loss=0.7478 train_acc=nan train_loss=nan val_acc=nan val_loss=nan best=-1.0000
[step 0010/150] method=ours loss=0.6269 train_acc=nan train_loss=nan val_acc=nan val_loss=nan best=-1.0000
[step 0020/150] method=ours loss=0.6410 train_acc=nan train_loss=nan val_acc=nan val_loss=nan best=-1.0000
[step 0030/150] method=ours loss=0.6021 train_acc=nan train_loss=nan val_acc=nan val_loss=nan best=-1.0000
[step 0040/150] method=ours loss=0.3077 train_acc=nan train_loss=nan val_acc=nan val_loss=nan best=-1.0000
[step 0050/150] method=ours loss=0.8930 train_acc=0.8726 train_loss=0.3347 val_acc=0.8589 val_loss=0.3878 router_H=0.4773 best=0.8589
           router_load=[0.3114882707595825, 0.06595909595489502, 0.6225525140762329, 0.0]
[step 0060/150] method=ours loss=0.4542 train_acc=0.8726 train_loss=0.3347 val_acc=0.8589 val_loss=0.3878 router_H=0.4773 best=0.8589
           router_load=[0.3114882707595825, 0.06595909595489502, 0.6225525140762329, 0.0]
[step 0070/150] method=ours loss=0.2284 train_acc=0.8726 train_loss=0.3347 val_acc=0.8589 val_loss=0.3878 router_H=0.4773 best=0.8589
           router_load=[0.3114882707595825, 0.06595909595489502, 0.6225525140762329, 0.0]
[step 0080/150] method=ours loss=0.1172 train_acc=0.8726 train_loss=0.3347 val_acc=0.8589 val_loss=0.3878 router_H=0.4773 best=0.8589
           router_load=[0.3114882707595825, 0.06595909595489502, 0.6225525140762329, 0.0]
[step 0090/150] method=ours loss=0.0401 train_acc=0.8726 train_loss=0.3347 val_acc=0.8589 val_loss=0.3878 router_H=0.4773 best=0.8589
           router_load=[0.3114882707595825, 0.06595909595489502, 0.6225525140762329, 0.0]
[step 0100/150] method=ours loss=0.3089 train_acc=0.9172 train_loss=0.2557 val_acc=0.9300 val_loss=0.2352 router_H=0.3250 best=0.9300
           router_load=[0.47066283226013184, 0.01925751194357872, 0.5043184757232666, 0.005761157255619764]
[step 0110/150] method=ours loss=0.4513 train_acc=0.9172 train_loss=0.2557 val_acc=0.9300 val_loss=0.2352 router_H=0.3250 best=0.9300
           router_load=[0.47066283226013184, 0.01925751194357872, 0.5043184757232666, 0.005761157255619764]
[step 0120/150] method=ours loss=0.4757 train_acc=0.9172 train_loss=0.2557 val_acc=0.9300 val_loss=0.2352 router_H=0.3250 best=0.9300
           router_load=[0.47066283226013184, 0.01925751194357872, 0.5043184757232666, 0.005761157255619764]
[step 0130/150] method=ours loss=0.3445 train_acc=0.9172 train_loss=0.2557 val_acc=0.9300 val_loss=0.2352 router_H=0.3250 best=0.9300
           router_load=[0.47066283226013184, 0.01925751194357872, 0.5043184757232666, 0.005761157255619764]
[step 0140/150] method=ours loss=0.2390 train_acc=0.9172 train_loss=0.2557 val_acc=0.9300 val_loss=0.2352 router_H=0.3250 best=0.9300
           router_load=[0.47066283226013184, 0.01925751194357872, 0.5043184757232666, 0.005761157255619764]
[step 0150/150] method=ours loss=0.1770 train_acc=0.9136 train_loss=0.2322 val_acc=0.9255 val_loss=0.2256 router_H=0.3756 best=0.9300
           router_load=[0.5266050100326538, 0.006702546030282974, 0.4640657305717468, 0.0026266509667038918]
saved summary -> /home/zhujjing/MOE-grad-conflict-routing/runs/paper_suite/single_gpu/single_task/deberta_sst2_ffn_e4_k2_supplement/hpo/ours/trial_runs/coord_03_train_grad_clip_007/ours_s3.json
saved curve -> /home/zhujjing/MOE-grad-conflict-routing/runs/paper_suite/single_gpu/single_task/deberta_sst2_ffn_e4_k2_supplement/hpo/ours/trial_runs/coord_03_train_grad_clip_007/ours_s3_curve.csv
