[run] method=ours candidate=coord_03_train_grad_clip_008 seed=2 steps=150 gpu=0
[run] cmd=
/home/zhujjing/anaconda3/envs/moe/bin/python /home/zhujjing/MOE-grad-conflict-routing/scripts/run.py --config configs/singletask_sst2_real.yaml --set model.backbone_backend=hf --set model.hf_load_pretrained=true --set model.hf_local_files_only=true --set model.backbone=deberta --set model.hf_pretrained_name=microsoft/deberta-v3-base --set model.expert_type=ffn --set model.routing_mode=topk --set model.num_experts=4 --set model.top_k=2 --set seed=2 --set method.name=ours --set train.steps=150 --set train.eval_every_steps=50 --set method.ours.use_load_norm=true --set method.ours.lambda_align=0.001 --set train.grad_clip=1.108977408 --set train.lr=2e-05 --set train.weight_decay=0.001129385354 --out /home/zhujjing/MOE-grad-conflict-routing/runs/paper_suite/single_gpu/single_task/deberta_sst2_ffn_e4_k2_supplement/hpo/ours/trial_runs/coord_03_train_grad_clip_008/ours_s2.json --curve_out /home/zhujjing/MOE-grad-conflict-routing/runs/paper_suite/single_gpu/single_task/deberta_sst2_ffn_e4_k2_supplement/hpo/ours/trial_runs/coord_03_train_grad_clip_008/ours_s2_curve.csv
Using the latest cached version of the dataset since glue couldn't be found on the Hugging Face Hub (offline mode is enabled).
Found the latest cached dataset configuration 'sst2' at /home/zhujjing/hf_cache/datasets/glue/sst2/0.0.0/bcdcba79d07bc864c1c254ccfcedcce55bcc9a8c (last modified on Thu Mar 19 15:01:41 2026).
/home/zhujjing/anaconda3/envs/moe/lib/python3.10/site-packages/transformers/utils/hub.py:124: FutureWarning: Using `TRANSFORMERS_CACHE` is deprecated and will be removed in v5 of Transformers. Use `HF_HOME` instead.
  warnings.warn(
/home/zhujjing/anaconda3/envs/moe/lib/python3.10/site-packages/transformers/convert_slow_tokenizer.py:560: UserWarning: The sentencepiece tokenizer that you are converting to a fast tokenizer uses the byte fallback option which is not implemented in the fast tokenizers. In practice this means that the fast version of the tokenizer can produce unknown tokens whereas the sentencepiece version would have converted these unknown tokens into a sequence of byte tokens matching the original piece of text.
  warnings.warn(
[step 0001/150] method=ours loss=0.7662 train_acc=nan train_loss=nan val_acc=nan val_loss=nan best=-1.0000
[step 0010/150] method=ours loss=0.7279 train_acc=nan train_loss=nan val_acc=nan val_loss=nan best=-1.0000
[step 0020/150] method=ours loss=0.5887 train_acc=nan train_loss=nan val_acc=nan val_loss=nan best=-1.0000
[step 0030/150] method=ours loss=0.4317 train_acc=nan train_loss=nan val_acc=nan val_loss=nan best=-1.0000
[step 0040/150] method=ours loss=0.1764 train_acc=nan train_loss=nan val_acc=nan val_loss=nan best=-1.0000
[step 0050/150] method=ours loss=0.1062 train_acc=0.8573 train_loss=0.4189 val_acc=0.7936 val_loss=0.5891 router_H=0.2917 best=0.7936
           router_load=[0.01283674594014883, 0.01671687141060829, 0.06134035810828209, 0.9091059565544128]
[step 0060/150] method=ours loss=0.3399 train_acc=0.8573 train_loss=0.4189 val_acc=0.7936 val_loss=0.5891 router_H=0.2917 best=0.7936
           router_load=[0.01283674594014883, 0.01671687141060829, 0.06134035810828209, 0.9091059565544128]
[step 0070/150] method=ours loss=0.7644 train_acc=0.8573 train_loss=0.4189 val_acc=0.7936 val_loss=0.5891 router_H=0.2917 best=0.7936
           router_load=[0.01283674594014883, 0.01671687141060829, 0.06134035810828209, 0.9091059565544128]
[step 0080/150] method=ours loss=0.4234 train_acc=0.8573 train_loss=0.4189 val_acc=0.7936 val_loss=0.5891 router_H=0.2917 best=0.7936
           router_load=[0.01283674594014883, 0.01671687141060829, 0.06134035810828209, 0.9091059565544128]
[step 0090/150] method=ours loss=0.2460 train_acc=0.8573 train_loss=0.4189 val_acc=0.7936 val_loss=0.5891 router_H=0.2917 best=0.7936
           router_load=[0.01283674594014883, 0.01671687141060829, 0.06134035810828209, 0.9091059565544128]
[step 0100/150] method=ours loss=0.1277 train_acc=0.9160 train_loss=0.2498 val_acc=0.9117 val_loss=0.2797 router_H=0.3180 best=0.9117
           router_load=[0.012202047742903233, 0.009250071831047535, 0.08777035772800446, 0.890777587890625]
[step 0110/150] method=ours loss=0.2334 train_acc=0.9160 train_loss=0.2498 val_acc=0.9117 val_loss=0.2797 router_H=0.3180 best=0.9117
           router_load=[0.012202047742903233, 0.009250071831047535, 0.08777035772800446, 0.890777587890625]
[step 0120/150] method=ours loss=0.7479 train_acc=0.9160 train_loss=0.2498 val_acc=0.9117 val_loss=0.2797 router_H=0.3180 best=0.9117
           router_load=[0.012202047742903233, 0.009250071831047535, 0.08777035772800446, 0.890777587890625]
[step 0130/150] method=ours loss=0.3321 train_acc=0.9160 train_loss=0.2498 val_acc=0.9117 val_loss=0.2797 router_H=0.3180 best=0.9117
           router_load=[0.012202047742903233, 0.009250071831047535, 0.08777035772800446, 0.890777587890625]
[step 0140/150] method=ours loss=0.2877 train_acc=0.9160 train_loss=0.2498 val_acc=0.9117 val_loss=0.2797 router_H=0.3180 best=0.9117
           router_load=[0.012202047742903233, 0.009250071831047535, 0.08777035772800446, 0.890777587890625]
[step 0150/150] method=ours loss=0.3604 train_acc=0.9163 train_loss=0.2204 val_acc=0.9117 val_loss=0.2263 router_H=0.2621 best=0.9117
           router_load=[0.009061920456588268, 0.019893085584044456, 0.04839624464511871, 0.9226486682891846]
saved summary -> /home/zhujjing/MOE-grad-conflict-routing/runs/paper_suite/single_gpu/single_task/deberta_sst2_ffn_e4_k2_supplement/hpo/ours/trial_runs/coord_03_train_grad_clip_008/ours_s2.json
saved curve -> /home/zhujjing/MOE-grad-conflict-routing/runs/paper_suite/single_gpu/single_task/deberta_sst2_ffn_e4_k2_supplement/hpo/ours/trial_runs/coord_03_train_grad_clip_008/ours_s2_curve.csv
