[run] method=ours candidate=coord_03_train_grad_clip_017 seed=2 steps=150 gpu=0
[run] cmd=
/home/zhujjing/anaconda3/envs/moe/bin/python /home/zhujjing/MOE-grad-conflict-routing/scripts/run.py --config configs/singletask_sst2_real.yaml --set model.backbone_backend=hf --set model.hf_load_pretrained=true --set model.hf_local_files_only=true --set model.backbone=deberta --set model.hf_pretrained_name=microsoft/deberta-v3-base --set model.expert_type=ffn --set model.routing_mode=topk --set model.num_experts=4 --set model.top_k=2 --set seed=2 --set method.name=ours --set train.steps=150 --set train.eval_every_steps=50 --set method.ours.use_load_norm=true --set method.ours.lambda_align=0.001 --set train.grad_clip=0.8874671569 --set train.lr=2e-05 --set train.weight_decay=0.001129385354 --out /home/zhujjing/MOE-grad-conflict-routing/runs/paper_suite/single_gpu/single_task/deberta_sst2_ffn_e4_k2_supplement/hpo/ours/trial_runs/coord_03_train_grad_clip_017/ours_s2.json --curve_out /home/zhujjing/MOE-grad-conflict-routing/runs/paper_suite/single_gpu/single_task/deberta_sst2_ffn_e4_k2_supplement/hpo/ours/trial_runs/coord_03_train_grad_clip_017/ours_s2_curve.csv
Using the latest cached version of the dataset since glue couldn't be found on the Hugging Face Hub (offline mode is enabled).
Found the latest cached dataset configuration 'sst2' at /home/zhujjing/hf_cache/datasets/glue/sst2/0.0.0/bcdcba79d07bc864c1c254ccfcedcce55bcc9a8c (last modified on Thu Mar 19 15:01:41 2026).
/home/zhujjing/anaconda3/envs/moe/lib/python3.10/site-packages/transformers/utils/hub.py:124: FutureWarning: Using `TRANSFORMERS_CACHE` is deprecated and will be removed in v5 of Transformers. Use `HF_HOME` instead.
  warnings.warn(
/home/zhujjing/anaconda3/envs/moe/lib/python3.10/site-packages/transformers/convert_slow_tokenizer.py:560: UserWarning: The sentencepiece tokenizer that you are converting to a fast tokenizer uses the byte fallback option which is not implemented in the fast tokenizers. In practice this means that the fast version of the tokenizer can produce unknown tokens whereas the sentencepiece version would have converted these unknown tokens into a sequence of byte tokens matching the original piece of text.
  warnings.warn(
[step 0001/150] method=ours loss=0.7509 train_acc=nan train_loss=nan val_acc=nan val_loss=nan best=-1.0000
[step 0010/150] method=ours loss=0.7334 train_acc=nan train_loss=nan val_acc=nan val_loss=nan best=-1.0000
[step 0020/150] method=ours loss=0.6549 train_acc=nan train_loss=nan val_acc=nan val_loss=nan best=-1.0000
[step 0030/150] method=ours loss=0.5192 train_acc=nan train_loss=nan val_acc=nan val_loss=nan best=-1.0000
[step 0040/150] method=ours loss=0.2006 train_acc=nan train_loss=nan val_acc=nan val_loss=nan best=-1.0000
[step 0050/150] method=ours loss=0.0992 train_acc=0.8119 train_loss=0.5622 val_acc=0.6881 val_loss=0.9122 router_H=0.3647 best=0.6881
           router_load=[0.008452932350337505, 0.051877669990062714, 0.8578212857246399, 0.08184798806905746]
[step 0060/150] method=ours loss=0.2492 train_acc=0.8119 train_loss=0.5622 val_acc=0.6881 val_loss=0.9122 router_H=0.3647 best=0.6881
           router_load=[0.008452932350337505, 0.051877669990062714, 0.8578212857246399, 0.08184798806905746]
[step 0070/150] method=ours loss=0.6874 train_acc=0.8119 train_loss=0.5622 val_acc=0.6881 val_loss=0.9122 router_H=0.3647 best=0.6881
           router_load=[0.008452932350337505, 0.051877669990062714, 0.8578212857246399, 0.08184798806905746]
[step 0080/150] method=ours loss=0.4677 train_acc=0.8119 train_loss=0.5622 val_acc=0.6881 val_loss=0.9122 router_H=0.3647 best=0.6881
           router_load=[0.008452932350337505, 0.051877669990062714, 0.8578212857246399, 0.08184798806905746]
[step 0090/150] method=ours loss=0.1327 train_acc=0.8119 train_loss=0.5622 val_acc=0.6881 val_loss=0.9122 router_H=0.3647 best=0.6881
           router_load=[0.008452932350337505, 0.051877669990062714, 0.8578212857246399, 0.08184798806905746]
[step 0100/150] method=ours loss=0.2086 train_acc=0.8916 train_loss=0.3466 val_acc=0.8693 val_loss=0.3997 router_H=0.3780 best=0.8693
           router_load=[0.0, 0.20674584805965424, 0.7667903900146484, 0.026463549584150314]
[step 0110/150] method=ours loss=0.2090 train_acc=0.8916 train_loss=0.3466 val_acc=0.8693 val_loss=0.3997 router_H=0.3780 best=0.8693
           router_load=[0.0, 0.20674584805965424, 0.7667903900146484, 0.026463549584150314]
[step 0120/150] method=ours loss=0.2679 train_acc=0.8916 train_loss=0.3466 val_acc=0.8693 val_loss=0.3997 router_H=0.3780 best=0.8693
           router_load=[0.0, 0.20674584805965424, 0.7667903900146484, 0.026463549584150314]
[step 0130/150] method=ours loss=0.2669 train_acc=0.8916 train_loss=0.3466 val_acc=0.8693 val_loss=0.3997 router_H=0.3780 best=0.8693
           router_load=[0.0, 0.20674584805965424, 0.7667903900146484, 0.026463549584150314]
[step 0140/150] method=ours loss=0.3722 train_acc=0.8916 train_loss=0.3466 val_acc=0.8693 val_loss=0.3997 router_H=0.3780 best=0.8693
           router_load=[0.0, 0.20674584805965424, 0.7667903900146484, 0.026463549584150314]
[step 0150/150] method=ours loss=0.3016 train_acc=0.9225 train_loss=0.2026 val_acc=0.9300 val_loss=0.1980 router_H=0.3933 best=0.9300
           router_load=[0.0, 0.18249237537384033, 0.7902786731719971, 0.027228984981775284]
saved summary -> /home/zhujjing/MOE-grad-conflict-routing/runs/paper_suite/single_gpu/single_task/deberta_sst2_ffn_e4_k2_supplement/hpo/ours/trial_runs/coord_03_train_grad_clip_017/ours_s2.json
saved curve -> /home/zhujjing/MOE-grad-conflict-routing/runs/paper_suite/single_gpu/single_task/deberta_sst2_ffn_e4_k2_supplement/hpo/ours/trial_runs/coord_03_train_grad_clip_017/ours_s2_curve.csv
