[run] method=cagrad candidate=coord_03_train_grad_clip_010 seed=3 steps=150 gpu=0
[run] cmd=
/home/zhujjing/anaconda3/envs/moe/bin/python /home/zhujjing/MOE-grad-conflict-routing/scripts/run.py --config configs/singletask_sst2_real.yaml --set model.backbone_backend=hf --set model.hf_load_pretrained=true --set model.hf_local_files_only=true --set model.backbone=deberta --set model.hf_pretrained_name=microsoft/deberta-v3-base --set model.expert_type=lora --set model.routing_mode=topk --set model.num_experts=4 --set model.top_k=2 --set seed=3 --set method.name=baseline_cagrad --set train.steps=150 --set train.eval_every_steps=50 --set method.baseline_cagrad.c=0.4 --set method.baseline_cagrad.inner_lr=0.1 --set train.grad_clip=1.273448831 --set train.lr=2e-05 --set train.weight_decay=0.04430050278 --out /home/zhujjing/MOE-grad-conflict-routing/runs/paper_suite/single_gpu/single_task/deberta_sst2_lora_e4_k2_supplement/hpo/cagrad/trial_runs/coord_03_train_grad_clip_010/cagrad_s3.json --curve_out /home/zhujjing/MOE-grad-conflict-routing/runs/paper_suite/single_gpu/single_task/deberta_sst2_lora_e4_k2_supplement/hpo/cagrad/trial_runs/coord_03_train_grad_clip_010/cagrad_s3_curve.csv
Using the latest cached version of the dataset since glue couldn't be found on the Hugging Face Hub (offline mode is enabled).
Found the latest cached dataset configuration 'sst2' at /home/zhujjing/hf_cache/datasets/glue/sst2/0.0.0/bcdcba79d07bc864c1c254ccfcedcce55bcc9a8c (last modified on Thu Mar 19 15:01:41 2026).
/home/zhujjing/anaconda3/envs/moe/lib/python3.10/site-packages/transformers/utils/hub.py:124: FutureWarning: Using `TRANSFORMERS_CACHE` is deprecated and will be removed in v5 of Transformers. Use `HF_HOME` instead.
  warnings.warn(
/home/zhujjing/anaconda3/envs/moe/lib/python3.10/site-packages/transformers/convert_slow_tokenizer.py:560: UserWarning: The sentencepiece tokenizer that you are converting to a fast tokenizer uses the byte fallback option which is not implemented in the fast tokenizers. In practice this means that the fast version of the tokenizer can produce unknown tokens whereas the sentencepiece version would have converted these unknown tokens into a sequence of byte tokens matching the original piece of text.
  warnings.warn(
[step 0001/150] method=baseline_cagrad loss=0.6064 train_acc=nan train_loss=nan val_acc=nan val_loss=nan best=-1.0000
[step 0010/150] method=baseline_cagrad loss=0.5518 train_acc=nan train_loss=nan val_acc=nan val_loss=nan best=-1.0000
[step 0020/150] method=baseline_cagrad loss=0.5783 train_acc=nan train_loss=nan val_acc=nan val_loss=nan best=-1.0000
[step 0030/150] method=baseline_cagrad loss=0.5779 train_acc=nan train_loss=nan val_acc=nan val_loss=nan best=-1.0000
[step 0040/150] method=baseline_cagrad loss=0.4434 train_acc=nan train_loss=nan val_acc=nan val_loss=nan best=-1.0000
[step 0050/150] method=baseline_cagrad loss=0.4997 train_acc=0.8839 train_loss=0.3029 val_acc=0.8624 val_loss=0.3273 router_H=0.6660 best=0.8624
           router_load=[0.447553813457489, 0.10537661612033844, 0.2224639356136322, 0.22460554540157318]
[step 0060/150] method=baseline_cagrad loss=0.5727 train_acc=0.8839 train_loss=0.3029 val_acc=0.8624 val_loss=0.3273 router_H=0.6660 best=0.8624
           router_load=[0.447553813457489, 0.10537661612033844, 0.2224639356136322, 0.22460554540157318]
[step 0070/150] method=baseline_cagrad loss=0.2931 train_acc=0.8839 train_loss=0.3029 val_acc=0.8624 val_loss=0.3273 router_H=0.6660 best=0.8624
           router_load=[0.447553813457489, 0.10537661612033844, 0.2224639356136322, 0.22460554540157318]
[step 0080/150] method=baseline_cagrad loss=0.1762 train_acc=0.8839 train_loss=0.3029 val_acc=0.8624 val_loss=0.3273 router_H=0.6660 best=0.8624
           router_load=[0.447553813457489, 0.10537661612033844, 0.2224639356136322, 0.22460554540157318]
[step 0090/150] method=baseline_cagrad loss=0.2195 train_acc=0.8839 train_loss=0.3029 val_acc=0.8624 val_loss=0.3273 router_H=0.6660 best=0.8624
           router_load=[0.447553813457489, 0.10537661612033844, 0.2224639356136322, 0.22460554540157318]
[step 0100/150] method=baseline_cagrad loss=0.3023 train_acc=0.9060 train_loss=0.2556 val_acc=0.9060 val_loss=0.2463 router_H=0.6657 best=0.9060
           router_load=[0.3936039209365845, 0.12455453723669052, 0.2234349250793457, 0.2584066092967987]
[step 0110/150] method=baseline_cagrad loss=0.3431 train_acc=0.9060 train_loss=0.2556 val_acc=0.9060 val_loss=0.2463 router_H=0.6657 best=0.9060
           router_load=[0.3936039209365845, 0.12455453723669052, 0.2234349250793457, 0.2584066092967987]
[step 0120/150] method=baseline_cagrad loss=0.5032 train_acc=0.9060 train_loss=0.2556 val_acc=0.9060 val_loss=0.2463 router_H=0.6657 best=0.9060
           router_load=[0.3936039209365845, 0.12455453723669052, 0.2234349250793457, 0.2584066092967987]
[step 0130/150] method=baseline_cagrad loss=0.2583 train_acc=0.9060 train_loss=0.2556 val_acc=0.9060 val_loss=0.2463 router_H=0.6657 best=0.9060
           router_load=[0.3936039209365845, 0.12455453723669052, 0.2234349250793457, 0.2584066092967987]
[step 0140/150] method=baseline_cagrad loss=0.2472 train_acc=0.9060 train_loss=0.2556 val_acc=0.9060 val_loss=0.2463 router_H=0.6657 best=0.9060
           router_load=[0.3936039209365845, 0.12455453723669052, 0.2234349250793457, 0.2584066092967987]
[step 0150/150] method=baseline_cagrad loss=0.2135 train_acc=0.9262 train_loss=0.2080 val_acc=0.9289 val_loss=0.2038 router_H=0.6711 best=0.9289
           router_load=[0.37237370014190674, 0.07373134046792984, 0.35062935948371887, 0.20326553285121918]
saved summary -> /home/zhujjing/MOE-grad-conflict-routing/runs/paper_suite/single_gpu/single_task/deberta_sst2_lora_e4_k2_supplement/hpo/cagrad/trial_runs/coord_03_train_grad_clip_010/cagrad_s3.json
saved curve -> /home/zhujjing/MOE-grad-conflict-routing/runs/paper_suite/single_gpu/single_task/deberta_sst2_lora_e4_k2_supplement/hpo/cagrad/trial_runs/coord_03_train_grad_clip_010/cagrad_s3_curve.csv
