[run] method=cagrad candidate=local_var_topk_006 seed=3 steps=150 gpu=0
[run] cmd=
/home/zhujjing/anaconda3/envs/moe/bin/python /home/zhujjing/MOE-grad-conflict-routing/scripts/run.py --config configs/singletask_mrpc_real.yaml --set model.backbone_backend=hf --set model.hf_load_pretrained=true --set model.backbone=deberta --set model.hf_pretrained_name=microsoft/deberta-v3-base --set model.expert_type=ffn --set model.routing_mode=topk --set model.num_experts=4 --set model.top_k=2 --set seed=3 --set method.name=baseline_cagrad --set train.steps=150 --set train.eval_every_steps=50 --set method.baseline_cagrad.c=0.9099800661 --set method.baseline_cagrad.inner_lr=0.07309891419 --set train.grad_clip=1.958271302 --set train.lr=3.9243202e-05 --set train.weight_decay=0 --out /home/zhujjing/MOE-grad-conflict-routing/runs/paper_suite/single_gpu/single_task/deberta_mrpc_ffn_e4_k2/hpo/cagrad/trial_runs/local_var_topk_006/cagrad_s3.json --curve_out /home/zhujjing/MOE-grad-conflict-routing/runs/paper_suite/single_gpu/single_task/deberta_mrpc_ffn_e4_k2/hpo/cagrad/trial_runs/local_var_topk_006/cagrad_s3_curve.csv
Using the latest cached version of the dataset since glue couldn't be found on the Hugging Face Hub (offline mode is enabled).
Found the latest cached dataset configuration 'mrpc' at /home/zhujjing/hf_cache/datasets/glue/mrpc/0.0.0/bcdcba79d07bc864c1c254ccfcedcce55bcc9a8c (last modified on Thu Mar 19 15:01:06 2026).
/home/zhujjing/anaconda3/envs/moe/lib/python3.10/site-packages/transformers/utils/hub.py:124: FutureWarning: Using `TRANSFORMERS_CACHE` is deprecated and will be removed in v5 of Transformers. Use `HF_HOME` instead.
  warnings.warn(
/home/zhujjing/anaconda3/envs/moe/lib/python3.10/site-packages/transformers/convert_slow_tokenizer.py:560: UserWarning: The sentencepiece tokenizer that you are converting to a fast tokenizer uses the byte fallback option which is not implemented in the fast tokenizers. In practice this means that the fast version of the tokenizer can produce unknown tokens whereas the sentencepiece version would have converted these unknown tokens into a sequence of byte tokens matching the original piece of text.
  warnings.warn(
[step 0001/150] method=baseline_cagrad loss=0.6956 train_acc=nan train_loss=nan val_acc=nan val_loss=nan best=-1.0000
[step 0010/150] method=baseline_cagrad loss=0.6790 train_acc=nan train_loss=nan val_acc=nan val_loss=nan best=-1.0000
[step 0020/150] method=baseline_cagrad loss=0.5929 train_acc=nan train_loss=nan val_acc=nan val_loss=nan best=-1.0000
[step 0030/150] method=baseline_cagrad loss=0.4144 train_acc=nan train_loss=nan val_acc=nan val_loss=nan best=-1.0000
[step 0040/150] method=baseline_cagrad loss=0.6343 train_acc=nan train_loss=nan val_acc=nan val_loss=nan best=-1.0000
[step 0050/150] method=baseline_cagrad loss=0.3882 train_acc=0.7939 train_loss=0.4503 val_acc=0.7892 val_loss=0.4517 router_H=0.2185 best=0.7892
           router_load=[0.0598478838801384, 0.9395613074302673, 0.0, 0.0005907792365178466]
[step 0060/150] method=baseline_cagrad loss=0.4976 train_acc=0.7939 train_loss=0.4503 val_acc=0.7892 val_loss=0.4517 router_H=0.2185 best=0.7892
           router_load=[0.0598478838801384, 0.9395613074302673, 0.0, 0.0005907792365178466]
[step 0070/150] method=baseline_cagrad loss=0.3530 train_acc=0.7939 train_loss=0.4503 val_acc=0.7892 val_loss=0.4517 router_H=0.2185 best=0.7892
           router_load=[0.0598478838801384, 0.9395613074302673, 0.0, 0.0005907792365178466]
[step 0080/150] method=baseline_cagrad loss=0.2136 train_acc=0.7939 train_loss=0.4503 val_acc=0.7892 val_loss=0.4517 router_H=0.2185 best=0.7892
           router_load=[0.0598478838801384, 0.9395613074302673, 0.0, 0.0005907792365178466]
[step 0090/150] method=baseline_cagrad loss=0.3378 train_acc=0.7939 train_loss=0.4503 val_acc=0.7892 val_loss=0.4517 router_H=0.2185 best=0.7892
           router_load=[0.0598478838801384, 0.9395613074302673, 0.0, 0.0005907792365178466]
[step 0100/150] method=baseline_cagrad loss=0.2656 train_acc=0.8814 train_loss=0.2859 val_acc=0.8897 val_loss=0.3034 router_H=0.1908 best=0.8897
           router_load=[0.0602775402367115, 0.9353299736976624, 0.00014244936755858362, 0.004250136204063892]
[step 0110/150] method=baseline_cagrad loss=0.3699 train_acc=0.8814 train_loss=0.2859 val_acc=0.8897 val_loss=0.3034 router_H=0.1908 best=0.8897
           router_load=[0.0602775402367115, 0.9353299736976624, 0.00014244936755858362, 0.004250136204063892]
[step 0120/150] method=baseline_cagrad loss=0.1786 train_acc=0.8814 train_loss=0.2859 val_acc=0.8897 val_loss=0.3034 router_H=0.1908 best=0.8897
           router_load=[0.0602775402367115, 0.9353299736976624, 0.00014244936755858362, 0.004250136204063892]
[step 0130/150] method=baseline_cagrad loss=0.5296 train_acc=0.8814 train_loss=0.2859 val_acc=0.8897 val_loss=0.3034 router_H=0.1908 best=0.8897
           router_load=[0.0602775402367115, 0.9353299736976624, 0.00014244936755858362, 0.004250136204063892]
[step 0140/150] method=baseline_cagrad loss=0.8500 train_acc=0.8814 train_loss=0.2859 val_acc=0.8897 val_loss=0.3034 router_H=0.1908 best=0.8897
           router_load=[0.0602775402367115, 0.9353299736976624, 0.00014244936755858362, 0.004250136204063892]
[step 0150/150] method=baseline_cagrad loss=0.3375 train_acc=0.9152 train_loss=0.2370 val_acc=0.8824 val_loss=0.2772 router_H=0.2504 best=0.8897
           router_load=[0.09652166813611984, 0.8988003730773926, 0.0, 0.004677893593907356]
saved summary -> /home/zhujjing/MOE-grad-conflict-routing/runs/paper_suite/single_gpu/single_task/deberta_mrpc_ffn_e4_k2/hpo/cagrad/trial_runs/local_var_topk_006/cagrad_s3.json
saved curve -> /home/zhujjing/MOE-grad-conflict-routing/runs/paper_suite/single_gpu/single_task/deberta_mrpc_ffn_e4_k2/hpo/cagrad/trial_runs/local_var_topk_006/cagrad_s3_curve.csv
