[run] method=ours candidate=local_var_topk_018 seed=3 steps=150 gpu=0
[run] cmd=
/home/zhujjing/anaconda3/envs/moe/bin/python /home/zhujjing/MOE-grad-conflict-routing/scripts/run.py --config configs/singletask_mrpc_real.yaml --set model.backbone_backend=hf --set model.hf_load_pretrained=true --set model.backbone=deberta --set model.hf_pretrained_name=microsoft/deberta-v3-base --set model.expert_type=ffn --set model.routing_mode=topk --set model.num_experts=4 --set model.top_k=2 --set seed=3 --set method.name=ours --set train.steps=150 --set train.eval_every_steps=50 --set method.ours.use_load_norm=true --set method.ours.lambda_align=0.000382247022 --set train.grad_clip=1.216011677 --set train.lr=6.7129625e-05 --set train.weight_decay=0.04283921792 --out /home/zhujjing/MOE-grad-conflict-routing/runs/paper_suite/single_gpu/single_task/deberta_mrpc_ffn_e4_k2/hpo/ours/trial_runs/local_var_topk_018/ours_s3.json --curve_out /home/zhujjing/MOE-grad-conflict-routing/runs/paper_suite/single_gpu/single_task/deberta_mrpc_ffn_e4_k2/hpo/ours/trial_runs/local_var_topk_018/ours_s3_curve.csv
Using the latest cached version of the dataset since glue couldn't be found on the Hugging Face Hub (offline mode is enabled).
Found the latest cached dataset configuration 'mrpc' at /home/zhujjing/hf_cache/datasets/glue/mrpc/0.0.0/bcdcba79d07bc864c1c254ccfcedcce55bcc9a8c (last modified on Thu Mar 19 15:01:06 2026).
/home/zhujjing/anaconda3/envs/moe/lib/python3.10/site-packages/transformers/utils/hub.py:124: FutureWarning: Using `TRANSFORMERS_CACHE` is deprecated and will be removed in v5 of Transformers. Use `HF_HOME` instead.
  warnings.warn(
/home/zhujjing/anaconda3/envs/moe/lib/python3.10/site-packages/transformers/convert_slow_tokenizer.py:560: UserWarning: The sentencepiece tokenizer that you are converting to a fast tokenizer uses the byte fallback option which is not implemented in the fast tokenizers. In practice this means that the fast version of the tokenizer can produce unknown tokens whereas the sentencepiece version would have converted these unknown tokens into a sequence of byte tokens matching the original piece of text.
  warnings.warn(
[step 0001/150] method=ours loss=0.7164 train_acc=nan train_loss=nan val_acc=nan val_loss=nan best=-1.0000
[step 0010/150] method=ours loss=0.6633 train_acc=nan train_loss=nan val_acc=nan val_loss=nan best=-1.0000
[step 0020/150] method=ours loss=0.5778 train_acc=nan train_loss=nan val_acc=nan val_loss=nan best=-1.0000
[step 0030/150] method=ours loss=0.4466 train_acc=nan train_loss=nan val_acc=nan val_loss=nan best=-1.0000
[step 0040/150] method=ours loss=0.6677 train_acc=nan train_loss=nan val_acc=nan val_loss=nan best=-1.0000
[step 0050/150] method=ours loss=0.3639 train_acc=0.8113 train_loss=0.4274 val_acc=0.8113 val_loss=0.4259 router_H=0.5487 best=0.8113
           router_load=[0.28178471326828003, 0.7182154059410095, 0.0, 0.0]
[step 0060/150] method=ours loss=0.1784 train_acc=0.8113 train_loss=0.4274 val_acc=0.8113 val_loss=0.4259 router_H=0.5487 best=0.8113
           router_load=[0.28178471326828003, 0.7182154059410095, 0.0, 0.0]
[step 0070/150] method=ours loss=0.6457 train_acc=0.8113 train_loss=0.4274 val_acc=0.8113 val_loss=0.4259 router_H=0.5487 best=0.8113
           router_load=[0.28178471326828003, 0.7182154059410095, 0.0, 0.0]
[step 0080/150] method=ours loss=0.2790 train_acc=0.8113 train_loss=0.4274 val_acc=0.8113 val_loss=0.4259 router_H=0.5487 best=0.8113
           router_load=[0.28178471326828003, 0.7182154059410095, 0.0, 0.0]
[step 0090/150] method=ours loss=0.4748 train_acc=0.8113 train_loss=0.4274 val_acc=0.8113 val_loss=0.4259 router_H=0.5487 best=0.8113
           router_load=[0.28178471326828003, 0.7182154059410095, 0.0, 0.0]
[step 0100/150] method=ours loss=0.4748 train_acc=0.8340 train_loss=0.3505 val_acc=0.8186 val_loss=0.3896 router_H=0.3762 best=0.8186
           router_load=[0.008780264295637608, 0.8412355780601501, 0.0, 0.14998413622379303]
[step 0110/150] method=ours loss=0.2867 train_acc=0.8340 train_loss=0.3505 val_acc=0.8186 val_loss=0.3896 router_H=0.3762 best=0.8186
           router_load=[0.008780264295637608, 0.8412355780601501, 0.0, 0.14998413622379303]
[step 0120/150] method=ours loss=0.2001 train_acc=0.8340 train_loss=0.3505 val_acc=0.8186 val_loss=0.3896 router_H=0.3762 best=0.8186
           router_load=[0.008780264295637608, 0.8412355780601501, 0.0, 0.14998413622379303]
[step 0130/150] method=ours loss=0.5919 train_acc=0.8340 train_loss=0.3505 val_acc=0.8186 val_loss=0.3896 router_H=0.3762 best=0.8186
           router_load=[0.008780264295637608, 0.8412355780601501, 0.0, 0.14998413622379303]
[step 0140/150] method=ours loss=0.6486 train_acc=0.8340 train_loss=0.3505 val_acc=0.8186 val_loss=0.3896 router_H=0.3762 best=0.8186
           router_load=[0.008780264295637608, 0.8412355780601501, 0.0, 0.14998413622379303]
[step 0150/150] method=ours loss=0.2695 train_acc=0.8983 train_loss=0.2757 val_acc=0.8701 val_loss=0.3266 router_H=0.2923 best=0.8701
           router_load=[0.1050591692328453, 0.8869898319244385, 0.002894418314099312, 0.005056649446487427]
saved summary -> /home/zhujjing/MOE-grad-conflict-routing/runs/paper_suite/single_gpu/single_task/deberta_mrpc_ffn_e4_k2/hpo/ours/trial_runs/local_var_topk_018/ours_s3.json
saved curve -> /home/zhujjing/MOE-grad-conflict-routing/runs/paper_suite/single_gpu/single_task/deberta_mrpc_ffn_e4_k2/hpo/ours/trial_runs/local_var_topk_018/ours_s3_curve.csv
