[run] method=ours candidate=local_var_topk_015 seed=2 steps=150 gpu=0
[run] cmd=
/home/zhujjing/anaconda3/envs/moe/bin/python /home/zhujjing/MOE-grad-conflict-routing/scripts/run.py --config configs/singletask_mrpc_real.yaml --set model.backbone_backend=hf --set model.hf_load_pretrained=true --set model.backbone=deberta --set model.hf_pretrained_name=microsoft/deberta-v3-base --set model.expert_type=ffn --set model.routing_mode=topk --set model.num_experts=4 --set model.top_k=2 --set seed=2 --set method.name=ours --set train.steps=150 --set train.eval_every_steps=50 --set method.ours.use_load_norm=true --set method.ours.lambda_align=0.001528988086 --set train.grad_clip=1.216011677 --set train.lr=3.3564812e-05 --set train.weight_decay=0.04283921792 --out /home/zhujjing/MOE-grad-conflict-routing/runs/paper_suite/single_gpu/single_task/deberta_mrpc_ffn_e4_k2/hpo/ours/trial_runs/local_var_topk_015/ours_s2.json --curve_out /home/zhujjing/MOE-grad-conflict-routing/runs/paper_suite/single_gpu/single_task/deberta_mrpc_ffn_e4_k2/hpo/ours/trial_runs/local_var_topk_015/ours_s2_curve.csv
Using the latest cached version of the dataset since glue couldn't be found on the Hugging Face Hub (offline mode is enabled).
Found the latest cached dataset configuration 'mrpc' at /home/zhujjing/hf_cache/datasets/glue/mrpc/0.0.0/bcdcba79d07bc864c1c254ccfcedcce55bcc9a8c (last modified on Thu Mar 19 15:01:06 2026).
/home/zhujjing/anaconda3/envs/moe/lib/python3.10/site-packages/transformers/utils/hub.py:124: FutureWarning: Using `TRANSFORMERS_CACHE` is deprecated and will be removed in v5 of Transformers. Use `HF_HOME` instead.
  warnings.warn(
/home/zhujjing/anaconda3/envs/moe/lib/python3.10/site-packages/transformers/convert_slow_tokenizer.py:560: UserWarning: The sentencepiece tokenizer that you are converting to a fast tokenizer uses the byte fallback option which is not implemented in the fast tokenizers. In practice this means that the fast version of the tokenizer can produce unknown tokens whereas the sentencepiece version would have converted these unknown tokens into a sequence of byte tokens matching the original piece of text.
  warnings.warn(
[step 0001/150] method=ours loss=0.6769 train_acc=nan train_loss=nan val_acc=nan val_loss=nan best=-1.0000
[step 0010/150] method=ours loss=0.6183 train_acc=nan train_loss=nan val_acc=nan val_loss=nan best=-1.0000
[step 0020/150] method=ours loss=0.5084 train_acc=nan train_loss=nan val_acc=nan val_loss=nan best=-1.0000
[step 0030/150] method=ours loss=0.4187 train_acc=nan train_loss=nan val_acc=nan val_loss=nan best=-1.0000
[step 0040/150] method=ours loss=0.5021 train_acc=nan train_loss=nan val_acc=nan val_loss=nan best=-1.0000
[step 0050/150] method=ours loss=0.4608 train_acc=0.8242 train_loss=0.4154 val_acc=0.8186 val_loss=0.4205 router_H=0.6262 best=0.8186
           router_load=[0.5058799386024475, 0.0029217784758657217, 0.4903467893600464, 0.0008514632936567068]
[step 0060/150] method=ours loss=0.4096 train_acc=0.8242 train_loss=0.4154 val_acc=0.8186 val_loss=0.4205 router_H=0.6262 best=0.8186
           router_load=[0.5058799386024475, 0.0029217784758657217, 0.4903467893600464, 0.0008514632936567068]
[step 0070/150] method=ours loss=0.3256 train_acc=0.8242 train_loss=0.4154 val_acc=0.8186 val_loss=0.4205 router_H=0.6262 best=0.8186
           router_load=[0.5058799386024475, 0.0029217784758657217, 0.4903467893600464, 0.0008514632936567068]
[step 0080/150] method=ours loss=0.3099 train_acc=0.8242 train_loss=0.4154 val_acc=0.8186 val_loss=0.4205 router_H=0.6262 best=0.8186
           router_load=[0.5058799386024475, 0.0029217784758657217, 0.4903467893600464, 0.0008514632936567068]
[step 0090/150] method=ours loss=0.3828 train_acc=0.8242 train_loss=0.4154 val_acc=0.8186 val_loss=0.4205 router_H=0.6262 best=0.8186
           router_load=[0.5058799386024475, 0.0029217784758657217, 0.4903467893600464, 0.0008514632936567068]
[step 0100/150] method=ours loss=0.1855 train_acc=0.8724 train_loss=0.3080 val_acc=0.8407 val_loss=0.3897 router_H=0.4956 best=0.8407
           router_load=[0.3707030415534973, 0.004864965099841356, 0.6166271567344666, 0.007804878056049347]
[step 0110/150] method=ours loss=0.4540 train_acc=0.8724 train_loss=0.3080 val_acc=0.8407 val_loss=0.3897 router_H=0.4956 best=0.8407
           router_load=[0.3707030415534973, 0.004864965099841356, 0.6166271567344666, 0.007804878056049347]
[step 0120/150] method=ours loss=0.5100 train_acc=0.8724 train_loss=0.3080 val_acc=0.8407 val_loss=0.3897 router_H=0.4956 best=0.8407
           router_load=[0.3707030415534973, 0.004864965099841356, 0.6166271567344666, 0.007804878056049347]
[step 0130/150] method=ours loss=0.4912 train_acc=0.8724 train_loss=0.3080 val_acc=0.8407 val_loss=0.3897 router_H=0.4956 best=0.8407
           router_load=[0.3707030415534973, 0.004864965099841356, 0.6166271567344666, 0.007804878056049347]
[step 0140/150] method=ours loss=0.4340 train_acc=0.8724 train_loss=0.3080 val_acc=0.8407 val_loss=0.3897 router_H=0.4956 best=0.8407
           router_load=[0.3707030415534973, 0.004864965099841356, 0.6166271567344666, 0.007804878056049347]
[step 0150/150] method=ours loss=0.6282 train_acc=0.8926 train_loss=0.2663 val_acc=0.8701 val_loss=0.3394 router_H=0.3815 best=0.8701
           router_load=[0.21617908775806427, 0.0024336865171790123, 0.6854844093322754, 0.09590285271406174]
saved summary -> /home/zhujjing/MOE-grad-conflict-routing/runs/paper_suite/single_gpu/single_task/deberta_mrpc_ffn_e4_k2/hpo/ours/trial_runs/local_var_topk_015/ours_s2.json
saved curve -> /home/zhujjing/MOE-grad-conflict-routing/runs/paper_suite/single_gpu/single_task/deberta_mrpc_ffn_e4_k2/hpo/ours/trial_runs/local_var_topk_015/ours_s2_curve.csv
