[run] method=ours candidate=local_var_topk_011 seed=3 steps=150 gpu=0
[run] cmd=
/home/zhujjing/anaconda3/envs/moe/bin/python /home/zhujjing/MOE-grad-conflict-routing/scripts/run.py --config configs/singletask_mrpc_real.yaml --set model.backbone_backend=hf --set model.hf_load_pretrained=true --set model.backbone=deberta --set model.hf_pretrained_name=microsoft/deberta-v3-base --set model.expert_type=ffn --set model.routing_mode=topk --set model.num_experts=4 --set model.top_k=2 --set seed=3 --set method.name=ours --set train.steps=150 --set train.eval_every_steps=50 --set method.ours.use_load_norm=true --set method.ours.lambda_align=0.000382247022 --set train.grad_clip=1.816011677 --set train.lr=3.3564812e-05 --set train.weight_decay=0.04283921792 --out /home/zhujjing/MOE-grad-conflict-routing/runs/paper_suite/single_gpu/single_task/deberta_mrpc_ffn_e4_k2/hpo/ours/trial_runs/local_var_topk_011/ours_s3.json --curve_out /home/zhujjing/MOE-grad-conflict-routing/runs/paper_suite/single_gpu/single_task/deberta_mrpc_ffn_e4_k2/hpo/ours/trial_runs/local_var_topk_011/ours_s3_curve.csv
Using the latest cached version of the dataset since glue couldn't be found on the Hugging Face Hub (offline mode is enabled).
Found the latest cached dataset configuration 'mrpc' at /home/zhujjing/hf_cache/datasets/glue/mrpc/0.0.0/bcdcba79d07bc864c1c254ccfcedcce55bcc9a8c (last modified on Thu Mar 19 15:01:06 2026).
/home/zhujjing/anaconda3/envs/moe/lib/python3.10/site-packages/transformers/utils/hub.py:124: FutureWarning: Using `TRANSFORMERS_CACHE` is deprecated and will be removed in v5 of Transformers. Use `HF_HOME` instead.
  warnings.warn(
/home/zhujjing/anaconda3/envs/moe/lib/python3.10/site-packages/transformers/convert_slow_tokenizer.py:560: UserWarning: The sentencepiece tokenizer that you are converting to a fast tokenizer uses the byte fallback option which is not implemented in the fast tokenizers. In practice this means that the fast version of the tokenizer can produce unknown tokens whereas the sentencepiece version would have converted these unknown tokens into a sequence of byte tokens matching the original piece of text.
  warnings.warn(
[step 0001/150] method=ours loss=0.6787 train_acc=nan train_loss=nan val_acc=nan val_loss=nan best=-1.0000
[step 0010/150] method=ours loss=0.6474 train_acc=nan train_loss=nan val_acc=nan val_loss=nan best=-1.0000
[step 0020/150] method=ours loss=0.5753 train_acc=nan train_loss=nan val_acc=nan val_loss=nan best=-1.0000
[step 0030/150] method=ours loss=0.4021 train_acc=nan train_loss=nan val_acc=nan val_loss=nan best=-1.0000
[step 0040/150] method=ours loss=0.5581 train_acc=nan train_loss=nan val_acc=nan val_loss=nan best=-1.0000
[step 0050/150] method=ours loss=0.2719 train_acc=0.8073 train_loss=0.4123 val_acc=0.7892 val_loss=0.4228 router_H=0.5958 best=0.7892
           router_load=[0.3207341432571411, 0.0, 0.6403630375862122, 0.038902781903743744]
[step 0060/150] method=ours loss=0.4524 train_acc=0.8073 train_loss=0.4123 val_acc=0.7892 val_loss=0.4228 router_H=0.5958 best=0.7892
           router_load=[0.3207341432571411, 0.0, 0.6403630375862122, 0.038902781903743744]
[step 0070/150] method=ours loss=0.2363 train_acc=0.8073 train_loss=0.4123 val_acc=0.7892 val_loss=0.4228 router_H=0.5958 best=0.7892
           router_load=[0.3207341432571411, 0.0, 0.6403630375862122, 0.038902781903743744]
[step 0080/150] method=ours loss=0.1385 train_acc=0.8073 train_loss=0.4123 val_acc=0.7892 val_loss=0.4228 router_H=0.5958 best=0.7892
           router_load=[0.3207341432571411, 0.0, 0.6403630375862122, 0.038902781903743744]
[step 0090/150] method=ours loss=0.2790 train_acc=0.8073 train_loss=0.4123 val_acc=0.7892 val_loss=0.4228 router_H=0.5958 best=0.7892
           router_load=[0.3207341432571411, 0.0, 0.6403630375862122, 0.038902781903743744]
[step 0100/150] method=ours loss=0.2495 train_acc=0.8850 train_loss=0.2782 val_acc=0.8627 val_loss=0.3330 router_H=0.5233 best=0.8627
           router_load=[0.36709722876548767, 0.015412027947604656, 0.6064233779907227, 0.011067280545830727]
[step 0110/150] method=ours loss=0.4284 train_acc=0.8850 train_loss=0.2782 val_acc=0.8627 val_loss=0.3330 router_H=0.5233 best=0.8627
           router_load=[0.36709722876548767, 0.015412027947604656, 0.6064233779907227, 0.011067280545830727]
[step 0120/150] method=ours loss=0.1905 train_acc=0.8850 train_loss=0.2782 val_acc=0.8627 val_loss=0.3330 router_H=0.5233 best=0.8627
           router_load=[0.36709722876548767, 0.015412027947604656, 0.6064233779907227, 0.011067280545830727]
[step 0130/150] method=ours loss=0.2841 train_acc=0.8850 train_loss=0.2782 val_acc=0.8627 val_loss=0.3330 router_H=0.5233 best=0.8627
           router_load=[0.36709722876548767, 0.015412027947604656, 0.6064233779907227, 0.011067280545830727]
[step 0140/150] method=ours loss=0.7087 train_acc=0.8850 train_loss=0.2782 val_acc=0.8627 val_loss=0.3330 router_H=0.5233 best=0.8627
           router_load=[0.36709722876548767, 0.015412027947604656, 0.6064233779907227, 0.011067280545830727]
[step 0150/150] method=ours loss=0.5026 train_acc=0.8929 train_loss=0.2708 val_acc=0.8431 val_loss=0.3378 router_H=0.4827 best=0.8627
           router_load=[0.23701925575733185, 0.0, 0.7603476047515869, 0.0026329902466386557]
saved summary -> /home/zhujjing/MOE-grad-conflict-routing/runs/paper_suite/single_gpu/single_task/deberta_mrpc_ffn_e4_k2/hpo/ours/trial_runs/local_var_topk_011/ours_s3.json
saved curve -> /home/zhujjing/MOE-grad-conflict-routing/runs/paper_suite/single_gpu/single_task/deberta_mrpc_ffn_e4_k2/hpo/ours/trial_runs/local_var_topk_011/ours_s3_curve.csv
