[run] method=cagrad candidate=coord_03_train_grad_clip_010 seed=3 steps=150 gpu=0
[run] cmd=
/home/zhujjing/anaconda3/envs/moe/bin/python /home/zhujjing/MOE-grad-conflict-routing/scripts/run.py --config configs/singletask_sst2_real.yaml --set model.backbone_backend=hf --set model.hf_load_pretrained=true --set model.hf_local_files_only=true --set model.backbone=deberta --set model.hf_pretrained_name=microsoft/deberta-v3-base --set model.expert_type=ffn --set model.routing_mode=topk --set model.num_experts=4 --set model.top_k=2 --set seed=3 --set method.name=baseline_cagrad --set train.steps=150 --set train.eval_every_steps=50 --set method.baseline_cagrad.c=0.4 --set method.baseline_cagrad.inner_lr=0.1 --set train.grad_clip=1.273448831 --set train.lr=3.483800361e-05 --set train.weight_decay=0.03456878451 --out /home/zhujjing/MOE-grad-conflict-routing/runs/paper_suite/single_gpu/single_task/deberta_sst2_ffn_e4_k2_supplement/hpo/cagrad/trial_runs/coord_03_train_grad_clip_010/cagrad_s3.json --curve_out /home/zhujjing/MOE-grad-conflict-routing/runs/paper_suite/single_gpu/single_task/deberta_sst2_ffn_e4_k2_supplement/hpo/cagrad/trial_runs/coord_03_train_grad_clip_010/cagrad_s3_curve.csv
Using the latest cached version of the dataset since glue couldn't be found on the Hugging Face Hub (offline mode is enabled).
Found the latest cached dataset configuration 'sst2' at /home/zhujjing/hf_cache/datasets/glue/sst2/0.0.0/bcdcba79d07bc864c1c254ccfcedcce55bcc9a8c (last modified on Thu Mar 19 15:01:41 2026).
/home/zhujjing/anaconda3/envs/moe/lib/python3.10/site-packages/transformers/utils/hub.py:124: FutureWarning: Using `TRANSFORMERS_CACHE` is deprecated and will be removed in v5 of Transformers. Use `HF_HOME` instead.
  warnings.warn(
/home/zhujjing/anaconda3/envs/moe/lib/python3.10/site-packages/transformers/convert_slow_tokenizer.py:560: UserWarning: The sentencepiece tokenizer that you are converting to a fast tokenizer uses the byte fallback option which is not implemented in the fast tokenizers. In practice this means that the fast version of the tokenizer can produce unknown tokens whereas the sentencepiece version would have converted these unknown tokens into a sequence of byte tokens matching the original piece of text.
  warnings.warn(
[step 0001/150] method=baseline_cagrad loss=0.6692 train_acc=nan train_loss=nan val_acc=nan val_loss=nan best=-1.0000
[step 0010/150] method=baseline_cagrad loss=0.6140 train_acc=nan train_loss=nan val_acc=nan val_loss=nan best=-1.0000
[step 0020/150] method=baseline_cagrad loss=0.6206 train_acc=nan train_loss=nan val_acc=nan val_loss=nan best=-1.0000
[step 0030/150] method=baseline_cagrad loss=0.6172 train_acc=nan train_loss=nan val_acc=nan val_loss=nan best=-1.0000
[step 0040/150] method=baseline_cagrad loss=0.6061 train_acc=nan train_loss=nan val_acc=nan val_loss=nan best=-1.0000
[step 0050/150] method=baseline_cagrad loss=0.5013 train_acc=0.8726 train_loss=0.3331 val_acc=0.8670 val_loss=0.3331 router_H=0.5383 best=0.8670
           router_load=[0.4692060351371765, 0.0010902114445343614, 0.0855991467833519, 0.44410452246665955]
[step 0060/150] method=baseline_cagrad loss=0.4438 train_acc=0.8726 train_loss=0.3331 val_acc=0.8670 val_loss=0.3331 router_H=0.5383 best=0.8670
           router_load=[0.4692060351371765, 0.0010902114445343614, 0.0855991467833519, 0.44410452246665955]
[step 0070/150] method=baseline_cagrad loss=0.3217 train_acc=0.8726 train_loss=0.3331 val_acc=0.8670 val_loss=0.3331 router_H=0.5383 best=0.8670
           router_load=[0.4692060351371765, 0.0010902114445343614, 0.0855991467833519, 0.44410452246665955]
[step 0080/150] method=baseline_cagrad loss=0.1114 train_acc=0.8726 train_loss=0.3331 val_acc=0.8670 val_loss=0.3331 router_H=0.5383 best=0.8670
           router_load=[0.4692060351371765, 0.0010902114445343614, 0.0855991467833519, 0.44410452246665955]
[step 0090/150] method=baseline_cagrad loss=0.1929 train_acc=0.8726 train_loss=0.3331 val_acc=0.8670 val_loss=0.3331 router_H=0.5383 best=0.8670
           router_load=[0.4692060351371765, 0.0010902114445343614, 0.0855991467833519, 0.44410452246665955]
[step 0100/150] method=baseline_cagrad loss=0.2795 train_acc=0.9053 train_loss=0.2670 val_acc=0.9209 val_loss=0.2375 router_H=0.3979 best=0.9209
           router_load=[0.49366533756256104, 0.010106266476213932, 0.03705689311027527, 0.45917150378227234]
[step 0110/150] method=baseline_cagrad loss=0.5500 train_acc=0.9053 train_loss=0.2670 val_acc=0.9209 val_loss=0.2375 router_H=0.3979 best=0.9209
           router_load=[0.49366533756256104, 0.010106266476213932, 0.03705689311027527, 0.45917150378227234]
[step 0120/150] method=baseline_cagrad loss=0.4495 train_acc=0.9053 train_loss=0.2670 val_acc=0.9209 val_loss=0.2375 router_H=0.3979 best=0.9209
           router_load=[0.49366533756256104, 0.010106266476213932, 0.03705689311027527, 0.45917150378227234]
[step 0130/150] method=baseline_cagrad loss=0.2717 train_acc=0.9053 train_loss=0.2670 val_acc=0.9209 val_loss=0.2375 router_H=0.3979 best=0.9209
           router_load=[0.49366533756256104, 0.010106266476213932, 0.03705689311027527, 0.45917150378227234]
[step 0140/150] method=baseline_cagrad loss=0.2554 train_acc=0.9053 train_loss=0.2670 val_acc=0.9209 val_loss=0.2375 router_H=0.3979 best=0.9209
           router_load=[0.49366533756256104, 0.010106266476213932, 0.03705689311027527, 0.45917150378227234]
[step 0150/150] method=baseline_cagrad loss=0.1552 train_acc=0.9198 train_loss=0.2217 val_acc=0.9369 val_loss=0.2070 router_H=0.3491 best=0.9369
           router_load=[0.48763883113861084, 0.0, 0.024687038734555244, 0.4876742362976074]
saved summary -> /home/zhujjing/MOE-grad-conflict-routing/runs/paper_suite/single_gpu/single_task/deberta_sst2_ffn_e4_k2_supplement/hpo/cagrad/trial_runs/coord_03_train_grad_clip_010/cagrad_s3.json
saved curve -> /home/zhujjing/MOE-grad-conflict-routing/runs/paper_suite/single_gpu/single_task/deberta_sst2_ffn_e4_k2_supplement/hpo/cagrad/trial_runs/coord_03_train_grad_clip_010/cagrad_s3_curve.csv
