[run] method=baseline candidate=local_var_topk_009 seed=3 steps=200 gpu=0
[run] cmd=
/home/zhujjing/anaconda3/envs/moe/bin/python /home/zhujjing/MOE-grad-conflict-routing/scripts/run.py --config configs/multitask_glue3_rte_mrpc_cola_real.yaml --set model.backbone_backend=hf --set model.hf_load_pretrained=true --set model.hf_local_files_only=true --set model.backbone=deberta --set model.hf_pretrained_name=microsoft/deberta-v3-base --set model.expert_type=lora --set model.routing_mode=topk --set model.num_experts=4 --set model.top_k=2 --set train.eval_train_fraction=0.10 --set train.eval_train_max_batches=-1 --set train.eval_max_batches=-1 --set seed=3 --set method.name=baseline_avg --set train.steps=200 --set train.eval_every_steps=100 --set train.grad_clip=0.6537451003 --set train.lr=4.0732353e-05 --set train.weight_decay=0 --out /home/zhujjing/MOE-grad-conflict-routing/runs/paper_suite/single_gpu/multi_task/glue3_deberta_lora_e4_k2/hpo/baseline/trial_runs/local_var_topk_009/baseline_s3.json --curve_out /home/zhujjing/MOE-grad-conflict-routing/runs/paper_suite/single_gpu/multi_task/glue3_deberta_lora_e4_k2/hpo/baseline/trial_runs/local_var_topk_009/baseline_s3_curve.csv
Using the latest cached version of the dataset since glue couldn't be found on the Hugging Face Hub (offline mode is enabled).
Found the latest cached dataset configuration 'rte' at /home/zhujjing/hf_cache/datasets/glue/rte/0.0.0/bcdcba79d07bc864c1c254ccfcedcce55bcc9a8c (last modified on Thu Mar 19 15:00:36 2026).
/home/zhujjing/anaconda3/envs/moe/lib/python3.10/site-packages/transformers/utils/hub.py:124: FutureWarning: Using `TRANSFORMERS_CACHE` is deprecated and will be removed in v5 of Transformers. Use `HF_HOME` instead.
  warnings.warn(
/home/zhujjing/anaconda3/envs/moe/lib/python3.10/site-packages/transformers/convert_slow_tokenizer.py:560: UserWarning: The sentencepiece tokenizer that you are converting to a fast tokenizer uses the byte fallback option which is not implemented in the fast tokenizers. In practice this means that the fast version of the tokenizer can produce unknown tokens whereas the sentencepiece version would have converted these unknown tokens into a sequence of byte tokens matching the original piece of text.
  warnings.warn(
Using the latest cached version of the dataset since glue couldn't be found on the Hugging Face Hub (offline mode is enabled).
Found the latest cached dataset configuration 'mrpc' at /home/zhujjing/hf_cache/datasets/glue/mrpc/0.0.0/bcdcba79d07bc864c1c254ccfcedcce55bcc9a8c (last modified on Thu Mar 19 15:01:06 2026).
Using the latest cached version of the dataset since glue couldn't be found on the Hugging Face Hub (offline mode is enabled).
Found the latest cached dataset configuration 'cola' at /home/zhujjing/hf_cache/datasets/glue/cola/0.0.0/bcdcba79d07bc864c1c254ccfcedcce55bcc9a8c (last modified on Thu Mar 19 15:02:09 2026).
[step 0001/200] method=baseline_avg loss=0.6670 train_acc=nan train_loss=nan val_acc=nan val_loss=nan best=-1.0000
[step 0010/200] method=baseline_avg loss=0.6444 train_acc=nan train_loss=nan val_acc=nan val_loss=nan best=-1.0000
[step 0020/200] method=baseline_avg loss=0.4730 train_acc=nan train_loss=nan val_acc=nan val_loss=nan best=-1.0000
[step 0030/200] method=baseline_avg loss=0.6238 train_acc=nan train_loss=nan val_acc=nan val_loss=nan best=-1.0000
[step 0040/200] method=baseline_avg loss=0.6177 train_acc=nan train_loss=nan val_acc=nan val_loss=nan best=-1.0000
[step 0050/200] method=baseline_avg loss=0.5384 train_acc=nan train_loss=nan val_acc=nan val_loss=nan best=-1.0000
[step 0060/200] method=baseline_avg loss=0.5122 train_acc=nan train_loss=nan val_acc=nan val_loss=nan best=-1.0000
[step 0070/200] method=baseline_avg loss=0.5941 train_acc=nan train_loss=nan val_acc=nan val_loss=nan best=-1.0000
[step 0080/200] method=baseline_avg loss=0.6596 train_acc=nan train_loss=nan val_acc=nan val_loss=nan best=-1.0000
[step 0090/200] method=baseline_avg loss=0.4376 train_acc=nan train_loss=nan val_acc=nan val_loss=nan best=-1.0000
[step 0100/200] method=baseline_avg loss=0.6153 train_acc=0.7392 train_loss=0.5143 val_acc=0.7233 val_loss=0.5368 router_H=0.6869 best=0.7233
           router_load=[0.012332767248153687, 0.352539598941803, 0.3855839967727661, 0.24954383075237274]
[step 0110/200] method=baseline_avg loss=0.3555 train_acc=0.7392 train_loss=0.5143 val_acc=0.7233 val_loss=0.5368 router_H=0.6869 best=0.7233
           router_load=[0.012332767248153687, 0.352539598941803, 0.3855839967727661, 0.24954383075237274]
[step 0120/200] method=baseline_avg loss=0.3888 train_acc=0.7392 train_loss=0.5143 val_acc=0.7233 val_loss=0.5368 router_H=0.6869 best=0.7233
           router_load=[0.012332767248153687, 0.352539598941803, 0.3855839967727661, 0.24954383075237274]
[step 0130/200] method=baseline_avg loss=0.4321 train_acc=0.7392 train_loss=0.5143 val_acc=0.7233 val_loss=0.5368 router_H=0.6869 best=0.7233
           router_load=[0.012332767248153687, 0.352539598941803, 0.3855839967727661, 0.24954383075237274]
[step 0140/200] method=baseline_avg loss=0.4414 train_acc=0.7392 train_loss=0.5143 val_acc=0.7233 val_loss=0.5368 router_H=0.6869 best=0.7233
           router_load=[0.012332767248153687, 0.352539598941803, 0.3855839967727661, 0.24954383075237274]
[step 0150/200] method=baseline_avg loss=0.5525 train_acc=0.7392 train_loss=0.5143 val_acc=0.7233 val_loss=0.5368 router_H=0.6869 best=0.7233
           router_load=[0.012332767248153687, 0.352539598941803, 0.3855839967727661, 0.24954383075237274]
[step 0160/200] method=baseline_avg loss=0.4817 train_acc=0.7392 train_loss=0.5143 val_acc=0.7233 val_loss=0.5368 router_H=0.6869 best=0.7233
           router_load=[0.012332767248153687, 0.352539598941803, 0.3855839967727661, 0.24954383075237274]
[step 0170/200] method=baseline_avg loss=0.5492 train_acc=0.7392 train_loss=0.5143 val_acc=0.7233 val_loss=0.5368 router_H=0.6869 best=0.7233
           router_load=[0.012332767248153687, 0.352539598941803, 0.3855839967727661, 0.24954383075237274]
[step 0180/200] method=baseline_avg loss=0.5671 train_acc=0.7392 train_loss=0.5143 val_acc=0.7233 val_loss=0.5368 router_H=0.6869 best=0.7233
           router_load=[0.012332767248153687, 0.352539598941803, 0.3855839967727661, 0.24954383075237274]
[step 0190/200] method=baseline_avg loss=0.5678 train_acc=0.7392 train_loss=0.5143 val_acc=0.7233 val_loss=0.5368 router_H=0.6869 best=0.7233
           router_load=[0.012332767248153687, 0.352539598941803, 0.3855839967727661, 0.24954383075237274]
[step 0200/200] method=baseline_avg loss=0.6209 train_acc=0.8199 train_loss=0.4033 val_acc=0.7915 val_loss=0.4674 router_H=0.6796 best=0.7915
           router_load=[0.05888240411877632, 0.41591712832450867, 0.41966354846954346, 0.10553690046072006]
saved summary -> /home/zhujjing/MOE-grad-conflict-routing/runs/paper_suite/single_gpu/multi_task/glue3_deberta_lora_e4_k2/hpo/baseline/trial_runs/local_var_topk_009/baseline_s3.json
saved curve -> /home/zhujjing/MOE-grad-conflict-routing/runs/paper_suite/single_gpu/multi_task/glue3_deberta_lora_e4_k2/hpo/baseline/trial_runs/local_var_topk_009/baseline_s3_curve.csv
