[run] method=ours candidate=coord_01_train_lr_001 seed=3 steps=150 gpu=0
[run] cmd=
/home/zhujjing/anaconda3/envs/moe/bin/python /home/zhujjing/MOE-grad-conflict-routing/scripts/run.py --config configs/singletask_rte_real.yaml --set model.backbone_backend=hf --set model.hf_load_pretrained=true --set model.hf_local_files_only=true --set model.backbone=deberta --set model.hf_pretrained_name=microsoft/deberta-v3-base --set model.expert_type=lora --set model.routing_mode=topk --set model.num_experts=4 --set model.top_k=2 --set seed=3 --set method.name=ours --set train.steps=150 --set train.eval_every_steps=50 --set method.ours.use_load_norm=true --set method.ours.lambda_align=0.001 --set train.grad_clip=1 --set train.lr=6.093904654e-06 --set train.weight_decay=0.01 --out /home/zhujjing/MOE-grad-conflict-routing/runs/paper_suite/single_gpu/single_task/deberta_rte_lora_e4_k2_supplement/hpo/ours/trial_runs/coord_01_train_lr_001/ours_s3.json --curve_out /home/zhujjing/MOE-grad-conflict-routing/runs/paper_suite/single_gpu/single_task/deberta_rte_lora_e4_k2_supplement/hpo/ours/trial_runs/coord_01_train_lr_001/ours_s3_curve.csv
Using the latest cached version of the dataset since glue couldn't be found on the Hugging Face Hub (offline mode is enabled).
Found the latest cached dataset configuration 'rte' at /home/zhujjing/hf_cache/datasets/glue/rte/0.0.0/bcdcba79d07bc864c1c254ccfcedcce55bcc9a8c (last modified on Thu Mar 19 15:00:36 2026).
/home/zhujjing/anaconda3/envs/moe/lib/python3.10/site-packages/transformers/utils/hub.py:124: FutureWarning: Using `TRANSFORMERS_CACHE` is deprecated and will be removed in v5 of Transformers. Use `HF_HOME` instead.
  warnings.warn(
/home/zhujjing/anaconda3/envs/moe/lib/python3.10/site-packages/transformers/convert_slow_tokenizer.py:560: UserWarning: The sentencepiece tokenizer that you are converting to a fast tokenizer uses the byte fallback option which is not implemented in the fast tokenizers. In practice this means that the fast version of the tokenizer can produce unknown tokens whereas the sentencepiece version would have converted these unknown tokens into a sequence of byte tokens matching the original piece of text.
  warnings.warn(
[step 0001/150] method=ours loss=0.7594 train_acc=nan train_loss=nan val_acc=nan val_loss=nan best=-1.0000
[step 0010/150] method=ours loss=0.7299 train_acc=nan train_loss=nan val_acc=nan val_loss=nan best=-1.0000
[step 0020/150] method=ours loss=0.6918 train_acc=nan train_loss=nan val_acc=nan val_loss=nan best=-1.0000
[step 0030/150] method=ours loss=0.6937 train_acc=nan train_loss=nan val_acc=nan val_loss=nan best=-1.0000
[step 0040/150] method=ours loss=0.6759 train_acc=nan train_loss=nan val_acc=nan val_loss=nan best=-1.0000
[step 0050/150] method=ours loss=0.6713 train_acc=0.5898 train_loss=0.6733 val_acc=0.6029 val_loss=0.6778 router_H=0.6875 best=0.6029
           router_load=[0.3378732204437256, 0.0, 0.3469529449939728, 0.3151739835739136]
[step 0060/150] method=ours loss=0.6446 train_acc=0.5898 train_loss=0.6733 val_acc=0.6029 val_loss=0.6778 router_H=0.6875 best=0.6029
           router_load=[0.3378732204437256, 0.0, 0.3469529449939728, 0.3151739835739136]
[step 0070/150] method=ours loss=0.7044 train_acc=0.5898 train_loss=0.6733 val_acc=0.6029 val_loss=0.6778 router_H=0.6875 best=0.6029
           router_load=[0.3378732204437256, 0.0, 0.3469529449939728, 0.3151739835739136]
[step 0080/150] method=ours loss=0.6443 train_acc=0.5898 train_loss=0.6733 val_acc=0.6029 val_loss=0.6778 router_H=0.6875 best=0.6029
           router_load=[0.3378732204437256, 0.0, 0.3469529449939728, 0.3151739835739136]
[step 0090/150] method=ours loss=0.6470 train_acc=0.5898 train_loss=0.6733 val_acc=0.6029 val_loss=0.6778 router_H=0.6875 best=0.6029
           router_load=[0.3378732204437256, 0.0, 0.3469529449939728, 0.3151739835739136]
[step 0100/150] method=ours loss=0.6704 train_acc=0.7266 train_loss=0.6085 val_acc=0.6679 val_loss=0.6363 router_H=0.6866 best=0.6679
           router_load=[0.3605271279811859, 0.0, 0.2833748757839203, 0.356097936630249]
[step 0110/150] method=ours loss=0.5897 train_acc=0.7266 train_loss=0.6085 val_acc=0.6679 val_loss=0.6363 router_H=0.6866 best=0.6679
           router_load=[0.3605271279811859, 0.0, 0.2833748757839203, 0.356097936630249]
[step 0120/150] method=ours loss=0.6283 train_acc=0.7266 train_loss=0.6085 val_acc=0.6679 val_loss=0.6363 router_H=0.6866 best=0.6679
           router_load=[0.3605271279811859, 0.0, 0.2833748757839203, 0.356097936630249]
[step 0130/150] method=ours loss=0.6064 train_acc=0.7266 train_loss=0.6085 val_acc=0.6679 val_loss=0.6363 router_H=0.6866 best=0.6679
           router_load=[0.3605271279811859, 0.0, 0.2833748757839203, 0.356097936630249]
[step 0140/150] method=ours loss=0.6274 train_acc=0.7266 train_loss=0.6085 val_acc=0.6679 val_loss=0.6363 router_H=0.6866 best=0.6679
           router_load=[0.3605271279811859, 0.0, 0.2833748757839203, 0.356097936630249]
[step 0150/150] method=ours loss=0.6028 train_acc=0.7461 train_loss=0.5695 val_acc=0.6859 val_loss=0.6075 router_H=0.6822 best=0.6859
           router_load=[0.32716020941734314, 0.0, 0.3977995812892914, 0.27504029870033264]
saved summary -> /home/zhujjing/MOE-grad-conflict-routing/runs/paper_suite/single_gpu/single_task/deberta_rte_lora_e4_k2_supplement/hpo/ours/trial_runs/coord_01_train_lr_001/ours_s3.json
saved curve -> /home/zhujjing/MOE-grad-conflict-routing/runs/paper_suite/single_gpu/single_task/deberta_rte_lora_e4_k2_supplement/hpo/ours/trial_runs/coord_01_train_lr_001/ours_s3_curve.csv
