[run] method=ours candidate=coord_01_train_lr_015 seed=3 steps=150 gpu=0
[run] cmd=
/home/zhujjing/anaconda3/envs/moe/bin/python /home/zhujjing/MOE-grad-conflict-routing/scripts/run.py --config configs/singletask_rte_real.yaml --set model.backbone_backend=hf --set model.hf_load_pretrained=true --set model.hf_local_files_only=true --set model.backbone=deberta --set model.hf_pretrained_name=microsoft/deberta-v3-base --set model.expert_type=lora --set model.routing_mode=topk --set model.num_experts=4 --set model.top_k=2 --set seed=3 --set method.name=ours --set train.steps=150 --set train.eval_every_steps=50 --set method.ours.use_load_norm=true --set method.ours.lambda_align=0.001 --set train.grad_clip=1 --set train.lr=0.0004805325977 --set train.weight_decay=0.01 --out /home/zhujjing/MOE-grad-conflict-routing/runs/paper_suite/single_gpu/single_task/deberta_rte_lora_e4_k2_supplement/hpo/ours/trial_runs/coord_01_train_lr_015/ours_s3.json --curve_out /home/zhujjing/MOE-grad-conflict-routing/runs/paper_suite/single_gpu/single_task/deberta_rte_lora_e4_k2_supplement/hpo/ours/trial_runs/coord_01_train_lr_015/ours_s3_curve.csv
Using the latest cached version of the dataset since glue couldn't be found on the Hugging Face Hub (offline mode is enabled).
Found the latest cached dataset configuration 'rte' at /home/zhujjing/hf_cache/datasets/glue/rte/0.0.0/bcdcba79d07bc864c1c254ccfcedcce55bcc9a8c (last modified on Thu Mar 19 15:00:36 2026).
/home/zhujjing/anaconda3/envs/moe/lib/python3.10/site-packages/transformers/utils/hub.py:124: FutureWarning: Using `TRANSFORMERS_CACHE` is deprecated and will be removed in v5 of Transformers. Use `HF_HOME` instead.
  warnings.warn(
/home/zhujjing/anaconda3/envs/moe/lib/python3.10/site-packages/transformers/convert_slow_tokenizer.py:560: UserWarning: The sentencepiece tokenizer that you are converting to a fast tokenizer uses the byte fallback option which is not implemented in the fast tokenizers. In practice this means that the fast version of the tokenizer can produce unknown tokens whereas the sentencepiece version would have converted these unknown tokens into a sequence of byte tokens matching the original piece of text.
  warnings.warn(
[step 0001/150] method=ours loss=0.7300 train_acc=nan train_loss=nan val_acc=nan val_loss=nan best=-1.0000
[step 0010/150] method=ours loss=0.7764 train_acc=nan train_loss=nan val_acc=nan val_loss=nan best=-1.0000
[step 0020/150] method=ours loss=0.7337 train_acc=nan train_loss=nan val_acc=nan val_loss=nan best=-1.0000
[step 0030/150] method=ours loss=0.6915 train_acc=nan train_loss=nan val_acc=nan val_loss=nan best=-1.0000
[step 0040/150] method=ours loss=0.6522 train_acc=nan train_loss=nan val_acc=nan val_loss=nan best=-1.0000
[step 0050/150] method=ours loss=0.6888 train_acc=0.4922 train_loss=0.6943 val_acc=0.4729 val_loss=0.6964 router_H=0.6292 best=0.4729
           router_load=[0.32306575775146484, 0.0, 0.0, 0.6769342422485352]
[step 0060/150] method=ours loss=0.6898 train_acc=0.4922 train_loss=0.6943 val_acc=0.4729 val_loss=0.6964 router_H=0.6292 best=0.4729
           router_load=[0.32306575775146484, 0.0, 0.0, 0.6769342422485352]
[step 0070/150] method=ours loss=0.6968 train_acc=0.4922 train_loss=0.6943 val_acc=0.4729 val_loss=0.6964 router_H=0.6292 best=0.4729
           router_load=[0.32306575775146484, 0.0, 0.0, 0.6769342422485352]
[step 0080/150] method=ours loss=0.6748 train_acc=0.4922 train_loss=0.6943 val_acc=0.4729 val_loss=0.6964 router_H=0.6292 best=0.4729
           router_load=[0.32306575775146484, 0.0, 0.0, 0.6769342422485352]
[step 0090/150] method=ours loss=0.6862 train_acc=0.4922 train_loss=0.6943 val_acc=0.4729 val_loss=0.6964 router_H=0.6292 best=0.4729
           router_load=[0.32306575775146484, 0.0, 0.0, 0.6769342422485352]
[step 0100/150] method=ours loss=0.7279 train_acc=0.5117 train_loss=0.6951 val_acc=0.5271 val_loss=0.6905 router_H=0.6412 best=0.5271
           router_load=[0.6598108410835266, 0.0, 0.0, 0.3401893377304077]
[step 0110/150] method=ours loss=0.6349 train_acc=0.5117 train_loss=0.6951 val_acc=0.5271 val_loss=0.6905 router_H=0.6412 best=0.5271
           router_load=[0.6598108410835266, 0.0, 0.0, 0.3401893377304077]
[step 0120/150] method=ours loss=0.6582 train_acc=0.5117 train_loss=0.6951 val_acc=0.5271 val_loss=0.6905 router_H=0.6412 best=0.5271
           router_load=[0.6598108410835266, 0.0, 0.0, 0.3401893377304077]
[step 0130/150] method=ours loss=0.6863 train_acc=0.5117 train_loss=0.6951 val_acc=0.5271 val_loss=0.6905 router_H=0.6412 best=0.5271
           router_load=[0.6598108410835266, 0.0, 0.0, 0.3401893377304077]
[step 0140/150] method=ours loss=0.7124 train_acc=0.5117 train_loss=0.6951 val_acc=0.5271 val_loss=0.6905 router_H=0.6412 best=0.5271
           router_load=[0.6598108410835266, 0.0, 0.0, 0.3401893377304077]
[step 0150/150] method=ours loss=0.7370 train_acc=0.5000 train_loss=0.7004 val_acc=0.4729 val_loss=0.7095 router_H=0.5594 best=0.5271
           router_load=[0.752693235874176, 0.0, 0.0, 0.24730676412582397]
saved summary -> /home/zhujjing/MOE-grad-conflict-routing/runs/paper_suite/single_gpu/single_task/deberta_rte_lora_e4_k2_supplement/hpo/ours/trial_runs/coord_01_train_lr_015/ours_s3.json
saved curve -> /home/zhujjing/MOE-grad-conflict-routing/runs/paper_suite/single_gpu/single_task/deberta_rte_lora_e4_k2_supplement/hpo/ours/trial_runs/coord_01_train_lr_015/ours_s3_curve.csv
