[run] method=cagrad candidate=local_var_topk_007 seed=3 steps=150 gpu=0
[run] cmd=
/home/zhujjing/anaconda3/envs/moe/bin/python /home/zhujjing/MOE-grad-conflict-routing/scripts/run.py --config configs/singletask_mrpc_real.yaml --set model.backbone_backend=hf --set model.hf_load_pretrained=true --set model.backbone=deberta --set model.hf_pretrained_name=microsoft/deberta-v3-base --set model.expert_type=lora --set model.routing_mode=topk --set model.num_experts=4 --set model.top_k=2 --set seed=3 --set method.name=baseline_cagrad --set train.steps=150 --set train.eval_every_steps=50 --set method.baseline_cagrad.c=0.9099800661 --set method.baseline_cagrad.inner_lr=0.07815593765 --set train.grad_clip=1.958271302 --set train.lr=3.9243202e-05 --set train.weight_decay=0.01566577443 --out /home/zhujjing/MOE-grad-conflict-routing/runs/paper_suite/single_gpu/single_task/deberta_mrpc_lora_e4_k2/hpo/cagrad/trial_runs/local_var_topk_007/cagrad_s3.json --curve_out /home/zhujjing/MOE-grad-conflict-routing/runs/paper_suite/single_gpu/single_task/deberta_mrpc_lora_e4_k2/hpo/cagrad/trial_runs/local_var_topk_007/cagrad_s3_curve.csv
Using the latest cached version of the dataset since glue couldn't be found on the Hugging Face Hub (offline mode is enabled).
Found the latest cached dataset configuration 'mrpc' at /home/zhujjing/hf_cache/datasets/glue/mrpc/0.0.0/bcdcba79d07bc864c1c254ccfcedcce55bcc9a8c (last modified on Thu Mar 19 15:01:06 2026).
/home/zhujjing/anaconda3/envs/moe/lib/python3.10/site-packages/transformers/utils/hub.py:124: FutureWarning: Using `TRANSFORMERS_CACHE` is deprecated and will be removed in v5 of Transformers. Use `HF_HOME` instead.
  warnings.warn(
/home/zhujjing/anaconda3/envs/moe/lib/python3.10/site-packages/transformers/convert_slow_tokenizer.py:560: UserWarning: The sentencepiece tokenizer that you are converting to a fast tokenizer uses the byte fallback option which is not implemented in the fast tokenizers. In practice this means that the fast version of the tokenizer can produce unknown tokens whereas the sentencepiece version would have converted these unknown tokens into a sequence of byte tokens matching the original piece of text.
  warnings.warn(
[step 0001/150] method=baseline_cagrad loss=0.6612 train_acc=nan train_loss=nan val_acc=nan val_loss=nan best=-1.0000
[step 0010/150] method=baseline_cagrad loss=0.6102 train_acc=nan train_loss=nan val_acc=nan val_loss=nan best=-1.0000
[step 0020/150] method=baseline_cagrad loss=0.5454 train_acc=nan train_loss=nan val_acc=nan val_loss=nan best=-1.0000
[step 0030/150] method=baseline_cagrad loss=0.4510 train_acc=nan train_loss=nan val_acc=nan val_loss=nan best=-1.0000
[step 0040/150] method=baseline_cagrad loss=0.4809 train_acc=nan train_loss=nan val_acc=nan val_loss=nan best=-1.0000
[step 0050/150] method=baseline_cagrad loss=0.3768 train_acc=0.8007 train_loss=0.4251 val_acc=0.7990 val_loss=0.4134 router_H=0.6262 best=0.7990
           router_load=[0.16689324378967285, 0.2084924876689911, 0.6246142983436584, 0.0]
[step 0060/150] method=baseline_cagrad loss=0.4069 train_acc=0.8007 train_loss=0.4251 val_acc=0.7990 val_loss=0.4134 router_H=0.6262 best=0.7990
           router_load=[0.16689324378967285, 0.2084924876689911, 0.6246142983436584, 0.0]
[step 0070/150] method=baseline_cagrad loss=0.2696 train_acc=0.8007 train_loss=0.4251 val_acc=0.7990 val_loss=0.4134 router_H=0.6262 best=0.7990
           router_load=[0.16689324378967285, 0.2084924876689911, 0.6246142983436584, 0.0]
[step 0080/150] method=baseline_cagrad loss=0.3789 train_acc=0.8007 train_loss=0.4251 val_acc=0.7990 val_loss=0.4134 router_H=0.6262 best=0.7990
           router_load=[0.16689324378967285, 0.2084924876689911, 0.6246142983436584, 0.0]
[step 0090/150] method=baseline_cagrad loss=0.3588 train_acc=0.8007 train_loss=0.4251 val_acc=0.7990 val_loss=0.4134 router_H=0.6262 best=0.7990
           router_load=[0.16689324378967285, 0.2084924876689911, 0.6246142983436584, 0.0]
[step 0100/150] method=baseline_cagrad loss=0.2652 train_acc=0.8942 train_loss=0.2634 val_acc=0.8750 val_loss=0.3037 router_H=0.5701 best=0.8750
           router_load=[0.19894425570964813, 0.15242929756641388, 0.6180020570755005, 0.03062428906559944]
[step 0110/150] method=baseline_cagrad loss=0.2936 train_acc=0.8942 train_loss=0.2634 val_acc=0.8750 val_loss=0.3037 router_H=0.5701 best=0.8750
           router_load=[0.19894425570964813, 0.15242929756641388, 0.6180020570755005, 0.03062428906559944]
[step 0120/150] method=baseline_cagrad loss=0.1905 train_acc=0.8942 train_loss=0.2634 val_acc=0.8750 val_loss=0.3037 router_H=0.5701 best=0.8750
           router_load=[0.19894425570964813, 0.15242929756641388, 0.6180020570755005, 0.03062428906559944]
[step 0130/150] method=baseline_cagrad loss=0.2421 train_acc=0.8942 train_loss=0.2634 val_acc=0.8750 val_loss=0.3037 router_H=0.5701 best=0.8750
           router_load=[0.19894425570964813, 0.15242929756641388, 0.6180020570755005, 0.03062428906559944]
[step 0140/150] method=baseline_cagrad loss=0.6514 train_acc=0.8942 train_loss=0.2634 val_acc=0.8750 val_loss=0.3037 router_H=0.5701 best=0.8750
           router_load=[0.19894425570964813, 0.15242929756641388, 0.6180020570755005, 0.03062428906559944]
[step 0150/150] method=baseline_cagrad loss=0.2920 train_acc=0.9038 train_loss=0.2345 val_acc=0.8627 val_loss=0.2797 router_H=0.5680 best=0.8750
           router_load=[0.28003498911857605, 0.08429309725761414, 0.6356719732284546, 0.0]
saved summary -> /home/zhujjing/MOE-grad-conflict-routing/runs/paper_suite/single_gpu/single_task/deberta_mrpc_lora_e4_k2/hpo/cagrad/trial_runs/local_var_topk_007/cagrad_s3.json
saved curve -> /home/zhujjing/MOE-grad-conflict-routing/runs/paper_suite/single_gpu/single_task/deberta_mrpc_lora_e4_k2/hpo/cagrad/trial_runs/local_var_topk_007/cagrad_s3_curve.csv
