[run] method=baseline candidate=coord_01_train_lr_003 seed=3 steps=150 gpu=0
[run] cmd=
/home/zhujjing/anaconda3/envs/moe/bin/python /home/zhujjing/MOE-grad-conflict-routing/scripts/run.py --config configs/singletask_mrpc_real.yaml --set model.backbone_backend=hf --set model.hf_load_pretrained=true --set model.backbone=deberta --set model.hf_pretrained_name=microsoft/deberta-v3-base --set model.expert_type=lora --set model.routing_mode=topk --set model.num_experts=4 --set model.top_k=2 --set seed=3 --set method.name=baseline_avg --set train.steps=150 --set train.eval_every_steps=50 --set train.grad_clip=1 --set train.lr=6.110024421e-06 --set train.weight_decay=0.01 --out /home/zhujjing/MOE-grad-conflict-routing/runs/paper_suite/single_gpu/single_task/deberta_mrpc_lora_e4_k2/hpo/baseline/trial_runs/coord_01_train_lr_003/baseline_s3.json --curve_out /home/zhujjing/MOE-grad-conflict-routing/runs/paper_suite/single_gpu/single_task/deberta_mrpc_lora_e4_k2/hpo/baseline/trial_runs/coord_01_train_lr_003/baseline_s3_curve.csv
Using the latest cached version of the dataset since glue couldn't be found on the Hugging Face Hub (offline mode is enabled).
Found the latest cached dataset configuration 'mrpc' at /home/zhujjing/hf_cache/datasets/glue/mrpc/0.0.0/bcdcba79d07bc864c1c254ccfcedcce55bcc9a8c (last modified on Thu Mar 19 15:01:06 2026).
/home/zhujjing/anaconda3/envs/moe/lib/python3.10/site-packages/transformers/utils/hub.py:124: FutureWarning: Using `TRANSFORMERS_CACHE` is deprecated and will be removed in v5 of Transformers. Use `HF_HOME` instead.
  warnings.warn(
/home/zhujjing/anaconda3/envs/moe/lib/python3.10/site-packages/transformers/convert_slow_tokenizer.py:560: UserWarning: The sentencepiece tokenizer that you are converting to a fast tokenizer uses the byte fallback option which is not implemented in the fast tokenizers. In practice this means that the fast version of the tokenizer can produce unknown tokens whereas the sentencepiece version would have converted these unknown tokens into a sequence of byte tokens matching the original piece of text.
  warnings.warn(
[step 0001/150] method=baseline_avg loss=0.7721 train_acc=nan train_loss=nan val_acc=nan val_loss=nan best=-1.0000
[step 0010/150] method=baseline_avg loss=0.5967 train_acc=nan train_loss=nan val_acc=nan val_loss=nan best=-1.0000
[step 0020/150] method=baseline_avg loss=0.6428 train_acc=nan train_loss=nan val_acc=nan val_loss=nan best=-1.0000
[step 0030/150] method=baseline_avg loss=0.4820 train_acc=nan train_loss=nan val_acc=nan val_loss=nan best=-1.0000
[step 0040/150] method=baseline_avg loss=0.5439 train_acc=nan train_loss=nan val_acc=nan val_loss=nan best=-1.0000
[step 0050/150] method=baseline_avg loss=0.4714 train_acc=0.7715 train_loss=0.4802 val_acc=0.7794 val_loss=0.4742 router_H=0.6800 best=0.7794
           router_load=[0.5556758046150208, 0.0, 0.02925446443259716, 0.41506972908973694]
[step 0060/150] method=baseline_avg loss=0.4904 train_acc=0.7715 train_loss=0.4802 val_acc=0.7794 val_loss=0.4742 router_H=0.6800 best=0.7794
           router_load=[0.5556758046150208, 0.0, 0.02925446443259716, 0.41506972908973694]
[step 0070/150] method=baseline_avg loss=0.3349 train_acc=0.7715 train_loss=0.4802 val_acc=0.7794 val_loss=0.4742 router_H=0.6800 best=0.7794
           router_load=[0.5556758046150208, 0.0, 0.02925446443259716, 0.41506972908973694]
[step 0080/150] method=baseline_avg loss=0.4504 train_acc=0.7715 train_loss=0.4802 val_acc=0.7794 val_loss=0.4742 router_H=0.6800 best=0.7794
           router_load=[0.5556758046150208, 0.0, 0.02925446443259716, 0.41506972908973694]
[step 0090/150] method=baseline_avg loss=0.4916 train_acc=0.7715 train_loss=0.4802 val_acc=0.7794 val_loss=0.4742 router_H=0.6800 best=0.7794
           router_load=[0.5556758046150208, 0.0, 0.02925446443259716, 0.41506972908973694]
[step 0100/150] method=baseline_avg loss=0.5507 train_acc=0.7950 train_loss=0.4266 val_acc=0.7696 val_loss=0.4469 router_H=0.6863 best=0.7794
           router_load=[0.49066293239593506, 0.0, 0.10338912159204483, 0.40594780445098877]
[step 0110/150] method=baseline_avg loss=0.3424 train_acc=0.7950 train_loss=0.4266 val_acc=0.7696 val_loss=0.4469 router_H=0.6863 best=0.7794
           router_load=[0.49066293239593506, 0.0, 0.10338912159204483, 0.40594780445098877]
[step 0120/150] method=baseline_avg loss=0.3384 train_acc=0.7950 train_loss=0.4266 val_acc=0.7696 val_loss=0.4469 router_H=0.6863 best=0.7794
           router_load=[0.49066293239593506, 0.0, 0.10338912159204483, 0.40594780445098877]
[step 0130/150] method=baseline_avg loss=0.3483 train_acc=0.7950 train_loss=0.4266 val_acc=0.7696 val_loss=0.4469 router_H=0.6863 best=0.7794
           router_load=[0.49066293239593506, 0.0, 0.10338912159204483, 0.40594780445098877]
[step 0140/150] method=baseline_avg loss=0.3434 train_acc=0.7950 train_loss=0.4266 val_acc=0.7696 val_loss=0.4469 router_H=0.6863 best=0.7794
           router_load=[0.49066293239593506, 0.0, 0.10338912159204483, 0.40594780445098877]
[step 0150/150] method=baseline_avg loss=0.4283 train_acc=0.8389 train_loss=0.3535 val_acc=0.8137 val_loss=0.3750 router_H=0.6869 best=0.8137
           router_load=[0.40498068928718567, 0.0, 0.2630369961261749, 0.331982284784317]
saved summary -> /home/zhujjing/MOE-grad-conflict-routing/runs/paper_suite/single_gpu/single_task/deberta_mrpc_lora_e4_k2/hpo/baseline/trial_runs/coord_01_train_lr_003/baseline_s3.json
saved curve -> /home/zhujjing/MOE-grad-conflict-routing/runs/paper_suite/single_gpu/single_task/deberta_mrpc_lora_e4_k2/hpo/baseline/trial_runs/coord_01_train_lr_003/baseline_s3_curve.csv
