[run] method=baseline candidate=coord_01_train_lr_018 seed=2 steps=150 gpu=0
[run] cmd=
/home/zhujjing/anaconda3/envs/moe/bin/python /home/zhujjing/MOE-grad-conflict-routing/scripts/run.py --config configs/singletask_mrpc_real.yaml --set model.backbone_backend=hf --set model.hf_load_pretrained=true --set model.backbone=deberta --set model.hf_pretrained_name=microsoft/deberta-v3-base --set model.expert_type=lora --set model.routing_mode=topk --set model.num_experts=4 --set model.top_k=2 --set seed=2 --set method.name=baseline_avg --set train.steps=150 --set train.eval_every_steps=50 --set train.grad_clip=1 --set train.lr=4.807335376e-06 --set train.weight_decay=0.01 --out /home/zhujjing/MOE-grad-conflict-routing/runs/paper_suite/single_gpu/single_task/deberta_mrpc_lora_e4_k2/hpo/baseline/trial_runs/coord_01_train_lr_018/baseline_s2.json --curve_out /home/zhujjing/MOE-grad-conflict-routing/runs/paper_suite/single_gpu/single_task/deberta_mrpc_lora_e4_k2/hpo/baseline/trial_runs/coord_01_train_lr_018/baseline_s2_curve.csv
Using the latest cached version of the dataset since glue couldn't be found on the Hugging Face Hub (offline mode is enabled).
Found the latest cached dataset configuration 'mrpc' at /home/zhujjing/hf_cache/datasets/glue/mrpc/0.0.0/bcdcba79d07bc864c1c254ccfcedcce55bcc9a8c (last modified on Thu Mar 19 15:01:06 2026).
/home/zhujjing/anaconda3/envs/moe/lib/python3.10/site-packages/transformers/utils/hub.py:124: FutureWarning: Using `TRANSFORMERS_CACHE` is deprecated and will be removed in v5 of Transformers. Use `HF_HOME` instead.
  warnings.warn(
/home/zhujjing/anaconda3/envs/moe/lib/python3.10/site-packages/transformers/convert_slow_tokenizer.py:560: UserWarning: The sentencepiece tokenizer that you are converting to a fast tokenizer uses the byte fallback option which is not implemented in the fast tokenizers. In practice this means that the fast version of the tokenizer can produce unknown tokens whereas the sentencepiece version would have converted these unknown tokens into a sequence of byte tokens matching the original piece of text.
  warnings.warn(
[step 0001/150] method=baseline_avg loss=0.6557 train_acc=nan train_loss=nan val_acc=nan val_loss=nan best=-1.0000
[step 0010/150] method=baseline_avg loss=0.6474 train_acc=nan train_loss=nan val_acc=nan val_loss=nan best=-1.0000
[step 0020/150] method=baseline_avg loss=0.5928 train_acc=nan train_loss=nan val_acc=nan val_loss=nan best=-1.0000
[step 0030/150] method=baseline_avg loss=0.5492 train_acc=nan train_loss=nan val_acc=nan val_loss=nan best=-1.0000
[step 0040/150] method=baseline_avg loss=0.6012 train_acc=nan train_loss=nan val_acc=nan val_loss=nan best=-1.0000
[step 0050/150] method=baseline_avg loss=0.4729 train_acc=0.7339 train_loss=0.5199 val_acc=0.7255 val_loss=0.5165 router_H=0.6462 best=0.7255
           router_load=[0.0, 0.02214987389743328, 0.3435571789741516, 0.6342930793762207]
[step 0060/150] method=baseline_avg loss=0.5572 train_acc=0.7339 train_loss=0.5199 val_acc=0.7255 val_loss=0.5165 router_H=0.6462 best=0.7255
           router_load=[0.0, 0.02214987389743328, 0.3435571789741516, 0.6342930793762207]
[step 0070/150] method=baseline_avg loss=0.4325 train_acc=0.7339 train_loss=0.5199 val_acc=0.7255 val_loss=0.5165 router_H=0.6462 best=0.7255
           router_load=[0.0, 0.02214987389743328, 0.3435571789741516, 0.6342930793762207]
[step 0080/150] method=baseline_avg loss=0.4540 train_acc=0.7339 train_loss=0.5199 val_acc=0.7255 val_loss=0.5165 router_H=0.6462 best=0.7255
           router_load=[0.0, 0.02214987389743328, 0.3435571789741516, 0.6342930793762207]
[step 0090/150] method=baseline_avg loss=0.5537 train_acc=0.7339 train_loss=0.5199 val_acc=0.7255 val_loss=0.5165 router_H=0.6462 best=0.7255
           router_load=[0.0, 0.02214987389743328, 0.3435571789741516, 0.6342930793762207]
[step 0100/150] method=baseline_avg loss=0.5137 train_acc=0.7683 train_loss=0.4717 val_acc=0.7574 val_loss=0.4805 router_H=0.6705 best=0.7574
           router_load=[0.0, 0.03568391874432564, 0.3937680125236511, 0.5705481767654419]
[step 0110/150] method=baseline_avg loss=0.5728 train_acc=0.7683 train_loss=0.4717 val_acc=0.7574 val_loss=0.4805 router_H=0.6705 best=0.7574
           router_load=[0.0, 0.03568391874432564, 0.3937680125236511, 0.5705481767654419]
[step 0120/150] method=baseline_avg loss=0.3198 train_acc=0.7683 train_loss=0.4717 val_acc=0.7574 val_loss=0.4805 router_H=0.6705 best=0.7574
           router_load=[0.0, 0.03568391874432564, 0.3937680125236511, 0.5705481767654419]
[step 0130/150] method=baseline_avg loss=0.5348 train_acc=0.7683 train_loss=0.4717 val_acc=0.7574 val_loss=0.4805 router_H=0.6705 best=0.7574
           router_load=[0.0, 0.03568391874432564, 0.3937680125236511, 0.5705481767654419]
[step 0140/150] method=baseline_avg loss=0.3938 train_acc=0.7683 train_loss=0.4717 val_acc=0.7574 val_loss=0.4805 router_H=0.6705 best=0.7574
           router_load=[0.0, 0.03568391874432564, 0.3937680125236511, 0.5705481767654419]
[step 0150/150] method=baseline_avg loss=0.5804 train_acc=0.8171 train_loss=0.3996 val_acc=0.8088 val_loss=0.4043 router_H=0.6687 best=0.8088
           router_load=[0.0035751056857407093, 0.10351908206939697, 0.3437807559967041, 0.5491249561309814]
saved summary -> /home/zhujjing/MOE-grad-conflict-routing/runs/paper_suite/single_gpu/single_task/deberta_mrpc_lora_e4_k2/hpo/baseline/trial_runs/coord_01_train_lr_018/baseline_s2.json
saved curve -> /home/zhujjing/MOE-grad-conflict-routing/runs/paper_suite/single_gpu/single_task/deberta_mrpc_lora_e4_k2/hpo/baseline/trial_runs/coord_01_train_lr_018/baseline_s2_curve.csv
