[run] method=ours candidate=coord_04_anchor seed=3 steps=200 gpu=0
[run] cmd=
/home/zhujjing/anaconda3/envs/moe/bin/python /home/zhujjing/MOE-grad-conflict-routing/scripts/run.py --config configs/multitask_glue3_rte_mrpc_cola_real.yaml --set model.backbone_backend=hf --set model.hf_load_pretrained=true --set model.hf_local_files_only=true --set model.backbone=roberta --set model.hf_pretrained_name=roberta-base --set model.expert_type=ffn --set model.routing_mode=topk --set model.num_experts=4 --set model.top_k=2 --set train.eval_train_fraction=0.10 --set train.eval_train_max_batches=-1 --set train.eval_max_batches=-1 --set seed=3 --set method.name=ours --set train.steps=200 --set train.eval_every_steps=100 --set method.ours.use_load_norm=true --set method.ours.lambda_align=0.001 --set train.grad_clip=1 --set train.lr=2e-05 --set train.weight_decay=0.04811190453 --out /home/zhujjing/MOE-grad-conflict-routing/runs/paper_suite/single_gpu/multi_task/glue3_roberta_ffn_e4_k2/hpo/ours/trial_runs/coord_04_anchor/ours_s3.json --curve_out /home/zhujjing/MOE-grad-conflict-routing/runs/paper_suite/single_gpu/multi_task/glue3_roberta_ffn_e4_k2/hpo/ours/trial_runs/coord_04_anchor/ours_s3_curve.csv
Using the latest cached version of the dataset since glue couldn't be found on the Hugging Face Hub (offline mode is enabled).
Found the latest cached dataset configuration 'rte' at /home/zhujjing/hf_cache/datasets/glue/rte/0.0.0/bcdcba79d07bc864c1c254ccfcedcce55bcc9a8c (last modified on Thu Mar 19 15:00:36 2026).
/home/zhujjing/anaconda3/envs/moe/lib/python3.10/site-packages/transformers/utils/hub.py:124: FutureWarning: Using `TRANSFORMERS_CACHE` is deprecated and will be removed in v5 of Transformers. Use `HF_HOME` instead.
  warnings.warn(
Using the latest cached version of the dataset since glue couldn't be found on the Hugging Face Hub (offline mode is enabled).
Found the latest cached dataset configuration 'mrpc' at /home/zhujjing/hf_cache/datasets/glue/mrpc/0.0.0/bcdcba79d07bc864c1c254ccfcedcce55bcc9a8c (last modified on Thu Mar 19 15:01:06 2026).
Using the latest cached version of the dataset since glue couldn't be found on the Hugging Face Hub (offline mode is enabled).
Found the latest cached dataset configuration 'cola' at /home/zhujjing/hf_cache/datasets/glue/cola/0.0.0/bcdcba79d07bc864c1c254ccfcedcce55bcc9a8c (last modified on Thu Mar 19 15:02:09 2026).
Some weights of RobertaModel were not initialized from the model checkpoint at roberta-base and are newly initialized: ['roberta.pooler.dense.bias', 'roberta.pooler.dense.weight']
You should probably TRAIN this model on a down-stream task to be able to use it for predictions and inference.
[step 0001/200] method=ours loss=0.6913 train_acc=nan train_loss=nan val_acc=nan val_loss=nan best=-1.0000
[step 0010/200] method=ours loss=0.5693 train_acc=nan train_loss=nan val_acc=nan val_loss=nan best=-1.0000
[step 0020/200] method=ours loss=0.5165 train_acc=nan train_loss=nan val_acc=nan val_loss=nan best=-1.0000
[step 0030/200] method=ours loss=0.6487 train_acc=nan train_loss=nan val_acc=nan val_loss=nan best=-1.0000
[step 0040/200] method=ours loss=0.6699 train_acc=nan train_loss=nan val_acc=nan val_loss=nan best=-1.0000
[step 0050/200] method=ours loss=0.5861 train_acc=nan train_loss=nan val_acc=nan val_loss=nan best=-1.0000
[step 0060/200] method=ours loss=0.5596 train_acc=nan train_loss=nan val_acc=nan val_loss=nan best=-1.0000
[step 0070/200] method=ours loss=0.5768 train_acc=nan train_loss=nan val_acc=nan val_loss=nan best=-1.0000
[step 0080/200] method=ours loss=0.7196 train_acc=nan train_loss=nan val_acc=nan val_loss=nan best=-1.0000
[step 0090/200] method=ours loss=0.4716 train_acc=nan train_loss=nan val_acc=nan val_loss=nan best=-1.0000
[step 0100/200] method=ours loss=0.6752 train_acc=0.6598 train_loss=0.5911 val_acc=0.6280 val_loss=0.6119 router_H=0.4843 best=0.6280
           router_load=[0.09297904372215271, 0.08995656669139862, 0.020186008885502815, 0.7968783378601074]
[step 0110/200] method=ours loss=0.5253 train_acc=0.6598 train_loss=0.5911 val_acc=0.6280 val_loss=0.6119 router_H=0.4843 best=0.6280
           router_load=[0.09297904372215271, 0.08995656669139862, 0.020186008885502815, 0.7968783378601074]
[step 0120/200] method=ours loss=0.4760 train_acc=0.6598 train_loss=0.5911 val_acc=0.6280 val_loss=0.6119 router_H=0.4843 best=0.6280
           router_load=[0.09297904372215271, 0.08995656669139862, 0.020186008885502815, 0.7968783378601074]
[step 0130/200] method=ours loss=0.4704 train_acc=0.6598 train_loss=0.5911 val_acc=0.6280 val_loss=0.6119 router_H=0.4843 best=0.6280
           router_load=[0.09297904372215271, 0.08995656669139862, 0.020186008885502815, 0.7968783378601074]
[step 0140/200] method=ours loss=0.5962 train_acc=0.6598 train_loss=0.5911 val_acc=0.6280 val_loss=0.6119 router_H=0.4843 best=0.6280
           router_load=[0.09297904372215271, 0.08995656669139862, 0.020186008885502815, 0.7968783378601074]
[step 0150/200] method=ours loss=0.5392 train_acc=0.6598 train_loss=0.5911 val_acc=0.6280 val_loss=0.6119 router_H=0.4843 best=0.6280
           router_load=[0.09297904372215271, 0.08995656669139862, 0.020186008885502815, 0.7968783378601074]
[step 0160/200] method=ours loss=0.5040 train_acc=0.6598 train_loss=0.5911 val_acc=0.6280 val_loss=0.6119 router_H=0.4843 best=0.6280
           router_load=[0.09297904372215271, 0.08995656669139862, 0.020186008885502815, 0.7968783378601074]
[step 0170/200] method=ours loss=0.7805 train_acc=0.6598 train_loss=0.5911 val_acc=0.6280 val_loss=0.6119 router_H=0.4843 best=0.6280
           router_load=[0.09297904372215271, 0.08995656669139862, 0.020186008885502815, 0.7968783378601074]
[step 0180/200] method=ours loss=0.6528 train_acc=0.6598 train_loss=0.5911 val_acc=0.6280 val_loss=0.6119 router_H=0.4843 best=0.6280
           router_load=[0.09297904372215271, 0.08995656669139862, 0.020186008885502815, 0.7968783378601074]
[step 0190/200] method=ours loss=0.6291 train_acc=0.6598 train_loss=0.5911 val_acc=0.6280 val_loss=0.6119 router_H=0.4843 best=0.6280
           router_load=[0.09297904372215271, 0.08995656669139862, 0.020186008885502815, 0.7968783378601074]
[step 0200/200] method=ours loss=0.6148 train_acc=0.6825 train_loss=0.5665 val_acc=0.6627 val_loss=0.5864 router_H=0.4781 best=0.6627
           router_load=[0.14038631319999695, 0.009565033949911594, 0.07485466450452805, 0.7751937508583069]
saved summary -> /home/zhujjing/MOE-grad-conflict-routing/runs/paper_suite/single_gpu/multi_task/glue3_roberta_ffn_e4_k2/hpo/ours/trial_runs/coord_04_anchor/ours_s3.json
saved curve -> /home/zhujjing/MOE-grad-conflict-routing/runs/paper_suite/single_gpu/multi_task/glue3_roberta_ffn_e4_k2/hpo/ours/trial_runs/coord_04_anchor/ours_s3_curve.csv
