[run] method=ours candidate=coord_01_train_lr_015 seed=2 steps=150 gpu=0
[run] cmd=
/home/zhujjing/anaconda3/envs/moe/bin/python /home/zhujjing/MOE-grad-conflict-routing/scripts/run.py --config configs/singletask_mrpc_real.yaml --set model.backbone_backend=hf --set model.hf_load_pretrained=true --set model.hf_local_files_only=true --set model.backbone=roberta --set model.hf_pretrained_name=roberta-base --set model.expert_type=lora --set model.routing_mode=topk --set model.num_experts=4 --set model.top_k=2 --set seed=2 --set method.name=ours --set train.steps=150 --set train.eval_every_steps=50 --set method.ours.use_load_norm=true --set method.ours.lambda_align=0.001 --set train.grad_clip=1 --set train.lr=0.0004805325977 --set train.weight_decay=0.01 --out /home/zhujjing/MOE-grad-conflict-routing/runs/paper_suite/single_gpu/single_task/roberta_mrpc_lora_e4_k2_supplement/hpo/ours/trial_runs/coord_01_train_lr_015/ours_s2.json --curve_out /home/zhujjing/MOE-grad-conflict-routing/runs/paper_suite/single_gpu/single_task/roberta_mrpc_lora_e4_k2_supplement/hpo/ours/trial_runs/coord_01_train_lr_015/ours_s2_curve.csv
Using the latest cached version of the dataset since glue couldn't be found on the Hugging Face Hub (offline mode is enabled).
Found the latest cached dataset configuration 'mrpc' at /home/zhujjing/hf_cache/datasets/glue/mrpc/0.0.0/bcdcba79d07bc864c1c254ccfcedcce55bcc9a8c (last modified on Thu Mar 19 15:01:06 2026).
/home/zhujjing/anaconda3/envs/moe/lib/python3.10/site-packages/transformers/utils/hub.py:124: FutureWarning: Using `TRANSFORMERS_CACHE` is deprecated and will be removed in v5 of Transformers. Use `HF_HOME` instead.
  warnings.warn(
Some weights of RobertaModel were not initialized from the model checkpoint at roberta-base and are newly initialized: ['roberta.pooler.dense.bias', 'roberta.pooler.dense.weight']
You should probably TRAIN this model on a down-stream task to be able to use it for predictions and inference.
[step 0001/150] method=ours loss=0.6747 train_acc=nan train_loss=nan val_acc=nan val_loss=nan best=-1.0000
[step 0010/150] method=ours loss=1.1792 train_acc=nan train_loss=nan val_acc=nan val_loss=nan best=-1.0000
[step 0020/150] method=ours loss=0.7807 train_acc=nan train_loss=nan val_acc=nan val_loss=nan best=-1.0000
[step 0030/150] method=ours loss=0.8045 train_acc=nan train_loss=nan val_acc=nan val_loss=nan best=-1.0000
[step 0040/150] method=ours loss=0.7331 train_acc=nan train_loss=nan val_acc=nan val_loss=nan best=-1.0000
[step 0050/150] method=ours loss=0.5831 train_acc=0.6658 train_loss=0.6428 val_acc=0.6838 val_loss=0.6349 router_H=0.6890 best=0.6838
           router_load=[0.0, 0.5456423163414001, 0.454357773065567, 0.0]
[step 0060/150] method=ours loss=0.7634 train_acc=0.6658 train_loss=0.6428 val_acc=0.6838 val_loss=0.6349 router_H=0.6890 best=0.6838
           router_load=[0.0, 0.5456423163414001, 0.454357773065567, 0.0]
[step 0070/150] method=ours loss=0.5317 train_acc=0.6658 train_loss=0.6428 val_acc=0.6838 val_loss=0.6349 router_H=0.6890 best=0.6838
           router_load=[0.0, 0.5456423163414001, 0.454357773065567, 0.0]
[step 0080/150] method=ours loss=0.7265 train_acc=0.6658 train_loss=0.6428 val_acc=0.6838 val_loss=0.6349 router_H=0.6890 best=0.6838
           router_load=[0.0, 0.5456423163414001, 0.454357773065567, 0.0]
[step 0090/150] method=ours loss=0.5610 train_acc=0.6658 train_loss=0.6428 val_acc=0.6838 val_loss=0.6349 router_H=0.6890 best=0.6838
           router_load=[0.0, 0.5456423163414001, 0.454357773065567, 0.0]
[step 0100/150] method=ours loss=0.6578 train_acc=0.7092 train_loss=0.6347 val_acc=0.6838 val_loss=0.6441 router_H=0.6759 best=0.6838
           router_load=[0.0, 0.5927104949951172, 0.4072895348072052, 0.0]
[step 0110/150] method=ours loss=0.6060 train_acc=0.7092 train_loss=0.6347 val_acc=0.6838 val_loss=0.6441 router_H=0.6759 best=0.6838
           router_load=[0.0, 0.5927104949951172, 0.4072895348072052, 0.0]
[step 0120/150] method=ours loss=0.5873 train_acc=0.7092 train_loss=0.6347 val_acc=0.6838 val_loss=0.6441 router_H=0.6759 best=0.6838
           router_load=[0.0, 0.5927104949951172, 0.4072895348072052, 0.0]
[step 0130/150] method=ours loss=0.6430 train_acc=0.7092 train_loss=0.6347 val_acc=0.6838 val_loss=0.6441 router_H=0.6759 best=0.6838
           router_load=[0.0, 0.5927104949951172, 0.4072895348072052, 0.0]
[step 0140/150] method=ours loss=0.7767 train_acc=0.7092 train_loss=0.6347 val_acc=0.6838 val_loss=0.6441 router_H=0.6759 best=0.6838
           router_load=[0.0, 0.5927104949951172, 0.4072895348072052, 0.0]
[step 0150/150] method=ours loss=0.6224 train_acc=0.6603 train_loss=0.6424 val_acc=0.6838 val_loss=0.6249 router_H=0.4538 best=0.6838
           router_load=[0.1686687022447586, 0.831331729888916, 0.0, 0.0]
saved summary -> /home/zhujjing/MOE-grad-conflict-routing/runs/paper_suite/single_gpu/single_task/roberta_mrpc_lora_e4_k2_supplement/hpo/ours/trial_runs/coord_01_train_lr_015/ours_s2.json
saved curve -> /home/zhujjing/MOE-grad-conflict-routing/runs/paper_suite/single_gpu/single_task/roberta_mrpc_lora_e4_k2_supplement/hpo/ours/trial_runs/coord_01_train_lr_015/ours_s2_curve.csv
