[run] method=ours candidate=coord_01_train_lr_010 seed=3 steps=150 gpu=0
[run] cmd=
/home/zhujjing/anaconda3/envs/moe/bin/python /home/zhujjing/MOE-grad-conflict-routing/scripts/run.py --config configs/singletask_mrpc_real.yaml --set model.backbone_backend=hf --set model.hf_load_pretrained=true --set model.backbone=deberta --set model.hf_pretrained_name=microsoft/deberta-v3-base --set model.expert_type=ffn --set model.routing_mode=topk --set model.num_experts=4 --set model.top_k=2 --set seed=3 --set method.name=ours --set train.steps=150 --set train.eval_every_steps=50 --set method.ours.use_load_norm=true --set method.ours.lambda_align=0.001 --set train.grad_clip=1 --set train.lr=2.521629285e-05 --set train.weight_decay=0.01 --out /home/zhujjing/MOE-grad-conflict-routing/runs/paper_suite/single_gpu/single_task/deberta_mrpc_ffn_e4_k2/hpo/ours/trial_runs/coord_01_train_lr_010/ours_s3.json --curve_out /home/zhujjing/MOE-grad-conflict-routing/runs/paper_suite/single_gpu/single_task/deberta_mrpc_ffn_e4_k2/hpo/ours/trial_runs/coord_01_train_lr_010/ours_s3_curve.csv
Using the latest cached version of the dataset since glue couldn't be found on the Hugging Face Hub (offline mode is enabled).
Found the latest cached dataset configuration 'mrpc' at /home/zhujjing/hf_cache/datasets/glue/mrpc/0.0.0/bcdcba79d07bc864c1c254ccfcedcce55bcc9a8c (last modified on Thu Mar 19 15:01:06 2026).
/home/zhujjing/anaconda3/envs/moe/lib/python3.10/site-packages/transformers/utils/hub.py:124: FutureWarning: Using `TRANSFORMERS_CACHE` is deprecated and will be removed in v5 of Transformers. Use `HF_HOME` instead.
  warnings.warn(
/home/zhujjing/anaconda3/envs/moe/lib/python3.10/site-packages/transformers/convert_slow_tokenizer.py:560: UserWarning: The sentencepiece tokenizer that you are converting to a fast tokenizer uses the byte fallback option which is not implemented in the fast tokenizers. In practice this means that the fast version of the tokenizer can produce unknown tokens whereas the sentencepiece version would have converted these unknown tokens into a sequence of byte tokens matching the original piece of text.
  warnings.warn(
[step 0001/150] method=ours loss=0.7225 train_acc=nan train_loss=nan val_acc=nan val_loss=nan best=-1.0000
[step 0010/150] method=ours loss=0.6855 train_acc=nan train_loss=nan val_acc=nan val_loss=nan best=-1.0000
[step 0020/150] method=ours loss=0.5738 train_acc=nan train_loss=nan val_acc=nan val_loss=nan best=-1.0000
[step 0030/150] method=ours loss=0.4450 train_acc=nan train_loss=nan val_acc=nan val_loss=nan best=-1.0000
[step 0040/150] method=ours loss=0.4873 train_acc=nan train_loss=nan val_acc=nan val_loss=nan best=-1.0000
[step 0050/150] method=ours loss=0.3764 train_acc=0.7808 train_loss=0.4644 val_acc=0.7721 val_loss=0.4643 router_H=0.6402 best=0.7721
           router_load=[0.0, 0.0833328366279602, 0.3464842438697815, 0.570182740688324]
[step 0060/150] method=ours loss=0.4329 train_acc=0.7808 train_loss=0.4644 val_acc=0.7721 val_loss=0.4643 router_H=0.6402 best=0.7721
           router_load=[0.0, 0.0833328366279602, 0.3464842438697815, 0.570182740688324]
[step 0070/150] method=ours loss=0.3209 train_acc=0.7808 train_loss=0.4644 val_acc=0.7721 val_loss=0.4643 router_H=0.6402 best=0.7721
           router_load=[0.0, 0.0833328366279602, 0.3464842438697815, 0.570182740688324]
[step 0080/150] method=ours loss=0.4613 train_acc=0.7808 train_loss=0.4644 val_acc=0.7721 val_loss=0.4643 router_H=0.6402 best=0.7721
           router_load=[0.0, 0.0833328366279602, 0.3464842438697815, 0.570182740688324]
[step 0090/150] method=ours loss=0.4754 train_acc=0.7808 train_loss=0.4644 val_acc=0.7721 val_loss=0.4643 router_H=0.6402 best=0.7721
           router_load=[0.0, 0.0833328366279602, 0.3464842438697815, 0.570182740688324]
[step 0100/150] method=ours loss=0.4646 train_acc=0.8653 train_loss=0.3215 val_acc=0.8578 val_loss=0.3256 router_H=0.5776 best=0.8578
           router_load=[0.0, 0.226859450340271, 0.2466195970773697, 0.5265209078788757]
[step 0110/150] method=ours loss=0.4255 train_acc=0.8653 train_loss=0.3215 val_acc=0.8578 val_loss=0.3256 router_H=0.5776 best=0.8578
           router_load=[0.0, 0.226859450340271, 0.2466195970773697, 0.5265209078788757]
[step 0120/150] method=ours loss=0.2811 train_acc=0.8653 train_loss=0.3215 val_acc=0.8578 val_loss=0.3256 router_H=0.5776 best=0.8578
           router_load=[0.0, 0.226859450340271, 0.2466195970773697, 0.5265209078788757]
[step 0130/150] method=ours loss=0.3504 train_acc=0.8653 train_loss=0.3215 val_acc=0.8578 val_loss=0.3256 router_H=0.5776 best=0.8578
           router_load=[0.0, 0.226859450340271, 0.2466195970773697, 0.5265209078788757]
[step 0140/150] method=ours loss=0.5783 train_acc=0.8653 train_loss=0.3215 val_acc=0.8578 val_loss=0.3256 router_H=0.5776 best=0.8578
           router_load=[0.0, 0.226859450340271, 0.2466195970773697, 0.5265209078788757]
[step 0150/150] method=ours loss=0.4938 train_acc=0.8765 train_loss=0.3058 val_acc=0.8382 val_loss=0.3326 router_H=0.5895 best=0.8578
           router_load=[0.0, 0.38665464520454407, 0.04681094363331795, 0.5665343999862671]
saved summary -> /home/zhujjing/MOE-grad-conflict-routing/runs/paper_suite/single_gpu/single_task/deberta_mrpc_ffn_e4_k2/hpo/ours/trial_runs/coord_01_train_lr_010/ours_s3.json
saved curve -> /home/zhujjing/MOE-grad-conflict-routing/runs/paper_suite/single_gpu/single_task/deberta_mrpc_ffn_e4_k2/hpo/ours/trial_runs/coord_01_train_lr_010/ours_s3_curve.csv
