[run] method=cagrad candidate=coord_04_method_baseline_cagrad_c_014 seed=2 steps=150 gpu=0
[run] cmd=
/home/zhujjing/anaconda3/envs/moe/bin/python /home/zhujjing/MOE-grad-conflict-routing/scripts/run.py --config configs/singletask_rte_real.yaml --set model.backbone_backend=hf --set model.hf_load_pretrained=true --set model.backbone=deberta --set model.hf_pretrained_name=microsoft/deberta-v3-base --set model.expert_type=ffn --set model.routing_mode=topk --set model.num_experts=4 --set model.top_k=2 --set seed=2 --set method.name=baseline_cagrad --set train.steps=150 --set train.eval_every_steps=50 --set method.baseline_cagrad.c=0.365336098 --set method.baseline_cagrad.inner_lr=0.1 --set train.grad_clip=1.19532768 --set train.lr=2e-05 --set train.weight_decay=0.02536478282 --out /home/zhujjing/MOE-grad-conflict-routing/runs/paper_suite/single_gpu/single_task/deberta_rte_ffn_e4_k2/hpo/cagrad/trial_runs/coord_04_method_baseline_cagrad_c_014/cagrad_s2.json --curve_out /home/zhujjing/MOE-grad-conflict-routing/runs/paper_suite/single_gpu/single_task/deberta_rte_ffn_e4_k2/hpo/cagrad/trial_runs/coord_04_method_baseline_cagrad_c_014/cagrad_s2_curve.csv
Using the latest cached version of the dataset since glue couldn't be found on the Hugging Face Hub (offline mode is enabled).
Found the latest cached dataset configuration 'rte' at /home/zhujjing/hf_cache/datasets/glue/rte/0.0.0/bcdcba79d07bc864c1c254ccfcedcce55bcc9a8c (last modified on Thu Mar 19 15:00:36 2026).
/home/zhujjing/anaconda3/envs/moe/lib/python3.10/site-packages/transformers/utils/hub.py:124: FutureWarning: Using `TRANSFORMERS_CACHE` is deprecated and will be removed in v5 of Transformers. Use `HF_HOME` instead.
  warnings.warn(
/home/zhujjing/anaconda3/envs/moe/lib/python3.10/site-packages/transformers/convert_slow_tokenizer.py:560: UserWarning: The sentencepiece tokenizer that you are converting to a fast tokenizer uses the byte fallback option which is not implemented in the fast tokenizers. In practice this means that the fast version of the tokenizer can produce unknown tokens whereas the sentencepiece version would have converted these unknown tokens into a sequence of byte tokens matching the original piece of text.
  warnings.warn(
[step 0001/150] method=baseline_cagrad loss=0.6821 train_acc=nan train_loss=nan val_acc=nan val_loss=nan best=-1.0000
[step 0010/150] method=baseline_cagrad loss=0.7825 train_acc=nan train_loss=nan val_acc=nan val_loss=nan best=-1.0000
[step 0020/150] method=baseline_cagrad loss=0.6641 train_acc=nan train_loss=nan val_acc=nan val_loss=nan best=-1.0000
[step 0030/150] method=baseline_cagrad loss=0.6257 train_acc=nan train_loss=nan val_acc=nan val_loss=nan best=-1.0000
[step 0040/150] method=baseline_cagrad loss=0.6340 train_acc=nan train_loss=nan val_acc=nan val_loss=nan best=-1.0000
[step 0050/150] method=baseline_cagrad loss=0.5307 train_acc=0.7016 train_loss=0.5926 val_acc=0.6462 val_loss=0.6137 router_H=0.6370 best=0.6462
           router_load=[0.5919022560119629, 0.0, 0.4076424241065979, 0.0004553389153443277]
[step 0060/150] method=baseline_cagrad loss=0.5466 train_acc=0.7016 train_loss=0.5926 val_acc=0.6462 val_loss=0.6137 router_H=0.6370 best=0.6462
           router_load=[0.5919022560119629, 0.0, 0.4076424241065979, 0.0004553389153443277]
[step 0070/150] method=baseline_cagrad loss=0.5928 train_acc=0.7016 train_loss=0.5926 val_acc=0.6462 val_loss=0.6137 router_H=0.6370 best=0.6462
           router_load=[0.5919022560119629, 0.0, 0.4076424241065979, 0.0004553389153443277]
[step 0080/150] method=baseline_cagrad loss=0.4355 train_acc=0.7016 train_loss=0.5926 val_acc=0.6462 val_loss=0.6137 router_H=0.6370 best=0.6462
           router_load=[0.5919022560119629, 0.0, 0.4076424241065979, 0.0004553389153443277]
[step 0090/150] method=baseline_cagrad loss=0.5576 train_acc=0.7016 train_loss=0.5926 val_acc=0.6462 val_loss=0.6137 router_H=0.6370 best=0.6462
           router_load=[0.5919022560119629, 0.0, 0.4076424241065979, 0.0004553389153443277]
[step 0100/150] method=baseline_cagrad loss=0.5139 train_acc=0.8462 train_loss=0.4163 val_acc=0.7762 val_loss=0.4987 router_H=0.5946 best=0.7762
           router_load=[0.6690892577171326, 0.0, 0.3293308615684509, 0.0015799596440047026]
[step 0110/150] method=baseline_cagrad loss=0.5194 train_acc=0.8462 train_loss=0.4163 val_acc=0.7762 val_loss=0.4987 router_H=0.5946 best=0.7762
           router_load=[0.6690892577171326, 0.0, 0.3293308615684509, 0.0015799596440047026]
[step 0120/150] method=baseline_cagrad loss=0.4660 train_acc=0.8462 train_loss=0.4163 val_acc=0.7762 val_loss=0.4987 router_H=0.5946 best=0.7762
           router_load=[0.6690892577171326, 0.0, 0.3293308615684509, 0.0015799596440047026]
[step 0130/150] method=baseline_cagrad loss=0.6138 train_acc=0.8462 train_loss=0.4163 val_acc=0.7762 val_loss=0.4987 router_H=0.5946 best=0.7762
           router_load=[0.6690892577171326, 0.0, 0.3293308615684509, 0.0015799596440047026]
[step 0140/150] method=baseline_cagrad loss=0.9717 train_acc=0.8462 train_loss=0.4163 val_acc=0.7762 val_loss=0.4987 router_H=0.5946 best=0.7762
           router_load=[0.6690892577171326, 0.0, 0.3293308615684509, 0.0015799596440047026]
[step 0150/150] method=baseline_cagrad loss=0.4946 train_acc=0.9145 train_loss=0.3059 val_acc=0.7942 val_loss=0.4502 router_H=0.5634 best=0.7942
           router_load=[0.6963483691215515, 0.0, 0.29339611530303955, 0.010255595669150352]
saved summary -> /home/zhujjing/MOE-grad-conflict-routing/runs/paper_suite/single_gpu/single_task/deberta_rte_ffn_e4_k2/hpo/cagrad/trial_runs/coord_04_method_baseline_cagrad_c_014/cagrad_s2.json
saved curve -> /home/zhujjing/MOE-grad-conflict-routing/runs/paper_suite/single_gpu/single_task/deberta_rte_ffn_e4_k2/hpo/cagrad/trial_runs/coord_04_method_baseline_cagrad_c_014/cagrad_s2_curve.csv
