[run] method=cagrad candidate=coord_01_train_lr_003 seed=3 steps=200 gpu=0
[run] cmd=
/root/miniconda3/envs/optimization/bin/python /root/Optimization/MOE-grad-conflict-routing-appendix2/scripts/run.py --config configs/multitask_glue3_rte_mrpc_cola_real.yaml --set model.backbone_backend=hf --set model.hf_load_pretrained=true --set model.hf_local_files_only=1 --set model.backbone=roberta --set model.hf_pretrained_name=roberta-base --set model.expert_type=ffn --set model.routing_mode=topk --set model.num_experts=4 --set model.top_k=2 --set train.eval_val_fraction=0.2 --set train.skip_train_eval=true --set seed=3 --set method.name=baseline_cagrad --set train.steps=200 --set train.eval_every_steps=100 --set method.baseline_cagrad.c=0.4 --set method.baseline_cagrad.inner_lr=0.1 --set train.grad_clip=1 --set train.lr=6.110024421e-06 --set train.weight_decay=0.01 --out /root/Optimization/MOE-grad-conflict-routing-appendix2/runs/paper_suite_server3/experiment4/multi_task/glue3_roberta_ffn_e4_k2/_method_workers/cagrad/hpo/cagrad/trial_runs/coord_01_train_lr_003/cagrad_s3.json --curve_out /root/Optimization/MOE-grad-conflict-routing-appendix2/runs/paper_suite_server3/experiment4/multi_task/glue3_roberta_ffn_e4_k2/_method_workers/cagrad/hpo/cagrad/trial_runs/coord_01_train_lr_003/cagrad_s3_curve.csv
Using the latest cached version of the dataset since glue couldn't be found on the Hugging Face Hub (offline mode is enabled).
Found the latest cached dataset configuration 'rte' at /root/.cache/huggingface/datasets/glue/rte/0.0.0/bcdcba79d07bc864c1c254ccfcedcce55bcc9a8c (last modified on Thu Mar 26 19:09:12 2026).
Using the latest cached version of the dataset since glue couldn't be found on the Hugging Face Hub (offline mode is enabled).
Found the latest cached dataset configuration 'mrpc' at /root/.cache/huggingface/datasets/glue/mrpc/0.0.0/bcdcba79d07bc864c1c254ccfcedcce55bcc9a8c (last modified on Thu Mar 26 20:11:06 2026).
Using the latest cached version of the dataset since glue couldn't be found on the Hugging Face Hub (offline mode is enabled).
Found the latest cached dataset configuration 'cola' at /root/.cache/huggingface/datasets/glue/cola/0.0.0/bcdcba79d07bc864c1c254ccfcedcce55bcc9a8c (last modified on Thu Mar 26 23:46:11 2026).
Loading weights:   0%|          | 0/197 [00:00<?, ?it/s]Loading weights: 100%|██████████| 197/197 [00:00<00:00, 20577.72it/s]
[1mRobertaModel LOAD REPORT[0m from: roberta-base
Key                             | Status     | 
--------------------------------+------------+-
lm_head.layer_norm.bias         | UNEXPECTED | 
lm_head.bias                    | UNEXPECTED | 
lm_head.dense.bias              | UNEXPECTED | 
lm_head.dense.weight            | UNEXPECTED | 
roberta.embeddings.position_ids | UNEXPECTED | 
lm_head.layer_norm.weight       | UNEXPECTED | 
pooler.dense.weight             | MISSING    | 
pooler.dense.bias               | MISSING    | 

[3mNotes:
- UNEXPECTED[3m	:can be ignored when loading from different task/architecture; not ok if you expect identical arch.
- MISSING[3m	:those params were newly initialized because missing from the checkpoint. Consider training on your downstream task.[0m
[step 0001/200] method=baseline_cagrad loss=0.7071 train_acc=nan train_loss=nan val_acc=nan val_loss=nan best=-1.0000
[step 0010/200] method=baseline_cagrad loss=0.6572 train_acc=nan train_loss=nan val_acc=nan val_loss=nan best=-1.0000
[step 0020/200] method=baseline_cagrad loss=0.6125 train_acc=nan train_loss=nan val_acc=nan val_loss=nan best=-1.0000
[step 0030/200] method=baseline_cagrad loss=0.6779 train_acc=nan train_loss=nan val_acc=nan val_loss=nan best=-1.0000
[step 0040/200] method=baseline_cagrad loss=0.6567 train_acc=nan train_loss=nan val_acc=nan val_loss=nan best=-1.0000
[step 0050/200] method=baseline_cagrad loss=0.6020 train_acc=nan train_loss=nan val_acc=nan val_loss=nan best=-1.0000
[step 0060/200] method=baseline_cagrad loss=0.5850 train_acc=nan train_loss=nan val_acc=nan val_loss=nan best=-1.0000
[step 0070/200] method=baseline_cagrad loss=0.6223 train_acc=nan train_loss=nan val_acc=nan val_loss=nan best=-1.0000
[step 0080/200] method=baseline_cagrad loss=0.7712 train_acc=nan train_loss=nan val_acc=nan val_loss=nan best=-1.0000
[step 0090/200] method=baseline_cagrad loss=0.5643 train_acc=nan train_loss=nan val_acc=nan val_loss=nan best=-1.0000
[step 0100/200] method=baseline_cagrad loss=0.6695 train_acc=nan train_loss=nan val_acc=0.6115 val_loss=0.6437 router_H=0.5181 best=0.6115
           router_load=[0.1673111617565155, 0.012256389483809471, 0.04649870842695236, 0.7739336490631104]
[step 0110/200] method=baseline_cagrad loss=0.5652 train_acc=nan train_loss=nan val_acc=0.6115 val_loss=0.6437 router_H=0.5181 best=0.6115
           router_load=[0.1673111617565155, 0.012256389483809471, 0.04649870842695236, 0.7739336490631104]
[step 0120/200] method=baseline_cagrad loss=0.5937 train_acc=nan train_loss=nan val_acc=0.6115 val_loss=0.6437 router_H=0.5181 best=0.6115
           router_load=[0.1673111617565155, 0.012256389483809471, 0.04649870842695236, 0.7739336490631104]
[step 0130/200] method=baseline_cagrad loss=0.5736 train_acc=nan train_loss=nan val_acc=0.6115 val_loss=0.6437 router_H=0.5181 best=0.6115
           router_load=[0.1673111617565155, 0.012256389483809471, 0.04649870842695236, 0.7739336490631104]
[step 0140/200] method=baseline_cagrad loss=0.5999 train_acc=nan train_loss=nan val_acc=0.6115 val_loss=0.6437 router_H=0.5181 best=0.6115
           router_load=[0.1673111617565155, 0.012256389483809471, 0.04649870842695236, 0.7739336490631104]
[step 0150/200] method=baseline_cagrad loss=0.5259 train_acc=nan train_loss=nan val_acc=0.6115 val_loss=0.6437 router_H=0.5181 best=0.6115
           router_load=[0.1673111617565155, 0.012256389483809471, 0.04649870842695236, 0.7739336490631104]
[step 0160/200] method=baseline_cagrad loss=0.5806 train_acc=nan train_loss=nan val_acc=0.6115 val_loss=0.6437 router_H=0.5181 best=0.6115
           router_load=[0.1673111617565155, 0.012256389483809471, 0.04649870842695236, 0.7739336490631104]
[step 0170/200] method=baseline_cagrad loss=0.7162 train_acc=nan train_loss=nan val_acc=0.6115 val_loss=0.6437 router_H=0.5181 best=0.6115
           router_load=[0.1673111617565155, 0.012256389483809471, 0.04649870842695236, 0.7739336490631104]
[step 0180/200] method=baseline_cagrad loss=0.7338 train_acc=nan train_loss=nan val_acc=0.6115 val_loss=0.6437 router_H=0.5181 best=0.6115
           router_load=[0.1673111617565155, 0.012256389483809471, 0.04649870842695236, 0.7739336490631104]
[step 0190/200] method=baseline_cagrad loss=0.6780 train_acc=nan train_loss=nan val_acc=0.6115 val_loss=0.6437 router_H=0.5181 best=0.6115
           router_load=[0.1673111617565155, 0.012256389483809471, 0.04649870842695236, 0.7739336490631104]
[step 0200/200] method=baseline_cagrad loss=0.6371 train_acc=nan train_loss=nan val_acc=0.6267 val_loss=0.5789 router_H=0.5241 best=0.6267
           router_load=[0.22847969830036163, 0.01259930245578289, 0.00503356009721756, 0.7538875341415405]
saved summary -> /root/Optimization/MOE-grad-conflict-routing-appendix2/runs/paper_suite_server3/experiment4/multi_task/glue3_roberta_ffn_e4_k2/_method_workers/cagrad/hpo/cagrad/trial_runs/coord_01_train_lr_003/cagrad_s3.json
saved curve -> /root/Optimization/MOE-grad-conflict-routing-appendix2/runs/paper_suite_server3/experiment4/multi_task/glue3_roberta_ffn_e4_k2/_method_workers/cagrad/hpo/cagrad/trial_runs/coord_01_train_lr_003/cagrad_s3_curve.csv
