[run] method=ours candidate=coord_03_train_grad_clip_021 seed=2 steps=150 gpu=0
[run] cmd=
/home/zhujjing/anaconda3/envs/moe/bin/python /home/zhujjing/MOE-grad-conflict-routing/scripts/run.py --config configs/singletask_sst2_real.yaml --set model.backbone_backend=hf --set model.hf_load_pretrained=true --set model.backbone=roberta --set model.hf_pretrained_name=roberta-base --set model.expert_type=ffn --set model.routing_mode=topk --set model.num_experts=4 --set model.top_k=2 --set seed=2 --set method.name=ours --set train.steps=150 --set train.eval_every_steps=50 --set method.ours.use_load_norm=true --set method.ours.lambda_align=0.001 --set train.grad_clip=0.5039649002 --set train.lr=2.166929843e-05 --set train.weight_decay=0.01547655633 --out /home/zhujjing/MOE-grad-conflict-routing/runs/paper_suite/single_gpu/single_task/roberta_sst2_ffn_e4_k2/hpo/ours/trial_runs/coord_03_train_grad_clip_021/ours_s2.json --curve_out /home/zhujjing/MOE-grad-conflict-routing/runs/paper_suite/single_gpu/single_task/roberta_sst2_ffn_e4_k2/hpo/ours/trial_runs/coord_03_train_grad_clip_021/ours_s2_curve.csv
Using the latest cached version of the dataset since glue couldn't be found on the Hugging Face Hub (offline mode is enabled).
Found the latest cached dataset configuration 'sst2' at /home/zhujjing/hf_cache/datasets/glue/sst2/0.0.0/bcdcba79d07bc864c1c254ccfcedcce55bcc9a8c (last modified on Thu Mar 19 15:01:41 2026).
/home/zhujjing/anaconda3/envs/moe/lib/python3.10/site-packages/transformers/utils/hub.py:124: FutureWarning: Using `TRANSFORMERS_CACHE` is deprecated and will be removed in v5 of Transformers. Use `HF_HOME` instead.
  warnings.warn(
Some weights of RobertaModel were not initialized from the model checkpoint at roberta-base and are newly initialized: ['roberta.pooler.dense.bias', 'roberta.pooler.dense.weight']
You should probably TRAIN this model on a down-stream task to be able to use it for predictions and inference.
[step 0001/150] method=ours loss=0.6820 train_acc=nan train_loss=nan val_acc=nan val_loss=nan best=-1.0000
[step 0010/150] method=ours loss=0.7145 train_acc=nan train_loss=nan val_acc=nan val_loss=nan best=-1.0000
[step 0020/150] method=ours loss=0.5365 train_acc=nan train_loss=nan val_acc=nan val_loss=nan best=-1.0000
[step 0030/150] method=ours loss=0.7810 train_acc=nan train_loss=nan val_acc=nan val_loss=nan best=-1.0000
[step 0040/150] method=ours loss=0.3064 train_acc=nan train_loss=nan val_acc=nan val_loss=nan best=-1.0000
[step 0050/150] method=ours loss=0.2773 train_acc=0.8581 train_loss=0.3753 val_acc=0.8142 val_loss=0.4402 router_H=0.5175 best=0.8142
           router_load=[0.0, 0.4658295512199402, 0.5035971999168396, 0.03057319112122059]
[step 0060/150] method=ours loss=0.1365 train_acc=0.8581 train_loss=0.3753 val_acc=0.8142 val_loss=0.4402 router_H=0.5175 best=0.8142
           router_load=[0.0, 0.4658295512199402, 0.5035971999168396, 0.03057319112122059]
[step 0070/150] method=ours loss=0.4674 train_acc=0.8581 train_loss=0.3753 val_acc=0.8142 val_loss=0.4402 router_H=0.5175 best=0.8142
           router_load=[0.0, 0.4658295512199402, 0.5035971999168396, 0.03057319112122059]
[step 0080/150] method=ours loss=0.5033 train_acc=0.8581 train_loss=0.3753 val_acc=0.8142 val_loss=0.4402 router_H=0.5175 best=0.8142
           router_load=[0.0, 0.4658295512199402, 0.5035971999168396, 0.03057319112122059]
[step 0090/150] method=ours loss=0.3914 train_acc=0.8581 train_loss=0.3753 val_acc=0.8142 val_loss=0.4402 router_H=0.5175 best=0.8142
           router_load=[0.0, 0.4658295512199402, 0.5035971999168396, 0.03057319112122059]
[step 0100/150] method=ours loss=0.5171 train_acc=0.8152 train_loss=0.4807 val_acc=0.7729 val_loss=0.5866 router_H=0.5441 best=0.8142
           router_load=[0.0001739632134558633, 0.58366459608078, 0.41580167412757874, 0.00035965084680356085]
[step 0110/150] method=ours loss=0.4373 train_acc=0.8152 train_loss=0.4807 val_acc=0.7729 val_loss=0.5866 router_H=0.5441 best=0.8142
           router_load=[0.0001739632134558633, 0.58366459608078, 0.41580167412757874, 0.00035965084680356085]
[step 0120/150] method=ours loss=0.5359 train_acc=0.8152 train_loss=0.4807 val_acc=0.7729 val_loss=0.5866 router_H=0.5441 best=0.8142
           router_load=[0.0001739632134558633, 0.58366459608078, 0.41580167412757874, 0.00035965084680356085]
[step 0130/150] method=ours loss=0.2275 train_acc=0.8152 train_loss=0.4807 val_acc=0.7729 val_loss=0.5866 router_H=0.5441 best=0.8142
           router_load=[0.0001739632134558633, 0.58366459608078, 0.41580167412757874, 0.00035965084680356085]
[step 0140/150] method=ours loss=0.9393 train_acc=0.8152 train_loss=0.4807 val_acc=0.7729 val_loss=0.5866 router_H=0.5441 best=0.8142
           router_load=[0.0001739632134558633, 0.58366459608078, 0.41580167412757874, 0.00035965084680356085]
[step 0150/150] method=ours loss=0.5638 train_acc=0.8920 train_loss=0.3195 val_acc=0.8979 val_loss=0.3266 router_H=0.3420 best=0.8979
           router_load=[0.0005270710680633783, 0.4149642288684845, 0.5761039853096008, 0.00840476993471384]
saved summary -> /home/zhujjing/MOE-grad-conflict-routing/runs/paper_suite/single_gpu/single_task/roberta_sst2_ffn_e4_k2/hpo/ours/trial_runs/coord_03_train_grad_clip_021/ours_s2.json
saved curve -> /home/zhujjing/MOE-grad-conflict-routing/runs/paper_suite/single_gpu/single_task/roberta_sst2_ffn_e4_k2/hpo/ours/trial_runs/coord_03_train_grad_clip_021/ours_s2_curve.csv
