[run] method=baseline candidate=coord_01_train_lr_020 seed=2 steps=150 gpu=0
[run] cmd=
/home/zhujjing/anaconda3/envs/moe/bin/python /home/zhujjing/MOE-grad-conflict-routing/scripts/run.py --config configs/singletask_sst2_real.yaml --set model.backbone_backend=hf --set model.hf_load_pretrained=true --set model.hf_local_files_only=true --set model.backbone=deberta --set model.hf_pretrained_name=microsoft/deberta-v3-base --set model.expert_type=ffn --set model.routing_mode=topk --set model.num_experts=4 --set model.top_k=2 --set seed=2 --set method.name=baseline_avg --set train.steps=150 --set train.eval_every_steps=50 --set train.grad_clip=1 --set train.lr=0.0002896784134 --set train.weight_decay=0.01 --out /home/zhujjing/MOE-grad-conflict-routing/runs/paper_suite/single_gpu/single_task/deberta_sst2_ffn_e4_k2_supplement/hpo/baseline/trial_runs/coord_01_train_lr_020/baseline_s2.json --curve_out /home/zhujjing/MOE-grad-conflict-routing/runs/paper_suite/single_gpu/single_task/deberta_sst2_ffn_e4_k2_supplement/hpo/baseline/trial_runs/coord_01_train_lr_020/baseline_s2_curve.csv
Using the latest cached version of the dataset since glue couldn't be found on the Hugging Face Hub (offline mode is enabled).
Found the latest cached dataset configuration 'sst2' at /home/zhujjing/hf_cache/datasets/glue/sst2/0.0.0/bcdcba79d07bc864c1c254ccfcedcce55bcc9a8c (last modified on Thu Mar 19 15:01:41 2026).
/home/zhujjing/anaconda3/envs/moe/lib/python3.10/site-packages/transformers/utils/hub.py:124: FutureWarning: Using `TRANSFORMERS_CACHE` is deprecated and will be removed in v5 of Transformers. Use `HF_HOME` instead.
  warnings.warn(
/home/zhujjing/anaconda3/envs/moe/lib/python3.10/site-packages/transformers/convert_slow_tokenizer.py:560: UserWarning: The sentencepiece tokenizer that you are converting to a fast tokenizer uses the byte fallback option which is not implemented in the fast tokenizers. In practice this means that the fast version of the tokenizer can produce unknown tokens whereas the sentencepiece version would have converted these unknown tokens into a sequence of byte tokens matching the original piece of text.
  warnings.warn(
[step 0001/150] method=baseline_avg loss=0.7180 train_acc=nan train_loss=nan val_acc=nan val_loss=nan best=-1.0000
[step 0010/150] method=baseline_avg loss=0.8606 train_acc=nan train_loss=nan val_acc=nan val_loss=nan best=-1.0000
[step 0020/150] method=baseline_avg loss=0.6721 train_acc=nan train_loss=nan val_acc=nan val_loss=nan best=-1.0000
[step 0030/150] method=baseline_avg loss=0.8316 train_acc=nan train_loss=nan val_acc=nan val_loss=nan best=-1.0000
[step 0040/150] method=baseline_avg loss=0.7349 train_acc=nan train_loss=nan val_acc=nan val_loss=nan best=-1.0000
[step 0050/150] method=baseline_avg loss=0.5734 train_acc=0.5597 train_loss=0.7250 val_acc=0.5092 val_loss=0.7814 router_H=0.5944 best=0.5092
           router_load=[0.7183417677879333, 0.0, 0.28165820240974426, 0.0]
[step 0060/150] method=baseline_avg loss=0.6558 train_acc=0.5597 train_loss=0.7250 val_acc=0.5092 val_loss=0.7814 router_H=0.5944 best=0.5092
           router_load=[0.7183417677879333, 0.0, 0.28165820240974426, 0.0]
[step 0070/150] method=baseline_avg loss=0.7476 train_acc=0.5597 train_loss=0.7250 val_acc=0.5092 val_loss=0.7814 router_H=0.5944 best=0.5092
           router_load=[0.7183417677879333, 0.0, 0.28165820240974426, 0.0]
[step 0080/150] method=baseline_avg loss=0.6461 train_acc=0.5597 train_loss=0.7250 val_acc=0.5092 val_loss=0.7814 router_H=0.5944 best=0.5092
           router_load=[0.7183417677879333, 0.0, 0.28165820240974426, 0.0]
[step 0090/150] method=baseline_avg loss=0.7627 train_acc=0.5597 train_loss=0.7250 val_acc=0.5092 val_loss=0.7814 router_H=0.5944 best=0.5092
           router_load=[0.7183417677879333, 0.0, 0.28165820240974426, 0.0]
[step 0100/150] method=baseline_avg loss=0.9825 train_acc=0.5631 train_loss=0.8558 val_acc=0.5092 val_loss=0.9366 router_H=0.5338 best=0.5092
           router_load=[0.7745125889778137, 0.0, 0.22548817098140717, 0.0]
[step 0110/150] method=baseline_avg loss=0.6965 train_acc=0.5631 train_loss=0.8558 val_acc=0.5092 val_loss=0.9366 router_H=0.5338 best=0.5092
           router_load=[0.7745125889778137, 0.0, 0.22548817098140717, 0.0]
[step 0120/150] method=baseline_avg loss=0.7760 train_acc=0.5631 train_loss=0.8558 val_acc=0.5092 val_loss=0.9366 router_H=0.5338 best=0.5092
           router_load=[0.7745125889778137, 0.0, 0.22548817098140717, 0.0]
[step 0130/150] method=baseline_avg loss=0.7244 train_acc=0.5631 train_loss=0.8558 val_acc=0.5092 val_loss=0.9366 router_H=0.5338 best=0.5092
           router_load=[0.7745125889778137, 0.0, 0.22548817098140717, 0.0]
[step 0140/150] method=baseline_avg loss=0.6219 train_acc=0.5631 train_loss=0.8558 val_acc=0.5092 val_loss=0.9366 router_H=0.5338 best=0.5092
           router_load=[0.7745125889778137, 0.0, 0.22548817098140717, 0.0]
[step 0150/150] method=baseline_avg loss=0.7093 train_acc=0.4436 train_loss=0.7052 val_acc=0.4908 val_loss=0.6977 router_H=0.5878 best=0.5092
           router_load=[0.7253999710083008, 0.0, 0.27460044622421265, 0.0]
saved summary -> /home/zhujjing/MOE-grad-conflict-routing/runs/paper_suite/single_gpu/single_task/deberta_sst2_ffn_e4_k2_supplement/hpo/baseline/trial_runs/coord_01_train_lr_020/baseline_s2.json
saved curve -> /home/zhujjing/MOE-grad-conflict-routing/runs/paper_suite/single_gpu/single_task/deberta_sst2_ffn_e4_k2_supplement/hpo/baseline/trial_runs/coord_01_train_lr_020/baseline_s2_curve.csv
