[run] method=baseline candidate=coord_01_anchor seed=3 steps=150 gpu=0
[run] cmd=
/home/zhujjing/anaconda3/envs/moe/bin/python /home/zhujjing/MOE-grad-conflict-routing/scripts/run.py --config configs/singletask_sst2_real.yaml --set model.backbone_backend=hf --set model.hf_load_pretrained=true --set model.hf_local_files_only=true --set model.backbone=deberta --set model.hf_pretrained_name=microsoft/deberta-v3-base --set model.expert_type=ffn --set model.routing_mode=topk --set model.num_experts=4 --set model.top_k=2 --set seed=3 --set method.name=baseline_avg --set train.steps=150 --set train.eval_every_steps=50 --set train.grad_clip=1 --set train.lr=2e-05 --set train.weight_decay=0.01 --out /home/zhujjing/MOE-grad-conflict-routing/runs/paper_suite/single_gpu/single_task/deberta_sst2_ffn_e4_k2_supplement/hpo/baseline/trial_runs/coord_01_anchor/baseline_s3.json --curve_out /home/zhujjing/MOE-grad-conflict-routing/runs/paper_suite/single_gpu/single_task/deberta_sst2_ffn_e4_k2_supplement/hpo/baseline/trial_runs/coord_01_anchor/baseline_s3_curve.csv
Using the latest cached version of the dataset since glue couldn't be found on the Hugging Face Hub (offline mode is enabled).
Found the latest cached dataset configuration 'sst2' at /home/zhujjing/hf_cache/datasets/glue/sst2/0.0.0/bcdcba79d07bc864c1c254ccfcedcce55bcc9a8c (last modified on Thu Mar 19 15:01:41 2026).
/home/zhujjing/anaconda3/envs/moe/lib/python3.10/site-packages/transformers/utils/hub.py:124: FutureWarning: Using `TRANSFORMERS_CACHE` is deprecated and will be removed in v5 of Transformers. Use `HF_HOME` instead.
  warnings.warn(
/home/zhujjing/anaconda3/envs/moe/lib/python3.10/site-packages/transformers/convert_slow_tokenizer.py:560: UserWarning: The sentencepiece tokenizer that you are converting to a fast tokenizer uses the byte fallback option which is not implemented in the fast tokenizers. In practice this means that the fast version of the tokenizer can produce unknown tokens whereas the sentencepiece version would have converted these unknown tokens into a sequence of byte tokens matching the original piece of text.
  warnings.warn(
[step 0001/150] method=baseline_avg loss=0.6903 train_acc=nan train_loss=nan val_acc=nan val_loss=nan best=-1.0000
[step 0010/150] method=baseline_avg loss=0.6225 train_acc=nan train_loss=nan val_acc=nan val_loss=nan best=-1.0000
[step 0020/150] method=baseline_avg loss=0.5750 train_acc=nan train_loss=nan val_acc=nan val_loss=nan best=-1.0000
[step 0030/150] method=baseline_avg loss=0.6224 train_acc=nan train_loss=nan val_acc=nan val_loss=nan best=-1.0000
[step 0040/150] method=baseline_avg loss=0.5728 train_acc=nan train_loss=nan val_acc=nan val_loss=nan best=-1.0000
[step 0050/150] method=baseline_avg loss=0.4090 train_acc=0.8751 train_loss=0.3135 val_acc=0.9025 val_loss=0.2801 router_H=0.5267 best=0.9025
           router_load=[0.4752291142940521, 0.07714139670133591, 0.43726614117622375, 0.010363372974097729]
[step 0060/150] method=baseline_avg loss=0.5926 train_acc=0.8751 train_loss=0.3135 val_acc=0.9025 val_loss=0.2801 router_H=0.5267 best=0.9025
           router_load=[0.4752291142940521, 0.07714139670133591, 0.43726614117622375, 0.010363372974097729]
[step 0070/150] method=baseline_avg loss=0.1704 train_acc=0.8751 train_loss=0.3135 val_acc=0.9025 val_loss=0.2801 router_H=0.5267 best=0.9025
           router_load=[0.4752291142940521, 0.07714139670133591, 0.43726614117622375, 0.010363372974097729]
[step 0080/150] method=baseline_avg loss=0.1061 train_acc=0.8751 train_loss=0.3135 val_acc=0.9025 val_loss=0.2801 router_H=0.5267 best=0.9025
           router_load=[0.4752291142940521, 0.07714139670133591, 0.43726614117622375, 0.010363372974097729]
[step 0090/150] method=baseline_avg loss=0.0959 train_acc=0.8751 train_loss=0.3135 val_acc=0.9025 val_loss=0.2801 router_H=0.5267 best=0.9025
           router_load=[0.4752291142940521, 0.07714139670133591, 0.43726614117622375, 0.010363372974097729]
[step 0100/150] method=baseline_avg loss=0.0963 train_acc=0.9111 train_loss=0.2488 val_acc=0.9186 val_loss=0.2364 router_H=0.4463 best=0.9186
           router_load=[0.43948811292648315, 0.09860970824956894, 0.4424968659877777, 0.019405392929911613]
[step 0110/150] method=baseline_avg loss=0.6481 train_acc=0.9111 train_loss=0.2488 val_acc=0.9186 val_loss=0.2364 router_H=0.4463 best=0.9186
           router_load=[0.43948811292648315, 0.09860970824956894, 0.4424968659877777, 0.019405392929911613]
[step 0120/150] method=baseline_avg loss=0.4085 train_acc=0.9111 train_loss=0.2488 val_acc=0.9186 val_loss=0.2364 router_H=0.4463 best=0.9186
           router_load=[0.43948811292648315, 0.09860970824956894, 0.4424968659877777, 0.019405392929911613]
[step 0130/150] method=baseline_avg loss=0.1939 train_acc=0.9111 train_loss=0.2488 val_acc=0.9186 val_loss=0.2364 router_H=0.4463 best=0.9186
           router_load=[0.43948811292648315, 0.09860970824956894, 0.4424968659877777, 0.019405392929911613]
[step 0140/150] method=baseline_avg loss=0.1988 train_acc=0.9111 train_loss=0.2488 val_acc=0.9186 val_loss=0.2364 router_H=0.4463 best=0.9186
           router_load=[0.43948811292648315, 0.09860970824956894, 0.4424968659877777, 0.019405392929911613]
[step 0150/150] method=baseline_avg loss=0.2628 train_acc=0.9244 train_loss=0.2132 val_acc=0.9255 val_loss=0.2086 router_H=0.3953 best=0.9255
           router_load=[0.48212796449661255, 0.06475899368524551, 0.4481186270713806, 0.004994511604309082]
saved summary -> /home/zhujjing/MOE-grad-conflict-routing/runs/paper_suite/single_gpu/single_task/deberta_sst2_ffn_e4_k2_supplement/hpo/baseline/trial_runs/coord_01_anchor/baseline_s3.json
saved curve -> /home/zhujjing/MOE-grad-conflict-routing/runs/paper_suite/single_gpu/single_task/deberta_sst2_ffn_e4_k2_supplement/hpo/baseline/trial_runs/coord_01_anchor/baseline_s3_curve.csv
