[run] method=ours candidate=coord_03_train_grad_clip_007 seed=3 steps=150 gpu=0
[run] cmd=
/home/zhujjing/anaconda3/envs/moe/bin/python /home/zhujjing/MOE-grad-conflict-routing/scripts/run.py --config configs/singletask_rte_real.yaml --set model.backbone_backend=hf --set model.hf_load_pretrained=true --set model.backbone=deberta --set model.hf_pretrained_name=microsoft/deberta-v3-base --set model.expert_type=lora --set model.routing_mode=topk --set model.num_experts=4 --set model.top_k=2 --set seed=3 --set method.name=ours --set train.steps=150 --set train.eval_every_steps=50 --set method.ours.use_load_norm=true --set method.ours.lambda_align=0.001 --set train.grad_clip=1.883381917 --set train.lr=4.233346635e-05 --set train.weight_decay=0.04322128284 --out /home/zhujjing/MOE-grad-conflict-routing/runs/paper_suite/single_gpu/single_task/deberta_rte_lora_e4_k2/hpo/ours/trial_runs/coord_03_train_grad_clip_007/ours_s3.json --curve_out /home/zhujjing/MOE-grad-conflict-routing/runs/paper_suite/single_gpu/single_task/deberta_rte_lora_e4_k2/hpo/ours/trial_runs/coord_03_train_grad_clip_007/ours_s3_curve.csv
Using the latest cached version of the dataset since glue couldn't be found on the Hugging Face Hub (offline mode is enabled).
Found the latest cached dataset configuration 'rte' at /home/zhujjing/hf_cache/datasets/glue/rte/0.0.0/bcdcba79d07bc864c1c254ccfcedcce55bcc9a8c (last modified on Thu Mar 19 15:00:36 2026).
/home/zhujjing/anaconda3/envs/moe/lib/python3.10/site-packages/transformers/utils/hub.py:124: FutureWarning: Using `TRANSFORMERS_CACHE` is deprecated and will be removed in v5 of Transformers. Use `HF_HOME` instead.
  warnings.warn(
/home/zhujjing/anaconda3/envs/moe/lib/python3.10/site-packages/transformers/convert_slow_tokenizer.py:560: UserWarning: The sentencepiece tokenizer that you are converting to a fast tokenizer uses the byte fallback option which is not implemented in the fast tokenizers. In practice this means that the fast version of the tokenizer can produce unknown tokens whereas the sentencepiece version would have converted these unknown tokens into a sequence of byte tokens matching the original piece of text.
  warnings.warn(
[step 0001/150] method=ours loss=0.7379 train_acc=nan train_loss=nan val_acc=nan val_loss=nan best=-1.0000
[step 0010/150] method=ours loss=0.6635 train_acc=nan train_loss=nan val_acc=nan val_loss=nan best=-1.0000
[step 0020/150] method=ours loss=0.6797 train_acc=nan train_loss=nan val_acc=nan val_loss=nan best=-1.0000
[step 0030/150] method=ours loss=0.5848 train_acc=nan train_loss=nan val_acc=nan val_loss=nan best=-1.0000
[step 0040/150] method=ours loss=0.8636 train_acc=nan train_loss=nan val_acc=nan val_loss=nan best=-1.0000
[step 0050/150] method=ours loss=0.5940 train_acc=0.7221 train_loss=0.5815 val_acc=0.6787 val_loss=0.6152 router_H=0.6818 best=0.6787
           router_load=[0.5240160822868347, 0.11590532213449478, 0.02566751278936863, 0.334411084651947]
[step 0060/150] method=ours loss=0.5647 train_acc=0.7221 train_loss=0.5815 val_acc=0.6787 val_loss=0.6152 router_H=0.6818 best=0.6787
           router_load=[0.5240160822868347, 0.11590532213449478, 0.02566751278936863, 0.334411084651947]
[step 0070/150] method=ours loss=0.7439 train_acc=0.7221 train_loss=0.5815 val_acc=0.6787 val_loss=0.6152 router_H=0.6818 best=0.6787
           router_load=[0.5240160822868347, 0.11590532213449478, 0.02566751278936863, 0.334411084651947]
[step 0080/150] method=ours loss=0.3799 train_acc=0.7221 train_loss=0.5815 val_acc=0.6787 val_loss=0.6152 router_H=0.6818 best=0.6787
           router_load=[0.5240160822868347, 0.11590532213449478, 0.02566751278936863, 0.334411084651947]
[step 0090/150] method=ours loss=0.4687 train_acc=0.7221 train_loss=0.5815 val_acc=0.6787 val_loss=0.6152 router_H=0.6818 best=0.6787
           router_load=[0.5240160822868347, 0.11590532213449478, 0.02566751278936863, 0.334411084651947]
[step 0100/150] method=ours loss=0.8380 train_acc=0.7940 train_loss=0.4207 val_acc=0.7401 val_loss=0.5451 router_H=0.6789 best=0.7401
           router_load=[0.3995038568973541, 0.18328917026519775, 0.04468100517988205, 0.3725259602069855]
[step 0110/150] method=ours loss=0.4143 train_acc=0.7940 train_loss=0.4207 val_acc=0.7401 val_loss=0.5451 router_H=0.6789 best=0.7401
           router_load=[0.3995038568973541, 0.18328917026519775, 0.04468100517988205, 0.3725259602069855]
[step 0120/150] method=ours loss=0.5250 train_acc=0.7940 train_loss=0.4207 val_acc=0.7401 val_loss=0.5451 router_H=0.6789 best=0.7401
           router_load=[0.3995038568973541, 0.18328917026519775, 0.04468100517988205, 0.3725259602069855]
[step 0130/150] method=ours loss=0.4755 train_acc=0.7940 train_loss=0.4207 val_acc=0.7401 val_loss=0.5451 router_H=0.6789 best=0.7401
           router_load=[0.3995038568973541, 0.18328917026519775, 0.04468100517988205, 0.3725259602069855]
[step 0140/150] method=ours loss=0.2935 train_acc=0.7940 train_loss=0.4207 val_acc=0.7401 val_loss=0.5451 router_H=0.6789 best=0.7401
           router_load=[0.3995038568973541, 0.18328917026519775, 0.04468100517988205, 0.3725259602069855]
[step 0150/150] method=ours loss=0.2293 train_acc=0.8912 train_loss=0.2775 val_acc=0.8014 val_loss=0.4359 router_H=0.6574 best=0.8014
           router_load=[0.20192724466323853, 0.17836077511310577, 0.06744104623794556, 0.5522710084915161]
saved summary -> /home/zhujjing/MOE-grad-conflict-routing/runs/paper_suite/single_gpu/single_task/deberta_rte_lora_e4_k2/hpo/ours/trial_runs/coord_03_train_grad_clip_007/ours_s3.json
saved curve -> /home/zhujjing/MOE-grad-conflict-routing/runs/paper_suite/single_gpu/single_task/deberta_rte_lora_e4_k2/hpo/ours/trial_runs/coord_03_train_grad_clip_007/ours_s3_curve.csv
