[run] method=ours candidate=local_var_topk_018 seed=2 steps=150 gpu=0
[run] cmd=
/home/zhujjing/anaconda3/envs/moe/bin/python /home/zhujjing/MOE-grad-conflict-routing/scripts/run.py --config configs/singletask_mrpc_real.yaml --set model.backbone_backend=hf --set model.hf_load_pretrained=true --set model.backbone=deberta --set model.hf_pretrained_name=microsoft/deberta-v3-base --set model.expert_type=lora --set model.routing_mode=topk --set model.num_experts=4 --set model.top_k=2 --set seed=2 --set method.name=ours --set train.steps=150 --set train.eval_every_steps=50 --set method.ours.use_load_norm=true --set method.ours.lambda_align=0.001 --set train.grad_clip=0.7736942906 --set train.lr=0.000109692233 --set train.weight_decay=0.02112945656 --out /home/zhujjing/MOE-grad-conflict-routing/runs/paper_suite/single_gpu/single_task/deberta_mrpc_lora_e4_k2/hpo/ours/trial_runs/local_var_topk_018/ours_s2.json --curve_out /home/zhujjing/MOE-grad-conflict-routing/runs/paper_suite/single_gpu/single_task/deberta_mrpc_lora_e4_k2/hpo/ours/trial_runs/local_var_topk_018/ours_s2_curve.csv
Using the latest cached version of the dataset since glue couldn't be found on the Hugging Face Hub (offline mode is enabled).
Found the latest cached dataset configuration 'mrpc' at /home/zhujjing/hf_cache/datasets/glue/mrpc/0.0.0/bcdcba79d07bc864c1c254ccfcedcce55bcc9a8c (last modified on Thu Mar 19 15:01:06 2026).
/home/zhujjing/anaconda3/envs/moe/lib/python3.10/site-packages/transformers/utils/hub.py:124: FutureWarning: Using `TRANSFORMERS_CACHE` is deprecated and will be removed in v5 of Transformers. Use `HF_HOME` instead.
  warnings.warn(
/home/zhujjing/anaconda3/envs/moe/lib/python3.10/site-packages/transformers/convert_slow_tokenizer.py:560: UserWarning: The sentencepiece tokenizer that you are converting to a fast tokenizer uses the byte fallback option which is not implemented in the fast tokenizers. In practice this means that the fast version of the tokenizer can produce unknown tokens whereas the sentencepiece version would have converted these unknown tokens into a sequence of byte tokens matching the original piece of text.
  warnings.warn(
[step 0001/150] method=ours loss=0.7053 train_acc=nan train_loss=nan val_acc=nan val_loss=nan best=-1.0000
[step 0010/150] method=ours loss=1.1435 train_acc=nan train_loss=nan val_acc=nan val_loss=nan best=-1.0000
[step 0020/150] method=ours loss=0.4810 train_acc=nan train_loss=nan val_acc=nan val_loss=nan best=-1.0000
[step 0030/150] method=ours loss=0.5637 train_acc=nan train_loss=nan val_acc=nan val_loss=nan best=-1.0000
[step 0040/150] method=ours loss=0.4551 train_acc=nan train_loss=nan val_acc=nan val_loss=nan best=-1.0000
[step 0050/150] method=ours loss=0.4856 train_acc=0.7320 train_loss=0.4892 val_acc=0.7181 val_loss=0.5003 router_H=0.6624 best=0.7181
           router_load=[0.0, 0.004939617123454809, 0.6169393658638, 0.37812089920043945]
[step 0060/150] method=ours loss=0.5837 train_acc=0.7320 train_loss=0.4892 val_acc=0.7181 val_loss=0.5003 router_H=0.6624 best=0.7181
           router_load=[0.0, 0.004939617123454809, 0.6169393658638, 0.37812089920043945]
[step 0070/150] method=ours loss=0.2200 train_acc=0.7320 train_loss=0.4892 val_acc=0.7181 val_loss=0.5003 router_H=0.6624 best=0.7181
           router_load=[0.0, 0.004939617123454809, 0.6169393658638, 0.37812089920043945]
[step 0080/150] method=ours loss=0.5679 train_acc=0.7320 train_loss=0.4892 val_acc=0.7181 val_loss=0.5003 router_H=0.6624 best=0.7181
           router_load=[0.0, 0.004939617123454809, 0.6169393658638, 0.37812089920043945]
[step 0090/150] method=ours loss=0.5171 train_acc=0.7320 train_loss=0.4892 val_acc=0.7181 val_loss=0.5003 router_H=0.6624 best=0.7181
           router_load=[0.0, 0.004939617123454809, 0.6169393658638, 0.37812089920043945]
[step 0100/150] method=ours loss=0.5880 train_acc=0.7953 train_loss=0.4251 val_acc=0.7574 val_loss=0.4930 router_H=0.5902 best=0.7574
           router_load=[0.0, 0.0, 0.692690372467041, 0.3073095381259918]
[step 0110/150] method=ours loss=0.4912 train_acc=0.7953 train_loss=0.4251 val_acc=0.7574 val_loss=0.4930 router_H=0.5902 best=0.7574
           router_load=[0.0, 0.0, 0.692690372467041, 0.3073095381259918]
[step 0120/150] method=ours loss=0.2767 train_acc=0.7953 train_loss=0.4251 val_acc=0.7574 val_loss=0.4930 router_H=0.5902 best=0.7574
           router_load=[0.0, 0.0, 0.692690372467041, 0.3073095381259918]
[step 0130/150] method=ours loss=0.3198 train_acc=0.7953 train_loss=0.4251 val_acc=0.7574 val_loss=0.4930 router_H=0.5902 best=0.7574
           router_load=[0.0, 0.0, 0.692690372467041, 0.3073095381259918]
[step 0140/150] method=ours loss=0.4862 train_acc=0.7953 train_loss=0.4251 val_acc=0.7574 val_loss=0.4930 router_H=0.5902 best=0.7574
           router_load=[0.0, 0.0, 0.692690372467041, 0.3073095381259918]
[step 0150/150] method=ours loss=0.3151 train_acc=0.8601 train_loss=0.3149 val_acc=0.8578 val_loss=0.3256 router_H=0.5831 best=0.8578
           router_load=[0.02175077795982361, 0.0016825114144012332, 0.6298471093177795, 0.3467196524143219]
saved summary -> /home/zhujjing/MOE-grad-conflict-routing/runs/paper_suite/single_gpu/single_task/deberta_mrpc_lora_e4_k2/hpo/ours/trial_runs/local_var_topk_018/ours_s2.json
saved curve -> /home/zhujjing/MOE-grad-conflict-routing/runs/paper_suite/single_gpu/single_task/deberta_mrpc_lora_e4_k2/hpo/ours/trial_runs/local_var_topk_018/ours_s2_curve.csv
