[run] method=ours candidate=local_var_topk_020 seed=2 steps=200 gpu=0
[run] cmd=
/home/zhujjing/anaconda3/envs/moe/bin/python /home/zhujjing/MOE-grad-conflict-routing/scripts/run.py --config configs/multitask_glue4_real.yaml --set model.backbone_backend=hf --set model.hf_load_pretrained=true --set model.hf_local_files_only=true --set model.backbone=roberta --set model.hf_pretrained_name=roberta-base --set model.expert_type=lora --set model.routing_mode=topk --set model.num_experts=4 --set model.top_k=2 --set train.eval_train_fraction=0.10 --set train.eval_train_max_batches=-1 --set train.eval_max_batches=-1 --set seed=2 --set method.name=ours --set train.steps=200 --set train.eval_every_steps=100 --set method.ours.use_load_norm=true --set method.ours.lambda_align=0.000747817041 --set train.grad_clip=0.7 --set train.lr=8.4666933e-05 --set train.weight_decay=0.04145867636 --out /home/zhujjing/MOE-grad-conflict-routing/runs/paper_suite/single_gpu/multi_task/glue4_roberta_lora_e4_k2/hpo/ours/trial_runs/local_var_topk_020/ours_s2.json --curve_out /home/zhujjing/MOE-grad-conflict-routing/runs/paper_suite/single_gpu/multi_task/glue4_roberta_lora_e4_k2/hpo/ours/trial_runs/local_var_topk_020/ours_s2_curve.csv
Using the latest cached version of the dataset since glue couldn't be found on the Hugging Face Hub (offline mode is enabled).
Found the latest cached dataset configuration 'rte' at /home/zhujjing/hf_cache/datasets/glue/rte/0.0.0/bcdcba79d07bc864c1c254ccfcedcce55bcc9a8c (last modified on Thu Mar 19 15:00:36 2026).
/home/zhujjing/anaconda3/envs/moe/lib/python3.10/site-packages/transformers/utils/hub.py:124: FutureWarning: Using `TRANSFORMERS_CACHE` is deprecated and will be removed in v5 of Transformers. Use `HF_HOME` instead.
  warnings.warn(
Using the latest cached version of the dataset since glue couldn't be found on the Hugging Face Hub (offline mode is enabled).
Found the latest cached dataset configuration 'mrpc' at /home/zhujjing/hf_cache/datasets/glue/mrpc/0.0.0/bcdcba79d07bc864c1c254ccfcedcce55bcc9a8c (last modified on Thu Mar 19 15:01:06 2026).
Using the latest cached version of the dataset since glue couldn't be found on the Hugging Face Hub (offline mode is enabled).
Found the latest cached dataset configuration 'sst2' at /home/zhujjing/hf_cache/datasets/glue/sst2/0.0.0/bcdcba79d07bc864c1c254ccfcedcce55bcc9a8c (last modified on Thu Mar 19 15:01:41 2026).
Using the latest cached version of the dataset since glue couldn't be found on the Hugging Face Hub (offline mode is enabled).
Found the latest cached dataset configuration 'cola' at /home/zhujjing/hf_cache/datasets/glue/cola/0.0.0/bcdcba79d07bc864c1c254ccfcedcce55bcc9a8c (last modified on Thu Mar 19 15:02:09 2026).
Some weights of RobertaModel were not initialized from the model checkpoint at roberta-base and are newly initialized: ['roberta.pooler.dense.bias', 'roberta.pooler.dense.weight']
You should probably TRAIN this model on a down-stream task to be able to use it for predictions and inference.
[step 0001/200] method=ours loss=0.6878 train_acc=nan train_loss=nan val_acc=nan val_loss=nan best=-1.0000
[step 0010/200] method=ours loss=0.6567 train_acc=nan train_loss=nan val_acc=nan val_loss=nan best=-1.0000
[step 0020/200] method=ours loss=0.5733 train_acc=nan train_loss=nan val_acc=nan val_loss=nan best=-1.0000
[step 0030/200] method=ours loss=0.5673 train_acc=nan train_loss=nan val_acc=nan val_loss=nan best=-1.0000
[step 0040/200] method=ours loss=0.5763 train_acc=nan train_loss=nan val_acc=nan val_loss=nan best=-1.0000
[step 0050/200] method=ours loss=0.6497 train_acc=nan train_loss=nan val_acc=nan val_loss=nan best=-1.0000
[step 0060/200] method=ours loss=0.5027 train_acc=nan train_loss=nan val_acc=nan val_loss=nan best=-1.0000
[step 0070/200] method=ours loss=0.4900 train_acc=nan train_loss=nan val_acc=nan val_loss=nan best=-1.0000
[step 0080/200] method=ours loss=0.4995 train_acc=nan train_loss=nan val_acc=nan val_loss=nan best=-1.0000
[step 0090/200] method=ours loss=0.4913 train_acc=nan train_loss=nan val_acc=nan val_loss=nan best=-1.0000
[step 0100/200] method=ours loss=0.5166 train_acc=0.7443 train_loss=0.5106 val_acc=0.7146 val_loss=0.5484 router_H=0.6809 best=0.7146
           router_load=[0.5424305200576782, 0.24241945147514343, 0.14121630787849426, 0.073933444917202]
[step 0110/200] method=ours loss=0.4798 train_acc=0.7443 train_loss=0.5106 val_acc=0.7146 val_loss=0.5484 router_H=0.6809 best=0.7146
           router_load=[0.5424305200576782, 0.24241945147514343, 0.14121630787849426, 0.073933444917202]
[step 0120/200] method=ours loss=0.5138 train_acc=0.7443 train_loss=0.5106 val_acc=0.7146 val_loss=0.5484 router_H=0.6809 best=0.7146
           router_load=[0.5424305200576782, 0.24241945147514343, 0.14121630787849426, 0.073933444917202]
[step 0130/200] method=ours loss=0.4853 train_acc=0.7443 train_loss=0.5106 val_acc=0.7146 val_loss=0.5484 router_H=0.6809 best=0.7146
           router_load=[0.5424305200576782, 0.24241945147514343, 0.14121630787849426, 0.073933444917202]
[step 0140/200] method=ours loss=0.5801 train_acc=0.7443 train_loss=0.5106 val_acc=0.7146 val_loss=0.5484 router_H=0.6809 best=0.7146
           router_load=[0.5424305200576782, 0.24241945147514343, 0.14121630787849426, 0.073933444917202]
[step 0150/200] method=ours loss=0.4738 train_acc=0.7443 train_loss=0.5106 val_acc=0.7146 val_loss=0.5484 router_H=0.6809 best=0.7146
           router_load=[0.5424305200576782, 0.24241945147514343, 0.14121630787849426, 0.073933444917202]
[step 0160/200] method=ours loss=0.4542 train_acc=0.7443 train_loss=0.5106 val_acc=0.7146 val_loss=0.5484 router_H=0.6809 best=0.7146
           router_load=[0.5424305200576782, 0.24241945147514343, 0.14121630787849426, 0.073933444917202]
[step 0170/200] method=ours loss=0.4438 train_acc=0.7443 train_loss=0.5106 val_acc=0.7146 val_loss=0.5484 router_H=0.6809 best=0.7146
           router_load=[0.5424305200576782, 0.24241945147514343, 0.14121630787849426, 0.073933444917202]
[step 0180/200] method=ours loss=0.3883 train_acc=0.7443 train_loss=0.5106 val_acc=0.7146 val_loss=0.5484 router_H=0.6809 best=0.7146
           router_load=[0.5424305200576782, 0.24241945147514343, 0.14121630787849426, 0.073933444917202]
[step 0190/200] method=ours loss=0.4722 train_acc=0.7443 train_loss=0.5106 val_acc=0.7146 val_loss=0.5484 router_H=0.6809 best=0.7146
           router_load=[0.5424305200576782, 0.24241945147514343, 0.14121630787849426, 0.073933444917202]
[step 0200/200] method=ours loss=0.4115 train_acc=0.8486 train_loss=0.3594 val_acc=0.7973 val_loss=0.4327 router_H=0.6820 best=0.7973
           router_load=[0.516414225101471, 0.24632662534713745, 0.12007170170545578, 0.11718733608722687]
saved summary -> /home/zhujjing/MOE-grad-conflict-routing/runs/paper_suite/single_gpu/multi_task/glue4_roberta_lora_e4_k2/hpo/ours/trial_runs/local_var_topk_020/ours_s2.json
saved curve -> /home/zhujjing/MOE-grad-conflict-routing/runs/paper_suite/single_gpu/multi_task/glue4_roberta_lora_e4_k2/hpo/ours/trial_runs/local_var_topk_020/ours_s2_curve.csv
