[run] method=ours candidate=local_var_topk_014 seed=2 steps=200 gpu=0
[run] cmd=
/home/zhujjing/anaconda3/envs/moe/bin/python /home/zhujjing/MOE-grad-conflict-routing/scripts/run.py --config configs/multitask_glue4_real.yaml --set model.backbone_backend=hf --set model.hf_load_pretrained=true --set model.hf_local_files_only=true --set model.backbone=roberta --set model.hf_pretrained_name=roberta-base --set model.expert_type=lora --set model.routing_mode=topk --set model.num_experts=4 --set model.top_k=2 --set train.eval_train_fraction=0.10 --set train.eval_train_max_batches=-1 --set train.eval_max_batches=-1 --set seed=2 --set method.name=ours --set train.steps=200 --set train.eval_every_steps=100 --set method.ours.use_load_norm=true --set method.ours.lambda_align=0.000747817041 --set train.grad_clip=1 --set train.lr=4.2333466e-05 --set train.weight_decay=0.04145867636 --out /home/zhujjing/MOE-grad-conflict-routing/runs/paper_suite/single_gpu/multi_task/glue4_roberta_lora_e4_k2/hpo/ours/trial_runs/local_var_topk_014/ours_s2.json --curve_out /home/zhujjing/MOE-grad-conflict-routing/runs/paper_suite/single_gpu/multi_task/glue4_roberta_lora_e4_k2/hpo/ours/trial_runs/local_var_topk_014/ours_s2_curve.csv
Using the latest cached version of the dataset since glue couldn't be found on the Hugging Face Hub (offline mode is enabled).
Found the latest cached dataset configuration 'rte' at /home/zhujjing/hf_cache/datasets/glue/rte/0.0.0/bcdcba79d07bc864c1c254ccfcedcce55bcc9a8c (last modified on Thu Mar 19 15:00:36 2026).
/home/zhujjing/anaconda3/envs/moe/lib/python3.10/site-packages/transformers/utils/hub.py:124: FutureWarning: Using `TRANSFORMERS_CACHE` is deprecated and will be removed in v5 of Transformers. Use `HF_HOME` instead.
  warnings.warn(
Using the latest cached version of the dataset since glue couldn't be found on the Hugging Face Hub (offline mode is enabled).
Found the latest cached dataset configuration 'mrpc' at /home/zhujjing/hf_cache/datasets/glue/mrpc/0.0.0/bcdcba79d07bc864c1c254ccfcedcce55bcc9a8c (last modified on Thu Mar 19 15:01:06 2026).
Using the latest cached version of the dataset since glue couldn't be found on the Hugging Face Hub (offline mode is enabled).
Found the latest cached dataset configuration 'sst2' at /home/zhujjing/hf_cache/datasets/glue/sst2/0.0.0/bcdcba79d07bc864c1c254ccfcedcce55bcc9a8c (last modified on Thu Mar 19 15:01:41 2026).
Using the latest cached version of the dataset since glue couldn't be found on the Hugging Face Hub (offline mode is enabled).
Found the latest cached dataset configuration 'cola' at /home/zhujjing/hf_cache/datasets/glue/cola/0.0.0/bcdcba79d07bc864c1c254ccfcedcce55bcc9a8c (last modified on Thu Mar 19 15:02:09 2026).
Some weights of RobertaModel were not initialized from the model checkpoint at roberta-base and are newly initialized: ['roberta.pooler.dense.bias', 'roberta.pooler.dense.weight']
You should probably TRAIN this model on a down-stream task to be able to use it for predictions and inference.
[step 0001/200] method=ours loss=0.6970 train_acc=nan train_loss=nan val_acc=nan val_loss=nan best=-1.0000
[step 0010/200] method=ours loss=0.6921 train_acc=nan train_loss=nan val_acc=nan val_loss=nan best=-1.0000
[step 0020/200] method=ours loss=0.5838 train_acc=nan train_loss=nan val_acc=nan val_loss=nan best=-1.0000
[step 0030/200] method=ours loss=0.5687 train_acc=nan train_loss=nan val_acc=nan val_loss=nan best=-1.0000
[step 0040/200] method=ours loss=0.5479 train_acc=nan train_loss=nan val_acc=nan val_loss=nan best=-1.0000
[step 0050/200] method=ours loss=0.6363 train_acc=nan train_loss=nan val_acc=nan val_loss=nan best=-1.0000
[step 0060/200] method=ours loss=0.5084 train_acc=nan train_loss=nan val_acc=nan val_loss=nan best=-1.0000
[step 0070/200] method=ours loss=0.5755 train_acc=nan train_loss=nan val_acc=nan val_loss=nan best=-1.0000
[step 0080/200] method=ours loss=0.4967 train_acc=nan train_loss=nan val_acc=nan val_loss=nan best=-1.0000
[step 0090/200] method=ours loss=0.4863 train_acc=nan train_loss=nan val_acc=nan val_loss=nan best=-1.0000
[step 0100/200] method=ours loss=0.5403 train_acc=0.7383 train_loss=0.5150 val_acc=0.7209 val_loss=0.5364 router_H=0.6878 best=0.7209
           router_load=[0.12887084484100342, 0.4221665561199188, 0.26812905073165894, 0.18083344399929047]
[step 0110/200] method=ours loss=0.4576 train_acc=0.7383 train_loss=0.5150 val_acc=0.7209 val_loss=0.5364 router_H=0.6878 best=0.7209
           router_load=[0.12887084484100342, 0.4221665561199188, 0.26812905073165894, 0.18083344399929047]
[step 0120/200] method=ours loss=0.4931 train_acc=0.7383 train_loss=0.5150 val_acc=0.7209 val_loss=0.5364 router_H=0.6878 best=0.7209
           router_load=[0.12887084484100342, 0.4221665561199188, 0.26812905073165894, 0.18083344399929047]
[step 0130/200] method=ours loss=0.4866 train_acc=0.7383 train_loss=0.5150 val_acc=0.7209 val_loss=0.5364 router_H=0.6878 best=0.7209
           router_load=[0.12887084484100342, 0.4221665561199188, 0.26812905073165894, 0.18083344399929047]
[step 0140/200] method=ours loss=0.5360 train_acc=0.7383 train_loss=0.5150 val_acc=0.7209 val_loss=0.5364 router_H=0.6878 best=0.7209
           router_load=[0.12887084484100342, 0.4221665561199188, 0.26812905073165894, 0.18083344399929047]
[step 0150/200] method=ours loss=0.4578 train_acc=0.7383 train_loss=0.5150 val_acc=0.7209 val_loss=0.5364 router_H=0.6878 best=0.7209
           router_load=[0.12887084484100342, 0.4221665561199188, 0.26812905073165894, 0.18083344399929047]
[step 0160/200] method=ours loss=0.5104 train_acc=0.7383 train_loss=0.5150 val_acc=0.7209 val_loss=0.5364 router_H=0.6878 best=0.7209
           router_load=[0.12887084484100342, 0.4221665561199188, 0.26812905073165894, 0.18083344399929047]
[step 0170/200] method=ours loss=0.4156 train_acc=0.7383 train_loss=0.5150 val_acc=0.7209 val_loss=0.5364 router_H=0.6878 best=0.7209
           router_load=[0.12887084484100342, 0.4221665561199188, 0.26812905073165894, 0.18083344399929047]
[step 0180/200] method=ours loss=0.3643 train_acc=0.7383 train_loss=0.5150 val_acc=0.7209 val_loss=0.5364 router_H=0.6878 best=0.7209
           router_load=[0.12887084484100342, 0.4221665561199188, 0.26812905073165894, 0.18083344399929047]
[step 0190/200] method=ours loss=0.4527 train_acc=0.7383 train_loss=0.5150 val_acc=0.7209 val_loss=0.5364 router_H=0.6878 best=0.7209
           router_load=[0.12887084484100342, 0.4221665561199188, 0.26812905073165894, 0.18083344399929047]
[step 0200/200] method=ours loss=0.3666 train_acc=0.8052 train_loss=0.3934 val_acc=0.7765 val_loss=0.4479 router_H=0.6892 best=0.7765
           router_load=[0.1252789944410324, 0.2733229994773865, 0.32610636949539185, 0.27529144287109375]
saved summary -> /home/zhujjing/MOE-grad-conflict-routing/runs/paper_suite/single_gpu/multi_task/glue4_roberta_lora_e4_k2/hpo/ours/trial_runs/local_var_topk_014/ours_s2.json
saved curve -> /home/zhujjing/MOE-grad-conflict-routing/runs/paper_suite/single_gpu/multi_task/glue4_roberta_lora_e4_k2/hpo/ours/trial_runs/local_var_topk_014/ours_s2_curve.csv
