[run] method=baseline candidate=coord_01_train_lr_004 seed=2 steps=200 gpu=0
[run] cmd=
/root/miniconda3/envs/optimization/bin/python /root/Optimization/MOE-grad-conflict-routing-appendix2/scripts/run.py --config configs/multitask_textcls_local_sst2_yelp_amazon_real.yaml --set model.backbone_backend=hf --set model.hf_load_pretrained=true --set model.hf_local_files_only=1 --set model.backbone=roberta --set model.hf_pretrained_name=roberta-base --set model.expert_type=lora --set model.routing_mode=topk --set model.num_experts=4 --set model.top_k=2 --set data.train_size=20000 --set data.val_size=4000 --set train.eval_val_fraction=0.2 --set train.skip_train_eval=true --set seed=2 --set method.name=baseline_avg --set train.steps=200 --set train.eval_every_steps=100 --set train.grad_clip=1 --set train.lr=2.555178414e-05 --set train.weight_decay=0.01 --out /root/Optimization/MOE-grad-conflict-routing-appendix2/runs/paper_suite_supplement/appendix/multi_dataset_real/roberta_lora_e4_k2/_method_workers/baseline/hpo/baseline/trial_runs/coord_01_train_lr_004/baseline_s2.json --curve_out /root/Optimization/MOE-grad-conflict-routing-appendix2/runs/paper_suite_supplement/appendix/multi_dataset_real/roberta_lora_e4_k2/_method_workers/baseline/hpo/baseline/trial_runs/coord_01_train_lr_004/baseline_s2_curve.csv
Loading weights:   0%|          | 0/197 [00:00<?, ?it/s]Loading weights: 100%|██████████| 197/197 [00:00<00:00, 9058.67it/s]
[1mRobertaModel LOAD REPORT[0m from: roberta-base
Key                             | Status     | 
--------------------------------+------------+-
lm_head.bias                    | UNEXPECTED | 
lm_head.layer_norm.weight       | UNEXPECTED | 
lm_head.dense.weight            | UNEXPECTED | 
lm_head.dense.bias              | UNEXPECTED | 
roberta.embeddings.position_ids | UNEXPECTED | 
lm_head.layer_norm.bias         | UNEXPECTED | 
pooler.dense.weight             | MISSING    | 
pooler.dense.bias               | MISSING    | 

[3mNotes:
- UNEXPECTED[3m	:can be ignored when loading from different task/architecture; not ok if you expect identical arch.
- MISSING[3m	:those params were newly initialized because missing from the checkpoint. Consider training on your downstream task.[0m
[step 0001/200] method=baseline_avg loss=0.8267 train_acc=nan train_loss=nan val_acc=nan val_loss=nan best=-1.0000
[step 0010/200] method=baseline_avg loss=0.6919 train_acc=nan train_loss=nan val_acc=nan val_loss=nan best=-1.0000
[step 0020/200] method=baseline_avg loss=0.5691 train_acc=nan train_loss=nan val_acc=nan val_loss=nan best=-1.0000
[step 0030/200] method=baseline_avg loss=0.2267 train_acc=nan train_loss=nan val_acc=nan val_loss=nan best=-1.0000
[step 0040/200] method=baseline_avg loss=0.1797 train_acc=nan train_loss=nan val_acc=nan val_loss=nan best=-1.0000
[step 0050/200] method=baseline_avg loss=0.3333 train_acc=nan train_loss=nan val_acc=nan val_loss=nan best=-1.0000
[step 0060/200] method=baseline_avg loss=0.2517 train_acc=nan train_loss=nan val_acc=nan val_loss=nan best=-1.0000
[step 0070/200] method=baseline_avg loss=0.3576 train_acc=nan train_loss=nan val_acc=nan val_loss=nan best=-1.0000
[step 0080/200] method=baseline_avg loss=0.4007 train_acc=nan train_loss=nan val_acc=nan val_loss=nan best=-1.0000
[step 0090/200] method=baseline_avg loss=0.1395 train_acc=nan train_loss=nan val_acc=nan val_loss=nan best=-1.0000
[step 0100/200] method=baseline_avg loss=0.3321 train_acc=nan train_loss=nan val_acc=0.9035 val_loss=0.3089 router_H=0.6745 best=0.9035
           router_load=[0.25974544882774353, 0.5599955320358276, 0.1794956624507904, 0.0007634836947545409]
[step 0110/200] method=baseline_avg loss=0.2037 train_acc=nan train_loss=nan val_acc=0.9035 val_loss=0.3089 router_H=0.6745 best=0.9035
           router_load=[0.25974544882774353, 0.5599955320358276, 0.1794956624507904, 0.0007634836947545409]
[step 0120/200] method=baseline_avg loss=0.3943 train_acc=nan train_loss=nan val_acc=0.9035 val_loss=0.3089 router_H=0.6745 best=0.9035
           router_load=[0.25974544882774353, 0.5599955320358276, 0.1794956624507904, 0.0007634836947545409]
[step 0130/200] method=baseline_avg loss=0.2641 train_acc=nan train_loss=nan val_acc=0.9035 val_loss=0.3089 router_H=0.6745 best=0.9035
           router_load=[0.25974544882774353, 0.5599955320358276, 0.1794956624507904, 0.0007634836947545409]
[step 0140/200] method=baseline_avg loss=0.3892 train_acc=nan train_loss=nan val_acc=0.9035 val_loss=0.3089 router_H=0.6745 best=0.9035
           router_load=[0.25974544882774353, 0.5599955320358276, 0.1794956624507904, 0.0007634836947545409]
[step 0150/200] method=baseline_avg loss=0.3482 train_acc=nan train_loss=nan val_acc=0.9035 val_loss=0.3089 router_H=0.6745 best=0.9035
           router_load=[0.25974544882774353, 0.5599955320358276, 0.1794956624507904, 0.0007634836947545409]
[step 0160/200] method=baseline_avg loss=0.4016 train_acc=nan train_loss=nan val_acc=0.9035 val_loss=0.3089 router_H=0.6745 best=0.9035
           router_load=[0.25974544882774353, 0.5599955320358276, 0.1794956624507904, 0.0007634836947545409]
[step 0170/200] method=baseline_avg loss=0.1605 train_acc=nan train_loss=nan val_acc=0.9035 val_loss=0.3089 router_H=0.6745 best=0.9035
           router_load=[0.25974544882774353, 0.5599955320358276, 0.1794956624507904, 0.0007634836947545409]
[step 0180/200] method=baseline_avg loss=0.4800 train_acc=nan train_loss=nan val_acc=0.9035 val_loss=0.3089 router_H=0.6745 best=0.9035
           router_load=[0.25974544882774353, 0.5599955320358276, 0.1794956624507904, 0.0007634836947545409]
[step 0190/200] method=baseline_avg loss=0.2587 train_acc=nan train_loss=nan val_acc=0.9035 val_loss=0.3089 router_H=0.6745 best=0.9035
           router_load=[0.25974544882774353, 0.5599955320358276, 0.1794956624507904, 0.0007634836947545409]
[step 0200/200] method=baseline_avg loss=0.0565 train_acc=nan train_loss=nan val_acc=0.9167 val_loss=0.2671 router_H=0.6804 best=0.9167
           router_load=[0.4952465295791626, 0.4870826005935669, 0.01767089031636715, 0.0]
saved summary -> /root/Optimization/MOE-grad-conflict-routing-appendix2/runs/paper_suite_supplement/appendix/multi_dataset_real/roberta_lora_e4_k2/_method_workers/baseline/hpo/baseline/trial_runs/coord_01_train_lr_004/baseline_s2.json
saved curve -> /root/Optimization/MOE-grad-conflict-routing-appendix2/runs/paper_suite_supplement/appendix/multi_dataset_real/roberta_lora_e4_k2/_method_workers/baseline/hpo/baseline/trial_runs/coord_01_train_lr_004/baseline_s2_curve.csv
