[run] method=baseline candidate=local_var_topk_017 seed=2 steps=200 gpu=0
[run] cmd=
/root/miniconda3/envs/optimization/bin/python /root/Optimization/MOE-grad-conflict-routing-appendix2/scripts/run.py --config configs/multitask_textcls_local_sst2_imdb_yelp_amazon_real.yaml --set model.backbone_backend=hf --set model.hf_load_pretrained=true --set model.hf_local_files_only=true --set model.routing_mode=topk --set model.expert_type=lora --set model.num_experts=4 --set model.top_k=2 --set data.train_size=20000 --set data.val_size=4000 --set model.backbone=roberta --set model.hf_pretrained_name=roberta-base --set train.eval_val_fraction=0.2 --set train.skip_train_eval=true --set seed=2 --set method.name=baseline_avg --set train.steps=200 --set train.eval_every_steps=100 --set train.grad_clip=1.2537451 --set train.lr=2e-05 --set train.weight_decay=0.05 --out /root/Optimization/MOE-grad-conflict-routing-appendix2/runs/paper_suite_supplement/appendix/multi_dataset_real/roberta_lora_e4_k2_sst2_imdb_yelp_amazon/_method_workers/baseline/hpo/baseline/trial_runs/local_var_topk_017/baseline_s2.json --curve_out /root/Optimization/MOE-grad-conflict-routing-appendix2/runs/paper_suite_supplement/appendix/multi_dataset_real/roberta_lora_e4_k2_sst2_imdb_yelp_amazon/_method_workers/baseline/hpo/baseline/trial_runs/local_var_topk_017/baseline_s2_curve.csv
Loading weights:   0%|          | 0/197 [00:00<?, ?it/s]Loading weights: 100%|██████████| 197/197 [00:00<00:00, 11516.55it/s]
[1mRobertaModel LOAD REPORT[0m from: roberta-base
Key                             | Status     | 
--------------------------------+------------+-
lm_head.layer_norm.weight       | UNEXPECTED | 
roberta.embeddings.position_ids | UNEXPECTED | 
lm_head.bias                    | UNEXPECTED | 
lm_head.layer_norm.bias         | UNEXPECTED | 
lm_head.dense.weight            | UNEXPECTED | 
lm_head.dense.bias              | UNEXPECTED | 
pooler.dense.bias               | MISSING    | 
pooler.dense.weight             | MISSING    | 

[3mNotes:
- UNEXPECTED[3m	:can be ignored when loading from different task/architecture; not ok if you expect identical arch.
- MISSING[3m	:those params were newly initialized because missing from the checkpoint. Consider training on your downstream task.[0m
[step 0001/200] method=baseline_avg loss=0.7370 train_acc=nan train_loss=nan val_acc=nan val_loss=nan best=-1.0000
[step 0010/200] method=baseline_avg loss=0.6543 train_acc=nan train_loss=nan val_acc=nan val_loss=nan best=-1.0000
[step 0020/200] method=baseline_avg loss=0.4940 train_acc=nan train_loss=nan val_acc=nan val_loss=nan best=-1.0000
[step 0030/200] method=baseline_avg loss=0.2735 train_acc=nan train_loss=nan val_acc=nan val_loss=nan best=-1.0000
[step 0040/200] method=baseline_avg loss=0.2463 train_acc=nan train_loss=nan val_acc=nan val_loss=nan best=-1.0000
[step 0050/200] method=baseline_avg loss=0.4101 train_acc=nan train_loss=nan val_acc=nan val_loss=nan best=-1.0000
[step 0060/200] method=baseline_avg loss=0.3110 train_acc=nan train_loss=nan val_acc=nan val_loss=nan best=-1.0000
[step 0070/200] method=baseline_avg loss=0.3511 train_acc=nan train_loss=nan val_acc=nan val_loss=nan best=-1.0000
[step 0080/200] method=baseline_avg loss=0.3422 train_acc=nan train_loss=nan val_acc=nan val_loss=nan best=-1.0000
[step 0090/200] method=baseline_avg loss=0.2513 train_acc=nan train_loss=nan val_acc=nan val_loss=nan best=-1.0000
[step 0100/200] method=baseline_avg loss=0.4033 train_acc=nan train_loss=nan val_acc=0.9155 val_loss=0.2160 router_H=0.6795 best=0.9155
           router_load=[0.3793236017227173, 0.05774509161710739, 0.00014053167251404375, 0.5627903342247009]
[step 0110/200] method=baseline_avg loss=0.2306 train_acc=nan train_loss=nan val_acc=0.9155 val_loss=0.2160 router_H=0.6795 best=0.9155
           router_load=[0.3793236017227173, 0.05774509161710739, 0.00014053167251404375, 0.5627903342247009]
[step 0120/200] method=baseline_avg loss=0.3164 train_acc=nan train_loss=nan val_acc=0.9155 val_loss=0.2160 router_H=0.6795 best=0.9155
           router_load=[0.3793236017227173, 0.05774509161710739, 0.00014053167251404375, 0.5627903342247009]
[step 0130/200] method=baseline_avg loss=0.2210 train_acc=nan train_loss=nan val_acc=0.9155 val_loss=0.2160 router_H=0.6795 best=0.9155
           router_load=[0.3793236017227173, 0.05774509161710739, 0.00014053167251404375, 0.5627903342247009]
[step 0140/200] method=baseline_avg loss=0.3928 train_acc=nan train_loss=nan val_acc=0.9155 val_loss=0.2160 router_H=0.6795 best=0.9155
           router_load=[0.3793236017227173, 0.05774509161710739, 0.00014053167251404375, 0.5627903342247009]
[step 0150/200] method=baseline_avg loss=0.3321 train_acc=nan train_loss=nan val_acc=0.9155 val_loss=0.2160 router_H=0.6795 best=0.9155
           router_load=[0.3793236017227173, 0.05774509161710739, 0.00014053167251404375, 0.5627903342247009]
[step 0160/200] method=baseline_avg loss=0.3562 train_acc=nan train_loss=nan val_acc=0.9155 val_loss=0.2160 router_H=0.6795 best=0.9155
           router_load=[0.3793236017227173, 0.05774509161710739, 0.00014053167251404375, 0.5627903342247009]
[step 0170/200] method=baseline_avg loss=0.2782 train_acc=nan train_loss=nan val_acc=0.9155 val_loss=0.2160 router_H=0.6795 best=0.9155
           router_load=[0.3793236017227173, 0.05774509161710739, 0.00014053167251404375, 0.5627903342247009]
[step 0180/200] method=baseline_avg loss=0.3143 train_acc=nan train_loss=nan val_acc=0.9155 val_loss=0.2160 router_H=0.6795 best=0.9155
           router_load=[0.3793236017227173, 0.05774509161710739, 0.00014053167251404375, 0.5627903342247009]
[step 0190/200] method=baseline_avg loss=0.2292 train_acc=nan train_loss=nan val_acc=0.9155 val_loss=0.2160 router_H=0.6795 best=0.9155
           router_load=[0.3793236017227173, 0.05774509161710739, 0.00014053167251404375, 0.5627903342247009]
[step 0200/200] method=baseline_avg loss=0.1754 train_acc=nan train_loss=nan val_acc=0.9296 val_loss=0.1983 router_H=0.6874 best=0.9296
           router_load=[0.4178232252597809, 0.09529957175254822, 0.0010242379503324628, 0.4858527183532715]
saved summary -> /root/Optimization/MOE-grad-conflict-routing-appendix2/runs/paper_suite_supplement/appendix/multi_dataset_real/roberta_lora_e4_k2_sst2_imdb_yelp_amazon/_method_workers/baseline/hpo/baseline/trial_runs/local_var_topk_017/baseline_s2.json
saved curve -> /root/Optimization/MOE-grad-conflict-routing-appendix2/runs/paper_suite_supplement/appendix/multi_dataset_real/roberta_lora_e4_k2_sst2_imdb_yelp_amazon/_method_workers/baseline/hpo/baseline/trial_runs/local_var_topk_017/baseline_s2_curve.csv
