[run] method=baseline candidate=local_var_topk_008 seed=3 steps=200 gpu=0
[run] cmd=
/root/miniconda3/envs/optimization/bin/python /root/Optimization/MOE-grad-conflict-routing-appendix2/scripts/run.py --config configs/multitask_textcls_local_sst2_imdb_yelp_amazon_real.yaml --set model.backbone_backend=hf --set model.hf_load_pretrained=true --set model.hf_local_files_only=true --set model.routing_mode=topk --set model.expert_type=lora --set model.num_experts=4 --set model.top_k=2 --set data.train_size=20000 --set data.val_size=4000 --set model.backbone=roberta --set model.hf_pretrained_name=roberta-base --set train.eval_val_fraction=0.2 --set train.skip_train_eval=true --set seed=3 --set method.name=baseline_avg --set train.steps=200 --set train.eval_every_steps=100 --set train.grad_clip=1.2537451 --set train.lr=1e-05 --set train.weight_decay=0.05 --out /root/Optimization/MOE-grad-conflict-routing-appendix2/runs/paper_suite_supplement/appendix/multi_dataset_real/roberta_lora_e4_k2_sst2_imdb_yelp_amazon/_method_workers/baseline/hpo/baseline/trial_runs/local_var_topk_008/baseline_s3.json --curve_out /root/Optimization/MOE-grad-conflict-routing-appendix2/runs/paper_suite_supplement/appendix/multi_dataset_real/roberta_lora_e4_k2_sst2_imdb_yelp_amazon/_method_workers/baseline/hpo/baseline/trial_runs/local_var_topk_008/baseline_s3_curve.csv
Loading weights:   0%|          | 0/197 [00:00<?, ?it/s]Loading weights: 100%|██████████| 197/197 [00:00<00:00, 4677.30it/s]
[1mRobertaModel LOAD REPORT[0m from: roberta-base
Key                             | Status     | 
--------------------------------+------------+-
lm_head.layer_norm.weight       | UNEXPECTED | 
lm_head.layer_norm.bias         | UNEXPECTED | 
lm_head.dense.weight            | UNEXPECTED | 
lm_head.bias                    | UNEXPECTED | 
roberta.embeddings.position_ids | UNEXPECTED | 
lm_head.dense.bias              | UNEXPECTED | 
pooler.dense.bias               | MISSING    | 
pooler.dense.weight             | MISSING    | 

[3mNotes:
- UNEXPECTED[3m	:can be ignored when loading from different task/architecture; not ok if you expect identical arch.
- MISSING[3m	:those params were newly initialized because missing from the checkpoint. Consider training on your downstream task.[0m
[step 0001/200] method=baseline_avg loss=0.6756 train_acc=nan train_loss=nan val_acc=nan val_loss=nan best=-1.0000
[step 0010/200] method=baseline_avg loss=0.6772 train_acc=nan train_loss=nan val_acc=nan val_loss=nan best=-1.0000
[step 0020/200] method=baseline_avg loss=0.6550 train_acc=nan train_loss=nan val_acc=nan val_loss=nan best=-1.0000
[step 0030/200] method=baseline_avg loss=0.5579 train_acc=nan train_loss=nan val_acc=nan val_loss=nan best=-1.0000
[step 0040/200] method=baseline_avg loss=0.1403 train_acc=nan train_loss=nan val_acc=nan val_loss=nan best=-1.0000
[step 0050/200] method=baseline_avg loss=0.4423 train_acc=nan train_loss=nan val_acc=nan val_loss=nan best=-1.0000
[step 0060/200] method=baseline_avg loss=0.2442 train_acc=nan train_loss=nan val_acc=nan val_loss=nan best=-1.0000
[step 0070/200] method=baseline_avg loss=0.2200 train_acc=nan train_loss=nan val_acc=nan val_loss=nan best=-1.0000
[step 0080/200] method=baseline_avg loss=0.1364 train_acc=nan train_loss=nan val_acc=nan val_loss=nan best=-1.0000
[step 0090/200] method=baseline_avg loss=0.1541 train_acc=nan train_loss=nan val_acc=nan val_loss=nan best=-1.0000
[step 0100/200] method=baseline_avg loss=0.0795 train_acc=nan train_loss=nan val_acc=0.9111 val_loss=0.2343 router_H=0.6609 best=0.9111
           router_load=[0.02775869332253933, 0.612246572971344, 0.04453156143426895, 0.31546303629875183]
[step 0110/200] method=baseline_avg loss=0.2485 train_acc=nan train_loss=nan val_acc=0.9111 val_loss=0.2343 router_H=0.6609 best=0.9111
           router_load=[0.02775869332253933, 0.612246572971344, 0.04453156143426895, 0.31546303629875183]
[step 0120/200] method=baseline_avg loss=0.1971 train_acc=nan train_loss=nan val_acc=0.9111 val_loss=0.2343 router_H=0.6609 best=0.9111
           router_load=[0.02775869332253933, 0.612246572971344, 0.04453156143426895, 0.31546303629875183]
[step 0130/200] method=baseline_avg loss=0.0885 train_acc=nan train_loss=nan val_acc=0.9111 val_loss=0.2343 router_H=0.6609 best=0.9111
           router_load=[0.02775869332253933, 0.612246572971344, 0.04453156143426895, 0.31546303629875183]
[step 0140/200] method=baseline_avg loss=0.2895 train_acc=nan train_loss=nan val_acc=0.9111 val_loss=0.2343 router_H=0.6609 best=0.9111
           router_load=[0.02775869332253933, 0.612246572971344, 0.04453156143426895, 0.31546303629875183]
[step 0150/200] method=baseline_avg loss=0.3000 train_acc=nan train_loss=nan val_acc=0.9111 val_loss=0.2343 router_H=0.6609 best=0.9111
           router_load=[0.02775869332253933, 0.612246572971344, 0.04453156143426895, 0.31546303629875183]
[step 0160/200] method=baseline_avg loss=0.1411 train_acc=nan train_loss=nan val_acc=0.9111 val_loss=0.2343 router_H=0.6609 best=0.9111
           router_load=[0.02775869332253933, 0.612246572971344, 0.04453156143426895, 0.31546303629875183]
[step 0170/200] method=baseline_avg loss=0.7716 train_acc=nan train_loss=nan val_acc=0.9111 val_loss=0.2343 router_H=0.6609 best=0.9111
           router_load=[0.02775869332253933, 0.612246572971344, 0.04453156143426895, 0.31546303629875183]
[step 0180/200] method=baseline_avg loss=0.1042 train_acc=nan train_loss=nan val_acc=0.9111 val_loss=0.2343 router_H=0.6609 best=0.9111
           router_load=[0.02775869332253933, 0.612246572971344, 0.04453156143426895, 0.31546303629875183]
[step 0190/200] method=baseline_avg loss=0.1894 train_acc=nan train_loss=nan val_acc=0.9111 val_loss=0.2343 router_H=0.6609 best=0.9111
           router_load=[0.02775869332253933, 0.612246572971344, 0.04453156143426895, 0.31546303629875183]
[step 0200/200] method=baseline_avg loss=0.3061 train_acc=nan train_loss=nan val_acc=0.9253 val_loss=0.2102 router_H=0.6774 best=0.9253
           router_load=[0.010051744990050793, 0.5648989677429199, 0.051369182765483856, 0.37368008494377136]
saved summary -> /root/Optimization/MOE-grad-conflict-routing-appendix2/runs/paper_suite_supplement/appendix/multi_dataset_real/roberta_lora_e4_k2_sst2_imdb_yelp_amazon/_method_workers/baseline/hpo/baseline/trial_runs/local_var_topk_008/baseline_s3.json
saved curve -> /root/Optimization/MOE-grad-conflict-routing-appendix2/runs/paper_suite_supplement/appendix/multi_dataset_real/roberta_lora_e4_k2_sst2_imdb_yelp_amazon/_method_workers/baseline/hpo/baseline/trial_runs/local_var_topk_008/baseline_s3_curve.csv
