[run] method=cagrad candidate=local_var_topk_020 seed=2 steps=150 gpu=0
[run] cmd=
/home/zhujjing/anaconda3/envs/moe/bin/python /home/zhujjing/MOE-grad-conflict-routing/scripts/run.py --config configs/singletask_rte_real.yaml --set model.backbone_backend=hf --set model.hf_load_pretrained=true --set model.hf_local_files_only=true --set model.backbone=deberta --set model.hf_pretrained_name=microsoft/deberta-v3-base --set model.expert_type=lora --set model.routing_mode=topk --set model.num_experts=4 --set model.top_k=2 --set seed=2 --set method.name=baseline_cagrad --set train.steps=150 --set train.eval_every_steps=50 --set method.baseline_cagrad.c=0.4811638322 --set method.baseline_cagrad.inner_lr=0.3648920751 --set train.grad_clip=1.016176527 --set train.lr=8.9205725e-05 --set train.weight_decay=0 --out /home/zhujjing/MOE-grad-conflict-routing/runs/paper_suite/single_gpu/single_task/deberta_rte_lora_e4_k2_supplement/hpo/cagrad/trial_runs/local_var_topk_020/cagrad_s2.json --curve_out /home/zhujjing/MOE-grad-conflict-routing/runs/paper_suite/single_gpu/single_task/deberta_rte_lora_e4_k2_supplement/hpo/cagrad/trial_runs/local_var_topk_020/cagrad_s2_curve.csv
Using the latest cached version of the dataset since glue couldn't be found on the Hugging Face Hub (offline mode is enabled).
Found the latest cached dataset configuration 'rte' at /home/zhujjing/hf_cache/datasets/glue/rte/0.0.0/bcdcba79d07bc864c1c254ccfcedcce55bcc9a8c (last modified on Thu Mar 19 15:00:36 2026).
/home/zhujjing/anaconda3/envs/moe/lib/python3.10/site-packages/transformers/utils/hub.py:124: FutureWarning: Using `TRANSFORMERS_CACHE` is deprecated and will be removed in v5 of Transformers. Use `HF_HOME` instead.
  warnings.warn(
/home/zhujjing/anaconda3/envs/moe/lib/python3.10/site-packages/transformers/convert_slow_tokenizer.py:560: UserWarning: The sentencepiece tokenizer that you are converting to a fast tokenizer uses the byte fallback option which is not implemented in the fast tokenizers. In practice this means that the fast version of the tokenizer can produce unknown tokens whereas the sentencepiece version would have converted these unknown tokens into a sequence of byte tokens matching the original piece of text.
  warnings.warn(
[step 0001/150] method=baseline_cagrad loss=0.7276 train_acc=nan train_loss=nan val_acc=nan val_loss=nan best=-1.0000
[step 0010/150] method=baseline_cagrad loss=0.6751 train_acc=nan train_loss=nan val_acc=nan val_loss=nan best=-1.0000
[step 0020/150] method=baseline_cagrad loss=0.6821 train_acc=nan train_loss=nan val_acc=nan val_loss=nan best=-1.0000
[step 0030/150] method=baseline_cagrad loss=0.5737 train_acc=nan train_loss=nan val_acc=nan val_loss=nan best=-1.0000
[step 0040/150] method=baseline_cagrad loss=0.7212 train_acc=nan train_loss=nan val_acc=nan val_loss=nan best=-1.0000
[step 0050/150] method=baseline_cagrad loss=0.3987 train_acc=0.6602 train_loss=0.7452 val_acc=0.6137 val_loss=0.7662 router_H=0.5829 best=0.6137
           router_load=[0.004625360015779734, 0.72422856092453, 0.07729248702526093, 0.19385357201099396]
[step 0060/150] method=baseline_cagrad loss=0.5522 train_acc=0.6602 train_loss=0.7452 val_acc=0.6137 val_loss=0.7662 router_H=0.5829 best=0.6137
           router_load=[0.004625360015779734, 0.72422856092453, 0.07729248702526093, 0.19385357201099396]
[step 0070/150] method=baseline_cagrad loss=0.7874 train_acc=0.6602 train_loss=0.7452 val_acc=0.6137 val_loss=0.7662 router_H=0.5829 best=0.6137
           router_load=[0.004625360015779734, 0.72422856092453, 0.07729248702526093, 0.19385357201099396]
[step 0080/150] method=baseline_cagrad loss=0.4520 train_acc=0.6602 train_loss=0.7452 val_acc=0.6137 val_loss=0.7662 router_H=0.5829 best=0.6137
           router_load=[0.004625360015779734, 0.72422856092453, 0.07729248702526093, 0.19385357201099396]
[step 0090/150] method=baseline_cagrad loss=0.4156 train_acc=0.6602 train_loss=0.7452 val_acc=0.6137 val_loss=0.7662 router_H=0.5829 best=0.6137
           router_load=[0.004625360015779734, 0.72422856092453, 0.07729248702526093, 0.19385357201099396]
[step 0100/150] method=baseline_cagrad loss=0.6548 train_acc=0.8008 train_loss=0.4332 val_acc=0.7509 val_loss=0.5354 router_H=0.5608 best=0.7509
           router_load=[0.02303590439260006, 0.7470859289169312, 0.16336938738822937, 0.0665086880326271]
[step 0110/150] method=baseline_cagrad loss=0.5841 train_acc=0.8008 train_loss=0.4332 val_acc=0.7509 val_loss=0.5354 router_H=0.5608 best=0.7509
           router_load=[0.02303590439260006, 0.7470859289169312, 0.16336938738822937, 0.0665086880326271]
[step 0120/150] method=baseline_cagrad loss=0.6572 train_acc=0.8008 train_loss=0.4332 val_acc=0.7509 val_loss=0.5354 router_H=0.5608 best=0.7509
           router_load=[0.02303590439260006, 0.7470859289169312, 0.16336938738822937, 0.0665086880326271]
[step 0130/150] method=baseline_cagrad loss=0.6021 train_acc=0.8008 train_loss=0.4332 val_acc=0.7509 val_loss=0.5354 router_H=0.5608 best=0.7509
           router_load=[0.02303590439260006, 0.7470859289169312, 0.16336938738822937, 0.0665086880326271]
[step 0140/150] method=baseline_cagrad loss=0.6349 train_acc=0.8008 train_loss=0.4332 val_acc=0.7509 val_loss=0.5354 router_H=0.5608 best=0.7509
           router_load=[0.02303590439260006, 0.7470859289169312, 0.16336938738822937, 0.0665086880326271]
[step 0150/150] method=baseline_cagrad loss=0.6379 train_acc=0.8789 train_loss=0.3659 val_acc=0.7762 val_loss=0.5117 router_H=0.5389 best=0.7762
           router_load=[0.0906328335404396, 0.7638388276100159, 0.10262645781040192, 0.0429019033908844]
saved summary -> /home/zhujjing/MOE-grad-conflict-routing/runs/paper_suite/single_gpu/single_task/deberta_rte_lora_e4_k2_supplement/hpo/cagrad/trial_runs/local_var_topk_020/cagrad_s2.json
saved curve -> /home/zhujjing/MOE-grad-conflict-routing/runs/paper_suite/single_gpu/single_task/deberta_rte_lora_e4_k2_supplement/hpo/cagrad/trial_runs/local_var_topk_020/cagrad_s2_curve.csv
