[run] method=cagrad candidate=coord_01_train_lr_008 seed=2 steps=150 gpu=0
[run] cmd=
/home/zhujjing/anaconda3/envs/moe/bin/python /home/zhujjing/MOE-grad-conflict-routing/scripts/run.py --config configs/singletask_rte_real.yaml --set model.backbone_backend=hf --set model.hf_load_pretrained=true --set model.backbone=deberta --set model.hf_pretrained_name=microsoft/deberta-v3-base --set model.expert_type=lora --set model.routing_mode=topk --set model.num_experts=4 --set model.top_k=2 --set seed=2 --set method.name=baseline_cagrad --set train.steps=150 --set train.eval_every_steps=50 --set method.baseline_cagrad.c=0.4 --set method.baseline_cagrad.inner_lr=0.1 --set train.grad_clip=1 --set train.lr=9.799696332e-06 --set train.weight_decay=0.01 --out /home/zhujjing/MOE-grad-conflict-routing/runs/paper_suite/single_gpu/single_task/deberta_rte_lora_e4_k2/hpo/cagrad/trial_runs/coord_01_train_lr_008/cagrad_s2.json --curve_out /home/zhujjing/MOE-grad-conflict-routing/runs/paper_suite/single_gpu/single_task/deberta_rte_lora_e4_k2/hpo/cagrad/trial_runs/coord_01_train_lr_008/cagrad_s2_curve.csv
Using the latest cached version of the dataset since glue couldn't be found on the Hugging Face Hub (offline mode is enabled).
Found the latest cached dataset configuration 'rte' at /home/zhujjing/hf_cache/datasets/glue/rte/0.0.0/bcdcba79d07bc864c1c254ccfcedcce55bcc9a8c (last modified on Thu Mar 19 15:00:36 2026).
/home/zhujjing/anaconda3/envs/moe/lib/python3.10/site-packages/transformers/utils/hub.py:124: FutureWarning: Using `TRANSFORMERS_CACHE` is deprecated and will be removed in v5 of Transformers. Use `HF_HOME` instead.
  warnings.warn(
/home/zhujjing/anaconda3/envs/moe/lib/python3.10/site-packages/transformers/convert_slow_tokenizer.py:560: UserWarning: The sentencepiece tokenizer that you are converting to a fast tokenizer uses the byte fallback option which is not implemented in the fast tokenizers. In practice this means that the fast version of the tokenizer can produce unknown tokens whereas the sentencepiece version would have converted these unknown tokens into a sequence of byte tokens matching the original piece of text.
  warnings.warn(
[step 0001/150] method=baseline_cagrad loss=0.7878 train_acc=nan train_loss=nan val_acc=nan val_loss=nan best=-1.0000
[step 0010/150] method=baseline_cagrad loss=0.8003 train_acc=nan train_loss=nan val_acc=nan val_loss=nan best=-1.0000
[step 0020/150] method=baseline_cagrad loss=0.6229 train_acc=nan train_loss=nan val_acc=nan val_loss=nan best=-1.0000
[step 0030/150] method=baseline_cagrad loss=0.7049 train_acc=nan train_loss=nan val_acc=nan val_loss=nan best=-1.0000
[step 0040/150] method=baseline_cagrad loss=0.6398 train_acc=nan train_loss=nan val_acc=nan val_loss=nan best=-1.0000
[step 0050/150] method=baseline_cagrad loss=0.4987 train_acc=0.6133 train_loss=0.6431 val_acc=0.6137 val_loss=0.6355 router_H=0.6887 best=0.6137
           router_load=[0.38847097754478455, 0.0, 0.2864121198654175, 0.3251168131828308]
[step 0060/150] method=baseline_cagrad loss=0.5584 train_acc=0.6133 train_loss=0.6431 val_acc=0.6137 val_loss=0.6355 router_H=0.6887 best=0.6137
           router_load=[0.38847097754478455, 0.0, 0.2864121198654175, 0.3251168131828308]
[step 0070/150] method=baseline_cagrad loss=0.6331 train_acc=0.6133 train_loss=0.6431 val_acc=0.6137 val_loss=0.6355 router_H=0.6887 best=0.6137
           router_load=[0.38847097754478455, 0.0, 0.2864121198654175, 0.3251168131828308]
[step 0080/150] method=baseline_cagrad loss=0.5088 train_acc=0.6133 train_loss=0.6431 val_acc=0.6137 val_loss=0.6355 router_H=0.6887 best=0.6137
           router_load=[0.38847097754478455, 0.0, 0.2864121198654175, 0.3251168131828308]
[step 0090/150] method=baseline_cagrad loss=0.5676 train_acc=0.6133 train_loss=0.6431 val_acc=0.6137 val_loss=0.6355 router_H=0.6887 best=0.6137
           router_load=[0.38847097754478455, 0.0, 0.2864121198654175, 0.3251168131828308]
[step 0100/150] method=baseline_cagrad loss=0.5579 train_acc=0.7434 train_loss=0.5340 val_acc=0.6895 val_loss=0.5808 router_H=0.6888 best=0.6895
           router_load=[0.3489544093608856, 0.0, 0.24927867949008942, 0.40176692605018616]
[step 0110/150] method=baseline_cagrad loss=0.5799 train_acc=0.7434 train_loss=0.5340 val_acc=0.6895 val_loss=0.5808 router_H=0.6888 best=0.6895
           router_load=[0.3489544093608856, 0.0, 0.24927867949008942, 0.40176692605018616]
[step 0120/150] method=baseline_cagrad loss=0.5858 train_acc=0.7434 train_loss=0.5340 val_acc=0.6895 val_loss=0.5808 router_H=0.6888 best=0.6895
           router_load=[0.3489544093608856, 0.0, 0.24927867949008942, 0.40176692605018616]
[step 0130/150] method=baseline_cagrad loss=0.5007 train_acc=0.7434 train_loss=0.5340 val_acc=0.6895 val_loss=0.5808 router_H=0.6888 best=0.6895
           router_load=[0.3489544093608856, 0.0, 0.24927867949008942, 0.40176692605018616]
[step 0140/150] method=baseline_cagrad loss=0.5707 train_acc=0.7434 train_loss=0.5340 val_acc=0.6895 val_loss=0.5808 router_H=0.6888 best=0.6895
           router_load=[0.3489544093608856, 0.0, 0.24927867949008942, 0.40176692605018616]
[step 0150/150] method=baseline_cagrad loss=0.5696 train_acc=0.7928 train_loss=0.4818 val_acc=0.7220 val_loss=0.5517 router_H=0.6862 best=0.7220
           router_load=[0.46411237120628357, 0.0, 0.11126259714365005, 0.424625039100647]
saved summary -> /home/zhujjing/MOE-grad-conflict-routing/runs/paper_suite/single_gpu/single_task/deberta_rte_lora_e4_k2/hpo/cagrad/trial_runs/coord_01_train_lr_008/cagrad_s2.json
saved curve -> /home/zhujjing/MOE-grad-conflict-routing/runs/paper_suite/single_gpu/single_task/deberta_rte_lora_e4_k2/hpo/cagrad/trial_runs/coord_01_train_lr_008/cagrad_s2_curve.csv
