[run] method=baseline candidate=coord_02_train_weight_decay_017 seed=3 steps=150 gpu=0
[run] cmd=
/home/zhujjing/anaconda3/envs/moe/bin/python /home/zhujjing/MOE-grad-conflict-routing/scripts/run.py --config configs/singletask_rte_real.yaml --set model.backbone_backend=hf --set model.hf_load_pretrained=true --set model.backbone=deberta --set model.hf_pretrained_name=microsoft/deberta-v3-base --set model.expert_type=ffn --set model.routing_mode=topk --set model.num_experts=4 --set model.top_k=2 --set seed=3 --set method.name=baseline_avg --set train.steps=150 --set train.eval_every_steps=50 --set train.grad_clip=1 --set train.lr=2.555178414e-05 --set train.weight_decay=0.04458013788 --out /home/zhujjing/MOE-grad-conflict-routing/runs/paper_suite/single_gpu/single_task/deberta_rte_ffn_e4_k2/hpo/baseline/trial_runs/coord_02_train_weight_decay_017/baseline_s3.json --curve_out /home/zhujjing/MOE-grad-conflict-routing/runs/paper_suite/single_gpu/single_task/deberta_rte_ffn_e4_k2/hpo/baseline/trial_runs/coord_02_train_weight_decay_017/baseline_s3_curve.csv
Using the latest cached version of the dataset since glue couldn't be found on the Hugging Face Hub (offline mode is enabled).
Found the latest cached dataset configuration 'rte' at /home/zhujjing/hf_cache/datasets/glue/rte/0.0.0/bcdcba79d07bc864c1c254ccfcedcce55bcc9a8c (last modified on Thu Mar 19 15:00:36 2026).
/home/zhujjing/anaconda3/envs/moe/lib/python3.10/site-packages/transformers/utils/hub.py:124: FutureWarning: Using `TRANSFORMERS_CACHE` is deprecated and will be removed in v5 of Transformers. Use `HF_HOME` instead.
  warnings.warn(
/home/zhujjing/anaconda3/envs/moe/lib/python3.10/site-packages/transformers/convert_slow_tokenizer.py:560: UserWarning: The sentencepiece tokenizer that you are converting to a fast tokenizer uses the byte fallback option which is not implemented in the fast tokenizers. In practice this means that the fast version of the tokenizer can produce unknown tokens whereas the sentencepiece version would have converted these unknown tokens into a sequence of byte tokens matching the original piece of text.
  warnings.warn(
[step 0001/150] method=baseline_avg loss=0.7149 train_acc=nan train_loss=nan val_acc=nan val_loss=nan best=-1.0000
[step 0010/150] method=baseline_avg loss=0.7212 train_acc=nan train_loss=nan val_acc=nan val_loss=nan best=-1.0000
[step 0020/150] method=baseline_avg loss=0.6767 train_acc=nan train_loss=nan val_acc=nan val_loss=nan best=-1.0000
[step 0030/150] method=baseline_avg loss=0.5682 train_acc=nan train_loss=nan val_acc=nan val_loss=nan best=-1.0000
[step 0040/150] method=baseline_avg loss=0.6750 train_acc=nan train_loss=nan val_acc=nan val_loss=nan best=-1.0000
[step 0050/150] method=baseline_avg loss=0.5973 train_acc=0.7221 train_loss=0.5653 val_acc=0.6968 val_loss=0.5865 router_H=0.4076 best=0.6968
           router_load=[0.043433643877506256, 0.09781941771507263, 0.00213061086833477, 0.8566162586212158]
[step 0060/150] method=baseline_avg loss=0.4618 train_acc=0.7221 train_loss=0.5653 val_acc=0.6968 val_loss=0.5865 router_H=0.4076 best=0.6968
           router_load=[0.043433643877506256, 0.09781941771507263, 0.00213061086833477, 0.8566162586212158]
[step 0070/150] method=baseline_avg loss=0.6552 train_acc=0.7221 train_loss=0.5653 val_acc=0.6968 val_loss=0.5865 router_H=0.4076 best=0.6968
           router_load=[0.043433643877506256, 0.09781941771507263, 0.00213061086833477, 0.8566162586212158]
[step 0080/150] method=baseline_avg loss=0.4471 train_acc=0.7221 train_loss=0.5653 val_acc=0.6968 val_loss=0.5865 router_H=0.4076 best=0.6968
           router_load=[0.043433643877506256, 0.09781941771507263, 0.00213061086833477, 0.8566162586212158]
[step 0090/150] method=baseline_avg loss=0.5159 train_acc=0.7221 train_loss=0.5653 val_acc=0.6968 val_loss=0.5865 router_H=0.4076 best=0.6968
           router_load=[0.043433643877506256, 0.09781941771507263, 0.00213061086833477, 0.8566162586212158]
[step 0100/150] method=baseline_avg loss=0.5051 train_acc=0.8462 train_loss=0.3638 val_acc=0.7617 val_loss=0.4870 router_H=0.3430 best=0.7617
           router_load=[0.09890735149383545, 0.007933782413601875, 0.004906848538666964, 0.8882521390914917]
[step 0110/150] method=baseline_avg loss=0.3519 train_acc=0.8462 train_loss=0.3638 val_acc=0.7617 val_loss=0.4870 router_H=0.3430 best=0.7617
           router_load=[0.09890735149383545, 0.007933782413601875, 0.004906848538666964, 0.8882521390914917]
[step 0120/150] method=baseline_avg loss=0.3681 train_acc=0.8462 train_loss=0.3638 val_acc=0.7617 val_loss=0.4870 router_H=0.3430 best=0.7617
           router_load=[0.09890735149383545, 0.007933782413601875, 0.004906848538666964, 0.8882521390914917]
[step 0130/150] method=baseline_avg loss=0.5165 train_acc=0.8462 train_loss=0.3638 val_acc=0.7617 val_loss=0.4870 router_H=0.3430 best=0.7617
           router_load=[0.09890735149383545, 0.007933782413601875, 0.004906848538666964, 0.8882521390914917]
[step 0140/150] method=baseline_avg loss=0.4715 train_acc=0.8462 train_loss=0.3638 val_acc=0.7617 val_loss=0.4870 router_H=0.3430 best=0.7617
           router_load=[0.09890735149383545, 0.007933782413601875, 0.004906848538666964, 0.8882521390914917]
[step 0150/150] method=baseline_avg loss=0.2847 train_acc=0.8859 train_loss=0.2863 val_acc=0.7870 val_loss=0.4653 router_H=0.3726 best=0.7870
           router_load=[0.07138586044311523, 0.05605176091194153, 0.005455486476421356, 0.8671069145202637]
saved summary -> /home/zhujjing/MOE-grad-conflict-routing/runs/paper_suite/single_gpu/single_task/deberta_rte_ffn_e4_k2/hpo/baseline/trial_runs/coord_02_train_weight_decay_017/baseline_s3.json
saved curve -> /home/zhujjing/MOE-grad-conflict-routing/runs/paper_suite/single_gpu/single_task/deberta_rte_ffn_e4_k2/hpo/baseline/trial_runs/coord_02_train_weight_decay_017/baseline_s3_curve.csv
