[run] method=baseline candidate=coord_02_train_weight_decay_004 seed=2 steps=200 gpu=0
[run] cmd=
/root/miniconda3/envs/optimization/bin/python /root/Optimization/MOE-grad-conflict-routing-appendix2/scripts/run.py --config configs/multitask_textcls_local_sst2_yelp_amazon_real.yaml --set model.backbone_backend=hf --set model.hf_load_pretrained=true --set model.hf_local_files_only=1 --set model.backbone=roberta --set model.hf_pretrained_name=roberta-base --set model.expert_type=lora --set model.routing_mode=topk --set model.num_experts=4 --set model.top_k=2 --set data.train_size=20000 --set data.val_size=4000 --set train.eval_val_fraction=0.2 --set train.skip_train_eval=true --set seed=2 --set method.name=baseline_avg --set train.steps=200 --set train.eval_every_steps=100 --set train.grad_clip=1 --set train.lr=2e-05 --set train.weight_decay=0.01262791402 --out /root/Optimization/MOE-grad-conflict-routing-appendix2/runs/paper_suite_supplement/appendix/multi_dataset_real/roberta_lora_e4_k2/_method_workers/baseline/hpo/baseline/trial_runs/coord_02_train_weight_decay_004/baseline_s2.json --curve_out /root/Optimization/MOE-grad-conflict-routing-appendix2/runs/paper_suite_supplement/appendix/multi_dataset_real/roberta_lora_e4_k2/_method_workers/baseline/hpo/baseline/trial_runs/coord_02_train_weight_decay_004/baseline_s2_curve.csv
Loading weights:   0%|          | 0/197 [00:00<?, ?it/s]Loading weights: 100%|██████████| 197/197 [00:00<00:00, 3130.50it/s]
[1mRobertaModel LOAD REPORT[0m from: roberta-base
Key                             | Status     | 
--------------------------------+------------+-
lm_head.dense.bias              | UNEXPECTED | 
lm_head.layer_norm.weight       | UNEXPECTED | 
roberta.embeddings.position_ids | UNEXPECTED | 
lm_head.bias                    | UNEXPECTED | 
lm_head.dense.weight            | UNEXPECTED | 
lm_head.layer_norm.bias         | UNEXPECTED | 
pooler.dense.bias               | MISSING    | 
pooler.dense.weight             | MISSING    | 

[3mNotes:
- UNEXPECTED[3m	:can be ignored when loading from different task/architecture; not ok if you expect identical arch.
- MISSING[3m	:those params were newly initialized because missing from the checkpoint. Consider training on your downstream task.[0m
[step 0001/200] method=baseline_avg loss=0.7001 train_acc=nan train_loss=nan val_acc=nan val_loss=nan best=-1.0000
[step 0010/200] method=baseline_avg loss=0.7339 train_acc=nan train_loss=nan val_acc=nan val_loss=nan best=-1.0000
[step 0020/200] method=baseline_avg loss=0.6095 train_acc=nan train_loss=nan val_acc=nan val_loss=nan best=-1.0000
[step 0030/200] method=baseline_avg loss=0.3070 train_acc=nan train_loss=nan val_acc=nan val_loss=nan best=-1.0000
[step 0040/200] method=baseline_avg loss=0.2446 train_acc=nan train_loss=nan val_acc=nan val_loss=nan best=-1.0000
[step 0050/200] method=baseline_avg loss=0.4120 train_acc=nan train_loss=nan val_acc=nan val_loss=nan best=-1.0000
[step 0060/200] method=baseline_avg loss=0.2382 train_acc=nan train_loss=nan val_acc=nan val_loss=nan best=-1.0000
[step 0070/200] method=baseline_avg loss=0.2984 train_acc=nan train_loss=nan val_acc=nan val_loss=nan best=-1.0000
[step 0080/200] method=baseline_avg loss=0.5221 train_acc=nan train_loss=nan val_acc=nan val_loss=nan best=-1.0000
[step 0090/200] method=baseline_avg loss=0.0927 train_acc=nan train_loss=nan val_acc=nan val_loss=nan best=-1.0000
[step 0100/200] method=baseline_avg loss=0.4132 train_acc=nan train_loss=nan val_acc=0.9044 val_loss=0.2836 router_H=0.6825 best=0.9044
           router_load=[0.002300502499565482, 0.007930039428174496, 0.5575938820838928, 0.43217551708221436]
[step 0110/200] method=baseline_avg loss=0.2284 train_acc=nan train_loss=nan val_acc=0.9044 val_loss=0.2836 router_H=0.6825 best=0.9044
           router_load=[0.002300502499565482, 0.007930039428174496, 0.5575938820838928, 0.43217551708221436]
[step 0120/200] method=baseline_avg loss=0.1697 train_acc=nan train_loss=nan val_acc=0.9044 val_loss=0.2836 router_H=0.6825 best=0.9044
           router_load=[0.002300502499565482, 0.007930039428174496, 0.5575938820838928, 0.43217551708221436]
[step 0130/200] method=baseline_avg loss=0.3202 train_acc=nan train_loss=nan val_acc=0.9044 val_loss=0.2836 router_H=0.6825 best=0.9044
           router_load=[0.002300502499565482, 0.007930039428174496, 0.5575938820838928, 0.43217551708221436]
[step 0140/200] method=baseline_avg loss=0.5051 train_acc=nan train_loss=nan val_acc=0.9044 val_loss=0.2836 router_H=0.6825 best=0.9044
           router_load=[0.002300502499565482, 0.007930039428174496, 0.5575938820838928, 0.43217551708221436]
[step 0150/200] method=baseline_avg loss=0.2138 train_acc=nan train_loss=nan val_acc=0.9044 val_loss=0.2836 router_H=0.6825 best=0.9044
           router_load=[0.002300502499565482, 0.007930039428174496, 0.5575938820838928, 0.43217551708221436]
[step 0160/200] method=baseline_avg loss=0.4308 train_acc=nan train_loss=nan val_acc=0.9044 val_loss=0.2836 router_H=0.6825 best=0.9044
           router_load=[0.002300502499565482, 0.007930039428174496, 0.5575938820838928, 0.43217551708221436]
[step 0170/200] method=baseline_avg loss=0.1795 train_acc=nan train_loss=nan val_acc=0.9044 val_loss=0.2836 router_H=0.6825 best=0.9044
           router_load=[0.002300502499565482, 0.007930039428174496, 0.5575938820838928, 0.43217551708221436]
[step 0180/200] method=baseline_avg loss=0.3561 train_acc=nan train_loss=nan val_acc=0.9044 val_loss=0.2836 router_H=0.6825 best=0.9044
           router_load=[0.002300502499565482, 0.007930039428174496, 0.5575938820838928, 0.43217551708221436]
[step 0190/200] method=baseline_avg loss=0.2715 train_acc=nan train_loss=nan val_acc=0.9044 val_loss=0.2836 router_H=0.6825 best=0.9044
           router_load=[0.002300502499565482, 0.007930039428174496, 0.5575938820838928, 0.43217551708221436]
[step 0200/200] method=baseline_avg loss=0.1798 train_acc=nan train_loss=nan val_acc=0.9197 val_loss=0.2380 router_H=0.6802 best=0.9197
           router_load=[0.0, 0.028479931876063347, 0.5629799365997314, 0.40853992104530334]
saved summary -> /root/Optimization/MOE-grad-conflict-routing-appendix2/runs/paper_suite_supplement/appendix/multi_dataset_real/roberta_lora_e4_k2/_method_workers/baseline/hpo/baseline/trial_runs/coord_02_train_weight_decay_004/baseline_s2.json
saved curve -> /root/Optimization/MOE-grad-conflict-routing-appendix2/runs/paper_suite_supplement/appendix/multi_dataset_real/roberta_lora_e4_k2/_method_workers/baseline/hpo/baseline/trial_runs/coord_02_train_weight_decay_004/baseline_s2_curve.csv
