[run] method=cagrad candidate=local_var_topk_025 seed=2 steps=200 gpu=0
[run] cmd=
/root/miniconda3/envs/optimization/bin/python /root/Optimization/MOE-grad-conflict-routing-appendix2/scripts/run.py --config configs/multitask_glue3_rte_mrpc_cola_real.yaml --set model.backbone_backend=hf --set model.hf_load_pretrained=true --set model.hf_local_files_only=1 --set model.backbone=roberta --set model.hf_pretrained_name=roberta-base --set model.expert_type=ffn --set model.routing_mode=topk --set model.num_experts=4 --set model.top_k=2 --set train.eval_val_fraction=0.2 --set train.skip_train_eval=true --set seed=2 --set method.name=baseline_cagrad --set train.steps=200 --set train.eval_every_steps=100 --set method.baseline_cagrad.c=0.9858059559 --set method.baseline_cagrad.inner_lr=0.2 --set train.grad_clip=1.423562336 --set train.lr=5.1103568e-05 --set train.weight_decay=0.02446709884 --out /root/Optimization/MOE-grad-conflict-routing-appendix2/runs/paper_suite_server3/experiment4/multi_task/glue3_roberta_ffn_e4_k2/_method_workers/cagrad/hpo/cagrad/trial_runs/local_var_topk_025/cagrad_s2.json --curve_out /root/Optimization/MOE-grad-conflict-routing-appendix2/runs/paper_suite_server3/experiment4/multi_task/glue3_roberta_ffn_e4_k2/_method_workers/cagrad/hpo/cagrad/trial_runs/local_var_topk_025/cagrad_s2_curve.csv
Using the latest cached version of the dataset since glue couldn't be found on the Hugging Face Hub (offline mode is enabled).
Found the latest cached dataset configuration 'rte' at /root/.cache/huggingface/datasets/glue/rte/0.0.0/bcdcba79d07bc864c1c254ccfcedcce55bcc9a8c (last modified on Thu Mar 26 19:09:12 2026).
Using the latest cached version of the dataset since glue couldn't be found on the Hugging Face Hub (offline mode is enabled).
Found the latest cached dataset configuration 'mrpc' at /root/.cache/huggingface/datasets/glue/mrpc/0.0.0/bcdcba79d07bc864c1c254ccfcedcce55bcc9a8c (last modified on Thu Mar 26 20:11:06 2026).
Using the latest cached version of the dataset since glue couldn't be found on the Hugging Face Hub (offline mode is enabled).
Found the latest cached dataset configuration 'cola' at /root/.cache/huggingface/datasets/glue/cola/0.0.0/bcdcba79d07bc864c1c254ccfcedcce55bcc9a8c (last modified on Thu Mar 26 23:46:11 2026).
Loading weights:   0%|          | 0/197 [00:00<?, ?it/s]Loading weights: 100%|██████████| 197/197 [00:00<00:00, 2231.02it/s]
[1mRobertaModel LOAD REPORT[0m from: roberta-base
Key                             | Status     | 
--------------------------------+------------+-
lm_head.layer_norm.bias         | UNEXPECTED | 
lm_head.dense.bias              | UNEXPECTED | 
lm_head.bias                    | UNEXPECTED | 
lm_head.dense.weight            | UNEXPECTED | 
lm_head.layer_norm.weight       | UNEXPECTED | 
roberta.embeddings.position_ids | UNEXPECTED | 
pooler.dense.bias               | MISSING    | 
pooler.dense.weight             | MISSING    | 

[3mNotes:
- UNEXPECTED[3m	:can be ignored when loading from different task/architecture; not ok if you expect identical arch.
- MISSING[3m	:those params were newly initialized because missing from the checkpoint. Consider training on your downstream task.[0m
[step 0001/200] method=baseline_cagrad loss=0.7013 train_acc=nan train_loss=nan val_acc=nan val_loss=nan best=-1.0000
[step 0010/200] method=baseline_cagrad loss=0.6223 train_acc=nan train_loss=nan val_acc=nan val_loss=nan best=-1.0000
[step 0020/200] method=baseline_cagrad loss=0.6559 train_acc=nan train_loss=nan val_acc=nan val_loss=nan best=-1.0000
[step 0030/200] method=baseline_cagrad loss=0.5806 train_acc=nan train_loss=nan val_acc=nan val_loss=nan best=-1.0000
[step 0040/200] method=baseline_cagrad loss=0.8137 train_acc=nan train_loss=nan val_acc=nan val_loss=nan best=-1.0000
[step 0050/200] method=baseline_cagrad loss=0.6305 train_acc=nan train_loss=nan val_acc=nan val_loss=nan best=-1.0000
[step 0060/200] method=baseline_cagrad loss=0.6516 train_acc=nan train_loss=nan val_acc=nan val_loss=nan best=-1.0000
[step 0070/200] method=baseline_cagrad loss=0.6099 train_acc=nan train_loss=nan val_acc=nan val_loss=nan best=-1.0000
[step 0080/200] method=baseline_cagrad loss=0.6094 train_acc=nan train_loss=nan val_acc=nan val_loss=nan best=-1.0000
[step 0090/200] method=baseline_cagrad loss=0.5822 train_acc=nan train_loss=nan val_acc=nan val_loss=nan best=-1.0000
[step 0100/200] method=baseline_cagrad loss=0.5981 train_acc=nan train_loss=nan val_acc=0.6517 val_loss=0.6023 router_H=0.6755 best=0.6517
           router_load=[0.0, 0.572393000125885, 0.4038175940513611, 0.023789487779140472]
[step 0110/200] method=baseline_cagrad loss=0.6187 train_acc=nan train_loss=nan val_acc=0.6517 val_loss=0.6023 router_H=0.6755 best=0.6517
           router_load=[0.0, 0.572393000125885, 0.4038175940513611, 0.023789487779140472]
[step 0120/200] method=baseline_cagrad loss=0.4682 train_acc=nan train_loss=nan val_acc=0.6517 val_loss=0.6023 router_H=0.6755 best=0.6517
           router_load=[0.0, 0.572393000125885, 0.4038175940513611, 0.023789487779140472]
[step 0130/200] method=baseline_cagrad loss=0.4755 train_acc=nan train_loss=nan val_acc=0.6517 val_loss=0.6023 router_H=0.6755 best=0.6517
           router_load=[0.0, 0.572393000125885, 0.4038175940513611, 0.023789487779140472]
[step 0140/200] method=baseline_cagrad loss=0.5833 train_acc=nan train_loss=nan val_acc=0.6517 val_loss=0.6023 router_H=0.6755 best=0.6517
           router_load=[0.0, 0.572393000125885, 0.4038175940513611, 0.023789487779140472]
[step 0150/200] method=baseline_cagrad loss=0.4962 train_acc=nan train_loss=nan val_acc=0.6517 val_loss=0.6023 router_H=0.6755 best=0.6517
           router_load=[0.0, 0.572393000125885, 0.4038175940513611, 0.023789487779140472]
[step 0160/200] method=baseline_cagrad loss=0.6735 train_acc=nan train_loss=nan val_acc=0.6517 val_loss=0.6023 router_H=0.6755 best=0.6517
           router_load=[0.0, 0.572393000125885, 0.4038175940513611, 0.023789487779140472]
[step 0170/200] method=baseline_cagrad loss=0.6611 train_acc=nan train_loss=nan val_acc=0.6517 val_loss=0.6023 router_H=0.6755 best=0.6517
           router_load=[0.0, 0.572393000125885, 0.4038175940513611, 0.023789487779140472]
[step 0180/200] method=baseline_cagrad loss=0.6882 train_acc=nan train_loss=nan val_acc=0.6517 val_loss=0.6023 router_H=0.6755 best=0.6517
           router_load=[0.0, 0.572393000125885, 0.4038175940513611, 0.023789487779140472]
[step 0190/200] method=baseline_cagrad loss=0.6603 train_acc=nan train_loss=nan val_acc=0.6517 val_loss=0.6023 router_H=0.6755 best=0.6517
           router_load=[0.0, 0.572393000125885, 0.4038175940513611, 0.023789487779140472]
[step 0200/200] method=baseline_cagrad loss=0.6336 train_acc=nan train_loss=nan val_acc=0.6433 val_loss=0.6128 router_H=0.6625 best=0.6517
           router_load=[0.0, 0.6094183921813965, 0.39058154821395874, 0.0]
saved summary -> /root/Optimization/MOE-grad-conflict-routing-appendix2/runs/paper_suite_server3/experiment4/multi_task/glue3_roberta_ffn_e4_k2/_method_workers/cagrad/hpo/cagrad/trial_runs/local_var_topk_025/cagrad_s2.json
saved curve -> /root/Optimization/MOE-grad-conflict-routing-appendix2/runs/paper_suite_server3/experiment4/multi_task/glue3_roberta_ffn_e4_k2/_method_workers/cagrad/hpo/cagrad/trial_runs/local_var_topk_025/cagrad_s2_curve.csv
