[run] method=cagrad candidate=local_var_topk_007 seed=2 steps=200 gpu=0
[run] cmd=
/home/zhujjing/anaconda3/envs/moe/bin/python /home/zhujjing/MOE-grad-conflict-routing/scripts/run.py --config configs/multitask_glue4_real.yaml --set model.backbone_backend=hf --set model.hf_load_pretrained=true --set model.hf_local_files_only=true --set model.backbone=deberta --set model.hf_pretrained_name=microsoft/deberta-v3-base --set model.expert_type=lora --set model.routing_mode=topk --set model.num_experts=4 --set model.top_k=2 --set train.eval_train_fraction=0.10 --set train.eval_train_max_batches=-1 --set train.eval_max_batches=-1 --set seed=2 --set method.name=baseline_cagrad --set train.steps=200 --set train.eval_every_steps=100 --set method.baseline_cagrad.c=0.6535281282 --set method.baseline_cagrad.inner_lr=0.5 --set train.grad_clip=1.016176527 --set train.lr=4.4850184e-05 --set train.weight_decay=0.009393496225 --out /home/zhujjing/MOE-grad-conflict-routing/runs/paper_suite/single_gpu/multi_task/glue4_deberta_lora_e4_k2/hpo/cagrad/trial_runs/local_var_topk_007/cagrad_s2.json --curve_out /home/zhujjing/MOE-grad-conflict-routing/runs/paper_suite/single_gpu/multi_task/glue4_deberta_lora_e4_k2/hpo/cagrad/trial_runs/local_var_topk_007/cagrad_s2_curve.csv
Using the latest cached version of the dataset since glue couldn't be found on the Hugging Face Hub (offline mode is enabled).
Found the latest cached dataset configuration 'rte' at /home/zhujjing/hf_cache/datasets/glue/rte/0.0.0/bcdcba79d07bc864c1c254ccfcedcce55bcc9a8c (last modified on Thu Mar 19 15:00:36 2026).
/home/zhujjing/anaconda3/envs/moe/lib/python3.10/site-packages/transformers/utils/hub.py:124: FutureWarning: Using `TRANSFORMERS_CACHE` is deprecated and will be removed in v5 of Transformers. Use `HF_HOME` instead.
  warnings.warn(
/home/zhujjing/anaconda3/envs/moe/lib/python3.10/site-packages/transformers/convert_slow_tokenizer.py:560: UserWarning: The sentencepiece tokenizer that you are converting to a fast tokenizer uses the byte fallback option which is not implemented in the fast tokenizers. In practice this means that the fast version of the tokenizer can produce unknown tokens whereas the sentencepiece version would have converted these unknown tokens into a sequence of byte tokens matching the original piece of text.
  warnings.warn(
Using the latest cached version of the dataset since glue couldn't be found on the Hugging Face Hub (offline mode is enabled).
Found the latest cached dataset configuration 'mrpc' at /home/zhujjing/hf_cache/datasets/glue/mrpc/0.0.0/bcdcba79d07bc864c1c254ccfcedcce55bcc9a8c (last modified on Thu Mar 19 15:01:06 2026).
Using the latest cached version of the dataset since glue couldn't be found on the Hugging Face Hub (offline mode is enabled).
Found the latest cached dataset configuration 'sst2' at /home/zhujjing/hf_cache/datasets/glue/sst2/0.0.0/bcdcba79d07bc864c1c254ccfcedcce55bcc9a8c (last modified on Thu Mar 19 15:01:41 2026).
Using the latest cached version of the dataset since glue couldn't be found on the Hugging Face Hub (offline mode is enabled).
Found the latest cached dataset configuration 'cola' at /home/zhujjing/hf_cache/datasets/glue/cola/0.0.0/bcdcba79d07bc864c1c254ccfcedcce55bcc9a8c (last modified on Thu Mar 19 15:02:09 2026).
[step 0001/200] method=baseline_cagrad loss=0.6956 train_acc=nan train_loss=nan val_acc=nan val_loss=nan best=-1.0000
[step 0010/200] method=baseline_cagrad loss=0.6549 train_acc=nan train_loss=nan val_acc=nan val_loss=nan best=-1.0000
[step 0020/200] method=baseline_cagrad loss=0.5657 train_acc=nan train_loss=nan val_acc=nan val_loss=nan best=-1.0000
[step 0030/200] method=baseline_cagrad loss=0.5328 train_acc=nan train_loss=nan val_acc=nan val_loss=nan best=-1.0000
[step 0040/200] method=baseline_cagrad loss=0.5527 train_acc=nan train_loss=nan val_acc=nan val_loss=nan best=-1.0000
[step 0050/200] method=baseline_cagrad loss=0.4962 train_acc=nan train_loss=nan val_acc=nan val_loss=nan best=-1.0000
[step 0060/200] method=baseline_cagrad loss=0.4374 train_acc=nan train_loss=nan val_acc=nan val_loss=nan best=-1.0000
[step 0070/200] method=baseline_cagrad loss=0.5318 train_acc=nan train_loss=nan val_acc=nan val_loss=nan best=-1.0000
[step 0080/200] method=baseline_cagrad loss=0.3910 train_acc=nan train_loss=nan val_acc=nan val_loss=nan best=-1.0000
[step 0090/200] method=baseline_cagrad loss=0.3482 train_acc=nan train_loss=nan val_acc=nan val_loss=nan best=-1.0000
[step 0100/200] method=baseline_cagrad loss=0.4951 train_acc=0.8371 train_loss=0.3639 val_acc=0.7987 val_loss=0.4211 router_H=0.6678 best=0.7987
           router_load=[0.02489554136991501, 0.39474648237228394, 0.3041295111179352, 0.27622804045677185]
[step 0110/200] method=baseline_cagrad loss=0.3560 train_acc=0.8371 train_loss=0.3639 val_acc=0.7987 val_loss=0.4211 router_H=0.6678 best=0.7987
           router_load=[0.02489554136991501, 0.39474648237228394, 0.3041295111179352, 0.27622804045677185]
[step 0120/200] method=baseline_cagrad loss=0.3977 train_acc=0.8371 train_loss=0.3639 val_acc=0.7987 val_loss=0.4211 router_H=0.6678 best=0.7987
           router_load=[0.02489554136991501, 0.39474648237228394, 0.3041295111179352, 0.27622804045677185]
[step 0130/200] method=baseline_cagrad loss=0.3442 train_acc=0.8371 train_loss=0.3639 val_acc=0.7987 val_loss=0.4211 router_H=0.6678 best=0.7987
           router_load=[0.02489554136991501, 0.39474648237228394, 0.3041295111179352, 0.27622804045677185]
[step 0140/200] method=baseline_cagrad loss=0.3740 train_acc=0.8371 train_loss=0.3639 val_acc=0.7987 val_loss=0.4211 router_H=0.6678 best=0.7987
           router_load=[0.02489554136991501, 0.39474648237228394, 0.3041295111179352, 0.27622804045677185]
[step 0150/200] method=baseline_cagrad loss=0.4509 train_acc=0.8371 train_loss=0.3639 val_acc=0.7987 val_loss=0.4211 router_H=0.6678 best=0.7987
           router_load=[0.02489554136991501, 0.39474648237228394, 0.3041295111179352, 0.27622804045677185]
[step 0160/200] method=baseline_cagrad loss=0.3281 train_acc=0.8371 train_loss=0.3639 val_acc=0.7987 val_loss=0.4211 router_H=0.6678 best=0.7987
           router_load=[0.02489554136991501, 0.39474648237228394, 0.3041295111179352, 0.27622804045677185]
[step 0170/200] method=baseline_cagrad loss=0.4017 train_acc=0.8371 train_loss=0.3639 val_acc=0.7987 val_loss=0.4211 router_H=0.6678 best=0.7987
           router_load=[0.02489554136991501, 0.39474648237228394, 0.3041295111179352, 0.27622804045677185]
[step 0180/200] method=baseline_cagrad loss=0.3808 train_acc=0.8371 train_loss=0.3639 val_acc=0.7987 val_loss=0.4211 router_H=0.6678 best=0.7987
           router_load=[0.02489554136991501, 0.39474648237228394, 0.3041295111179352, 0.27622804045677185]
[step 0190/200] method=baseline_cagrad loss=0.3999 train_acc=0.8371 train_loss=0.3639 val_acc=0.7987 val_loss=0.4211 router_H=0.6678 best=0.7987
           router_load=[0.02489554136991501, 0.39474648237228394, 0.3041295111179352, 0.27622804045677185]
[step 0200/200] method=baseline_cagrad loss=0.1850 train_acc=0.9019 train_loss=0.2531 val_acc=0.8359 val_loss=0.4277 router_H=0.6539 best=0.8359
           router_load=[0.1056709960103035, 0.24976584315299988, 0.28534120321273804, 0.3592219948768616]
saved summary -> /home/zhujjing/MOE-grad-conflict-routing/runs/paper_suite/single_gpu/multi_task/glue4_deberta_lora_e4_k2/hpo/cagrad/trial_runs/local_var_topk_007/cagrad_s2.json
saved curve -> /home/zhujjing/MOE-grad-conflict-routing/runs/paper_suite/single_gpu/multi_task/glue4_deberta_lora_e4_k2/hpo/cagrad/trial_runs/local_var_topk_007/cagrad_s2_curve.csv
