[run] method=ours candidate=coord_03_train_grad_clip_009 seed=2 steps=200 gpu=0
[run] cmd=
/root/miniconda3/envs/optimization/bin/python /root/Optimization/MOE-grad-conflict-routing/scripts/run.py --config configs/multitask_glue3_rte_mrpc_cola_real.yaml --set model.backbone_backend=hf --set model.hf_load_pretrained=true --set model.hf_local_files_only=true --set model.backbone=roberta --set model.hf_pretrained_name=roberta-base --set model.routing_mode=topk --set model.expert_type=lora --set model.num_experts=6 --set model.top_k=3 --set train.eval_train_fraction=0.10 --set train.eval_train_max_batches=-1 --set train.eval_max_batches=-1 --set seed=2 --set method.name=ours --set train.steps=200 --set train.eval_every_steps=100 --set method.ours.use_load_norm=true --set method.ours.lambda_align=0.001 --set train.grad_clip=0.8201921409 --set train.lr=1.693101775e-05 --set train.weight_decay=0.009265879002 --out /root/Optimization/MOE-grad-conflict-routing/runs/paper_suite_supplement/appendix/more_expert/glue3_roberta_lora_e6_k3/hpo/ours/trial_runs/coord_03_train_grad_clip_009/ours_s2.json --curve_out /root/Optimization/MOE-grad-conflict-routing/runs/paper_suite_supplement/appendix/more_expert/glue3_roberta_lora_e6_k3/hpo/ours/trial_runs/coord_03_train_grad_clip_009/ours_s2_curve.csv
Using the latest cached version of the dataset since glue couldn't be found on the Hugging Face Hub (offline mode is enabled).
Found the latest cached dataset configuration 'rte' at /root/.cache/huggingface/datasets/glue/rte/0.0.0/bcdcba79d07bc864c1c254ccfcedcce55bcc9a8c (last modified on Thu Mar 26 19:09:12 2026).
Using the latest cached version of the dataset since glue couldn't be found on the Hugging Face Hub (offline mode is enabled).
Found the latest cached dataset configuration 'mrpc' at /root/.cache/huggingface/datasets/glue/mrpc/0.0.0/bcdcba79d07bc864c1c254ccfcedcce55bcc9a8c (last modified on Thu Mar 26 20:11:06 2026).
Using the latest cached version of the dataset since glue couldn't be found on the Hugging Face Hub (offline mode is enabled).
Found the latest cached dataset configuration 'cola' at /root/.cache/huggingface/datasets/glue/cola/0.0.0/bcdcba79d07bc864c1c254ccfcedcce55bcc9a8c (last modified on Thu Mar 26 23:46:11 2026).
Loading weights:   0%|          | 0/197 [00:00<?, ?it/s]Loading weights: 100%|██████████| 197/197 [00:00<00:00, 5920.34it/s]
[1mRobertaModel LOAD REPORT[0m from: roberta-base
Key                             | Status     | 
--------------------------------+------------+-
lm_head.dense.bias              | UNEXPECTED | 
lm_head.bias                    | UNEXPECTED | 
lm_head.layer_norm.bias         | UNEXPECTED | 
lm_head.dense.weight            | UNEXPECTED | 
lm_head.layer_norm.weight       | UNEXPECTED | 
roberta.embeddings.position_ids | UNEXPECTED | 
pooler.dense.weight             | MISSING    | 
pooler.dense.bias               | MISSING    | 

[3mNotes:
- UNEXPECTED[3m	:can be ignored when loading from different task/architecture; not ok if you expect identical arch.
- MISSING[3m	:those params were newly initialized because missing from the checkpoint. Consider training on your downstream task.[0m
[step 0001/200] method=ours loss=0.6773 train_acc=nan train_loss=nan val_acc=nan val_loss=nan best=-1.0000
[step 0010/200] method=ours loss=0.6283 train_acc=nan train_loss=nan val_acc=nan val_loss=nan best=-1.0000
[step 0020/200] method=ours loss=0.6366 train_acc=nan train_loss=nan val_acc=nan val_loss=nan best=-1.0000
[step 0030/200] method=ours loss=0.6382 train_acc=nan train_loss=nan val_acc=nan val_loss=nan best=-1.0000
[step 0040/200] method=ours loss=0.7325 train_acc=nan train_loss=nan val_acc=nan val_loss=nan best=-1.0000
[step 0050/200] method=ours loss=0.6253 train_acc=nan train_loss=nan val_acc=nan val_loss=nan best=-1.0000
[step 0060/200] method=ours loss=0.5807 train_acc=nan train_loss=nan val_acc=nan val_loss=nan best=-1.0000
[step 0070/200] method=ours loss=0.5762 train_acc=nan train_loss=nan val_acc=nan val_loss=nan best=-1.0000
[step 0080/200] method=ours loss=0.5898 train_acc=nan train_loss=nan val_acc=nan val_loss=nan best=-1.0000
[step 0090/200] method=ours loss=0.6769 train_acc=nan train_loss=nan val_acc=nan val_loss=nan best=-1.0000
[step 0100/200] method=ours loss=0.5735 train_acc=0.6586 train_loss=0.5921 val_acc=0.6591 val_loss=0.5865 router_H=1.0717 best=0.6591
           router_load=[0.1406077742576599, 0.13104099035263062, 0.2820080518722534, 0.009734628722071648, 0.0, 0.43660876154899597]
[step 0110/200] method=ours loss=0.6082 train_acc=0.6586 train_loss=0.5921 val_acc=0.6591 val_loss=0.5865 router_H=1.0717 best=0.6591
           router_load=[0.1406077742576599, 0.13104099035263062, 0.2820080518722534, 0.009734628722071648, 0.0, 0.43660876154899597]
[step 0120/200] method=ours loss=0.4745 train_acc=0.6586 train_loss=0.5921 val_acc=0.6591 val_loss=0.5865 router_H=1.0717 best=0.6591
           router_load=[0.1406077742576599, 0.13104099035263062, 0.2820080518722534, 0.009734628722071648, 0.0, 0.43660876154899597]
[step 0130/200] method=ours loss=0.6244 train_acc=0.6586 train_loss=0.5921 val_acc=0.6591 val_loss=0.5865 router_H=1.0717 best=0.6591
           router_load=[0.1406077742576599, 0.13104099035263062, 0.2820080518722534, 0.009734628722071648, 0.0, 0.43660876154899597]
[step 0140/200] method=ours loss=0.5906 train_acc=0.6586 train_loss=0.5921 val_acc=0.6591 val_loss=0.5865 router_H=1.0717 best=0.6591
           router_load=[0.1406077742576599, 0.13104099035263062, 0.2820080518722534, 0.009734628722071648, 0.0, 0.43660876154899597]
[step 0150/200] method=ours loss=0.5449 train_acc=0.6586 train_loss=0.5921 val_acc=0.6591 val_loss=0.5865 router_H=1.0717 best=0.6591
           router_load=[0.1406077742576599, 0.13104099035263062, 0.2820080518722534, 0.009734628722071648, 0.0, 0.43660876154899597]
[step 0160/200] method=ours loss=0.6704 train_acc=0.6586 train_loss=0.5921 val_acc=0.6591 val_loss=0.5865 router_H=1.0717 best=0.6591
           router_load=[0.1406077742576599, 0.13104099035263062, 0.2820080518722534, 0.009734628722071648, 0.0, 0.43660876154899597]
[step 0170/200] method=ours loss=0.6592 train_acc=0.6586 train_loss=0.5921 val_acc=0.6591 val_loss=0.5865 router_H=1.0717 best=0.6591
           router_load=[0.1406077742576599, 0.13104099035263062, 0.2820080518722534, 0.009734628722071648, 0.0, 0.43660876154899597]
[step 0180/200] method=ours loss=0.7906 train_acc=0.6586 train_loss=0.5921 val_acc=0.6591 val_loss=0.5865 router_H=1.0717 best=0.6591
           router_load=[0.1406077742576599, 0.13104099035263062, 0.2820080518722534, 0.009734628722071648, 0.0, 0.43660876154899597]
[step 0190/200] method=ours loss=0.5231 train_acc=0.6586 train_loss=0.5921 val_acc=0.6591 val_loss=0.5865 router_H=1.0717 best=0.6591
           router_load=[0.1406077742576599, 0.13104099035263062, 0.2820080518722534, 0.009734628722071648, 0.0, 0.43660876154899597]
[step 0200/200] method=ours loss=0.6043 train_acc=0.7080 train_loss=0.5437 val_acc=0.6666 val_loss=0.5755 router_H=1.0721 best=0.6666
           router_load=[0.14134171605110168, 0.23915280401706696, 0.17574846744537354, 0.02999616414308548, 0.0, 0.4137609004974365]
saved summary -> /root/Optimization/MOE-grad-conflict-routing/runs/paper_suite_supplement/appendix/more_expert/glue3_roberta_lora_e6_k3/hpo/ours/trial_runs/coord_03_train_grad_clip_009/ours_s2.json
saved curve -> /root/Optimization/MOE-grad-conflict-routing/runs/paper_suite_supplement/appendix/more_expert/glue3_roberta_lora_e6_k3/hpo/ours/trial_runs/coord_03_train_grad_clip_009/ours_s2_curve.csv
