[run] method=cagrad candidate=coord_05_method_baseline_cagrad_inner_lr_007 seed=2 steps=150 gpu=0
[run] cmd=
/home/zhujjing/anaconda3/envs/moe/bin/python /home/zhujjing/MOE-grad-conflict-routing/scripts/run.py --config configs/singletask_mrpc_real.yaml --set model.backbone_backend=hf --set model.hf_load_pretrained=true --set model.backbone=deberta --set model.hf_pretrained_name=microsoft/deberta-v3-base --set model.expert_type=lora --set model.routing_mode=topk --set model.num_experts=4 --set model.top_k=2 --set seed=2 --set method.name=baseline_cagrad --set train.steps=150 --set train.eval_every_steps=50 --set method.baseline_cagrad.c=0.9099800661 --set method.baseline_cagrad.inner_lr=0.2863105147 --set train.grad_clip=1.658271302 --set train.lr=7.848640431e-05 --set train.weight_decay=0.01566577443 --out /home/zhujjing/MOE-grad-conflict-routing/runs/paper_suite/single_gpu/single_task/deberta_mrpc_lora_e4_k2/hpo/cagrad/trial_runs/coord_05_method_baseline_cagrad_inner_lr_007/cagrad_s2.json --curve_out /home/zhujjing/MOE-grad-conflict-routing/runs/paper_suite/single_gpu/single_task/deberta_mrpc_lora_e4_k2/hpo/cagrad/trial_runs/coord_05_method_baseline_cagrad_inner_lr_007/cagrad_s2_curve.csv
Using the latest cached version of the dataset since glue couldn't be found on the Hugging Face Hub (offline mode is enabled).
Found the latest cached dataset configuration 'mrpc' at /home/zhujjing/hf_cache/datasets/glue/mrpc/0.0.0/bcdcba79d07bc864c1c254ccfcedcce55bcc9a8c (last modified on Thu Mar 19 15:01:06 2026).
/home/zhujjing/anaconda3/envs/moe/lib/python3.10/site-packages/transformers/utils/hub.py:124: FutureWarning: Using `TRANSFORMERS_CACHE` is deprecated and will be removed in v5 of Transformers. Use `HF_HOME` instead.
  warnings.warn(
/home/zhujjing/anaconda3/envs/moe/lib/python3.10/site-packages/transformers/convert_slow_tokenizer.py:560: UserWarning: The sentencepiece tokenizer that you are converting to a fast tokenizer uses the byte fallback option which is not implemented in the fast tokenizers. In practice this means that the fast version of the tokenizer can produce unknown tokens whereas the sentencepiece version would have converted these unknown tokens into a sequence of byte tokens matching the original piece of text.
  warnings.warn(
[step 0001/150] method=baseline_cagrad loss=0.6833 train_acc=nan train_loss=nan val_acc=nan val_loss=nan best=-1.0000
[step 0010/150] method=baseline_cagrad loss=0.8723 train_acc=nan train_loss=nan val_acc=nan val_loss=nan best=-1.0000
[step 0020/150] method=baseline_cagrad loss=0.6001 train_acc=nan train_loss=nan val_acc=nan val_loss=nan best=-1.0000
[step 0030/150] method=baseline_cagrad loss=0.4099 train_acc=nan train_loss=nan val_acc=nan val_loss=nan best=-1.0000
[step 0040/150] method=baseline_cagrad loss=0.4952 train_acc=nan train_loss=nan val_acc=nan val_loss=nan best=-1.0000
[step 0050/150] method=baseline_cagrad loss=0.4671 train_acc=0.8004 train_loss=0.4410 val_acc=0.7917 val_loss=0.4486 router_H=0.6883 best=0.7917
           router_load=[0.0, 0.0, 0.4843171536922455, 0.5156828165054321]
[step 0060/150] method=baseline_cagrad loss=0.3877 train_acc=0.8004 train_loss=0.4410 val_acc=0.7917 val_loss=0.4486 router_H=0.6883 best=0.7917
           router_load=[0.0, 0.0, 0.4843171536922455, 0.5156828165054321]
[step 0070/150] method=baseline_cagrad loss=0.4222 train_acc=0.8004 train_loss=0.4410 val_acc=0.7917 val_loss=0.4486 router_H=0.6883 best=0.7917
           router_load=[0.0, 0.0, 0.4843171536922455, 0.5156828165054321]
[step 0080/150] method=baseline_cagrad loss=0.2785 train_acc=0.8004 train_loss=0.4410 val_acc=0.7917 val_loss=0.4486 router_H=0.6883 best=0.7917
           router_load=[0.0, 0.0, 0.4843171536922455, 0.5156828165054321]
[step 0090/150] method=baseline_cagrad loss=0.6101 train_acc=0.8004 train_loss=0.4410 val_acc=0.7917 val_loss=0.4486 router_H=0.6883 best=0.7917
           router_load=[0.0, 0.0, 0.4843171536922455, 0.5156828165054321]
[step 0100/150] method=baseline_cagrad loss=0.2764 train_acc=0.8770 train_loss=0.2948 val_acc=0.8627 val_loss=0.3212 router_H=0.6389 best=0.8627
           router_load=[0.008299197070300579, 0.0, 0.3871914744377136, 0.6045092940330505]
[step 0110/150] method=baseline_cagrad loss=0.4078 train_acc=0.8770 train_loss=0.2948 val_acc=0.8627 val_loss=0.3212 router_H=0.6389 best=0.8627
           router_load=[0.008299197070300579, 0.0, 0.3871914744377136, 0.6045092940330505]
[step 0120/150] method=baseline_cagrad loss=0.1689 train_acc=0.8770 train_loss=0.2948 val_acc=0.8627 val_loss=0.3212 router_H=0.6389 best=0.8627
           router_load=[0.008299197070300579, 0.0, 0.3871914744377136, 0.6045092940330505]
[step 0130/150] method=baseline_cagrad loss=0.3546 train_acc=0.8770 train_loss=0.2948 val_acc=0.8627 val_loss=0.3212 router_H=0.6389 best=0.8627
           router_load=[0.008299197070300579, 0.0, 0.3871914744377136, 0.6045092940330505]
[step 0140/150] method=baseline_cagrad loss=0.2002 train_acc=0.8770 train_loss=0.2948 val_acc=0.8627 val_loss=0.3212 router_H=0.6389 best=0.8627
           router_load=[0.008299197070300579, 0.0, 0.3871914744377136, 0.6045092940330505]
[step 0150/150] method=baseline_cagrad loss=0.4842 train_acc=0.9038 train_loss=0.2351 val_acc=0.8873 val_loss=0.2951 router_H=0.6264 best=0.8873
           router_load=[0.20757286250591278, 0.0, 0.21853020787239075, 0.5738968253135681]
saved summary -> /home/zhujjing/MOE-grad-conflict-routing/runs/paper_suite/single_gpu/single_task/deberta_mrpc_lora_e4_k2/hpo/cagrad/trial_runs/coord_05_method_baseline_cagrad_inner_lr_007/cagrad_s2.json
saved curve -> /home/zhujjing/MOE-grad-conflict-routing/runs/paper_suite/single_gpu/single_task/deberta_mrpc_lora_e4_k2/hpo/cagrad/trial_runs/coord_05_method_baseline_cagrad_inner_lr_007/cagrad_s2_curve.csv
