[run] method=baseline candidate=local_var_topk_006 seed=2 steps=150 gpu=0
[run] cmd=
/home/zhujjing/anaconda3/envs/moe/bin/python /home/zhujjing/MOE-grad-conflict-routing/scripts/run.py --config configs/singletask_sst2_real.yaml --set model.backbone_backend=hf --set model.hf_load_pretrained=true --set model.backbone=deberta --set model.hf_pretrained_name=microsoft/deberta-v3-base --set model.expert_type=lora --set model.routing_mode=topk --set model.num_experts=4 --set model.top_k=2 --set seed=2 --set method.name=baseline_avg --set train.steps=150 --set train.eval_every_steps=50 --set train.grad_clip=0.5690175238 --set train.lr=2.0366177e-05 --set train.weight_decay=0.05 --out /home/zhujjing/MOE-grad-conflict-routing/runs/paper_suite/single_gpu/single_task/deberta_sst2_lora_e4_k2/hpo/baseline/trial_runs/local_var_topk_006/baseline_s2.json --curve_out /home/zhujjing/MOE-grad-conflict-routing/runs/paper_suite/single_gpu/single_task/deberta_sst2_lora_e4_k2/hpo/baseline/trial_runs/local_var_topk_006/baseline_s2_curve.csv
Using the latest cached version of the dataset since glue couldn't be found on the Hugging Face Hub (offline mode is enabled).
Found the latest cached dataset configuration 'sst2' at /home/zhujjing/hf_cache/datasets/glue/sst2/0.0.0/bcdcba79d07bc864c1c254ccfcedcce55bcc9a8c (last modified on Thu Mar 19 15:01:41 2026).
/home/zhujjing/anaconda3/envs/moe/lib/python3.10/site-packages/transformers/utils/hub.py:124: FutureWarning: Using `TRANSFORMERS_CACHE` is deprecated and will be removed in v5 of Transformers. Use `HF_HOME` instead.
  warnings.warn(
/home/zhujjing/anaconda3/envs/moe/lib/python3.10/site-packages/transformers/convert_slow_tokenizer.py:560: UserWarning: The sentencepiece tokenizer that you are converting to a fast tokenizer uses the byte fallback option which is not implemented in the fast tokenizers. In practice this means that the fast version of the tokenizer can produce unknown tokens whereas the sentencepiece version would have converted these unknown tokens into a sequence of byte tokens matching the original piece of text.
  warnings.warn(
[step 0001/150] method=baseline_avg loss=0.6538 train_acc=nan train_loss=nan val_acc=nan val_loss=nan best=-1.0000
[step 0010/150] method=baseline_avg loss=0.6706 train_acc=nan train_loss=nan val_acc=nan val_loss=nan best=-1.0000
[step 0020/150] method=baseline_avg loss=0.5586 train_acc=nan train_loss=nan val_acc=nan val_loss=nan best=-1.0000
[step 0030/150] method=baseline_avg loss=0.3798 train_acc=nan train_loss=nan val_acc=nan val_loss=nan best=-1.0000
[step 0040/150] method=baseline_avg loss=0.1629 train_acc=nan train_loss=nan val_acc=nan val_loss=nan best=-1.0000
[step 0050/150] method=baseline_avg loss=0.0901 train_acc=0.8377 train_loss=0.4757 val_acc=0.7649 val_loss=0.7015 router_H=0.6772 best=0.7649
           router_load=[0.1691173017024994, 0.29951098561286926, 0.44230398535728455, 0.08906777203083038]
[step 0060/150] method=baseline_avg loss=0.3590 train_acc=0.8377 train_loss=0.4757 val_acc=0.7649 val_loss=0.7015 router_H=0.6772 best=0.7649
           router_load=[0.1691173017024994, 0.29951098561286926, 0.44230398535728455, 0.08906777203083038]
[step 0070/150] method=baseline_avg loss=0.6280 train_acc=0.8377 train_loss=0.4757 val_acc=0.7649 val_loss=0.7015 router_H=0.6772 best=0.7649
           router_load=[0.1691173017024994, 0.29951098561286926, 0.44230398535728455, 0.08906777203083038]
[step 0080/150] method=baseline_avg loss=0.3982 train_acc=0.8377 train_loss=0.4757 val_acc=0.7649 val_loss=0.7015 router_H=0.6772 best=0.7649
           router_load=[0.1691173017024994, 0.29951098561286926, 0.44230398535728455, 0.08906777203083038]
[step 0090/150] method=baseline_avg loss=0.2764 train_acc=0.8377 train_loss=0.4757 val_acc=0.7649 val_loss=0.7015 router_H=0.6772 best=0.7649
           router_load=[0.1691173017024994, 0.29951098561286926, 0.44230398535728455, 0.08906777203083038]
[step 0100/150] method=baseline_avg loss=0.1300 train_acc=0.8918 train_loss=0.2939 val_acc=0.8612 val_loss=0.3657 router_H=0.6806 best=0.8612
           router_load=[0.2284434288740158, 0.28731757402420044, 0.34853044152259827, 0.13570855557918549]
[step 0110/150] method=baseline_avg loss=0.1825 train_acc=0.8918 train_loss=0.2939 val_acc=0.8612 val_loss=0.3657 router_H=0.6806 best=0.8612
           router_load=[0.2284434288740158, 0.28731757402420044, 0.34853044152259827, 0.13570855557918549]
[step 0120/150] method=baseline_avg loss=0.1101 train_acc=0.8918 train_loss=0.2939 val_acc=0.8612 val_loss=0.3657 router_H=0.6806 best=0.8612
           router_load=[0.2284434288740158, 0.28731757402420044, 0.34853044152259827, 0.13570855557918549]
[step 0130/150] method=baseline_avg loss=0.3369 train_acc=0.8918 train_loss=0.2939 val_acc=0.8612 val_loss=0.3657 router_H=0.6806 best=0.8612
           router_load=[0.2284434288740158, 0.28731757402420044, 0.34853044152259827, 0.13570855557918549]
[step 0140/150] method=baseline_avg loss=0.5140 train_acc=0.8918 train_loss=0.2939 val_acc=0.8612 val_loss=0.3657 router_H=0.6806 best=0.8612
           router_load=[0.2284434288740158, 0.28731757402420044, 0.34853044152259827, 0.13570855557918549]
[step 0150/150] method=baseline_avg loss=0.4146 train_acc=0.9075 train_loss=0.2347 val_acc=0.8991 val_loss=0.2295 router_H=0.6827 best=0.8991
           router_load=[0.24829502403736115, 0.180995374917984, 0.4206264317035675, 0.1500830352306366]
saved summary -> /home/zhujjing/MOE-grad-conflict-routing/runs/paper_suite/single_gpu/single_task/deberta_sst2_lora_e4_k2/hpo/baseline/trial_runs/local_var_topk_006/baseline_s2.json
saved curve -> /home/zhujjing/MOE-grad-conflict-routing/runs/paper_suite/single_gpu/single_task/deberta_sst2_lora_e4_k2/hpo/baseline/trial_runs/local_var_topk_006/baseline_s2_curve.csv
