[run] method=baseline candidate=coord_03_train_grad_clip_025 seed=2 steps=150 gpu=0
[run] cmd=
/home/zhujjing/anaconda3/envs/moe/bin/python /home/zhujjing/MOE-grad-conflict-routing/scripts/run.py --config configs/singletask_sst2_real.yaml --set model.backbone_backend=hf --set model.hf_load_pretrained=true --set model.backbone=roberta --set model.hf_pretrained_name=roberta-base --set model.expert_type=ffn --set model.routing_mode=topk --set model.num_experts=4 --set model.top_k=2 --set seed=2 --set method.name=baseline_avg --set train.steps=150 --set train.eval_every_steps=50 --set train.grad_clip=1.451336364 --set train.lr=3.842377498e-05 --set train.weight_decay=0.04458013788 --out /home/zhujjing/MOE-grad-conflict-routing/runs/paper_suite/single_gpu/single_task/roberta_sst2_ffn_e4_k2/hpo/baseline/trial_runs/coord_03_train_grad_clip_025/baseline_s2.json --curve_out /home/zhujjing/MOE-grad-conflict-routing/runs/paper_suite/single_gpu/single_task/roberta_sst2_ffn_e4_k2/hpo/baseline/trial_runs/coord_03_train_grad_clip_025/baseline_s2_curve.csv
Using the latest cached version of the dataset since glue couldn't be found on the Hugging Face Hub (offline mode is enabled).
Found the latest cached dataset configuration 'sst2' at /home/zhujjing/hf_cache/datasets/glue/sst2/0.0.0/bcdcba79d07bc864c1c254ccfcedcce55bcc9a8c (last modified on Thu Mar 19 15:01:41 2026).
/home/zhujjing/anaconda3/envs/moe/lib/python3.10/site-packages/transformers/utils/hub.py:124: FutureWarning: Using `TRANSFORMERS_CACHE` is deprecated and will be removed in v5 of Transformers. Use `HF_HOME` instead.
  warnings.warn(
Some weights of RobertaModel were not initialized from the model checkpoint at roberta-base and are newly initialized: ['roberta.pooler.dense.bias', 'roberta.pooler.dense.weight']
You should probably TRAIN this model on a down-stream task to be able to use it for predictions and inference.
[step 0001/150] method=baseline_avg loss=0.6767 train_acc=nan train_loss=nan val_acc=nan val_loss=nan best=-1.0000
[step 0010/150] method=baseline_avg loss=0.7030 train_acc=nan train_loss=nan val_acc=nan val_loss=nan best=-1.0000
[step 0020/150] method=baseline_avg loss=0.5466 train_acc=nan train_loss=nan val_acc=nan val_loss=nan best=-1.0000
[step 0030/150] method=baseline_avg loss=0.6196 train_acc=nan train_loss=nan val_acc=nan val_loss=nan best=-1.0000
[step 0040/150] method=baseline_avg loss=0.3067 train_acc=nan train_loss=nan val_acc=nan val_loss=nan best=-1.0000
[step 0050/150] method=baseline_avg loss=0.2200 train_acc=0.8295 train_loss=0.4372 val_acc=0.7798 val_loss=0.5117 router_H=0.6795 best=0.7798
           router_load=[0.0025390321388840675, 0.4517565965652466, 0.38607946038246155, 0.15962497889995575]
[step 0060/150] method=baseline_avg loss=0.2890 train_acc=0.8295 train_loss=0.4372 val_acc=0.7798 val_loss=0.5117 router_H=0.6795 best=0.7798
           router_load=[0.0025390321388840675, 0.4517565965652466, 0.38607946038246155, 0.15962497889995575]
[step 0070/150] method=baseline_avg loss=0.5107 train_acc=0.8295 train_loss=0.4372 val_acc=0.7798 val_loss=0.5117 router_H=0.6795 best=0.7798
           router_load=[0.0025390321388840675, 0.4517565965652466, 0.38607946038246155, 0.15962497889995575]
[step 0080/150] method=baseline_avg loss=0.8948 train_acc=0.8295 train_loss=0.4372 val_acc=0.7798 val_loss=0.5117 router_H=0.6795 best=0.7798
           router_load=[0.0025390321388840675, 0.4517565965652466, 0.38607946038246155, 0.15962497889995575]
[step 0090/150] method=baseline_avg loss=0.2320 train_acc=0.8295 train_loss=0.4372 val_acc=0.7798 val_loss=0.5117 router_H=0.6795 best=0.7798
           router_load=[0.0025390321388840675, 0.4517565965652466, 0.38607946038246155, 0.15962497889995575]
[step 0100/150] method=baseline_avg loss=0.5295 train_acc=0.8196 train_loss=0.4396 val_acc=0.7592 val_loss=0.5055 router_H=0.6575 best=0.7798
           router_load=[0.09829474240541458, 0.626364529132843, 0.23773106932640076, 0.037609778344631195]
[step 0110/150] method=baseline_avg loss=0.3996 train_acc=0.8196 train_loss=0.4396 val_acc=0.7592 val_loss=0.5055 router_H=0.6575 best=0.7798
           router_load=[0.09829474240541458, 0.626364529132843, 0.23773106932640076, 0.037609778344631195]
[step 0120/150] method=baseline_avg loss=0.4390 train_acc=0.8196 train_loss=0.4396 val_acc=0.7592 val_loss=0.5055 router_H=0.6575 best=0.7798
           router_load=[0.09829474240541458, 0.626364529132843, 0.23773106932640076, 0.037609778344631195]
[step 0130/150] method=baseline_avg loss=0.3254 train_acc=0.8196 train_loss=0.4396 val_acc=0.7592 val_loss=0.5055 router_H=0.6575 best=0.7798
           router_load=[0.09829474240541458, 0.626364529132843, 0.23773106932640076, 0.037609778344631195]
[step 0140/150] method=baseline_avg loss=0.3408 train_acc=0.8196 train_loss=0.4396 val_acc=0.7592 val_loss=0.5055 router_H=0.6575 best=0.7798
           router_load=[0.09829474240541458, 0.626364529132843, 0.23773106932640076, 0.037609778344631195]
[step 0150/150] method=baseline_avg loss=0.3843 train_acc=0.8889 train_loss=0.2931 val_acc=0.8991 val_loss=0.2658 router_H=0.6017 best=0.8991
           router_load=[0.008142596110701561, 0.6920964121818542, 0.11566076427698135, 0.18410006165504456]
saved summary -> /home/zhujjing/MOE-grad-conflict-routing/runs/paper_suite/single_gpu/single_task/roberta_sst2_ffn_e4_k2/hpo/baseline/trial_runs/coord_03_train_grad_clip_025/baseline_s2.json
saved curve -> /home/zhujjing/MOE-grad-conflict-routing/runs/paper_suite/single_gpu/single_task/roberta_sst2_ffn_e4_k2/hpo/baseline/trial_runs/coord_03_train_grad_clip_025/baseline_s2_curve.csv
