[run] method=baseline candidate=coord_03_train_grad_clip_007 seed=2 steps=150 gpu=0
[run] cmd=
/home/zhujjing/anaconda3/envs/moe/bin/python /home/zhujjing/MOE-grad-conflict-routing/scripts/run.py --config configs/singletask_sst2_real.yaml --set model.backbone_backend=hf --set model.hf_load_pretrained=true --set model.backbone=roberta --set model.hf_pretrained_name=roberta-base --set model.expert_type=ffn --set model.routing_mode=topk --set model.num_experts=4 --set model.top_k=2 --set seed=2 --set method.name=baseline_avg --set train.steps=150 --set train.eval_every_steps=50 --set train.grad_clip=0.6972133521 --set train.lr=3.842377498e-05 --set train.weight_decay=0.04458013788 --out /home/zhujjing/MOE-grad-conflict-routing/runs/paper_suite/single_gpu/single_task/roberta_sst2_ffn_e4_k2/hpo/baseline/trial_runs/coord_03_train_grad_clip_007/baseline_s2.json --curve_out /home/zhujjing/MOE-grad-conflict-routing/runs/paper_suite/single_gpu/single_task/roberta_sst2_ffn_e4_k2/hpo/baseline/trial_runs/coord_03_train_grad_clip_007/baseline_s2_curve.csv
Using the latest cached version of the dataset since glue couldn't be found on the Hugging Face Hub (offline mode is enabled).
Found the latest cached dataset configuration 'sst2' at /home/zhujjing/hf_cache/datasets/glue/sst2/0.0.0/bcdcba79d07bc864c1c254ccfcedcce55bcc9a8c (last modified on Thu Mar 19 15:01:41 2026).
/home/zhujjing/anaconda3/envs/moe/lib/python3.10/site-packages/transformers/utils/hub.py:124: FutureWarning: Using `TRANSFORMERS_CACHE` is deprecated and will be removed in v5 of Transformers. Use `HF_HOME` instead.
  warnings.warn(
Some weights of RobertaModel were not initialized from the model checkpoint at roberta-base and are newly initialized: ['roberta.pooler.dense.bias', 'roberta.pooler.dense.weight']
You should probably TRAIN this model on a down-stream task to be able to use it for predictions and inference.
[step 0001/150] method=baseline_avg loss=0.6886 train_acc=nan train_loss=nan val_acc=nan val_loss=nan best=-1.0000
[step 0010/150] method=baseline_avg loss=0.7089 train_acc=nan train_loss=nan val_acc=nan val_loss=nan best=-1.0000
[step 0020/150] method=baseline_avg loss=0.3511 train_acc=nan train_loss=nan val_acc=nan val_loss=nan best=-1.0000
[step 0030/150] method=baseline_avg loss=0.5153 train_acc=nan train_loss=nan val_acc=nan val_loss=nan best=-1.0000
[step 0040/150] method=baseline_avg loss=0.4925 train_acc=nan train_loss=nan val_acc=nan val_loss=nan best=-1.0000
[step 0050/150] method=baseline_avg loss=0.1813 train_acc=0.7868 train_loss=0.6920 val_acc=0.6915 val_loss=1.0231 router_H=0.3991 best=0.6915
           router_load=[0.00012192763097118586, 0.7115498781204224, 0.09436757862567902, 0.1939605176448822]
[step 0060/150] method=baseline_avg loss=0.6473 train_acc=0.7868 train_loss=0.6920 val_acc=0.6915 val_loss=1.0231 router_H=0.3991 best=0.6915
           router_load=[0.00012192763097118586, 0.7115498781204224, 0.09436757862567902, 0.1939605176448822]
[step 0070/150] method=baseline_avg loss=0.5908 train_acc=0.7868 train_loss=0.6920 val_acc=0.6915 val_loss=1.0231 router_H=0.3991 best=0.6915
           router_load=[0.00012192763097118586, 0.7115498781204224, 0.09436757862567902, 0.1939605176448822]
[step 0080/150] method=baseline_avg loss=0.5377 train_acc=0.7868 train_loss=0.6920 val_acc=0.6915 val_loss=1.0231 router_H=0.3991 best=0.6915
           router_load=[0.00012192763097118586, 0.7115498781204224, 0.09436757862567902, 0.1939605176448822]
[step 0090/150] method=baseline_avg loss=0.4579 train_acc=0.7868 train_loss=0.6920 val_acc=0.6915 val_loss=1.0231 router_H=0.3991 best=0.6915
           router_load=[0.00012192763097118586, 0.7115498781204224, 0.09436757862567902, 0.1939605176448822]
[step 0100/150] method=baseline_avg loss=0.4451 train_acc=0.6232 train_loss=0.4976 val_acc=0.6078 val_loss=0.5193 router_H=0.5875 best=0.6915
           router_load=[0.013678716495633125, 0.0, 0.41146332025527954, 0.5748578906059265]
[step 0110/150] method=baseline_avg loss=0.4758 train_acc=0.6232 train_loss=0.4976 val_acc=0.6078 val_loss=0.5193 router_H=0.5875 best=0.6915
           router_load=[0.013678716495633125, 0.0, 0.41146332025527954, 0.5748578906059265]
[step 0120/150] method=baseline_avg loss=0.4903 train_acc=0.6232 train_loss=0.4976 val_acc=0.6078 val_loss=0.5193 router_H=0.5875 best=0.6915
           router_load=[0.013678716495633125, 0.0, 0.41146332025527954, 0.5748578906059265]
[step 0130/150] method=baseline_avg loss=0.4740 train_acc=0.6232 train_loss=0.4976 val_acc=0.6078 val_loss=0.5193 router_H=0.5875 best=0.6915
           router_load=[0.013678716495633125, 0.0, 0.41146332025527954, 0.5748578906059265]
[step 0140/150] method=baseline_avg loss=0.5118 train_acc=0.6232 train_loss=0.4976 val_acc=0.6078 val_loss=0.5193 router_H=0.5875 best=0.6915
           router_load=[0.013678716495633125, 0.0, 0.41146332025527954, 0.5748578906059265]
[step 0150/150] method=baseline_avg loss=0.6061 train_acc=0.8225 train_loss=0.4510 val_acc=0.8326 val_loss=0.4409 router_H=0.6654 best=0.8326
           router_load=[0.014129787683486938, 0.3754631280899048, 0.21220293641090393, 0.3982042372226715]
saved summary -> /home/zhujjing/MOE-grad-conflict-routing/runs/paper_suite/single_gpu/single_task/roberta_sst2_ffn_e4_k2/hpo/baseline/trial_runs/coord_03_train_grad_clip_007/baseline_s2.json
saved curve -> /home/zhujjing/MOE-grad-conflict-routing/runs/paper_suite/single_gpu/single_task/roberta_sst2_ffn_e4_k2/hpo/baseline/trial_runs/coord_03_train_grad_clip_007/baseline_s2_curve.csv
