[run] method=ours candidate=coord_03_train_grad_clip_000 seed=2 steps=150 gpu=0
[run] cmd=
/home/zhujjing/anaconda3/envs/moe/bin/python /home/zhujjing/MOE-grad-conflict-routing/scripts/run.py --config configs/singletask_rte_real.yaml --set model.backbone_backend=hf --set model.hf_load_pretrained=true --set model.backbone=deberta --set model.hf_pretrained_name=microsoft/deberta-v3-base --set model.expert_type=lora --set model.routing_mode=topk --set model.num_experts=4 --set model.top_k=2 --set seed=2 --set method.name=ours --set train.steps=150 --set train.eval_every_steps=50 --set method.ours.use_load_norm=true --set method.ours.lambda_align=0.001 --set train.grad_clip=1.516011677 --set train.lr=4.233346635e-05 --set train.weight_decay=0.04322128284 --out /home/zhujjing/MOE-grad-conflict-routing/runs/paper_suite/single_gpu/single_task/deberta_rte_lora_e4_k2/hpo/ours/trial_runs/coord_03_train_grad_clip_000/ours_s2.json --curve_out /home/zhujjing/MOE-grad-conflict-routing/runs/paper_suite/single_gpu/single_task/deberta_rte_lora_e4_k2/hpo/ours/trial_runs/coord_03_train_grad_clip_000/ours_s2_curve.csv
Using the latest cached version of the dataset since glue couldn't be found on the Hugging Face Hub (offline mode is enabled).
Found the latest cached dataset configuration 'rte' at /home/zhujjing/hf_cache/datasets/glue/rte/0.0.0/bcdcba79d07bc864c1c254ccfcedcce55bcc9a8c (last modified on Thu Mar 19 15:00:36 2026).
/home/zhujjing/anaconda3/envs/moe/lib/python3.10/site-packages/transformers/utils/hub.py:124: FutureWarning: Using `TRANSFORMERS_CACHE` is deprecated and will be removed in v5 of Transformers. Use `HF_HOME` instead.
  warnings.warn(
/home/zhujjing/anaconda3/envs/moe/lib/python3.10/site-packages/transformers/convert_slow_tokenizer.py:560: UserWarning: The sentencepiece tokenizer that you are converting to a fast tokenizer uses the byte fallback option which is not implemented in the fast tokenizers. In practice this means that the fast version of the tokenizer can produce unknown tokens whereas the sentencepiece version would have converted these unknown tokens into a sequence of byte tokens matching the original piece of text.
  warnings.warn(
[step 0001/150] method=ours loss=0.6628 train_acc=nan train_loss=nan val_acc=nan val_loss=nan best=-1.0000
[step 0010/150] method=ours loss=0.7412 train_acc=nan train_loss=nan val_acc=nan val_loss=nan best=-1.0000
[step 0020/150] method=ours loss=0.5638 train_acc=nan train_loss=nan val_acc=nan val_loss=nan best=-1.0000
[step 0030/150] method=ours loss=0.5947 train_acc=nan train_loss=nan val_acc=nan val_loss=nan best=-1.0000
[step 0040/150] method=ours loss=0.6626 train_acc=nan train_loss=nan val_acc=nan val_loss=nan best=-1.0000
[step 0050/150] method=ours loss=0.7308 train_acc=0.7863 train_loss=0.4735 val_acc=0.7401 val_loss=0.5493 router_H=0.5490 best=0.7401
           router_load=[0.24978849291801453, 0.0006442423327825963, 0.0, 0.7495672702789307]
[step 0060/150] method=ours loss=0.5028 train_acc=0.7863 train_loss=0.4735 val_acc=0.7401 val_loss=0.5493 router_H=0.5490 best=0.7401
           router_load=[0.24978849291801453, 0.0006442423327825963, 0.0, 0.7495672702789307]
[step 0070/150] method=ours loss=0.6865 train_acc=0.7863 train_loss=0.4735 val_acc=0.7401 val_loss=0.5493 router_H=0.5490 best=0.7401
           router_load=[0.24978849291801453, 0.0006442423327825963, 0.0, 0.7495672702789307]
[step 0080/150] method=ours loss=0.6085 train_acc=0.7863 train_loss=0.4735 val_acc=0.7401 val_loss=0.5493 router_H=0.5490 best=0.7401
           router_load=[0.24978849291801453, 0.0006442423327825963, 0.0, 0.7495672702789307]
[step 0090/150] method=ours loss=0.4170 train_acc=0.7863 train_loss=0.4735 val_acc=0.7401 val_loss=0.5493 router_H=0.5490 best=0.7401
           router_load=[0.24978849291801453, 0.0006442423327825963, 0.0, 0.7495672702789307]
[step 0100/150] method=ours loss=0.5701 train_acc=0.8269 train_loss=0.4207 val_acc=0.7292 val_loss=0.5268 router_H=0.5884 best=0.7401
           router_load=[0.2970401644706726, 0.0, 0.0, 0.7029598355293274]
[step 0110/150] method=ours loss=0.5053 train_acc=0.8269 train_loss=0.4207 val_acc=0.7292 val_loss=0.5268 router_H=0.5884 best=0.7401
           router_load=[0.2970401644706726, 0.0, 0.0, 0.7029598355293274]
[step 0120/150] method=ours loss=0.3991 train_acc=0.8269 train_loss=0.4207 val_acc=0.7292 val_loss=0.5268 router_H=0.5884 best=0.7401
           router_load=[0.2970401644706726, 0.0, 0.0, 0.7029598355293274]
[step 0130/150] method=ours loss=0.5339 train_acc=0.8269 train_loss=0.4207 val_acc=0.7292 val_loss=0.5268 router_H=0.5884 best=0.7401
           router_load=[0.2970401644706726, 0.0, 0.0, 0.7029598355293274]
[step 0140/150] method=ours loss=0.7478 train_acc=0.8269 train_loss=0.4207 val_acc=0.7292 val_loss=0.5268 router_H=0.5884 best=0.7401
           router_load=[0.2970401644706726, 0.0, 0.0, 0.7029598355293274]
[step 0150/150] method=ours loss=0.5771 train_acc=0.9309 train_loss=0.2148 val_acc=0.8231 val_loss=0.4039 router_H=0.6030 best=0.8231
           router_load=[0.30638962984085083, 0.018824458122253418, 0.0, 0.674785852432251]
saved summary -> /home/zhujjing/MOE-grad-conflict-routing/runs/paper_suite/single_gpu/single_task/deberta_rte_lora_e4_k2/hpo/ours/trial_runs/coord_03_train_grad_clip_000/ours_s2.json
saved curve -> /home/zhujjing/MOE-grad-conflict-routing/runs/paper_suite/single_gpu/single_task/deberta_rte_lora_e4_k2/hpo/ours/trial_runs/coord_03_train_grad_clip_000/ours_s2_curve.csv
