[run] method=cagrad candidate=local_var_topk_026 seed=3 steps=150 gpu=0
[run] cmd=
/home/zhujjing/anaconda3/envs/moe/bin/python /home/zhujjing/MOE-grad-conflict-routing/scripts/run.py --config configs/singletask_rte_real.yaml --set model.backbone_backend=hf --set model.hf_load_pretrained=true --set model.backbone=deberta --set model.hf_pretrained_name=microsoft/deberta-v3-base --set model.expert_type=lora --set model.routing_mode=topk --set model.num_experts=4 --set model.top_k=2 --set seed=3 --set method.name=baseline_cagrad --set train.steps=150 --set train.eval_every_steps=50 --set method.baseline_cagrad.c=0.1187523056 --set method.baseline_cagrad.inner_lr=0.5 --set train.grad_clip=1.761572159 --set train.lr=8.9205725e-05 --set train.weight_decay=0.03536478282 --out /home/zhujjing/MOE-grad-conflict-routing/runs/paper_suite/single_gpu/single_task/deberta_rte_lora_e4_k2/hpo/cagrad/trial_runs/local_var_topk_026/cagrad_s3.json --curve_out /home/zhujjing/MOE-grad-conflict-routing/runs/paper_suite/single_gpu/single_task/deberta_rte_lora_e4_k2/hpo/cagrad/trial_runs/local_var_topk_026/cagrad_s3_curve.csv
Using the latest cached version of the dataset since glue couldn't be found on the Hugging Face Hub (offline mode is enabled).
Found the latest cached dataset configuration 'rte' at /home/zhujjing/hf_cache/datasets/glue/rte/0.0.0/bcdcba79d07bc864c1c254ccfcedcce55bcc9a8c (last modified on Thu Mar 19 15:00:36 2026).
/home/zhujjing/anaconda3/envs/moe/lib/python3.10/site-packages/transformers/utils/hub.py:124: FutureWarning: Using `TRANSFORMERS_CACHE` is deprecated and will be removed in v5 of Transformers. Use `HF_HOME` instead.
  warnings.warn(
/home/zhujjing/anaconda3/envs/moe/lib/python3.10/site-packages/transformers/convert_slow_tokenizer.py:560: UserWarning: The sentencepiece tokenizer that you are converting to a fast tokenizer uses the byte fallback option which is not implemented in the fast tokenizers. In practice this means that the fast version of the tokenizer can produce unknown tokens whereas the sentencepiece version would have converted these unknown tokens into a sequence of byte tokens matching the original piece of text.
  warnings.warn(
[step 0001/150] method=baseline_cagrad loss=0.8598 train_acc=nan train_loss=nan val_acc=nan val_loss=nan best=-1.0000
[step 0010/150] method=baseline_cagrad loss=1.1356 train_acc=nan train_loss=nan val_acc=nan val_loss=nan best=-1.0000
[step 0020/150] method=baseline_cagrad loss=0.6232 train_acc=nan train_loss=nan val_acc=nan val_loss=nan best=-1.0000
[step 0030/150] method=baseline_cagrad loss=0.7528 train_acc=nan train_loss=nan val_acc=nan val_loss=nan best=-1.0000
[step 0040/150] method=baseline_cagrad loss=0.8772 train_acc=nan train_loss=nan val_acc=nan val_loss=nan best=-1.0000
[step 0050/150] method=baseline_cagrad loss=0.6245 train_acc=0.6357 train_loss=0.6363 val_acc=0.5848 val_loss=0.6625 router_H=0.6299 best=0.5848
           router_load=[0.05219779163599014, 0.22627796232700348, 0.6661717891693115, 0.055352434515953064]
[step 0060/150] method=baseline_cagrad loss=0.7755 train_acc=0.6357 train_loss=0.6363 val_acc=0.5848 val_loss=0.6625 router_H=0.6299 best=0.5848
           router_load=[0.05219779163599014, 0.22627796232700348, 0.6661717891693115, 0.055352434515953064]
[step 0070/150] method=baseline_cagrad loss=0.7395 train_acc=0.6357 train_loss=0.6363 val_acc=0.5848 val_loss=0.6625 router_H=0.6299 best=0.5848
           router_load=[0.05219779163599014, 0.22627796232700348, 0.6661717891693115, 0.055352434515953064]
[step 0080/150] method=baseline_cagrad loss=0.7140 train_acc=0.6357 train_loss=0.6363 val_acc=0.5848 val_loss=0.6625 router_H=0.6299 best=0.5848
           router_load=[0.05219779163599014, 0.22627796232700348, 0.6661717891693115, 0.055352434515953064]
[step 0090/150] method=baseline_cagrad loss=0.6106 train_acc=0.6357 train_loss=0.6363 val_acc=0.5848 val_loss=0.6625 router_H=0.6299 best=0.5848
           router_load=[0.05219779163599014, 0.22627796232700348, 0.6661717891693115, 0.055352434515953064]
[step 0100/150] method=baseline_cagrad loss=0.6055 train_acc=0.7522 train_loss=0.5428 val_acc=0.6462 val_loss=0.6090 router_H=0.5893 best=0.6462
           router_load=[0.13570541143417358, 0.0953429564833641, 0.7204760909080505, 0.04847564548254013]
[step 0110/150] method=baseline_cagrad loss=0.5071 train_acc=0.7522 train_loss=0.5428 val_acc=0.6462 val_loss=0.6090 router_H=0.5893 best=0.6462
           router_load=[0.13570541143417358, 0.0953429564833641, 0.7204760909080505, 0.04847564548254013]
[step 0120/150] method=baseline_cagrad loss=0.9104 train_acc=0.7522 train_loss=0.5428 val_acc=0.6462 val_loss=0.6090 router_H=0.5893 best=0.6462
           router_load=[0.13570541143417358, 0.0953429564833641, 0.7204760909080505, 0.04847564548254013]
[step 0130/150] method=baseline_cagrad loss=0.7037 train_acc=0.7522 train_loss=0.5428 val_acc=0.6462 val_loss=0.6090 router_H=0.5893 best=0.6462
           router_load=[0.13570541143417358, 0.0953429564833641, 0.7204760909080505, 0.04847564548254013]
[step 0140/150] method=baseline_cagrad loss=0.5390 train_acc=0.7522 train_loss=0.5428 val_acc=0.6462 val_loss=0.6090 router_H=0.5893 best=0.6462
           router_load=[0.13570541143417358, 0.0953429564833641, 0.7204760909080505, 0.04847564548254013]
[step 0150/150] method=baseline_cagrad loss=0.4654 train_acc=0.8241 train_loss=0.3904 val_acc=0.7617 val_loss=0.5132 router_H=0.6545 best=0.7617
           router_load=[0.41220206022262573, 0.0, 0.527484118938446, 0.06031382828950882]
saved summary -> /home/zhujjing/MOE-grad-conflict-routing/runs/paper_suite/single_gpu/single_task/deberta_rte_lora_e4_k2/hpo/cagrad/trial_runs/local_var_topk_026/cagrad_s3.json
saved curve -> /home/zhujjing/MOE-grad-conflict-routing/runs/paper_suite/single_gpu/single_task/deberta_rte_lora_e4_k2/hpo/cagrad/trial_runs/local_var_topk_026/cagrad_s3_curve.csv
