[run] method=baseline candidate=coord_02_train_weight_decay_028 seed=2 steps=150 gpu=0
[run] cmd=
/home/zhujjing/anaconda3/envs/moe/bin/python /home/zhujjing/MOE-grad-conflict-routing/scripts/run.py --config configs/singletask_sst2_real.yaml --set model.backbone_backend=hf --set model.hf_load_pretrained=true --set model.backbone=deberta --set model.hf_pretrained_name=microsoft/deberta-v3-base --set model.expert_type=lora --set model.routing_mode=topk --set model.num_experts=4 --set model.top_k=2 --set seed=2 --set method.name=baseline_avg --set train.steps=150 --set train.eval_every_steps=50 --set train.grad_clip=1 --set train.lr=4.073235309e-05 --set train.weight_decay=0.002392015778 --out /home/zhujjing/MOE-grad-conflict-routing/runs/paper_suite/single_gpu/single_task/deberta_sst2_lora_e4_k2/hpo/baseline/trial_runs/coord_02_train_weight_decay_028/baseline_s2.json --curve_out /home/zhujjing/MOE-grad-conflict-routing/runs/paper_suite/single_gpu/single_task/deberta_sst2_lora_e4_k2/hpo/baseline/trial_runs/coord_02_train_weight_decay_028/baseline_s2_curve.csv
Using the latest cached version of the dataset since glue couldn't be found on the Hugging Face Hub (offline mode is enabled).
Found the latest cached dataset configuration 'sst2' at /home/zhujjing/hf_cache/datasets/glue/sst2/0.0.0/bcdcba79d07bc864c1c254ccfcedcce55bcc9a8c (last modified on Thu Mar 19 15:01:41 2026).
/home/zhujjing/anaconda3/envs/moe/lib/python3.10/site-packages/transformers/utils/hub.py:124: FutureWarning: Using `TRANSFORMERS_CACHE` is deprecated and will be removed in v5 of Transformers. Use `HF_HOME` instead.
  warnings.warn(
/home/zhujjing/anaconda3/envs/moe/lib/python3.10/site-packages/transformers/convert_slow_tokenizer.py:560: UserWarning: The sentencepiece tokenizer that you are converting to a fast tokenizer uses the byte fallback option which is not implemented in the fast tokenizers. In practice this means that the fast version of the tokenizer can produce unknown tokens whereas the sentencepiece version would have converted these unknown tokens into a sequence of byte tokens matching the original piece of text.
  warnings.warn(
[step 0001/150] method=baseline_avg loss=0.6703 train_acc=nan train_loss=nan val_acc=nan val_loss=nan best=-1.0000
[step 0010/150] method=baseline_avg loss=0.5909 train_acc=nan train_loss=nan val_acc=nan val_loss=nan best=-1.0000
[step 0020/150] method=baseline_avg loss=0.2154 train_acc=nan train_loss=nan val_acc=nan val_loss=nan best=-1.0000
[step 0030/150] method=baseline_avg loss=0.2592 train_acc=nan train_loss=nan val_acc=nan val_loss=nan best=-1.0000
[step 0040/150] method=baseline_avg loss=0.0505 train_acc=nan train_loss=nan val_acc=nan val_loss=nan best=-1.0000
[step 0050/150] method=baseline_avg loss=0.0638 train_acc=0.8011 train_loss=0.7046 val_acc=0.6445 val_loss=1.3942 router_H=0.6860 best=0.6445
           router_load=[0.4506966471672058, 0.4264526069164276, 0.026339394971728325, 0.09651122242212296]
[step 0060/150] method=baseline_avg loss=0.0843 train_acc=0.8011 train_loss=0.7046 val_acc=0.6445 val_loss=1.3942 router_H=0.6860 best=0.6445
           router_load=[0.4506966471672058, 0.4264526069164276, 0.026339394971728325, 0.09651122242212296]
[step 0070/150] method=baseline_avg loss=0.5887 train_acc=0.8011 train_loss=0.7046 val_acc=0.6445 val_loss=1.3942 router_H=0.6860 best=0.6445
           router_load=[0.4506966471672058, 0.4264526069164276, 0.026339394971728325, 0.09651122242212296]
[step 0080/150] method=baseline_avg loss=0.5206 train_acc=0.8011 train_loss=0.7046 val_acc=0.6445 val_loss=1.3942 router_H=0.6860 best=0.6445
           router_load=[0.4506966471672058, 0.4264526069164276, 0.026339394971728325, 0.09651122242212296]
[step 0090/150] method=baseline_avg loss=0.3889 train_acc=0.8011 train_loss=0.7046 val_acc=0.6445 val_loss=1.3942 router_H=0.6860 best=0.6445
           router_load=[0.4506966471672058, 0.4264526069164276, 0.026339394971728325, 0.09651122242212296]
[step 0100/150] method=baseline_avg loss=0.1624 train_acc=0.9088 train_loss=0.2536 val_acc=0.9060 val_loss=0.2601 router_H=0.6849 best=0.9060
           router_load=[0.3308824896812439, 0.4333767592906952, 0.017727892845869064, 0.21801264584064484]
[step 0110/150] method=baseline_avg loss=0.2449 train_acc=0.9088 train_loss=0.2536 val_acc=0.9060 val_loss=0.2601 router_H=0.6849 best=0.9060
           router_load=[0.3308824896812439, 0.4333767592906952, 0.017727892845869064, 0.21801264584064484]
[step 0120/150] method=baseline_avg loss=0.0803 train_acc=0.9088 train_loss=0.2536 val_acc=0.9060 val_loss=0.2601 router_H=0.6849 best=0.9060
           router_load=[0.3308824896812439, 0.4333767592906952, 0.017727892845869064, 0.21801264584064484]
[step 0130/150] method=baseline_avg loss=0.3408 train_acc=0.9088 train_loss=0.2536 val_acc=0.9060 val_loss=0.2601 router_H=0.6849 best=0.9060
           router_load=[0.3308824896812439, 0.4333767592906952, 0.017727892845869064, 0.21801264584064484]
[step 0140/150] method=baseline_avg loss=0.2675 train_acc=0.9088 train_loss=0.2536 val_acc=0.9060 val_loss=0.2601 router_H=0.6849 best=0.9060
           router_load=[0.3308824896812439, 0.4333767592906952, 0.017727892845869064, 0.21801264584064484]
[step 0150/150] method=baseline_avg loss=0.3845 train_acc=0.9262 train_loss=0.2001 val_acc=0.9369 val_loss=0.2001 router_H=0.6793 best=0.9369
           router_load=[0.3976466655731201, 0.4009954333305359, 0.03644520044326782, 0.16491274535655975]
saved summary -> /home/zhujjing/MOE-grad-conflict-routing/runs/paper_suite/single_gpu/single_task/deberta_sst2_lora_e4_k2/hpo/baseline/trial_runs/coord_02_train_weight_decay_028/baseline_s2.json
saved curve -> /home/zhujjing/MOE-grad-conflict-routing/runs/paper_suite/single_gpu/single_task/deberta_sst2_lora_e4_k2/hpo/baseline/trial_runs/coord_02_train_weight_decay_028/baseline_s2_curve.csv
