[run] method=baseline candidate=coord_02_train_weight_decay_027 seed=2 steps=150 gpu=0
[run] cmd=
/home/zhujjing/anaconda3/envs/moe/bin/python /home/zhujjing/MOE-grad-conflict-routing/scripts/run.py --config configs/singletask_sst2_real.yaml --set model.backbone_backend=hf --set model.hf_load_pretrained=true --set model.backbone=deberta --set model.hf_pretrained_name=microsoft/deberta-v3-base --set model.expert_type=lora --set model.routing_mode=topk --set model.num_experts=4 --set model.top_k=2 --set seed=2 --set method.name=baseline_avg --set train.steps=150 --set train.eval_every_steps=50 --set train.grad_clip=1 --set train.lr=4.073235309e-05 --set train.weight_decay=0.04621390262 --out /home/zhujjing/MOE-grad-conflict-routing/runs/paper_suite/single_gpu/single_task/deberta_sst2_lora_e4_k2/hpo/baseline/trial_runs/coord_02_train_weight_decay_027/baseline_s2.json --curve_out /home/zhujjing/MOE-grad-conflict-routing/runs/paper_suite/single_gpu/single_task/deberta_sst2_lora_e4_k2/hpo/baseline/trial_runs/coord_02_train_weight_decay_027/baseline_s2_curve.csv
Using the latest cached version of the dataset since glue couldn't be found on the Hugging Face Hub (offline mode is enabled).
Found the latest cached dataset configuration 'sst2' at /home/zhujjing/hf_cache/datasets/glue/sst2/0.0.0/bcdcba79d07bc864c1c254ccfcedcce55bcc9a8c (last modified on Thu Mar 19 15:01:41 2026).
/home/zhujjing/anaconda3/envs/moe/lib/python3.10/site-packages/transformers/utils/hub.py:124: FutureWarning: Using `TRANSFORMERS_CACHE` is deprecated and will be removed in v5 of Transformers. Use `HF_HOME` instead.
  warnings.warn(
/home/zhujjing/anaconda3/envs/moe/lib/python3.10/site-packages/transformers/convert_slow_tokenizer.py:560: UserWarning: The sentencepiece tokenizer that you are converting to a fast tokenizer uses the byte fallback option which is not implemented in the fast tokenizers. In practice this means that the fast version of the tokenizer can produce unknown tokens whereas the sentencepiece version would have converted these unknown tokens into a sequence of byte tokens matching the original piece of text.
  warnings.warn(
[step 0001/150] method=baseline_avg loss=0.8038 train_acc=nan train_loss=nan val_acc=nan val_loss=nan best=-1.0000
[step 0010/150] method=baseline_avg loss=0.6068 train_acc=nan train_loss=nan val_acc=nan val_loss=nan best=-1.0000
[step 0020/150] method=baseline_avg loss=0.1423 train_acc=nan train_loss=nan val_acc=nan val_loss=nan best=-1.0000
[step 0030/150] method=baseline_avg loss=0.4019 train_acc=nan train_loss=nan val_acc=nan val_loss=nan best=-1.0000
[step 0040/150] method=baseline_avg loss=0.0705 train_acc=nan train_loss=nan val_acc=nan val_loss=nan best=-1.0000
[step 0050/150] method=baseline_avg loss=0.1290 train_acc=0.8105 train_loss=0.6291 val_acc=0.6525 val_loss=1.2194 router_H=0.6798 best=0.6525
           router_load=[0.0017044750275090337, 0.3925971984863281, 0.47825607657432556, 0.12744218111038208]
[step 0060/150] method=baseline_avg loss=0.2026 train_acc=0.8105 train_loss=0.6291 val_acc=0.6525 val_loss=1.2194 router_H=0.6798 best=0.6525
           router_load=[0.0017044750275090337, 0.3925971984863281, 0.47825607657432556, 0.12744218111038208]
[step 0070/150] method=baseline_avg loss=0.5518 train_acc=0.8105 train_loss=0.6291 val_acc=0.6525 val_loss=1.2194 router_H=0.6798 best=0.6525
           router_load=[0.0017044750275090337, 0.3925971984863281, 0.47825607657432556, 0.12744218111038208]
[step 0080/150] method=baseline_avg loss=0.3475 train_acc=0.8105 train_loss=0.6291 val_acc=0.6525 val_loss=1.2194 router_H=0.6798 best=0.6525
           router_load=[0.0017044750275090337, 0.3925971984863281, 0.47825607657432556, 0.12744218111038208]
[step 0090/150] method=baseline_avg loss=0.3886 train_acc=0.8105 train_loss=0.6291 val_acc=0.6525 val_loss=1.2194 router_H=0.6798 best=0.6525
           router_load=[0.0017044750275090337, 0.3925971984863281, 0.47825607657432556, 0.12744218111038208]
[step 0100/150] method=baseline_avg loss=0.1792 train_acc=0.9067 train_loss=0.3154 val_acc=0.9140 val_loss=0.3122 router_H=0.6531 best=0.9140
           router_load=[0.002106244210153818, 0.2826077342033386, 0.42075011134147644, 0.29453593492507935]
[step 0110/150] method=baseline_avg loss=0.2459 train_acc=0.9067 train_loss=0.3154 val_acc=0.9140 val_loss=0.3122 router_H=0.6531 best=0.9140
           router_load=[0.002106244210153818, 0.2826077342033386, 0.42075011134147644, 0.29453593492507935]
[step 0120/150] method=baseline_avg loss=0.1345 train_acc=0.9067 train_loss=0.3154 val_acc=0.9140 val_loss=0.3122 router_H=0.6531 best=0.9140
           router_load=[0.002106244210153818, 0.2826077342033386, 0.42075011134147644, 0.29453593492507935]
[step 0130/150] method=baseline_avg loss=0.2627 train_acc=0.9067 train_loss=0.3154 val_acc=0.9140 val_loss=0.3122 router_H=0.6531 best=0.9140
           router_load=[0.002106244210153818, 0.2826077342033386, 0.42075011134147644, 0.29453593492507935]
[step 0140/150] method=baseline_avg loss=0.4066 train_acc=0.9067 train_loss=0.3154 val_acc=0.9140 val_loss=0.3122 router_H=0.6531 best=0.9140
           router_load=[0.002106244210153818, 0.2826077342033386, 0.42075011134147644, 0.29453593492507935]
[step 0150/150] method=baseline_avg loss=0.4972 train_acc=0.9018 train_loss=0.2813 val_acc=0.9014 val_loss=0.3002 router_H=0.6354 best=0.9140
           router_load=[0.004334447905421257, 0.16287429630756378, 0.5666311979293823, 0.26616010069847107]
saved summary -> /home/zhujjing/MOE-grad-conflict-routing/runs/paper_suite/single_gpu/single_task/deberta_sst2_lora_e4_k2/hpo/baseline/trial_runs/coord_02_train_weight_decay_027/baseline_s2.json
saved curve -> /home/zhujjing/MOE-grad-conflict-routing/runs/paper_suite/single_gpu/single_task/deberta_sst2_lora_e4_k2/hpo/baseline/trial_runs/coord_02_train_weight_decay_027/baseline_s2_curve.csv
