[run] method=baseline candidate=coord_02_train_weight_decay_008 seed=3 steps=150 gpu=0
[run] cmd=
/home/zhujjing/anaconda3/envs/moe/bin/python /home/zhujjing/MOE-grad-conflict-routing/scripts/run.py --config configs/singletask_sst2_real.yaml --set model.backbone_backend=hf --set model.hf_load_pretrained=true --set model.backbone=deberta --set model.hf_pretrained_name=microsoft/deberta-v3-base --set model.expert_type=lora --set model.routing_mode=topk --set model.num_experts=4 --set model.top_k=2 --set seed=3 --set method.name=baseline_avg --set train.steps=150 --set train.eval_every_steps=50 --set train.grad_clip=1 --set train.lr=4.073235309e-05 --set train.weight_decay=0.01543368426 --out /home/zhujjing/MOE-grad-conflict-routing/runs/paper_suite/single_gpu/single_task/deberta_sst2_lora_e4_k2/hpo/baseline/trial_runs/coord_02_train_weight_decay_008/baseline_s3.json --curve_out /home/zhujjing/MOE-grad-conflict-routing/runs/paper_suite/single_gpu/single_task/deberta_sst2_lora_e4_k2/hpo/baseline/trial_runs/coord_02_train_weight_decay_008/baseline_s3_curve.csv
Using the latest cached version of the dataset since glue couldn't be found on the Hugging Face Hub (offline mode is enabled).
Found the latest cached dataset configuration 'sst2' at /home/zhujjing/hf_cache/datasets/glue/sst2/0.0.0/bcdcba79d07bc864c1c254ccfcedcce55bcc9a8c (last modified on Thu Mar 19 15:01:41 2026).
/home/zhujjing/anaconda3/envs/moe/lib/python3.10/site-packages/transformers/utils/hub.py:124: FutureWarning: Using `TRANSFORMERS_CACHE` is deprecated and will be removed in v5 of Transformers. Use `HF_HOME` instead.
  warnings.warn(
/home/zhujjing/anaconda3/envs/moe/lib/python3.10/site-packages/transformers/convert_slow_tokenizer.py:560: UserWarning: The sentencepiece tokenizer that you are converting to a fast tokenizer uses the byte fallback option which is not implemented in the fast tokenizers. In practice this means that the fast version of the tokenizer can produce unknown tokens whereas the sentencepiece version would have converted these unknown tokens into a sequence of byte tokens matching the original piece of text.
  warnings.warn(
[step 0001/150] method=baseline_avg loss=0.7251 train_acc=nan train_loss=nan val_acc=nan val_loss=nan best=-1.0000
[step 0010/150] method=baseline_avg loss=0.7298 train_acc=nan train_loss=nan val_acc=nan val_loss=nan best=-1.0000
[step 0020/150] method=baseline_avg loss=0.3728 train_acc=nan train_loss=nan val_acc=nan val_loss=nan best=-1.0000
[step 0030/150] method=baseline_avg loss=0.5194 train_acc=nan train_loss=nan val_acc=nan val_loss=nan best=-1.0000
[step 0040/150] method=baseline_avg loss=0.2625 train_acc=nan train_loss=nan val_acc=nan val_loss=nan best=-1.0000
[step 0050/150] method=baseline_avg loss=0.6428 train_acc=0.9019 train_loss=0.2740 val_acc=0.8658 val_loss=0.3321 router_H=0.6390 best=0.8658
           router_load=[0.0, 0.2555536925792694, 0.09717333316802979, 0.6472728848457336]
[step 0060/150] method=baseline_avg loss=0.5255 train_acc=0.9019 train_loss=0.2740 val_acc=0.8658 val_loss=0.3321 router_H=0.6390 best=0.8658
           router_load=[0.0, 0.2555536925792694, 0.09717333316802979, 0.6472728848457336]
[step 0070/150] method=baseline_avg loss=0.1166 train_acc=0.9019 train_loss=0.2740 val_acc=0.8658 val_loss=0.3321 router_H=0.6390 best=0.8658
           router_load=[0.0, 0.2555536925792694, 0.09717333316802979, 0.6472728848457336]
[step 0080/150] method=baseline_avg loss=0.1087 train_acc=0.9019 train_loss=0.2740 val_acc=0.8658 val_loss=0.3321 router_H=0.6390 best=0.8658
           router_load=[0.0, 0.2555536925792694, 0.09717333316802979, 0.6472728848457336]
[step 0090/150] method=baseline_avg loss=0.2248 train_acc=0.9019 train_loss=0.2740 val_acc=0.8658 val_loss=0.3321 router_H=0.6390 best=0.8658
           router_load=[0.0, 0.2555536925792694, 0.09717333316802979, 0.6472728848457336]
[step 0100/150] method=baseline_avg loss=0.3896 train_acc=0.8651 train_loss=0.3245 val_acc=0.8693 val_loss=0.3022 router_H=0.6637 best=0.8693
           router_load=[0.0, 0.2764141261577606, 0.12510207295417786, 0.5984837412834167]
[step 0110/150] method=baseline_avg loss=0.4207 train_acc=0.8651 train_loss=0.3245 val_acc=0.8693 val_loss=0.3022 router_H=0.6637 best=0.8693
           router_load=[0.0, 0.2764141261577606, 0.12510207295417786, 0.5984837412834167]
[step 0120/150] method=baseline_avg loss=0.3929 train_acc=0.8651 train_loss=0.3245 val_acc=0.8693 val_loss=0.3022 router_H=0.6637 best=0.8693
           router_load=[0.0, 0.2764141261577606, 0.12510207295417786, 0.5984837412834167]
[step 0130/150] method=baseline_avg loss=0.1219 train_acc=0.8651 train_loss=0.3245 val_acc=0.8693 val_loss=0.3022 router_H=0.6637 best=0.8693
           router_load=[0.0, 0.2764141261577606, 0.12510207295417786, 0.5984837412834167]
[step 0140/150] method=baseline_avg loss=0.1612 train_acc=0.8651 train_loss=0.3245 val_acc=0.8693 val_loss=0.3022 router_H=0.6637 best=0.8693
           router_load=[0.0, 0.2764141261577606, 0.12510207295417786, 0.5984837412834167]
[step 0150/150] method=baseline_avg loss=0.1436 train_acc=0.9095 train_loss=0.2577 val_acc=0.9071 val_loss=0.2711 router_H=0.6817 best=0.9071
           router_load=[0.0, 0.29306626319885254, 0.18014393746852875, 0.5267899036407471]
saved summary -> /home/zhujjing/MOE-grad-conflict-routing/runs/paper_suite/single_gpu/single_task/deberta_sst2_lora_e4_k2/hpo/baseline/trial_runs/coord_02_train_weight_decay_008/baseline_s3.json
saved curve -> /home/zhujjing/MOE-grad-conflict-routing/runs/paper_suite/single_gpu/single_task/deberta_sst2_lora_e4_k2/hpo/baseline/trial_runs/coord_02_train_weight_decay_008/baseline_s3_curve.csv
