[run] method=baseline candidate=coord_01_anchor seed=3 steps=200 gpu=0
[run] cmd=
/root/miniconda3/envs/optimization/bin/python /root/Optimization/MOE-grad-conflict-routing/scripts/run.py --config configs/singletask_cola_real.yaml --set train.eval_train_fraction=0.1 --set model.backbone_backend=hf --set model.hf_load_pretrained=true --set model.hf_local_files_only=true --set model.backbone=roberta --set model.hf_pretrained_name=roberta-base --set model.expert_type=lora --set model.routing_mode=topk --set model.num_experts=4 --set model.top_k=2 --set seed=3 --set method.name=baseline_avg --set train.steps=200 --set train.eval_every_steps=100 --set train.grad_clip=1 --set train.lr=2e-05 --set train.weight_decay=0.01 --out /root/Optimization/MOE-grad-conflict-routing/runs/paper_suite_supplement/single_task_add_rerun/single_task/roberta_cola_lora_e4_k2/hpo/baseline/trial_runs/coord_01_anchor/baseline_s3.json --curve_out /root/Optimization/MOE-grad-conflict-routing/runs/paper_suite_supplement/single_task_add_rerun/single_task/roberta_cola_lora_e4_k2/hpo/baseline/trial_runs/coord_01_anchor/baseline_s3_curve.csv
Using the latest cached version of the dataset since glue couldn't be found on the Hugging Face Hub (offline mode is enabled).
Found the latest cached dataset configuration 'cola' at /root/.cache/huggingface/datasets/glue/cola/0.0.0/bcdcba79d07bc864c1c254ccfcedcce55bcc9a8c (last modified on Mon Mar 23 09:28:48 2026).
Loading weights:   0%|          | 0/197 [00:00<?, ?it/s]Loading weights: 100%|██████████| 197/197 [00:00<00:00, 21425.59it/s]
[1mRobertaModel LOAD REPORT[0m from: roberta-base
Key                             | Status     | 
--------------------------------+------------+-
lm_head.layer_norm.bias         | UNEXPECTED | 
lm_head.bias                    | UNEXPECTED | 
lm_head.dense.bias              | UNEXPECTED | 
lm_head.dense.weight            | UNEXPECTED | 
roberta.embeddings.position_ids | UNEXPECTED | 
lm_head.layer_norm.weight       | UNEXPECTED | 
pooler.dense.bias               | MISSING    | 
pooler.dense.weight             | MISSING    | 

[3mNotes:
- UNEXPECTED[3m	:can be ignored when loading from different task/architecture; not ok if you expect identical arch.
- MISSING[3m	:those params were newly initialized because missing from the checkpoint. Consider training on your downstream task.[0m
[step 0001/200] method=baseline_avg loss=0.7819 train_acc=nan train_loss=nan val_acc=nan val_loss=nan best=-1.0000
[step 0010/200] method=baseline_avg loss=0.3986 train_acc=nan train_loss=nan val_acc=nan val_loss=nan best=-1.0000
[step 0020/200] method=baseline_avg loss=0.7854 train_acc=nan train_loss=nan val_acc=nan val_loss=nan best=-1.0000
[step 0030/200] method=baseline_avg loss=0.6488 train_acc=nan train_loss=nan val_acc=nan val_loss=nan best=-1.0000
[step 0040/200] method=baseline_avg loss=0.8187 train_acc=nan train_loss=nan val_acc=nan val_loss=nan best=-1.0000
[step 0050/200] method=baseline_avg loss=0.6744 train_acc=nan train_loss=nan val_acc=nan val_loss=nan best=-1.0000
[step 0060/200] method=baseline_avg loss=0.5521 train_acc=nan train_loss=nan val_acc=nan val_loss=nan best=-1.0000
[step 0070/200] method=baseline_avg loss=0.6004 train_acc=nan train_loss=nan val_acc=nan val_loss=nan best=-1.0000
[step 0080/200] method=baseline_avg loss=0.4857 train_acc=nan train_loss=nan val_acc=nan val_loss=nan best=-1.0000
[step 0090/200] method=baseline_avg loss=0.5752 train_acc=nan train_loss=nan val_acc=nan val_loss=nan best=-1.0000
[step 0100/200] method=baseline_avg loss=0.4670 train_acc=0.7940 train_loss=0.4727 val_acc=0.7651 val_loss=0.5369 router_H=0.6858 best=0.7651
           router_load=[0.0019013689598068595, 0.55247563123703, 0.4424029290676117, 0.003220001934096217]
[step 0110/200] method=baseline_avg loss=0.4466 train_acc=0.7940 train_loss=0.4727 val_acc=0.7651 val_loss=0.5369 router_H=0.6858 best=0.7651
           router_load=[0.0019013689598068595, 0.55247563123703, 0.4424029290676117, 0.003220001934096217]
[step 0120/200] method=baseline_avg loss=0.5775 train_acc=0.7940 train_loss=0.4727 val_acc=0.7651 val_loss=0.5369 router_H=0.6858 best=0.7651
           router_load=[0.0019013689598068595, 0.55247563123703, 0.4424029290676117, 0.003220001934096217]
[step 0130/200] method=baseline_avg loss=0.7121 train_acc=0.7940 train_loss=0.4727 val_acc=0.7651 val_loss=0.5369 router_H=0.6858 best=0.7651
           router_load=[0.0019013689598068595, 0.55247563123703, 0.4424029290676117, 0.003220001934096217]
[step 0140/200] method=baseline_avg loss=0.5848 train_acc=0.7940 train_loss=0.4727 val_acc=0.7651 val_loss=0.5369 router_H=0.6858 best=0.7651
           router_load=[0.0019013689598068595, 0.55247563123703, 0.4424029290676117, 0.003220001934096217]
[step 0150/200] method=baseline_avg loss=0.2986 train_acc=0.7940 train_loss=0.4727 val_acc=0.7651 val_loss=0.5369 router_H=0.6858 best=0.7651
           router_load=[0.0019013689598068595, 0.55247563123703, 0.4424029290676117, 0.003220001934096217]
[step 0160/200] method=baseline_avg loss=0.4570 train_acc=0.7940 train_loss=0.4727 val_acc=0.7651 val_loss=0.5369 router_H=0.6858 best=0.7651
           router_load=[0.0019013689598068595, 0.55247563123703, 0.4424029290676117, 0.003220001934096217]
[step 0170/200] method=baseline_avg loss=0.3615 train_acc=0.7940 train_loss=0.4727 val_acc=0.7651 val_loss=0.5369 router_H=0.6858 best=0.7651
           router_load=[0.0019013689598068595, 0.55247563123703, 0.4424029290676117, 0.003220001934096217]
[step 0180/200] method=baseline_avg loss=0.7384 train_acc=0.7940 train_loss=0.4727 val_acc=0.7651 val_loss=0.5369 router_H=0.6858 best=0.7651
           router_load=[0.0019013689598068595, 0.55247563123703, 0.4424029290676117, 0.003220001934096217]
[step 0190/200] method=baseline_avg loss=0.6714 train_acc=0.7940 train_loss=0.4727 val_acc=0.7651 val_loss=0.5369 router_H=0.6858 best=0.7651
           router_load=[0.0019013689598068595, 0.55247563123703, 0.4424029290676117, 0.003220001934096217]
[step 0200/200] method=baseline_avg loss=0.6393 train_acc=0.8391 train_loss=0.3846 val_acc=0.8015 val_loss=0.4491 router_H=0.6852 best=0.8015
           router_load=[0.0007245583110488951, 0.5532388687133789, 0.4456719160079956, 0.0003647025441750884]
saved summary -> /root/Optimization/MOE-grad-conflict-routing/runs/paper_suite_supplement/single_task_add_rerun/single_task/roberta_cola_lora_e4_k2/hpo/baseline/trial_runs/coord_01_anchor/baseline_s3.json
saved curve -> /root/Optimization/MOE-grad-conflict-routing/runs/paper_suite_supplement/single_task_add_rerun/single_task/roberta_cola_lora_e4_k2/hpo/baseline/trial_runs/coord_01_anchor/baseline_s3_curve.csv
