[run] method=ours candidate=coord_02_anchor seed=3 steps=200 gpu=0
[run] cmd=
/home/zhujjing/anaconda3/envs/moe/bin/python /home/zhujjing/MOE-grad-conflict-routing/scripts/run.py --config configs/multitask_glue4_real.yaml --set model.backbone_backend=hf --set model.hf_load_pretrained=true --set model.hf_local_files_only=true --set model.backbone=gpt2 --set model.hf_pretrained_name=gpt2-medium --set model.expert_type=lora --set model.routing_mode=topk --set model.num_experts=4 --set model.top_k=2 --set train.eval_train_fraction=0.10 --set train.eval_train_max_batches=-1 --set train.eval_max_batches=-1 --set seed=3 --set method.name=ours --set train.steps=200 --set train.eval_every_steps=100 --set method.ours.use_load_norm=true --set method.ours.lambda_align=0.001 --set train.grad_clip=1 --set train.lr=4.233346635e-05 --set train.weight_decay=0 --out /home/zhujjing/MOE-grad-conflict-routing/runs/paper_suite/single_gpu/multi_task/glue4_gpt2_lora_e4_k2/hpo/ours/trial_runs/coord_02_anchor/ours_s3.json --curve_out /home/zhujjing/MOE-grad-conflict-routing/runs/paper_suite/single_gpu/multi_task/glue4_gpt2_lora_e4_k2/hpo/ours/trial_runs/coord_02_anchor/ours_s3_curve.csv
Using the latest cached version of the dataset since glue couldn't be found on the Hugging Face Hub (offline mode is enabled).
Found the latest cached dataset configuration 'rte' at /home/zhujjing/hf_cache/datasets/glue/rte/0.0.0/bcdcba79d07bc864c1c254ccfcedcce55bcc9a8c (last modified on Thu Mar 19 15:00:36 2026).
/home/zhujjing/anaconda3/envs/moe/lib/python3.10/site-packages/transformers/utils/hub.py:124: FutureWarning: Using `TRANSFORMERS_CACHE` is deprecated and will be removed in v5 of Transformers. Use `HF_HOME` instead.
  warnings.warn(
Using the latest cached version of the dataset since glue couldn't be found on the Hugging Face Hub (offline mode is enabled).
Found the latest cached dataset configuration 'mrpc' at /home/zhujjing/hf_cache/datasets/glue/mrpc/0.0.0/bcdcba79d07bc864c1c254ccfcedcce55bcc9a8c (last modified on Thu Mar 19 15:01:06 2026).
Using the latest cached version of the dataset since glue couldn't be found on the Hugging Face Hub (offline mode is enabled).
Found the latest cached dataset configuration 'sst2' at /home/zhujjing/hf_cache/datasets/glue/sst2/0.0.0/bcdcba79d07bc864c1c254ccfcedcce55bcc9a8c (last modified on Thu Mar 19 15:01:41 2026).
Using the latest cached version of the dataset since glue couldn't be found on the Hugging Face Hub (offline mode is enabled).
Found the latest cached dataset configuration 'cola' at /home/zhujjing/hf_cache/datasets/glue/cola/0.0.0/bcdcba79d07bc864c1c254ccfcedcce55bcc9a8c (last modified on Thu Mar 19 15:02:09 2026).
[step 0001/200] method=ours loss=2.5805 train_acc=nan train_loss=nan val_acc=nan val_loss=nan best=-1.0000
[step 0010/200] method=ours loss=0.8466 train_acc=nan train_loss=nan val_acc=nan val_loss=nan best=-1.0000
[step 0020/200] method=ours loss=0.7770 train_acc=nan train_loss=nan val_acc=nan val_loss=nan best=-1.0000
[step 0030/200] method=ours loss=0.6302 train_acc=nan train_loss=nan val_acc=nan val_loss=nan best=-1.0000
[step 0040/200] method=ours loss=0.6853 train_acc=nan train_loss=nan val_acc=nan val_loss=nan best=-1.0000
[step 0050/200] method=ours loss=0.6891 train_acc=nan train_loss=nan val_acc=nan val_loss=nan best=-1.0000
[step 0060/200] method=ours loss=0.6235 train_acc=nan train_loss=nan val_acc=nan val_loss=nan best=-1.0000
[step 0070/200] method=ours loss=0.5400 train_acc=nan train_loss=nan val_acc=nan val_loss=nan best=-1.0000
[step 0080/200] method=ours loss=0.4887 train_acc=nan train_loss=nan val_acc=nan val_loss=nan best=-1.0000
[step 0090/200] method=ours loss=0.5700 train_acc=nan train_loss=nan val_acc=nan val_loss=nan best=-1.0000
[step 0100/200] method=ours loss=0.5978 train_acc=0.7371 train_loss=0.5231 val_acc=0.7150 val_loss=0.5241 router_H=0.3278 best=0.7150
           router_load=[0.12497665733098984, 0.8668109774589539, 0.007342524826526642, 0.0008697221637703478]
[step 0110/200] method=ours loss=0.6077 train_acc=0.7371 train_loss=0.5231 val_acc=0.7150 val_loss=0.5241 router_H=0.3278 best=0.7150
           router_load=[0.12497665733098984, 0.8668109774589539, 0.007342524826526642, 0.0008697221637703478]
[step 0120/200] method=ours loss=0.5604 train_acc=0.7371 train_loss=0.5231 val_acc=0.7150 val_loss=0.5241 router_H=0.3278 best=0.7150
           router_load=[0.12497665733098984, 0.8668109774589539, 0.007342524826526642, 0.0008697221637703478]
[step 0130/200] method=ours loss=0.5199 train_acc=0.7371 train_loss=0.5231 val_acc=0.7150 val_loss=0.5241 router_H=0.3278 best=0.7150
           router_load=[0.12497665733098984, 0.8668109774589539, 0.007342524826526642, 0.0008697221637703478]
[step 0140/200] method=ours loss=0.3951 train_acc=0.7371 train_loss=0.5231 val_acc=0.7150 val_loss=0.5241 router_H=0.3278 best=0.7150
           router_load=[0.12497665733098984, 0.8668109774589539, 0.007342524826526642, 0.0008697221637703478]
[step 0150/200] method=ours loss=0.4862 train_acc=0.7371 train_loss=0.5231 val_acc=0.7150 val_loss=0.5241 router_H=0.3278 best=0.7150
           router_load=[0.12497665733098984, 0.8668109774589539, 0.007342524826526642, 0.0008697221637703478]
[step 0160/200] method=ours loss=0.5165 train_acc=0.7371 train_loss=0.5231 val_acc=0.7150 val_loss=0.5241 router_H=0.3278 best=0.7150
           router_load=[0.12497665733098984, 0.8668109774589539, 0.007342524826526642, 0.0008697221637703478]
[step 0170/200] method=ours loss=0.5061 train_acc=0.7371 train_loss=0.5231 val_acc=0.7150 val_loss=0.5241 router_H=0.3278 best=0.7150
           router_load=[0.12497665733098984, 0.8668109774589539, 0.007342524826526642, 0.0008697221637703478]
[step 0180/200] method=ours loss=0.4222 train_acc=0.7371 train_loss=0.5231 val_acc=0.7150 val_loss=0.5241 router_H=0.3278 best=0.7150
           router_load=[0.12497665733098984, 0.8668109774589539, 0.007342524826526642, 0.0008697221637703478]
[step 0190/200] method=ours loss=0.4427 train_acc=0.7371 train_loss=0.5231 val_acc=0.7150 val_loss=0.5241 router_H=0.3278 best=0.7150
           router_load=[0.12497665733098984, 0.8668109774589539, 0.007342524826526642, 0.0008697221637703478]
[step 0200/200] method=ours loss=0.4282 train_acc=0.8038 train_loss=0.4252 val_acc=0.7483 val_loss=0.5098 router_H=0.4512 best=0.7483
           router_load=[0.13618533313274384, 0.6224990487098694, 0.20978954434394836, 0.03152616322040558]
saved summary -> /home/zhujjing/MOE-grad-conflict-routing/runs/paper_suite/single_gpu/multi_task/glue4_gpt2_lora_e4_k2/hpo/ours/trial_runs/coord_02_anchor/ours_s3.json
saved curve -> /home/zhujjing/MOE-grad-conflict-routing/runs/paper_suite/single_gpu/multi_task/glue4_gpt2_lora_e4_k2/hpo/ours/trial_runs/coord_02_anchor/ours_s3_curve.csv
