[run] method=baseline candidate=local_var_topk_000 seed=2 steps=200 gpu=0
[run] cmd=
/root/miniconda3/envs/optimization/bin/python /root/Optimization/MOE-grad-conflict-routing/scripts/run.py --config configs/singletask_cola_real.yaml --set train.eval_train_fraction=0.1 --set model.backbone_backend=hf --set model.hf_load_pretrained=true --set model.hf_local_files_only=true --set model.backbone=roberta --set model.hf_pretrained_name=roberta-base --set model.expert_type=lora --set model.routing_mode=topk --set model.num_experts=4 --set model.top_k=2 --set seed=2 --set method.name=baseline_avg --set train.steps=200 --set train.eval_every_steps=100 --set train.grad_clip=0.6537451003 --set train.lr=6.316344e-06 --set train.weight_decay=0 --out /root/Optimization/MOE-grad-conflict-routing/runs/paper_suite_supplement/single_task_add_rerun/single_task/roberta_cola_lora_e4_k2/hpo/baseline/trial_runs/local_var_topk_000/baseline_s2.json --curve_out /root/Optimization/MOE-grad-conflict-routing/runs/paper_suite_supplement/single_task_add_rerun/single_task/roberta_cola_lora_e4_k2/hpo/baseline/trial_runs/local_var_topk_000/baseline_s2_curve.csv
Using the latest cached version of the dataset since glue couldn't be found on the Hugging Face Hub (offline mode is enabled).
Found the latest cached dataset configuration 'cola' at /root/.cache/huggingface/datasets/glue/cola/0.0.0/bcdcba79d07bc864c1c254ccfcedcce55bcc9a8c (last modified on Mon Mar 23 09:28:48 2026).
Loading weights:   0%|          | 0/197 [00:00<?, ?it/s]Loading weights: 100%|██████████| 197/197 [00:00<00:00, 5482.53it/s]
[1mRobertaModel LOAD REPORT[0m from: roberta-base
Key                             | Status     | 
--------------------------------+------------+-
lm_head.layer_norm.weight       | UNEXPECTED | 
lm_head.bias                    | UNEXPECTED | 
lm_head.dense.weight            | UNEXPECTED | 
lm_head.layer_norm.bias         | UNEXPECTED | 
lm_head.dense.bias              | UNEXPECTED | 
roberta.embeddings.position_ids | UNEXPECTED | 
pooler.dense.bias               | MISSING    | 
pooler.dense.weight             | MISSING    | 

[3mNotes:
- UNEXPECTED[3m	:can be ignored when loading from different task/architecture; not ok if you expect identical arch.
- MISSING[3m	:those params were newly initialized because missing from the checkpoint. Consider training on your downstream task.[0m
[step 0001/200] method=baseline_avg loss=0.7165 train_acc=nan train_loss=nan val_acc=nan val_loss=nan best=-1.0000
[step 0010/200] method=baseline_avg loss=0.5512 train_acc=nan train_loss=nan val_acc=nan val_loss=nan best=-1.0000
[step 0020/200] method=baseline_avg loss=0.6575 train_acc=nan train_loss=nan val_acc=nan val_loss=nan best=-1.0000
[step 0030/200] method=baseline_avg loss=0.4993 train_acc=nan train_loss=nan val_acc=nan val_loss=nan best=-1.0000
[step 0040/200] method=baseline_avg loss=0.4765 train_acc=nan train_loss=nan val_acc=nan val_loss=nan best=-1.0000
[step 0050/200] method=baseline_avg loss=0.5345 train_acc=nan train_loss=nan val_acc=nan val_loss=nan best=-1.0000
[step 0060/200] method=baseline_avg loss=0.6211 train_acc=nan train_loss=nan val_acc=nan val_loss=nan best=-1.0000
[step 0070/200] method=baseline_avg loss=0.5957 train_acc=nan train_loss=nan val_acc=nan val_loss=nan best=-1.0000
[step 0080/200] method=baseline_avg loss=0.5349 train_acc=nan train_loss=nan val_acc=nan val_loss=nan best=-1.0000
[step 0090/200] method=baseline_avg loss=0.5986 train_acc=nan train_loss=nan val_acc=nan val_loss=nan best=-1.0000
[step 0100/200] method=baseline_avg loss=0.5695 train_acc=0.7222 train_loss=0.5133 val_acc=0.7009 val_loss=0.5524 router_H=0.6816 best=0.7009
           router_load=[0.35486218333244324, 0.0317981131374836, 0.047746796160936356, 0.5655930042266846]
[step 0110/200] method=baseline_avg loss=0.5523 train_acc=0.7222 train_loss=0.5133 val_acc=0.7009 val_loss=0.5524 router_H=0.6816 best=0.7009
           router_load=[0.35486218333244324, 0.0317981131374836, 0.047746796160936356, 0.5655930042266846]
[step 0120/200] method=baseline_avg loss=0.5953 train_acc=0.7222 train_loss=0.5133 val_acc=0.7009 val_loss=0.5524 router_H=0.6816 best=0.7009
           router_load=[0.35486218333244324, 0.0317981131374836, 0.047746796160936356, 0.5655930042266846]
[step 0130/200] method=baseline_avg loss=0.4826 train_acc=0.7222 train_loss=0.5133 val_acc=0.7009 val_loss=0.5524 router_H=0.6816 best=0.7009
           router_load=[0.35486218333244324, 0.0317981131374836, 0.047746796160936356, 0.5655930042266846]
[step 0140/200] method=baseline_avg loss=0.4565 train_acc=0.7222 train_loss=0.5133 val_acc=0.7009 val_loss=0.5524 router_H=0.6816 best=0.7009
           router_load=[0.35486218333244324, 0.0317981131374836, 0.047746796160936356, 0.5655930042266846]
[step 0150/200] method=baseline_avg loss=0.4577 train_acc=0.7222 train_loss=0.5133 val_acc=0.7009 val_loss=0.5524 router_H=0.6816 best=0.7009
           router_load=[0.35486218333244324, 0.0317981131374836, 0.047746796160936356, 0.5655930042266846]
[step 0160/200] method=baseline_avg loss=0.4227 train_acc=0.7222 train_loss=0.5133 val_acc=0.7009 val_loss=0.5524 router_H=0.6816 best=0.7009
           router_load=[0.35486218333244324, 0.0317981131374836, 0.047746796160936356, 0.5655930042266846]
[step 0170/200] method=baseline_avg loss=0.5132 train_acc=0.7222 train_loss=0.5133 val_acc=0.7009 val_loss=0.5524 router_H=0.6816 best=0.7009
           router_load=[0.35486218333244324, 0.0317981131374836, 0.047746796160936356, 0.5655930042266846]
[step 0180/200] method=baseline_avg loss=0.4897 train_acc=0.7222 train_loss=0.5133 val_acc=0.7009 val_loss=0.5524 router_H=0.6816 best=0.7009
           router_load=[0.35486218333244324, 0.0317981131374836, 0.047746796160936356, 0.5655930042266846]
[step 0190/200] method=baseline_avg loss=0.4018 train_acc=0.7222 train_loss=0.5133 val_acc=0.7009 val_loss=0.5524 router_H=0.6816 best=0.7009
           router_load=[0.35486218333244324, 0.0317981131374836, 0.047746796160936356, 0.5655930042266846]
[step 0200/200] method=baseline_avg loss=0.6876 train_acc=0.7789 train_loss=0.5143 val_acc=0.7661 val_loss=0.5529 router_H=0.6784 best=0.7661
           router_load=[0.2830611765384674, 0.02691936120390892, 0.11911753565073013, 0.5709019899368286]
saved summary -> /root/Optimization/MOE-grad-conflict-routing/runs/paper_suite_supplement/single_task_add_rerun/single_task/roberta_cola_lora_e4_k2/hpo/baseline/trial_runs/local_var_topk_000/baseline_s2.json
saved curve -> /root/Optimization/MOE-grad-conflict-routing/runs/paper_suite_supplement/single_task_add_rerun/single_task/roberta_cola_lora_e4_k2/hpo/baseline/trial_runs/local_var_topk_000/baseline_s2_curve.csv
