[run] method=baseline candidate=coord_03_anchor seed=3 steps=200 gpu=0
[run] cmd=
/root/miniconda3/envs/optimization/bin/python /root/Optimization/MOE-grad-conflict-routing-appendix2/scripts/run.py --config configs/multitask_textcls_local_sst2_imdb_yelp_amazon_real.yaml --set model.backbone_backend=hf --set model.hf_load_pretrained=true --set model.hf_local_files_only=true --set model.routing_mode=topk --set model.expert_type=lora --set model.num_experts=4 --set model.top_k=2 --set data.train_size=20000 --set data.val_size=4000 --set model.backbone=roberta --set model.hf_pretrained_name=roberta-base --set train.eval_val_fraction=0.2 --set train.skip_train_eval=true --set seed=3 --set method.name=baseline_avg --set train.steps=200 --set train.eval_every_steps=100 --set train.grad_clip=1 --set train.lr=2e-05 --set train.weight_decay=0.0494133814 --out /root/Optimization/MOE-grad-conflict-routing-appendix2/runs/paper_suite_supplement/appendix/multi_dataset_real/roberta_lora_e4_k2_sst2_imdb_yelp_amazon/_method_workers/baseline/hpo/baseline/trial_runs/coord_03_anchor/baseline_s3.json --curve_out /root/Optimization/MOE-grad-conflict-routing-appendix2/runs/paper_suite_supplement/appendix/multi_dataset_real/roberta_lora_e4_k2_sst2_imdb_yelp_amazon/_method_workers/baseline/hpo/baseline/trial_runs/coord_03_anchor/baseline_s3_curve.csv
Loading weights:   0%|          | 0/197 [00:00<?, ?it/s]Loading weights: 100%|██████████| 197/197 [00:00<00:00, 13360.90it/s]
[1mRobertaModel LOAD REPORT[0m from: roberta-base
Key                             | Status     | 
--------------------------------+------------+-
roberta.embeddings.position_ids | UNEXPECTED | 
lm_head.layer_norm.bias         | UNEXPECTED | 
lm_head.layer_norm.weight       | UNEXPECTED | 
lm_head.bias                    | UNEXPECTED | 
lm_head.dense.weight            | UNEXPECTED | 
lm_head.dense.bias              | UNEXPECTED | 
pooler.dense.bias               | MISSING    | 
pooler.dense.weight             | MISSING    | 

[3mNotes:
- UNEXPECTED[3m	:can be ignored when loading from different task/architecture; not ok if you expect identical arch.
- MISSING[3m	:those params were newly initialized because missing from the checkpoint. Consider training on your downstream task.[0m
[step 0001/200] method=baseline_avg loss=0.7009 train_acc=nan train_loss=nan val_acc=nan val_loss=nan best=-1.0000
[step 0010/200] method=baseline_avg loss=0.6838 train_acc=nan train_loss=nan val_acc=nan val_loss=nan best=-1.0000
[step 0020/200] method=baseline_avg loss=0.5168 train_acc=nan train_loss=nan val_acc=nan val_loss=nan best=-1.0000
[step 0030/200] method=baseline_avg loss=0.5574 train_acc=nan train_loss=nan val_acc=nan val_loss=nan best=-1.0000
[step 0040/200] method=baseline_avg loss=0.0894 train_acc=nan train_loss=nan val_acc=nan val_loss=nan best=-1.0000
[step 0050/200] method=baseline_avg loss=0.6285 train_acc=nan train_loss=nan val_acc=nan val_loss=nan best=-1.0000
[step 0060/200] method=baseline_avg loss=0.1952 train_acc=nan train_loss=nan val_acc=nan val_loss=nan best=-1.0000
[step 0070/200] method=baseline_avg loss=0.3557 train_acc=nan train_loss=nan val_acc=nan val_loss=nan best=-1.0000
[step 0080/200] method=baseline_avg loss=0.1475 train_acc=nan train_loss=nan val_acc=nan val_loss=nan best=-1.0000
[step 0090/200] method=baseline_avg loss=0.2740 train_acc=nan train_loss=nan val_acc=nan val_loss=nan best=-1.0000
[step 0100/200] method=baseline_avg loss=0.1128 train_acc=nan train_loss=nan val_acc=0.8891 val_loss=0.2835 router_H=0.6770 best=0.8891
           router_load=[0.008229810744524002, 0.19934821128845215, 0.48896145820617676, 0.3034607768058777]
[step 0110/200] method=baseline_avg loss=0.1543 train_acc=nan train_loss=nan val_acc=0.8891 val_loss=0.2835 router_H=0.6770 best=0.8891
           router_load=[0.008229810744524002, 0.19934821128845215, 0.48896145820617676, 0.3034607768058777]
[step 0120/200] method=baseline_avg loss=0.2771 train_acc=nan train_loss=nan val_acc=0.8891 val_loss=0.2835 router_H=0.6770 best=0.8891
           router_load=[0.008229810744524002, 0.19934821128845215, 0.48896145820617676, 0.3034607768058777]
[step 0130/200] method=baseline_avg loss=0.1084 train_acc=nan train_loss=nan val_acc=0.8891 val_loss=0.2835 router_H=0.6770 best=0.8891
           router_load=[0.008229810744524002, 0.19934821128845215, 0.48896145820617676, 0.3034607768058777]
[step 0140/200] method=baseline_avg loss=0.3438 train_acc=nan train_loss=nan val_acc=0.8891 val_loss=0.2835 router_H=0.6770 best=0.8891
           router_load=[0.008229810744524002, 0.19934821128845215, 0.48896145820617676, 0.3034607768058777]
[step 0150/200] method=baseline_avg loss=0.3112 train_acc=nan train_loss=nan val_acc=0.8891 val_loss=0.2835 router_H=0.6770 best=0.8891
           router_load=[0.008229810744524002, 0.19934821128845215, 0.48896145820617676, 0.3034607768058777]
[step 0160/200] method=baseline_avg loss=0.1953 train_acc=nan train_loss=nan val_acc=0.8891 val_loss=0.2835 router_H=0.6770 best=0.8891
           router_load=[0.008229810744524002, 0.19934821128845215, 0.48896145820617676, 0.3034607768058777]
[step 0170/200] method=baseline_avg loss=0.8773 train_acc=nan train_loss=nan val_acc=0.8891 val_loss=0.2835 router_H=0.6770 best=0.8891
           router_load=[0.008229810744524002, 0.19934821128845215, 0.48896145820617676, 0.3034607768058777]
[step 0180/200] method=baseline_avg loss=0.0692 train_acc=nan train_loss=nan val_acc=0.8891 val_loss=0.2835 router_H=0.6770 best=0.8891
           router_load=[0.008229810744524002, 0.19934821128845215, 0.48896145820617676, 0.3034607768058777]
[step 0190/200] method=baseline_avg loss=0.2453 train_acc=nan train_loss=nan val_acc=0.8891 val_loss=0.2835 router_H=0.6770 best=0.8891
           router_load=[0.008229810744524002, 0.19934821128845215, 0.48896145820617676, 0.3034607768058777]
[step 0200/200] method=baseline_avg loss=0.3326 train_acc=nan train_loss=nan val_acc=0.9218 val_loss=0.2359 router_H=0.6864 best=0.9218
           router_load=[0.0008483237470500171, 0.15875379741191864, 0.3809012472629547, 0.459496408700943]
saved summary -> /root/Optimization/MOE-grad-conflict-routing-appendix2/runs/paper_suite_supplement/appendix/multi_dataset_real/roberta_lora_e4_k2_sst2_imdb_yelp_amazon/_method_workers/baseline/hpo/baseline/trial_runs/coord_03_anchor/baseline_s3.json
saved curve -> /root/Optimization/MOE-grad-conflict-routing-appendix2/runs/paper_suite_supplement/appendix/multi_dataset_real/roberta_lora_e4_k2_sst2_imdb_yelp_amazon/_method_workers/baseline/hpo/baseline/trial_runs/coord_03_anchor/baseline_s3_curve.csv
