[run] method=baseline candidate=coord_03_train_grad_clip_004 seed=2 steps=200 gpu=0
[run] cmd=
/root/miniconda3/envs/optimization/bin/python /root/Optimization/MOE-grad-conflict-routing-appendix2/scripts/run.py --config configs/multitask_textcls_local_sst2_imdb_yelp_amazon_real.yaml --set model.backbone_backend=hf --set model.hf_load_pretrained=true --set model.hf_local_files_only=true --set model.routing_mode=topk --set model.expert_type=lora --set model.num_experts=4 --set model.top_k=2 --set data.train_size=20000 --set data.val_size=4000 --set model.backbone=roberta --set model.hf_pretrained_name=roberta-base --set train.eval_val_fraction=0.2 --set train.skip_train_eval=true --set seed=2 --set method.name=baseline_avg --set train.steps=200 --set train.eval_every_steps=100 --set train.grad_clip=0.9537451003 --set train.lr=2e-05 --set train.weight_decay=0.0494133814 --out /root/Optimization/MOE-grad-conflict-routing-appendix2/runs/paper_suite_supplement/appendix/multi_dataset_real/roberta_lora_e4_k2_sst2_imdb_yelp_amazon/_method_workers/baseline/hpo/baseline/trial_runs/coord_03_train_grad_clip_004/baseline_s2.json --curve_out /root/Optimization/MOE-grad-conflict-routing-appendix2/runs/paper_suite_supplement/appendix/multi_dataset_real/roberta_lora_e4_k2_sst2_imdb_yelp_amazon/_method_workers/baseline/hpo/baseline/trial_runs/coord_03_train_grad_clip_004/baseline_s2_curve.csv
Loading weights:   0%|          | 0/197 [00:00<?, ?it/s]Loading weights: 100%|██████████| 197/197 [00:00<00:00, 24440.31it/s]
[1mRobertaModel LOAD REPORT[0m from: roberta-base
Key                             | Status     | 
--------------------------------+------------+-
lm_head.bias                    | UNEXPECTED | 
lm_head.layer_norm.weight       | UNEXPECTED | 
roberta.embeddings.position_ids | UNEXPECTED | 
lm_head.dense.weight            | UNEXPECTED | 
lm_head.dense.bias              | UNEXPECTED | 
lm_head.layer_norm.bias         | UNEXPECTED | 
pooler.dense.weight             | MISSING    | 
pooler.dense.bias               | MISSING    | 

[3mNotes:
- UNEXPECTED[3m	:can be ignored when loading from different task/architecture; not ok if you expect identical arch.
- MISSING[3m	:those params were newly initialized because missing from the checkpoint. Consider training on your downstream task.[0m
[step 0001/200] method=baseline_avg loss=0.7227 train_acc=nan train_loss=nan val_acc=nan val_loss=nan best=-1.0000
[step 0010/200] method=baseline_avg loss=0.6493 train_acc=nan train_loss=nan val_acc=nan val_loss=nan best=-1.0000
[step 0020/200] method=baseline_avg loss=0.4212 train_acc=nan train_loss=nan val_acc=nan val_loss=nan best=-1.0000
[step 0030/200] method=baseline_avg loss=0.2322 train_acc=nan train_loss=nan val_acc=nan val_loss=nan best=-1.0000
[step 0040/200] method=baseline_avg loss=0.1836 train_acc=nan train_loss=nan val_acc=nan val_loss=nan best=-1.0000
[step 0050/200] method=baseline_avg loss=0.2861 train_acc=nan train_loss=nan val_acc=nan val_loss=nan best=-1.0000
[step 0060/200] method=baseline_avg loss=0.3614 train_acc=nan train_loss=nan val_acc=nan val_loss=nan best=-1.0000
[step 0070/200] method=baseline_avg loss=0.3632 train_acc=nan train_loss=nan val_acc=nan val_loss=nan best=-1.0000
[step 0080/200] method=baseline_avg loss=0.3666 train_acc=nan train_loss=nan val_acc=nan val_loss=nan best=-1.0000
[step 0090/200] method=baseline_avg loss=0.2760 train_acc=nan train_loss=nan val_acc=nan val_loss=nan best=-1.0000
[step 0100/200] method=baseline_avg loss=0.3857 train_acc=nan train_loss=nan val_acc=0.9199 val_loss=0.2215 router_H=0.6862 best=0.9199
           router_load=[0.3484642803668976, 0.39924848079681396, 0.1860322505235672, 0.06625500321388245]
[step 0110/200] method=baseline_avg loss=0.2455 train_acc=nan train_loss=nan val_acc=0.9199 val_loss=0.2215 router_H=0.6862 best=0.9199
           router_load=[0.3484642803668976, 0.39924848079681396, 0.1860322505235672, 0.06625500321388245]
[step 0120/200] method=baseline_avg loss=0.3452 train_acc=nan train_loss=nan val_acc=0.9199 val_loss=0.2215 router_H=0.6862 best=0.9199
           router_load=[0.3484642803668976, 0.39924848079681396, 0.1860322505235672, 0.06625500321388245]
[step 0130/200] method=baseline_avg loss=0.2455 train_acc=nan train_loss=nan val_acc=0.9199 val_loss=0.2215 router_H=0.6862 best=0.9199
           router_load=[0.3484642803668976, 0.39924848079681396, 0.1860322505235672, 0.06625500321388245]
[step 0140/200] method=baseline_avg loss=0.4209 train_acc=nan train_loss=nan val_acc=0.9199 val_loss=0.2215 router_H=0.6862 best=0.9199
           router_load=[0.3484642803668976, 0.39924848079681396, 0.1860322505235672, 0.06625500321388245]
[step 0150/200] method=baseline_avg loss=0.2584 train_acc=nan train_loss=nan val_acc=0.9199 val_loss=0.2215 router_H=0.6862 best=0.9199
           router_load=[0.3484642803668976, 0.39924848079681396, 0.1860322505235672, 0.06625500321388245]
[step 0160/200] method=baseline_avg loss=0.3151 train_acc=nan train_loss=nan val_acc=0.9199 val_loss=0.2215 router_H=0.6862 best=0.9199
           router_load=[0.3484642803668976, 0.39924848079681396, 0.1860322505235672, 0.06625500321388245]
[step 0170/200] method=baseline_avg loss=0.2041 train_acc=nan train_loss=nan val_acc=0.9199 val_loss=0.2215 router_H=0.6862 best=0.9199
           router_load=[0.3484642803668976, 0.39924848079681396, 0.1860322505235672, 0.06625500321388245]
[step 0180/200] method=baseline_avg loss=0.2343 train_acc=nan train_loss=nan val_acc=0.9199 val_loss=0.2215 router_H=0.6862 best=0.9199
           router_load=[0.3484642803668976, 0.39924848079681396, 0.1860322505235672, 0.06625500321388245]
[step 0190/200] method=baseline_avg loss=0.2851 train_acc=nan train_loss=nan val_acc=0.9199 val_loss=0.2215 router_H=0.6862 best=0.9199
           router_load=[0.3484642803668976, 0.39924848079681396, 0.1860322505235672, 0.06625500321388245]
[step 0200/200] method=baseline_avg loss=0.1523 train_acc=nan train_loss=nan val_acc=0.9361 val_loss=0.1998 router_H=0.6855 best=0.9361
           router_load=[0.22977004945278168, 0.42216357588768005, 0.14559808373451233, 0.20246835052967072]
saved summary -> /root/Optimization/MOE-grad-conflict-routing-appendix2/runs/paper_suite_supplement/appendix/multi_dataset_real/roberta_lora_e4_k2_sst2_imdb_yelp_amazon/_method_workers/baseline/hpo/baseline/trial_runs/coord_03_train_grad_clip_004/baseline_s2.json
saved curve -> /root/Optimization/MOE-grad-conflict-routing-appendix2/runs/paper_suite_supplement/appendix/multi_dataset_real/roberta_lora_e4_k2_sst2_imdb_yelp_amazon/_method_workers/baseline/hpo/baseline/trial_runs/coord_03_train_grad_clip_004/baseline_s2_curve.csv
