[run] method=baseline candidate=local_var_topk_017 seed=2 steps=1000 gpu=0
[run] cmd=
/home/zhujjing/anaconda3/envs/moe/bin/python /home/zhujjing/MOE-grad-conflict-routing/scripts/run.py --config configs/multitask_glue4_real.yaml --set model.backbone_backend=hf --set model.hf_load_pretrained=true --set model.hf_local_files_only=true --set model.backbone=gpt2 --set model.hf_pretrained_name=gpt2-medium --set model.expert_type=lora --set model.routing_mode=topk --set model.num_experts=4 --set model.top_k=2 --set train.eval_train_fraction=0.10 --set train.eval_train_max_batches=-1 --set train.eval_max_batches=-1 --set seed=2 --set method.name=baseline_avg --set train.steps=1000 --set train.eval_every_steps=100 --set train.grad_clip=1.273349251 --set train.lr=3.0738695e-05 --set train.weight_decay=0.03446709884 --out /home/zhujjing/MOE-grad-conflict-routing/runs/paper_suite/single_gpu/multi_task/glue4_gpt2_lora_e4_k2/final/baseline_s2.json --curve_out /home/zhujjing/MOE-grad-conflict-routing/runs/paper_suite/single_gpu/multi_task/glue4_gpt2_lora_e4_k2/final/baseline_s2_curve.csv
Using the latest cached version of the dataset since glue couldn't be found on the Hugging Face Hub (offline mode is enabled).
Found the latest cached dataset configuration 'rte' at /home/zhujjing/hf_cache/datasets/glue/rte/0.0.0/bcdcba79d07bc864c1c254ccfcedcce55bcc9a8c (last modified on Thu Mar 19 15:00:36 2026).
/home/zhujjing/anaconda3/envs/moe/lib/python3.10/site-packages/transformers/utils/hub.py:124: FutureWarning: Using `TRANSFORMERS_CACHE` is deprecated and will be removed in v5 of Transformers. Use `HF_HOME` instead.
  warnings.warn(
Using the latest cached version of the dataset since glue couldn't be found on the Hugging Face Hub (offline mode is enabled).
Found the latest cached dataset configuration 'mrpc' at /home/zhujjing/hf_cache/datasets/glue/mrpc/0.0.0/bcdcba79d07bc864c1c254ccfcedcce55bcc9a8c (last modified on Thu Mar 19 15:01:06 2026).
Using the latest cached version of the dataset since glue couldn't be found on the Hugging Face Hub (offline mode is enabled).
Found the latest cached dataset configuration 'sst2' at /home/zhujjing/hf_cache/datasets/glue/sst2/0.0.0/bcdcba79d07bc864c1c254ccfcedcce55bcc9a8c (last modified on Thu Mar 19 15:01:41 2026).
Using the latest cached version of the dataset since glue couldn't be found on the Hugging Face Hub (offline mode is enabled).
Found the latest cached dataset configuration 'cola' at /home/zhujjing/hf_cache/datasets/glue/cola/0.0.0/bcdcba79d07bc864c1c254ccfcedcce55bcc9a8c (last modified on Thu Mar 19 15:02:09 2026).
[step 0001/1000] method=baseline_avg loss=3.0289 train_acc=nan train_loss=nan val_acc=nan val_loss=nan best=-1.0000
[step 0010/1000] method=baseline_avg loss=0.8517 train_acc=nan train_loss=nan val_acc=nan val_loss=nan best=-1.0000
[step 0020/1000] method=baseline_avg loss=0.7571 train_acc=nan train_loss=nan val_acc=nan val_loss=nan best=-1.0000
[step 0030/1000] method=baseline_avg loss=0.7864 train_acc=nan train_loss=nan val_acc=nan val_loss=nan best=-1.0000
[step 0040/1000] method=baseline_avg loss=0.6549 train_acc=nan train_loss=nan val_acc=nan val_loss=nan best=-1.0000
[step 0050/1000] method=baseline_avg loss=0.6116 train_acc=nan train_loss=nan val_acc=nan val_loss=nan best=-1.0000
[step 0060/1000] method=baseline_avg loss=0.5542 train_acc=nan train_loss=nan val_acc=nan val_loss=nan best=-1.0000
[step 0070/1000] method=baseline_avg loss=0.6038 train_acc=nan train_loss=nan val_acc=nan val_loss=nan best=-1.0000
[step 0080/1000] method=baseline_avg loss=0.5604 train_acc=nan train_loss=nan val_acc=nan val_loss=nan best=-1.0000
[step 0090/1000] method=baseline_avg loss=0.5245 train_acc=nan train_loss=nan val_acc=nan val_loss=nan best=-1.0000
[step 0100/1000] method=baseline_avg loss=0.4924 train_acc=0.7449 train_loss=0.5066 val_acc=0.7250 val_loss=0.5461 router_H=0.6825 best=0.7250
           router_load=[0.12843725085258484, 0.40062299370765686, 0.382256418466568, 0.08868330717086792]
[step 0110/1000] method=baseline_avg loss=0.4827 train_acc=0.7449 train_loss=0.5066 val_acc=0.7250 val_loss=0.5461 router_H=0.6825 best=0.7250
           router_load=[0.12843725085258484, 0.40062299370765686, 0.382256418466568, 0.08868330717086792]
[step 0120/1000] method=baseline_avg loss=0.5216 train_acc=0.7449 train_loss=0.5066 val_acc=0.7250 val_loss=0.5461 router_H=0.6825 best=0.7250
           router_load=[0.12843725085258484, 0.40062299370765686, 0.382256418466568, 0.08868330717086792]
[step 0130/1000] method=baseline_avg loss=0.5270 train_acc=0.7449 train_loss=0.5066 val_acc=0.7250 val_loss=0.5461 router_H=0.6825 best=0.7250
           router_load=[0.12843725085258484, 0.40062299370765686, 0.382256418466568, 0.08868330717086792]
[step 0140/1000] method=baseline_avg loss=0.5807 train_acc=0.7449 train_loss=0.5066 val_acc=0.7250 val_loss=0.5461 router_H=0.6825 best=0.7250
           router_load=[0.12843725085258484, 0.40062299370765686, 0.382256418466568, 0.08868330717086792]
[step 0150/1000] method=baseline_avg loss=0.4975 train_acc=0.7449 train_loss=0.5066 val_acc=0.7250 val_loss=0.5461 router_H=0.6825 best=0.7250
           router_load=[0.12843725085258484, 0.40062299370765686, 0.382256418466568, 0.08868330717086792]
[step 0160/1000] method=baseline_avg loss=0.5626 train_acc=0.7449 train_loss=0.5066 val_acc=0.7250 val_loss=0.5461 router_H=0.6825 best=0.7250
           router_load=[0.12843725085258484, 0.40062299370765686, 0.382256418466568, 0.08868330717086792]
[step 0170/1000] method=baseline_avg loss=0.4416 train_acc=0.7449 train_loss=0.5066 val_acc=0.7250 val_loss=0.5461 router_H=0.6825 best=0.7250
           router_load=[0.12843725085258484, 0.40062299370765686, 0.382256418466568, 0.08868330717086792]
[step 0180/1000] method=baseline_avg loss=0.4465 train_acc=0.7449 train_loss=0.5066 val_acc=0.7250 val_loss=0.5461 router_H=0.6825 best=0.7250
           router_load=[0.12843725085258484, 0.40062299370765686, 0.382256418466568, 0.08868330717086792]
[step 0190/1000] method=baseline_avg loss=0.4696 train_acc=0.7449 train_loss=0.5066 val_acc=0.7250 val_loss=0.5461 router_H=0.6825 best=0.7250
           router_load=[0.12843725085258484, 0.40062299370765686, 0.382256418466568, 0.08868330717086792]
[step 0200/1000] method=baseline_avg loss=0.4464 train_acc=0.8312 train_loss=0.3732 val_acc=0.7804 val_loss=0.4792 router_H=0.6807 best=0.7804
           router_load=[0.14754383265972137, 0.399986207485199, 0.32570546865463257, 0.1267644613981247]
[step 0210/1000] method=baseline_avg loss=0.5097 train_acc=0.8312 train_loss=0.3732 val_acc=0.7804 val_loss=0.4792 router_H=0.6807 best=0.7804
           router_load=[0.14754383265972137, 0.399986207485199, 0.32570546865463257, 0.1267644613981247]
[step 0220/1000] method=baseline_avg loss=0.5204 train_acc=0.8312 train_loss=0.3732 val_acc=0.7804 val_loss=0.4792 router_H=0.6807 best=0.7804
           router_load=[0.14754383265972137, 0.399986207485199, 0.32570546865463257, 0.1267644613981247]
[step 0230/1000] method=baseline_avg loss=0.5345 train_acc=0.8312 train_loss=0.3732 val_acc=0.7804 val_loss=0.4792 router_H=0.6807 best=0.7804
           router_load=[0.14754383265972137, 0.399986207485199, 0.32570546865463257, 0.1267644613981247]
[step 0240/1000] method=baseline_avg loss=0.4137 train_acc=0.8312 train_loss=0.3732 val_acc=0.7804 val_loss=0.4792 router_H=0.6807 best=0.7804
           router_load=[0.14754383265972137, 0.399986207485199, 0.32570546865463257, 0.1267644613981247]
[step 0250/1000] method=baseline_avg loss=0.5141 train_acc=0.8312 train_loss=0.3732 val_acc=0.7804 val_loss=0.4792 router_H=0.6807 best=0.7804
           router_load=[0.14754383265972137, 0.399986207485199, 0.32570546865463257, 0.1267644613981247]
[step 0260/1000] method=baseline_avg loss=0.4545 train_acc=0.8312 train_loss=0.3732 val_acc=0.7804 val_loss=0.4792 router_H=0.6807 best=0.7804
           router_load=[0.14754383265972137, 0.399986207485199, 0.32570546865463257, 0.1267644613981247]
[step 0270/1000] method=baseline_avg loss=0.3605 train_acc=0.8312 train_loss=0.3732 val_acc=0.7804 val_loss=0.4792 router_H=0.6807 best=0.7804
           router_load=[0.14754383265972137, 0.399986207485199, 0.32570546865463257, 0.1267644613981247]
[step 0280/1000] method=baseline_avg loss=0.3541 train_acc=0.8312 train_loss=0.3732 val_acc=0.7804 val_loss=0.4792 router_H=0.6807 best=0.7804
           router_load=[0.14754383265972137, 0.399986207485199, 0.32570546865463257, 0.1267644613981247]
[step 0290/1000] method=baseline_avg loss=0.3667 train_acc=0.8312 train_loss=0.3732 val_acc=0.7804 val_loss=0.4792 router_H=0.6807 best=0.7804
           router_load=[0.14754383265972137, 0.399986207485199, 0.32570546865463257, 0.1267644613981247]
[step 0300/1000] method=baseline_avg loss=0.4873 train_acc=0.8806 train_loss=0.2976 val_acc=0.7809 val_loss=0.5073 router_H=0.6743 best=0.7809
           router_load=[0.15217170119285583, 0.4277462661266327, 0.2987106442451477, 0.1213713064789772]
[step 0310/1000] method=baseline_avg loss=0.4025 train_acc=0.8806 train_loss=0.2976 val_acc=0.7809 val_loss=0.5073 router_H=0.6743 best=0.7809
           router_load=[0.15217170119285583, 0.4277462661266327, 0.2987106442451477, 0.1213713064789772]
[step 0320/1000] method=baseline_avg loss=0.4077 train_acc=0.8806 train_loss=0.2976 val_acc=0.7809 val_loss=0.5073 router_H=0.6743 best=0.7809
           router_load=[0.15217170119285583, 0.4277462661266327, 0.2987106442451477, 0.1213713064789772]
[step 0330/1000] method=baseline_avg loss=0.3160 train_acc=0.8806 train_loss=0.2976 val_acc=0.7809 val_loss=0.5073 router_H=0.6743 best=0.7809
           router_load=[0.15217170119285583, 0.4277462661266327, 0.2987106442451477, 0.1213713064789772]
[step 0340/1000] method=baseline_avg loss=0.4464 train_acc=0.8806 train_loss=0.2976 val_acc=0.7809 val_loss=0.5073 router_H=0.6743 best=0.7809
           router_load=[0.15217170119285583, 0.4277462661266327, 0.2987106442451477, 0.1213713064789772]
[step 0350/1000] method=baseline_avg loss=0.3015 train_acc=0.8806 train_loss=0.2976 val_acc=0.7809 val_loss=0.5073 router_H=0.6743 best=0.7809
           router_load=[0.15217170119285583, 0.4277462661266327, 0.2987106442451477, 0.1213713064789772]
[step 0360/1000] method=baseline_avg loss=0.3194 train_acc=0.8806 train_loss=0.2976 val_acc=0.7809 val_loss=0.5073 router_H=0.6743 best=0.7809
           router_load=[0.15217170119285583, 0.4277462661266327, 0.2987106442451477, 0.1213713064789772]
[step 0370/1000] method=baseline_avg loss=0.3734 train_acc=0.8806 train_loss=0.2976 val_acc=0.7809 val_loss=0.5073 router_H=0.6743 best=0.7809
           router_load=[0.15217170119285583, 0.4277462661266327, 0.2987106442451477, 0.1213713064789772]
[step 0380/1000] method=baseline_avg loss=0.3411 train_acc=0.8806 train_loss=0.2976 val_acc=0.7809 val_loss=0.5073 router_H=0.6743 best=0.7809
           router_load=[0.15217170119285583, 0.4277462661266327, 0.2987106442451477, 0.1213713064789772]
[step 0390/1000] method=baseline_avg loss=0.3357 train_acc=0.8806 train_loss=0.2976 val_acc=0.7809 val_loss=0.5073 router_H=0.6743 best=0.7809
           router_load=[0.15217170119285583, 0.4277462661266327, 0.2987106442451477, 0.1213713064789772]
[step 0400/1000] method=baseline_avg loss=0.3263 train_acc=0.9254 train_loss=0.1997 val_acc=0.7885 val_loss=0.5253 router_H=0.6755 best=0.7885
           router_load=[0.1435375064611435, 0.39757150411605835, 0.3264082968235016, 0.13248278200626373]
[step 0410/1000] method=baseline_avg loss=0.2259 train_acc=0.9254 train_loss=0.1997 val_acc=0.7885 val_loss=0.5253 router_H=0.6755 best=0.7885
           router_load=[0.1435375064611435, 0.39757150411605835, 0.3264082968235016, 0.13248278200626373]
[step 0420/1000] method=baseline_avg loss=0.2515 train_acc=0.9254 train_loss=0.1997 val_acc=0.7885 val_loss=0.5253 router_H=0.6755 best=0.7885
           router_load=[0.1435375064611435, 0.39757150411605835, 0.3264082968235016, 0.13248278200626373]
[step 0430/1000] method=baseline_avg loss=0.2989 train_acc=0.9254 train_loss=0.1997 val_acc=0.7885 val_loss=0.5253 router_H=0.6755 best=0.7885
           router_load=[0.1435375064611435, 0.39757150411605835, 0.3264082968235016, 0.13248278200626373]
[step 0440/1000] method=baseline_avg loss=0.2748 train_acc=0.9254 train_loss=0.1997 val_acc=0.7885 val_loss=0.5253 router_H=0.6755 best=0.7885
           router_load=[0.1435375064611435, 0.39757150411605835, 0.3264082968235016, 0.13248278200626373]
[step 0450/1000] method=baseline_avg loss=0.3580 train_acc=0.9254 train_loss=0.1997 val_acc=0.7885 val_loss=0.5253 router_H=0.6755 best=0.7885
           router_load=[0.1435375064611435, 0.39757150411605835, 0.3264082968235016, 0.13248278200626373]
[step 0460/1000] method=baseline_avg loss=0.3124 train_acc=0.9254 train_loss=0.1997 val_acc=0.7885 val_loss=0.5253 router_H=0.6755 best=0.7885
           router_load=[0.1435375064611435, 0.39757150411605835, 0.3264082968235016, 0.13248278200626373]
[step 0470/1000] method=baseline_avg loss=0.2843 train_acc=0.9254 train_loss=0.1997 val_acc=0.7885 val_loss=0.5253 router_H=0.6755 best=0.7885
           router_load=[0.1435375064611435, 0.39757150411605835, 0.3264082968235016, 0.13248278200626373]
[step 0480/1000] method=baseline_avg loss=0.3062 train_acc=0.9254 train_loss=0.1997 val_acc=0.7885 val_loss=0.5253 router_H=0.6755 best=0.7885
           router_load=[0.1435375064611435, 0.39757150411605835, 0.3264082968235016, 0.13248278200626373]
[step 0490/1000] method=baseline_avg loss=0.3199 train_acc=0.9254 train_loss=0.1997 val_acc=0.7885 val_loss=0.5253 router_H=0.6755 best=0.7885
           router_load=[0.1435375064611435, 0.39757150411605835, 0.3264082968235016, 0.13248278200626373]
[step 0500/1000] method=baseline_avg loss=0.2140 train_acc=0.9385 train_loss=0.1588 val_acc=0.7892 val_loss=0.5944 router_H=0.6688 best=0.7892
           router_load=[0.13067211210727692, 0.3651052713394165, 0.3842811584472656, 0.11994140595197678]
[step 0510/1000] method=baseline_avg loss=0.1999 train_acc=0.9385 train_loss=0.1588 val_acc=0.7892 val_loss=0.5944 router_H=0.6688 best=0.7892
           router_load=[0.13067211210727692, 0.3651052713394165, 0.3842811584472656, 0.11994140595197678]
[step 0520/1000] method=baseline_avg loss=0.2804 train_acc=0.9385 train_loss=0.1588 val_acc=0.7892 val_loss=0.5944 router_H=0.6688 best=0.7892
           router_load=[0.13067211210727692, 0.3651052713394165, 0.3842811584472656, 0.11994140595197678]
[step 0530/1000] method=baseline_avg loss=0.2417 train_acc=0.9385 train_loss=0.1588 val_acc=0.7892 val_loss=0.5944 router_H=0.6688 best=0.7892
           router_load=[0.13067211210727692, 0.3651052713394165, 0.3842811584472656, 0.11994140595197678]
[step 0540/1000] method=baseline_avg loss=0.3124 train_acc=0.9385 train_loss=0.1588 val_acc=0.7892 val_loss=0.5944 router_H=0.6688 best=0.7892
           router_load=[0.13067211210727692, 0.3651052713394165, 0.3842811584472656, 0.11994140595197678]
[step 0550/1000] method=baseline_avg loss=0.1787 train_acc=0.9385 train_loss=0.1588 val_acc=0.7892 val_loss=0.5944 router_H=0.6688 best=0.7892
           router_load=[0.13067211210727692, 0.3651052713394165, 0.3842811584472656, 0.11994140595197678]
[step 0560/1000] method=baseline_avg loss=0.1512 train_acc=0.9385 train_loss=0.1588 val_acc=0.7892 val_loss=0.5944 router_H=0.6688 best=0.7892
           router_load=[0.13067211210727692, 0.3651052713394165, 0.3842811584472656, 0.11994140595197678]
[step 0570/1000] method=baseline_avg loss=0.1425 train_acc=0.9385 train_loss=0.1588 val_acc=0.7892 val_loss=0.5944 router_H=0.6688 best=0.7892
           router_load=[0.13067211210727692, 0.3651052713394165, 0.3842811584472656, 0.11994140595197678]
[step 0580/1000] method=baseline_avg loss=0.1475 train_acc=0.9385 train_loss=0.1588 val_acc=0.7892 val_loss=0.5944 router_H=0.6688 best=0.7892
           router_load=[0.13067211210727692, 0.3651052713394165, 0.3842811584472656, 0.11994140595197678]
[step 0590/1000] method=baseline_avg loss=0.1289 train_acc=0.9385 train_loss=0.1588 val_acc=0.7892 val_loss=0.5944 router_H=0.6688 best=0.7892
           router_load=[0.13067211210727692, 0.3651052713394165, 0.3842811584472656, 0.11994140595197678]
[step 0600/1000] method=baseline_avg loss=0.1910 train_acc=0.9555 train_loss=0.1158 val_acc=0.7927 val_loss=0.7302 router_H=0.6438 best=0.7927
           router_load=[0.12808601558208466, 0.317366361618042, 0.4416702389717102, 0.11287739872932434]
[step 0610/1000] method=baseline_avg loss=0.1887 train_acc=0.9555 train_loss=0.1158 val_acc=0.7927 val_loss=0.7302 router_H=0.6438 best=0.7927
           router_load=[0.12808601558208466, 0.317366361618042, 0.4416702389717102, 0.11287739872932434]
[step 0620/1000] method=baseline_avg loss=0.2942 train_acc=0.9555 train_loss=0.1158 val_acc=0.7927 val_loss=0.7302 router_H=0.6438 best=0.7927
           router_load=[0.12808601558208466, 0.317366361618042, 0.4416702389717102, 0.11287739872932434]
[step 0630/1000] method=baseline_avg loss=0.1693 train_acc=0.9555 train_loss=0.1158 val_acc=0.7927 val_loss=0.7302 router_H=0.6438 best=0.7927
           router_load=[0.12808601558208466, 0.317366361618042, 0.4416702389717102, 0.11287739872932434]
[step 0640/1000] method=baseline_avg loss=0.2202 train_acc=0.9555 train_loss=0.1158 val_acc=0.7927 val_loss=0.7302 router_H=0.6438 best=0.7927
           router_load=[0.12808601558208466, 0.317366361618042, 0.4416702389717102, 0.11287739872932434]
[step 0650/1000] method=baseline_avg loss=0.2314 train_acc=0.9555 train_loss=0.1158 val_acc=0.7927 val_loss=0.7302 router_H=0.6438 best=0.7927
           router_load=[0.12808601558208466, 0.317366361618042, 0.4416702389717102, 0.11287739872932434]
[step 0660/1000] method=baseline_avg loss=0.1534 train_acc=0.9555 train_loss=0.1158 val_acc=0.7927 val_loss=0.7302 router_H=0.6438 best=0.7927
           router_load=[0.12808601558208466, 0.317366361618042, 0.4416702389717102, 0.11287739872932434]
[step 0670/1000] method=baseline_avg loss=0.2399 train_acc=0.9555 train_loss=0.1158 val_acc=0.7927 val_loss=0.7302 router_H=0.6438 best=0.7927
           router_load=[0.12808601558208466, 0.317366361618042, 0.4416702389717102, 0.11287739872932434]
[step 0680/1000] method=baseline_avg loss=0.1289 train_acc=0.9555 train_loss=0.1158 val_acc=0.7927 val_loss=0.7302 router_H=0.6438 best=0.7927
           router_load=[0.12808601558208466, 0.317366361618042, 0.4416702389717102, 0.11287739872932434]
[step 0690/1000] method=baseline_avg loss=0.1970 train_acc=0.9555 train_loss=0.1158 val_acc=0.7927 val_loss=0.7302 router_H=0.6438 best=0.7927
           router_load=[0.12808601558208466, 0.317366361618042, 0.4416702389717102, 0.11287739872932434]
[step 0700/1000] method=baseline_avg loss=0.1595 train_acc=0.9680 train_loss=0.0876 val_acc=0.7884 val_loss=0.8014 router_H=0.6415 best=0.7927
           router_load=[0.17207640409469604, 0.2983893156051636, 0.4118950068950653, 0.11763928830623627]
[step 0710/1000] method=baseline_avg loss=0.1987 train_acc=0.9680 train_loss=0.0876 val_acc=0.7884 val_loss=0.8014 router_H=0.6415 best=0.7927
           router_load=[0.17207640409469604, 0.2983893156051636, 0.4118950068950653, 0.11763928830623627]
[step 0720/1000] method=baseline_avg loss=0.1434 train_acc=0.9680 train_loss=0.0876 val_acc=0.7884 val_loss=0.8014 router_H=0.6415 best=0.7927
           router_load=[0.17207640409469604, 0.2983893156051636, 0.4118950068950653, 0.11763928830623627]
[step 0730/1000] method=baseline_avg loss=0.1378 train_acc=0.9680 train_loss=0.0876 val_acc=0.7884 val_loss=0.8014 router_H=0.6415 best=0.7927
           router_load=[0.17207640409469604, 0.2983893156051636, 0.4118950068950653, 0.11763928830623627]
[step 0740/1000] method=baseline_avg loss=0.1774 train_acc=0.9680 train_loss=0.0876 val_acc=0.7884 val_loss=0.8014 router_H=0.6415 best=0.7927
           router_load=[0.17207640409469604, 0.2983893156051636, 0.4118950068950653, 0.11763928830623627]
[step 0750/1000] method=baseline_avg loss=0.1337 train_acc=0.9680 train_loss=0.0876 val_acc=0.7884 val_loss=0.8014 router_H=0.6415 best=0.7927
           router_load=[0.17207640409469604, 0.2983893156051636, 0.4118950068950653, 0.11763928830623627]
[step 0760/1000] method=baseline_avg loss=0.1637 train_acc=0.9680 train_loss=0.0876 val_acc=0.7884 val_loss=0.8014 router_H=0.6415 best=0.7927
           router_load=[0.17207640409469604, 0.2983893156051636, 0.4118950068950653, 0.11763928830623627]
[step 0770/1000] method=baseline_avg loss=0.0955 train_acc=0.9680 train_loss=0.0876 val_acc=0.7884 val_loss=0.8014 router_H=0.6415 best=0.7927
           router_load=[0.17207640409469604, 0.2983893156051636, 0.4118950068950653, 0.11763928830623627]
[step 0780/1000] method=baseline_avg loss=0.0964 train_acc=0.9680 train_loss=0.0876 val_acc=0.7884 val_loss=0.8014 router_H=0.6415 best=0.7927
           router_load=[0.17207640409469604, 0.2983893156051636, 0.4118950068950653, 0.11763928830623627]
[step 0790/1000] method=baseline_avg loss=0.2412 train_acc=0.9680 train_loss=0.0876 val_acc=0.7884 val_loss=0.8014 router_H=0.6415 best=0.7927
           router_load=[0.17207640409469604, 0.2983893156051636, 0.4118950068950653, 0.11763928830623627]
[step 0800/1000] method=baseline_avg loss=0.1306 train_acc=0.9676 train_loss=0.0884 val_acc=0.7850 val_loss=0.8967 router_H=0.6417 best=0.7927
           router_load=[0.17833900451660156, 0.2893931567668915, 0.40878400206565857, 0.12348372489213943]
[step 0810/1000] method=baseline_avg loss=0.1044 train_acc=0.9676 train_loss=0.0884 val_acc=0.7850 val_loss=0.8967 router_H=0.6417 best=0.7927
           router_load=[0.17833900451660156, 0.2893931567668915, 0.40878400206565857, 0.12348372489213943]
[step 0820/1000] method=baseline_avg loss=0.1462 train_acc=0.9676 train_loss=0.0884 val_acc=0.7850 val_loss=0.8967 router_H=0.6417 best=0.7927
           router_load=[0.17833900451660156, 0.2893931567668915, 0.40878400206565857, 0.12348372489213943]
[step 0830/1000] method=baseline_avg loss=0.1957 train_acc=0.9676 train_loss=0.0884 val_acc=0.7850 val_loss=0.8967 router_H=0.6417 best=0.7927
           router_load=[0.17833900451660156, 0.2893931567668915, 0.40878400206565857, 0.12348372489213943]
[step 0840/1000] method=baseline_avg loss=0.2069 train_acc=0.9676 train_loss=0.0884 val_acc=0.7850 val_loss=0.8967 router_H=0.6417 best=0.7927
           router_load=[0.17833900451660156, 0.2893931567668915, 0.40878400206565857, 0.12348372489213943]
[step 0850/1000] method=baseline_avg loss=0.1020 train_acc=0.9676 train_loss=0.0884 val_acc=0.7850 val_loss=0.8967 router_H=0.6417 best=0.7927
           router_load=[0.17833900451660156, 0.2893931567668915, 0.40878400206565857, 0.12348372489213943]
[step 0860/1000] method=baseline_avg loss=0.1317 train_acc=0.9676 train_loss=0.0884 val_acc=0.7850 val_loss=0.8967 router_H=0.6417 best=0.7927
           router_load=[0.17833900451660156, 0.2893931567668915, 0.40878400206565857, 0.12348372489213943]
[step 0870/1000] method=baseline_avg loss=0.1222 train_acc=0.9676 train_loss=0.0884 val_acc=0.7850 val_loss=0.8967 router_H=0.6417 best=0.7927
           router_load=[0.17833900451660156, 0.2893931567668915, 0.40878400206565857, 0.12348372489213943]
[step 0880/1000] method=baseline_avg loss=0.0931 train_acc=0.9676 train_loss=0.0884 val_acc=0.7850 val_loss=0.8967 router_H=0.6417 best=0.7927
           router_load=[0.17833900451660156, 0.2893931567668915, 0.40878400206565857, 0.12348372489213943]
[step 0890/1000] method=baseline_avg loss=0.1442 train_acc=0.9676 train_loss=0.0884 val_acc=0.7850 val_loss=0.8967 router_H=0.6417 best=0.7927
           router_load=[0.17833900451660156, 0.2893931567668915, 0.40878400206565857, 0.12348372489213943]
[step 0900/1000] method=baseline_avg loss=0.1065 train_acc=0.9789 train_loss=0.0648 val_acc=0.7866 val_loss=0.9485 router_H=0.5871 best=0.7927
           router_load=[0.15424874424934387, 0.20253361761569977, 0.4764818251132965, 0.16673582792282104]
[step 0910/1000] method=baseline_avg loss=0.1462 train_acc=0.9789 train_loss=0.0648 val_acc=0.7866 val_loss=0.9485 router_H=0.5871 best=0.7927
           router_load=[0.15424874424934387, 0.20253361761569977, 0.4764818251132965, 0.16673582792282104]
[step 0920/1000] method=baseline_avg loss=0.2921 train_acc=0.9789 train_loss=0.0648 val_acc=0.7866 val_loss=0.9485 router_H=0.5871 best=0.7927
           router_load=[0.15424874424934387, 0.20253361761569977, 0.4764818251132965, 0.16673582792282104]
[step 0930/1000] method=baseline_avg loss=0.0697 train_acc=0.9789 train_loss=0.0648 val_acc=0.7866 val_loss=0.9485 router_H=0.5871 best=0.7927
           router_load=[0.15424874424934387, 0.20253361761569977, 0.4764818251132965, 0.16673582792282104]
[step 0940/1000] method=baseline_avg loss=0.0951 train_acc=0.9789 train_loss=0.0648 val_acc=0.7866 val_loss=0.9485 router_H=0.5871 best=0.7927
           router_load=[0.15424874424934387, 0.20253361761569977, 0.4764818251132965, 0.16673582792282104]
[step 0950/1000] method=baseline_avg loss=0.1920 train_acc=0.9789 train_loss=0.0648 val_acc=0.7866 val_loss=0.9485 router_H=0.5871 best=0.7927
           router_load=[0.15424874424934387, 0.20253361761569977, 0.4764818251132965, 0.16673582792282104]
[step 0960/1000] method=baseline_avg loss=0.0916 train_acc=0.9789 train_loss=0.0648 val_acc=0.7866 val_loss=0.9485 router_H=0.5871 best=0.7927
           router_load=[0.15424874424934387, 0.20253361761569977, 0.4764818251132965, 0.16673582792282104]
[step 0970/1000] method=baseline_avg loss=0.1064 train_acc=0.9789 train_loss=0.0648 val_acc=0.7866 val_loss=0.9485 router_H=0.5871 best=0.7927
           router_load=[0.15424874424934387, 0.20253361761569977, 0.4764818251132965, 0.16673582792282104]
[step 0980/1000] method=baseline_avg loss=0.1165 train_acc=0.9789 train_loss=0.0648 val_acc=0.7866 val_loss=0.9485 router_H=0.5871 best=0.7927
           router_load=[0.15424874424934387, 0.20253361761569977, 0.4764818251132965, 0.16673582792282104]
[step 0990/1000] method=baseline_avg loss=0.0836 train_acc=0.9789 train_loss=0.0648 val_acc=0.7866 val_loss=0.9485 router_H=0.5871 best=0.7927
           router_load=[0.15424874424934387, 0.20253361761569977, 0.4764818251132965, 0.16673582792282104]
[step 1000/1000] method=baseline_avg loss=0.1547 train_acc=0.9788 train_loss=0.0614 val_acc=0.7973 val_loss=0.8820 router_H=0.5386 best=0.7973
           router_load=[0.12813399732112885, 0.18065111339092255, 0.5437251329421997, 0.1474897712469101]
saved summary -> /home/zhujjing/MOE-grad-conflict-routing/runs/paper_suite/single_gpu/multi_task/glue4_gpt2_lora_e4_k2/final/baseline_s2.json
saved curve -> /home/zhujjing/MOE-grad-conflict-routing/runs/paper_suite/single_gpu/multi_task/glue4_gpt2_lora_e4_k2/final/baseline_s2_curve.csv
