[run] method=ours candidate=local_var_topk_002 seed=3 steps=150 gpu=0
[run] cmd=
/home/zhujjing/anaconda3/envs/moe/bin/python /home/zhujjing/MOE-grad-conflict-routing/scripts/run.py --config configs/singletask_mrpc_real.yaml --set model.backbone_backend=hf --set model.hf_load_pretrained=true --set model.hf_local_files_only=true --set model.backbone=roberta --set model.hf_pretrained_name=roberta-base --set model.expert_type=lora --set model.routing_mode=topk --set model.num_experts=4 --set model.top_k=2 --set seed=3 --set method.name=ours --set train.steps=150 --set train.eval_every_steps=50 --set method.ours.use_load_norm=true --set method.ours.lambda_align=0.0001328949179 --set train.grad_clip=2 --set train.lr=2.1166733e-05 --set train.weight_decay=0 --out /home/zhujjing/MOE-grad-conflict-routing/runs/paper_suite/single_gpu/single_task/roberta_mrpc_lora_e4_k2_supplement/hpo/ours/trial_runs/local_var_topk_002/ours_s3.json --curve_out /home/zhujjing/MOE-grad-conflict-routing/runs/paper_suite/single_gpu/single_task/roberta_mrpc_lora_e4_k2_supplement/hpo/ours/trial_runs/local_var_topk_002/ours_s3_curve.csv
Using the latest cached version of the dataset since glue couldn't be found on the Hugging Face Hub (offline mode is enabled).
Found the latest cached dataset configuration 'mrpc' at /home/zhujjing/hf_cache/datasets/glue/mrpc/0.0.0/bcdcba79d07bc864c1c254ccfcedcce55bcc9a8c (last modified on Thu Mar 19 15:01:06 2026).
/home/zhujjing/anaconda3/envs/moe/lib/python3.10/site-packages/transformers/utils/hub.py:124: FutureWarning: Using `TRANSFORMERS_CACHE` is deprecated and will be removed in v5 of Transformers. Use `HF_HOME` instead.
  warnings.warn(
Some weights of RobertaModel were not initialized from the model checkpoint at roberta-base and are newly initialized: ['roberta.pooler.dense.bias', 'roberta.pooler.dense.weight']
You should probably TRAIN this model on a down-stream task to be able to use it for predictions and inference.
[step 0001/150] method=ours loss=0.6450 train_acc=nan train_loss=nan val_acc=nan val_loss=nan best=-1.0000
[step 0010/150] method=ours loss=0.7149 train_acc=nan train_loss=nan val_acc=nan val_loss=nan best=-1.0000
[step 0020/150] method=ours loss=0.5672 train_acc=nan train_loss=nan val_acc=nan val_loss=nan best=-1.0000
[step 0030/150] method=ours loss=0.5866 train_acc=nan train_loss=nan val_acc=nan val_loss=nan best=-1.0000
[step 0040/150] method=ours loss=0.5267 train_acc=nan train_loss=nan val_acc=nan val_loss=nan best=-1.0000
[step 0050/150] method=ours loss=0.4329 train_acc=0.7717 train_loss=0.4416 val_acc=0.8015 val_loss=0.4527 router_H=0.6803 best=0.8015
           router_load=[0.02322891727089882, 0.40591347217559814, 0.5666933655738831, 0.004164133686572313]
[step 0060/150] method=ours loss=0.4931 train_acc=0.7717 train_loss=0.4416 val_acc=0.8015 val_loss=0.4527 router_H=0.6803 best=0.8015
           router_load=[0.02322891727089882, 0.40591347217559814, 0.5666933655738831, 0.004164133686572313]
[step 0070/150] method=ours loss=0.3373 train_acc=0.7717 train_loss=0.4416 val_acc=0.8015 val_loss=0.4527 router_H=0.6803 best=0.8015
           router_load=[0.02322891727089882, 0.40591347217559814, 0.5666933655738831, 0.004164133686572313]
[step 0080/150] method=ours loss=0.3783 train_acc=0.7717 train_loss=0.4416 val_acc=0.8015 val_loss=0.4527 router_H=0.6803 best=0.8015
           router_load=[0.02322891727089882, 0.40591347217559814, 0.5666933655738831, 0.004164133686572313]
[step 0090/150] method=ours loss=0.7496 train_acc=0.7717 train_loss=0.4416 val_acc=0.8015 val_loss=0.4527 router_H=0.6803 best=0.8015
           router_load=[0.02322891727089882, 0.40591347217559814, 0.5666933655738831, 0.004164133686572313]
[step 0100/150] method=ours loss=0.4691 train_acc=0.8261 train_loss=0.3808 val_acc=0.8162 val_loss=0.3977 router_H=0.6750 best=0.8162
           router_load=[0.029115712270140648, 0.38077735900878906, 0.5845852494239807, 0.005521710030734539]
[step 0110/150] method=ours loss=0.3517 train_acc=0.8261 train_loss=0.3808 val_acc=0.8162 val_loss=0.3977 router_H=0.6750 best=0.8162
           router_load=[0.029115712270140648, 0.38077735900878906, 0.5845852494239807, 0.005521710030734539]
[step 0120/150] method=ours loss=0.3031 train_acc=0.8261 train_loss=0.3808 val_acc=0.8162 val_loss=0.3977 router_H=0.6750 best=0.8162
           router_load=[0.029115712270140648, 0.38077735900878906, 0.5845852494239807, 0.005521710030734539]
[step 0130/150] method=ours loss=0.3082 train_acc=0.8261 train_loss=0.3808 val_acc=0.8162 val_loss=0.3977 router_H=0.6750 best=0.8162
           router_load=[0.029115712270140648, 0.38077735900878906, 0.5845852494239807, 0.005521710030734539]
[step 0140/150] method=ours loss=0.5733 train_acc=0.8261 train_loss=0.3808 val_acc=0.8162 val_loss=0.3977 router_H=0.6750 best=0.8162
           router_load=[0.029115712270140648, 0.38077735900878906, 0.5845852494239807, 0.005521710030734539]
[step 0150/150] method=ours loss=0.5590 train_acc=0.8750 train_loss=0.3317 val_acc=0.8407 val_loss=0.3701 router_H=0.6553 best=0.8407
           router_load=[0.004444585181772709, 0.37373480200767517, 0.6207402348518372, 0.0010802854085341096]
saved summary -> /home/zhujjing/MOE-grad-conflict-routing/runs/paper_suite/single_gpu/single_task/roberta_mrpc_lora_e4_k2_supplement/hpo/ours/trial_runs/local_var_topk_002/ours_s3.json
saved curve -> /home/zhujjing/MOE-grad-conflict-routing/runs/paper_suite/single_gpu/single_task/roberta_mrpc_lora_e4_k2_supplement/hpo/ours/trial_runs/local_var_topk_002/ours_s3_curve.csv
