[run] method=ours candidate=local_var_topk_006 seed=3 steps=150 gpu=0
[run] cmd=
/home/zhujjing/anaconda3/envs/moe/bin/python /home/zhujjing/MOE-grad-conflict-routing/scripts/run.py --config configs/singletask_mrpc_real.yaml --set model.backbone_backend=hf --set model.hf_load_pretrained=true --set model.hf_local_files_only=true --set model.backbone=roberta --set model.hf_pretrained_name=roberta-base --set model.expert_type=lora --set model.routing_mode=topk --set model.num_experts=4 --set model.top_k=2 --set seed=3 --set method.name=ours --set train.steps=150 --set train.eval_every_steps=50 --set method.ours.use_load_norm=true --set method.ours.lambda_align=0.0001328949179 --set train.grad_clip=1.503542842 --set train.lr=2.1166733e-05 --set train.weight_decay=0.02 --out /home/zhujjing/MOE-grad-conflict-routing/runs/paper_suite/single_gpu/single_task/roberta_mrpc_lora_e4_k2_supplement/hpo/ours/trial_runs/local_var_topk_006/ours_s3.json --curve_out /home/zhujjing/MOE-grad-conflict-routing/runs/paper_suite/single_gpu/single_task/roberta_mrpc_lora_e4_k2_supplement/hpo/ours/trial_runs/local_var_topk_006/ours_s3_curve.csv
Using the latest cached version of the dataset since glue couldn't be found on the Hugging Face Hub (offline mode is enabled).
Found the latest cached dataset configuration 'mrpc' at /home/zhujjing/hf_cache/datasets/glue/mrpc/0.0.0/bcdcba79d07bc864c1c254ccfcedcce55bcc9a8c (last modified on Thu Mar 19 15:01:06 2026).
/home/zhujjing/anaconda3/envs/moe/lib/python3.10/site-packages/transformers/utils/hub.py:124: FutureWarning: Using `TRANSFORMERS_CACHE` is deprecated and will be removed in v5 of Transformers. Use `HF_HOME` instead.
  warnings.warn(
Some weights of RobertaModel were not initialized from the model checkpoint at roberta-base and are newly initialized: ['roberta.pooler.dense.bias', 'roberta.pooler.dense.weight']
You should probably TRAIN this model on a down-stream task to be able to use it for predictions and inference.
[step 0001/150] method=ours loss=0.8971 train_acc=nan train_loss=nan val_acc=nan val_loss=nan best=-1.0000
[step 0010/150] method=ours loss=0.8950 train_acc=nan train_loss=nan val_acc=nan val_loss=nan best=-1.0000
[step 0020/150] method=ours loss=0.5730 train_acc=nan train_loss=nan val_acc=nan val_loss=nan best=-1.0000
[step 0030/150] method=ours loss=0.5853 train_acc=nan train_loss=nan val_acc=nan val_loss=nan best=-1.0000
[step 0040/150] method=ours loss=0.6319 train_acc=nan train_loss=nan val_acc=nan val_loss=nan best=-1.0000
[step 0050/150] method=ours loss=0.4766 train_acc=0.7391 train_loss=0.4942 val_acc=0.7230 val_loss=0.5033 router_H=0.6682 best=0.7230
           router_load=[0.6066352725028992, 0.380077987909317, 0.01328665018081665, 0.0]
[step 0060/150] method=ours loss=0.5233 train_acc=0.7391 train_loss=0.4942 val_acc=0.7230 val_loss=0.5033 router_H=0.6682 best=0.7230
           router_load=[0.6066352725028992, 0.380077987909317, 0.01328665018081665, 0.0]
[step 0070/150] method=ours loss=0.5437 train_acc=0.7391 train_loss=0.4942 val_acc=0.7230 val_loss=0.5033 router_H=0.6682 best=0.7230
           router_load=[0.6066352725028992, 0.380077987909317, 0.01328665018081665, 0.0]
[step 0080/150] method=ours loss=0.4892 train_acc=0.7391 train_loss=0.4942 val_acc=0.7230 val_loss=0.5033 router_H=0.6682 best=0.7230
           router_load=[0.6066352725028992, 0.380077987909317, 0.01328665018081665, 0.0]
[step 0090/150] method=ours loss=0.5592 train_acc=0.7391 train_loss=0.4942 val_acc=0.7230 val_loss=0.5033 router_H=0.6682 best=0.7230
           router_load=[0.6066352725028992, 0.380077987909317, 0.01328665018081665, 0.0]
[step 0100/150] method=ours loss=0.5344 train_acc=0.8342 train_loss=0.3873 val_acc=0.8333 val_loss=0.3731 router_H=0.6754 best=0.8333
           router_load=[0.5871585607528687, 0.3765103220939636, 0.036331161856651306, 0.0]
[step 0110/150] method=ours loss=0.4653 train_acc=0.8342 train_loss=0.3873 val_acc=0.8333 val_loss=0.3731 router_H=0.6754 best=0.8333
           router_load=[0.5871585607528687, 0.3765103220939636, 0.036331161856651306, 0.0]
[step 0120/150] method=ours loss=0.3144 train_acc=0.8342 train_loss=0.3873 val_acc=0.8333 val_loss=0.3731 router_H=0.6754 best=0.8333
           router_load=[0.5871585607528687, 0.3765103220939636, 0.036331161856651306, 0.0]
[step 0130/150] method=ours loss=0.3277 train_acc=0.8342 train_loss=0.3873 val_acc=0.8333 val_loss=0.3731 router_H=0.6754 best=0.8333
           router_load=[0.5871585607528687, 0.3765103220939636, 0.036331161856651306, 0.0]
[step 0140/150] method=ours loss=0.5933 train_acc=0.8342 train_loss=0.3873 val_acc=0.8333 val_loss=0.3731 router_H=0.6754 best=0.8333
           router_load=[0.5871585607528687, 0.3765103220939636, 0.036331161856651306, 0.0]
[step 0150/150] method=ours loss=0.4430 train_acc=0.8832 train_loss=0.3146 val_acc=0.8480 val_loss=0.3598 router_H=0.6715 best=0.8480
           router_load=[0.5984014868736267, 0.288221538066864, 0.11337710171937943, 0.0]
saved summary -> /home/zhujjing/MOE-grad-conflict-routing/runs/paper_suite/single_gpu/single_task/roberta_mrpc_lora_e4_k2_supplement/hpo/ours/trial_runs/local_var_topk_006/ours_s3.json
saved curve -> /home/zhujjing/MOE-grad-conflict-routing/runs/paper_suite/single_gpu/single_task/roberta_mrpc_lora_e4_k2_supplement/hpo/ours/trial_runs/local_var_topk_006/ours_s3_curve.csv
