[run] method=ours candidate=local_var_topk_009 seed=3 steps=150 gpu=0
[run] cmd=
/home/zhujjing/anaconda3/envs/moe/bin/python /home/zhujjing/MOE-grad-conflict-routing/scripts/run.py --config configs/singletask_mrpc_real.yaml --set model.backbone_backend=hf --set model.hf_load_pretrained=true --set model.hf_local_files_only=true --set model.backbone=roberta --set model.hf_pretrained_name=roberta-base --set model.expert_type=lora --set model.routing_mode=topk --set model.num_experts=4 --set model.top_k=2 --set seed=3 --set method.name=ours --set train.steps=150 --set train.eval_every_steps=50 --set method.ours.use_load_norm=true --set method.ours.lambda_align=0.0001328949179 --set train.grad_clip=1.503542842 --set train.lr=4.2333466e-05 --set train.weight_decay=0 --out /home/zhujjing/MOE-grad-conflict-routing/runs/paper_suite/single_gpu/single_task/roberta_mrpc_lora_e4_k2_supplement/hpo/ours/trial_runs/local_var_topk_009/ours_s3.json --curve_out /home/zhujjing/MOE-grad-conflict-routing/runs/paper_suite/single_gpu/single_task/roberta_mrpc_lora_e4_k2_supplement/hpo/ours/trial_runs/local_var_topk_009/ours_s3_curve.csv
Using the latest cached version of the dataset since glue couldn't be found on the Hugging Face Hub (offline mode is enabled).
Found the latest cached dataset configuration 'mrpc' at /home/zhujjing/hf_cache/datasets/glue/mrpc/0.0.0/bcdcba79d07bc864c1c254ccfcedcce55bcc9a8c (last modified on Thu Mar 19 15:01:06 2026).
/home/zhujjing/anaconda3/envs/moe/lib/python3.10/site-packages/transformers/utils/hub.py:124: FutureWarning: Using `TRANSFORMERS_CACHE` is deprecated and will be removed in v5 of Transformers. Use `HF_HOME` instead.
  warnings.warn(
Some weights of RobertaModel were not initialized from the model checkpoint at roberta-base and are newly initialized: ['roberta.pooler.dense.bias', 'roberta.pooler.dense.weight']
You should probably TRAIN this model on a down-stream task to be able to use it for predictions and inference.
[step 0001/150] method=ours loss=0.7063 train_acc=nan train_loss=nan val_acc=nan val_loss=nan best=-1.0000
[step 0010/150] method=ours loss=0.7379 train_acc=nan train_loss=nan val_acc=nan val_loss=nan best=-1.0000
[step 0020/150] method=ours loss=0.6774 train_acc=nan train_loss=nan val_acc=nan val_loss=nan best=-1.0000
[step 0030/150] method=ours loss=0.4768 train_acc=nan train_loss=nan val_acc=nan val_loss=nan best=-1.0000
[step 0040/150] method=ours loss=0.5884 train_acc=nan train_loss=nan val_acc=nan val_loss=nan best=-1.0000
[step 0050/150] method=ours loss=0.4015 train_acc=0.7663 train_loss=0.4626 val_acc=0.7843 val_loss=0.4642 router_H=0.6825 best=0.7843
           router_load=[0.28046509623527527, 0.5639912486076355, 0.0, 0.15554364025592804]
[step 0060/150] method=ours loss=0.5312 train_acc=0.7663 train_loss=0.4626 val_acc=0.7843 val_loss=0.4642 router_H=0.6825 best=0.7843
           router_load=[0.28046509623527527, 0.5639912486076355, 0.0, 0.15554364025592804]
[step 0070/150] method=ours loss=0.3303 train_acc=0.7663 train_loss=0.4626 val_acc=0.7843 val_loss=0.4642 router_H=0.6825 best=0.7843
           router_load=[0.28046509623527527, 0.5639912486076355, 0.0, 0.15554364025592804]
[step 0080/150] method=ours loss=0.4694 train_acc=0.7663 train_loss=0.4626 val_acc=0.7843 val_loss=0.4642 router_H=0.6825 best=0.7843
           router_load=[0.28046509623527527, 0.5639912486076355, 0.0, 0.15554364025592804]
[step 0090/150] method=ours loss=0.5826 train_acc=0.7663 train_loss=0.4626 val_acc=0.7843 val_loss=0.4642 router_H=0.6825 best=0.7843
           router_load=[0.28046509623527527, 0.5639912486076355, 0.0, 0.15554364025592804]
[step 0100/150] method=ours loss=0.7521 train_acc=0.8505 train_loss=0.3718 val_acc=0.8162 val_loss=0.4011 router_H=0.6687 best=0.8162
           router_load=[0.2710089087486267, 0.6081414222717285, 0.0, 0.12084969133138657]
[step 0110/150] method=ours loss=0.5536 train_acc=0.8505 train_loss=0.3718 val_acc=0.8162 val_loss=0.4011 router_H=0.6687 best=0.8162
           router_load=[0.2710089087486267, 0.6081414222717285, 0.0, 0.12084969133138657]
[step 0120/150] method=ours loss=0.2919 train_acc=0.8505 train_loss=0.3718 val_acc=0.8162 val_loss=0.4011 router_H=0.6687 best=0.8162
           router_load=[0.2710089087486267, 0.6081414222717285, 0.0, 0.12084969133138657]
[step 0130/150] method=ours loss=0.2721 train_acc=0.8505 train_loss=0.3718 val_acc=0.8162 val_loss=0.4011 router_H=0.6687 best=0.8162
           router_load=[0.2710089087486267, 0.6081414222717285, 0.0, 0.12084969133138657]
[step 0140/150] method=ours loss=0.6643 train_acc=0.8505 train_loss=0.3718 val_acc=0.8162 val_loss=0.4011 router_H=0.6687 best=0.8162
           router_load=[0.2710089087486267, 0.6081414222717285, 0.0, 0.12084969133138657]
[step 0150/150] method=ours loss=0.4755 train_acc=0.8587 train_loss=0.3239 val_acc=0.8456 val_loss=0.3426 router_H=0.6820 best=0.8456
           router_load=[0.09383167326450348, 0.5665204524993896, 0.0, 0.33964791893959045]
saved summary -> /home/zhujjing/MOE-grad-conflict-routing/runs/paper_suite/single_gpu/single_task/roberta_mrpc_lora_e4_k2_supplement/hpo/ours/trial_runs/local_var_topk_009/ours_s3.json
saved curve -> /home/zhujjing/MOE-grad-conflict-routing/runs/paper_suite/single_gpu/single_task/roberta_mrpc_lora_e4_k2_supplement/hpo/ours/trial_runs/local_var_topk_009/ours_s3_curve.csv
