[run] method=ours candidate=coord_04_method_ours_lambda_align_015 seed=3 steps=150 gpu=0
[run] cmd=
/home/zhujjing/anaconda3/envs/moe/bin/python /home/zhujjing/MOE-grad-conflict-routing/scripts/run.py --config configs/singletask_mrpc_real.yaml --set model.backbone_backend=hf --set model.hf_load_pretrained=true --set model.backbone=deberta --set model.hf_pretrained_name=microsoft/deberta-v3-base --set model.expert_type=lora --set model.routing_mode=topk --set model.num_experts=4 --set model.top_k=2 --set seed=3 --set method.name=ours --set train.steps=150 --set train.eval_every_steps=50 --set method.ours.use_load_norm=true --set method.ours.lambda_align=0.007094332297 --set train.grad_clip=1.073694291 --set train.lr=5.484611636e-05 --set train.weight_decay=0.03112945656 --out /home/zhujjing/MOE-grad-conflict-routing/runs/paper_suite/single_gpu/single_task/deberta_mrpc_lora_e4_k2/hpo/ours/trial_runs/coord_04_method_ours_lambda_align_015/ours_s3.json --curve_out /home/zhujjing/MOE-grad-conflict-routing/runs/paper_suite/single_gpu/single_task/deberta_mrpc_lora_e4_k2/hpo/ours/trial_runs/coord_04_method_ours_lambda_align_015/ours_s3_curve.csv
Using the latest cached version of the dataset since glue couldn't be found on the Hugging Face Hub (offline mode is enabled).
Found the latest cached dataset configuration 'mrpc' at /home/zhujjing/hf_cache/datasets/glue/mrpc/0.0.0/bcdcba79d07bc864c1c254ccfcedcce55bcc9a8c (last modified on Thu Mar 19 15:01:06 2026).
/home/zhujjing/anaconda3/envs/moe/lib/python3.10/site-packages/transformers/utils/hub.py:124: FutureWarning: Using `TRANSFORMERS_CACHE` is deprecated and will be removed in v5 of Transformers. Use `HF_HOME` instead.
  warnings.warn(
/home/zhujjing/anaconda3/envs/moe/lib/python3.10/site-packages/transformers/convert_slow_tokenizer.py:560: UserWarning: The sentencepiece tokenizer that you are converting to a fast tokenizer uses the byte fallback option which is not implemented in the fast tokenizers. In practice this means that the fast version of the tokenizer can produce unknown tokens whereas the sentencepiece version would have converted these unknown tokens into a sequence of byte tokens matching the original piece of text.
  warnings.warn(
[step 0001/150] method=ours loss=0.7973 train_acc=nan train_loss=nan val_acc=nan val_loss=nan best=-1.0000
[step 0010/150] method=ours loss=0.7185 train_acc=nan train_loss=nan val_acc=nan val_loss=nan best=-1.0000
[step 0020/150] method=ours loss=0.5358 train_acc=nan train_loss=nan val_acc=nan val_loss=nan best=-1.0000
[step 0030/150] method=ours loss=0.4205 train_acc=nan train_loss=nan val_acc=nan val_loss=nan best=-1.0000
[step 0040/150] method=ours loss=0.6255 train_acc=nan train_loss=nan val_acc=nan val_loss=nan best=-1.0000
[step 0050/150] method=ours loss=0.5087 train_acc=0.7944 train_loss=0.4367 val_acc=0.8113 val_loss=0.4295 router_H=0.6008 best=0.8113
           router_load=[0.0012289651203900576, 0.2833058536052704, 0.01049833931028843, 0.7049669623374939]
[step 0060/150] method=ours loss=0.3899 train_acc=0.7944 train_loss=0.4367 val_acc=0.8113 val_loss=0.4295 router_H=0.6008 best=0.8113
           router_load=[0.0012289651203900576, 0.2833058536052704, 0.01049833931028843, 0.7049669623374939]
[step 0070/150] method=ours loss=0.3982 train_acc=0.7944 train_loss=0.4367 val_acc=0.8113 val_loss=0.4295 router_H=0.6008 best=0.8113
           router_load=[0.0012289651203900576, 0.2833058536052704, 0.01049833931028843, 0.7049669623374939]
[step 0080/150] method=ours loss=0.2777 train_acc=0.7944 train_loss=0.4367 val_acc=0.8113 val_loss=0.4295 router_H=0.6008 best=0.8113
           router_load=[0.0012289651203900576, 0.2833058536052704, 0.01049833931028843, 0.7049669623374939]
[step 0090/150] method=ours loss=0.4261 train_acc=0.7944 train_loss=0.4367 val_acc=0.8113 val_loss=0.4295 router_H=0.6008 best=0.8113
           router_load=[0.0012289651203900576, 0.2833058536052704, 0.01049833931028843, 0.7049669623374939]
[step 0100/150] method=ours loss=0.6171 train_acc=0.8547 train_loss=0.3420 val_acc=0.8456 val_loss=0.3899 router_H=0.6505 best=0.8456
           router_load=[0.059973057359457016, 0.3404608964920044, 0.003547526663169265, 0.5960186123847961]
[step 0110/150] method=ours loss=0.2557 train_acc=0.8547 train_loss=0.3420 val_acc=0.8456 val_loss=0.3899 router_H=0.6505 best=0.8456
           router_load=[0.059973057359457016, 0.3404608964920044, 0.003547526663169265, 0.5960186123847961]
[step 0120/150] method=ours loss=0.2061 train_acc=0.8547 train_loss=0.3420 val_acc=0.8456 val_loss=0.3899 router_H=0.6505 best=0.8456
           router_load=[0.059973057359457016, 0.3404608964920044, 0.003547526663169265, 0.5960186123847961]
[step 0130/150] method=ours loss=0.6163 train_acc=0.8547 train_loss=0.3420 val_acc=0.8456 val_loss=0.3899 router_H=0.6505 best=0.8456
           router_load=[0.059973057359457016, 0.3404608964920044, 0.003547526663169265, 0.5960186123847961]
[step 0140/150] method=ours loss=0.8832 train_acc=0.8547 train_loss=0.3420 val_acc=0.8456 val_loss=0.3899 router_H=0.6505 best=0.8456
           router_load=[0.059973057359457016, 0.3404608964920044, 0.003547526663169265, 0.5960186123847961]
[step 0150/150] method=ours loss=0.2634 train_acc=0.8833 train_loss=0.2930 val_acc=0.8701 val_loss=0.2992 router_H=0.6770 best=0.8701
           router_load=[0.182350754737854, 0.39096277952194214, 0.024566620588302612, 0.40211987495422363]
saved summary -> /home/zhujjing/MOE-grad-conflict-routing/runs/paper_suite/single_gpu/single_task/deberta_mrpc_lora_e4_k2/hpo/ours/trial_runs/coord_04_method_ours_lambda_align_015/ours_s3.json
saved curve -> /home/zhujjing/MOE-grad-conflict-routing/runs/paper_suite/single_gpu/single_task/deberta_mrpc_lora_e4_k2/hpo/ours/trial_runs/coord_04_method_ours_lambda_align_015/ours_s3_curve.csv
