[run] method=cagrad candidate=coord_05_method_baseline_cagrad_inner_lr_015 seed=3 steps=150 gpu=0
[run] cmd=
/home/zhujjing/anaconda3/envs/moe/bin/python /home/zhujjing/MOE-grad-conflict-routing/scripts/run.py --config configs/singletask_sst2_real.yaml --set model.backbone_backend=hf --set model.hf_load_pretrained=true --set model.hf_local_files_only=true --set model.backbone=deberta --set model.hf_pretrained_name=microsoft/deberta-v3-base --set model.expert_type=lora --set model.routing_mode=topk --set model.num_experts=4 --set model.top_k=2 --set seed=3 --set method.name=baseline_cagrad --set train.steps=150 --set train.eval_every_steps=50 --set method.baseline_cagrad.c=0.69392653 --set method.baseline_cagrad.inner_lr=0.1550854002 --set train.grad_clip=1.888120198 --set train.lr=2e-05 --set train.weight_decay=0.04430050278 --out /home/zhujjing/MOE-grad-conflict-routing/runs/paper_suite/single_gpu/single_task/deberta_sst2_lora_e4_k2_supplement/hpo/cagrad/trial_runs/coord_05_method_baseline_cagrad_inner_lr_015/cagrad_s3.json --curve_out /home/zhujjing/MOE-grad-conflict-routing/runs/paper_suite/single_gpu/single_task/deberta_sst2_lora_e4_k2_supplement/hpo/cagrad/trial_runs/coord_05_method_baseline_cagrad_inner_lr_015/cagrad_s3_curve.csv
Using the latest cached version of the dataset since glue couldn't be found on the Hugging Face Hub (offline mode is enabled).
Found the latest cached dataset configuration 'sst2' at /home/zhujjing/hf_cache/datasets/glue/sst2/0.0.0/bcdcba79d07bc864c1c254ccfcedcce55bcc9a8c (last modified on Thu Mar 19 15:01:41 2026).
/home/zhujjing/anaconda3/envs/moe/lib/python3.10/site-packages/transformers/utils/hub.py:124: FutureWarning: Using `TRANSFORMERS_CACHE` is deprecated and will be removed in v5 of Transformers. Use `HF_HOME` instead.
  warnings.warn(
/home/zhujjing/anaconda3/envs/moe/lib/python3.10/site-packages/transformers/convert_slow_tokenizer.py:560: UserWarning: The sentencepiece tokenizer that you are converting to a fast tokenizer uses the byte fallback option which is not implemented in the fast tokenizers. In practice this means that the fast version of the tokenizer can produce unknown tokens whereas the sentencepiece version would have converted these unknown tokens into a sequence of byte tokens matching the original piece of text.
  warnings.warn(
[step 0001/150] method=baseline_cagrad loss=0.5989 train_acc=nan train_loss=nan val_acc=nan val_loss=nan best=-1.0000
[step 0010/150] method=baseline_cagrad loss=0.6082 train_acc=nan train_loss=nan val_acc=nan val_loss=nan best=-1.0000
[step 0020/150] method=baseline_cagrad loss=0.4845 train_acc=nan train_loss=nan val_acc=nan val_loss=nan best=-1.0000
[step 0030/150] method=baseline_cagrad loss=0.5934 train_acc=nan train_loss=nan val_acc=nan val_loss=nan best=-1.0000
[step 0040/150] method=baseline_cagrad loss=0.3496 train_acc=nan train_loss=nan val_acc=nan val_loss=nan best=-1.0000
[step 0050/150] method=baseline_cagrad loss=0.5604 train_acc=0.8918 train_loss=0.2846 val_acc=0.8819 val_loss=0.2908 router_H=0.6769 best=0.8819
           router_load=[0.46909239888191223, 0.0, 0.0489497147500515, 0.4819578528404236]
[step 0060/150] method=baseline_cagrad loss=0.5188 train_acc=0.8918 train_loss=0.2846 val_acc=0.8819 val_loss=0.2908 router_H=0.6769 best=0.8819
           router_load=[0.46909239888191223, 0.0, 0.0489497147500515, 0.4819578528404236]
[step 0070/150] method=baseline_cagrad loss=0.3489 train_acc=0.8918 train_loss=0.2846 val_acc=0.8819 val_loss=0.2908 router_H=0.6769 best=0.8819
           router_load=[0.46909239888191223, 0.0, 0.0489497147500515, 0.4819578528404236]
[step 0080/150] method=baseline_cagrad loss=0.1811 train_acc=0.8918 train_loss=0.2846 val_acc=0.8819 val_loss=0.2908 router_H=0.6769 best=0.8819
           router_load=[0.46909239888191223, 0.0, 0.0489497147500515, 0.4819578528404236]
[step 0090/150] method=baseline_cagrad loss=0.1407 train_acc=0.8918 train_loss=0.2846 val_acc=0.8819 val_loss=0.2908 router_H=0.6769 best=0.8819
           router_load=[0.46909239888191223, 0.0, 0.0489497147500515, 0.4819578528404236]
[step 0100/150] method=baseline_cagrad loss=0.3199 train_acc=0.9169 train_loss=0.2400 val_acc=0.9140 val_loss=0.2293 router_H=0.6881 best=0.9140
           router_load=[0.38371554017066956, 0.0005331530701369047, 0.1921391636133194, 0.4236122667789459]
[step 0110/150] method=baseline_cagrad loss=0.4459 train_acc=0.9169 train_loss=0.2400 val_acc=0.9140 val_loss=0.2293 router_H=0.6881 best=0.9140
           router_load=[0.38371554017066956, 0.0005331530701369047, 0.1921391636133194, 0.4236122667789459]
[step 0120/150] method=baseline_cagrad loss=0.4666 train_acc=0.9169 train_loss=0.2400 val_acc=0.9140 val_loss=0.2293 router_H=0.6881 best=0.9140
           router_load=[0.38371554017066956, 0.0005331530701369047, 0.1921391636133194, 0.4236122667789459]
[step 0130/150] method=baseline_cagrad loss=0.2966 train_acc=0.9169 train_loss=0.2400 val_acc=0.9140 val_loss=0.2293 router_H=0.6881 best=0.9140
           router_load=[0.38371554017066956, 0.0005331530701369047, 0.1921391636133194, 0.4236122667789459]
[step 0140/150] method=baseline_cagrad loss=0.3713 train_acc=0.9169 train_loss=0.2400 val_acc=0.9140 val_loss=0.2293 router_H=0.6881 best=0.9140
           router_load=[0.38371554017066956, 0.0005331530701369047, 0.1921391636133194, 0.4236122667789459]
[step 0150/150] method=baseline_cagrad loss=0.2852 train_acc=0.9139 train_loss=0.2203 val_acc=0.9186 val_loss=0.2219 router_H=0.6862 best=0.9186
           router_load=[0.44185197353363037, 0.003313281573355198, 0.17631402611732483, 0.3785206973552704]
saved summary -> /home/zhujjing/MOE-grad-conflict-routing/runs/paper_suite/single_gpu/single_task/deberta_sst2_lora_e4_k2_supplement/hpo/cagrad/trial_runs/coord_05_method_baseline_cagrad_inner_lr_015/cagrad_s3.json
saved curve -> /home/zhujjing/MOE-grad-conflict-routing/runs/paper_suite/single_gpu/single_task/deberta_sst2_lora_e4_k2_supplement/hpo/cagrad/trial_runs/coord_05_method_baseline_cagrad_inner_lr_015/cagrad_s3_curve.csv
