[run] method=cagrad candidate=coord_05_method_baseline_cagrad_inner_lr_001 seed=3 steps=150 gpu=0
[run] cmd=
/home/zhujjing/anaconda3/envs/moe/bin/python /home/zhujjing/MOE-grad-conflict-routing/scripts/run.py --config configs/singletask_sst2_real.yaml --set model.backbone_backend=hf --set model.hf_load_pretrained=true --set model.hf_local_files_only=true --set model.backbone=deberta --set model.hf_pretrained_name=microsoft/deberta-v3-base --set model.expert_type=lora --set model.routing_mode=topk --set model.num_experts=4 --set model.top_k=2 --set seed=3 --set method.name=baseline_cagrad --set train.steps=150 --set train.eval_every_steps=50 --set method.baseline_cagrad.c=0.69392653 --set method.baseline_cagrad.inner_lr=0.07654088955 --set train.grad_clip=1.888120198 --set train.lr=2e-05 --set train.weight_decay=0.04430050278 --out /home/zhujjing/MOE-grad-conflict-routing/runs/paper_suite/single_gpu/single_task/deberta_sst2_lora_e4_k2_supplement/hpo/cagrad/trial_runs/coord_05_method_baseline_cagrad_inner_lr_001/cagrad_s3.json --curve_out /home/zhujjing/MOE-grad-conflict-routing/runs/paper_suite/single_gpu/single_task/deberta_sst2_lora_e4_k2_supplement/hpo/cagrad/trial_runs/coord_05_method_baseline_cagrad_inner_lr_001/cagrad_s3_curve.csv
Using the latest cached version of the dataset since glue couldn't be found on the Hugging Face Hub (offline mode is enabled).
Found the latest cached dataset configuration 'sst2' at /home/zhujjing/hf_cache/datasets/glue/sst2/0.0.0/bcdcba79d07bc864c1c254ccfcedcce55bcc9a8c (last modified on Thu Mar 19 15:01:41 2026).
/home/zhujjing/anaconda3/envs/moe/lib/python3.10/site-packages/transformers/utils/hub.py:124: FutureWarning: Using `TRANSFORMERS_CACHE` is deprecated and will be removed in v5 of Transformers. Use `HF_HOME` instead.
  warnings.warn(
/home/zhujjing/anaconda3/envs/moe/lib/python3.10/site-packages/transformers/convert_slow_tokenizer.py:560: UserWarning: The sentencepiece tokenizer that you are converting to a fast tokenizer uses the byte fallback option which is not implemented in the fast tokenizers. In practice this means that the fast version of the tokenizer can produce unknown tokens whereas the sentencepiece version would have converted these unknown tokens into a sequence of byte tokens matching the original piece of text.
  warnings.warn(
[step 0001/150] method=baseline_cagrad loss=0.7110 train_acc=nan train_loss=nan val_acc=nan val_loss=nan best=-1.0000
[step 0010/150] method=baseline_cagrad loss=0.6140 train_acc=nan train_loss=nan val_acc=nan val_loss=nan best=-1.0000
[step 0020/150] method=baseline_cagrad loss=0.5850 train_acc=nan train_loss=nan val_acc=nan val_loss=nan best=-1.0000
[step 0030/150] method=baseline_cagrad loss=0.5725 train_acc=nan train_loss=nan val_acc=nan val_loss=nan best=-1.0000
[step 0040/150] method=baseline_cagrad loss=0.2963 train_acc=nan train_loss=nan val_acc=nan val_loss=nan best=-1.0000
[step 0050/150] method=baseline_cagrad loss=0.5474 train_acc=0.8910 train_loss=0.2972 val_acc=0.8922 val_loss=0.2840 router_H=0.6680 best=0.8922
           router_load=[0.233051136136055, 0.003763384185731411, 0.23851050436496735, 0.5246748924255371]
[step 0060/150] method=baseline_cagrad loss=0.6122 train_acc=0.8910 train_loss=0.2972 val_acc=0.8922 val_loss=0.2840 router_H=0.6680 best=0.8922
           router_load=[0.233051136136055, 0.003763384185731411, 0.23851050436496735, 0.5246748924255371]
[step 0070/150] method=baseline_cagrad loss=0.2760 train_acc=0.8910 train_loss=0.2972 val_acc=0.8922 val_loss=0.2840 router_H=0.6680 best=0.8922
           router_load=[0.233051136136055, 0.003763384185731411, 0.23851050436496735, 0.5246748924255371]
[step 0080/150] method=baseline_cagrad loss=0.2915 train_acc=0.8910 train_loss=0.2972 val_acc=0.8922 val_loss=0.2840 router_H=0.6680 best=0.8922
           router_load=[0.233051136136055, 0.003763384185731411, 0.23851050436496735, 0.5246748924255371]
[step 0090/150] method=baseline_cagrad loss=0.1015 train_acc=0.8910 train_loss=0.2972 val_acc=0.8922 val_loss=0.2840 router_H=0.6680 best=0.8922
           router_load=[0.233051136136055, 0.003763384185731411, 0.23851050436496735, 0.5246748924255371]
[step 0100/150] method=baseline_cagrad loss=0.2035 train_acc=0.9065 train_loss=0.2590 val_acc=0.9163 val_loss=0.2215 router_H=0.6318 best=0.9163
           router_load=[0.14111126959323883, 0.01789270155131817, 0.2670319974422455, 0.5739641785621643]
[step 0110/150] method=baseline_cagrad loss=0.3942 train_acc=0.9065 train_loss=0.2590 val_acc=0.9163 val_loss=0.2215 router_H=0.6318 best=0.9163
           router_load=[0.14111126959323883, 0.01789270155131817, 0.2670319974422455, 0.5739641785621643]
[step 0120/150] method=baseline_cagrad loss=0.3690 train_acc=0.9065 train_loss=0.2590 val_acc=0.9163 val_loss=0.2215 router_H=0.6318 best=0.9163
           router_load=[0.14111126959323883, 0.01789270155131817, 0.2670319974422455, 0.5739641785621643]
[step 0130/150] method=baseline_cagrad loss=0.1671 train_acc=0.9065 train_loss=0.2590 val_acc=0.9163 val_loss=0.2215 router_H=0.6318 best=0.9163
           router_load=[0.14111126959323883, 0.01789270155131817, 0.2670319974422455, 0.5739641785621643]
[step 0140/150] method=baseline_cagrad loss=0.3546 train_acc=0.9065 train_loss=0.2590 val_acc=0.9163 val_loss=0.2215 router_H=0.6318 best=0.9163
           router_load=[0.14111126959323883, 0.01789270155131817, 0.2670319974422455, 0.5739641785621643]
[step 0150/150] method=baseline_cagrad loss=0.2213 train_acc=0.9194 train_loss=0.2179 val_acc=0.9300 val_loss=0.2042 router_H=0.6377 best=0.9300
           router_load=[0.09225299954414368, 0.059443697333335876, 0.2413322627544403, 0.6069710850715637]
saved summary -> /home/zhujjing/MOE-grad-conflict-routing/runs/paper_suite/single_gpu/single_task/deberta_sst2_lora_e4_k2_supplement/hpo/cagrad/trial_runs/coord_05_method_baseline_cagrad_inner_lr_001/cagrad_s3.json
saved curve -> /home/zhujjing/MOE-grad-conflict-routing/runs/paper_suite/single_gpu/single_task/deberta_sst2_lora_e4_k2_supplement/hpo/cagrad/trial_runs/coord_05_method_baseline_cagrad_inner_lr_001/cagrad_s3_curve.csv
