[run] method=cagrad candidate=coord_05_method_baseline_cagrad_inner_lr_003 seed=2 steps=150 gpu=0
[run] cmd=
/home/zhujjing/anaconda3/envs/moe/bin/python /home/zhujjing/MOE-grad-conflict-routing/scripts/run.py --config configs/singletask_sst2_real.yaml --set model.backbone_backend=hf --set model.hf_load_pretrained=true --set model.hf_local_files_only=true --set model.backbone=deberta --set model.hf_pretrained_name=microsoft/deberta-v3-base --set model.expert_type=lora --set model.routing_mode=topk --set model.num_experts=4 --set model.top_k=2 --set seed=2 --set method.name=baseline_cagrad --set train.steps=150 --set train.eval_every_steps=50 --set method.baseline_cagrad.c=0.69392653 --set method.baseline_cagrad.inner_lr=0.09532402385 --set train.grad_clip=1.888120198 --set train.lr=2e-05 --set train.weight_decay=0.04430050278 --out /home/zhujjing/MOE-grad-conflict-routing/runs/paper_suite/single_gpu/single_task/deberta_sst2_lora_e4_k2_supplement/hpo/cagrad/trial_runs/coord_05_method_baseline_cagrad_inner_lr_003/cagrad_s2.json --curve_out /home/zhujjing/MOE-grad-conflict-routing/runs/paper_suite/single_gpu/single_task/deberta_sst2_lora_e4_k2_supplement/hpo/cagrad/trial_runs/coord_05_method_baseline_cagrad_inner_lr_003/cagrad_s2_curve.csv
Using the latest cached version of the dataset since glue couldn't be found on the Hugging Face Hub (offline mode is enabled).
Found the latest cached dataset configuration 'sst2' at /home/zhujjing/hf_cache/datasets/glue/sst2/0.0.0/bcdcba79d07bc864c1c254ccfcedcce55bcc9a8c (last modified on Thu Mar 19 15:01:41 2026).
/home/zhujjing/anaconda3/envs/moe/lib/python3.10/site-packages/transformers/utils/hub.py:124: FutureWarning: Using `TRANSFORMERS_CACHE` is deprecated and will be removed in v5 of Transformers. Use `HF_HOME` instead.
  warnings.warn(
/home/zhujjing/anaconda3/envs/moe/lib/python3.10/site-packages/transformers/convert_slow_tokenizer.py:560: UserWarning: The sentencepiece tokenizer that you are converting to a fast tokenizer uses the byte fallback option which is not implemented in the fast tokenizers. In practice this means that the fast version of the tokenizer can produce unknown tokens whereas the sentencepiece version would have converted these unknown tokens into a sequence of byte tokens matching the original piece of text.
  warnings.warn(
[step 0001/150] method=baseline_cagrad loss=0.6255 train_acc=nan train_loss=nan val_acc=nan val_loss=nan best=-1.0000
[step 0010/150] method=baseline_cagrad loss=0.6931 train_acc=nan train_loss=nan val_acc=nan val_loss=nan best=-1.0000
[step 0020/150] method=baseline_cagrad loss=0.5788 train_acc=nan train_loss=nan val_acc=nan val_loss=nan best=-1.0000
[step 0030/150] method=baseline_cagrad loss=0.4291 train_acc=nan train_loss=nan val_acc=nan val_loss=nan best=-1.0000
[step 0040/150] method=baseline_cagrad loss=0.3367 train_acc=nan train_loss=nan val_acc=nan val_loss=nan best=-1.0000
[step 0050/150] method=baseline_cagrad loss=0.2895 train_acc=0.8155 train_loss=0.4582 val_acc=0.7053 val_loss=0.6609 router_H=0.6834 best=0.7053
           router_load=[0.23231622576713562, 0.044926948845386505, 0.5421916842460632, 0.18056519329547882]
[step 0060/150] method=baseline_cagrad loss=0.2608 train_acc=0.8155 train_loss=0.4582 val_acc=0.7053 val_loss=0.6609 router_H=0.6834 best=0.7053
           router_load=[0.23231622576713562, 0.044926948845386505, 0.5421916842460632, 0.18056519329547882]
[step 0070/150] method=baseline_cagrad loss=0.4270 train_acc=0.8155 train_loss=0.4582 val_acc=0.7053 val_loss=0.6609 router_H=0.6834 best=0.7053
           router_load=[0.23231622576713562, 0.044926948845386505, 0.5421916842460632, 0.18056519329547882]
[step 0080/150] method=baseline_cagrad loss=0.4769 train_acc=0.8155 train_loss=0.4582 val_acc=0.7053 val_loss=0.6609 router_H=0.6834 best=0.7053
           router_load=[0.23231622576713562, 0.044926948845386505, 0.5421916842460632, 0.18056519329547882]
[step 0090/150] method=baseline_cagrad loss=0.1962 train_acc=0.8155 train_loss=0.4582 val_acc=0.7053 val_loss=0.6609 router_H=0.6834 best=0.7053
           router_load=[0.23231622576713562, 0.044926948845386505, 0.5421916842460632, 0.18056519329547882]
[step 0100/150] method=baseline_cagrad loss=0.4204 train_acc=0.8293 train_loss=0.4498 val_acc=0.7523 val_loss=0.5982 router_H=0.6886 best=0.7523
           router_load=[0.2545261085033417, 0.11673786491155624, 0.4893251359462738, 0.1394108384847641]
[step 0110/150] method=baseline_cagrad loss=0.2378 train_acc=0.8293 train_loss=0.4498 val_acc=0.7523 val_loss=0.5982 router_H=0.6886 best=0.7523
           router_load=[0.2545261085033417, 0.11673786491155624, 0.4893251359462738, 0.1394108384847641]
[step 0120/150] method=baseline_cagrad loss=0.3648 train_acc=0.8293 train_loss=0.4498 val_acc=0.7523 val_loss=0.5982 router_H=0.6886 best=0.7523
           router_load=[0.2545261085033417, 0.11673786491155624, 0.4893251359462738, 0.1394108384847641]
[step 0130/150] method=baseline_cagrad loss=0.2510 train_acc=0.8293 train_loss=0.4498 val_acc=0.7523 val_loss=0.5982 router_H=0.6886 best=0.7523
           router_load=[0.2545261085033417, 0.11673786491155624, 0.4893251359462738, 0.1394108384847641]
[step 0140/150] method=baseline_cagrad loss=0.2364 train_acc=0.8293 train_loss=0.4498 val_acc=0.7523 val_loss=0.5982 router_H=0.6886 best=0.7523
           router_load=[0.2545261085033417, 0.11673786491155624, 0.4893251359462738, 0.1394108384847641]
[step 0150/150] method=baseline_cagrad loss=0.3260 train_acc=0.9216 train_loss=0.2201 val_acc=0.9255 val_loss=0.2221 router_H=0.6872 best=0.9255
           router_load=[0.09080924093723297, 0.1445881873369217, 0.4667966365814209, 0.2978058457374573]
saved summary -> /home/zhujjing/MOE-grad-conflict-routing/runs/paper_suite/single_gpu/single_task/deberta_sst2_lora_e4_k2_supplement/hpo/cagrad/trial_runs/coord_05_method_baseline_cagrad_inner_lr_003/cagrad_s2.json
saved curve -> /home/zhujjing/MOE-grad-conflict-routing/runs/paper_suite/single_gpu/single_task/deberta_sst2_lora_e4_k2_supplement/hpo/cagrad/trial_runs/coord_05_method_baseline_cagrad_inner_lr_003/cagrad_s2_curve.csv
