[run] method=ours candidate=coord_04_method_ours_lambda_align_019 seed=2 steps=150 gpu=0
[run] cmd=
/home/zhujjing/anaconda3/envs/moe/bin/python /home/zhujjing/MOE-grad-conflict-routing/scripts/run.py --config configs/singletask_rte_real.yaml --set model.backbone_backend=hf --set model.hf_load_pretrained=true --set model.backbone=deberta --set model.hf_pretrained_name=microsoft/deberta-v3-base --set model.expert_type=ffn --set model.routing_mode=topk --set model.num_experts=4 --set model.top_k=2 --set seed=2 --set method.name=ours --set train.steps=150 --set train.eval_every_steps=50 --set method.ours.use_load_norm=true --set method.ours.lambda_align=0.000834975489 --set train.grad_clip=1.516011677 --set train.lr=4.233346635e-05 --set train.weight_decay=0.03963349774 --out /home/zhujjing/MOE-grad-conflict-routing/runs/paper_suite/single_gpu/single_task/deberta_rte_ffn_e4_k2/hpo/ours/trial_runs/coord_04_method_ours_lambda_align_019/ours_s2.json --curve_out /home/zhujjing/MOE-grad-conflict-routing/runs/paper_suite/single_gpu/single_task/deberta_rte_ffn_e4_k2/hpo/ours/trial_runs/coord_04_method_ours_lambda_align_019/ours_s2_curve.csv
Using the latest cached version of the dataset since glue couldn't be found on the Hugging Face Hub (offline mode is enabled).
Found the latest cached dataset configuration 'rte' at /home/zhujjing/hf_cache/datasets/glue/rte/0.0.0/bcdcba79d07bc864c1c254ccfcedcce55bcc9a8c (last modified on Thu Mar 19 15:00:36 2026).
/home/zhujjing/anaconda3/envs/moe/lib/python3.10/site-packages/transformers/utils/hub.py:124: FutureWarning: Using `TRANSFORMERS_CACHE` is deprecated and will be removed in v5 of Transformers. Use `HF_HOME` instead.
  warnings.warn(
/home/zhujjing/anaconda3/envs/moe/lib/python3.10/site-packages/transformers/convert_slow_tokenizer.py:560: UserWarning: The sentencepiece tokenizer that you are converting to a fast tokenizer uses the byte fallback option which is not implemented in the fast tokenizers. In practice this means that the fast version of the tokenizer can produce unknown tokens whereas the sentencepiece version would have converted these unknown tokens into a sequence of byte tokens matching the original piece of text.
  warnings.warn(
[step 0001/150] method=ours loss=0.7304 train_acc=nan train_loss=nan val_acc=nan val_loss=nan best=-1.0000
[step 0010/150] method=ours loss=0.9161 train_acc=nan train_loss=nan val_acc=nan val_loss=nan best=-1.0000
[step 0020/150] method=ours loss=0.7407 train_acc=nan train_loss=nan val_acc=nan val_loss=nan best=-1.0000
[step 0030/150] method=ours loss=0.5948 train_acc=nan train_loss=nan val_acc=nan val_loss=nan best=-1.0000
[step 0040/150] method=ours loss=0.6758 train_acc=nan train_loss=nan val_acc=nan val_loss=nan best=-1.0000
[step 0050/150] method=ours loss=0.6456 train_acc=0.7510 train_loss=0.5495 val_acc=0.7148 val_loss=0.5973 router_H=0.5977 best=0.7148
           router_load=[0.03452332690358162, 0.5704116225242615, 0.0, 0.3950650691986084]
[step 0060/150] method=ours loss=0.5651 train_acc=0.7510 train_loss=0.5495 val_acc=0.7148 val_loss=0.5973 router_H=0.5977 best=0.7148
           router_load=[0.03452332690358162, 0.5704116225242615, 0.0, 0.3950650691986084]
[step 0070/150] method=ours loss=0.6132 train_acc=0.7510 train_loss=0.5495 val_acc=0.7148 val_loss=0.5973 router_H=0.5977 best=0.7148
           router_load=[0.03452332690358162, 0.5704116225242615, 0.0, 0.3950650691986084]
[step 0080/150] method=ours loss=0.3710 train_acc=0.7510 train_loss=0.5495 val_acc=0.7148 val_loss=0.5973 router_H=0.5977 best=0.7148
           router_load=[0.03452332690358162, 0.5704116225242615, 0.0, 0.3950650691986084]
[step 0090/150] method=ours loss=0.3312 train_acc=0.7510 train_loss=0.5495 val_acc=0.7148 val_loss=0.5973 router_H=0.5977 best=0.7148
           router_load=[0.03452332690358162, 0.5704116225242615, 0.0, 0.3950650691986084]
[step 0100/150] method=ours loss=0.4148 train_acc=0.8602 train_loss=0.3679 val_acc=0.8123 val_loss=0.4646 router_H=0.5779 best=0.8123
           router_load=[0.0, 0.6041831374168396, 0.007735970430076122, 0.3880809545516968]
[step 0110/150] method=ours loss=0.4570 train_acc=0.8602 train_loss=0.3679 val_acc=0.8123 val_loss=0.4646 router_H=0.5779 best=0.8123
           router_load=[0.0, 0.6041831374168396, 0.007735970430076122, 0.3880809545516968]
[step 0120/150] method=ours loss=0.2894 train_acc=0.8602 train_loss=0.3679 val_acc=0.8123 val_loss=0.4646 router_H=0.5779 best=0.8123
           router_load=[0.0, 0.6041831374168396, 0.007735970430076122, 0.3880809545516968]
[step 0130/150] method=ours loss=0.5750 train_acc=0.8602 train_loss=0.3679 val_acc=0.8123 val_loss=0.4646 router_H=0.5779 best=0.8123
           router_load=[0.0, 0.6041831374168396, 0.007735970430076122, 0.3880809545516968]
[step 0140/150] method=ours loss=0.6746 train_acc=0.8602 train_loss=0.3679 val_acc=0.8123 val_loss=0.4646 router_H=0.5779 best=0.8123
           router_load=[0.0, 0.6041831374168396, 0.007735970430076122, 0.3880809545516968]
[step 0150/150] method=ours loss=0.5679 train_acc=0.9149 train_loss=0.2312 val_acc=0.8375 val_loss=0.4098 router_H=0.5681 best=0.8375
           router_load=[0.0, 0.5067214965820312, 0.02239343151450157, 0.47088512778282166]
saved summary -> /home/zhujjing/MOE-grad-conflict-routing/runs/paper_suite/single_gpu/single_task/deberta_rte_ffn_e4_k2/hpo/ours/trial_runs/coord_04_method_ours_lambda_align_019/ours_s2.json
saved curve -> /home/zhujjing/MOE-grad-conflict-routing/runs/paper_suite/single_gpu/single_task/deberta_rte_ffn_e4_k2/hpo/ours/trial_runs/coord_04_method_ours_lambda_align_019/ours_s2_curve.csv
