[run] method=baseline candidate=coord_03_train_grad_clip_019 seed=3 steps=200 gpu=0
[run] cmd=
/root/miniconda3/envs/optimization/bin/python /root/Optimization/MOE-grad-conflict-routing/scripts/run.py --config configs/singletask_cola_real.yaml --set model.backbone_backend=hf --set model.hf_load_pretrained=true --set model.backbone=roberta --set model.hf_pretrained_name=roberta-base --set model.expert_type=ffn --set model.routing_mode=topk --set model.num_experts=4 --set model.top_k=2 --set seed=3 --set method.name=baseline_avg --set train.steps=200 --set train.eval_every_steps=50 --set train.grad_clip=1.869767115 --set train.lr=2.555178414e-05 --set train.weight_decay=0.0353185872 --out /root/Optimization/MOE-grad-conflict-routing/runs/paper_suite_supplement/single_task_add_rerun/single_task/roberta_cola_ffn_e4_k2/hpo/baseline/trial_runs/coord_03_train_grad_clip_019/baseline_s3.json --curve_out /root/Optimization/MOE-grad-conflict-routing/runs/paper_suite_supplement/single_task_add_rerun/single_task/roberta_cola_ffn_e4_k2/hpo/baseline/trial_runs/coord_03_train_grad_clip_019/baseline_s3_curve.csv
Using the latest cached version of the dataset since glue couldn't be found on the Hugging Face Hub (offline mode is enabled).
Found the latest cached dataset configuration 'cola' at /root/.cache/huggingface/datasets/glue/cola/0.0.0/bcdcba79d07bc864c1c254ccfcedcce55bcc9a8c (last modified on Mon Mar 23 09:28:48 2026).
Loading weights:   0%|          | 0/197 [00:00<?, ?it/s]Loading weights: 100%|██████████| 197/197 [00:00<00:00, 23259.71it/s]
[1mRobertaModel LOAD REPORT[0m from: roberta-base
Key                             | Status     | 
--------------------------------+------------+-
roberta.embeddings.position_ids | UNEXPECTED | 
lm_head.bias                    | UNEXPECTED | 
lm_head.dense.weight            | UNEXPECTED | 
lm_head.dense.bias              | UNEXPECTED | 
lm_head.layer_norm.weight       | UNEXPECTED | 
lm_head.layer_norm.bias         | UNEXPECTED | 
pooler.dense.weight             | MISSING    | 
pooler.dense.bias               | MISSING    | 

[3mNotes:
- UNEXPECTED[3m	:can be ignored when loading from different task/architecture; not ok if you expect identical arch.
- MISSING[3m	:those params were newly initialized because missing from the checkpoint. Consider training on your downstream task.[0m
[step 0001/200] method=baseline_avg loss=0.6917 train_acc=nan train_loss=nan val_acc=nan val_loss=nan best=-1.0000
[step 0010/200] method=baseline_avg loss=0.4179 train_acc=nan train_loss=nan val_acc=nan val_loss=nan best=-1.0000
[step 0020/200] method=baseline_avg loss=0.7070 train_acc=nan train_loss=nan val_acc=nan val_loss=nan best=-1.0000
[step 0030/200] method=baseline_avg loss=0.6502 train_acc=nan train_loss=nan val_acc=nan val_loss=nan best=-1.0000
[step 0040/200] method=baseline_avg loss=0.8573 train_acc=nan train_loss=nan val_acc=nan val_loss=nan best=-1.0000
[step 0050/200] method=baseline_avg loss=0.6166 train_acc=0.7044 train_loss=0.5624 val_acc=0.6913 val_loss=0.6004 router_H=0.4438 best=0.6913
           router_load=[0.010564897209405899, 0.08967430144548416, 0.07760964334011078, 0.8221513628959656]
[step 0060/200] method=baseline_avg loss=0.4931 train_acc=0.7044 train_loss=0.5624 val_acc=0.6913 val_loss=0.6004 router_H=0.4438 best=0.6913
           router_load=[0.010564897209405899, 0.08967430144548416, 0.07760964334011078, 0.8221513628959656]
[step 0070/200] method=baseline_avg loss=0.5815 train_acc=0.7044 train_loss=0.5624 val_acc=0.6913 val_loss=0.6004 router_H=0.4438 best=0.6913
           router_load=[0.010564897209405899, 0.08967430144548416, 0.07760964334011078, 0.8221513628959656]
[step 0080/200] method=baseline_avg loss=0.3720 train_acc=0.7044 train_loss=0.5624 val_acc=0.6913 val_loss=0.6004 router_H=0.4438 best=0.6913
           router_load=[0.010564897209405899, 0.08967430144548416, 0.07760964334011078, 0.8221513628959656]
[step 0090/200] method=baseline_avg loss=0.5345 train_acc=0.7044 train_loss=0.5624 val_acc=0.6913 val_loss=0.6004 router_H=0.4438 best=0.6913
           router_load=[0.010564897209405899, 0.08967430144548416, 0.07760964334011078, 0.8221513628959656]
[step 0100/200] method=baseline_avg loss=0.4522 train_acc=0.7325 train_loss=0.4734 val_acc=0.7220 val_loss=0.5095 router_H=0.4819 best=0.7220
           router_load=[0.024243539199233055, 0.04437899962067604, 0.14891836047172546, 0.7824591994285583]
[step 0110/200] method=baseline_avg loss=0.4394 train_acc=0.7325 train_loss=0.4734 val_acc=0.7220 val_loss=0.5095 router_H=0.4819 best=0.7220
           router_load=[0.024243539199233055, 0.04437899962067604, 0.14891836047172546, 0.7824591994285583]
[step 0120/200] method=baseline_avg loss=0.6351 train_acc=0.7325 train_loss=0.4734 val_acc=0.7220 val_loss=0.5095 router_H=0.4819 best=0.7220
           router_load=[0.024243539199233055, 0.04437899962067604, 0.14891836047172546, 0.7824591994285583]
[step 0130/200] method=baseline_avg loss=0.6285 train_acc=0.7325 train_loss=0.4734 val_acc=0.7220 val_loss=0.5095 router_H=0.4819 best=0.7220
           router_load=[0.024243539199233055, 0.04437899962067604, 0.14891836047172546, 0.7824591994285583]
[step 0140/200] method=baseline_avg loss=0.5969 train_acc=0.7325 train_loss=0.4734 val_acc=0.7220 val_loss=0.5095 router_H=0.4819 best=0.7220
           router_load=[0.024243539199233055, 0.04437899962067604, 0.14891836047172546, 0.7824591994285583]
[step 0150/200] method=baseline_avg loss=0.3121 train_acc=0.7861 train_loss=0.4677 val_acc=0.7622 val_loss=0.5315 router_H=0.4620 best=0.7622
           router_load=[0.06569460034370422, 0.01536329835653305, 0.12238294631242752, 0.7965590953826904]
[step 0160/200] method=baseline_avg loss=0.4353 train_acc=0.7861 train_loss=0.4677 val_acc=0.7622 val_loss=0.5315 router_H=0.4620 best=0.7622
           router_load=[0.06569460034370422, 0.01536329835653305, 0.12238294631242752, 0.7965590953826904]
[step 0170/200] method=baseline_avg loss=0.3511 train_acc=0.7861 train_loss=0.4677 val_acc=0.7622 val_loss=0.5315 router_H=0.4620 best=0.7622
           router_load=[0.06569460034370422, 0.01536329835653305, 0.12238294631242752, 0.7965590953826904]
[step 0180/200] method=baseline_avg loss=0.5565 train_acc=0.7861 train_loss=0.4677 val_acc=0.7622 val_loss=0.5315 router_H=0.4620 best=0.7622
           router_load=[0.06569460034370422, 0.01536329835653305, 0.12238294631242752, 0.7965590953826904]
[step 0190/200] method=baseline_avg loss=0.4858 train_acc=0.7861 train_loss=0.4677 val_acc=0.7622 val_loss=0.5315 router_H=0.4620 best=0.7622
           router_load=[0.06569460034370422, 0.01536329835653305, 0.12238294631242752, 0.7965590953826904]
[step 0200/200] method=baseline_avg loss=0.7073 train_acc=0.8253 train_loss=0.4196 val_acc=0.7958 val_loss=0.5212 router_H=0.4431 best=0.7958
           router_load=[0.023071758449077606, 0.02575455605983734, 0.17049068212509155, 0.7806829214096069]
saved summary -> /root/Optimization/MOE-grad-conflict-routing/runs/paper_suite_supplement/single_task_add_rerun/single_task/roberta_cola_ffn_e4_k2/hpo/baseline/trial_runs/coord_03_train_grad_clip_019/baseline_s3.json
saved curve -> /root/Optimization/MOE-grad-conflict-routing/runs/paper_suite_supplement/single_task_add_rerun/single_task/roberta_cola_ffn_e4_k2/hpo/baseline/trial_runs/coord_03_train_grad_clip_019/baseline_s3_curve.csv
