[run] method=baseline candidate=coord_03_train_grad_clip_003 seed=2 steps=200 gpu=0
[run] cmd=
/root/miniconda3/envs/optimization/bin/python /root/Optimization/MOE-grad-conflict-routing/scripts/run.py --config configs/singletask_cola_real.yaml --set train.eval_train_fraction=0.1 --set model.backbone_backend=hf --set model.hf_load_pretrained=true --set model.hf_local_files_only=true --set model.backbone=roberta --set model.hf_pretrained_name=roberta-base --set model.expert_type=ffn --set model.routing_mode=topk --set model.num_experts=4 --set model.top_k=2 --set seed=2 --set method.name=baseline_avg --set train.steps=200 --set train.eval_every_steps=100 --set train.grad_clip=0.8690175238 --set train.lr=1.263268742e-05 --set train.weight_decay=0.03175375625 --out /root/Optimization/MOE-grad-conflict-routing/runs/paper_suite_supplement/single_task_add_rerun/single_task/roberta_cola_ffn_e4_k2/hpo/baseline/trial_runs/coord_03_train_grad_clip_003/baseline_s2.json --curve_out /root/Optimization/MOE-grad-conflict-routing/runs/paper_suite_supplement/single_task_add_rerun/single_task/roberta_cola_ffn_e4_k2/hpo/baseline/trial_runs/coord_03_train_grad_clip_003/baseline_s2_curve.csv
Using the latest cached version of the dataset since glue couldn't be found on the Hugging Face Hub (offline mode is enabled).
Found the latest cached dataset configuration 'cola' at /root/.cache/huggingface/datasets/glue/cola/0.0.0/bcdcba79d07bc864c1c254ccfcedcce55bcc9a8c (last modified on Thu Mar 26 23:46:11 2026).
Loading weights:   0%|          | 0/197 [00:00<?, ?it/s]Loading weights: 100%|██████████| 197/197 [00:00<00:00, 5710.44it/s]
[1mRobertaModel LOAD REPORT[0m from: roberta-base
Key                             | Status     | 
--------------------------------+------------+-
lm_head.bias                    | UNEXPECTED | 
lm_head.dense.weight            | UNEXPECTED | 
lm_head.layer_norm.weight       | UNEXPECTED | 
roberta.embeddings.position_ids | UNEXPECTED | 
lm_head.dense.bias              | UNEXPECTED | 
lm_head.layer_norm.bias         | UNEXPECTED | 
pooler.dense.weight             | MISSING    | 
pooler.dense.bias               | MISSING    | 

[3mNotes:
- UNEXPECTED[3m	:can be ignored when loading from different task/architecture; not ok if you expect identical arch.
- MISSING[3m	:those params were newly initialized because missing from the checkpoint. Consider training on your downstream task.[0m
[step 0001/200] method=baseline_avg loss=0.6945 train_acc=nan train_loss=nan val_acc=nan val_loss=nan best=-1.0000
[step 0010/200] method=baseline_avg loss=0.6018 train_acc=nan train_loss=nan val_acc=nan val_loss=nan best=-1.0000
[step 0020/200] method=baseline_avg loss=0.6432 train_acc=nan train_loss=nan val_acc=nan val_loss=nan best=-1.0000
[step 0030/200] method=baseline_avg loss=0.4916 train_acc=nan train_loss=nan val_acc=nan val_loss=nan best=-1.0000
[step 0040/200] method=baseline_avg loss=0.4517 train_acc=nan train_loss=nan val_acc=nan val_loss=nan best=-1.0000
[step 0050/200] method=baseline_avg loss=0.4979 train_acc=nan train_loss=nan val_acc=nan val_loss=nan best=-1.0000
[step 0060/200] method=baseline_avg loss=0.5532 train_acc=nan train_loss=nan val_acc=nan val_loss=nan best=-1.0000
[step 0070/200] method=baseline_avg loss=0.5349 train_acc=nan train_loss=nan val_acc=nan val_loss=nan best=-1.0000
[step 0080/200] method=baseline_avg loss=0.5253 train_acc=nan train_loss=nan val_acc=nan val_loss=nan best=-1.0000
[step 0090/200] method=baseline_avg loss=0.5850 train_acc=nan train_loss=nan val_acc=nan val_loss=nan best=-1.0000
[step 0100/200] method=baseline_avg loss=0.5616 train_acc=0.7199 train_loss=0.4651 val_acc=0.6922 val_loss=0.5136 router_H=0.5610 best=0.6922
           router_load=[0.729398787021637, 0.20361407101154327, 0.023536866530776024, 0.04345044121146202]
[step 0110/200] method=baseline_avg loss=0.5640 train_acc=0.7199 train_loss=0.4651 val_acc=0.6922 val_loss=0.5136 router_H=0.5610 best=0.6922
           router_load=[0.729398787021637, 0.20361407101154327, 0.023536866530776024, 0.04345044121146202]
[step 0120/200] method=baseline_avg loss=0.5380 train_acc=0.7199 train_loss=0.4651 val_acc=0.6922 val_loss=0.5136 router_H=0.5610 best=0.6922
           router_load=[0.729398787021637, 0.20361407101154327, 0.023536866530776024, 0.04345044121146202]
[step 0130/200] method=baseline_avg loss=0.4524 train_acc=0.7199 train_loss=0.4651 val_acc=0.6922 val_loss=0.5136 router_H=0.5610 best=0.6922
           router_load=[0.729398787021637, 0.20361407101154327, 0.023536866530776024, 0.04345044121146202]
[step 0140/200] method=baseline_avg loss=0.5929 train_acc=0.7199 train_loss=0.4651 val_acc=0.6922 val_loss=0.5136 router_H=0.5610 best=0.6922
           router_load=[0.729398787021637, 0.20361407101154327, 0.023536866530776024, 0.04345044121146202]
[step 0150/200] method=baseline_avg loss=0.5118 train_acc=0.7199 train_loss=0.4651 val_acc=0.6922 val_loss=0.5136 router_H=0.5610 best=0.6922
           router_load=[0.729398787021637, 0.20361407101154327, 0.023536866530776024, 0.04345044121146202]
[step 0160/200] method=baseline_avg loss=0.4305 train_acc=0.7199 train_loss=0.4651 val_acc=0.6922 val_loss=0.5136 router_H=0.5610 best=0.6922
           router_load=[0.729398787021637, 0.20361407101154327, 0.023536866530776024, 0.04345044121146202]
[step 0170/200] method=baseline_avg loss=0.6359 train_acc=0.7199 train_loss=0.4651 val_acc=0.6922 val_loss=0.5136 router_H=0.5610 best=0.6922
           router_load=[0.729398787021637, 0.20361407101154327, 0.023536866530776024, 0.04345044121146202]
[step 0180/200] method=baseline_avg loss=0.5008 train_acc=0.7199 train_loss=0.4651 val_acc=0.6922 val_loss=0.5136 router_H=0.5610 best=0.6922
           router_load=[0.729398787021637, 0.20361407101154327, 0.023536866530776024, 0.04345044121146202]
[step 0190/200] method=baseline_avg loss=0.5001 train_acc=0.7199 train_loss=0.4651 val_acc=0.6922 val_loss=0.5136 router_H=0.5610 best=0.6922
           router_load=[0.729398787021637, 0.20361407101154327, 0.023536866530776024, 0.04345044121146202]
[step 0200/200] method=baseline_avg loss=0.7548 train_acc=0.7396 train_loss=0.5675 val_acc=0.7354 val_loss=0.5926 router_H=0.5521 best=0.7354
           router_load=[0.748231828212738, 0.23160004615783691, 0.012206250801682472, 0.007961609400808811]
saved summary -> /root/Optimization/MOE-grad-conflict-routing/runs/paper_suite_supplement/single_task_add_rerun/single_task/roberta_cola_ffn_e4_k2/hpo/baseline/trial_runs/coord_03_train_grad_clip_003/baseline_s2.json
saved curve -> /root/Optimization/MOE-grad-conflict-routing/runs/paper_suite_supplement/single_task_add_rerun/single_task/roberta_cola_ffn_e4_k2/hpo/baseline/trial_runs/coord_03_train_grad_clip_003/baseline_s2_curve.csv
