[run] method=baseline candidate=coord_03_anchor seed=2 steps=200 gpu=0
[run] cmd=
/root/miniconda3/envs/optimization/bin/python /root/Optimization/MOE-grad-conflict-routing/scripts/run.py --config configs/singletask_cola_real.yaml --set train.eval_train_fraction=0.1 --set model.backbone_backend=hf --set model.hf_load_pretrained=true --set model.hf_local_files_only=true --set model.backbone=roberta --set model.hf_pretrained_name=roberta-base --set model.expert_type=ffn --set model.routing_mode=topk --set model.num_experts=4 --set model.top_k=2 --set seed=2 --set method.name=baseline_avg --set train.steps=200 --set train.eval_every_steps=100 --set train.grad_clip=1 --set train.lr=1.263268742e-05 --set train.weight_decay=0.03175375625 --out /root/Optimization/MOE-grad-conflict-routing/runs/paper_suite_supplement/single_task_add_rerun/single_task/roberta_cola_ffn_e4_k2/hpo/baseline/trial_runs/coord_03_anchor/baseline_s2.json --curve_out /root/Optimization/MOE-grad-conflict-routing/runs/paper_suite_supplement/single_task_add_rerun/single_task/roberta_cola_ffn_e4_k2/hpo/baseline/trial_runs/coord_03_anchor/baseline_s2_curve.csv
Using the latest cached version of the dataset since glue couldn't be found on the Hugging Face Hub (offline mode is enabled).
Found the latest cached dataset configuration 'cola' at /root/.cache/huggingface/datasets/glue/cola/0.0.0/bcdcba79d07bc864c1c254ccfcedcce55bcc9a8c (last modified on Thu Mar 26 23:46:11 2026).
Loading weights:   0%|          | 0/197 [00:00<?, ?it/s]Loading weights: 100%|██████████| 197/197 [00:00<00:00, 5527.46it/s]
[1mRobertaModel LOAD REPORT[0m from: roberta-base
Key                             | Status     | 
--------------------------------+------------+-
lm_head.dense.bias              | UNEXPECTED | 
lm_head.layer_norm.bias         | UNEXPECTED | 
lm_head.bias                    | UNEXPECTED | 
roberta.embeddings.position_ids | UNEXPECTED | 
lm_head.dense.weight            | UNEXPECTED | 
lm_head.layer_norm.weight       | UNEXPECTED | 
pooler.dense.weight             | MISSING    | 
pooler.dense.bias               | MISSING    | 

[3mNotes:
- UNEXPECTED[3m	:can be ignored when loading from different task/architecture; not ok if you expect identical arch.
- MISSING[3m	:those params were newly initialized because missing from the checkpoint. Consider training on your downstream task.[0m
[step 0001/200] method=baseline_avg loss=0.6945 train_acc=nan train_loss=nan val_acc=nan val_loss=nan best=-1.0000
[step 0010/200] method=baseline_avg loss=0.5779 train_acc=nan train_loss=nan val_acc=nan val_loss=nan best=-1.0000
[step 0020/200] method=baseline_avg loss=0.6749 train_acc=nan train_loss=nan val_acc=nan val_loss=nan best=-1.0000
[step 0030/200] method=baseline_avg loss=0.5099 train_acc=nan train_loss=nan val_acc=nan val_loss=nan best=-1.0000
[step 0040/200] method=baseline_avg loss=0.4577 train_acc=nan train_loss=nan val_acc=nan val_loss=nan best=-1.0000
[step 0050/200] method=baseline_avg loss=0.5055 train_acc=nan train_loss=nan val_acc=nan val_loss=nan best=-1.0000
[step 0060/200] method=baseline_avg loss=0.5403 train_acc=nan train_loss=nan val_acc=nan val_loss=nan best=-1.0000
[step 0070/200] method=baseline_avg loss=0.5380 train_acc=nan train_loss=nan val_acc=nan val_loss=nan best=-1.0000
[step 0080/200] method=baseline_avg loss=0.4783 train_acc=nan train_loss=nan val_acc=nan val_loss=nan best=-1.0000
[step 0090/200] method=baseline_avg loss=0.5704 train_acc=nan train_loss=nan val_acc=nan val_loss=nan best=-1.0000
[step 0100/200] method=baseline_avg loss=0.4488 train_acc=0.7905 train_loss=0.4554 val_acc=0.7699 val_loss=0.5028 router_H=0.6606 best=0.7699
           router_load=[0.6043896079063416, 0.0, 0.01643478497862816, 0.3791756331920624]
[step 0110/200] method=baseline_avg loss=0.6336 train_acc=0.7905 train_loss=0.4554 val_acc=0.7699 val_loss=0.5028 router_H=0.6606 best=0.7699
           router_load=[0.6043896079063416, 0.0, 0.01643478497862816, 0.3791756331920624]
[step 0120/200] method=baseline_avg loss=0.5872 train_acc=0.7905 train_loss=0.4554 val_acc=0.7699 val_loss=0.5028 router_H=0.6606 best=0.7699
           router_load=[0.6043896079063416, 0.0, 0.01643478497862816, 0.3791756331920624]
[step 0130/200] method=baseline_avg loss=0.4441 train_acc=0.7905 train_loss=0.4554 val_acc=0.7699 val_loss=0.5028 router_H=0.6606 best=0.7699
           router_load=[0.6043896079063416, 0.0, 0.01643478497862816, 0.3791756331920624]
[step 0140/200] method=baseline_avg loss=0.4882 train_acc=0.7905 train_loss=0.4554 val_acc=0.7699 val_loss=0.5028 router_H=0.6606 best=0.7699
           router_load=[0.6043896079063416, 0.0, 0.01643478497862816, 0.3791756331920624]
[step 0150/200] method=baseline_avg loss=0.4832 train_acc=0.7905 train_loss=0.4554 val_acc=0.7699 val_loss=0.5028 router_H=0.6606 best=0.7699
           router_load=[0.6043896079063416, 0.0, 0.01643478497862816, 0.3791756331920624]
[step 0160/200] method=baseline_avg loss=0.4285 train_acc=0.7905 train_loss=0.4554 val_acc=0.7699 val_loss=0.5028 router_H=0.6606 best=0.7699
           router_load=[0.6043896079063416, 0.0, 0.01643478497862816, 0.3791756331920624]
[step 0170/200] method=baseline_avg loss=0.4937 train_acc=0.7905 train_loss=0.4554 val_acc=0.7699 val_loss=0.5028 router_H=0.6606 best=0.7699
           router_load=[0.6043896079063416, 0.0, 0.01643478497862816, 0.3791756331920624]
[step 0180/200] method=baseline_avg loss=0.3992 train_acc=0.7905 train_loss=0.4554 val_acc=0.7699 val_loss=0.5028 router_H=0.6606 best=0.7699
           router_load=[0.6043896079063416, 0.0, 0.01643478497862816, 0.3791756331920624]
[step 0190/200] method=baseline_avg loss=0.5199 train_acc=0.7905 train_loss=0.4554 val_acc=0.7699 val_loss=0.5028 router_H=0.6606 best=0.7699
           router_load=[0.6043896079063416, 0.0, 0.01643478497862816, 0.3791756331920624]
[step 0200/200] method=baseline_avg loss=0.7812 train_acc=0.7454 train_loss=0.5782 val_acc=0.7430 val_loss=0.6197 router_H=0.5802 best=0.7699
           router_load=[0.7178822159767151, 0.0013017195742577314, 0.0325409397482872, 0.24827516078948975]
saved summary -> /root/Optimization/MOE-grad-conflict-routing/runs/paper_suite_supplement/single_task_add_rerun/single_task/roberta_cola_ffn_e4_k2/hpo/baseline/trial_runs/coord_03_anchor/baseline_s2.json
saved curve -> /root/Optimization/MOE-grad-conflict-routing/runs/paper_suite_supplement/single_task_add_rerun/single_task/roberta_cola_ffn_e4_k2/hpo/baseline/trial_runs/coord_03_anchor/baseline_s2_curve.csv
