[run] method=ours candidate=coord_03_train_grad_clip_003 seed=3 steps=200 gpu=0
[run] cmd=
/root/miniconda3/envs/optimization/bin/python /root/Optimization/MOE-grad-conflict-routing/scripts/run.py --config configs/singletask_rte_real.yaml --set model.backbone_backend=hf --set model.hf_load_pretrained=true --set model.backbone=roberta --set model.hf_pretrained_name=roberta-base --set model.expert_type=ffn --set model.routing_mode=topk --set model.num_experts=4 --set model.top_k=2 --set train.lr=2.5551784142791192e-05 --set seed=3 --set method.name=ours --set train.steps=200 --set train.eval_every_steps=50 --set method.ours.use_load_norm=true --set method.ours.lambda_align=0.001 --set train.grad_clip=0.8690175238 --set train.lr=1.980533107e-05 --set train.weight_decay=0.01262791402 --out /root/Optimization/MOE-grad-conflict-routing/runs/paper_suite_supplement/single_task_add_rerun/rerun/roberta_rte_ffn_e4_k2_ours_lr_centered/hpo/ours/trial_runs/coord_03_train_grad_clip_003/ours_s3.json --curve_out /root/Optimization/MOE-grad-conflict-routing/runs/paper_suite_supplement/single_task_add_rerun/rerun/roberta_rte_ffn_e4_k2_ours_lr_centered/hpo/ours/trial_runs/coord_03_train_grad_clip_003/ours_s3_curve.csv
Using the latest cached version of the dataset since glue couldn't be found on the Hugging Face Hub (offline mode is enabled).
Found the latest cached dataset configuration 'rte' at /root/.cache/huggingface/datasets/glue/rte/0.0.0/bcdcba79d07bc864c1c254ccfcedcce55bcc9a8c (last modified on Sun Mar 22 21:39:13 2026).
Loading weights:   0%|          | 0/197 [00:00<?, ?it/s]Loading weights: 100%|██████████| 197/197 [00:00<00:00, 4597.58it/s]
[1mRobertaModel LOAD REPORT[0m from: roberta-base
Key                             | Status     | 
--------------------------------+------------+-
lm_head.dense.weight            | UNEXPECTED | 
lm_head.layer_norm.weight       | UNEXPECTED | 
lm_head.layer_norm.bias         | UNEXPECTED | 
lm_head.dense.bias              | UNEXPECTED | 
lm_head.bias                    | UNEXPECTED | 
roberta.embeddings.position_ids | UNEXPECTED | 
pooler.dense.weight             | MISSING    | 
pooler.dense.bias               | MISSING    | 

[3mNotes:
- UNEXPECTED[3m	:can be ignored when loading from different task/architecture; not ok if you expect identical arch.
- MISSING[3m	:those params were newly initialized because missing from the checkpoint. Consider training on your downstream task.[0m
[step 0001/200] method=ours loss=0.6897 train_acc=nan train_loss=nan val_acc=nan val_loss=nan best=-1.0000
[step 0010/200] method=ours loss=0.6969 train_acc=nan train_loss=nan val_acc=nan val_loss=nan best=-1.0000
[step 0020/200] method=ours loss=0.6889 train_acc=nan train_loss=nan val_acc=nan val_loss=nan best=-1.0000
[step 0030/200] method=ours loss=0.6822 train_acc=nan train_loss=nan val_acc=nan val_loss=nan best=-1.0000
[step 0040/200] method=ours loss=0.6616 train_acc=nan train_loss=nan val_acc=nan val_loss=nan best=-1.0000
[step 0050/200] method=ours loss=0.6639 train_acc=0.6357 train_loss=0.6483 val_acc=0.5993 val_loss=0.6660 router_H=0.6297 best=0.5993
           router_load=[0.24411724507808685, 0.6715776324272156, 0.0, 0.08430503308773041]
[step 0060/200] method=ours loss=0.6018 train_acc=0.6357 train_loss=0.6483 val_acc=0.5993 val_loss=0.6660 router_H=0.6297 best=0.5993
           router_load=[0.24411724507808685, 0.6715776324272156, 0.0, 0.08430503308773041]
[step 0070/200] method=ours loss=0.6472 train_acc=0.6357 train_loss=0.6483 val_acc=0.5993 val_loss=0.6660 router_H=0.6297 best=0.5993
           router_load=[0.24411724507808685, 0.6715776324272156, 0.0, 0.08430503308773041]
[step 0080/200] method=ours loss=0.5114 train_acc=0.6357 train_loss=0.6483 val_acc=0.5993 val_loss=0.6660 router_H=0.6297 best=0.5993
           router_load=[0.24411724507808685, 0.6715776324272156, 0.0, 0.08430503308773041]
[step 0090/200] method=ours loss=0.6026 train_acc=0.6357 train_loss=0.6483 val_acc=0.5993 val_loss=0.6660 router_H=0.6297 best=0.5993
           router_load=[0.24411724507808685, 0.6715776324272156, 0.0, 0.08430503308773041]
[step 0100/200] method=ours loss=0.7128 train_acc=0.7133 train_loss=0.5830 val_acc=0.6390 val_loss=0.6241 router_H=0.4802 best=0.6390
           router_load=[0.10440703481435776, 0.8048334717750549, 0.08946554362773895, 0.0012939312728121877]
[step 0110/200] method=ours loss=0.5432 train_acc=0.7133 train_loss=0.5830 val_acc=0.6390 val_loss=0.6241 router_H=0.4802 best=0.6390
           router_load=[0.10440703481435776, 0.8048334717750549, 0.08946554362773895, 0.0012939312728121877]
[step 0120/200] method=ours loss=0.6763 train_acc=0.7133 train_loss=0.5830 val_acc=0.6390 val_loss=0.6241 router_H=0.4802 best=0.6390
           router_load=[0.10440703481435776, 0.8048334717750549, 0.08946554362773895, 0.0012939312728121877]
[step 0130/200] method=ours loss=0.6359 train_acc=0.7133 train_loss=0.5830 val_acc=0.6390 val_loss=0.6241 router_H=0.4802 best=0.6390
           router_load=[0.10440703481435776, 0.8048334717750549, 0.08946554362773895, 0.0012939312728121877]
[step 0140/200] method=ours loss=0.5555 train_acc=0.7133 train_loss=0.5830 val_acc=0.6390 val_loss=0.6241 router_H=0.4802 best=0.6390
           router_load=[0.10440703481435776, 0.8048334717750549, 0.08946554362773895, 0.0012939312728121877]
[step 0150/200] method=ours loss=0.4484 train_acc=0.7542 train_loss=0.4921 val_acc=0.6643 val_loss=0.6050 router_H=0.4139 best=0.6643
           router_load=[0.07489117980003357, 0.8422879576683044, 0.08237049728631973, 0.00045028593740426004]
[step 0160/200] method=ours loss=0.5781 train_acc=0.7542 train_loss=0.4921 val_acc=0.6643 val_loss=0.6050 router_H=0.4139 best=0.6643
           router_load=[0.07489117980003357, 0.8422879576683044, 0.08237049728631973, 0.00045028593740426004]
[step 0170/200] method=ours loss=0.6030 train_acc=0.7542 train_loss=0.4921 val_acc=0.6643 val_loss=0.6050 router_H=0.4139 best=0.6643
           router_load=[0.07489117980003357, 0.8422879576683044, 0.08237049728631973, 0.00045028593740426004]
[step 0180/200] method=ours loss=0.7831 train_acc=0.7542 train_loss=0.4921 val_acc=0.6643 val_loss=0.6050 router_H=0.4139 best=0.6643
           router_load=[0.07489117980003357, 0.8422879576683044, 0.08237049728631973, 0.00045028593740426004]
[step 0190/200] method=ours loss=0.6892 train_acc=0.7542 train_loss=0.4921 val_acc=0.6643 val_loss=0.6050 router_H=0.4139 best=0.6643
           router_load=[0.07489117980003357, 0.8422879576683044, 0.08237049728631973, 0.00045028593740426004]
[step 0200/200] method=ours loss=0.3651 train_acc=0.8289 train_loss=0.4046 val_acc=0.7292 val_loss=0.5470 router_H=0.4284 best=0.7292
           router_load=[0.08396608382463455, 0.8361725807189941, 0.07515020668506622, 0.004710959270596504]
saved summary -> /root/Optimization/MOE-grad-conflict-routing/runs/paper_suite_supplement/single_task_add_rerun/rerun/roberta_rte_ffn_e4_k2_ours_lr_centered/hpo/ours/trial_runs/coord_03_train_grad_clip_003/ours_s3.json
saved curve -> /root/Optimization/MOE-grad-conflict-routing/runs/paper_suite_supplement/single_task_add_rerun/rerun/roberta_rte_ffn_e4_k2_ours_lr_centered/hpo/ours/trial_runs/coord_03_train_grad_clip_003/ours_s3_curve.csv
