[run] method=cagrad candidate=coord_01_train_lr_012 seed=2 steps=150 gpu=0
[run] cmd=
/home/zhujjing/anaconda3/envs/moe/bin/python /home/zhujjing/MOE-grad-conflict-routing/scripts/run.py --config configs/singletask_mrpc_real.yaml --set model.backbone_backend=hf --set model.hf_load_pretrained=true --set model.backbone=deberta --set model.hf_pretrained_name=microsoft/deberta-v3-base --set model.expert_type=ffn --set model.routing_mode=topk --set model.num_experts=4 --set model.top_k=2 --set seed=2 --set method.name=baseline_cagrad --set train.steps=150 --set train.eval_every_steps=50 --set method.baseline_cagrad.c=0.4 --set method.baseline_cagrad.inner_lr=0.1 --set train.grad_clip=1 --set train.lr=0.0004161060922 --set train.weight_decay=0.01 --out /home/zhujjing/MOE-grad-conflict-routing/runs/paper_suite/single_gpu/single_task/deberta_mrpc_ffn_e4_k2/hpo/cagrad/trial_runs/coord_01_train_lr_012/cagrad_s2.json --curve_out /home/zhujjing/MOE-grad-conflict-routing/runs/paper_suite/single_gpu/single_task/deberta_mrpc_ffn_e4_k2/hpo/cagrad/trial_runs/coord_01_train_lr_012/cagrad_s2_curve.csv
Using the latest cached version of the dataset since glue couldn't be found on the Hugging Face Hub (offline mode is enabled).
Found the latest cached dataset configuration 'mrpc' at /home/zhujjing/hf_cache/datasets/glue/mrpc/0.0.0/bcdcba79d07bc864c1c254ccfcedcce55bcc9a8c (last modified on Thu Mar 19 15:01:06 2026).
/home/zhujjing/anaconda3/envs/moe/lib/python3.10/site-packages/transformers/utils/hub.py:124: FutureWarning: Using `TRANSFORMERS_CACHE` is deprecated and will be removed in v5 of Transformers. Use `HF_HOME` instead.
  warnings.warn(
/home/zhujjing/anaconda3/envs/moe/lib/python3.10/site-packages/transformers/convert_slow_tokenizer.py:560: UserWarning: The sentencepiece tokenizer that you are converting to a fast tokenizer uses the byte fallback option which is not implemented in the fast tokenizers. In practice this means that the fast version of the tokenizer can produce unknown tokens whereas the sentencepiece version would have converted these unknown tokens into a sequence of byte tokens matching the original piece of text.
  warnings.warn(
[step 0001/150] method=baseline_cagrad loss=0.7063 train_acc=nan train_loss=nan val_acc=nan val_loss=nan best=-1.0000
[step 0010/150] method=baseline_cagrad loss=0.6392 train_acc=nan train_loss=nan val_acc=nan val_loss=nan best=-1.0000
[step 0020/150] method=baseline_cagrad loss=0.7774 train_acc=nan train_loss=nan val_acc=nan val_loss=nan best=-1.0000
[step 0030/150] method=baseline_cagrad loss=0.7617 train_acc=nan train_loss=nan val_acc=nan val_loss=nan best=-1.0000
[step 0040/150] method=baseline_cagrad loss=0.7771 train_acc=nan train_loss=nan val_acc=nan val_loss=nan best=-1.0000
[step 0050/150] method=baseline_cagrad loss=0.6259 train_acc=0.6745 train_loss=0.6735 val_acc=0.6838 val_loss=0.6726 router_H=0.6826 best=0.6838
           router_load=[0.4275406002998352, 0.0, 0.0, 0.57245934009552]
[step 0060/150] method=baseline_cagrad loss=0.9313 train_acc=0.6745 train_loss=0.6735 val_acc=0.6838 val_loss=0.6726 router_H=0.6826 best=0.6838
           router_load=[0.4275406002998352, 0.0, 0.0, 0.57245934009552]
[step 0070/150] method=baseline_cagrad loss=0.6127 train_acc=0.6745 train_loss=0.6735 val_acc=0.6838 val_loss=0.6726 router_H=0.6826 best=0.6838
           router_load=[0.4275406002998352, 0.0, 0.0, 0.57245934009552]
[step 0080/150] method=baseline_cagrad loss=0.7763 train_acc=0.6745 train_loss=0.6735 val_acc=0.6838 val_loss=0.6726 router_H=0.6826 best=0.6838
           router_load=[0.4275406002998352, 0.0, 0.0, 0.57245934009552]
[step 0090/150] method=baseline_cagrad loss=0.5598 train_acc=0.6745 train_loss=0.6735 val_acc=0.6838 val_loss=0.6726 router_H=0.6826 best=0.6838
           router_load=[0.4275406002998352, 0.0, 0.0, 0.57245934009552]
[step 0100/150] method=baseline_cagrad loss=0.6978 train_acc=0.3255 train_loss=0.7433 val_acc=0.3162 val_loss=0.7456 router_H=0.6788 best=0.6838
           router_load=[0.5846282243728638, 0.0, 0.0, 0.41537171602249146]
[step 0110/150] method=baseline_cagrad loss=0.5700 train_acc=0.3255 train_loss=0.7433 val_acc=0.3162 val_loss=0.7456 router_H=0.6788 best=0.6838
           router_load=[0.5846282243728638, 0.0, 0.0, 0.41537171602249146]
[step 0120/150] method=baseline_cagrad loss=0.5615 train_acc=0.3255 train_loss=0.7433 val_acc=0.3162 val_loss=0.7456 router_H=0.6788 best=0.6838
           router_load=[0.5846282243728638, 0.0, 0.0, 0.41537171602249146]
[step 0130/150] method=baseline_cagrad loss=0.6583 train_acc=0.3255 train_loss=0.7433 val_acc=0.3162 val_loss=0.7456 router_H=0.6788 best=0.6838
           router_load=[0.5846282243728638, 0.0, 0.0, 0.41537171602249146]
[step 0140/150] method=baseline_cagrad loss=0.7918 train_acc=0.3255 train_loss=0.7433 val_acc=0.3162 val_loss=0.7456 router_H=0.6788 best=0.6838
           router_load=[0.5846282243728638, 0.0, 0.0, 0.41537171602249146]
[step 0150/150] method=baseline_cagrad loss=0.6313 train_acc=0.6745 train_loss=0.6439 val_acc=0.6838 val_loss=0.6353 router_H=0.6919 best=0.6838
           router_load=[0.4749709367752075, 0.0, 0.0, 0.5250290036201477]
saved summary -> /home/zhujjing/MOE-grad-conflict-routing/runs/paper_suite/single_gpu/single_task/deberta_mrpc_ffn_e4_k2/hpo/cagrad/trial_runs/coord_01_train_lr_012/cagrad_s2.json
saved curve -> /home/zhujjing/MOE-grad-conflict-routing/runs/paper_suite/single_gpu/single_task/deberta_mrpc_ffn_e4_k2/hpo/cagrad/trial_runs/coord_01_train_lr_012/cagrad_s2_curve.csv
