[run] method=cagrad candidate=coord_02_train_weight_decay_010 seed=3 steps=150 gpu=0
[run] cmd=
/home/zhujjing/anaconda3/envs/moe/bin/python /home/zhujjing/MOE-grad-conflict-routing/scripts/run.py --config configs/singletask_mrpc_real.yaml --set model.backbone_backend=hf --set model.hf_load_pretrained=true --set model.backbone=deberta --set model.hf_pretrained_name=microsoft/deberta-v3-base --set model.expert_type=lora --set model.routing_mode=topk --set model.num_experts=4 --set model.top_k=2 --set seed=3 --set method.name=baseline_cagrad --set train.steps=150 --set train.eval_every_steps=50 --set method.baseline_cagrad.c=0.4 --set method.baseline_cagrad.inner_lr=0.1 --set train.grad_clip=1 --set train.lr=7.848640431e-05 --set train.weight_decay=0.02536478282 --out /home/zhujjing/MOE-grad-conflict-routing/runs/paper_suite/single_gpu/single_task/deberta_mrpc_lora_e4_k2/hpo/cagrad/trial_runs/coord_02_train_weight_decay_010/cagrad_s3.json --curve_out /home/zhujjing/MOE-grad-conflict-routing/runs/paper_suite/single_gpu/single_task/deberta_mrpc_lora_e4_k2/hpo/cagrad/trial_runs/coord_02_train_weight_decay_010/cagrad_s3_curve.csv
Using the latest cached version of the dataset since glue couldn't be found on the Hugging Face Hub (offline mode is enabled).
Found the latest cached dataset configuration 'mrpc' at /home/zhujjing/hf_cache/datasets/glue/mrpc/0.0.0/bcdcba79d07bc864c1c254ccfcedcce55bcc9a8c (last modified on Thu Mar 19 15:01:06 2026).
/home/zhujjing/anaconda3/envs/moe/lib/python3.10/site-packages/transformers/utils/hub.py:124: FutureWarning: Using `TRANSFORMERS_CACHE` is deprecated and will be removed in v5 of Transformers. Use `HF_HOME` instead.
  warnings.warn(
/home/zhujjing/anaconda3/envs/moe/lib/python3.10/site-packages/transformers/convert_slow_tokenizer.py:560: UserWarning: The sentencepiece tokenizer that you are converting to a fast tokenizer uses the byte fallback option which is not implemented in the fast tokenizers. In practice this means that the fast version of the tokenizer can produce unknown tokens whereas the sentencepiece version would have converted these unknown tokens into a sequence of byte tokens matching the original piece of text.
  warnings.warn(
[step 0001/150] method=baseline_cagrad loss=0.7817 train_acc=nan train_loss=nan val_acc=nan val_loss=nan best=-1.0000
[step 0010/150] method=baseline_cagrad loss=0.6843 train_acc=nan train_loss=nan val_acc=nan val_loss=nan best=-1.0000
[step 0020/150] method=baseline_cagrad loss=0.5374 train_acc=nan train_loss=nan val_acc=nan val_loss=nan best=-1.0000
[step 0030/150] method=baseline_cagrad loss=0.4979 train_acc=nan train_loss=nan val_acc=nan val_loss=nan best=-1.0000
[step 0040/150] method=baseline_cagrad loss=0.5010 train_acc=nan train_loss=nan val_acc=nan val_loss=nan best=-1.0000
[step 0050/150] method=baseline_cagrad loss=0.6324 train_acc=0.8013 train_loss=0.4341 val_acc=0.7745 val_loss=0.4367 router_H=0.6634 best=0.7745
           router_load=[0.30076882243156433, 0.08480677753686905, 0.0008404483087360859, 0.6135838031768799]
[step 0060/150] method=baseline_cagrad loss=0.2815 train_acc=0.8013 train_loss=0.4341 val_acc=0.7745 val_loss=0.4367 router_H=0.6634 best=0.7745
           router_load=[0.30076882243156433, 0.08480677753686905, 0.0008404483087360859, 0.6135838031768799]
[step 0070/150] method=baseline_cagrad loss=0.3979 train_acc=0.8013 train_loss=0.4341 val_acc=0.7745 val_loss=0.4367 router_H=0.6634 best=0.7745
           router_load=[0.30076882243156433, 0.08480677753686905, 0.0008404483087360859, 0.6135838031768799]
[step 0080/150] method=baseline_cagrad loss=0.2663 train_acc=0.8013 train_loss=0.4341 val_acc=0.7745 val_loss=0.4367 router_H=0.6634 best=0.7745
           router_load=[0.30076882243156433, 0.08480677753686905, 0.0008404483087360859, 0.6135838031768799]
[step 0090/150] method=baseline_cagrad loss=0.4698 train_acc=0.8013 train_loss=0.4341 val_acc=0.7745 val_loss=0.4367 router_H=0.6634 best=0.7745
           router_load=[0.30076882243156433, 0.08480677753686905, 0.0008404483087360859, 0.6135838031768799]
[step 0100/150] method=baseline_cagrad loss=0.2689 train_acc=0.8817 train_loss=0.2859 val_acc=0.8456 val_loss=0.3317 router_H=0.6697 best=0.8456
           router_load=[0.18350647389888763, 0.2218651920557022, 0.0, 0.5946283936500549]
[step 0110/150] method=baseline_cagrad loss=0.4588 train_acc=0.8817 train_loss=0.2859 val_acc=0.8456 val_loss=0.3317 router_H=0.6697 best=0.8456
           router_load=[0.18350647389888763, 0.2218651920557022, 0.0, 0.5946283936500549]
[step 0120/150] method=baseline_cagrad loss=0.3008 train_acc=0.8817 train_loss=0.2859 val_acc=0.8456 val_loss=0.3317 router_H=0.6697 best=0.8456
           router_load=[0.18350647389888763, 0.2218651920557022, 0.0, 0.5946283936500549]
[step 0130/150] method=baseline_cagrad loss=0.3231 train_acc=0.8817 train_loss=0.2859 val_acc=0.8456 val_loss=0.3317 router_H=0.6697 best=0.8456
           router_load=[0.18350647389888763, 0.2218651920557022, 0.0, 0.5946283936500549]
[step 0140/150] method=baseline_cagrad loss=0.6557 train_acc=0.8817 train_loss=0.2859 val_acc=0.8456 val_loss=0.3317 router_H=0.6697 best=0.8456
           router_load=[0.18350647389888763, 0.2218651920557022, 0.0, 0.5946283936500549]
[step 0150/150] method=baseline_cagrad loss=0.1449 train_acc=0.8890 train_loss=0.2635 val_acc=0.8750 val_loss=0.2813 router_H=0.6850 best=0.8750
           router_load=[0.18695193529129028, 0.2702518403530121, 0.0, 0.54279625415802]
saved summary -> /home/zhujjing/MOE-grad-conflict-routing/runs/paper_suite/single_gpu/single_task/deberta_mrpc_lora_e4_k2/hpo/cagrad/trial_runs/coord_02_train_weight_decay_010/cagrad_s3.json
saved curve -> /home/zhujjing/MOE-grad-conflict-routing/runs/paper_suite/single_gpu/single_task/deberta_mrpc_lora_e4_k2/hpo/cagrad/trial_runs/coord_02_train_weight_decay_010/cagrad_s3_curve.csv
