[run] method=baseline candidate=coord_03_train_grad_clip_020 seed=3 steps=150 gpu=0
[run] cmd=
/home/zhujjing/anaconda3/envs/moe/bin/python /home/zhujjing/MOE-grad-conflict-routing/scripts/run.py --config configs/singletask_mrpc_real.yaml --set model.backbone_backend=hf --set model.hf_load_pretrained=true --set model.hf_local_files_only=true --set model.backbone=roberta --set model.hf_pretrained_name=roberta-base --set model.expert_type=lora --set model.routing_mode=topk --set model.num_experts=4 --set model.top_k=2 --set seed=3 --set method.name=baseline_avg --set train.steps=150 --set train.eval_every_steps=50 --set train.grad_clip=1.451051031 --set train.lr=3.842377498e-05 --set train.weight_decay=0.04458013788 --out /home/zhujjing/MOE-grad-conflict-routing/runs/paper_suite/single_gpu/single_task/roberta_mrpc_lora_e4_k2_supplement/hpo/baseline/trial_runs/coord_03_train_grad_clip_020/baseline_s3.json --curve_out /home/zhujjing/MOE-grad-conflict-routing/runs/paper_suite/single_gpu/single_task/roberta_mrpc_lora_e4_k2_supplement/hpo/baseline/trial_runs/coord_03_train_grad_clip_020/baseline_s3_curve.csv
Using the latest cached version of the dataset since glue couldn't be found on the Hugging Face Hub (offline mode is enabled).
Found the latest cached dataset configuration 'mrpc' at /home/zhujjing/hf_cache/datasets/glue/mrpc/0.0.0/bcdcba79d07bc864c1c254ccfcedcce55bcc9a8c (last modified on Thu Mar 19 15:01:06 2026).
/home/zhujjing/anaconda3/envs/moe/lib/python3.10/site-packages/transformers/utils/hub.py:124: FutureWarning: Using `TRANSFORMERS_CACHE` is deprecated and will be removed in v5 of Transformers. Use `HF_HOME` instead.
  warnings.warn(
Some weights of RobertaModel were not initialized from the model checkpoint at roberta-base and are newly initialized: ['roberta.pooler.dense.bias', 'roberta.pooler.dense.weight']
You should probably TRAIN this model on a down-stream task to be able to use it for predictions and inference.
[step 0001/150] method=baseline_avg loss=0.6515 train_acc=nan train_loss=nan val_acc=nan val_loss=nan best=-1.0000
[step 0010/150] method=baseline_avg loss=0.7649 train_acc=nan train_loss=nan val_acc=nan val_loss=nan best=-1.0000
[step 0020/150] method=baseline_avg loss=0.5628 train_acc=nan train_loss=nan val_acc=nan val_loss=nan best=-1.0000
[step 0030/150] method=baseline_avg loss=0.4998 train_acc=nan train_loss=nan val_acc=nan val_loss=nan best=-1.0000
[step 0040/150] method=baseline_avg loss=0.5948 train_acc=nan train_loss=nan val_acc=nan val_loss=nan best=-1.0000
[step 0050/150] method=baseline_avg loss=0.4704 train_acc=0.7799 train_loss=0.4474 val_acc=0.8064 val_loss=0.4436 router_H=0.6877 best=0.8064
           router_load=[0.0008829297148622572, 0.0, 0.5069246292114258, 0.49219244718551636]
[step 0060/150] method=baseline_avg loss=0.5124 train_acc=0.7799 train_loss=0.4474 val_acc=0.8064 val_loss=0.4436 router_H=0.6877 best=0.8064
           router_load=[0.0008829297148622572, 0.0, 0.5069246292114258, 0.49219244718551636]
[step 0070/150] method=baseline_avg loss=0.3903 train_acc=0.7799 train_loss=0.4474 val_acc=0.8064 val_loss=0.4436 router_H=0.6877 best=0.8064
           router_load=[0.0008829297148622572, 0.0, 0.5069246292114258, 0.49219244718551636]
[step 0080/150] method=baseline_avg loss=0.6184 train_acc=0.7799 train_loss=0.4474 val_acc=0.8064 val_loss=0.4436 router_H=0.6877 best=0.8064
           router_load=[0.0008829297148622572, 0.0, 0.5069246292114258, 0.49219244718551636]
[step 0090/150] method=baseline_avg loss=0.5724 train_acc=0.7799 train_loss=0.4474 val_acc=0.8064 val_loss=0.4436 router_H=0.6877 best=0.8064
           router_load=[0.0008829297148622572, 0.0, 0.5069246292114258, 0.49219244718551636]
[step 0100/150] method=baseline_avg loss=0.4523 train_acc=0.8179 train_loss=0.3613 val_acc=0.8456 val_loss=0.3647 router_H=0.6787 best=0.8456
           router_load=[0.12666648626327515, 0.0008851592428982258, 0.5410271286964417, 0.3314211368560791]
[step 0110/150] method=baseline_avg loss=0.5322 train_acc=0.8179 train_loss=0.3613 val_acc=0.8456 val_loss=0.3647 router_H=0.6787 best=0.8456
           router_load=[0.12666648626327515, 0.0008851592428982258, 0.5410271286964417, 0.3314211368560791]
[step 0120/150] method=baseline_avg loss=0.3900 train_acc=0.8179 train_loss=0.3613 val_acc=0.8456 val_loss=0.3647 router_H=0.6787 best=0.8456
           router_load=[0.12666648626327515, 0.0008851592428982258, 0.5410271286964417, 0.3314211368560791]
[step 0130/150] method=baseline_avg loss=0.7251 train_acc=0.8179 train_loss=0.3613 val_acc=0.8456 val_loss=0.3647 router_H=0.6787 best=0.8456
           router_load=[0.12666648626327515, 0.0008851592428982258, 0.5410271286964417, 0.3314211368560791]
[step 0140/150] method=baseline_avg loss=0.5510 train_acc=0.8179 train_loss=0.3613 val_acc=0.8456 val_loss=0.3647 router_H=0.6787 best=0.8456
           router_load=[0.12666648626327515, 0.0008851592428982258, 0.5410271286964417, 0.3314211368560791]
[step 0150/150] method=baseline_avg loss=0.5332 train_acc=0.8342 train_loss=0.3712 val_acc=0.8039 val_loss=0.4000 router_H=0.6886 best=0.8456
           router_load=[0.2317161113023758, 0.0, 0.5221855044364929, 0.24609844386577606]
saved summary -> /home/zhujjing/MOE-grad-conflict-routing/runs/paper_suite/single_gpu/single_task/roberta_mrpc_lora_e4_k2_supplement/hpo/baseline/trial_runs/coord_03_train_grad_clip_020/baseline_s3.json
saved curve -> /home/zhujjing/MOE-grad-conflict-routing/runs/paper_suite/single_gpu/single_task/roberta_mrpc_lora_e4_k2_supplement/hpo/baseline/trial_runs/coord_03_train_grad_clip_020/baseline_s3_curve.csv
