[run] method=baseline candidate=coord_03_train_grad_clip_009 seed=2 steps=150 gpu=0
[run] cmd=
/home/zhujjing/anaconda3/envs/moe/bin/python /home/zhujjing/MOE-grad-conflict-routing/scripts/run.py --config configs/singletask_mrpc_real.yaml --set model.backbone_backend=hf --set model.hf_load_pretrained=true --set model.hf_local_files_only=true --set model.backbone=roberta --set model.hf_pretrained_name=roberta-base --set model.expert_type=lora --set model.routing_mode=topk --set model.num_experts=4 --set model.top_k=2 --set seed=2 --set method.name=baseline_avg --set train.steps=150 --set train.eval_every_steps=50 --set train.grad_clip=1.511233607 --set train.lr=3.842377498e-05 --set train.weight_decay=0.04458013788 --out /home/zhujjing/MOE-grad-conflict-routing/runs/paper_suite/single_gpu/single_task/roberta_mrpc_lora_e4_k2_supplement/hpo/baseline/trial_runs/coord_03_train_grad_clip_009/baseline_s2.json --curve_out /home/zhujjing/MOE-grad-conflict-routing/runs/paper_suite/single_gpu/single_task/roberta_mrpc_lora_e4_k2_supplement/hpo/baseline/trial_runs/coord_03_train_grad_clip_009/baseline_s2_curve.csv
Using the latest cached version of the dataset since glue couldn't be found on the Hugging Face Hub (offline mode is enabled).
Found the latest cached dataset configuration 'mrpc' at /home/zhujjing/hf_cache/datasets/glue/mrpc/0.0.0/bcdcba79d07bc864c1c254ccfcedcce55bcc9a8c (last modified on Thu Mar 19 15:01:06 2026).
/home/zhujjing/anaconda3/envs/moe/lib/python3.10/site-packages/transformers/utils/hub.py:124: FutureWarning: Using `TRANSFORMERS_CACHE` is deprecated and will be removed in v5 of Transformers. Use `HF_HOME` instead.
  warnings.warn(
Some weights of RobertaModel were not initialized from the model checkpoint at roberta-base and are newly initialized: ['roberta.pooler.dense.bias', 'roberta.pooler.dense.weight']
You should probably TRAIN this model on a down-stream task to be able to use it for predictions and inference.
[step 0001/150] method=baseline_avg loss=0.6644 train_acc=nan train_loss=nan val_acc=nan val_loss=nan best=-1.0000
[step 0010/150] method=baseline_avg loss=0.6650 train_acc=nan train_loss=nan val_acc=nan val_loss=nan best=-1.0000
[step 0020/150] method=baseline_avg loss=0.5632 train_acc=nan train_loss=nan val_acc=nan val_loss=nan best=-1.0000
[step 0030/150] method=baseline_avg loss=0.4948 train_acc=nan train_loss=nan val_acc=nan val_loss=nan best=-1.0000
[step 0040/150] method=baseline_avg loss=0.5205 train_acc=nan train_loss=nan val_acc=nan val_loss=nan best=-1.0000
[step 0050/150] method=baseline_avg loss=0.4171 train_acc=0.7880 train_loss=0.4724 val_acc=0.7917 val_loss=0.4481 router_H=0.6789 best=0.7917
           router_load=[0.3610345721244812, 0.05496674031019211, 0.582970917224884, 0.001027800957672298]
[step 0060/150] method=baseline_avg loss=0.6233 train_acc=0.7880 train_loss=0.4724 val_acc=0.7917 val_loss=0.4481 router_H=0.6789 best=0.7917
           router_load=[0.3610345721244812, 0.05496674031019211, 0.582970917224884, 0.001027800957672298]
[step 0070/150] method=baseline_avg loss=0.3094 train_acc=0.7880 train_loss=0.4724 val_acc=0.7917 val_loss=0.4481 router_H=0.6789 best=0.7917
           router_load=[0.3610345721244812, 0.05496674031019211, 0.582970917224884, 0.001027800957672298]
[step 0080/150] method=baseline_avg loss=0.2864 train_acc=0.7880 train_loss=0.4724 val_acc=0.7917 val_loss=0.4481 router_H=0.6789 best=0.7917
           router_load=[0.3610345721244812, 0.05496674031019211, 0.582970917224884, 0.001027800957672298]
[step 0090/150] method=baseline_avg loss=0.3539 train_acc=0.7880 train_loss=0.4724 val_acc=0.7917 val_loss=0.4481 router_H=0.6789 best=0.7917
           router_load=[0.3610345721244812, 0.05496674031019211, 0.582970917224884, 0.001027800957672298]
[step 0100/150] method=baseline_avg loss=0.4808 train_acc=0.8397 train_loss=0.3553 val_acc=0.8333 val_loss=0.3756 router_H=0.6851 best=0.8333
           router_load=[0.2906104624271393, 0.003204876556992531, 0.5614554286003113, 0.14472922682762146]
[step 0110/150] method=baseline_avg loss=0.6930 train_acc=0.8397 train_loss=0.3553 val_acc=0.8333 val_loss=0.3756 router_H=0.6851 best=0.8333
           router_load=[0.2906104624271393, 0.003204876556992531, 0.5614554286003113, 0.14472922682762146]
[step 0120/150] method=baseline_avg loss=0.3122 train_acc=0.8397 train_loss=0.3553 val_acc=0.8333 val_loss=0.3756 router_H=0.6851 best=0.8333
           router_load=[0.2906104624271393, 0.003204876556992531, 0.5614554286003113, 0.14472922682762146]
[step 0130/150] method=baseline_avg loss=0.4358 train_acc=0.8397 train_loss=0.3553 val_acc=0.8333 val_loss=0.3756 router_H=0.6851 best=0.8333
           router_load=[0.2906104624271393, 0.003204876556992531, 0.5614554286003113, 0.14472922682762146]
[step 0140/150] method=baseline_avg loss=0.3460 train_acc=0.8397 train_loss=0.3553 val_acc=0.8333 val_loss=0.3756 router_H=0.6851 best=0.8333
           router_load=[0.2906104624271393, 0.003204876556992531, 0.5614554286003113, 0.14472922682762146]
[step 0150/150] method=baseline_avg loss=0.8353 train_acc=0.8424 train_loss=0.3724 val_acc=0.8578 val_loss=0.3591 router_H=0.6867 best=0.8578
           router_load=[0.14476776123046875, 0.0051433187909424305, 0.5448980331420898, 0.30519092082977295]
saved summary -> /home/zhujjing/MOE-grad-conflict-routing/runs/paper_suite/single_gpu/single_task/roberta_mrpc_lora_e4_k2_supplement/hpo/baseline/trial_runs/coord_03_train_grad_clip_009/baseline_s2.json
saved curve -> /home/zhujjing/MOE-grad-conflict-routing/runs/paper_suite/single_gpu/single_task/roberta_mrpc_lora_e4_k2_supplement/hpo/baseline/trial_runs/coord_03_train_grad_clip_009/baseline_s2_curve.csv
