[run] method=baseline candidate=coord_03_train_grad_clip_030 seed=2 steps=150 gpu=0
[run] cmd=
/home/zhujjing/anaconda3/envs/moe/bin/python /home/zhujjing/MOE-grad-conflict-routing/scripts/run.py --config configs/singletask_mrpc_real.yaml --set model.backbone_backend=hf --set model.hf_load_pretrained=true --set model.hf_local_files_only=true --set model.backbone=roberta --set model.hf_pretrained_name=roberta-base --set model.expert_type=lora --set model.routing_mode=topk --set model.num_experts=4 --set model.top_k=2 --set seed=2 --set method.name=baseline_avg --set train.steps=150 --set train.eval_every_steps=50 --set train.grad_clip=1.8410066 --set train.lr=3.842377498e-05 --set train.weight_decay=0.04458013788 --out /home/zhujjing/MOE-grad-conflict-routing/runs/paper_suite/single_gpu/single_task/roberta_mrpc_lora_e4_k2_supplement/hpo/baseline/trial_runs/coord_03_train_grad_clip_030/baseline_s2.json --curve_out /home/zhujjing/MOE-grad-conflict-routing/runs/paper_suite/single_gpu/single_task/roberta_mrpc_lora_e4_k2_supplement/hpo/baseline/trial_runs/coord_03_train_grad_clip_030/baseline_s2_curve.csv
Using the latest cached version of the dataset since glue couldn't be found on the Hugging Face Hub (offline mode is enabled).
Found the latest cached dataset configuration 'mrpc' at /home/zhujjing/hf_cache/datasets/glue/mrpc/0.0.0/bcdcba79d07bc864c1c254ccfcedcce55bcc9a8c (last modified on Thu Mar 19 15:01:06 2026).
/home/zhujjing/anaconda3/envs/moe/lib/python3.10/site-packages/transformers/utils/hub.py:124: FutureWarning: Using `TRANSFORMERS_CACHE` is deprecated and will be removed in v5 of Transformers. Use `HF_HOME` instead.
  warnings.warn(
Some weights of RobertaModel were not initialized from the model checkpoint at roberta-base and are newly initialized: ['roberta.pooler.dense.bias', 'roberta.pooler.dense.weight']
You should probably TRAIN this model on a down-stream task to be able to use it for predictions and inference.
[step 0001/150] method=baseline_avg loss=0.6705 train_acc=nan train_loss=nan val_acc=nan val_loss=nan best=-1.0000
[step 0010/150] method=baseline_avg loss=0.9115 train_acc=nan train_loss=nan val_acc=nan val_loss=nan best=-1.0000
[step 0020/150] method=baseline_avg loss=0.5835 train_acc=nan train_loss=nan val_acc=nan val_loss=nan best=-1.0000
[step 0030/150] method=baseline_avg loss=0.6087 train_acc=nan train_loss=nan val_acc=nan val_loss=nan best=-1.0000
[step 0040/150] method=baseline_avg loss=0.5515 train_acc=nan train_loss=nan val_acc=nan val_loss=nan best=-1.0000
[step 0050/150] method=baseline_avg loss=0.5163 train_acc=0.7174 train_loss=0.5327 val_acc=0.7549 val_loss=0.5012 router_H=0.6848 best=0.7549
           router_load=[0.5477922558784485, 0.39565882086753845, 0.024054940789937973, 0.0324939601123333]
[step 0060/150] method=baseline_avg loss=0.6050 train_acc=0.7174 train_loss=0.5327 val_acc=0.7549 val_loss=0.5012 router_H=0.6848 best=0.7549
           router_load=[0.5477922558784485, 0.39565882086753845, 0.024054940789937973, 0.0324939601123333]
[step 0070/150] method=baseline_avg loss=0.3160 train_acc=0.7174 train_loss=0.5327 val_acc=0.7549 val_loss=0.5012 router_H=0.6848 best=0.7549
           router_load=[0.5477922558784485, 0.39565882086753845, 0.024054940789937973, 0.0324939601123333]
[step 0080/150] method=baseline_avg loss=0.3262 train_acc=0.7174 train_loss=0.5327 val_acc=0.7549 val_loss=0.5012 router_H=0.6848 best=0.7549
           router_load=[0.5477922558784485, 0.39565882086753845, 0.024054940789937973, 0.0324939601123333]
[step 0090/150] method=baseline_avg loss=0.4299 train_acc=0.7174 train_loss=0.5327 val_acc=0.7549 val_loss=0.5012 router_H=0.6848 best=0.7549
           router_load=[0.5477922558784485, 0.39565882086753845, 0.024054940789937973, 0.0324939601123333]
[step 0100/150] method=baseline_avg loss=0.5039 train_acc=0.8342 train_loss=0.3655 val_acc=0.8284 val_loss=0.3833 router_H=0.6787 best=0.8284
           router_load=[0.5781875252723694, 0.29853737354278564, 0.0, 0.12327499687671661]
[step 0110/150] method=baseline_avg loss=0.4567 train_acc=0.8342 train_loss=0.3655 val_acc=0.8284 val_loss=0.3833 router_H=0.6787 best=0.8284
           router_load=[0.5781875252723694, 0.29853737354278564, 0.0, 0.12327499687671661]
[step 0120/150] method=baseline_avg loss=0.1902 train_acc=0.8342 train_loss=0.3655 val_acc=0.8284 val_loss=0.3833 router_H=0.6787 best=0.8284
           router_load=[0.5781875252723694, 0.29853737354278564, 0.0, 0.12327499687671661]
[step 0130/150] method=baseline_avg loss=0.4769 train_acc=0.8342 train_loss=0.3655 val_acc=0.8284 val_loss=0.3833 router_H=0.6787 best=0.8284
           router_load=[0.5781875252723694, 0.29853737354278564, 0.0, 0.12327499687671661]
[step 0140/150] method=baseline_avg loss=0.2729 train_acc=0.8342 train_loss=0.3655 val_acc=0.8284 val_loss=0.3833 router_H=0.6787 best=0.8284
           router_load=[0.5781875252723694, 0.29853737354278564, 0.0, 0.12327499687671661]
[step 0150/150] method=baseline_avg loss=0.6692 train_acc=0.8370 train_loss=0.3806 val_acc=0.8431 val_loss=0.3734 router_H=0.6873 best=0.8431
           router_load=[0.5393146872520447, 0.39090701937675476, 0.0, 0.06977834552526474]
saved summary -> /home/zhujjing/MOE-grad-conflict-routing/runs/paper_suite/single_gpu/single_task/roberta_mrpc_lora_e4_k2_supplement/hpo/baseline/trial_runs/coord_03_train_grad_clip_030/baseline_s2.json
saved curve -> /home/zhujjing/MOE-grad-conflict-routing/runs/paper_suite/single_gpu/single_task/roberta_mrpc_lora_e4_k2_supplement/hpo/baseline/trial_runs/coord_03_train_grad_clip_030/baseline_s2_curve.csv
