[run] method=ours candidate=local_var_topk_040 seed=3 steps=200 gpu=0
[run] cmd=
/root/miniconda3/envs/optimization/bin/python /root/Optimization/MOE-grad-conflict-routing/scripts/run.py --config configs/singletask_cola_real.yaml --set model.backbone_backend=hf --set model.hf_load_pretrained=true --set model.backbone=roberta --set model.hf_pretrained_name=roberta-base --set model.expert_type=lora --set model.routing_mode=topk --set model.num_experts=4 --set model.top_k=2 --set seed=3 --set method.name=ours --set train.steps=200 --set train.eval_every_steps=50 --set method.ours.use_load_norm=true --set method.ours.lambda_align=0.000454251758 --set train.grad_clip=1.073694291 --set train.lr=1.5952542e-05 --set train.weight_decay=0.02141233927 --out /root/Optimization/MOE-grad-conflict-routing/runs/paper_suite_supplement/single_task_add_rerun/single_task/roberta_cola_lora_e4_k2/hpo/ours/trial_runs/local_var_topk_040/ours_s3.json --curve_out /root/Optimization/MOE-grad-conflict-routing/runs/paper_suite_supplement/single_task_add_rerun/single_task/roberta_cola_lora_e4_k2/hpo/ours/trial_runs/local_var_topk_040/ours_s3_curve.csv
Using the latest cached version of the dataset since glue couldn't be found on the Hugging Face Hub (offline mode is enabled).
Found the latest cached dataset configuration 'cola' at /root/.cache/huggingface/datasets/glue/cola/0.0.0/bcdcba79d07bc864c1c254ccfcedcce55bcc9a8c (last modified on Mon Mar 23 09:28:48 2026).
Loading weights:   0%|          | 0/197 [00:00<?, ?it/s]Loading weights: 100%|██████████| 197/197 [00:00<00:00, 4900.15it/s]
[1mRobertaModel LOAD REPORT[0m from: roberta-base
Key                             | Status     | 
--------------------------------+------------+-
lm_head.layer_norm.weight       | UNEXPECTED | 
roberta.embeddings.position_ids | UNEXPECTED | 
lm_head.dense.weight            | UNEXPECTED | 
lm_head.dense.bias              | UNEXPECTED | 
lm_head.layer_norm.bias         | UNEXPECTED | 
lm_head.bias                    | UNEXPECTED | 
pooler.dense.bias               | MISSING    | 
pooler.dense.weight             | MISSING    | 

[3mNotes:
- UNEXPECTED[3m	:can be ignored when loading from different task/architecture; not ok if you expect identical arch.
- MISSING[3m	:those params were newly initialized because missing from the checkpoint. Consider training on your downstream task.[0m
[step 0001/200] method=ours loss=0.5443 train_acc=nan train_loss=nan val_acc=nan val_loss=nan best=-1.0000
[step 0010/200] method=ours loss=0.4040 train_acc=nan train_loss=nan val_acc=nan val_loss=nan best=-1.0000
[step 0020/200] method=ours loss=0.7668 train_acc=nan train_loss=nan val_acc=nan val_loss=nan best=-1.0000
[step 0030/200] method=ours loss=0.6376 train_acc=nan train_loss=nan val_acc=nan val_loss=nan best=-1.0000
[step 0040/200] method=ours loss=0.7645 train_acc=nan train_loss=nan val_acc=nan val_loss=nan best=-1.0000
[step 0050/200] method=ours loss=0.7095 train_acc=0.7044 train_loss=0.6196 val_acc=0.6913 val_loss=0.6589 router_H=0.6907 best=0.6913
           router_load=[0.46387141942977905, 0.025794891640543938, 0.00046030606608837843, 0.5098732709884644]
[step 0060/200] method=ours loss=0.5292 train_acc=0.7044 train_loss=0.6196 val_acc=0.6913 val_loss=0.6589 router_H=0.6907 best=0.6913
           router_load=[0.46387141942977905, 0.025794891640543938, 0.00046030606608837843, 0.5098732709884644]
[step 0070/200] method=ours loss=0.5919 train_acc=0.7044 train_loss=0.6196 val_acc=0.6913 val_loss=0.6589 router_H=0.6907 best=0.6913
           router_load=[0.46387141942977905, 0.025794891640543938, 0.00046030606608837843, 0.5098732709884644]
[step 0080/200] method=ours loss=0.4552 train_acc=0.7044 train_loss=0.6196 val_acc=0.6913 val_loss=0.6589 router_H=0.6907 best=0.6913
           router_load=[0.46387141942977905, 0.025794891640543938, 0.00046030606608837843, 0.5098732709884644]
[step 0090/200] method=ours loss=0.5464 train_acc=0.7044 train_loss=0.6196 val_acc=0.6913 val_loss=0.6589 router_H=0.6907 best=0.6913
           router_load=[0.46387141942977905, 0.025794891640543938, 0.00046030606608837843, 0.5098732709884644]
[step 0100/200] method=ours loss=0.5399 train_acc=0.8048 train_loss=0.4355 val_acc=0.7584 val_loss=0.4982 router_H=0.6898 best=0.7584
           router_load=[0.4741774797439575, 0.05449458584189415, 0.0, 0.47132787108421326]
[step 0110/200] method=ours loss=0.4306 train_acc=0.8048 train_loss=0.4355 val_acc=0.7584 val_loss=0.4982 router_H=0.6898 best=0.7584
           router_load=[0.4741774797439575, 0.05449458584189415, 0.0, 0.47132787108421326]
[step 0120/200] method=ours loss=0.5293 train_acc=0.8048 train_loss=0.4355 val_acc=0.7584 val_loss=0.4982 router_H=0.6898 best=0.7584
           router_load=[0.4741774797439575, 0.05449458584189415, 0.0, 0.47132787108421326]
[step 0130/200] method=ours loss=0.6747 train_acc=0.8048 train_loss=0.4355 val_acc=0.7584 val_loss=0.4982 router_H=0.6898 best=0.7584
           router_load=[0.4741774797439575, 0.05449458584189415, 0.0, 0.47132787108421326]
[step 0140/200] method=ours loss=0.5722 train_acc=0.8048 train_loss=0.4355 val_acc=0.7584 val_loss=0.4982 router_H=0.6898 best=0.7584
           router_load=[0.4741774797439575, 0.05449458584189415, 0.0, 0.47132787108421326]
[step 0150/200] method=ours loss=0.2949 train_acc=0.8038 train_loss=0.4435 val_acc=0.7728 val_loss=0.5064 router_H=0.6904 best=0.7728
           router_load=[0.3834603428840637, 0.161163330078125, 0.0, 0.45537635684013367]
[step 0160/200] method=ours loss=0.4973 train_acc=0.8038 train_loss=0.4435 val_acc=0.7728 val_loss=0.5064 router_H=0.6904 best=0.7728
           router_load=[0.3834603428840637, 0.161163330078125, 0.0, 0.45537635684013367]
[step 0170/200] method=ours loss=0.3081 train_acc=0.8038 train_loss=0.4435 val_acc=0.7728 val_loss=0.5064 router_H=0.6904 best=0.7728
           router_load=[0.3834603428840637, 0.161163330078125, 0.0, 0.45537635684013367]
[step 0180/200] method=ours loss=0.5595 train_acc=0.8038 train_loss=0.4435 val_acc=0.7728 val_loss=0.5064 router_H=0.6904 best=0.7728
           router_load=[0.3834603428840637, 0.161163330078125, 0.0, 0.45537635684013367]
[step 0190/200] method=ours loss=0.6181 train_acc=0.8038 train_loss=0.4435 val_acc=0.7728 val_loss=0.5064 router_H=0.6904 best=0.7728
           router_load=[0.3834603428840637, 0.161163330078125, 0.0, 0.45537635684013367]
[step 0200/200] method=ours loss=0.6129 train_acc=0.8432 train_loss=0.3703 val_acc=0.8044 val_loss=0.4476 router_H=0.6892 best=0.8044
           router_load=[0.42731910943984985, 0.10177643597126007, 0.00047162684495560825, 0.47043272852897644]
saved summary -> /root/Optimization/MOE-grad-conflict-routing/runs/paper_suite_supplement/single_task_add_rerun/single_task/roberta_cola_lora_e4_k2/hpo/ours/trial_runs/local_var_topk_040/ours_s3.json
saved curve -> /root/Optimization/MOE-grad-conflict-routing/runs/paper_suite_supplement/single_task_add_rerun/single_task/roberta_cola_lora_e4_k2/hpo/ours/trial_runs/local_var_topk_040/ours_s3_curve.csv
