[run] method=ours candidate=local_var_topk_047 seed=2 steps=200 gpu=0
[run] cmd=
/root/miniconda3/envs/optimization/bin/python /root/Optimization/MOE-grad-conflict-routing/scripts/run.py --config configs/singletask_cola_real.yaml --set model.backbone_backend=hf --set model.hf_load_pretrained=true --set model.backbone=roberta --set model.hf_pretrained_name=roberta-base --set model.expert_type=lora --set model.routing_mode=topk --set model.num_experts=4 --set model.top_k=2 --set seed=2 --set method.name=ours --set train.steps=200 --set train.eval_every_steps=50 --set method.ours.use_load_norm=true --set method.ours.lambda_align=0.000908503515 --set train.grad_clip=1.373694291 --set train.lr=1.5952542e-05 --set train.weight_decay=0.01141233927 --out /root/Optimization/MOE-grad-conflict-routing/runs/paper_suite_supplement/single_task_add_rerun/single_task/roberta_cola_lora_e4_k2/hpo/ours/trial_runs/local_var_topk_047/ours_s2.json --curve_out /root/Optimization/MOE-grad-conflict-routing/runs/paper_suite_supplement/single_task_add_rerun/single_task/roberta_cola_lora_e4_k2/hpo/ours/trial_runs/local_var_topk_047/ours_s2_curve.csv
Using the latest cached version of the dataset since glue couldn't be found on the Hugging Face Hub (offline mode is enabled).
Found the latest cached dataset configuration 'cola' at /root/.cache/huggingface/datasets/glue/cola/0.0.0/bcdcba79d07bc864c1c254ccfcedcce55bcc9a8c (last modified on Mon Mar 23 09:28:48 2026).
Loading weights:   0%|          | 0/197 [00:00<?, ?it/s]Loading weights: 100%|██████████| 197/197 [00:00<00:00, 3720.72it/s]
[1mRobertaModel LOAD REPORT[0m from: roberta-base
Key                             | Status     | 
--------------------------------+------------+-
lm_head.dense.bias              | UNEXPECTED | 
lm_head.layer_norm.bias         | UNEXPECTED | 
lm_head.bias                    | UNEXPECTED | 
roberta.embeddings.position_ids | UNEXPECTED | 
lm_head.layer_norm.weight       | UNEXPECTED | 
lm_head.dense.weight            | UNEXPECTED | 
pooler.dense.bias               | MISSING    | 
pooler.dense.weight             | MISSING    | 

[3mNotes:
- UNEXPECTED[3m	:can be ignored when loading from different task/architecture; not ok if you expect identical arch.
- MISSING[3m	:those params were newly initialized because missing from the checkpoint. Consider training on your downstream task.[0m
[step 0001/200] method=ours loss=0.7403 train_acc=nan train_loss=nan val_acc=nan val_loss=nan best=-1.0000
[step 0010/200] method=ours loss=0.5399 train_acc=nan train_loss=nan val_acc=nan val_loss=nan best=-1.0000
[step 0020/200] method=ours loss=0.6597 train_acc=nan train_loss=nan val_acc=nan val_loss=nan best=-1.0000
[step 0030/200] method=ours loss=0.5639 train_acc=nan train_loss=nan val_acc=nan val_loss=nan best=-1.0000
[step 0040/200] method=ours loss=0.4625 train_acc=nan train_loss=nan val_acc=nan val_loss=nan best=-1.0000
[step 0050/200] method=ours loss=0.5155 train_acc=0.7044 train_loss=0.5546 val_acc=0.6913 val_loss=0.5724 router_H=0.6822 best=0.6913
           router_load=[0.19712433218955994, 0.5716378092765808, 0.23084598779678345, 0.00039204556378535926]
[step 0060/200] method=ours loss=0.5437 train_acc=0.7044 train_loss=0.5546 val_acc=0.6913 val_loss=0.5724 router_H=0.6822 best=0.6913
           router_load=[0.19712433218955994, 0.5716378092765808, 0.23084598779678345, 0.00039204556378535926]
[step 0070/200] method=ours loss=0.5501 train_acc=0.7044 train_loss=0.5546 val_acc=0.6913 val_loss=0.5724 router_H=0.6822 best=0.6913
           router_load=[0.19712433218955994, 0.5716378092765808, 0.23084598779678345, 0.00039204556378535926]
[step 0080/200] method=ours loss=0.5837 train_acc=0.7044 train_loss=0.5546 val_acc=0.6913 val_loss=0.5724 router_H=0.6822 best=0.6913
           router_load=[0.19712433218955994, 0.5716378092765808, 0.23084598779678345, 0.00039204556378535926]
[step 0090/200] method=ours loss=0.6524 train_acc=0.7044 train_loss=0.5546 val_acc=0.6913 val_loss=0.5724 router_H=0.6822 best=0.6913
           router_load=[0.19712433218955994, 0.5716378092765808, 0.23084598779678345, 0.00039204556378535926]
[step 0100/200] method=ours loss=0.4581 train_acc=0.7967 train_loss=0.4550 val_acc=0.7824 val_loss=0.5020 router_H=0.6724 best=0.7824
           router_load=[0.2254432886838913, 0.5937404036521912, 0.1504705399274826, 0.030345577746629715]
[step 0110/200] method=ours loss=0.5750 train_acc=0.7967 train_loss=0.4550 val_acc=0.7824 val_loss=0.5020 router_H=0.6724 best=0.7824
           router_load=[0.2254432886838913, 0.5937404036521912, 0.1504705399274826, 0.030345577746629715]
[step 0120/200] method=ours loss=0.5181 train_acc=0.7967 train_loss=0.4550 val_acc=0.7824 val_loss=0.5020 router_H=0.6724 best=0.7824
           router_load=[0.2254432886838913, 0.5937404036521912, 0.1504705399274826, 0.030345577746629715]
[step 0130/200] method=ours loss=0.4461 train_acc=0.7967 train_loss=0.4550 val_acc=0.7824 val_loss=0.5020 router_H=0.6724 best=0.7824
           router_load=[0.2254432886838913, 0.5937404036521912, 0.1504705399274826, 0.030345577746629715]
[step 0140/200] method=ours loss=0.4710 train_acc=0.7967 train_loss=0.4550 val_acc=0.7824 val_loss=0.5020 router_H=0.6724 best=0.7824
           router_load=[0.2254432886838913, 0.5937404036521912, 0.1504705399274826, 0.030345577746629715]
[step 0150/200] method=ours loss=0.5947 train_acc=0.8200 train_loss=0.4197 val_acc=0.7958 val_loss=0.4646 router_H=0.6782 best=0.7958
           router_load=[0.21794109046459198, 0.5792078375816345, 0.19995267689228058, 0.0028985273092985153]
[step 0160/200] method=ours loss=0.4588 train_acc=0.8200 train_loss=0.4197 val_acc=0.7958 val_loss=0.4646 router_H=0.6782 best=0.7958
           router_load=[0.21794109046459198, 0.5792078375816345, 0.19995267689228058, 0.0028985273092985153]
[step 0170/200] method=ours loss=0.5245 train_acc=0.8200 train_loss=0.4197 val_acc=0.7958 val_loss=0.4646 router_H=0.6782 best=0.7958
           router_load=[0.21794109046459198, 0.5792078375816345, 0.19995267689228058, 0.0028985273092985153]
[step 0180/200] method=ours loss=0.4993 train_acc=0.8200 train_loss=0.4197 val_acc=0.7958 val_loss=0.4646 router_H=0.6782 best=0.7958
           router_load=[0.21794109046459198, 0.5792078375816345, 0.19995267689228058, 0.0028985273092985153]
[step 0190/200] method=ours loss=0.5035 train_acc=0.8200 train_loss=0.4197 val_acc=0.7958 val_loss=0.4646 router_H=0.6782 best=0.7958
           router_load=[0.21794109046459198, 0.5792078375816345, 0.19995267689228058, 0.0028985273092985153]
[step 0200/200] method=ours loss=0.7002 train_acc=0.7524 train_loss=0.5205 val_acc=0.7296 val_loss=0.5968 router_H=0.6737 best=0.7958
           router_load=[0.1989772766828537, 0.5921646356582642, 0.19138658046722412, 0.017471395432949066]
saved summary -> /root/Optimization/MOE-grad-conflict-routing/runs/paper_suite_supplement/single_task_add_rerun/single_task/roberta_cola_lora_e4_k2/hpo/ours/trial_runs/local_var_topk_047/ours_s2.json
saved curve -> /root/Optimization/MOE-grad-conflict-routing/runs/paper_suite_supplement/single_task_add_rerun/single_task/roberta_cola_lora_e4_k2/hpo/ours/trial_runs/local_var_topk_047/ours_s2_curve.csv
