[run] method=baseline candidate=coord_03_train_grad_clip_017 seed=2 steps=150 gpu=0
[run] cmd=
/home/zhujjing/anaconda3/envs/moe/bin/python /home/zhujjing/MOE-grad-conflict-routing/scripts/run.py --config configs/singletask_mrpc_real.yaml --set model.backbone_backend=hf --set model.hf_load_pretrained=true --set model.backbone=deberta --set model.hf_pretrained_name=microsoft/deberta-v3-base --set model.expert_type=lora --set model.routing_mode=topk --set model.num_experts=4 --set model.top_k=2 --set seed=2 --set method.name=baseline_avg --set train.steps=150 --set train.eval_every_steps=50 --set train.grad_clip=1.630855408 --set train.lr=9.047754224e-05 --set train.weight_decay=0.004430866959 --out /home/zhujjing/MOE-grad-conflict-routing/runs/paper_suite/single_gpu/single_task/deberta_mrpc_lora_e4_k2/hpo/baseline/trial_runs/coord_03_train_grad_clip_017/baseline_s2.json --curve_out /home/zhujjing/MOE-grad-conflict-routing/runs/paper_suite/single_gpu/single_task/deberta_mrpc_lora_e4_k2/hpo/baseline/trial_runs/coord_03_train_grad_clip_017/baseline_s2_curve.csv
Using the latest cached version of the dataset since glue couldn't be found on the Hugging Face Hub (offline mode is enabled).
Found the latest cached dataset configuration 'mrpc' at /home/zhujjing/hf_cache/datasets/glue/mrpc/0.0.0/bcdcba79d07bc864c1c254ccfcedcce55bcc9a8c (last modified on Thu Mar 19 15:01:06 2026).
/home/zhujjing/anaconda3/envs/moe/lib/python3.10/site-packages/transformers/utils/hub.py:124: FutureWarning: Using `TRANSFORMERS_CACHE` is deprecated and will be removed in v5 of Transformers. Use `HF_HOME` instead.
  warnings.warn(
/home/zhujjing/anaconda3/envs/moe/lib/python3.10/site-packages/transformers/convert_slow_tokenizer.py:560: UserWarning: The sentencepiece tokenizer that you are converting to a fast tokenizer uses the byte fallback option which is not implemented in the fast tokenizers. In practice this means that the fast version of the tokenizer can produce unknown tokens whereas the sentencepiece version would have converted these unknown tokens into a sequence of byte tokens matching the original piece of text.
  warnings.warn(
[step 0001/150] method=baseline_avg loss=0.6188 train_acc=nan train_loss=nan val_acc=nan val_loss=nan best=-1.0000
[step 0010/150] method=baseline_avg loss=0.6219 train_acc=nan train_loss=nan val_acc=nan val_loss=nan best=-1.0000
[step 0020/150] method=baseline_avg loss=0.5192 train_acc=nan train_loss=nan val_acc=nan val_loss=nan best=-1.0000
[step 0030/150] method=baseline_avg loss=0.4401 train_acc=nan train_loss=nan val_acc=nan val_loss=nan best=-1.0000
[step 0040/150] method=baseline_avg loss=0.4764 train_acc=nan train_loss=nan val_acc=nan val_loss=nan best=-1.0000
[step 0050/150] method=baseline_avg loss=0.4382 train_acc=0.8116 train_loss=0.4259 val_acc=0.7966 val_loss=0.4353 router_H=0.6900 best=0.7966
           router_load=[0.09058847278356552, 0.3864586651325226, 0.08515685051679611, 0.4377959072589874]
[step 0060/150] method=baseline_avg loss=0.5170 train_acc=0.8116 train_loss=0.4259 val_acc=0.7966 val_loss=0.4353 router_H=0.6900 best=0.7966
           router_load=[0.09058847278356552, 0.3864586651325226, 0.08515685051679611, 0.4377959072589874]
[step 0070/150] method=baseline_avg loss=0.3414 train_acc=0.8116 train_loss=0.4259 val_acc=0.7966 val_loss=0.4353 router_H=0.6900 best=0.7966
           router_load=[0.09058847278356552, 0.3864586651325226, 0.08515685051679611, 0.4377959072589874]
[step 0080/150] method=baseline_avg loss=0.3367 train_acc=0.8116 train_loss=0.4259 val_acc=0.7966 val_loss=0.4353 router_H=0.6900 best=0.7966
           router_load=[0.09058847278356552, 0.3864586651325226, 0.08515685051679611, 0.4377959072589874]
[step 0090/150] method=baseline_avg loss=0.5530 train_acc=0.8116 train_loss=0.4259 val_acc=0.7966 val_loss=0.4353 router_H=0.6900 best=0.7966
           router_load=[0.09058847278356552, 0.3864586651325226, 0.08515685051679611, 0.4377959072589874]
[step 0100/150] method=baseline_avg loss=0.2268 train_acc=0.8743 train_loss=0.2932 val_acc=0.8480 val_loss=0.3343 router_H=0.6728 best=0.8480
           router_load=[0.46944665908813477, 0.0, 0.12131882458925247, 0.4092344343662262]
[step 0110/150] method=baseline_avg loss=0.3924 train_acc=0.8743 train_loss=0.2932 val_acc=0.8480 val_loss=0.3343 router_H=0.6728 best=0.8480
           router_load=[0.46944665908813477, 0.0, 0.12131882458925247, 0.4092344343662262]
[step 0120/150] method=baseline_avg loss=0.1766 train_acc=0.8743 train_loss=0.2932 val_acc=0.8480 val_loss=0.3343 router_H=0.6728 best=0.8480
           router_load=[0.46944665908813477, 0.0, 0.12131882458925247, 0.4092344343662262]
[step 0130/150] method=baseline_avg loss=0.2924 train_acc=0.8743 train_loss=0.2932 val_acc=0.8480 val_loss=0.3343 router_H=0.6728 best=0.8480
           router_load=[0.46944665908813477, 0.0, 0.12131882458925247, 0.4092344343662262]
[step 0140/150] method=baseline_avg loss=0.3246 train_acc=0.8743 train_loss=0.2932 val_acc=0.8480 val_loss=0.3343 router_H=0.6728 best=0.8480
           router_load=[0.46944665908813477, 0.0, 0.12131882458925247, 0.4092344343662262]
[step 0150/150] method=baseline_avg loss=0.4049 train_acc=0.8980 train_loss=0.2464 val_acc=0.8725 val_loss=0.2977 router_H=0.6634 best=0.8725
           router_load=[0.48640328645706177, 0.0, 0.07936913520097733, 0.43422767519950867]
saved summary -> /home/zhujjing/MOE-grad-conflict-routing/runs/paper_suite/single_gpu/single_task/deberta_mrpc_lora_e4_k2/hpo/baseline/trial_runs/coord_03_train_grad_clip_017/baseline_s2.json
saved curve -> /home/zhujjing/MOE-grad-conflict-routing/runs/paper_suite/single_gpu/single_task/deberta_mrpc_lora_e4_k2/hpo/baseline/trial_runs/coord_03_train_grad_clip_017/baseline_s2_curve.csv
