[run] method=ours candidate=coord_04_method_ours_lambda_align_008 seed=3 steps=200 gpu=0
[run] cmd=
/home/zhujjing/anaconda3/envs/moe/bin/python /home/zhujjing/MOE-grad-conflict-routing/scripts/run.py --config configs/multitask_glue4_real.yaml --set model.backbone_backend=hf --set model.hf_load_pretrained=true --set model.hf_local_files_only=true --set model.backbone=gpt2 --set model.hf_pretrained_name=gpt2-medium --set model.expert_type=lora --set model.routing_mode=topk --set model.num_experts=4 --set model.top_k=2 --set train.eval_train_fraction=0.10 --set train.eval_train_max_batches=-1 --set train.eval_max_batches=-1 --set seed=3 --set method.name=ours --set train.steps=200 --set train.eval_every_steps=100 --set method.ours.use_load_norm=true --set method.ours.lambda_align=0.0001328949179 --set train.grad_clip=1.883381917 --set train.lr=4.233346635e-05 --set train.weight_decay=0.001129385354 --out /home/zhujjing/MOE-grad-conflict-routing/runs/paper_suite/single_gpu/multi_task/glue4_gpt2_lora_e4_k2/hpo/ours/trial_runs/coord_04_method_ours_lambda_align_008/ours_s3.json --curve_out /home/zhujjing/MOE-grad-conflict-routing/runs/paper_suite/single_gpu/multi_task/glue4_gpt2_lora_e4_k2/hpo/ours/trial_runs/coord_04_method_ours_lambda_align_008/ours_s3_curve.csv
Using the latest cached version of the dataset since glue couldn't be found on the Hugging Face Hub (offline mode is enabled).
Found the latest cached dataset configuration 'rte' at /home/zhujjing/hf_cache/datasets/glue/rte/0.0.0/bcdcba79d07bc864c1c254ccfcedcce55bcc9a8c (last modified on Thu Mar 19 15:00:36 2026).
/home/zhujjing/anaconda3/envs/moe/lib/python3.10/site-packages/transformers/utils/hub.py:124: FutureWarning: Using `TRANSFORMERS_CACHE` is deprecated and will be removed in v5 of Transformers. Use `HF_HOME` instead.
  warnings.warn(
Using the latest cached version of the dataset since glue couldn't be found on the Hugging Face Hub (offline mode is enabled).
Found the latest cached dataset configuration 'mrpc' at /home/zhujjing/hf_cache/datasets/glue/mrpc/0.0.0/bcdcba79d07bc864c1c254ccfcedcce55bcc9a8c (last modified on Thu Mar 19 15:01:06 2026).
Using the latest cached version of the dataset since glue couldn't be found on the Hugging Face Hub (offline mode is enabled).
Found the latest cached dataset configuration 'sst2' at /home/zhujjing/hf_cache/datasets/glue/sst2/0.0.0/bcdcba79d07bc864c1c254ccfcedcce55bcc9a8c (last modified on Thu Mar 19 15:01:41 2026).
Using the latest cached version of the dataset since glue couldn't be found on the Hugging Face Hub (offline mode is enabled).
Found the latest cached dataset configuration 'cola' at /home/zhujjing/hf_cache/datasets/glue/cola/0.0.0/bcdcba79d07bc864c1c254ccfcedcce55bcc9a8c (last modified on Thu Mar 19 15:02:09 2026).
[step 0001/200] method=ours loss=3.8420 train_acc=nan train_loss=nan val_acc=nan val_loss=nan best=-1.0000
[step 0010/200] method=ours loss=0.9154 train_acc=nan train_loss=nan val_acc=nan val_loss=nan best=-1.0000
[step 0020/200] method=ours loss=0.7109 train_acc=nan train_loss=nan val_acc=nan val_loss=nan best=-1.0000
[step 0030/200] method=ours loss=0.6670 train_acc=nan train_loss=nan val_acc=nan val_loss=nan best=-1.0000
[step 0040/200] method=ours loss=0.5492 train_acc=nan train_loss=nan val_acc=nan val_loss=nan best=-1.0000
[step 0050/200] method=ours loss=0.6099 train_acc=nan train_loss=nan val_acc=nan val_loss=nan best=-1.0000
[step 0060/200] method=ours loss=0.5619 train_acc=nan train_loss=nan val_acc=nan val_loss=nan best=-1.0000
[step 0070/200] method=ours loss=0.5512 train_acc=nan train_loss=nan val_acc=nan val_loss=nan best=-1.0000
[step 0080/200] method=ours loss=0.5382 train_acc=nan train_loss=nan val_acc=nan val_loss=nan best=-1.0000
[step 0090/200] method=ours loss=0.5306 train_acc=nan train_loss=nan val_acc=nan val_loss=nan best=-1.0000
[step 0100/200] method=ours loss=0.5676 train_acc=0.7325 train_loss=0.5292 val_acc=0.7111 val_loss=0.5780 router_H=0.6708 best=0.7111
           router_load=[0.14247265458106995, 0.29942944645881653, 0.07602838426828384, 0.4820694625377655]
[step 0110/200] method=ours loss=0.6139 train_acc=0.7325 train_loss=0.5292 val_acc=0.7111 val_loss=0.5780 router_H=0.6708 best=0.7111
           router_load=[0.14247265458106995, 0.29942944645881653, 0.07602838426828384, 0.4820694625377655]
[step 0120/200] method=ours loss=0.5003 train_acc=0.7325 train_loss=0.5292 val_acc=0.7111 val_loss=0.5780 router_H=0.6708 best=0.7111
           router_load=[0.14247265458106995, 0.29942944645881653, 0.07602838426828384, 0.4820694625377655]
[step 0130/200] method=ours loss=0.5197 train_acc=0.7325 train_loss=0.5292 val_acc=0.7111 val_loss=0.5780 router_H=0.6708 best=0.7111
           router_load=[0.14247265458106995, 0.29942944645881653, 0.07602838426828384, 0.4820694625377655]
[step 0140/200] method=ours loss=0.3974 train_acc=0.7325 train_loss=0.5292 val_acc=0.7111 val_loss=0.5780 router_H=0.6708 best=0.7111
           router_load=[0.14247265458106995, 0.29942944645881653, 0.07602838426828384, 0.4820694625377655]
[step 0150/200] method=ours loss=0.4803 train_acc=0.7325 train_loss=0.5292 val_acc=0.7111 val_loss=0.5780 router_H=0.6708 best=0.7111
           router_load=[0.14247265458106995, 0.29942944645881653, 0.07602838426828384, 0.4820694625377655]
[step 0160/200] method=ours loss=0.4896 train_acc=0.7325 train_loss=0.5292 val_acc=0.7111 val_loss=0.5780 router_H=0.6708 best=0.7111
           router_load=[0.14247265458106995, 0.29942944645881653, 0.07602838426828384, 0.4820694625377655]
[step 0170/200] method=ours loss=0.5143 train_acc=0.7325 train_loss=0.5292 val_acc=0.7111 val_loss=0.5780 router_H=0.6708 best=0.7111
           router_load=[0.14247265458106995, 0.29942944645881653, 0.07602838426828384, 0.4820694625377655]
[step 0180/200] method=ours loss=0.3732 train_acc=0.7325 train_loss=0.5292 val_acc=0.7111 val_loss=0.5780 router_H=0.6708 best=0.7111
           router_load=[0.14247265458106995, 0.29942944645881653, 0.07602838426828384, 0.4820694625377655]
[step 0190/200] method=ours loss=0.4278 train_acc=0.7325 train_loss=0.5292 val_acc=0.7111 val_loss=0.5780 router_H=0.6708 best=0.7111
           router_load=[0.14247265458106995, 0.29942944645881653, 0.07602838426828384, 0.4820694625377655]
[step 0200/200] method=ours loss=0.4604 train_acc=0.8063 train_loss=0.4186 val_acc=0.7453 val_loss=0.5358 router_H=0.6189 best=0.7453
           router_load=[0.11290369182825089, 0.23636749386787415, 0.0820372998714447, 0.5686914920806885]
saved summary -> /home/zhujjing/MOE-grad-conflict-routing/runs/paper_suite/single_gpu/multi_task/glue4_gpt2_lora_e4_k2/hpo/ours/trial_runs/coord_04_method_ours_lambda_align_008/ours_s3.json
saved curve -> /home/zhujjing/MOE-grad-conflict-routing/runs/paper_suite/single_gpu/multi_task/glue4_gpt2_lora_e4_k2/hpo/ours/trial_runs/coord_04_method_ours_lambda_align_008/ours_s3_curve.csv
