[run] method=baseline candidate=coord_03_train_grad_clip_015 seed=3 steps=150 gpu=0
[run] cmd=
/home/zhujjing/anaconda3/envs/moe/bin/python /home/zhujjing/MOE-grad-conflict-routing/scripts/run.py --config configs/singletask_mrpc_real.yaml --set model.backbone_backend=hf --set model.hf_load_pretrained=true --set model.backbone=deberta --set model.hf_pretrained_name=microsoft/deberta-v3-base --set model.expert_type=ffn --set model.routing_mode=topk --set model.num_experts=4 --set model.top_k=2 --set seed=3 --set method.name=baseline_avg --set train.steps=150 --set train.eval_every_steps=50 --set train.grad_clip=0.93143294 --set train.lr=0.0001112973657 --set train.weight_decay=0.01108226147 --out /home/zhujjing/MOE-grad-conflict-routing/runs/paper_suite/single_gpu/single_task/deberta_mrpc_ffn_e4_k2/hpo/baseline/trial_runs/coord_03_train_grad_clip_015/baseline_s3.json --curve_out /home/zhujjing/MOE-grad-conflict-routing/runs/paper_suite/single_gpu/single_task/deberta_mrpc_ffn_e4_k2/hpo/baseline/trial_runs/coord_03_train_grad_clip_015/baseline_s3_curve.csv
Using the latest cached version of the dataset since glue couldn't be found on the Hugging Face Hub (offline mode is enabled).
Found the latest cached dataset configuration 'mrpc' at /home/zhujjing/hf_cache/datasets/glue/mrpc/0.0.0/bcdcba79d07bc864c1c254ccfcedcce55bcc9a8c (last modified on Thu Mar 19 15:01:06 2026).
/home/zhujjing/anaconda3/envs/moe/lib/python3.10/site-packages/transformers/utils/hub.py:124: FutureWarning: Using `TRANSFORMERS_CACHE` is deprecated and will be removed in v5 of Transformers. Use `HF_HOME` instead.
  warnings.warn(
/home/zhujjing/anaconda3/envs/moe/lib/python3.10/site-packages/transformers/convert_slow_tokenizer.py:560: UserWarning: The sentencepiece tokenizer that you are converting to a fast tokenizer uses the byte fallback option which is not implemented in the fast tokenizers. In practice this means that the fast version of the tokenizer can produce unknown tokens whereas the sentencepiece version would have converted these unknown tokens into a sequence of byte tokens matching the original piece of text.
  warnings.warn(
[step 0001/150] method=baseline_avg loss=0.6969 train_acc=nan train_loss=nan val_acc=nan val_loss=nan best=-1.0000
[step 0010/150] method=baseline_avg loss=0.7464 train_acc=nan train_loss=nan val_acc=nan val_loss=nan best=-1.0000
[step 0020/150] method=baseline_avg loss=0.6823 train_acc=nan train_loss=nan val_acc=nan val_loss=nan best=-1.0000
[step 0030/150] method=baseline_avg loss=0.4852 train_acc=nan train_loss=nan val_acc=nan val_loss=nan best=-1.0000
[step 0040/150] method=baseline_avg loss=0.7804 train_acc=nan train_loss=nan val_acc=nan val_loss=nan best=-1.0000
[step 0050/150] method=baseline_avg loss=0.3797 train_acc=0.7475 train_loss=0.5578 val_acc=0.7525 val_loss=0.5563 router_H=0.5614 best=0.7525
           router_load=[0.0009889521170407534, 0.2949378192424774, 0.009813033975660801, 0.6942601203918457]
[step 0060/150] method=baseline_avg loss=0.7782 train_acc=0.7475 train_loss=0.5578 val_acc=0.7525 val_loss=0.5563 router_H=0.5614 best=0.7525
           router_load=[0.0009889521170407534, 0.2949378192424774, 0.009813033975660801, 0.6942601203918457]
[step 0070/150] method=baseline_avg loss=0.6174 train_acc=0.7475 train_loss=0.5578 val_acc=0.7525 val_loss=0.5563 router_H=0.5614 best=0.7525
           router_load=[0.0009889521170407534, 0.2949378192424774, 0.009813033975660801, 0.6942601203918457]
[step 0080/150] method=baseline_avg loss=0.6856 train_acc=0.7475 train_loss=0.5578 val_acc=0.7525 val_loss=0.5563 router_H=0.5614 best=0.7525
           router_load=[0.0009889521170407534, 0.2949378192424774, 0.009813033975660801, 0.6942601203918457]
[step 0090/150] method=baseline_avg loss=0.6683 train_acc=0.7475 train_loss=0.5578 val_acc=0.7525 val_loss=0.5563 router_H=0.5614 best=0.7525
           router_load=[0.0009889521170407534, 0.2949378192424774, 0.009813033975660801, 0.6942601203918457]
[step 0100/150] method=baseline_avg loss=0.6974 train_acc=0.6745 train_loss=0.6303 val_acc=0.6838 val_loss=0.6248 router_H=0.5064 best=0.7525
           router_load=[0.0, 0.20435437560081482, 0.0, 0.795645534992218]
[step 0110/150] method=baseline_avg loss=0.7276 train_acc=0.6745 train_loss=0.6303 val_acc=0.6838 val_loss=0.6248 router_H=0.5064 best=0.7525
           router_load=[0.0, 0.20435437560081482, 0.0, 0.795645534992218]
[step 0120/150] method=baseline_avg loss=0.7251 train_acc=0.6745 train_loss=0.6303 val_acc=0.6838 val_loss=0.6248 router_H=0.5064 best=0.7525
           router_load=[0.0, 0.20435437560081482, 0.0, 0.795645534992218]
[step 0130/150] method=baseline_avg loss=0.6821 train_acc=0.6745 train_loss=0.6303 val_acc=0.6838 val_loss=0.6248 router_H=0.5064 best=0.7525
           router_load=[0.0, 0.20435437560081482, 0.0, 0.795645534992218]
[step 0140/150] method=baseline_avg loss=0.7192 train_acc=0.6745 train_loss=0.6303 val_acc=0.6838 val_loss=0.6248 router_H=0.5064 best=0.7525
           router_load=[0.0, 0.20435437560081482, 0.0, 0.795645534992218]
[step 0150/150] method=baseline_avg loss=0.7491 train_acc=0.6745 train_loss=0.7250 val_acc=0.6838 val_loss=0.7087 router_H=0.6758 best=0.7525
           router_load=[0.0, 0.40701040625572205, 0.0, 0.5929897427558899]
saved summary -> /home/zhujjing/MOE-grad-conflict-routing/runs/paper_suite/single_gpu/single_task/deberta_mrpc_ffn_e4_k2/hpo/baseline/trial_runs/coord_03_train_grad_clip_015/baseline_s3.json
saved curve -> /home/zhujjing/MOE-grad-conflict-routing/runs/paper_suite/single_gpu/single_task/deberta_mrpc_ffn_e4_k2/hpo/baseline/trial_runs/coord_03_train_grad_clip_015/baseline_s3_curve.csv
