[run] method=cagrad candidate=coord_04_method_baseline_cagrad_c_005 seed=3 steps=150 gpu=0
[run] cmd=
/home/zhujjing/anaconda3/envs/moe/bin/python /home/zhujjing/MOE-grad-conflict-routing/scripts/run.py --config configs/singletask_rte_real.yaml --set model.backbone_backend=hf --set model.hf_load_pretrained=true --set model.backbone=deberta --set model.hf_pretrained_name=microsoft/deberta-v3-base --set model.expert_type=lora --set model.routing_mode=topk --set model.num_experts=4 --set model.top_k=2 --set seed=3 --set method.name=baseline_cagrad --set train.steps=150 --set train.eval_every_steps=50 --set method.baseline_cagrad.c=0.6535281282 --set method.baseline_cagrad.inner_lr=0.1 --set train.grad_clip=1.761572159 --set train.lr=4.460286243e-05 --set train.weight_decay=0.02536478282 --out /home/zhujjing/MOE-grad-conflict-routing/runs/paper_suite/single_gpu/single_task/deberta_rte_lora_e4_k2/hpo/cagrad/trial_runs/coord_04_method_baseline_cagrad_c_005/cagrad_s3.json --curve_out /home/zhujjing/MOE-grad-conflict-routing/runs/paper_suite/single_gpu/single_task/deberta_rte_lora_e4_k2/hpo/cagrad/trial_runs/coord_04_method_baseline_cagrad_c_005/cagrad_s3_curve.csv
Using the latest cached version of the dataset since glue couldn't be found on the Hugging Face Hub (offline mode is enabled).
Found the latest cached dataset configuration 'rte' at /home/zhujjing/hf_cache/datasets/glue/rte/0.0.0/bcdcba79d07bc864c1c254ccfcedcce55bcc9a8c (last modified on Thu Mar 19 15:00:36 2026).
/home/zhujjing/anaconda3/envs/moe/lib/python3.10/site-packages/transformers/utils/hub.py:124: FutureWarning: Using `TRANSFORMERS_CACHE` is deprecated and will be removed in v5 of Transformers. Use `HF_HOME` instead.
  warnings.warn(
/home/zhujjing/anaconda3/envs/moe/lib/python3.10/site-packages/transformers/convert_slow_tokenizer.py:560: UserWarning: The sentencepiece tokenizer that you are converting to a fast tokenizer uses the byte fallback option which is not implemented in the fast tokenizers. In practice this means that the fast version of the tokenizer can produce unknown tokens whereas the sentencepiece version would have converted these unknown tokens into a sequence of byte tokens matching the original piece of text.
  warnings.warn(
[step 0001/150] method=baseline_cagrad loss=0.7490 train_acc=nan train_loss=nan val_acc=nan val_loss=nan best=-1.0000
[step 0010/150] method=baseline_cagrad loss=0.6978 train_acc=nan train_loss=nan val_acc=nan val_loss=nan best=-1.0000
[step 0020/150] method=baseline_cagrad loss=0.7029 train_acc=nan train_loss=nan val_acc=nan val_loss=nan best=-1.0000
[step 0030/150] method=baseline_cagrad loss=0.5705 train_acc=nan train_loss=nan val_acc=nan val_loss=nan best=-1.0000
[step 0040/150] method=baseline_cagrad loss=0.7755 train_acc=nan train_loss=nan val_acc=nan val_loss=nan best=-1.0000
[step 0050/150] method=baseline_cagrad loss=0.5826 train_acc=0.7004 train_loss=0.5824 val_acc=0.6282 val_loss=0.6174 router_H=0.6653 best=0.6282
           router_load=[0.11903465539216995, 0.025026151910424232, 0.30485236644744873, 0.5510867834091187]
[step 0060/150] method=baseline_cagrad loss=0.4834 train_acc=0.7004 train_loss=0.5824 val_acc=0.6282 val_loss=0.6174 router_H=0.6653 best=0.6282
           router_load=[0.11903465539216995, 0.025026151910424232, 0.30485236644744873, 0.5510867834091187]
[step 0070/150] method=baseline_cagrad loss=0.7162 train_acc=0.7004 train_loss=0.5824 val_acc=0.6282 val_loss=0.6174 router_H=0.6653 best=0.6282
           router_load=[0.11903465539216995, 0.025026151910424232, 0.30485236644744873, 0.5510867834091187]
[step 0080/150] method=baseline_cagrad loss=0.4507 train_acc=0.7004 train_loss=0.5824 val_acc=0.6282 val_loss=0.6174 router_H=0.6653 best=0.6282
           router_load=[0.11903465539216995, 0.025026151910424232, 0.30485236644744873, 0.5510867834091187]
[step 0090/150] method=baseline_cagrad loss=0.4956 train_acc=0.7004 train_loss=0.5824 val_acc=0.6282 val_loss=0.6174 router_H=0.6653 best=0.6282
           router_load=[0.11903465539216995, 0.025026151910424232, 0.30485236644744873, 0.5510867834091187]
[step 0100/150] method=baseline_cagrad loss=0.6820 train_acc=0.8289 train_loss=0.3975 val_acc=0.7726 val_loss=0.5064 router_H=0.6750 best=0.7726
           router_load=[0.14151088893413544, 0.006347683724015951, 0.33194398880004883, 0.5201974511146545]
[step 0110/150] method=baseline_cagrad loss=0.5506 train_acc=0.8289 train_loss=0.3975 val_acc=0.7726 val_loss=0.5064 router_H=0.6750 best=0.7726
           router_load=[0.14151088893413544, 0.006347683724015951, 0.33194398880004883, 0.5201974511146545]
[step 0120/150] method=baseline_cagrad loss=0.4518 train_acc=0.8289 train_loss=0.3975 val_acc=0.7726 val_loss=0.5064 router_H=0.6750 best=0.7726
           router_load=[0.14151088893413544, 0.006347683724015951, 0.33194398880004883, 0.5201974511146545]
[step 0130/150] method=baseline_cagrad loss=0.5178 train_acc=0.8289 train_loss=0.3975 val_acc=0.7726 val_loss=0.5064 router_H=0.6750 best=0.7726
           router_load=[0.14151088893413544, 0.006347683724015951, 0.33194398880004883, 0.5201974511146545]
[step 0140/150] method=baseline_cagrad loss=0.3550 train_acc=0.8289 train_loss=0.3975 val_acc=0.7726 val_loss=0.5064 router_H=0.6750 best=0.7726
           router_load=[0.14151088893413544, 0.006347683724015951, 0.33194398880004883, 0.5201974511146545]
[step 0150/150] method=baseline_cagrad loss=0.2661 train_acc=0.9100 train_loss=0.2639 val_acc=0.8014 val_loss=0.4438 router_H=0.6471 best=0.8014
           router_load=[0.07922970503568649, 0.06665857881307602, 0.22871488332748413, 0.6253967881202698]
saved summary -> /home/zhujjing/MOE-grad-conflict-routing/runs/paper_suite/single_gpu/single_task/deberta_rte_lora_e4_k2/hpo/cagrad/trial_runs/coord_04_method_baseline_cagrad_c_005/cagrad_s3.json
saved curve -> /home/zhujjing/MOE-grad-conflict-routing/runs/paper_suite/single_gpu/single_task/deberta_rte_lora_e4_k2/hpo/cagrad/trial_runs/coord_04_method_baseline_cagrad_c_005/cagrad_s3_curve.csv
