[run] method=cagrad candidate=coord_01_train_lr_016 seed=2 steps=150 gpu=0
[run] cmd=
/home/zhujjing/anaconda3/envs/moe/bin/python /home/zhujjing/MOE-grad-conflict-routing/scripts/run.py --config configs/singletask_sst2_real.yaml --set model.backbone_backend=hf --set model.hf_load_pretrained=true --set model.backbone=roberta --set model.hf_pretrained_name=roberta-base --set model.expert_type=ffn --set model.routing_mode=topk --set model.num_experts=4 --set model.top_k=2 --set seed=2 --set method.name=baseline_cagrad --set train.steps=150 --set train.eval_every_steps=50 --set method.baseline_cagrad.c=0.4 --set method.baseline_cagrad.inner_lr=0.1 --set train.grad_clip=1 --set train.lr=2.52305587e-05 --set train.weight_decay=0.01 --out /home/zhujjing/MOE-grad-conflict-routing/runs/paper_suite/single_gpu/single_task/roberta_sst2_ffn_e4_k2/hpo/cagrad/trial_runs/coord_01_train_lr_016/cagrad_s2.json --curve_out /home/zhujjing/MOE-grad-conflict-routing/runs/paper_suite/single_gpu/single_task/roberta_sst2_ffn_e4_k2/hpo/cagrad/trial_runs/coord_01_train_lr_016/cagrad_s2_curve.csv
Using the latest cached version of the dataset since glue couldn't be found on the Hugging Face Hub (offline mode is enabled).
Found the latest cached dataset configuration 'sst2' at /home/zhujjing/hf_cache/datasets/glue/sst2/0.0.0/bcdcba79d07bc864c1c254ccfcedcce55bcc9a8c (last modified on Thu Mar 19 15:01:41 2026).
/home/zhujjing/anaconda3/envs/moe/lib/python3.10/site-packages/transformers/utils/hub.py:124: FutureWarning: Using `TRANSFORMERS_CACHE` is deprecated and will be removed in v5 of Transformers. Use `HF_HOME` instead.
  warnings.warn(
Some weights of RobertaModel were not initialized from the model checkpoint at roberta-base and are newly initialized: ['roberta.pooler.dense.bias', 'roberta.pooler.dense.weight']
You should probably TRAIN this model on a down-stream task to be able to use it for predictions and inference.
[step 0001/150] method=baseline_cagrad loss=0.7217 train_acc=nan train_loss=nan val_acc=nan val_loss=nan best=-1.0000
[step 0010/150] method=baseline_cagrad loss=0.6994 train_acc=nan train_loss=nan val_acc=nan val_loss=nan best=-1.0000
[step 0020/150] method=baseline_cagrad loss=0.4853 train_acc=nan train_loss=nan val_acc=nan val_loss=nan best=-1.0000
[step 0030/150] method=baseline_cagrad loss=0.4929 train_acc=nan train_loss=nan val_acc=nan val_loss=nan best=-1.0000
[step 0040/150] method=baseline_cagrad loss=0.1709 train_acc=nan train_loss=nan val_acc=nan val_loss=nan best=-1.0000
[step 0050/150] method=baseline_cagrad loss=0.5760 train_acc=0.8816 train_loss=0.3200 val_acc=0.8796 val_loss=0.3241 router_H=0.4837 best=0.8796
           router_load=[0.0, 0.056787461042404175, 0.27277350425720215, 0.6704391837120056]
[step 0060/150] method=baseline_cagrad loss=0.3188 train_acc=0.8816 train_loss=0.3200 val_acc=0.8796 val_loss=0.3241 router_H=0.4837 best=0.8796
           router_load=[0.0, 0.056787461042404175, 0.27277350425720215, 0.6704391837120056]
[step 0070/150] method=baseline_cagrad loss=0.3961 train_acc=0.8816 train_loss=0.3200 val_acc=0.8796 val_loss=0.3241 router_H=0.4837 best=0.8796
           router_load=[0.0, 0.056787461042404175, 0.27277350425720215, 0.6704391837120056]
[step 0080/150] method=baseline_cagrad loss=0.4546 train_acc=0.8816 train_loss=0.3200 val_acc=0.8796 val_loss=0.3241 router_H=0.4837 best=0.8796
           router_load=[0.0, 0.056787461042404175, 0.27277350425720215, 0.6704391837120056]
[step 0090/150] method=baseline_cagrad loss=0.3613 train_acc=0.8816 train_loss=0.3200 val_acc=0.8796 val_loss=0.3241 router_H=0.4837 best=0.8796
           router_load=[0.0, 0.056787461042404175, 0.27277350425720215, 0.6704391837120056]
[step 0100/150] method=baseline_cagrad loss=0.5641 train_acc=0.8178 train_loss=0.4997 val_acc=0.7878 val_loss=0.6009 router_H=0.3609 best=0.8796
           router_load=[0.00989575870335102, 0.038140565156936646, 0.1029297485947609, 0.8490338921546936]
[step 0110/150] method=baseline_cagrad loss=0.4217 train_acc=0.8178 train_loss=0.4997 val_acc=0.7878 val_loss=0.6009 router_H=0.3609 best=0.8796
           router_load=[0.00989575870335102, 0.038140565156936646, 0.1029297485947609, 0.8490338921546936]
[step 0120/150] method=baseline_cagrad loss=0.7254 train_acc=0.8178 train_loss=0.4997 val_acc=0.7878 val_loss=0.6009 router_H=0.3609 best=0.8796
           router_load=[0.00989575870335102, 0.038140565156936646, 0.1029297485947609, 0.8490338921546936]
[step 0130/150] method=baseline_cagrad loss=0.3949 train_acc=0.8178 train_loss=0.4997 val_acc=0.7878 val_loss=0.6009 router_H=0.3609 best=0.8796
           router_load=[0.00989575870335102, 0.038140565156936646, 0.1029297485947609, 0.8490338921546936]
[step 0140/150] method=baseline_cagrad loss=0.6509 train_acc=0.8178 train_loss=0.4997 val_acc=0.7878 val_loss=0.6009 router_H=0.3609 best=0.8796
           router_load=[0.00989575870335102, 0.038140565156936646, 0.1029297485947609, 0.8490338921546936]
[step 0150/150] method=baseline_cagrad loss=0.3042 train_acc=0.8789 train_loss=0.2906 val_acc=0.8911 val_loss=0.2755 router_H=0.5013 best=0.8911
           router_load=[0.0042691002599895, 0.019184468314051628, 0.26995888352394104, 0.7065874934196472]
saved summary -> /home/zhujjing/MOE-grad-conflict-routing/runs/paper_suite/single_gpu/single_task/roberta_sst2_ffn_e4_k2/hpo/cagrad/trial_runs/coord_01_train_lr_016/cagrad_s2.json
saved curve -> /home/zhujjing/MOE-grad-conflict-routing/runs/paper_suite/single_gpu/single_task/roberta_sst2_ffn_e4_k2/hpo/cagrad/trial_runs/coord_01_train_lr_016/cagrad_s2_curve.csv
