[run] method=baseline candidate=local_var_topk_013 seed=3 steps=200 gpu=0
[run] cmd=
/root/miniconda3/envs/optimization/bin/python /root/Optimization/MOE-grad-conflict-routing-appendix2/scripts/run.py --config configs/multitask_glue3_rte_mrpc_cola_real.yaml --set model.backbone_backend=hf --set model.hf_load_pretrained=true --set model.hf_local_files_only=1 --set model.backbone=roberta --set model.hf_pretrained_name=roberta-base --set model.routing_mode=topk --set model.expert_type=lora --set model.num_experts=4 --set model.top_k=2 --set model.lora_rank=32 --set model.lora_alpha=32 --set train.eval_train_fraction=0.10 --set train.eval_train_max_batches=-1 --set train.eval_max_batches=-1 --set train.eval_val_fraction=0.2 --set train.skip_train_eval=true --set seed=3 --set method.name=baseline_avg --set train.steps=200 --set train.eval_every_steps=100 --set train.grad_clip=0.6972133521 --set train.lr=2e-05 --set train.weight_decay=0.007863245139 --out /root/Optimization/MOE-grad-conflict-routing-appendix2/runs/paper_suite_supplement/appendix/rank/multi_glue3_roberta_r32_lora_e4_k2/_method_workers/baseline/hpo/baseline/trial_runs/local_var_topk_013/baseline_s3.json --curve_out /root/Optimization/MOE-grad-conflict-routing-appendix2/runs/paper_suite_supplement/appendix/rank/multi_glue3_roberta_r32_lora_e4_k2/_method_workers/baseline/hpo/baseline/trial_runs/local_var_topk_013/baseline_s3_curve.csv
Using the latest cached version of the dataset since glue couldn't be found on the Hugging Face Hub (offline mode is enabled).
Found the latest cached dataset configuration 'rte' at /root/.cache/huggingface/datasets/glue/rte/0.0.0/bcdcba79d07bc864c1c254ccfcedcce55bcc9a8c (last modified on Thu Mar 26 19:09:12 2026).
Using the latest cached version of the dataset since glue couldn't be found on the Hugging Face Hub (offline mode is enabled).
Found the latest cached dataset configuration 'mrpc' at /root/.cache/huggingface/datasets/glue/mrpc/0.0.0/bcdcba79d07bc864c1c254ccfcedcce55bcc9a8c (last modified on Thu Mar 26 20:11:06 2026).
Using the latest cached version of the dataset since glue couldn't be found on the Hugging Face Hub (offline mode is enabled).
Found the latest cached dataset configuration 'cola' at /root/.cache/huggingface/datasets/glue/cola/0.0.0/bcdcba79d07bc864c1c254ccfcedcce55bcc9a8c (last modified on Thu Mar 26 23:46:11 2026).
Loading weights:   0%|          | 0/197 [00:00<?, ?it/s]Loading weights: 100%|██████████| 197/197 [00:00<00:00, 2778.01it/s]
[1mRobertaModel LOAD REPORT[0m from: roberta-base
Key                             | Status     | 
--------------------------------+------------+-
lm_head.dense.weight            | UNEXPECTED | 
lm_head.layer_norm.bias         | UNEXPECTED | 
lm_head.layer_norm.weight       | UNEXPECTED | 
roberta.embeddings.position_ids | UNEXPECTED | 
lm_head.dense.bias              | UNEXPECTED | 
lm_head.bias                    | UNEXPECTED | 
pooler.dense.weight             | MISSING    | 
pooler.dense.bias               | MISSING    | 

[3mNotes:
- UNEXPECTED[3m	:can be ignored when loading from different task/architecture; not ok if you expect identical arch.
- MISSING[3m	:those params were newly initialized because missing from the checkpoint. Consider training on your downstream task.[0m
[step 0001/200] method=baseline_avg loss=0.6855 train_acc=nan train_loss=nan val_acc=nan val_loss=nan best=-1.0000
[step 0010/200] method=baseline_avg loss=0.5039 train_acc=nan train_loss=nan val_acc=nan val_loss=nan best=-1.0000
[step 0020/200] method=baseline_avg loss=0.5021 train_acc=nan train_loss=nan val_acc=nan val_loss=nan best=-1.0000
[step 0030/200] method=baseline_avg loss=0.6395 train_acc=nan train_loss=nan val_acc=nan val_loss=nan best=-1.0000
[step 0040/200] method=baseline_avg loss=0.6370 train_acc=nan train_loss=nan val_acc=nan val_loss=nan best=-1.0000
[step 0050/200] method=baseline_avg loss=0.5595 train_acc=nan train_loss=nan val_acc=nan val_loss=nan best=-1.0000
[step 0060/200] method=baseline_avg loss=0.5678 train_acc=nan train_loss=nan val_acc=nan val_loss=nan best=-1.0000
[step 0070/200] method=baseline_avg loss=0.6291 train_acc=nan train_loss=nan val_acc=nan val_loss=nan best=-1.0000
[step 0080/200] method=baseline_avg loss=0.8108 train_acc=nan train_loss=nan val_acc=nan val_loss=nan best=-1.0000
[step 0090/200] method=baseline_avg loss=0.4859 train_acc=nan train_loss=nan val_acc=nan val_loss=nan best=-1.0000
[step 0100/200] method=baseline_avg loss=0.6094 train_acc=nan train_loss=nan val_acc=0.6483 val_loss=0.6436 router_H=0.6176 best=0.6483
           router_load=[0.0, 0.017058085650205612, 0.6900968551635742, 0.29284489154815674]
[step 0110/200] method=baseline_avg loss=0.5402 train_acc=nan train_loss=nan val_acc=0.6483 val_loss=0.6436 router_H=0.6176 best=0.6483
           router_load=[0.0, 0.017058085650205612, 0.6900968551635742, 0.29284489154815674]
[step 0120/200] method=baseline_avg loss=0.4930 train_acc=nan train_loss=nan val_acc=0.6483 val_loss=0.6436 router_H=0.6176 best=0.6483
           router_load=[0.0, 0.017058085650205612, 0.6900968551635742, 0.29284489154815674]
[step 0130/200] method=baseline_avg loss=0.4650 train_acc=nan train_loss=nan val_acc=0.6483 val_loss=0.6436 router_H=0.6176 best=0.6483
           router_load=[0.0, 0.017058085650205612, 0.6900968551635742, 0.29284489154815674]
[step 0140/200] method=baseline_avg loss=0.5791 train_acc=nan train_loss=nan val_acc=0.6483 val_loss=0.6436 router_H=0.6176 best=0.6483
           router_load=[0.0, 0.017058085650205612, 0.6900968551635742, 0.29284489154815674]
[step 0150/200] method=baseline_avg loss=0.5077 train_acc=nan train_loss=nan val_acc=0.6483 val_loss=0.6436 router_H=0.6176 best=0.6483
           router_load=[0.0, 0.017058085650205612, 0.6900968551635742, 0.29284489154815674]
[step 0160/200] method=baseline_avg loss=0.4887 train_acc=nan train_loss=nan val_acc=0.6483 val_loss=0.6436 router_H=0.6176 best=0.6483
           router_load=[0.0, 0.017058085650205612, 0.6900968551635742, 0.29284489154815674]
[step 0170/200] method=baseline_avg loss=0.7731 train_acc=nan train_loss=nan val_acc=0.6483 val_loss=0.6436 router_H=0.6176 best=0.6483
           router_load=[0.0, 0.017058085650205612, 0.6900968551635742, 0.29284489154815674]
[step 0180/200] method=baseline_avg loss=0.7324 train_acc=nan train_loss=nan val_acc=0.6483 val_loss=0.6436 router_H=0.6176 best=0.6483
           router_load=[0.0, 0.017058085650205612, 0.6900968551635742, 0.29284489154815674]
[step 0190/200] method=baseline_avg loss=0.5602 train_acc=nan train_loss=nan val_acc=0.6483 val_loss=0.6436 router_H=0.6176 best=0.6483
           router_load=[0.0, 0.017058085650205612, 0.6900968551635742, 0.29284489154815674]
[step 0200/200] method=baseline_avg loss=0.6806 train_acc=nan train_loss=nan val_acc=0.6824 val_loss=0.5890 router_H=0.6029 best=0.6824
           router_load=[0.0007351595559157431, 0.013273792341351509, 0.7058293223381042, 0.2801618278026581]
saved summary -> /root/Optimization/MOE-grad-conflict-routing-appendix2/runs/paper_suite_supplement/appendix/rank/multi_glue3_roberta_r32_lora_e4_k2/_method_workers/baseline/hpo/baseline/trial_runs/local_var_topk_013/baseline_s3.json
saved curve -> /root/Optimization/MOE-grad-conflict-routing-appendix2/runs/paper_suite_supplement/appendix/rank/multi_glue3_roberta_r32_lora_e4_k2/_method_workers/baseline/hpo/baseline/trial_runs/local_var_topk_013/baseline_s3_curve.csv
