[run] method=cagrad candidate=coord_02_train_weight_decay_010 seed=3 steps=200 gpu=0
[run] cmd=
/root/miniconda3/envs/optimization/bin/python /root/Optimization/MOE-grad-conflict-routing/scripts/run.py --config configs/singletask_cola_real.yaml --set model.backbone_backend=hf --set model.hf_load_pretrained=true --set model.backbone=roberta --set model.hf_pretrained_name=roberta-base --set model.expert_type=ffn --set model.routing_mode=topk --set model.num_experts=4 --set model.top_k=2 --set seed=3 --set method.name=baseline_cagrad --set train.steps=200 --set train.eval_every_steps=50 --set method.baseline_cagrad.c=0.4 --set method.baseline_cagrad.inner_lr=0.1 --set train.grad_clip=1 --set train.lr=9.799696332e-06 --set train.weight_decay=0.02536478282 --out /root/Optimization/MOE-grad-conflict-routing/runs/paper_suite_supplement/single_task_add_rerun/single_task/roberta_cola_ffn_e4_k2/hpo/cagrad/trial_runs/coord_02_train_weight_decay_010/cagrad_s3.json --curve_out /root/Optimization/MOE-grad-conflict-routing/runs/paper_suite_supplement/single_task_add_rerun/single_task/roberta_cola_ffn_e4_k2/hpo/cagrad/trial_runs/coord_02_train_weight_decay_010/cagrad_s3_curve.csv
Using the latest cached version of the dataset since glue couldn't be found on the Hugging Face Hub (offline mode is enabled).
Found the latest cached dataset configuration 'cola' at /root/.cache/huggingface/datasets/glue/cola/0.0.0/bcdcba79d07bc864c1c254ccfcedcce55bcc9a8c (last modified on Mon Mar 23 09:28:48 2026).
Loading weights:   0%|          | 0/197 [00:00<?, ?it/s]Loading weights: 100%|██████████| 197/197 [00:00<00:00, 20432.70it/s]
[1mRobertaModel LOAD REPORT[0m from: roberta-base
Key                             | Status     | 
--------------------------------+------------+-
lm_head.layer_norm.weight       | UNEXPECTED | 
lm_head.dense.bias              | UNEXPECTED | 
roberta.embeddings.position_ids | UNEXPECTED | 
lm_head.layer_norm.bias         | UNEXPECTED | 
lm_head.bias                    | UNEXPECTED | 
lm_head.dense.weight            | UNEXPECTED | 
pooler.dense.bias               | MISSING    | 
pooler.dense.weight             | MISSING    | 

[3mNotes:
- UNEXPECTED[3m	:can be ignored when loading from different task/architecture; not ok if you expect identical arch.
- MISSING[3m	:those params were newly initialized because missing from the checkpoint. Consider training on your downstream task.[0m
[step 0001/200] method=baseline_cagrad loss=0.7159 train_acc=nan train_loss=nan val_acc=nan val_loss=nan best=-1.0000
[step 0010/200] method=baseline_cagrad loss=0.5953 train_acc=nan train_loss=nan val_acc=nan val_loss=nan best=-1.0000
[step 0020/200] method=baseline_cagrad loss=0.6971 train_acc=nan train_loss=nan val_acc=nan val_loss=nan best=-1.0000
[step 0030/200] method=baseline_cagrad loss=0.6800 train_acc=nan train_loss=nan val_acc=nan val_loss=nan best=-1.0000
[step 0040/200] method=baseline_cagrad loss=0.7729 train_acc=nan train_loss=nan val_acc=nan val_loss=nan best=-1.0000
[step 0050/200] method=baseline_cagrad loss=0.6883 train_acc=0.7044 train_loss=0.6045 val_acc=0.6913 val_loss=0.6345 router_H=0.6347 best=0.6913
           router_load=[0.2898828089237213, 0.014186966232955456, 0.6647226214408875, 0.031207578256726265]
[step 0060/200] method=baseline_cagrad loss=0.5193 train_acc=0.7044 train_loss=0.6045 val_acc=0.6913 val_loss=0.6345 router_H=0.6347 best=0.6913
           router_load=[0.2898828089237213, 0.014186966232955456, 0.6647226214408875, 0.031207578256726265]
[step 0070/200] method=baseline_cagrad loss=0.6087 train_acc=0.7044 train_loss=0.6045 val_acc=0.6913 val_loss=0.6345 router_H=0.6347 best=0.6913
           router_load=[0.2898828089237213, 0.014186966232955456, 0.6647226214408875, 0.031207578256726265]
[step 0080/200] method=baseline_cagrad loss=0.4631 train_acc=0.7044 train_loss=0.6045 val_acc=0.6913 val_loss=0.6345 router_H=0.6347 best=0.6913
           router_load=[0.2898828089237213, 0.014186966232955456, 0.6647226214408875, 0.031207578256726265]
[step 0090/200] method=baseline_cagrad loss=0.5663 train_acc=0.7044 train_loss=0.6045 val_acc=0.6913 val_loss=0.6345 router_H=0.6347 best=0.6913
           router_load=[0.2898828089237213, 0.014186966232955456, 0.6647226214408875, 0.031207578256726265]
[step 0100/200] method=baseline_cagrad loss=0.4508 train_acc=0.7044 train_loss=0.4950 val_acc=0.6913 val_loss=0.5300 router_H=0.5794 best=0.6913
           router_load=[0.2167358696460724, 0.02264656126499176, 0.7257649302482605, 0.03485271707177162]
[step 0110/200] method=baseline_cagrad loss=0.3784 train_acc=0.7044 train_loss=0.4950 val_acc=0.6913 val_loss=0.5300 router_H=0.5794 best=0.6913
           router_load=[0.2167358696460724, 0.02264656126499176, 0.7257649302482605, 0.03485271707177162]
[step 0120/200] method=baseline_cagrad loss=0.5164 train_acc=0.7044 train_loss=0.4950 val_acc=0.6913 val_loss=0.5300 router_H=0.5794 best=0.6913
           router_load=[0.2167358696460724, 0.02264656126499176, 0.7257649302482605, 0.03485271707177162]
[step 0130/200] method=baseline_cagrad loss=0.6681 train_acc=0.7044 train_loss=0.4950 val_acc=0.6913 val_loss=0.5300 router_H=0.5794 best=0.6913
           router_load=[0.2167358696460724, 0.02264656126499176, 0.7257649302482605, 0.03485271707177162]
[step 0140/200] method=baseline_cagrad loss=0.6440 train_acc=0.7044 train_loss=0.4950 val_acc=0.6913 val_loss=0.5300 router_H=0.5794 best=0.6913
           router_load=[0.2167358696460724, 0.02264656126499176, 0.7257649302482605, 0.03485271707177162]
[step 0150/200] method=baseline_cagrad loss=0.3533 train_acc=0.7044 train_loss=0.4784 val_acc=0.6913 val_loss=0.5270 router_H=0.4926 best=0.6913
           router_load=[0.13621585071086884, 0.02669339068233967, 0.7949119806289673, 0.04217875003814697]
[step 0160/200] method=baseline_cagrad loss=0.4651 train_acc=0.7044 train_loss=0.4784 val_acc=0.6913 val_loss=0.5270 router_H=0.4926 best=0.6913
           router_load=[0.13621585071086884, 0.02669339068233967, 0.7949119806289673, 0.04217875003814697]
[step 0170/200] method=baseline_cagrad loss=0.3299 train_acc=0.7044 train_loss=0.4784 val_acc=0.6913 val_loss=0.5270 router_H=0.4926 best=0.6913
           router_load=[0.13621585071086884, 0.02669339068233967, 0.7949119806289673, 0.04217875003814697]
[step 0180/200] method=baseline_cagrad loss=0.5408 train_acc=0.7044 train_loss=0.4784 val_acc=0.6913 val_loss=0.5270 router_H=0.4926 best=0.6913
           router_load=[0.13621585071086884, 0.02669339068233967, 0.7949119806289673, 0.04217875003814697]
[step 0190/200] method=baseline_cagrad loss=0.6385 train_acc=0.7044 train_loss=0.4784 val_acc=0.6913 val_loss=0.5270 router_H=0.4926 best=0.6913
           router_load=[0.13621585071086884, 0.02669339068233967, 0.7949119806289673, 0.04217875003814697]
[step 0200/200] method=baseline_cagrad loss=0.6330 train_acc=0.8068 train_loss=0.4423 val_acc=0.7929 val_loss=0.4921 router_H=0.4659 best=0.7929
           router_load=[0.09590435028076172, 0.02730461023747921, 0.8065651059150696, 0.07022586464881897]
saved summary -> /root/Optimization/MOE-grad-conflict-routing/runs/paper_suite_supplement/single_task_add_rerun/single_task/roberta_cola_ffn_e4_k2/hpo/cagrad/trial_runs/coord_02_train_weight_decay_010/cagrad_s3.json
saved curve -> /root/Optimization/MOE-grad-conflict-routing/runs/paper_suite_supplement/single_task_add_rerun/single_task/roberta_cola_ffn_e4_k2/hpo/cagrad/trial_runs/coord_02_train_weight_decay_010/cagrad_s3_curve.csv
