[run] method=cagrad candidate=coord_02_train_weight_decay_010 seed=2 steps=200 gpu=0
[run] cmd=
/root/miniconda3/envs/optimization/bin/python /root/Optimization/MOE-grad-conflict-routing/scripts/run.py --config configs/singletask_cola_real.yaml --set model.backbone_backend=hf --set model.hf_load_pretrained=true --set model.backbone=roberta --set model.hf_pretrained_name=roberta-base --set model.expert_type=ffn --set model.routing_mode=topk --set model.num_experts=4 --set model.top_k=2 --set seed=2 --set method.name=baseline_cagrad --set train.steps=200 --set train.eval_every_steps=50 --set method.baseline_cagrad.c=0.4 --set method.baseline_cagrad.inner_lr=0.1 --set train.grad_clip=1 --set train.lr=9.799696332e-06 --set train.weight_decay=0.02536478282 --out /root/Optimization/MOE-grad-conflict-routing/runs/paper_suite_supplement/single_task_add_rerun/single_task/roberta_cola_ffn_e4_k2/hpo/cagrad/trial_runs/coord_02_train_weight_decay_010/cagrad_s2.json --curve_out /root/Optimization/MOE-grad-conflict-routing/runs/paper_suite_supplement/single_task_add_rerun/single_task/roberta_cola_ffn_e4_k2/hpo/cagrad/trial_runs/coord_02_train_weight_decay_010/cagrad_s2_curve.csv
Using the latest cached version of the dataset since glue couldn't be found on the Hugging Face Hub (offline mode is enabled).
Found the latest cached dataset configuration 'cola' at /root/.cache/huggingface/datasets/glue/cola/0.0.0/bcdcba79d07bc864c1c254ccfcedcce55bcc9a8c (last modified on Mon Mar 23 09:28:48 2026).
Loading weights:   0%|          | 0/197 [00:00<?, ?it/s]Loading weights: 100%|██████████| 197/197 [00:00<00:00, 2108.69it/s]
[1mRobertaModel LOAD REPORT[0m from: roberta-base
Key                             | Status     | 
--------------------------------+------------+-
lm_head.layer_norm.bias         | UNEXPECTED | 
lm_head.layer_norm.weight       | UNEXPECTED | 
roberta.embeddings.position_ids | UNEXPECTED | 
lm_head.dense.bias              | UNEXPECTED | 
lm_head.dense.weight            | UNEXPECTED | 
lm_head.bias                    | UNEXPECTED | 
pooler.dense.bias               | MISSING    | 
pooler.dense.weight             | MISSING    | 

[3mNotes:
- UNEXPECTED[3m	:can be ignored when loading from different task/architecture; not ok if you expect identical arch.
- MISSING[3m	:those params were newly initialized because missing from the checkpoint. Consider training on your downstream task.[0m
[step 0001/200] method=baseline_cagrad loss=0.6993 train_acc=nan train_loss=nan val_acc=nan val_loss=nan best=-1.0000
[step 0010/200] method=baseline_cagrad loss=0.6327 train_acc=nan train_loss=nan val_acc=nan val_loss=nan best=-1.0000
[step 0020/200] method=baseline_cagrad loss=0.6396 train_acc=nan train_loss=nan val_acc=nan val_loss=nan best=-1.0000
[step 0030/200] method=baseline_cagrad loss=0.5269 train_acc=nan train_loss=nan val_acc=nan val_loss=nan best=-1.0000
[step 0040/200] method=baseline_cagrad loss=0.4633 train_acc=nan train_loss=nan val_acc=nan val_loss=nan best=-1.0000
[step 0050/200] method=baseline_cagrad loss=0.5187 train_acc=0.7044 train_loss=0.5525 val_acc=0.6913 val_loss=0.5712 router_H=0.4738 best=0.6913
           router_load=[0.009120807982981205, 0.8131510615348816, 0.02286248840391636, 0.15486562252044678]
[step 0060/200] method=baseline_cagrad loss=0.5459 train_acc=0.7044 train_loss=0.5525 val_acc=0.6913 val_loss=0.5712 router_H=0.4738 best=0.6913
           router_load=[0.009120807982981205, 0.8131510615348816, 0.02286248840391636, 0.15486562252044678]
[step 0070/200] method=baseline_cagrad loss=0.5567 train_acc=0.7044 train_loss=0.5525 val_acc=0.6913 val_loss=0.5712 router_H=0.4738 best=0.6913
           router_load=[0.009120807982981205, 0.8131510615348816, 0.02286248840391636, 0.15486562252044678]
[step 0080/200] method=baseline_cagrad loss=0.5083 train_acc=0.7044 train_loss=0.5525 val_acc=0.6913 val_loss=0.5712 router_H=0.4738 best=0.6913
           router_load=[0.009120807982981205, 0.8131510615348816, 0.02286248840391636, 0.15486562252044678]
[step 0090/200] method=baseline_cagrad loss=0.6321 train_acc=0.7044 train_loss=0.5525 val_acc=0.6913 val_loss=0.5712 router_H=0.4738 best=0.6913
           router_load=[0.009120807982981205, 0.8131510615348816, 0.02286248840391636, 0.15486562252044678]
[step 0100/200] method=baseline_cagrad loss=0.5830 train_acc=0.7345 train_loss=0.5238 val_acc=0.7267 val_loss=0.5560 router_H=0.4116 best=0.7267
           router_load=[0.009835840202867985, 0.8424248695373535, 0.05520125851035118, 0.09253805130720139]
[step 0110/200] method=baseline_cagrad loss=0.5184 train_acc=0.7345 train_loss=0.5238 val_acc=0.7267 val_loss=0.5560 router_H=0.4116 best=0.7267
           router_load=[0.009835840202867985, 0.8424248695373535, 0.05520125851035118, 0.09253805130720139]
[step 0120/200] method=baseline_cagrad loss=0.5865 train_acc=0.7345 train_loss=0.5238 val_acc=0.7267 val_loss=0.5560 router_H=0.4116 best=0.7267
           router_load=[0.009835840202867985, 0.8424248695373535, 0.05520125851035118, 0.09253805130720139]
[step 0130/200] method=baseline_cagrad loss=0.4400 train_acc=0.7345 train_loss=0.5238 val_acc=0.7267 val_loss=0.5560 router_H=0.4116 best=0.7267
           router_load=[0.009835840202867985, 0.8424248695373535, 0.05520125851035118, 0.09253805130720139]
[step 0140/200] method=baseline_cagrad loss=0.4780 train_acc=0.7345 train_loss=0.5238 val_acc=0.7267 val_loss=0.5560 router_H=0.4116 best=0.7267
           router_load=[0.009835840202867985, 0.8424248695373535, 0.05520125851035118, 0.09253805130720139]
[step 0150/200] method=baseline_cagrad loss=0.4317 train_acc=0.8048 train_loss=0.4587 val_acc=0.7948 val_loss=0.5018 router_H=0.4204 best=0.7948
           router_load=[0.002135335933417082, 0.8268778324127197, 0.005858590826392174, 0.16512846946716309]
[step 0160/200] method=baseline_cagrad loss=0.4421 train_acc=0.8048 train_loss=0.4587 val_acc=0.7948 val_loss=0.5018 router_H=0.4204 best=0.7948
           router_load=[0.002135335933417082, 0.8268778324127197, 0.005858590826392174, 0.16512846946716309]
[step 0170/200] method=baseline_cagrad loss=0.5532 train_acc=0.8048 train_loss=0.4587 val_acc=0.7948 val_loss=0.5018 router_H=0.4204 best=0.7948
           router_load=[0.002135335933417082, 0.8268778324127197, 0.005858590826392174, 0.16512846946716309]
[step 0180/200] method=baseline_cagrad loss=0.4676 train_acc=0.8048 train_loss=0.4587 val_acc=0.7948 val_loss=0.5018 router_H=0.4204 best=0.7948
           router_load=[0.002135335933417082, 0.8268778324127197, 0.005858590826392174, 0.16512846946716309]
[step 0190/200] method=baseline_cagrad loss=0.4827 train_acc=0.8048 train_loss=0.4587 val_acc=0.7948 val_loss=0.5018 router_H=0.4204 best=0.7948
           router_load=[0.002135335933417082, 0.8268778324127197, 0.005858590826392174, 0.16512846946716309]
[step 0200/200] method=baseline_cagrad loss=0.7127 train_acc=0.7838 train_loss=0.4868 val_acc=0.7699 val_loss=0.5459 router_H=0.3697 best=0.7948
           router_load=[0.006583362352102995, 0.8603563904762268, 0.010974147357046604, 0.12208607792854309]
saved summary -> /root/Optimization/MOE-grad-conflict-routing/runs/paper_suite_supplement/single_task_add_rerun/single_task/roberta_cola_ffn_e4_k2/hpo/cagrad/trial_runs/coord_02_train_weight_decay_010/cagrad_s2.json
saved curve -> /root/Optimization/MOE-grad-conflict-routing/runs/paper_suite_supplement/single_task_add_rerun/single_task/roberta_cola_ffn_e4_k2/hpo/cagrad/trial_runs/coord_02_train_weight_decay_010/cagrad_s2_curve.csv
