[run] method=cagrad candidate=coord_02_train_weight_decay_013 seed=2 steps=200 gpu=0
[run] cmd=
/root/miniconda3/envs/optimization/bin/python /root/Optimization/MOE-grad-conflict-routing/scripts/run.py --config configs/singletask_cola_real.yaml --set model.backbone_backend=hf --set model.hf_load_pretrained=true --set model.backbone=roberta --set model.hf_pretrained_name=roberta-base --set model.expert_type=ffn --set model.routing_mode=topk --set model.num_experts=4 --set model.top_k=2 --set seed=2 --set method.name=baseline_cagrad --set train.steps=200 --set train.eval_every_steps=50 --set method.baseline_cagrad.c=0.4 --set method.baseline_cagrad.inner_lr=0.1 --set train.grad_clip=1 --set train.lr=9.799696332e-06 --set train.weight_decay=0.0006453157727 --out /root/Optimization/MOE-grad-conflict-routing/runs/paper_suite_supplement/single_task_add_rerun/single_task/roberta_cola_ffn_e4_k2/hpo/cagrad/trial_runs/coord_02_train_weight_decay_013/cagrad_s2.json --curve_out /root/Optimization/MOE-grad-conflict-routing/runs/paper_suite_supplement/single_task_add_rerun/single_task/roberta_cola_ffn_e4_k2/hpo/cagrad/trial_runs/coord_02_train_weight_decay_013/cagrad_s2_curve.csv
Using the latest cached version of the dataset since glue couldn't be found on the Hugging Face Hub (offline mode is enabled).
Found the latest cached dataset configuration 'cola' at /root/.cache/huggingface/datasets/glue/cola/0.0.0/bcdcba79d07bc864c1c254ccfcedcce55bcc9a8c (last modified on Mon Mar 23 09:28:48 2026).
Loading weights:   0%|          | 0/197 [00:00<?, ?it/s]Loading weights: 100%|██████████| 197/197 [00:00<00:00, 6904.00it/s]
[1mRobertaModel LOAD REPORT[0m from: roberta-base
Key                             | Status     | 
--------------------------------+------------+-
lm_head.layer_norm.weight       | UNEXPECTED | 
lm_head.layer_norm.bias         | UNEXPECTED | 
roberta.embeddings.position_ids | UNEXPECTED | 
lm_head.dense.weight            | UNEXPECTED | 
lm_head.bias                    | UNEXPECTED | 
lm_head.dense.bias              | UNEXPECTED | 
pooler.dense.weight             | MISSING    | 
pooler.dense.bias               | MISSING    | 

[3mNotes:
- UNEXPECTED[3m	:can be ignored when loading from different task/architecture; not ok if you expect identical arch.
- MISSING[3m	:those params were newly initialized because missing from the checkpoint. Consider training on your downstream task.[0m
[step 0001/200] method=baseline_cagrad loss=0.6923 train_acc=nan train_loss=nan val_acc=nan val_loss=nan best=-1.0000
[step 0010/200] method=baseline_cagrad loss=0.6210 train_acc=nan train_loss=nan val_acc=nan val_loss=nan best=-1.0000
[step 0020/200] method=baseline_cagrad loss=0.6357 train_acc=nan train_loss=nan val_acc=nan val_loss=nan best=-1.0000
[step 0030/200] method=baseline_cagrad loss=0.5229 train_acc=nan train_loss=nan val_acc=nan val_loss=nan best=-1.0000
[step 0040/200] method=baseline_cagrad loss=0.4559 train_acc=nan train_loss=nan val_acc=nan val_loss=nan best=-1.0000
[step 0050/200] method=baseline_cagrad loss=0.5190 train_acc=0.7044 train_loss=0.5522 val_acc=0.6913 val_loss=0.5753 router_H=0.6062 best=0.6913
           router_load=[0.00480404868721962, 0.6940821409225464, 0.008407969027757645, 0.2927059233188629]
[step 0060/200] method=baseline_cagrad loss=0.5688 train_acc=0.7044 train_loss=0.5522 val_acc=0.6913 val_loss=0.5753 router_H=0.6062 best=0.6913
           router_load=[0.00480404868721962, 0.6940821409225464, 0.008407969027757645, 0.2927059233188629]
[step 0070/200] method=baseline_cagrad loss=0.5745 train_acc=0.7044 train_loss=0.5522 val_acc=0.6913 val_loss=0.5753 router_H=0.6062 best=0.6913
           router_load=[0.00480404868721962, 0.6940821409225464, 0.008407969027757645, 0.2927059233188629]
[step 0080/200] method=baseline_cagrad loss=0.5404 train_acc=0.7044 train_loss=0.5522 val_acc=0.6913 val_loss=0.5753 router_H=0.6062 best=0.6913
           router_load=[0.00480404868721962, 0.6940821409225464, 0.008407969027757645, 0.2927059233188629]
[step 0090/200] method=baseline_cagrad loss=0.5778 train_acc=0.7044 train_loss=0.5522 val_acc=0.6913 val_loss=0.5753 router_H=0.6062 best=0.6913
           router_load=[0.00480404868721962, 0.6940821409225464, 0.008407969027757645, 0.2927059233188629]
[step 0100/200] method=baseline_cagrad loss=0.5540 train_acc=0.7044 train_loss=0.4806 val_acc=0.6913 val_loss=0.5193 router_H=0.5079 best=0.6913
           router_load=[0.017846141010522842, 0.7611303925514221, 0.026862476021051407, 0.19416119158267975]
[step 0110/200] method=baseline_cagrad loss=0.6474 train_acc=0.7044 train_loss=0.4806 val_acc=0.6913 val_loss=0.5193 router_H=0.5079 best=0.6913
           router_load=[0.017846141010522842, 0.7611303925514221, 0.026862476021051407, 0.19416119158267975]
[step 0120/200] method=baseline_cagrad loss=0.6324 train_acc=0.7044 train_loss=0.4806 val_acc=0.6913 val_loss=0.5193 router_H=0.5079 best=0.6913
           router_load=[0.017846141010522842, 0.7611303925514221, 0.026862476021051407, 0.19416119158267975]
[step 0130/200] method=baseline_cagrad loss=0.4826 train_acc=0.7044 train_loss=0.4806 val_acc=0.6913 val_loss=0.5193 router_H=0.5079 best=0.6913
           router_load=[0.017846141010522842, 0.7611303925514221, 0.026862476021051407, 0.19416119158267975]
[step 0140/200] method=baseline_cagrad loss=0.6192 train_acc=0.7044 train_loss=0.4806 val_acc=0.6913 val_loss=0.5193 router_H=0.5079 best=0.6913
           router_load=[0.017846141010522842, 0.7611303925514221, 0.026862476021051407, 0.19416119158267975]
[step 0150/200] method=baseline_cagrad loss=0.4792 train_acc=0.7637 train_loss=0.4626 val_acc=0.7517 val_loss=0.5146 router_H=0.4894 best=0.7517
           router_load=[0.015950877219438553, 0.7713114619255066, 0.007087528705596924, 0.20565007627010345]
[step 0160/200] method=baseline_cagrad loss=0.4264 train_acc=0.7637 train_loss=0.4626 val_acc=0.7517 val_loss=0.5146 router_H=0.4894 best=0.7517
           router_load=[0.015950877219438553, 0.7713114619255066, 0.007087528705596924, 0.20565007627010345]
[step 0170/200] method=baseline_cagrad loss=0.6899 train_acc=0.7637 train_loss=0.4626 val_acc=0.7517 val_loss=0.5146 router_H=0.4894 best=0.7517
           router_load=[0.015950877219438553, 0.7713114619255066, 0.007087528705596924, 0.20565007627010345]
[step 0180/200] method=baseline_cagrad loss=0.5361 train_acc=0.7637 train_loss=0.4626 val_acc=0.7517 val_loss=0.5146 router_H=0.4894 best=0.7517
           router_load=[0.015950877219438553, 0.7713114619255066, 0.007087528705596924, 0.20565007627010345]
[step 0190/200] method=baseline_cagrad loss=0.5354 train_acc=0.7637 train_loss=0.4626 val_acc=0.7517 val_loss=0.5146 router_H=0.4894 best=0.7517
           router_load=[0.015950877219438553, 0.7713114619255066, 0.007087528705596924, 0.20565007627010345]
[step 0200/200] method=baseline_cagrad loss=0.6840 train_acc=0.7687 train_loss=0.4915 val_acc=0.7517 val_loss=0.5466 router_H=0.5015 best=0.7517
           router_load=[0.0739804208278656, 0.780183732509613, 0.03216477483510971, 0.11367069184780121]
saved summary -> /root/Optimization/MOE-grad-conflict-routing/runs/paper_suite_supplement/single_task_add_rerun/single_task/roberta_cola_ffn_e4_k2/hpo/cagrad/trial_runs/coord_02_train_weight_decay_013/cagrad_s2.json
saved curve -> /root/Optimization/MOE-grad-conflict-routing/runs/paper_suite_supplement/single_task_add_rerun/single_task/roberta_cola_ffn_e4_k2/hpo/cagrad/trial_runs/coord_02_train_weight_decay_013/cagrad_s2_curve.csv
