[run] method=cagrad candidate=local_var_topk_007 seed=3 steps=150 gpu=0
[run] cmd=
/home/zhujjing/anaconda3/envs/moe/bin/python /home/zhujjing/MOE-grad-conflict-routing/scripts/run.py --config configs/singletask_sst2_real.yaml --set model.backbone_backend=hf --set model.hf_load_pretrained=true --set model.backbone=roberta --set model.hf_pretrained_name=roberta-base --set model.expert_type=ffn --set model.routing_mode=topk --set model.num_experts=4 --set model.top_k=2 --set seed=3 --set method.name=baseline_cagrad --set train.steps=150 --set train.eval_every_steps=50 --set method.baseline_cagrad.c=0.6535281282 --set method.baseline_cagrad.inner_lr=0.3648920751 --set train.grad_clip=1.594082469 --set train.lr=1.205176e-05 --set train.weight_decay=0.01 --out /home/zhujjing/MOE-grad-conflict-routing/runs/paper_suite/single_gpu/single_task/roberta_sst2_ffn_e4_k2/hpo/cagrad/trial_runs/local_var_topk_007/cagrad_s3.json --curve_out /home/zhujjing/MOE-grad-conflict-routing/runs/paper_suite/single_gpu/single_task/roberta_sst2_ffn_e4_k2/hpo/cagrad/trial_runs/local_var_topk_007/cagrad_s3_curve.csv
Using the latest cached version of the dataset since glue couldn't be found on the Hugging Face Hub (offline mode is enabled).
Found the latest cached dataset configuration 'sst2' at /home/zhujjing/hf_cache/datasets/glue/sst2/0.0.0/bcdcba79d07bc864c1c254ccfcedcce55bcc9a8c (last modified on Thu Mar 19 15:01:41 2026).
/home/zhujjing/anaconda3/envs/moe/lib/python3.10/site-packages/transformers/utils/hub.py:124: FutureWarning: Using `TRANSFORMERS_CACHE` is deprecated and will be removed in v5 of Transformers. Use `HF_HOME` instead.
  warnings.warn(
Some weights of RobertaModel were not initialized from the model checkpoint at roberta-base and are newly initialized: ['roberta.pooler.dense.bias', 'roberta.pooler.dense.weight']
You should probably TRAIN this model on a down-stream task to be able to use it for predictions and inference.
[step 0001/150] method=baseline_cagrad loss=0.6830 train_acc=nan train_loss=nan val_acc=nan val_loss=nan best=-1.0000
[step 0010/150] method=baseline_cagrad loss=0.6594 train_acc=nan train_loss=nan val_acc=nan val_loss=nan best=-1.0000
[step 0020/150] method=baseline_cagrad loss=0.5982 train_acc=nan train_loss=nan val_acc=nan val_loss=nan best=-1.0000
[step 0030/150] method=baseline_cagrad loss=0.6678 train_acc=nan train_loss=nan val_acc=nan val_loss=nan best=-1.0000
[step 0040/150] method=baseline_cagrad loss=0.6021 train_acc=nan train_loss=nan val_acc=nan val_loss=nan best=-1.0000
[step 0050/150] method=baseline_cagrad loss=0.4120 train_acc=0.8613 train_loss=0.3724 val_acc=0.8727 val_loss=0.3457 router_H=0.5163 best=0.8727
           router_load=[0.4252781569957733, 0.06037348136305809, 0.45115306973457336, 0.06319522112607956]
[step 0060/150] method=baseline_cagrad loss=0.5938 train_acc=0.8613 train_loss=0.3724 val_acc=0.8727 val_loss=0.3457 router_H=0.5163 best=0.8727
           router_load=[0.4252781569957733, 0.06037348136305809, 0.45115306973457336, 0.06319522112607956]
[step 0070/150] method=baseline_cagrad loss=0.3754 train_acc=0.8613 train_loss=0.3724 val_acc=0.8727 val_loss=0.3457 router_H=0.5163 best=0.8727
           router_load=[0.4252781569957733, 0.06037348136305809, 0.45115306973457336, 0.06319522112607956]
[step 0080/150] method=baseline_cagrad loss=0.1707 train_acc=0.8613 train_loss=0.3724 val_acc=0.8727 val_loss=0.3457 router_H=0.5163 best=0.8727
           router_load=[0.4252781569957733, 0.06037348136305809, 0.45115306973457336, 0.06319522112607956]
[step 0090/150] method=baseline_cagrad loss=0.2541 train_acc=0.8613 train_loss=0.3724 val_acc=0.8727 val_loss=0.3457 router_H=0.5163 best=0.8727
           router_load=[0.4252781569957733, 0.06037348136305809, 0.45115306973457336, 0.06319522112607956]
[step 0100/150] method=baseline_cagrad loss=0.3924 train_acc=0.8767 train_loss=0.3382 val_acc=0.8911 val_loss=0.3144 router_H=0.3706 best=0.8911
           router_load=[0.3650546669960022, 0.05016986280679703, 0.572195291519165, 0.012580008246004581]
[step 0110/150] method=baseline_cagrad loss=0.6327 train_acc=0.8767 train_loss=0.3382 val_acc=0.8911 val_loss=0.3144 router_H=0.3706 best=0.8911
           router_load=[0.3650546669960022, 0.05016986280679703, 0.572195291519165, 0.012580008246004581]
[step 0120/150] method=baseline_cagrad loss=0.4299 train_acc=0.8767 train_loss=0.3382 val_acc=0.8911 val_loss=0.3144 router_H=0.3706 best=0.8911
           router_load=[0.3650546669960022, 0.05016986280679703, 0.572195291519165, 0.012580008246004581]
[step 0130/150] method=baseline_cagrad loss=0.8049 train_acc=0.8767 train_loss=0.3382 val_acc=0.8911 val_loss=0.3144 router_H=0.3706 best=0.8911
           router_load=[0.3650546669960022, 0.05016986280679703, 0.572195291519165, 0.012580008246004581]
[step 0140/150] method=baseline_cagrad loss=0.2097 train_acc=0.8767 train_loss=0.3382 val_acc=0.8911 val_loss=0.3144 router_H=0.3706 best=0.8911
           router_load=[0.3650546669960022, 0.05016986280679703, 0.572195291519165, 0.012580008246004581]
[step 0150/150] method=baseline_cagrad loss=0.1938 train_acc=0.8894 train_loss=0.3121 val_acc=0.8968 val_loss=0.2956 router_H=0.2740 best=0.8968
           router_load=[0.38196036219596863, 0.021962417289614677, 0.5792680978775024, 0.016809027642011642]
saved summary -> /home/zhujjing/MOE-grad-conflict-routing/runs/paper_suite/single_gpu/single_task/roberta_sst2_ffn_e4_k2/hpo/cagrad/trial_runs/local_var_topk_007/cagrad_s3.json
saved curve -> /home/zhujjing/MOE-grad-conflict-routing/runs/paper_suite/single_gpu/single_task/roberta_sst2_ffn_e4_k2/hpo/cagrad/trial_runs/local_var_topk_007/cagrad_s3_curve.csv
