[run] method=cagrad candidate=local_var_topk_023 seed=2 steps=150 gpu=0
[run] cmd=
/home/zhujjing/anaconda3/envs/moe/bin/python /home/zhujjing/MOE-grad-conflict-routing/scripts/run.py --config configs/singletask_sst2_real.yaml --set model.backbone_backend=hf --set model.hf_load_pretrained=true --set model.backbone=roberta --set model.hf_pretrained_name=roberta-base --set model.expert_type=ffn --set model.routing_mode=topk --set model.num_experts=4 --set model.top_k=2 --set seed=2 --set method.name=baseline_cagrad --set train.steps=150 --set train.eval_every_steps=50 --set method.baseline_cagrad.c=0.6535281282 --set method.baseline_cagrad.inner_lr=0.1824460376 --set train.grad_clip=1.594082469 --set train.lr=4.8207038e-05 --set train.weight_decay=0.02 --out /home/zhujjing/MOE-grad-conflict-routing/runs/paper_suite/single_gpu/single_task/roberta_sst2_ffn_e4_k2/hpo/cagrad/trial_runs/local_var_topk_023/cagrad_s2.json --curve_out /home/zhujjing/MOE-grad-conflict-routing/runs/paper_suite/single_gpu/single_task/roberta_sst2_ffn_e4_k2/hpo/cagrad/trial_runs/local_var_topk_023/cagrad_s2_curve.csv
Using the latest cached version of the dataset since glue couldn't be found on the Hugging Face Hub (offline mode is enabled).
Found the latest cached dataset configuration 'sst2' at /home/zhujjing/hf_cache/datasets/glue/sst2/0.0.0/bcdcba79d07bc864c1c254ccfcedcce55bcc9a8c (last modified on Thu Mar 19 15:01:41 2026).
/home/zhujjing/anaconda3/envs/moe/lib/python3.10/site-packages/transformers/utils/hub.py:124: FutureWarning: Using `TRANSFORMERS_CACHE` is deprecated and will be removed in v5 of Transformers. Use `HF_HOME` instead.
  warnings.warn(
Some weights of RobertaModel were not initialized from the model checkpoint at roberta-base and are newly initialized: ['roberta.pooler.dense.bias', 'roberta.pooler.dense.weight']
You should probably TRAIN this model on a down-stream task to be able to use it for predictions and inference.
[step 0001/150] method=baseline_cagrad loss=0.6915 train_acc=nan train_loss=nan val_acc=nan val_loss=nan best=-1.0000
[step 0010/150] method=baseline_cagrad loss=0.6385 train_acc=nan train_loss=nan val_acc=nan val_loss=nan best=-1.0000
[step 0020/150] method=baseline_cagrad loss=0.2467 train_acc=nan train_loss=nan val_acc=nan val_loss=nan best=-1.0000
[step 0030/150] method=baseline_cagrad loss=0.4026 train_acc=nan train_loss=nan val_acc=nan val_loss=nan best=-1.0000
[step 0040/150] method=baseline_cagrad loss=0.0526 train_acc=nan train_loss=nan val_acc=nan val_loss=nan best=-1.0000
[step 0050/150] method=baseline_cagrad loss=0.0200 train_acc=0.8007 train_loss=0.9844 val_acc=0.7500 val_loss=1.2752 router_H=0.4457 best=0.7500
           router_load=[0.807068943977356, 0.12554560601711273, 0.06544317305088043, 0.0019422168843448162]
[step 0060/150] method=baseline_cagrad loss=0.3314 train_acc=0.8007 train_loss=0.9844 val_acc=0.7500 val_loss=1.2752 router_H=0.4457 best=0.7500
           router_load=[0.807068943977356, 0.12554560601711273, 0.06544317305088043, 0.0019422168843448162]
[step 0070/150] method=baseline_cagrad loss=0.5008 train_acc=0.8007 train_loss=0.9844 val_acc=0.7500 val_loss=1.2752 router_H=0.4457 best=0.7500
           router_load=[0.807068943977356, 0.12554560601711273, 0.06544317305088043, 0.0019422168843448162]
[step 0080/150] method=baseline_cagrad loss=0.4633 train_acc=0.8007 train_loss=0.9844 val_acc=0.7500 val_loss=1.2752 router_H=0.4457 best=0.7500
           router_load=[0.807068943977356, 0.12554560601711273, 0.06544317305088043, 0.0019422168843448162]
[step 0090/150] method=baseline_cagrad loss=0.6203 train_acc=0.8007 train_loss=0.9844 val_acc=0.7500 val_loss=1.2752 router_H=0.4457 best=0.7500
           router_load=[0.807068943977356, 0.12554560601711273, 0.06544317305088043, 0.0019422168843448162]
[step 0100/150] method=baseline_cagrad loss=0.5204 train_acc=0.8591 train_loss=0.4131 val_acc=0.8773 val_loss=0.3951 router_H=0.5931 best=0.8773
           router_load=[0.71614009141922, 0.1845070868730545, 0.09935273975133896, 0.0]
[step 0110/150] method=baseline_cagrad loss=0.2534 train_acc=0.8591 train_loss=0.4131 val_acc=0.8773 val_loss=0.3951 router_H=0.5931 best=0.8773
           router_load=[0.71614009141922, 0.1845070868730545, 0.09935273975133896, 0.0]
[step 0120/150] method=baseline_cagrad loss=0.4175 train_acc=0.8591 train_loss=0.4131 val_acc=0.8773 val_loss=0.3951 router_H=0.5931 best=0.8773
           router_load=[0.71614009141922, 0.1845070868730545, 0.09935273975133896, 0.0]
[step 0130/150] method=baseline_cagrad loss=0.3202 train_acc=0.8591 train_loss=0.4131 val_acc=0.8773 val_loss=0.3951 router_H=0.5931 best=0.8773
           router_load=[0.71614009141922, 0.1845070868730545, 0.09935273975133896, 0.0]
[step 0140/150] method=baseline_cagrad loss=0.5419 train_acc=0.8591 train_loss=0.4131 val_acc=0.8773 val_loss=0.3951 router_H=0.5931 best=0.8773
           router_load=[0.71614009141922, 0.1845070868730545, 0.09935273975133896, 0.0]
[step 0150/150] method=baseline_cagrad loss=0.6562 train_acc=0.8598 train_loss=0.3556 val_acc=0.8670 val_loss=0.3284 router_H=0.6697 best=0.8773
           router_load=[0.5957812666893005, 0.21420972049236298, 0.190009206533432, 0.0]
saved summary -> /home/zhujjing/MOE-grad-conflict-routing/runs/paper_suite/single_gpu/single_task/roberta_sst2_ffn_e4_k2/hpo/cagrad/trial_runs/local_var_topk_023/cagrad_s2.json
saved curve -> /home/zhujjing/MOE-grad-conflict-routing/runs/paper_suite/single_gpu/single_task/roberta_sst2_ffn_e4_k2/hpo/cagrad/trial_runs/local_var_topk_023/cagrad_s2_curve.csv
