[run] method=baseline candidate=local_var_topk_026 seed=2 steps=200 gpu=0
[run] cmd=
/root/miniconda3/envs/optimization/bin/python /root/Optimization/MOE-grad-conflict-routing-appendix2/scripts/run.py --config configs/multitask_glue4_real.yaml --set model.backbone_backend=hf --set model.hf_load_pretrained=true --set model.hf_local_files_only=1 --set model.backbone=roberta --set model.hf_pretrained_name=roberta-base --set model.routing_mode=topk --set model.expert_type=lora --set model.num_experts=6 --set model.top_k=3 --set train.eval_train_fraction=0.10 --set train.eval_train_max_batches=-1 --set train.eval_max_batches=-1 --set train.eval_val_fraction=0.2 --set train.skip_train_eval=true --set seed=2 --set method.name=baseline_avg --set train.steps=200 --set train.eval_every_steps=100 --set train.grad_clip=0.9271934851 --set train.lr=8.1464706e-05 --set train.weight_decay=0.03446709884 --out /root/Optimization/MOE-grad-conflict-routing-appendix2/runs/paper_suite_supplement/appendix/more_expert/glue4_roberta_lora_e6_k3/_method_workers/baseline/hpo/baseline/trial_runs/local_var_topk_026/baseline_s2.json --curve_out /root/Optimization/MOE-grad-conflict-routing-appendix2/runs/paper_suite_supplement/appendix/more_expert/glue4_roberta_lora_e6_k3/_method_workers/baseline/hpo/baseline/trial_runs/local_var_topk_026/baseline_s2_curve.csv
Using the latest cached version of the dataset since glue couldn't be found on the Hugging Face Hub (offline mode is enabled).
Found the latest cached dataset configuration 'rte' at /root/.cache/huggingface/datasets/glue/rte/0.0.0/bcdcba79d07bc864c1c254ccfcedcce55bcc9a8c (last modified on Thu Mar 26 19:09:12 2026).
Using the latest cached version of the dataset since glue couldn't be found on the Hugging Face Hub (offline mode is enabled).
Found the latest cached dataset configuration 'mrpc' at /root/.cache/huggingface/datasets/glue/mrpc/0.0.0/bcdcba79d07bc864c1c254ccfcedcce55bcc9a8c (last modified on Thu Mar 26 20:11:06 2026).
Using the latest cached version of the dataset since glue couldn't be found on the Hugging Face Hub (offline mode is enabled).
Found the latest cached dataset configuration 'sst2' at /root/.cache/huggingface/datasets/glue/sst2/0.0.0/bcdcba79d07bc864c1c254ccfcedcce55bcc9a8c (last modified on Fri Mar 27 01:56:24 2026).
Using the latest cached version of the dataset since glue couldn't be found on the Hugging Face Hub (offline mode is enabled).
Found the latest cached dataset configuration 'cola' at /root/.cache/huggingface/datasets/glue/cola/0.0.0/bcdcba79d07bc864c1c254ccfcedcce55bcc9a8c (last modified on Thu Mar 26 23:46:11 2026).
Loading weights:   0%|          | 0/197 [00:00<?, ?it/s]Loading weights: 100%|██████████| 197/197 [00:00<00:00, 19976.74it/s]
[1mRobertaModel LOAD REPORT[0m from: roberta-base
Key                             | Status     | 
--------------------------------+------------+-
lm_head.layer_norm.weight       | UNEXPECTED | 
lm_head.dense.bias              | UNEXPECTED | 
lm_head.bias                    | UNEXPECTED | 
lm_head.dense.weight            | UNEXPECTED | 
roberta.embeddings.position_ids | UNEXPECTED | 
lm_head.layer_norm.bias         | UNEXPECTED | 
pooler.dense.weight             | MISSING    | 
pooler.dense.bias               | MISSING    | 

[3mNotes:
- UNEXPECTED[3m	:can be ignored when loading from different task/architecture; not ok if you expect identical arch.
- MISSING[3m	:those params were newly initialized because missing from the checkpoint. Consider training on your downstream task.[0m
[step 0001/200] method=baseline_avg loss=0.7046 train_acc=nan train_loss=nan val_acc=nan val_loss=nan best=-1.0000
[step 0010/200] method=baseline_avg loss=0.7192 train_acc=nan train_loss=nan val_acc=nan val_loss=nan best=-1.0000
[step 0020/200] method=baseline_avg loss=0.6250 train_acc=nan train_loss=nan val_acc=nan val_loss=nan best=-1.0000
[step 0030/200] method=baseline_avg loss=0.6163 train_acc=nan train_loss=nan val_acc=nan val_loss=nan best=-1.0000
[step 0040/200] method=baseline_avg loss=0.5919 train_acc=nan train_loss=nan val_acc=nan val_loss=nan best=-1.0000
[step 0050/200] method=baseline_avg loss=0.6108 train_acc=nan train_loss=nan val_acc=nan val_loss=nan best=-1.0000
[step 0060/200] method=baseline_avg loss=0.5047 train_acc=nan train_loss=nan val_acc=nan val_loss=nan best=-1.0000
[step 0070/200] method=baseline_avg loss=0.5991 train_acc=nan train_loss=nan val_acc=nan val_loss=nan best=-1.0000
[step 0080/200] method=baseline_avg loss=0.5533 train_acc=nan train_loss=nan val_acc=nan val_loss=nan best=-1.0000
[step 0090/200] method=baseline_avg loss=0.5778 train_acc=nan train_loss=nan val_acc=nan val_loss=nan best=-1.0000
[step 0100/200] method=baseline_avg loss=0.5716 train_acc=nan train_loss=nan val_acc=0.6925 val_loss=0.5651 router_H=1.0748 best=0.6925
           router_load=[0.3665548264980316, 0.23163893818855286, 0.03058810718357563, 0.0, 0.1751793473958969, 0.19603867828845978]
[step 0110/200] method=baseline_avg loss=0.5140 train_acc=nan train_loss=nan val_acc=0.6925 val_loss=0.5651 router_H=1.0748 best=0.6925
           router_load=[0.3665548264980316, 0.23163893818855286, 0.03058810718357563, 0.0, 0.1751793473958969, 0.19603867828845978]
[step 0120/200] method=baseline_avg loss=0.5604 train_acc=nan train_loss=nan val_acc=0.6925 val_loss=0.5651 router_H=1.0748 best=0.6925
           router_load=[0.3665548264980316, 0.23163893818855286, 0.03058810718357563, 0.0, 0.1751793473958969, 0.19603867828845978]
[step 0130/200] method=baseline_avg loss=0.5179 train_acc=nan train_loss=nan val_acc=0.6925 val_loss=0.5651 router_H=1.0748 best=0.6925
           router_load=[0.3665548264980316, 0.23163893818855286, 0.03058810718357563, 0.0, 0.1751793473958969, 0.19603867828845978]
[step 0140/200] method=baseline_avg loss=0.5097 train_acc=nan train_loss=nan val_acc=0.6925 val_loss=0.5651 router_H=1.0748 best=0.6925
           router_load=[0.3665548264980316, 0.23163893818855286, 0.03058810718357563, 0.0, 0.1751793473958969, 0.19603867828845978]
[step 0150/200] method=baseline_avg loss=0.6128 train_acc=nan train_loss=nan val_acc=0.6925 val_loss=0.5651 router_H=1.0748 best=0.6925
           router_load=[0.3665548264980316, 0.23163893818855286, 0.03058810718357563, 0.0, 0.1751793473958969, 0.19603867828845978]
[step 0160/200] method=baseline_avg loss=0.5610 train_acc=nan train_loss=nan val_acc=0.6925 val_loss=0.5651 router_H=1.0748 best=0.6925
           router_load=[0.3665548264980316, 0.23163893818855286, 0.03058810718357563, 0.0, 0.1751793473958969, 0.19603867828845978]
[step 0170/200] method=baseline_avg loss=0.4899 train_acc=nan train_loss=nan val_acc=0.6925 val_loss=0.5651 router_H=1.0748 best=0.6925
           router_load=[0.3665548264980316, 0.23163893818855286, 0.03058810718357563, 0.0, 0.1751793473958969, 0.19603867828845978]
[step 0180/200] method=baseline_avg loss=0.4584 train_acc=nan train_loss=nan val_acc=0.6925 val_loss=0.5651 router_H=1.0748 best=0.6925
           router_load=[0.3665548264980316, 0.23163893818855286, 0.03058810718357563, 0.0, 0.1751793473958969, 0.19603867828845978]
[step 0190/200] method=baseline_avg loss=0.4361 train_acc=nan train_loss=nan val_acc=0.6925 val_loss=0.5651 router_H=1.0748 best=0.6925
           router_load=[0.3665548264980316, 0.23163893818855286, 0.03058810718357563, 0.0, 0.1751793473958969, 0.19603867828845978]
[step 0200/200] method=baseline_avg loss=0.4776 train_acc=nan train_loss=nan val_acc=0.7288 val_loss=0.5365 router_H=1.0848 best=0.7288
           router_load=[0.33879926800727844, 0.19693773984909058, 0.07588443160057068, 0.0004572691395878792, 0.2088935375213623, 0.17902769148349762]
saved summary -> /root/Optimization/MOE-grad-conflict-routing-appendix2/runs/paper_suite_supplement/appendix/more_expert/glue4_roberta_lora_e6_k3/_method_workers/baseline/hpo/baseline/trial_runs/local_var_topk_026/baseline_s2.json
saved curve -> /root/Optimization/MOE-grad-conflict-routing-appendix2/runs/paper_suite_supplement/appendix/more_expert/glue4_roberta_lora_e6_k3/_method_workers/baseline/hpo/baseline/trial_runs/local_var_topk_026/baseline_s2_curve.csv
