[run] method=baseline candidate=local_var_topk_014 seed=3 steps=150 gpu=0
[run] cmd=
/home/zhujjing/anaconda3/envs/moe/bin/python /home/zhujjing/MOE-grad-conflict-routing/scripts/run.py --config configs/singletask_rte_real.yaml --set model.backbone_backend=hf --set model.hf_load_pretrained=true --set model.backbone=deberta --set model.hf_pretrained_name=microsoft/deberta-v3-base --set model.expert_type=lora --set model.routing_mode=topk --set model.num_experts=4 --set model.top_k=2 --set seed=3 --set method.name=baseline_avg --set train.steps=150 --set train.eval_every_steps=50 --set train.grad_clip=1.739365219 --set train.lr=4.0732353e-05 --set train.weight_decay=0.01443086696 --out /home/zhujjing/MOE-grad-conflict-routing/runs/paper_suite/single_gpu/single_task/deberta_rte_lora_e4_k2/hpo/baseline/trial_runs/local_var_topk_014/baseline_s3.json --curve_out /home/zhujjing/MOE-grad-conflict-routing/runs/paper_suite/single_gpu/single_task/deberta_rte_lora_e4_k2/hpo/baseline/trial_runs/local_var_topk_014/baseline_s3_curve.csv
Using the latest cached version of the dataset since glue couldn't be found on the Hugging Face Hub (offline mode is enabled).
Found the latest cached dataset configuration 'rte' at /home/zhujjing/hf_cache/datasets/glue/rte/0.0.0/bcdcba79d07bc864c1c254ccfcedcce55bcc9a8c (last modified on Thu Mar 19 15:00:36 2026).
/home/zhujjing/anaconda3/envs/moe/lib/python3.10/site-packages/transformers/utils/hub.py:124: FutureWarning: Using `TRANSFORMERS_CACHE` is deprecated and will be removed in v5 of Transformers. Use `HF_HOME` instead.
  warnings.warn(
/home/zhujjing/anaconda3/envs/moe/lib/python3.10/site-packages/transformers/convert_slow_tokenizer.py:560: UserWarning: The sentencepiece tokenizer that you are converting to a fast tokenizer uses the byte fallback option which is not implemented in the fast tokenizers. In practice this means that the fast version of the tokenizer can produce unknown tokens whereas the sentencepiece version would have converted these unknown tokens into a sequence of byte tokens matching the original piece of text.
  warnings.warn(
[step 0001/150] method=baseline_avg loss=0.7558 train_acc=nan train_loss=nan val_acc=nan val_loss=nan best=-1.0000
[step 0010/150] method=baseline_avg loss=0.6451 train_acc=nan train_loss=nan val_acc=nan val_loss=nan best=-1.0000
[step 0020/150] method=baseline_avg loss=0.6498 train_acc=nan train_loss=nan val_acc=nan val_loss=nan best=-1.0000
[step 0030/150] method=baseline_avg loss=0.5368 train_acc=nan train_loss=nan val_acc=nan val_loss=nan best=-1.0000
[step 0040/150] method=baseline_avg loss=0.7656 train_acc=nan train_loss=nan val_acc=nan val_loss=nan best=-1.0000
[step 0050/150] method=baseline_avg loss=0.5791 train_acc=0.7590 train_loss=0.5431 val_acc=0.7004 val_loss=0.5900 router_H=0.6863 best=0.7004
           router_load=[0.2468416541814804, 0.43544548749923706, 0.0011885077692568302, 0.31652435660362244]
[step 0060/150] method=baseline_avg loss=0.4649 train_acc=0.7590 train_loss=0.5431 val_acc=0.7004 val_loss=0.5900 router_H=0.6863 best=0.7004
           router_load=[0.2468416541814804, 0.43544548749923706, 0.0011885077692568302, 0.31652435660362244]
[step 0070/150] method=baseline_avg loss=0.6950 train_acc=0.7590 train_loss=0.5431 val_acc=0.7004 val_loss=0.5900 router_H=0.6863 best=0.7004
           router_load=[0.2468416541814804, 0.43544548749923706, 0.0011885077692568302, 0.31652435660362244]
[step 0080/150] method=baseline_avg loss=0.3952 train_acc=0.7590 train_loss=0.5431 val_acc=0.7004 val_loss=0.5900 router_H=0.6863 best=0.7004
           router_load=[0.2468416541814804, 0.43544548749923706, 0.0011885077692568302, 0.31652435660362244]
[step 0090/150] method=baseline_avg loss=0.4813 train_acc=0.7590 train_loss=0.5431 val_acc=0.7004 val_loss=0.5900 router_H=0.6863 best=0.7004
           router_load=[0.2468416541814804, 0.43544548749923706, 0.0011885077692568302, 0.31652435660362244]
[step 0100/150] method=baseline_avg loss=0.7225 train_acc=0.8590 train_loss=0.3473 val_acc=0.7942 val_loss=0.4721 router_H=0.6721 best=0.7942
           router_load=[0.388992041349411, 0.4988657236099243, 0.044351086020469666, 0.06779109686613083]
[step 0110/150] method=baseline_avg loss=0.5189 train_acc=0.8590 train_loss=0.3473 val_acc=0.7942 val_loss=0.4721 router_H=0.6721 best=0.7942
           router_load=[0.388992041349411, 0.4988657236099243, 0.044351086020469666, 0.06779109686613083]
[step 0120/150] method=baseline_avg loss=0.4640 train_acc=0.8590 train_loss=0.3473 val_acc=0.7942 val_loss=0.4721 router_H=0.6721 best=0.7942
           router_load=[0.388992041349411, 0.4988657236099243, 0.044351086020469666, 0.06779109686613083]
[step 0130/150] method=baseline_avg loss=0.4671 train_acc=0.8590 train_loss=0.3473 val_acc=0.7942 val_loss=0.4721 router_H=0.6721 best=0.7942
           router_load=[0.388992041349411, 0.4988657236099243, 0.044351086020469666, 0.06779109686613083]
[step 0140/150] method=baseline_avg loss=0.3414 train_acc=0.8590 train_loss=0.3473 val_acc=0.7942 val_loss=0.4721 router_H=0.6721 best=0.7942
           router_load=[0.388992041349411, 0.4988657236099243, 0.044351086020469666, 0.06779109686613083]
[step 0150/150] method=baseline_avg loss=0.1977 train_acc=0.8711 train_loss=0.3010 val_acc=0.7834 val_loss=0.5005 router_H=0.6853 best=0.7942
           router_load=[0.4576297998428345, 0.2118978649377823, 0.31823551654815674, 0.012236840091645718]
saved summary -> /home/zhujjing/MOE-grad-conflict-routing/runs/paper_suite/single_gpu/single_task/deberta_rte_lora_e4_k2/hpo/baseline/trial_runs/local_var_topk_014/baseline_s3.json
saved curve -> /home/zhujjing/MOE-grad-conflict-routing/runs/paper_suite/single_gpu/single_task/deberta_rte_lora_e4_k2/hpo/baseline/trial_runs/local_var_topk_014/baseline_s3_curve.csv
