[run] method=cagrad candidate=coord_05_method_baseline_cagrad_inner_lr_017 seed=2 steps=150 gpu=0
[run] cmd=
/home/zhujjing/anaconda3/envs/moe/bin/python /home/zhujjing/MOE-grad-conflict-routing/scripts/run.py --config configs/singletask_mrpc_real.yaml --set model.backbone_backend=hf --set model.hf_load_pretrained=true --set model.backbone=deberta --set model.hf_pretrained_name=microsoft/deberta-v3-base --set model.expert_type=ffn --set model.routing_mode=topk --set model.num_experts=4 --set model.top_k=2 --set seed=2 --set method.name=baseline_cagrad --set train.steps=150 --set train.eval_every_steps=50 --set method.baseline_cagrad.c=0.9099800661 --set method.baseline_cagrad.inner_lr=0.4947630335 --set train.grad_clip=1.658271302 --set train.lr=7.848640431e-05 --set train.weight_decay=0.002198300522 --out /home/zhujjing/MOE-grad-conflict-routing/runs/paper_suite/single_gpu/single_task/deberta_mrpc_ffn_e4_k2/hpo/cagrad/trial_runs/coord_05_method_baseline_cagrad_inner_lr_017/cagrad_s2.json --curve_out /home/zhujjing/MOE-grad-conflict-routing/runs/paper_suite/single_gpu/single_task/deberta_mrpc_ffn_e4_k2/hpo/cagrad/trial_runs/coord_05_method_baseline_cagrad_inner_lr_017/cagrad_s2_curve.csv
Using the latest cached version of the dataset since glue couldn't be found on the Hugging Face Hub (offline mode is enabled).
Found the latest cached dataset configuration 'mrpc' at /home/zhujjing/hf_cache/datasets/glue/mrpc/0.0.0/bcdcba79d07bc864c1c254ccfcedcce55bcc9a8c (last modified on Thu Mar 19 15:01:06 2026).
/home/zhujjing/anaconda3/envs/moe/lib/python3.10/site-packages/transformers/utils/hub.py:124: FutureWarning: Using `TRANSFORMERS_CACHE` is deprecated and will be removed in v5 of Transformers. Use `HF_HOME` instead.
  warnings.warn(
/home/zhujjing/anaconda3/envs/moe/lib/python3.10/site-packages/transformers/convert_slow_tokenizer.py:560: UserWarning: The sentencepiece tokenizer that you are converting to a fast tokenizer uses the byte fallback option which is not implemented in the fast tokenizers. In practice this means that the fast version of the tokenizer can produce unknown tokens whereas the sentencepiece version would have converted these unknown tokens into a sequence of byte tokens matching the original piece of text.
  warnings.warn(
[step 0001/150] method=baseline_cagrad loss=0.7541 train_acc=nan train_loss=nan val_acc=nan val_loss=nan best=-1.0000
[step 0010/150] method=baseline_cagrad loss=0.5976 train_acc=nan train_loss=nan val_acc=nan val_loss=nan best=-1.0000
[step 0020/150] method=baseline_cagrad loss=0.7950 train_acc=nan train_loss=nan val_acc=nan val_loss=nan best=-1.0000
[step 0030/150] method=baseline_cagrad loss=0.5453 train_acc=nan train_loss=nan val_acc=nan val_loss=nan best=-1.0000
[step 0040/150] method=baseline_cagrad loss=0.5383 train_acc=nan train_loss=nan val_acc=nan val_loss=nan best=-1.0000
[step 0050/150] method=baseline_cagrad loss=0.5117 train_acc=0.7811 train_loss=0.4719 val_acc=0.7843 val_loss=0.4718 router_H=0.5402 best=0.7843
           router_load=[0.7579217553138733, 0.0, 0.0, 0.24207819998264313]
[step 0060/150] method=baseline_cagrad loss=0.4571 train_acc=0.7811 train_loss=0.4719 val_acc=0.7843 val_loss=0.4718 router_H=0.5402 best=0.7843
           router_load=[0.7579217553138733, 0.0, 0.0, 0.24207819998264313]
[step 0070/150] method=baseline_cagrad loss=0.3860 train_acc=0.7811 train_loss=0.4719 val_acc=0.7843 val_loss=0.4718 router_H=0.5402 best=0.7843
           router_load=[0.7579217553138733, 0.0, 0.0, 0.24207819998264313]
[step 0080/150] method=baseline_cagrad loss=0.3103 train_acc=0.7811 train_loss=0.4719 val_acc=0.7843 val_loss=0.4718 router_H=0.5402 best=0.7843
           router_load=[0.7579217553138733, 0.0, 0.0, 0.24207819998264313]
[step 0090/150] method=baseline_cagrad loss=1.2211 train_acc=0.7811 train_loss=0.4719 val_acc=0.7843 val_loss=0.4718 router_H=0.5402 best=0.7843
           router_load=[0.7579217553138733, 0.0, 0.0, 0.24207819998264313]
[step 0100/150] method=baseline_cagrad loss=0.3161 train_acc=0.8242 train_loss=0.3699 val_acc=0.7990 val_loss=0.3871 router_H=0.3583 best=0.7990
           router_load=[0.8728638291358948, 0.0, 0.0, 0.12713627517223358]
[step 0110/150] method=baseline_cagrad loss=0.5013 train_acc=0.8242 train_loss=0.3699 val_acc=0.7990 val_loss=0.3871 router_H=0.3583 best=0.7990
           router_load=[0.8728638291358948, 0.0, 0.0, 0.12713627517223358]
[step 0120/150] method=baseline_cagrad loss=0.1134 train_acc=0.8242 train_loss=0.3699 val_acc=0.7990 val_loss=0.3871 router_H=0.3583 best=0.7990
           router_load=[0.8728638291358948, 0.0, 0.0, 0.12713627517223358]
[step 0130/150] method=baseline_cagrad loss=0.2755 train_acc=0.8242 train_loss=0.3699 val_acc=0.7990 val_loss=0.3871 router_H=0.3583 best=0.7990
           router_load=[0.8728638291358948, 0.0, 0.0, 0.12713627517223358]
[step 0140/150] method=baseline_cagrad loss=0.2723 train_acc=0.8242 train_loss=0.3699 val_acc=0.7990 val_loss=0.3871 router_H=0.3583 best=0.7990
           router_load=[0.8728638291358948, 0.0, 0.0, 0.12713627517223358]
[step 0150/150] method=baseline_cagrad loss=0.7813 train_acc=0.9070 train_loss=0.2337 val_acc=0.8873 val_loss=0.2944 router_H=0.5560 best=0.8873
           router_load=[0.7025100588798523, 0.0, 0.009955067187547684, 0.28753480315208435]
saved summary -> /home/zhujjing/MOE-grad-conflict-routing/runs/paper_suite/single_gpu/single_task/deberta_mrpc_ffn_e4_k2/hpo/cagrad/trial_runs/coord_05_method_baseline_cagrad_inner_lr_017/cagrad_s2.json
saved curve -> /home/zhujjing/MOE-grad-conflict-routing/runs/paper_suite/single_gpu/single_task/deberta_mrpc_ffn_e4_k2/hpo/cagrad/trial_runs/coord_05_method_baseline_cagrad_inner_lr_017/cagrad_s2_curve.csv
