[run] method=cagrad candidate=coord_02_train_weight_decay_002 seed=2 steps=200 gpu=0
[run] cmd=
/root/miniconda3/envs/optimization/bin/python /root/Optimization/MOE-grad-conflict-routing/scripts/run.py --config configs/singletask_cola_real.yaml --set train.eval_train_fraction=0.1 --set model.backbone_backend=hf --set model.hf_load_pretrained=true --set model.hf_local_files_only=true --set model.backbone=roberta --set model.hf_pretrained_name=roberta-base --set model.expert_type=lora --set model.routing_mode=topk --set model.num_experts=4 --set model.top_k=2 --set seed=2 --set method.name=baseline_cagrad --set train.steps=200 --set train.eval_every_steps=100 --set method.baseline_cagrad.c=0.4 --set method.baseline_cagrad.inner_lr=0.1 --set train.grad_clip=1 --set train.lr=2e-05 --set train.weight_decay=0.04430050278 --out /root/Optimization/MOE-grad-conflict-routing/runs/paper_suite_supplement/single_task_add_rerun/single_task/roberta_cola_lora_e4_k2/hpo/cagrad/trial_runs/coord_02_train_weight_decay_002/cagrad_s2.json --curve_out /root/Optimization/MOE-grad-conflict-routing/runs/paper_suite_supplement/single_task_add_rerun/single_task/roberta_cola_lora_e4_k2/hpo/cagrad/trial_runs/coord_02_train_weight_decay_002/cagrad_s2_curve.csv
Using the latest cached version of the dataset since glue couldn't be found on the Hugging Face Hub (offline mode is enabled).
Found the latest cached dataset configuration 'cola' at /root/.cache/huggingface/datasets/glue/cola/0.0.0/bcdcba79d07bc864c1c254ccfcedcce55bcc9a8c (last modified on Thu Mar 26 20:07:27 2026).
Loading weights:   0%|          | 0/197 [00:00<?, ?it/s]Loading weights:  70%|███████   | 138/197 [00:00<00:00, 1350.03it/s]Loading weights: 100%|██████████| 197/197 [00:00<00:00, 1676.17it/s]
[1mRobertaModel LOAD REPORT[0m from: roberta-base
Key                             | Status     | 
--------------------------------+------------+-
lm_head.dense.bias              | UNEXPECTED | 
lm_head.layer_norm.bias         | UNEXPECTED | 
lm_head.layer_norm.weight       | UNEXPECTED | 
lm_head.dense.weight            | UNEXPECTED | 
lm_head.bias                    | UNEXPECTED | 
roberta.embeddings.position_ids | UNEXPECTED | 
pooler.dense.bias               | MISSING    | 
pooler.dense.weight             | MISSING    | 

[3mNotes:
- UNEXPECTED[3m	:can be ignored when loading from different task/architecture; not ok if you expect identical arch.
- MISSING[3m	:those params were newly initialized because missing from the checkpoint. Consider training on your downstream task.[0m
[step 0001/200] method=baseline_cagrad loss=0.6978 train_acc=nan train_loss=nan val_acc=nan val_loss=nan best=-1.0000
[step 0010/200] method=baseline_cagrad loss=0.5424 train_acc=nan train_loss=nan val_acc=nan val_loss=nan best=-1.0000
[step 0020/200] method=baseline_cagrad loss=0.6409 train_acc=nan train_loss=nan val_acc=nan val_loss=nan best=-1.0000
[step 0030/200] method=baseline_cagrad loss=0.5521 train_acc=nan train_loss=nan val_acc=nan val_loss=nan best=-1.0000
[step 0040/200] method=baseline_cagrad loss=0.4292 train_acc=nan train_loss=nan val_acc=nan val_loss=nan best=-1.0000
[step 0050/200] method=baseline_cagrad loss=0.4429 train_acc=nan train_loss=nan val_acc=nan val_loss=nan best=-1.0000
[step 0060/200] method=baseline_cagrad loss=0.4182 train_acc=nan train_loss=nan val_acc=nan val_loss=nan best=-1.0000
[step 0070/200] method=baseline_cagrad loss=0.5133 train_acc=nan train_loss=nan val_acc=nan val_loss=nan best=-1.0000
[step 0080/200] method=baseline_cagrad loss=0.6624 train_acc=nan train_loss=nan val_acc=nan val_loss=nan best=-1.0000
[step 0090/200] method=baseline_cagrad loss=0.5165 train_acc=nan train_loss=nan val_acc=nan val_loss=nan best=-1.0000
[step 0100/200] method=baseline_cagrad loss=0.4473 train_acc=0.8241 train_loss=0.4286 val_acc=0.7948 val_loss=0.5032 router_H=0.6896 best=0.7948
           router_load=[0.339129775762558, 0.003380989423021674, 0.14315252006053925, 0.5143366456031799]
[step 0110/200] method=baseline_cagrad loss=0.5459 train_acc=0.8241 train_loss=0.4286 val_acc=0.7948 val_loss=0.5032 router_H=0.6896 best=0.7948
           router_load=[0.339129775762558, 0.003380989423021674, 0.14315252006053925, 0.5143366456031799]
[step 0120/200] method=baseline_cagrad loss=0.5901 train_acc=0.8241 train_loss=0.4286 val_acc=0.7948 val_loss=0.5032 router_H=0.6896 best=0.7948
           router_load=[0.339129775762558, 0.003380989423021674, 0.14315252006053925, 0.5143366456031799]
[step 0130/200] method=baseline_cagrad loss=0.4525 train_acc=0.8241 train_loss=0.4286 val_acc=0.7948 val_loss=0.5032 router_H=0.6896 best=0.7948
           router_load=[0.339129775762558, 0.003380989423021674, 0.14315252006053925, 0.5143366456031799]
[step 0140/200] method=baseline_cagrad loss=0.4523 train_acc=0.8241 train_loss=0.4286 val_acc=0.7948 val_loss=0.5032 router_H=0.6896 best=0.7948
           router_load=[0.339129775762558, 0.003380989423021674, 0.14315252006053925, 0.5143366456031799]
[step 0150/200] method=baseline_cagrad loss=0.7702 train_acc=0.8241 train_loss=0.4286 val_acc=0.7948 val_loss=0.5032 router_H=0.6896 best=0.7948
           router_load=[0.339129775762558, 0.003380989423021674, 0.14315252006053925, 0.5143366456031799]
[step 0160/200] method=baseline_cagrad loss=0.3999 train_acc=0.8241 train_loss=0.4286 val_acc=0.7948 val_loss=0.5032 router_H=0.6896 best=0.7948
           router_load=[0.339129775762558, 0.003380989423021674, 0.14315252006053925, 0.5143366456031799]
[step 0170/200] method=baseline_cagrad loss=0.5187 train_acc=0.8241 train_loss=0.4286 val_acc=0.7948 val_loss=0.5032 router_H=0.6896 best=0.7948
           router_load=[0.339129775762558, 0.003380989423021674, 0.14315252006053925, 0.5143366456031799]
[step 0180/200] method=baseline_cagrad loss=0.5167 train_acc=0.8241 train_loss=0.4286 val_acc=0.7948 val_loss=0.5032 router_H=0.6896 best=0.7948
           router_load=[0.339129775762558, 0.003380989423021674, 0.14315252006053925, 0.5143366456031799]
[step 0190/200] method=baseline_cagrad loss=0.4645 train_acc=0.8241 train_loss=0.4286 val_acc=0.7948 val_loss=0.5032 router_H=0.6896 best=0.7948
           router_load=[0.339129775762558, 0.003380989423021674, 0.14315252006053925, 0.5143366456031799]
[step 0200/200] method=baseline_cagrad loss=0.7572 train_acc=0.7546 train_loss=0.5479 val_acc=0.7440 val_loss=0.6236 router_H=0.6895 best=0.7948
           router_load=[0.3623775243759155, 0.00038413371657952666, 0.11870414018630981, 0.5185341238975525]
saved summary -> /root/Optimization/MOE-grad-conflict-routing/runs/paper_suite_supplement/single_task_add_rerun/single_task/roberta_cola_lora_e4_k2/hpo/cagrad/trial_runs/coord_02_train_weight_decay_002/cagrad_s2.json
saved curve -> /root/Optimization/MOE-grad-conflict-routing/runs/paper_suite_supplement/single_task_add_rerun/single_task/roberta_cola_lora_e4_k2/hpo/cagrad/trial_runs/coord_02_train_weight_decay_002/cagrad_s2_curve.csv
