[run] method=baseline candidate=coord_02_train_weight_decay_019 seed=3 steps=150 gpu=0
[run] cmd=
/home/zhujjing/anaconda3/envs/moe/bin/python /home/zhujjing/MOE-grad-conflict-routing/scripts/run.py --config configs/singletask_sst2_real.yaml --set model.backbone_backend=hf --set model.hf_load_pretrained=true --set model.backbone=deberta --set model.hf_pretrained_name=microsoft/deberta-v3-base --set model.expert_type=lora --set model.routing_mode=topk --set model.num_experts=4 --set model.top_k=2 --set seed=3 --set method.name=baseline_avg --set train.steps=150 --set train.eval_every_steps=50 --set train.grad_clip=1 --set train.lr=4.073235309e-05 --set train.weight_decay=0.03290476974 --out /home/zhujjing/MOE-grad-conflict-routing/runs/paper_suite/single_gpu/single_task/deberta_sst2_lora_e4_k2/hpo/baseline/trial_runs/coord_02_train_weight_decay_019/baseline_s3.json --curve_out /home/zhujjing/MOE-grad-conflict-routing/runs/paper_suite/single_gpu/single_task/deberta_sst2_lora_e4_k2/hpo/baseline/trial_runs/coord_02_train_weight_decay_019/baseline_s3_curve.csv
Using the latest cached version of the dataset since glue couldn't be found on the Hugging Face Hub (offline mode is enabled).
Found the latest cached dataset configuration 'sst2' at /home/zhujjing/hf_cache/datasets/glue/sst2/0.0.0/bcdcba79d07bc864c1c254ccfcedcce55bcc9a8c (last modified on Thu Mar 19 15:01:41 2026).
/home/zhujjing/anaconda3/envs/moe/lib/python3.10/site-packages/transformers/utils/hub.py:124: FutureWarning: Using `TRANSFORMERS_CACHE` is deprecated and will be removed in v5 of Transformers. Use `HF_HOME` instead.
  warnings.warn(
/home/zhujjing/anaconda3/envs/moe/lib/python3.10/site-packages/transformers/convert_slow_tokenizer.py:560: UserWarning: The sentencepiece tokenizer that you are converting to a fast tokenizer uses the byte fallback option which is not implemented in the fast tokenizers. In practice this means that the fast version of the tokenizer can produce unknown tokens whereas the sentencepiece version would have converted these unknown tokens into a sequence of byte tokens matching the original piece of text.
  warnings.warn(
[step 0001/150] method=baseline_avg loss=0.5141 train_acc=nan train_loss=nan val_acc=nan val_loss=nan best=-1.0000
[step 0010/150] method=baseline_avg loss=0.5192 train_acc=nan train_loss=nan val_acc=nan val_loss=nan best=-1.0000
[step 0020/150] method=baseline_avg loss=0.3713 train_acc=nan train_loss=nan val_acc=nan val_loss=nan best=-1.0000
[step 0030/150] method=baseline_avg loss=0.6475 train_acc=nan train_loss=nan val_acc=nan val_loss=nan best=-1.0000
[step 0040/150] method=baseline_avg loss=0.3990 train_acc=nan train_loss=nan val_acc=nan val_loss=nan best=-1.0000
[step 0050/150] method=baseline_avg loss=0.6760 train_acc=0.8769 train_loss=0.3295 val_acc=0.8028 val_loss=0.4318 router_H=0.6624 best=0.8028
           router_load=[0.13572868704795837, 0.3371259272098541, 0.0037709081079810858, 0.5233744382858276]
[step 0060/150] method=baseline_avg loss=0.5187 train_acc=0.8769 train_loss=0.3295 val_acc=0.8028 val_loss=0.4318 router_H=0.6624 best=0.8028
           router_load=[0.13572868704795837, 0.3371259272098541, 0.0037709081079810858, 0.5233744382858276]
[step 0070/150] method=baseline_avg loss=0.1169 train_acc=0.8769 train_loss=0.3295 val_acc=0.8028 val_loss=0.4318 router_H=0.6624 best=0.8028
           router_load=[0.13572868704795837, 0.3371259272098541, 0.0037709081079810858, 0.5233744382858276]
[step 0080/150] method=baseline_avg loss=0.0511 train_acc=0.8769 train_loss=0.3295 val_acc=0.8028 val_loss=0.4318 router_H=0.6624 best=0.8028
           router_load=[0.13572868704795837, 0.3371259272098541, 0.0037709081079810858, 0.5233744382858276]
[step 0090/150] method=baseline_avg loss=0.4182 train_acc=0.8769 train_loss=0.3295 val_acc=0.8028 val_loss=0.4318 router_H=0.6624 best=0.8028
           router_load=[0.13572868704795837, 0.3371259272098541, 0.0037709081079810858, 0.5233744382858276]
[step 0100/150] method=baseline_avg loss=0.2557 train_acc=0.9144 train_loss=0.2328 val_acc=0.9278 val_loss=0.2146 router_H=0.6679 best=0.9278
           router_load=[0.26668432354927063, 0.36029791831970215, 0.040777940303087234, 0.3322398364543915]
[step 0110/150] method=baseline_avg loss=0.3668 train_acc=0.9144 train_loss=0.2328 val_acc=0.9278 val_loss=0.2146 router_H=0.6679 best=0.9278
           router_load=[0.26668432354927063, 0.36029791831970215, 0.040777940303087234, 0.3322398364543915]
[step 0120/150] method=baseline_avg loss=0.5422 train_acc=0.9144 train_loss=0.2328 val_acc=0.9278 val_loss=0.2146 router_H=0.6679 best=0.9278
           router_load=[0.26668432354927063, 0.36029791831970215, 0.040777940303087234, 0.3322398364543915]
[step 0130/150] method=baseline_avg loss=0.2011 train_acc=0.9144 train_loss=0.2328 val_acc=0.9278 val_loss=0.2146 router_H=0.6679 best=0.9278
           router_load=[0.26668432354927063, 0.36029791831970215, 0.040777940303087234, 0.3322398364543915]
[step 0140/150] method=baseline_avg loss=0.2657 train_acc=0.9144 train_loss=0.2328 val_acc=0.9278 val_loss=0.2146 router_H=0.6679 best=0.9278
           router_load=[0.26668432354927063, 0.36029791831970215, 0.040777940303087234, 0.3322398364543915]
[step 0150/150] method=baseline_avg loss=0.2469 train_acc=0.8952 train_loss=0.2992 val_acc=0.8933 val_loss=0.3174 router_H=0.6404 best=0.9278
           router_load=[0.3907790184020996, 0.2199990153312683, 0.09541869908571243, 0.29380324482917786]
saved summary -> /home/zhujjing/MOE-grad-conflict-routing/runs/paper_suite/single_gpu/single_task/deberta_sst2_lora_e4_k2/hpo/baseline/trial_runs/coord_02_train_weight_decay_019/baseline_s3.json
saved curve -> /home/zhujjing/MOE-grad-conflict-routing/runs/paper_suite/single_gpu/single_task/deberta_sst2_lora_e4_k2/hpo/baseline/trial_runs/coord_02_train_weight_decay_019/baseline_s3_curve.csv
