[run] method=baseline candidate=coord_01_train_lr_005 seed=3 steps=200 gpu=0
[run] cmd=
/home/zhujjing/anaconda3/envs/moe/bin/python /home/zhujjing/MOE-grad-conflict-routing/scripts/run.py --config configs/multitask_glue3_rte_mrpc_cola_real.yaml --set model.backbone_backend=hf --set model.hf_load_pretrained=true --set model.hf_local_files_only=true --set model.backbone=gpt2 --set model.hf_pretrained_name=gpt2-medium --set model.expert_type=lora --set model.routing_mode=topk --set model.num_experts=4 --set model.top_k=2 --set train.eval_train_fraction=0.10 --set train.eval_train_max_batches=-1 --set train.eval_max_batches=-1 --set seed=3 --set method.name=baseline_avg --set train.steps=200 --set train.eval_every_steps=100 --set train.grad_clip=1 --set train.lr=1.263268742e-05 --set train.weight_decay=0.01 --out /home/zhujjing/MOE-grad-conflict-routing/runs/paper_suite/single_gpu/multi_task/glue3_gpt2_lora_e4_k2/hpo/baseline/trial_runs/coord_01_train_lr_005/baseline_s3.json --curve_out /home/zhujjing/MOE-grad-conflict-routing/runs/paper_suite/single_gpu/multi_task/glue3_gpt2_lora_e4_k2/hpo/baseline/trial_runs/coord_01_train_lr_005/baseline_s3_curve.csv
Using the latest cached version of the dataset since glue couldn't be found on the Hugging Face Hub (offline mode is enabled).
Found the latest cached dataset configuration 'rte' at /home/zhujjing/hf_cache/datasets/glue/rte/0.0.0/bcdcba79d07bc864c1c254ccfcedcce55bcc9a8c (last modified on Thu Mar 19 15:00:36 2026).
/home/zhujjing/anaconda3/envs/moe/lib/python3.10/site-packages/transformers/utils/hub.py:124: FutureWarning: Using `TRANSFORMERS_CACHE` is deprecated and will be removed in v5 of Transformers. Use `HF_HOME` instead.
  warnings.warn(
Using the latest cached version of the dataset since glue couldn't be found on the Hugging Face Hub (offline mode is enabled).
Found the latest cached dataset configuration 'mrpc' at /home/zhujjing/hf_cache/datasets/glue/mrpc/0.0.0/bcdcba79d07bc864c1c254ccfcedcce55bcc9a8c (last modified on Thu Mar 19 15:01:06 2026).
Using the latest cached version of the dataset since glue couldn't be found on the Hugging Face Hub (offline mode is enabled).
Found the latest cached dataset configuration 'cola' at /home/zhujjing/hf_cache/datasets/glue/cola/0.0.0/bcdcba79d07bc864c1c254ccfcedcce55bcc9a8c (last modified on Thu Mar 19 15:02:09 2026).
[step 0001/200] method=baseline_avg loss=2.2610 train_acc=nan train_loss=nan val_acc=nan val_loss=nan best=-1.0000
[step 0010/200] method=baseline_avg loss=0.9186 train_acc=nan train_loss=nan val_acc=nan val_loss=nan best=-1.0000
[step 0020/200] method=baseline_avg loss=0.6298 train_acc=nan train_loss=nan val_acc=nan val_loss=nan best=-1.0000
[step 0030/200] method=baseline_avg loss=0.6241 train_acc=nan train_loss=nan val_acc=nan val_loss=nan best=-1.0000
[step 0040/200] method=baseline_avg loss=0.7741 train_acc=nan train_loss=nan val_acc=nan val_loss=nan best=-1.0000
[step 0050/200] method=baseline_avg loss=0.6383 train_acc=nan train_loss=nan val_acc=nan val_loss=nan best=-1.0000
[step 0060/200] method=baseline_avg loss=0.7799 train_acc=nan train_loss=nan val_acc=nan val_loss=nan best=-1.0000
[step 0070/200] method=baseline_avg loss=0.7474 train_acc=nan train_loss=nan val_acc=nan val_loss=nan best=-1.0000
[step 0080/200] method=baseline_avg loss=0.9009 train_acc=nan train_loss=nan val_acc=nan val_loss=nan best=-1.0000
[step 0090/200] method=baseline_avg loss=0.6071 train_acc=nan train_loss=nan val_acc=nan val_loss=nan best=-1.0000
[step 0100/200] method=baseline_avg loss=0.6647 train_acc=0.6589 train_loss=0.6652 val_acc=0.6393 val_loss=0.6972 router_H=0.5760 best=0.6393
           router_load=[9.500472515355796e-05, 0.7208802700042725, 0.2787407338619232, 0.0002847237337846309]
[step 0110/200] method=baseline_avg loss=0.6262 train_acc=0.6589 train_loss=0.6652 val_acc=0.6393 val_loss=0.6972 router_H=0.5760 best=0.6393
           router_load=[9.500472515355796e-05, 0.7208802700042725, 0.2787407338619232, 0.0002847237337846309]
[step 0120/200] method=baseline_avg loss=0.6138 train_acc=0.6589 train_loss=0.6652 val_acc=0.6393 val_loss=0.6972 router_H=0.5760 best=0.6393
           router_load=[9.500472515355796e-05, 0.7208802700042725, 0.2787407338619232, 0.0002847237337846309]
[step 0130/200] method=baseline_avg loss=0.5273 train_acc=0.6589 train_loss=0.6652 val_acc=0.6393 val_loss=0.6972 router_H=0.5760 best=0.6393
           router_load=[9.500472515355796e-05, 0.7208802700042725, 0.2787407338619232, 0.0002847237337846309]
[step 0140/200] method=baseline_avg loss=0.7264 train_acc=0.6589 train_loss=0.6652 val_acc=0.6393 val_loss=0.6972 router_H=0.5760 best=0.6393
           router_load=[9.500472515355796e-05, 0.7208802700042725, 0.2787407338619232, 0.0002847237337846309]
[step 0150/200] method=baseline_avg loss=0.5511 train_acc=0.6589 train_loss=0.6652 val_acc=0.6393 val_loss=0.6972 router_H=0.5760 best=0.6393
           router_load=[9.500472515355796e-05, 0.7208802700042725, 0.2787407338619232, 0.0002847237337846309]
[step 0160/200] method=baseline_avg loss=0.6529 train_acc=0.6589 train_loss=0.6652 val_acc=0.6393 val_loss=0.6972 router_H=0.5760 best=0.6393
           router_load=[9.500472515355796e-05, 0.7208802700042725, 0.2787407338619232, 0.0002847237337846309]
[step 0170/200] method=baseline_avg loss=0.7285 train_acc=0.6589 train_loss=0.6652 val_acc=0.6393 val_loss=0.6972 router_H=0.5760 best=0.6393
           router_load=[9.500472515355796e-05, 0.7208802700042725, 0.2787407338619232, 0.0002847237337846309]
[step 0180/200] method=baseline_avg loss=0.7706 train_acc=0.6589 train_loss=0.6652 val_acc=0.6393 val_loss=0.6972 router_H=0.5760 best=0.6393
           router_load=[9.500472515355796e-05, 0.7208802700042725, 0.2787407338619232, 0.0002847237337846309]
[step 0190/200] method=baseline_avg loss=0.7448 train_acc=0.6589 train_loss=0.6652 val_acc=0.6393 val_loss=0.6972 router_H=0.5760 best=0.6393
           router_load=[9.500472515355796e-05, 0.7208802700042725, 0.2787407338619232, 0.0002847237337846309]
[step 0200/200] method=baseline_avg loss=0.8507 train_acc=0.6926 train_loss=0.5936 val_acc=0.6638 val_loss=0.6138 router_H=0.5842 best=0.6638
           router_load=[0.001899806666187942, 0.7066448330879211, 0.27967569231987, 0.01177993230521679]
saved summary -> /home/zhujjing/MOE-grad-conflict-routing/runs/paper_suite/single_gpu/multi_task/glue3_gpt2_lora_e4_k2/hpo/baseline/trial_runs/coord_01_train_lr_005/baseline_s3.json
saved curve -> /home/zhujjing/MOE-grad-conflict-routing/runs/paper_suite/single_gpu/multi_task/glue3_gpt2_lora_e4_k2/hpo/baseline/trial_runs/coord_01_train_lr_005/baseline_s3_curve.csv
