[run] method=ours candidate=coord_03_train_grad_clip_015 seed=2 steps=150 gpu=0
[run] cmd=
/home/zhujjing/anaconda3/envs/moe/bin/python /home/zhujjing/MOE-grad-conflict-routing/scripts/run.py --config configs/singletask_rte_real.yaml --set model.backbone_backend=hf --set model.hf_load_pretrained=true --set model.hf_local_files_only=true --set model.backbone=deberta --set model.hf_pretrained_name=microsoft/deberta-v3-base --set model.expert_type=lora --set model.routing_mode=topk --set model.num_experts=4 --set model.top_k=2 --set seed=2 --set method.name=ours --set train.steps=150 --set train.eval_every_steps=50 --set method.ours.use_load_norm=true --set method.ours.lambda_align=0.001 --set train.grad_clip=0.6687799374 --set train.lr=5.484611636e-05 --set train.weight_decay=0.03963349774 --out /home/zhujjing/MOE-grad-conflict-routing/runs/paper_suite/single_gpu/single_task/deberta_rte_lora_e4_k2_supplement/hpo/ours/trial_runs/coord_03_train_grad_clip_015/ours_s2.json --curve_out /home/zhujjing/MOE-grad-conflict-routing/runs/paper_suite/single_gpu/single_task/deberta_rte_lora_e4_k2_supplement/hpo/ours/trial_runs/coord_03_train_grad_clip_015/ours_s2_curve.csv
Using the latest cached version of the dataset since glue couldn't be found on the Hugging Face Hub (offline mode is enabled).
Found the latest cached dataset configuration 'rte' at /home/zhujjing/hf_cache/datasets/glue/rte/0.0.0/bcdcba79d07bc864c1c254ccfcedcce55bcc9a8c (last modified on Thu Mar 19 15:00:36 2026).
/home/zhujjing/anaconda3/envs/moe/lib/python3.10/site-packages/transformers/utils/hub.py:124: FutureWarning: Using `TRANSFORMERS_CACHE` is deprecated and will be removed in v5 of Transformers. Use `HF_HOME` instead.
  warnings.warn(
/home/zhujjing/anaconda3/envs/moe/lib/python3.10/site-packages/transformers/convert_slow_tokenizer.py:560: UserWarning: The sentencepiece tokenizer that you are converting to a fast tokenizer uses the byte fallback option which is not implemented in the fast tokenizers. In practice this means that the fast version of the tokenizer can produce unknown tokens whereas the sentencepiece version would have converted these unknown tokens into a sequence of byte tokens matching the original piece of text.
  warnings.warn(
[step 0001/150] method=ours loss=0.7964 train_acc=nan train_loss=nan val_acc=nan val_loss=nan best=-1.0000
[step 0010/150] method=ours loss=0.7903 train_acc=nan train_loss=nan val_acc=nan val_loss=nan best=-1.0000
[step 0020/150] method=ours loss=0.6104 train_acc=nan train_loss=nan val_acc=nan val_loss=nan best=-1.0000
[step 0030/150] method=ours loss=0.5678 train_acc=nan train_loss=nan val_acc=nan val_loss=nan best=-1.0000
[step 0040/150] method=ours loss=0.7288 train_acc=nan train_loss=nan val_acc=nan val_loss=nan best=-1.0000
[step 0050/150] method=ours loss=0.5380 train_acc=0.7930 train_loss=0.5083 val_acc=0.7329 val_loss=0.5595 router_H=0.6630 best=0.7329
           router_load=[0.5656540989875793, 0.42757245898246765, 0.0012352037010714412, 0.0055382223799824715]
[step 0060/150] method=ours loss=0.5250 train_acc=0.7930 train_loss=0.5083 val_acc=0.7329 val_loss=0.5595 router_H=0.6630 best=0.7329
           router_load=[0.5656540989875793, 0.42757245898246765, 0.0012352037010714412, 0.0055382223799824715]
[step 0070/150] method=ours loss=0.6900 train_acc=0.7930 train_loss=0.5083 val_acc=0.7329 val_loss=0.5595 router_H=0.6630 best=0.7329
           router_load=[0.5656540989875793, 0.42757245898246765, 0.0012352037010714412, 0.0055382223799824715]
[step 0080/150] method=ours loss=0.5663 train_acc=0.7930 train_loss=0.5083 val_acc=0.7329 val_loss=0.5595 router_H=0.6630 best=0.7329
           router_load=[0.5656540989875793, 0.42757245898246765, 0.0012352037010714412, 0.0055382223799824715]
[step 0090/150] method=ours loss=0.3269 train_acc=0.7930 train_loss=0.5083 val_acc=0.7329 val_loss=0.5595 router_H=0.6630 best=0.7329
           router_load=[0.5656540989875793, 0.42757245898246765, 0.0012352037010714412, 0.0055382223799824715]
[step 0100/150] method=ours loss=0.4008 train_acc=0.8281 train_loss=0.3687 val_acc=0.7690 val_loss=0.5035 router_H=0.6185 best=0.7690
           router_load=[0.5629398226737976, 0.4126030206680298, 0.011056821793317795, 0.013400338590145111]
[step 0110/150] method=ours loss=0.4319 train_acc=0.8281 train_loss=0.3687 val_acc=0.7690 val_loss=0.5035 router_H=0.6185 best=0.7690
           router_load=[0.5629398226737976, 0.4126030206680298, 0.011056821793317795, 0.013400338590145111]
[step 0120/150] method=ours loss=0.5370 train_acc=0.8281 train_loss=0.3687 val_acc=0.7690 val_loss=0.5035 router_H=0.6185 best=0.7690
           router_load=[0.5629398226737976, 0.4126030206680298, 0.011056821793317795, 0.013400338590145111]
[step 0130/150] method=ours loss=0.5970 train_acc=0.8281 train_loss=0.3687 val_acc=0.7690 val_loss=0.5035 router_H=0.6185 best=0.7690
           router_load=[0.5629398226737976, 0.4126030206680298, 0.011056821793317795, 0.013400338590145111]
[step 0140/150] method=ours loss=0.6242 train_acc=0.8281 train_loss=0.3687 val_acc=0.7690 val_loss=0.5035 router_H=0.6185 best=0.7690
           router_load=[0.5629398226737976, 0.4126030206680298, 0.011056821793317795, 0.013400338590145111]
[step 0150/150] method=ours loss=0.7512 train_acc=0.8828 train_loss=0.2995 val_acc=0.7942 val_loss=0.4753 router_H=0.6422 best=0.7942
           router_load=[0.3978594243526459, 0.5113185048103333, 0.08798195421695709, 0.002840111730620265]
saved summary -> /home/zhujjing/MOE-grad-conflict-routing/runs/paper_suite/single_gpu/single_task/deberta_rte_lora_e4_k2_supplement/hpo/ours/trial_runs/coord_03_train_grad_clip_015/ours_s2.json
saved curve -> /home/zhujjing/MOE-grad-conflict-routing/runs/paper_suite/single_gpu/single_task/deberta_rte_lora_e4_k2_supplement/hpo/ours/trial_runs/coord_03_train_grad_clip_015/ours_s2_curve.csv
