[run] method=ours candidate=coord_03_train_grad_clip_007 seed=2 steps=150 gpu=0
[run] cmd=
/home/zhujjing/anaconda3/envs/moe/bin/python /home/zhujjing/MOE-grad-conflict-routing/scripts/run.py --config configs/singletask_rte_real.yaml --set model.backbone_backend=hf --set model.hf_load_pretrained=true --set model.hf_local_files_only=true --set model.backbone=deberta --set model.hf_pretrained_name=microsoft/deberta-v3-base --set model.expert_type=lora --set model.routing_mode=topk --set model.num_experts=4 --set model.top_k=2 --set seed=2 --set method.name=ours --set train.steps=150 --set train.eval_every_steps=50 --set method.ours.use_load_norm=true --set method.ours.lambda_align=0.001 --set train.grad_clip=1.883381917 --set train.lr=5.484611636e-05 --set train.weight_decay=0.03963349774 --out /home/zhujjing/MOE-grad-conflict-routing/runs/paper_suite/single_gpu/single_task/deberta_rte_lora_e4_k2_supplement/hpo/ours/trial_runs/coord_03_train_grad_clip_007/ours_s2.json --curve_out /home/zhujjing/MOE-grad-conflict-routing/runs/paper_suite/single_gpu/single_task/deberta_rte_lora_e4_k2_supplement/hpo/ours/trial_runs/coord_03_train_grad_clip_007/ours_s2_curve.csv
Using the latest cached version of the dataset since glue couldn't be found on the Hugging Face Hub (offline mode is enabled).
Found the latest cached dataset configuration 'rte' at /home/zhujjing/hf_cache/datasets/glue/rte/0.0.0/bcdcba79d07bc864c1c254ccfcedcce55bcc9a8c (last modified on Thu Mar 19 15:00:36 2026).
/home/zhujjing/anaconda3/envs/moe/lib/python3.10/site-packages/transformers/utils/hub.py:124: FutureWarning: Using `TRANSFORMERS_CACHE` is deprecated and will be removed in v5 of Transformers. Use `HF_HOME` instead.
  warnings.warn(
/home/zhujjing/anaconda3/envs/moe/lib/python3.10/site-packages/transformers/convert_slow_tokenizer.py:560: UserWarning: The sentencepiece tokenizer that you are converting to a fast tokenizer uses the byte fallback option which is not implemented in the fast tokenizers. In practice this means that the fast version of the tokenizer can produce unknown tokens whereas the sentencepiece version would have converted these unknown tokens into a sequence of byte tokens matching the original piece of text.
  warnings.warn(
[step 0001/150] method=ours loss=0.7344 train_acc=nan train_loss=nan val_acc=nan val_loss=nan best=-1.0000
[step 0010/150] method=ours loss=0.8533 train_acc=nan train_loss=nan val_acc=nan val_loss=nan best=-1.0000
[step 0020/150] method=ours loss=0.5813 train_acc=nan train_loss=nan val_acc=nan val_loss=nan best=-1.0000
[step 0030/150] method=ours loss=0.5404 train_acc=nan train_loss=nan val_acc=nan val_loss=nan best=-1.0000
[step 0040/150] method=ours loss=0.7264 train_acc=nan train_loss=nan val_acc=nan val_loss=nan best=-1.0000
[step 0050/150] method=ours loss=0.7031 train_acc=0.6992 train_loss=0.5642 val_acc=0.6679 val_loss=0.6066 router_H=0.5774 best=0.6679
           router_load=[0.7286214232444763, 0.009387684054672718, 0.006134452763944864, 0.25585657358169556]
[step 0060/150] method=ours loss=0.5213 train_acc=0.6992 train_loss=0.5642 val_acc=0.6679 val_loss=0.6066 router_H=0.5774 best=0.6679
           router_load=[0.7286214232444763, 0.009387684054672718, 0.006134452763944864, 0.25585657358169556]
[step 0070/150] method=ours loss=0.4931 train_acc=0.6992 train_loss=0.5642 val_acc=0.6679 val_loss=0.6066 router_H=0.5774 best=0.6679
           router_load=[0.7286214232444763, 0.009387684054672718, 0.006134452763944864, 0.25585657358169556]
[step 0080/150] method=ours loss=0.5263 train_acc=0.6992 train_loss=0.5642 val_acc=0.6679 val_loss=0.6066 router_H=0.5774 best=0.6679
           router_load=[0.7286214232444763, 0.009387684054672718, 0.006134452763944864, 0.25585657358169556]
[step 0090/150] method=ours loss=0.3451 train_acc=0.6992 train_loss=0.5642 val_acc=0.6679 val_loss=0.6066 router_H=0.5774 best=0.6679
           router_load=[0.7286214232444763, 0.009387684054672718, 0.006134452763944864, 0.25585657358169556]
[step 0100/150] method=ours loss=0.4908 train_acc=0.8477 train_loss=0.3663 val_acc=0.7906 val_loss=0.4533 router_H=0.6606 best=0.7906
           router_load=[0.5172767043113708, 0.006113745272159576, 0.06306105852127075, 0.4135484993457794]
[step 0110/150] method=ours loss=0.4574 train_acc=0.8477 train_loss=0.3663 val_acc=0.7906 val_loss=0.4533 router_H=0.6606 best=0.7906
           router_load=[0.5172767043113708, 0.006113745272159576, 0.06306105852127075, 0.4135484993457794]
[step 0120/150] method=ours loss=0.4068 train_acc=0.8477 train_loss=0.3663 val_acc=0.7906 val_loss=0.4533 router_H=0.6606 best=0.7906
           router_load=[0.5172767043113708, 0.006113745272159576, 0.06306105852127075, 0.4135484993457794]
[step 0130/150] method=ours loss=0.5349 train_acc=0.8477 train_loss=0.3663 val_acc=0.7906 val_loss=0.4533 router_H=0.6606 best=0.7906
           router_load=[0.5172767043113708, 0.006113745272159576, 0.06306105852127075, 0.4135484993457794]
[step 0140/150] method=ours loss=0.5519 train_acc=0.8477 train_loss=0.3663 val_acc=0.7906 val_loss=0.4533 router_H=0.6606 best=0.7906
           router_load=[0.5172767043113708, 0.006113745272159576, 0.06306105852127075, 0.4135484993457794]
[step 0150/150] method=ours loss=0.6220 train_acc=0.9102 train_loss=0.2730 val_acc=0.8231 val_loss=0.4376 router_H=0.6601 best=0.8231
           router_load=[0.5435272455215454, 0.02058175578713417, 0.025518221780657768, 0.4103727340698242]
saved summary -> /home/zhujjing/MOE-grad-conflict-routing/runs/paper_suite/single_gpu/single_task/deberta_rte_lora_e4_k2_supplement/hpo/ours/trial_runs/coord_03_train_grad_clip_007/ours_s2.json
saved curve -> /home/zhujjing/MOE-grad-conflict-routing/runs/paper_suite/single_gpu/single_task/deberta_rte_lora_e4_k2_supplement/hpo/ours/trial_runs/coord_03_train_grad_clip_007/ours_s2_curve.csv
