[run] method=ours candidate=coord_03_train_grad_clip_017 seed=3 steps=150 gpu=0
[run] cmd=
/home/zhujjing/anaconda3/envs/moe/bin/python /home/zhujjing/MOE-grad-conflict-routing/scripts/run.py --config configs/singletask_rte_real.yaml --set model.backbone_backend=hf --set model.hf_load_pretrained=true --set model.hf_local_files_only=true --set model.backbone=deberta --set model.hf_pretrained_name=microsoft/deberta-v3-base --set model.expert_type=lora --set model.routing_mode=topk --set model.num_experts=4 --set model.top_k=2 --set seed=3 --set method.name=ours --set train.steps=150 --set train.eval_every_steps=50 --set method.ours.use_load_norm=true --set method.ours.lambda_align=0.001 --set train.grad_clip=0.8874671569 --set train.lr=5.484611636e-05 --set train.weight_decay=0.03963349774 --out /home/zhujjing/MOE-grad-conflict-routing/runs/paper_suite/single_gpu/single_task/deberta_rte_lora_e4_k2_supplement/hpo/ours/trial_runs/coord_03_train_grad_clip_017/ours_s3.json --curve_out /home/zhujjing/MOE-grad-conflict-routing/runs/paper_suite/single_gpu/single_task/deberta_rte_lora_e4_k2_supplement/hpo/ours/trial_runs/coord_03_train_grad_clip_017/ours_s3_curve.csv
Using the latest cached version of the dataset since glue couldn't be found on the Hugging Face Hub (offline mode is enabled).
Found the latest cached dataset configuration 'rte' at /home/zhujjing/hf_cache/datasets/glue/rte/0.0.0/bcdcba79d07bc864c1c254ccfcedcce55bcc9a8c (last modified on Thu Mar 19 15:00:36 2026).
/home/zhujjing/anaconda3/envs/moe/lib/python3.10/site-packages/transformers/utils/hub.py:124: FutureWarning: Using `TRANSFORMERS_CACHE` is deprecated and will be removed in v5 of Transformers. Use `HF_HOME` instead.
  warnings.warn(
/home/zhujjing/anaconda3/envs/moe/lib/python3.10/site-packages/transformers/convert_slow_tokenizer.py:560: UserWarning: The sentencepiece tokenizer that you are converting to a fast tokenizer uses the byte fallback option which is not implemented in the fast tokenizers. In practice this means that the fast version of the tokenizer can produce unknown tokens whereas the sentencepiece version would have converted these unknown tokens into a sequence of byte tokens matching the original piece of text.
  warnings.warn(
[step 0001/150] method=ours loss=0.7979 train_acc=nan train_loss=nan val_acc=nan val_loss=nan best=-1.0000
[step 0010/150] method=ours loss=0.7549 train_acc=nan train_loss=nan val_acc=nan val_loss=nan best=-1.0000
[step 0020/150] method=ours loss=0.6758 train_acc=nan train_loss=nan val_acc=nan val_loss=nan best=-1.0000
[step 0030/150] method=ours loss=0.5897 train_acc=nan train_loss=nan val_acc=nan val_loss=nan best=-1.0000
[step 0040/150] method=ours loss=0.5551 train_acc=nan train_loss=nan val_acc=nan val_loss=nan best=-1.0000
[step 0050/150] method=ours loss=0.6300 train_acc=0.7070 train_loss=0.5728 val_acc=0.6859 val_loss=0.6102 router_H=0.6876 best=0.6859
           router_load=[0.021828366443514824, 0.0063857343047857285, 0.4765862822532654, 0.495199590921402]
[step 0060/150] method=ours loss=0.5184 train_acc=0.7070 train_loss=0.5728 val_acc=0.6859 val_loss=0.6102 router_H=0.6876 best=0.6859
           router_load=[0.021828366443514824, 0.0063857343047857285, 0.4765862822532654, 0.495199590921402]
[step 0070/150] method=ours loss=0.7781 train_acc=0.7070 train_loss=0.5728 val_acc=0.6859 val_loss=0.6102 router_H=0.6876 best=0.6859
           router_load=[0.021828366443514824, 0.0063857343047857285, 0.4765862822532654, 0.495199590921402]
[step 0080/150] method=ours loss=0.5947 train_acc=0.7070 train_loss=0.5728 val_acc=0.6859 val_loss=0.6102 router_H=0.6876 best=0.6859
           router_load=[0.021828366443514824, 0.0063857343047857285, 0.4765862822532654, 0.495199590921402]
[step 0090/150] method=ours loss=0.4743 train_acc=0.7070 train_loss=0.5728 val_acc=0.6859 val_loss=0.6102 router_H=0.6876 best=0.6859
           router_load=[0.021828366443514824, 0.0063857343047857285, 0.4765862822532654, 0.495199590921402]
[step 0100/150] method=ours loss=0.8132 train_acc=0.7891 train_loss=0.4312 val_acc=0.7040 val_loss=0.5554 router_H=0.6882 best=0.7040
           router_load=[0.0, 0.0015039361314848065, 0.49543631076812744, 0.5030597448348999]
[step 0110/150] method=ours loss=0.5071 train_acc=0.7891 train_loss=0.4312 val_acc=0.7040 val_loss=0.5554 router_H=0.6882 best=0.7040
           router_load=[0.0, 0.0015039361314848065, 0.49543631076812744, 0.5030597448348999]
[step 0120/150] method=ours loss=0.5430 train_acc=0.7891 train_loss=0.4312 val_acc=0.7040 val_loss=0.5554 router_H=0.6882 best=0.7040
           router_load=[0.0, 0.0015039361314848065, 0.49543631076812744, 0.5030597448348999]
[step 0130/150] method=ours loss=0.5115 train_acc=0.7891 train_loss=0.4312 val_acc=0.7040 val_loss=0.5554 router_H=0.6882 best=0.7040
           router_load=[0.0, 0.0015039361314848065, 0.49543631076812744, 0.5030597448348999]
[step 0140/150] method=ours loss=0.4277 train_acc=0.7891 train_loss=0.4312 val_acc=0.7040 val_loss=0.5554 router_H=0.6882 best=0.7040
           router_load=[0.0, 0.0015039361314848065, 0.49543631076812744, 0.5030597448348999]
[step 0150/150] method=ours loss=0.3330 train_acc=0.8867 train_loss=0.3307 val_acc=0.7762 val_loss=0.4943 router_H=0.6849 best=0.7762
           router_load=[0.05570264160633087, 0.014837106689810753, 0.4412926137447357, 0.4881676137447357]
saved summary -> /home/zhujjing/MOE-grad-conflict-routing/runs/paper_suite/single_gpu/single_task/deberta_rte_lora_e4_k2_supplement/hpo/ours/trial_runs/coord_03_train_grad_clip_017/ours_s3.json
saved curve -> /home/zhujjing/MOE-grad-conflict-routing/runs/paper_suite/single_gpu/single_task/deberta_rte_lora_e4_k2_supplement/hpo/ours/trial_runs/coord_03_train_grad_clip_017/ours_s3_curve.csv
