[probe] phase=ours:coord:train.grad_clip gpu=0
[probe] cmd=
/home/zhujjing/anaconda3/envs/moe/bin/python /home/zhujjing/MOE-grad-conflict-routing/scripts/run.py --config configs/multitask_glue3_rte_mrpc_cola_real.yaml --set model.backbone_backend=hf --set model.hf_load_pretrained=true --set model.hf_local_files_only=true --set model.backbone=gpt2 --set model.hf_pretrained_name=gpt2-medium --set model.expert_type=lora --set model.routing_mode=topk --set model.num_experts=4 --set model.top_k=2 --set train.eval_train_fraction=0.10 --set train.eval_train_max_batches=-1 --set train.eval_max_batches=-1 --set seed=2 --set method.name=ours --set train.steps=100 --set train.eval_every_steps=0 --set method.ours.use_load_norm=true --set method.ours.lambda_align=0.001 --set train.grad_clip=1 --set train.lr=4.233346635e-05 --set train.weight_decay=0.01 --out /tmp/moe_probe_td6le8hr/probe_summary.json --curve_out /tmp/moe_probe_td6le8hr/probe_curve.csv
Using the latest cached version of the dataset since glue couldn't be found on the Hugging Face Hub (offline mode is enabled).
Found the latest cached dataset configuration 'rte' at /home/zhujjing/hf_cache/datasets/glue/rte/0.0.0/bcdcba79d07bc864c1c254ccfcedcce55bcc9a8c (last modified on Thu Mar 19 15:00:36 2026).
/home/zhujjing/anaconda3/envs/moe/lib/python3.10/site-packages/transformers/utils/hub.py:124: FutureWarning: Using `TRANSFORMERS_CACHE` is deprecated and will be removed in v5 of Transformers. Use `HF_HOME` instead.
  warnings.warn(
Using the latest cached version of the dataset since glue couldn't be found on the Hugging Face Hub (offline mode is enabled).
Found the latest cached dataset configuration 'mrpc' at /home/zhujjing/hf_cache/datasets/glue/mrpc/0.0.0/bcdcba79d07bc864c1c254ccfcedcce55bcc9a8c (last modified on Thu Mar 19 15:01:06 2026).
Using the latest cached version of the dataset since glue couldn't be found on the Hugging Face Hub (offline mode is enabled).
Found the latest cached dataset configuration 'cola' at /home/zhujjing/hf_cache/datasets/glue/cola/0.0.0/bcdcba79d07bc864c1c254ccfcedcce55bcc9a8c (last modified on Thu Mar 19 15:02:09 2026).
[step 0001/100] method=ours loss=3.3112 train_acc=nan train_loss=nan val_acc=nan val_loss=nan best=-1.0000
[step 0010/100] method=ours loss=0.8352 train_acc=nan train_loss=nan val_acc=nan val_loss=nan best=-1.0000
[step 0020/100] method=ours loss=0.5838 train_acc=nan train_loss=nan val_acc=nan val_loss=nan best=-1.0000
[step 0030/100] method=ours loss=0.5568 train_acc=nan train_loss=nan val_acc=nan val_loss=nan best=-1.0000
[step 0040/100] method=ours loss=0.9083 train_acc=nan train_loss=nan val_acc=nan val_loss=nan best=-1.0000
[step 0050/100] method=ours loss=0.7162 train_acc=nan train_loss=nan val_acc=nan val_loss=nan best=-1.0000
[step 0060/100] method=ours loss=0.7549 train_acc=nan train_loss=nan val_acc=nan val_loss=nan best=-1.0000
[step 0070/100] method=ours loss=0.6078 train_acc=nan train_loss=nan val_acc=nan val_loss=nan best=-1.0000
[step 0080/100] method=ours loss=0.5761 train_acc=nan train_loss=nan val_acc=nan val_loss=nan best=-1.0000
[step 0090/100] method=ours loss=0.8037 train_acc=nan train_loss=nan val_acc=nan val_loss=nan best=-1.0000
[step 0100/100] method=ours loss=0.7740 train_acc=0.6587 train_loss=0.6168 val_acc=0.6544 val_loss=0.6209 router_H=0.5603 best=0.6544
           router_load=[0.7454432249069214, 0.0, 0.25455695390701294, 0.0]
saved summary -> /tmp/moe_probe_td6le8hr/probe_summary.json
saved curve -> /tmp/moe_probe_td6le8hr/probe_curve.csv
