[run] method=baseline candidate=coord_03_train_grad_clip_019 seed=2 steps=150 gpu=0
[run] cmd=
/home/zhujjing/anaconda3/envs/moe/bin/python /home/zhujjing/MOE-grad-conflict-routing/scripts/run.py --config configs/singletask_rte_real.yaml --set model.backbone_backend=hf --set model.hf_load_pretrained=true --set model.hf_local_files_only=true --set model.backbone=deberta --set model.hf_pretrained_name=microsoft/deberta-v3-base --set model.expert_type=lora --set model.routing_mode=topk --set model.num_experts=4 --set model.top_k=2 --set seed=2 --set method.name=baseline_avg --set train.steps=150 --set train.eval_every_steps=50 --set train.grad_clip=1.869767115 --set train.lr=3.07386945e-05 --set train.weight_decay=0.002392015778 --out /home/zhujjing/MOE-grad-conflict-routing/runs/paper_suite/single_gpu/single_task/deberta_rte_lora_e4_k2_supplement/hpo/baseline/trial_runs/coord_03_train_grad_clip_019/baseline_s2.json --curve_out /home/zhujjing/MOE-grad-conflict-routing/runs/paper_suite/single_gpu/single_task/deberta_rte_lora_e4_k2_supplement/hpo/baseline/trial_runs/coord_03_train_grad_clip_019/baseline_s2_curve.csv
Using the latest cached version of the dataset since glue couldn't be found on the Hugging Face Hub (offline mode is enabled).
Found the latest cached dataset configuration 'rte' at /home/zhujjing/hf_cache/datasets/glue/rte/0.0.0/bcdcba79d07bc864c1c254ccfcedcce55bcc9a8c (last modified on Thu Mar 19 15:00:36 2026).
/home/zhujjing/anaconda3/envs/moe/lib/python3.10/site-packages/transformers/utils/hub.py:124: FutureWarning: Using `TRANSFORMERS_CACHE` is deprecated and will be removed in v5 of Transformers. Use `HF_HOME` instead.
  warnings.warn(
/home/zhujjing/anaconda3/envs/moe/lib/python3.10/site-packages/transformers/convert_slow_tokenizer.py:560: UserWarning: The sentencepiece tokenizer that you are converting to a fast tokenizer uses the byte fallback option which is not implemented in the fast tokenizers. In practice this means that the fast version of the tokenizer can produce unknown tokens whereas the sentencepiece version would have converted these unknown tokens into a sequence of byte tokens matching the original piece of text.
  warnings.warn(
[step 0001/150] method=baseline_avg loss=0.7028 train_acc=nan train_loss=nan val_acc=nan val_loss=nan best=-1.0000
[step 0010/150] method=baseline_avg loss=0.7887 train_acc=nan train_loss=nan val_acc=nan val_loss=nan best=-1.0000
[step 0020/150] method=baseline_avg loss=0.6517 train_acc=nan train_loss=nan val_acc=nan val_loss=nan best=-1.0000
[step 0030/150] method=baseline_avg loss=0.5783 train_acc=nan train_loss=nan val_acc=nan val_loss=nan best=-1.0000
[step 0040/150] method=baseline_avg loss=0.6752 train_acc=nan train_loss=nan val_acc=nan val_loss=nan best=-1.0000
[step 0050/150] method=baseline_avg loss=0.5849 train_acc=0.7305 train_loss=0.5785 val_acc=0.6895 val_loss=0.5857 router_H=0.6758 best=0.6895
           router_load=[0.5504447817802429, 0.2076476663351059, 0.026260869577527046, 0.21564669907093048]
[step 0060/150] method=baseline_avg loss=0.5059 train_acc=0.7305 train_loss=0.5785 val_acc=0.6895 val_loss=0.5857 router_H=0.6758 best=0.6895
           router_load=[0.5504447817802429, 0.2076476663351059, 0.026260869577527046, 0.21564669907093048]
[step 0070/150] method=baseline_avg loss=0.5737 train_acc=0.7305 train_loss=0.5785 val_acc=0.6895 val_loss=0.5857 router_H=0.6758 best=0.6895
           router_load=[0.5504447817802429, 0.2076476663351059, 0.026260869577527046, 0.21564669907093048]
[step 0080/150] method=baseline_avg loss=0.5101 train_acc=0.7305 train_loss=0.5785 val_acc=0.6895 val_loss=0.5857 router_H=0.6758 best=0.6895
           router_load=[0.5504447817802429, 0.2076476663351059, 0.026260869577527046, 0.21564669907093048]
[step 0090/150] method=baseline_avg loss=0.3788 train_acc=0.7305 train_loss=0.5785 val_acc=0.6895 val_loss=0.5857 router_H=0.6758 best=0.6895
           router_load=[0.5504447817802429, 0.2076476663351059, 0.026260869577527046, 0.21564669907093048]
[step 0100/150] method=baseline_avg loss=0.5725 train_acc=0.8164 train_loss=0.4483 val_acc=0.7437 val_loss=0.5331 router_H=0.6747 best=0.7437
           router_load=[0.5524489879608154, 0.20019063353538513, 0.0062355101108551025, 0.2411249727010727]
[step 0110/150] method=baseline_avg loss=0.5142 train_acc=0.8164 train_loss=0.4483 val_acc=0.7437 val_loss=0.5331 router_H=0.6747 best=0.7437
           router_load=[0.5524489879608154, 0.20019063353538513, 0.0062355101108551025, 0.2411249727010727]
[step 0120/150] method=baseline_avg loss=0.4164 train_acc=0.8164 train_loss=0.4483 val_acc=0.7437 val_loss=0.5331 router_H=0.6747 best=0.7437
           router_load=[0.5524489879608154, 0.20019063353538513, 0.0062355101108551025, 0.2411249727010727]
[step 0130/150] method=baseline_avg loss=0.5334 train_acc=0.8164 train_loss=0.4483 val_acc=0.7437 val_loss=0.5331 router_H=0.6747 best=0.7437
           router_load=[0.5524489879608154, 0.20019063353538513, 0.0062355101108551025, 0.2411249727010727]
[step 0140/150] method=baseline_avg loss=0.8122 train_acc=0.8164 train_loss=0.4483 val_acc=0.7437 val_loss=0.5331 router_H=0.6747 best=0.7437
           router_load=[0.5524489879608154, 0.20019063353538513, 0.0062355101108551025, 0.2411249727010727]
[step 0150/150] method=baseline_avg loss=0.5293 train_acc=0.8984 train_loss=0.2525 val_acc=0.8159 val_loss=0.4142 router_H=0.6818 best=0.8159
           router_load=[0.5136265754699707, 0.2700749635696411, 0.005834084004163742, 0.21046437323093414]
saved summary -> /home/zhujjing/MOE-grad-conflict-routing/runs/paper_suite/single_gpu/single_task/deberta_rte_lora_e4_k2_supplement/hpo/baseline/trial_runs/coord_03_train_grad_clip_019/baseline_s2.json
saved curve -> /home/zhujjing/MOE-grad-conflict-routing/runs/paper_suite/single_gpu/single_task/deberta_rte_lora_e4_k2_supplement/hpo/baseline/trial_runs/coord_03_train_grad_clip_019/baseline_s2_curve.csv
