[run] method=baseline candidate=coord_03_train_grad_clip_001 seed=2 steps=150 gpu=0
[run] cmd=
/home/zhujjing/anaconda3/envs/moe/bin/python /home/zhujjing/MOE-grad-conflict-routing/scripts/run.py --config configs/singletask_rte_real.yaml --set model.backbone_backend=hf --set model.hf_load_pretrained=true --set model.hf_local_files_only=true --set model.backbone=deberta --set model.hf_pretrained_name=microsoft/deberta-v3-base --set model.expert_type=lora --set model.routing_mode=topk --set model.num_experts=4 --set model.top_k=2 --set seed=2 --set method.name=baseline_avg --set train.steps=150 --set train.eval_every_steps=50 --set train.grad_clip=0.9733492507 --set train.lr=3.07386945e-05 --set train.weight_decay=0.002392015778 --out /home/zhujjing/MOE-grad-conflict-routing/runs/paper_suite/single_gpu/single_task/deberta_rte_lora_e4_k2_supplement/hpo/baseline/trial_runs/coord_03_train_grad_clip_001/baseline_s2.json --curve_out /home/zhujjing/MOE-grad-conflict-routing/runs/paper_suite/single_gpu/single_task/deberta_rte_lora_e4_k2_supplement/hpo/baseline/trial_runs/coord_03_train_grad_clip_001/baseline_s2_curve.csv
Using the latest cached version of the dataset since glue couldn't be found on the Hugging Face Hub (offline mode is enabled).
Found the latest cached dataset configuration 'rte' at /home/zhujjing/hf_cache/datasets/glue/rte/0.0.0/bcdcba79d07bc864c1c254ccfcedcce55bcc9a8c (last modified on Thu Mar 19 15:00:36 2026).
/home/zhujjing/anaconda3/envs/moe/lib/python3.10/site-packages/transformers/utils/hub.py:124: FutureWarning: Using `TRANSFORMERS_CACHE` is deprecated and will be removed in v5 of Transformers. Use `HF_HOME` instead.
  warnings.warn(
/home/zhujjing/anaconda3/envs/moe/lib/python3.10/site-packages/transformers/convert_slow_tokenizer.py:560: UserWarning: The sentencepiece tokenizer that you are converting to a fast tokenizer uses the byte fallback option which is not implemented in the fast tokenizers. In practice this means that the fast version of the tokenizer can produce unknown tokens whereas the sentencepiece version would have converted these unknown tokens into a sequence of byte tokens matching the original piece of text.
  warnings.warn(
[step 0001/150] method=baseline_avg loss=0.7274 train_acc=nan train_loss=nan val_acc=nan val_loss=nan best=-1.0000
[step 0010/150] method=baseline_avg loss=0.7962 train_acc=nan train_loss=nan val_acc=nan val_loss=nan best=-1.0000
[step 0020/150] method=baseline_avg loss=0.6582 train_acc=nan train_loss=nan val_acc=nan val_loss=nan best=-1.0000
[step 0030/150] method=baseline_avg loss=0.5347 train_acc=nan train_loss=nan val_acc=nan val_loss=nan best=-1.0000
[step 0040/150] method=baseline_avg loss=0.6874 train_acc=nan train_loss=nan val_acc=nan val_loss=nan best=-1.0000
[step 0050/150] method=baseline_avg loss=0.6811 train_acc=0.7148 train_loss=0.5163 val_acc=0.7004 val_loss=0.5630 router_H=0.6650 best=0.7004
           router_load=[0.018646741285920143, 0.6056385040283203, 0.3757147789001465, 0.0]
[step 0060/150] method=baseline_avg loss=0.5527 train_acc=0.7148 train_loss=0.5163 val_acc=0.7004 val_loss=0.5630 router_H=0.6650 best=0.7004
           router_load=[0.018646741285920143, 0.6056385040283203, 0.3757147789001465, 0.0]
[step 0070/150] method=baseline_avg loss=0.6141 train_acc=0.7148 train_loss=0.5163 val_acc=0.7004 val_loss=0.5630 router_H=0.6650 best=0.7004
           router_load=[0.018646741285920143, 0.6056385040283203, 0.3757147789001465, 0.0]
[step 0080/150] method=baseline_avg loss=0.4877 train_acc=0.7148 train_loss=0.5163 val_acc=0.7004 val_loss=0.5630 router_H=0.6650 best=0.7004
           router_load=[0.018646741285920143, 0.6056385040283203, 0.3757147789001465, 0.0]
[step 0090/150] method=baseline_avg loss=0.4708 train_acc=0.7148 train_loss=0.5163 val_acc=0.7004 val_loss=0.5630 router_H=0.6650 best=0.7004
           router_load=[0.018646741285920143, 0.6056385040283203, 0.3757147789001465, 0.0]
[step 0100/150] method=baseline_avg loss=0.4867 train_acc=0.8438 train_loss=0.4017 val_acc=0.7870 val_loss=0.4831 router_H=0.6726 best=0.7870
           router_load=[0.07930119335651398, 0.582115888595581, 0.3373644948005676, 0.0012183762155473232]
[step 0110/150] method=baseline_avg loss=0.4657 train_acc=0.8438 train_loss=0.4017 val_acc=0.7870 val_loss=0.4831 router_H=0.6726 best=0.7870
           router_load=[0.07930119335651398, 0.582115888595581, 0.3373644948005676, 0.0012183762155473232]
[step 0120/150] method=baseline_avg loss=0.3195 train_acc=0.8438 train_loss=0.4017 val_acc=0.7870 val_loss=0.4831 router_H=0.6726 best=0.7870
           router_load=[0.07930119335651398, 0.582115888595581, 0.3373644948005676, 0.0012183762155473232]
[step 0130/150] method=baseline_avg loss=0.6481 train_acc=0.8438 train_loss=0.4017 val_acc=0.7870 val_loss=0.4831 router_H=0.6726 best=0.7870
           router_load=[0.07930119335651398, 0.582115888595581, 0.3373644948005676, 0.0012183762155473232]
[step 0140/150] method=baseline_avg loss=0.7002 train_acc=0.8438 train_loss=0.4017 val_acc=0.7870 val_loss=0.4831 router_H=0.6726 best=0.7870
           router_load=[0.07930119335651398, 0.582115888595581, 0.3373644948005676, 0.0012183762155473232]
[step 0150/150] method=baseline_avg loss=0.5318 train_acc=0.9219 train_loss=0.2618 val_acc=0.8375 val_loss=0.4189 router_H=0.6766 best=0.8375
           router_load=[0.11352700740098953, 0.546978771686554, 0.3352372348308563, 0.004256941378116608]
saved summary -> /home/zhujjing/MOE-grad-conflict-routing/runs/paper_suite/single_gpu/single_task/deberta_rte_lora_e4_k2_supplement/hpo/baseline/trial_runs/coord_03_train_grad_clip_001/baseline_s2.json
saved curve -> /home/zhujjing/MOE-grad-conflict-routing/runs/paper_suite/single_gpu/single_task/deberta_rte_lora_e4_k2_supplement/hpo/baseline/trial_runs/coord_03_train_grad_clip_001/baseline_s2_curve.csv
