[run] method=baseline candidate=coord_03_train_grad_clip_028 seed=2 steps=150 gpu=0
[run] cmd=
/home/zhujjing/anaconda3/envs/moe/bin/python /home/zhujjing/MOE-grad-conflict-routing/scripts/run.py --config configs/singletask_rte_real.yaml --set model.backbone_backend=hf --set model.hf_load_pretrained=true --set model.hf_local_files_only=true --set model.backbone=deberta --set model.hf_pretrained_name=microsoft/deberta-v3-base --set model.expert_type=lora --set model.routing_mode=topk --set model.num_experts=4 --set model.top_k=2 --set seed=2 --set method.name=baseline_avg --set train.steps=150 --set train.eval_every_steps=50 --set train.grad_clip=1.620289055 --set train.lr=3.07386945e-05 --set train.weight_decay=0.002392015778 --out /home/zhujjing/MOE-grad-conflict-routing/runs/paper_suite/single_gpu/single_task/deberta_rte_lora_e4_k2_supplement/hpo/baseline/trial_runs/coord_03_train_grad_clip_028/baseline_s2.json --curve_out /home/zhujjing/MOE-grad-conflict-routing/runs/paper_suite/single_gpu/single_task/deberta_rte_lora_e4_k2_supplement/hpo/baseline/trial_runs/coord_03_train_grad_clip_028/baseline_s2_curve.csv
Using the latest cached version of the dataset since glue couldn't be found on the Hugging Face Hub (offline mode is enabled).
Found the latest cached dataset configuration 'rte' at /home/zhujjing/hf_cache/datasets/glue/rte/0.0.0/bcdcba79d07bc864c1c254ccfcedcce55bcc9a8c (last modified on Thu Mar 19 15:00:36 2026).
/home/zhujjing/anaconda3/envs/moe/lib/python3.10/site-packages/transformers/utils/hub.py:124: FutureWarning: Using `TRANSFORMERS_CACHE` is deprecated and will be removed in v5 of Transformers. Use `HF_HOME` instead.
  warnings.warn(
/home/zhujjing/anaconda3/envs/moe/lib/python3.10/site-packages/transformers/convert_slow_tokenizer.py:560: UserWarning: The sentencepiece tokenizer that you are converting to a fast tokenizer uses the byte fallback option which is not implemented in the fast tokenizers. In practice this means that the fast version of the tokenizer can produce unknown tokens whereas the sentencepiece version would have converted these unknown tokens into a sequence of byte tokens matching the original piece of text.
  warnings.warn(
[step 0001/150] method=baseline_avg loss=0.6814 train_acc=nan train_loss=nan val_acc=nan val_loss=nan best=-1.0000
[step 0010/150] method=baseline_avg loss=0.9606 train_acc=nan train_loss=nan val_acc=nan val_loss=nan best=-1.0000
[step 0020/150] method=baseline_avg loss=0.7615 train_acc=nan train_loss=nan val_acc=nan val_loss=nan best=-1.0000
[step 0030/150] method=baseline_avg loss=0.5746 train_acc=nan train_loss=nan val_acc=nan val_loss=nan best=-1.0000
[step 0040/150] method=baseline_avg loss=0.7082 train_acc=nan train_loss=nan val_acc=nan val_loss=nan best=-1.0000
[step 0050/150] method=baseline_avg loss=0.5575 train_acc=0.7031 train_loss=0.5886 val_acc=0.6498 val_loss=0.6123 router_H=0.6110 best=0.6498
           router_load=[0.01413805317133665, 0.6955404281616211, 0.08006630837917328, 0.21025529503822327]
[step 0060/150] method=baseline_avg loss=0.5465 train_acc=0.7031 train_loss=0.5886 val_acc=0.6498 val_loss=0.6123 router_H=0.6110 best=0.6498
           router_load=[0.01413805317133665, 0.6955404281616211, 0.08006630837917328, 0.21025529503822327]
[step 0070/150] method=baseline_avg loss=0.6223 train_acc=0.7031 train_loss=0.5886 val_acc=0.6498 val_loss=0.6123 router_H=0.6110 best=0.6498
           router_load=[0.01413805317133665, 0.6955404281616211, 0.08006630837917328, 0.21025529503822327]
[step 0080/150] method=baseline_avg loss=0.6517 train_acc=0.7031 train_loss=0.5886 val_acc=0.6498 val_loss=0.6123 router_H=0.6110 best=0.6498
           router_load=[0.01413805317133665, 0.6955404281616211, 0.08006630837917328, 0.21025529503822327]
[step 0090/150] method=baseline_avg loss=0.5023 train_acc=0.7031 train_loss=0.5886 val_acc=0.6498 val_loss=0.6123 router_H=0.6110 best=0.6498
           router_load=[0.01413805317133665, 0.6955404281616211, 0.08006630837917328, 0.21025529503822327]
[step 0100/150] method=baseline_avg loss=0.5050 train_acc=0.8555 train_loss=0.4326 val_acc=0.7545 val_loss=0.5314 router_H=0.6224 best=0.7545
           router_load=[0.03872951492667198, 0.6816220283508301, 0.13347488641738892, 0.1461736559867859]
[step 0110/150] method=baseline_avg loss=0.4353 train_acc=0.8555 train_loss=0.4326 val_acc=0.7545 val_loss=0.5314 router_H=0.6224 best=0.7545
           router_load=[0.03872951492667198, 0.6816220283508301, 0.13347488641738892, 0.1461736559867859]
[step 0120/150] method=baseline_avg loss=0.2989 train_acc=0.8555 train_loss=0.4326 val_acc=0.7545 val_loss=0.5314 router_H=0.6224 best=0.7545
           router_load=[0.03872951492667198, 0.6816220283508301, 0.13347488641738892, 0.1461736559867859]
[step 0130/150] method=baseline_avg loss=0.5201 train_acc=0.8555 train_loss=0.4326 val_acc=0.7545 val_loss=0.5314 router_H=0.6224 best=0.7545
           router_load=[0.03872951492667198, 0.6816220283508301, 0.13347488641738892, 0.1461736559867859]
[step 0140/150] method=baseline_avg loss=0.5703 train_acc=0.8555 train_loss=0.4326 val_acc=0.7545 val_loss=0.5314 router_H=0.6224 best=0.7545
           router_load=[0.03872951492667198, 0.6816220283508301, 0.13347488641738892, 0.1461736559867859]
[step 0150/150] method=baseline_avg loss=0.6055 train_acc=0.9180 train_loss=0.2828 val_acc=0.8087 val_loss=0.4746 router_H=0.6596 best=0.8087
           router_load=[0.15364964306354523, 0.6175511479377747, 0.20441560447216034, 0.024383606389164925]
saved summary -> /home/zhujjing/MOE-grad-conflict-routing/runs/paper_suite/single_gpu/single_task/deberta_rte_lora_e4_k2_supplement/hpo/baseline/trial_runs/coord_03_train_grad_clip_028/baseline_s2.json
saved curve -> /home/zhujjing/MOE-grad-conflict-routing/runs/paper_suite/single_gpu/single_task/deberta_rte_lora_e4_k2_supplement/hpo/baseline/trial_runs/coord_03_train_grad_clip_028/baseline_s2_curve.csv
