[run] method=baseline candidate=coord_03_train_grad_clip_028 seed=3 steps=150 gpu=0
[run] cmd=
/home/zhujjing/anaconda3/envs/moe/bin/python /home/zhujjing/MOE-grad-conflict-routing/scripts/run.py --config configs/singletask_rte_real.yaml --set model.backbone_backend=hf --set model.hf_load_pretrained=true --set model.hf_local_files_only=true --set model.backbone=deberta --set model.hf_pretrained_name=microsoft/deberta-v3-base --set model.expert_type=lora --set model.routing_mode=topk --set model.num_experts=4 --set model.top_k=2 --set seed=3 --set method.name=baseline_avg --set train.steps=150 --set train.eval_every_steps=50 --set train.grad_clip=1.620289055 --set train.lr=3.07386945e-05 --set train.weight_decay=0.002392015778 --out /home/zhujjing/MOE-grad-conflict-routing/runs/paper_suite/single_gpu/single_task/deberta_rte_lora_e4_k2_supplement/hpo/baseline/trial_runs/coord_03_train_grad_clip_028/baseline_s3.json --curve_out /home/zhujjing/MOE-grad-conflict-routing/runs/paper_suite/single_gpu/single_task/deberta_rte_lora_e4_k2_supplement/hpo/baseline/trial_runs/coord_03_train_grad_clip_028/baseline_s3_curve.csv
Using the latest cached version of the dataset since glue couldn't be found on the Hugging Face Hub (offline mode is enabled).
Found the latest cached dataset configuration 'rte' at /home/zhujjing/hf_cache/datasets/glue/rte/0.0.0/bcdcba79d07bc864c1c254ccfcedcce55bcc9a8c (last modified on Thu Mar 19 15:00:36 2026).
/home/zhujjing/anaconda3/envs/moe/lib/python3.10/site-packages/transformers/utils/hub.py:124: FutureWarning: Using `TRANSFORMERS_CACHE` is deprecated and will be removed in v5 of Transformers. Use `HF_HOME` instead.
  warnings.warn(
/home/zhujjing/anaconda3/envs/moe/lib/python3.10/site-packages/transformers/convert_slow_tokenizer.py:560: UserWarning: The sentencepiece tokenizer that you are converting to a fast tokenizer uses the byte fallback option which is not implemented in the fast tokenizers. In practice this means that the fast version of the tokenizer can produce unknown tokens whereas the sentencepiece version would have converted these unknown tokens into a sequence of byte tokens matching the original piece of text.
  warnings.warn(
[step 0001/150] method=baseline_avg loss=0.9126 train_acc=nan train_loss=nan val_acc=nan val_loss=nan best=-1.0000
[step 0010/150] method=baseline_avg loss=0.6822 train_acc=nan train_loss=nan val_acc=nan val_loss=nan best=-1.0000
[step 0020/150] method=baseline_avg loss=0.6444 train_acc=nan train_loss=nan val_acc=nan val_loss=nan best=-1.0000
[step 0030/150] method=baseline_avg loss=0.6093 train_acc=nan train_loss=nan val_acc=nan val_loss=nan best=-1.0000
[step 0040/150] method=baseline_avg loss=0.5463 train_acc=nan train_loss=nan val_acc=nan val_loss=nan best=-1.0000
[step 0050/150] method=baseline_avg loss=0.6060 train_acc=0.7773 train_loss=0.5264 val_acc=0.6931 val_loss=0.5646 router_H=0.6553 best=0.6931
           router_load=[0.3103446960449219, 0.11209236830472946, 0.5637849569320679, 0.013777944259345531]
[step 0060/150] method=baseline_avg loss=0.3920 train_acc=0.7773 train_loss=0.5264 val_acc=0.6931 val_loss=0.5646 router_H=0.6553 best=0.6931
           router_load=[0.3103446960449219, 0.11209236830472946, 0.5637849569320679, 0.013777944259345531]
[step 0070/150] method=baseline_avg loss=0.6596 train_acc=0.7773 train_loss=0.5264 val_acc=0.6931 val_loss=0.5646 router_H=0.6553 best=0.6931
           router_load=[0.3103446960449219, 0.11209236830472946, 0.5637849569320679, 0.013777944259345531]
[step 0080/150] method=baseline_avg loss=0.4241 train_acc=0.7773 train_loss=0.5264 val_acc=0.6931 val_loss=0.5646 router_H=0.6553 best=0.6931
           router_load=[0.3103446960449219, 0.11209236830472946, 0.5637849569320679, 0.013777944259345531]
[step 0090/150] method=baseline_avg loss=0.5215 train_acc=0.7773 train_loss=0.5264 val_acc=0.6931 val_loss=0.5646 router_H=0.6553 best=0.6931
           router_load=[0.3103446960449219, 0.11209236830472946, 0.5637849569320679, 0.013777944259345531]
[step 0100/150] method=baseline_avg loss=0.6953 train_acc=0.8633 train_loss=0.3146 val_acc=0.7653 val_loss=0.5024 router_H=0.6613 best=0.7653
           router_load=[0.31576821208000183, 0.04904326796531677, 0.5369384288787842, 0.09825003147125244]
[step 0110/150] method=baseline_avg loss=0.3939 train_acc=0.8633 train_loss=0.3146 val_acc=0.7653 val_loss=0.5024 router_H=0.6613 best=0.7653
           router_load=[0.31576821208000183, 0.04904326796531677, 0.5369384288787842, 0.09825003147125244]
[step 0120/150] method=baseline_avg loss=0.4701 train_acc=0.8633 train_loss=0.3146 val_acc=0.7653 val_loss=0.5024 router_H=0.6613 best=0.7653
           router_load=[0.31576821208000183, 0.04904326796531677, 0.5369384288787842, 0.09825003147125244]
[step 0130/150] method=baseline_avg loss=0.4209 train_acc=0.8633 train_loss=0.3146 val_acc=0.7653 val_loss=0.5024 router_H=0.6613 best=0.7653
           router_load=[0.31576821208000183, 0.04904326796531677, 0.5369384288787842, 0.09825003147125244]
[step 0140/150] method=baseline_avg loss=0.2392 train_acc=0.8633 train_loss=0.3146 val_acc=0.7653 val_loss=0.5024 router_H=0.6613 best=0.7653
           router_load=[0.31576821208000183, 0.04904326796531677, 0.5369384288787842, 0.09825003147125244]
[step 0150/150] method=baseline_avg loss=0.1897 train_acc=0.8984 train_loss=0.2810 val_acc=0.7473 val_loss=0.5216 router_H=0.6625 best=0.7653
           router_load=[0.5120528340339661, 0.1748899221420288, 0.25858235359191895, 0.05447480082511902]
saved summary -> /home/zhujjing/MOE-grad-conflict-routing/runs/paper_suite/single_gpu/single_task/deberta_rte_lora_e4_k2_supplement/hpo/baseline/trial_runs/coord_03_train_grad_clip_028/baseline_s3.json
saved curve -> /home/zhujjing/MOE-grad-conflict-routing/runs/paper_suite/single_gpu/single_task/deberta_rte_lora_e4_k2_supplement/hpo/baseline/trial_runs/coord_03_train_grad_clip_028/baseline_s3_curve.csv
