[run] method=cagrad candidate=coord_04_method_baseline_cagrad_c_012 seed=2 steps=150 gpu=0
[run] cmd=
/home/zhujjing/anaconda3/envs/moe/bin/python /home/zhujjing/MOE-grad-conflict-routing/scripts/run.py --config configs/singletask_mrpc_real.yaml --set model.backbone_backend=hf --set model.hf_load_pretrained=true --set model.backbone=deberta --set model.hf_pretrained_name=microsoft/deberta-v3-base --set model.expert_type=lora --set model.routing_mode=topk --set model.num_experts=4 --set model.top_k=2 --set seed=2 --set method.name=baseline_cagrad --set train.steps=150 --set train.eval_every_steps=50 --set method.baseline_cagrad.c=0.9009367383 --set method.baseline_cagrad.inner_lr=0.1 --set train.grad_clip=1.658271302 --set train.lr=7.848640431e-05 --set train.weight_decay=0.01566577443 --out /home/zhujjing/MOE-grad-conflict-routing/runs/paper_suite/single_gpu/single_task/deberta_mrpc_lora_e4_k2/hpo/cagrad/trial_runs/coord_04_method_baseline_cagrad_c_012/cagrad_s2.json --curve_out /home/zhujjing/MOE-grad-conflict-routing/runs/paper_suite/single_gpu/single_task/deberta_mrpc_lora_e4_k2/hpo/cagrad/trial_runs/coord_04_method_baseline_cagrad_c_012/cagrad_s2_curve.csv
Using the latest cached version of the dataset since glue couldn't be found on the Hugging Face Hub (offline mode is enabled).
Found the latest cached dataset configuration 'mrpc' at /home/zhujjing/hf_cache/datasets/glue/mrpc/0.0.0/bcdcba79d07bc864c1c254ccfcedcce55bcc9a8c (last modified on Thu Mar 19 15:01:06 2026).
/home/zhujjing/anaconda3/envs/moe/lib/python3.10/site-packages/transformers/utils/hub.py:124: FutureWarning: Using `TRANSFORMERS_CACHE` is deprecated and will be removed in v5 of Transformers. Use `HF_HOME` instead.
  warnings.warn(
/home/zhujjing/anaconda3/envs/moe/lib/python3.10/site-packages/transformers/convert_slow_tokenizer.py:560: UserWarning: The sentencepiece tokenizer that you are converting to a fast tokenizer uses the byte fallback option which is not implemented in the fast tokenizers. In practice this means that the fast version of the tokenizer can produce unknown tokens whereas the sentencepiece version would have converted these unknown tokens into a sequence of byte tokens matching the original piece of text.
  warnings.warn(
[step 0001/150] method=baseline_cagrad loss=0.8932 train_acc=nan train_loss=nan val_acc=nan val_loss=nan best=-1.0000
[step 0010/150] method=baseline_cagrad loss=0.5966 train_acc=nan train_loss=nan val_acc=nan val_loss=nan best=-1.0000
[step 0020/150] method=baseline_cagrad loss=0.7140 train_acc=nan train_loss=nan val_acc=nan val_loss=nan best=-1.0000
[step 0030/150] method=baseline_cagrad loss=0.5767 train_acc=nan train_loss=nan val_acc=nan val_loss=nan best=-1.0000
[step 0040/150] method=baseline_cagrad loss=0.4182 train_acc=nan train_loss=nan val_acc=nan val_loss=nan best=-1.0000
[step 0050/150] method=baseline_cagrad loss=0.5468 train_acc=0.6821 train_loss=0.5640 val_acc=0.6887 val_loss=0.5625 router_H=0.5763 best=0.6887
           router_load=[0.16200533509254456, 0.10355601459741592, 0.7344386577606201, 0.0]
[step 0060/150] method=baseline_cagrad loss=0.4391 train_acc=0.6821 train_loss=0.5640 val_acc=0.6887 val_loss=0.5625 router_H=0.5763 best=0.6887
           router_load=[0.16200533509254456, 0.10355601459741592, 0.7344386577606201, 0.0]
[step 0070/150] method=baseline_cagrad loss=0.3233 train_acc=0.6821 train_loss=0.5640 val_acc=0.6887 val_loss=0.5625 router_H=0.5763 best=0.6887
           router_load=[0.16200533509254456, 0.10355601459741592, 0.7344386577606201, 0.0]
[step 0080/150] method=baseline_cagrad loss=0.2422 train_acc=0.6821 train_loss=0.5640 val_acc=0.6887 val_loss=0.5625 router_H=0.5763 best=0.6887
           router_load=[0.16200533509254456, 0.10355601459741592, 0.7344386577606201, 0.0]
[step 0090/150] method=baseline_cagrad loss=0.4188 train_acc=0.6821 train_loss=0.5640 val_acc=0.6887 val_loss=0.5625 router_H=0.5763 best=0.6887
           router_load=[0.16200533509254456, 0.10355601459741592, 0.7344386577606201, 0.0]
[step 0100/150] method=baseline_cagrad loss=0.2409 train_acc=0.8716 train_loss=0.2971 val_acc=0.8554 val_loss=0.3284 router_H=0.5780 best=0.8554
           router_load=[0.006121805403381586, 0.3153943717479706, 0.6588311791419983, 0.019652726128697395]
[step 0110/150] method=baseline_cagrad loss=0.4561 train_acc=0.8716 train_loss=0.2971 val_acc=0.8554 val_loss=0.3284 router_H=0.5780 best=0.8554
           router_load=[0.006121805403381586, 0.3153943717479706, 0.6588311791419983, 0.019652726128697395]
[step 0120/150] method=baseline_cagrad loss=0.2437 train_acc=0.8716 train_loss=0.2971 val_acc=0.8554 val_loss=0.3284 router_H=0.5780 best=0.8554
           router_load=[0.006121805403381586, 0.3153943717479706, 0.6588311791419983, 0.019652726128697395]
[step 0130/150] method=baseline_cagrad loss=0.3600 train_acc=0.8716 train_loss=0.2971 val_acc=0.8554 val_loss=0.3284 router_H=0.5780 best=0.8554
           router_load=[0.006121805403381586, 0.3153943717479706, 0.6588311791419983, 0.019652726128697395]
[step 0140/150] method=baseline_cagrad loss=0.2992 train_acc=0.8716 train_loss=0.2971 val_acc=0.8554 val_loss=0.3284 router_H=0.5780 best=0.8554
           router_load=[0.006121805403381586, 0.3153943717479706, 0.6588311791419983, 0.019652726128697395]
[step 0150/150] method=baseline_cagrad loss=0.6395 train_acc=0.9049 train_loss=0.2408 val_acc=0.8578 val_loss=0.2928 router_H=0.4335 best=0.8578
           router_load=[0.01096326019614935, 0.13662806153297424, 0.8128517270088196, 0.03955704718828201]
saved summary -> /home/zhujjing/MOE-grad-conflict-routing/runs/paper_suite/single_gpu/single_task/deberta_mrpc_lora_e4_k2/hpo/cagrad/trial_runs/coord_04_method_baseline_cagrad_c_012/cagrad_s2.json
saved curve -> /home/zhujjing/MOE-grad-conflict-routing/runs/paper_suite/single_gpu/single_task/deberta_mrpc_lora_e4_k2/hpo/cagrad/trial_runs/coord_04_method_baseline_cagrad_c_012/cagrad_s2_curve.csv
