[run] method=cagrad candidate=coord_03_train_grad_clip_008 seed=3 steps=200 gpu=0
[run] cmd=
/root/miniconda3/envs/optimization/bin/python /root/Optimization/MOE-grad-conflict-routing/scripts/run.py --config configs/singletask_cola_real.yaml --set train.eval_train_fraction=0.1 --set model.backbone_backend=hf --set model.hf_load_pretrained=true --set model.hf_local_files_only=true --set model.backbone=roberta --set model.hf_pretrained_name=roberta-base --set model.expert_type=lora --set model.routing_mode=topk --set model.num_experts=4 --set model.top_k=2 --set seed=3 --set method.name=baseline_cagrad --set train.steps=200 --set train.eval_every_steps=100 --set method.baseline_cagrad.c=0.4 --set method.baseline_cagrad.inner_lr=0.1 --set train.grad_clip=0.9919648274 --set train.lr=2e-05 --set train.weight_decay=0.01 --out /root/Optimization/MOE-grad-conflict-routing/runs/paper_suite_supplement/single_task_add_rerun/single_task/roberta_cola_lora_e4_k2/hpo/cagrad/trial_runs/coord_03_train_grad_clip_008/cagrad_s3.json --curve_out /root/Optimization/MOE-grad-conflict-routing/runs/paper_suite_supplement/single_task_add_rerun/single_task/roberta_cola_lora_e4_k2/hpo/cagrad/trial_runs/coord_03_train_grad_clip_008/cagrad_s3_curve.csv
Using the latest cached version of the dataset since glue couldn't be found on the Hugging Face Hub (offline mode is enabled).
Found the latest cached dataset configuration 'cola' at /root/.cache/huggingface/datasets/glue/cola/0.0.0/bcdcba79d07bc864c1c254ccfcedcce55bcc9a8c (last modified on Thu Mar 26 23:46:11 2026).
Loading weights:   0%|          | 0/197 [00:00<?, ?it/s]Loading weights: 100%|██████████| 197/197 [00:00<00:00, 6546.80it/s]
[1mRobertaModel LOAD REPORT[0m from: roberta-base
Key                             | Status     | 
--------------------------------+------------+-
lm_head.layer_norm.weight       | UNEXPECTED | 
lm_head.dense.bias              | UNEXPECTED | 
lm_head.bias                    | UNEXPECTED | 
lm_head.layer_norm.bias         | UNEXPECTED | 
roberta.embeddings.position_ids | UNEXPECTED | 
lm_head.dense.weight            | UNEXPECTED | 
pooler.dense.weight             | MISSING    | 
pooler.dense.bias               | MISSING    | 

[3mNotes:
- UNEXPECTED[3m	:can be ignored when loading from different task/architecture; not ok if you expect identical arch.
- MISSING[3m	:those params were newly initialized because missing from the checkpoint. Consider training on your downstream task.[0m
[step 0001/200] method=baseline_cagrad loss=0.7463 train_acc=nan train_loss=nan val_acc=nan val_loss=nan best=-1.0000
[step 0010/200] method=baseline_cagrad loss=0.3769 train_acc=nan train_loss=nan val_acc=nan val_loss=nan best=-1.0000
[step 0020/200] method=baseline_cagrad loss=0.7627 train_acc=nan train_loss=nan val_acc=nan val_loss=nan best=-1.0000
[step 0030/200] method=baseline_cagrad loss=0.6406 train_acc=nan train_loss=nan val_acc=nan val_loss=nan best=-1.0000
[step 0040/200] method=baseline_cagrad loss=0.7903 train_acc=nan train_loss=nan val_acc=nan val_loss=nan best=-1.0000
[step 0050/200] method=baseline_cagrad loss=0.6994 train_acc=nan train_loss=nan val_acc=nan val_loss=nan best=-1.0000
[step 0060/200] method=baseline_cagrad loss=0.5598 train_acc=nan train_loss=nan val_acc=nan val_loss=nan best=-1.0000
[step 0070/200] method=baseline_cagrad loss=0.6207 train_acc=nan train_loss=nan val_acc=nan val_loss=nan best=-1.0000
[step 0080/200] method=baseline_cagrad loss=0.4308 train_acc=nan train_loss=nan val_acc=nan val_loss=nan best=-1.0000
[step 0090/200] method=baseline_cagrad loss=0.5491 train_acc=nan train_loss=nan val_acc=nan val_loss=nan best=-1.0000
[step 0100/200] method=baseline_cagrad loss=0.5950 train_acc=0.8171 train_loss=0.4209 val_acc=0.7852 val_loss=0.4925 router_H=0.6698 best=0.7852
           router_load=[0.06690335273742676, 0.22572855651378632, 0.1028364822268486, 0.6045315265655518]
[step 0110/200] method=baseline_cagrad loss=0.3915 train_acc=0.8171 train_loss=0.4209 val_acc=0.7852 val_loss=0.4925 router_H=0.6698 best=0.7852
           router_load=[0.06690335273742676, 0.22572855651378632, 0.1028364822268486, 0.6045315265655518]
[step 0120/200] method=baseline_cagrad loss=0.5538 train_acc=0.8171 train_loss=0.4209 val_acc=0.7852 val_loss=0.4925 router_H=0.6698 best=0.7852
           router_load=[0.06690335273742676, 0.22572855651378632, 0.1028364822268486, 0.6045315265655518]
[step 0130/200] method=baseline_cagrad loss=0.6906 train_acc=0.8171 train_loss=0.4209 val_acc=0.7852 val_loss=0.4925 router_H=0.6698 best=0.7852
           router_load=[0.06690335273742676, 0.22572855651378632, 0.1028364822268486, 0.6045315265655518]
[step 0140/200] method=baseline_cagrad loss=0.5747 train_acc=0.8171 train_loss=0.4209 val_acc=0.7852 val_loss=0.4925 router_H=0.6698 best=0.7852
           router_load=[0.06690335273742676, 0.22572855651378632, 0.1028364822268486, 0.6045315265655518]
[step 0150/200] method=baseline_cagrad loss=0.2931 train_acc=0.8171 train_loss=0.4209 val_acc=0.7852 val_loss=0.4925 router_H=0.6698 best=0.7852
           router_load=[0.06690335273742676, 0.22572855651378632, 0.1028364822268486, 0.6045315265655518]
[step 0160/200] method=baseline_cagrad loss=0.4664 train_acc=0.8171 train_loss=0.4209 val_acc=0.7852 val_loss=0.4925 router_H=0.6698 best=0.7852
           router_load=[0.06690335273742676, 0.22572855651378632, 0.1028364822268486, 0.6045315265655518]
[step 0170/200] method=baseline_cagrad loss=0.3700 train_acc=0.8171 train_loss=0.4209 val_acc=0.7852 val_loss=0.4925 router_H=0.6698 best=0.7852
           router_load=[0.06690335273742676, 0.22572855651378632, 0.1028364822268486, 0.6045315265655518]
[step 0180/200] method=baseline_cagrad loss=0.5918 train_acc=0.8171 train_loss=0.4209 val_acc=0.7852 val_loss=0.4925 router_H=0.6698 best=0.7852
           router_load=[0.06690335273742676, 0.22572855651378632, 0.1028364822268486, 0.6045315265655518]
[step 0190/200] method=baseline_cagrad loss=0.5424 train_acc=0.8171 train_loss=0.4209 val_acc=0.7852 val_loss=0.4925 router_H=0.6698 best=0.7852
           router_load=[0.06690335273742676, 0.22572855651378632, 0.1028364822268486, 0.6045315265655518]
[step 0200/200] method=baseline_cagrad loss=0.5625 train_acc=0.8206 train_loss=0.3951 val_acc=0.8015 val_loss=0.4645 router_H=0.6724 best=0.8015
           router_load=[0.05716508626937866, 0.1928003430366516, 0.15299801528453827, 0.5970365405082703]
saved summary -> /root/Optimization/MOE-grad-conflict-routing/runs/paper_suite_supplement/single_task_add_rerun/single_task/roberta_cola_lora_e4_k2/hpo/cagrad/trial_runs/coord_03_train_grad_clip_008/cagrad_s3.json
saved curve -> /root/Optimization/MOE-grad-conflict-routing/runs/paper_suite_supplement/single_task_add_rerun/single_task/roberta_cola_lora_e4_k2/hpo/cagrad/trial_runs/coord_03_train_grad_clip_008/cagrad_s3_curve.csv
