[run] method=ours candidate=coord_03_train_grad_clip_004 seed=2 steps=200 gpu=0
[run] cmd=
/root/miniconda3/envs/optimization/bin/python /root/Optimization/MOE-grad-conflict-routing/scripts/run.py --config configs/singletask_cola_real.yaml --set train.eval_train_fraction=0.1 --set model.backbone_backend=hf --set model.hf_load_pretrained=true --set model.hf_local_files_only=true --set model.backbone=roberta --set model.hf_pretrained_name=roberta-base --set model.expert_type=lora --set model.routing_mode=topk --set model.num_experts=4 --set model.top_k=2 --set seed=2 --set method.name=ours --set train.steps=200 --set train.eval_every_steps=100 --set method.ours.use_load_norm=true --set method.ours.lambda_align=0.001 --set train.grad_clip=0.8112607949 --set train.lr=2e-05 --set train.weight_decay=0.01569929632 --out /root/Optimization/MOE-grad-conflict-routing/runs/paper_suite_supplement/single_task_add_rerun/single_task/roberta_cola_lora_e4_k2/hpo/ours/trial_runs/coord_03_train_grad_clip_004/ours_s2.json --curve_out /root/Optimization/MOE-grad-conflict-routing/runs/paper_suite_supplement/single_task_add_rerun/single_task/roberta_cola_lora_e4_k2/hpo/ours/trial_runs/coord_03_train_grad_clip_004/ours_s2_curve.csv
Using the latest cached version of the dataset since glue couldn't be found on the Hugging Face Hub (offline mode is enabled).
Found the latest cached dataset configuration 'cola' at /root/.cache/huggingface/datasets/glue/cola/0.0.0/bcdcba79d07bc864c1c254ccfcedcce55bcc9a8c (last modified on Thu Mar 26 23:46:11 2026).
Loading weights:   0%|          | 0/197 [00:00<?, ?it/s]Loading weights: 100%|██████████| 197/197 [00:00<00:00, 5264.36it/s]
[1mRobertaModel LOAD REPORT[0m from: roberta-base
Key                             | Status     | 
--------------------------------+------------+-
lm_head.dense.bias              | UNEXPECTED | 
lm_head.dense.weight            | UNEXPECTED | 
lm_head.layer_norm.bias         | UNEXPECTED | 
lm_head.layer_norm.weight       | UNEXPECTED | 
lm_head.bias                    | UNEXPECTED | 
roberta.embeddings.position_ids | UNEXPECTED | 
pooler.dense.weight             | MISSING    | 
pooler.dense.bias               | MISSING    | 

[3mNotes:
- UNEXPECTED[3m	:can be ignored when loading from different task/architecture; not ok if you expect identical arch.
- MISSING[3m	:those params were newly initialized because missing from the checkpoint. Consider training on your downstream task.[0m
[step 0001/200] method=ours loss=0.7148 train_acc=nan train_loss=nan val_acc=nan val_loss=nan best=-1.0000
[step 0010/200] method=ours loss=0.5388 train_acc=nan train_loss=nan val_acc=nan val_loss=nan best=-1.0000
[step 0020/200] method=ours loss=0.6361 train_acc=nan train_loss=nan val_acc=nan val_loss=nan best=-1.0000
[step 0030/200] method=ours loss=0.5351 train_acc=nan train_loss=nan val_acc=nan val_loss=nan best=-1.0000
[step 0040/200] method=ours loss=0.4257 train_acc=nan train_loss=nan val_acc=nan val_loss=nan best=-1.0000
[step 0050/200] method=ours loss=0.4477 train_acc=nan train_loss=nan val_acc=nan val_loss=nan best=-1.0000
[step 0060/200] method=ours loss=0.4054 train_acc=nan train_loss=nan val_acc=nan val_loss=nan best=-1.0000
[step 0070/200] method=ours loss=0.5127 train_acc=nan train_loss=nan val_acc=nan val_loss=nan best=-1.0000
[step 0080/200] method=ours loss=0.5903 train_acc=nan train_loss=nan val_acc=nan val_loss=nan best=-1.0000
[step 0090/200] method=ours loss=0.5612 train_acc=nan train_loss=nan val_acc=nan val_loss=nan best=-1.0000
[step 0100/200] method=ours loss=0.4706 train_acc=0.8368 train_loss=0.4123 val_acc=0.7881 val_loss=0.4779 router_H=0.6878 best=0.7881
           router_load=[0.1435474306344986, 0.4174392521381378, 0.3805478513240814, 0.05846535041928291]
[step 0110/200] method=ours loss=0.6316 train_acc=0.8368 train_loss=0.4123 val_acc=0.7881 val_loss=0.4779 router_H=0.6878 best=0.7881
           router_load=[0.1435474306344986, 0.4174392521381378, 0.3805478513240814, 0.05846535041928291]
[step 0120/200] method=ours loss=0.5362 train_acc=0.8368 train_loss=0.4123 val_acc=0.7881 val_loss=0.4779 router_H=0.6878 best=0.7881
           router_load=[0.1435474306344986, 0.4174392521381378, 0.3805478513240814, 0.05846535041928291]
[step 0130/200] method=ours loss=0.4033 train_acc=0.8368 train_loss=0.4123 val_acc=0.7881 val_loss=0.4779 router_H=0.6878 best=0.7881
           router_load=[0.1435474306344986, 0.4174392521381378, 0.3805478513240814, 0.05846535041928291]
[step 0140/200] method=ours loss=0.4173 train_acc=0.8368 train_loss=0.4123 val_acc=0.7881 val_loss=0.4779 router_H=0.6878 best=0.7881
           router_load=[0.1435474306344986, 0.4174392521381378, 0.3805478513240814, 0.05846535041928291]
[step 0150/200] method=ours loss=0.7253 train_acc=0.8368 train_loss=0.4123 val_acc=0.7881 val_loss=0.4779 router_H=0.6878 best=0.7881
           router_load=[0.1435474306344986, 0.4174392521381378, 0.3805478513240814, 0.05846535041928291]
[step 0160/200] method=ours loss=0.4177 train_acc=0.8368 train_loss=0.4123 val_acc=0.7881 val_loss=0.4779 router_H=0.6878 best=0.7881
           router_load=[0.1435474306344986, 0.4174392521381378, 0.3805478513240814, 0.05846535041928291]
[step 0170/200] method=ours loss=0.3404 train_acc=0.8368 train_loss=0.4123 val_acc=0.7881 val_loss=0.4779 router_H=0.6878 best=0.7881
           router_load=[0.1435474306344986, 0.4174392521381378, 0.3805478513240814, 0.05846535041928291]
[step 0180/200] method=ours loss=0.3825 train_acc=0.8368 train_loss=0.4123 val_acc=0.7881 val_loss=0.4779 router_H=0.6878 best=0.7881
           router_load=[0.1435474306344986, 0.4174392521381378, 0.3805478513240814, 0.05846535041928291]
[step 0190/200] method=ours loss=0.4842 train_acc=0.8368 train_loss=0.4123 val_acc=0.7881 val_loss=0.4779 router_H=0.6878 best=0.7881
           router_load=[0.1435474306344986, 0.4174392521381378, 0.3805478513240814, 0.05846535041928291]
[step 0200/200] method=ours loss=0.8015 train_acc=0.7674 train_loss=0.5458 val_acc=0.7392 val_loss=0.6133 router_H=0.6847 best=0.7881
           router_load=[0.1401425302028656, 0.4981862008571625, 0.3323311507701874, 0.029340112581849098]
saved summary -> /root/Optimization/MOE-grad-conflict-routing/runs/paper_suite_supplement/single_task_add_rerun/single_task/roberta_cola_lora_e4_k2/hpo/ours/trial_runs/coord_03_train_grad_clip_004/ours_s2.json
saved curve -> /root/Optimization/MOE-grad-conflict-routing/runs/paper_suite_supplement/single_task_add_rerun/single_task/roberta_cola_lora_e4_k2/hpo/ours/trial_runs/coord_03_train_grad_clip_004/ours_s2_curve.csv
