[run] method=cagrad candidate=coord_05_method_baseline_cagrad_inner_lr_008 seed=3 steps=150 gpu=0
[run] cmd=
/home/zhujjing/anaconda3/envs/moe/bin/python /home/zhujjing/MOE-grad-conflict-routing/scripts/run.py --config configs/singletask_rte_real.yaml --set model.backbone_backend=hf --set model.hf_load_pretrained=true --set model.backbone=deberta --set model.hf_pretrained_name=microsoft/deberta-v3-base --set model.expert_type=ffn --set model.routing_mode=topk --set model.num_experts=4 --set model.top_k=2 --set seed=3 --set method.name=baseline_cagrad --set train.steps=150 --set train.eval_every_steps=50 --set method.baseline_cagrad.c=0.69392653 --set method.baseline_cagrad.inner_lr=0.0706776422 --set train.grad_clip=1.19532768 --set train.lr=2e-05 --set train.weight_decay=0.02536478282 --out /home/zhujjing/MOE-grad-conflict-routing/runs/paper_suite/single_gpu/single_task/deberta_rte_ffn_e4_k2/hpo/cagrad/trial_runs/coord_05_method_baseline_cagrad_inner_lr_008/cagrad_s3.json --curve_out /home/zhujjing/MOE-grad-conflict-routing/runs/paper_suite/single_gpu/single_task/deberta_rte_ffn_e4_k2/hpo/cagrad/trial_runs/coord_05_method_baseline_cagrad_inner_lr_008/cagrad_s3_curve.csv
Using the latest cached version of the dataset since glue couldn't be found on the Hugging Face Hub (offline mode is enabled).
Found the latest cached dataset configuration 'rte' at /home/zhujjing/hf_cache/datasets/glue/rte/0.0.0/bcdcba79d07bc864c1c254ccfcedcce55bcc9a8c (last modified on Thu Mar 19 15:00:36 2026).
/home/zhujjing/anaconda3/envs/moe/lib/python3.10/site-packages/transformers/utils/hub.py:124: FutureWarning: Using `TRANSFORMERS_CACHE` is deprecated and will be removed in v5 of Transformers. Use `HF_HOME` instead.
  warnings.warn(
/home/zhujjing/anaconda3/envs/moe/lib/python3.10/site-packages/transformers/convert_slow_tokenizer.py:560: UserWarning: The sentencepiece tokenizer that you are converting to a fast tokenizer uses the byte fallback option which is not implemented in the fast tokenizers. In practice this means that the fast version of the tokenizer can produce unknown tokens whereas the sentencepiece version would have converted these unknown tokens into a sequence of byte tokens matching the original piece of text.
  warnings.warn(
[step 0001/150] method=baseline_cagrad loss=0.6968 train_acc=nan train_loss=nan val_acc=nan val_loss=nan best=-1.0000
[step 0010/150] method=baseline_cagrad loss=0.6766 train_acc=nan train_loss=nan val_acc=nan val_loss=nan best=-1.0000
[step 0020/150] method=baseline_cagrad loss=0.6565 train_acc=nan train_loss=nan val_acc=nan val_loss=nan best=-1.0000
[step 0030/150] method=baseline_cagrad loss=0.5619 train_acc=nan train_loss=nan val_acc=nan val_loss=nan best=-1.0000
[step 0040/150] method=baseline_cagrad loss=0.5827 train_acc=nan train_loss=nan val_acc=nan val_loss=nan best=-1.0000
[step 0050/150] method=baseline_cagrad loss=0.5680 train_acc=0.7522 train_loss=0.5352 val_acc=0.7040 val_loss=0.5726 router_H=0.4869 best=0.7040
           router_load=[0.03546464070677757, 0.1029280573129654, 0.05694952234625816, 0.8046578764915466]
[step 0060/150] method=baseline_cagrad loss=0.3956 train_acc=0.7522 train_loss=0.5352 val_acc=0.7040 val_loss=0.5726 router_H=0.4869 best=0.7040
           router_load=[0.03546464070677757, 0.1029280573129654, 0.05694952234625816, 0.8046578764915466]
[step 0070/150] method=baseline_cagrad loss=0.6737 train_acc=0.7522 train_loss=0.5352 val_acc=0.7040 val_loss=0.5726 router_H=0.4869 best=0.7040
           router_load=[0.03546464070677757, 0.1029280573129654, 0.05694952234625816, 0.8046578764915466]
[step 0080/150] method=baseline_cagrad loss=0.4360 train_acc=0.7522 train_loss=0.5352 val_acc=0.7040 val_loss=0.5726 router_H=0.4869 best=0.7040
           router_load=[0.03546464070677757, 0.1029280573129654, 0.05694952234625816, 0.8046578764915466]
[step 0090/150] method=baseline_cagrad loss=0.5101 train_acc=0.7522 train_loss=0.5352 val_acc=0.7040 val_loss=0.5726 router_H=0.4869 best=0.7040
           router_load=[0.03546464070677757, 0.1029280573129654, 0.05694952234625816, 0.8046578764915466]
[step 0100/150] method=baseline_cagrad loss=0.6586 train_acc=0.8048 train_loss=0.4112 val_acc=0.7112 val_loss=0.5551 router_H=0.4325 best=0.7112
           router_load=[0.08092530071735382, 0.033612389117479324, 0.04586101695895195, 0.8396012187004089]
[step 0110/150] method=baseline_cagrad loss=0.3825 train_acc=0.8048 train_loss=0.4112 val_acc=0.7112 val_loss=0.5551 router_H=0.4325 best=0.7112
           router_load=[0.08092530071735382, 0.033612389117479324, 0.04586101695895195, 0.8396012187004089]
[step 0120/150] method=baseline_cagrad loss=0.4995 train_acc=0.8048 train_loss=0.4112 val_acc=0.7112 val_loss=0.5551 router_H=0.4325 best=0.7112
           router_load=[0.08092530071735382, 0.033612389117479324, 0.04586101695895195, 0.8396012187004089]
[step 0130/150] method=baseline_cagrad loss=0.4658 train_acc=0.8048 train_loss=0.4112 val_acc=0.7112 val_loss=0.5551 router_H=0.4325 best=0.7112
           router_load=[0.08092530071735382, 0.033612389117479324, 0.04586101695895195, 0.8396012187004089]
[step 0140/150] method=baseline_cagrad loss=0.3181 train_acc=0.8048 train_loss=0.4112 val_acc=0.7112 val_loss=0.5551 router_H=0.4325 best=0.7112
           router_load=[0.08092530071735382, 0.033612389117479324, 0.04586101695895195, 0.8396012187004089]
[step 0150/150] method=baseline_cagrad loss=0.2303 train_acc=0.8719 train_loss=0.3134 val_acc=0.7653 val_loss=0.4877 router_H=0.4754 best=0.7653
           router_load=[0.027003096416592598, 0.03420235589146614, 0.13473005592823029, 0.8040644526481628]
saved summary -> /home/zhujjing/MOE-grad-conflict-routing/runs/paper_suite/single_gpu/single_task/deberta_rte_ffn_e4_k2/hpo/cagrad/trial_runs/coord_05_method_baseline_cagrad_inner_lr_008/cagrad_s3.json
saved curve -> /home/zhujjing/MOE-grad-conflict-routing/runs/paper_suite/single_gpu/single_task/deberta_rte_ffn_e4_k2/hpo/cagrad/trial_runs/coord_05_method_baseline_cagrad_inner_lr_008/cagrad_s3_curve.csv
