[run] method=cagrad candidate=coord_05_method_baseline_cagrad_inner_lr_002 seed=3 steps=150 gpu=0
[run] cmd=
/home/zhujjing/anaconda3/envs/moe/bin/python /home/zhujjing/MOE-grad-conflict-routing/scripts/run.py --config configs/singletask_rte_real.yaml --set model.backbone_backend=hf --set model.hf_load_pretrained=true --set model.backbone=deberta --set model.hf_pretrained_name=microsoft/deberta-v3-base --set model.expert_type=ffn --set model.routing_mode=topk --set model.num_experts=4 --set model.top_k=2 --set seed=3 --set method.name=baseline_cagrad --set train.steps=150 --set train.eval_every_steps=50 --set method.baseline_cagrad.c=0.69392653 --set method.baseline_cagrad.inner_lr=0.1566407295 --set train.grad_clip=1.19532768 --set train.lr=2e-05 --set train.weight_decay=0.02536478282 --out /home/zhujjing/MOE-grad-conflict-routing/runs/paper_suite/single_gpu/single_task/deberta_rte_ffn_e4_k2/hpo/cagrad/trial_runs/coord_05_method_baseline_cagrad_inner_lr_002/cagrad_s3.json --curve_out /home/zhujjing/MOE-grad-conflict-routing/runs/paper_suite/single_gpu/single_task/deberta_rte_ffn_e4_k2/hpo/cagrad/trial_runs/coord_05_method_baseline_cagrad_inner_lr_002/cagrad_s3_curve.csv
Using the latest cached version of the dataset since glue couldn't be found on the Hugging Face Hub (offline mode is enabled).
Found the latest cached dataset configuration 'rte' at /home/zhujjing/hf_cache/datasets/glue/rte/0.0.0/bcdcba79d07bc864c1c254ccfcedcce55bcc9a8c (last modified on Thu Mar 19 15:00:36 2026).
/home/zhujjing/anaconda3/envs/moe/lib/python3.10/site-packages/transformers/utils/hub.py:124: FutureWarning: Using `TRANSFORMERS_CACHE` is deprecated and will be removed in v5 of Transformers. Use `HF_HOME` instead.
  warnings.warn(
/home/zhujjing/anaconda3/envs/moe/lib/python3.10/site-packages/transformers/convert_slow_tokenizer.py:560: UserWarning: The sentencepiece tokenizer that you are converting to a fast tokenizer uses the byte fallback option which is not implemented in the fast tokenizers. In practice this means that the fast version of the tokenizer can produce unknown tokens whereas the sentencepiece version would have converted these unknown tokens into a sequence of byte tokens matching the original piece of text.
  warnings.warn(
[step 0001/150] method=baseline_cagrad loss=0.7337 train_acc=nan train_loss=nan val_acc=nan val_loss=nan best=-1.0000
[step 0010/150] method=baseline_cagrad loss=0.7006 train_acc=nan train_loss=nan val_acc=nan val_loss=nan best=-1.0000
[step 0020/150] method=baseline_cagrad loss=0.6716 train_acc=nan train_loss=nan val_acc=nan val_loss=nan best=-1.0000
[step 0030/150] method=baseline_cagrad loss=0.6060 train_acc=nan train_loss=nan val_acc=nan val_loss=nan best=-1.0000
[step 0040/150] method=baseline_cagrad loss=0.5661 train_acc=nan train_loss=nan val_acc=nan val_loss=nan best=-1.0000
[step 0050/150] method=baseline_cagrad loss=0.6237 train_acc=0.6888 train_loss=0.5988 val_acc=0.6643 val_loss=0.6128 router_H=0.5379 best=0.6643
           router_load=[0.7686822414398193, 0.09598909318447113, 0.0, 0.1353287547826767]
[step 0060/150] method=baseline_cagrad loss=0.4965 train_acc=0.6888 train_loss=0.5988 val_acc=0.6643 val_loss=0.6128 router_H=0.5379 best=0.6643
           router_load=[0.7686822414398193, 0.09598909318447113, 0.0, 0.1353287547826767]
[step 0070/150] method=baseline_cagrad loss=0.6662 train_acc=0.6888 train_loss=0.5988 val_acc=0.6643 val_loss=0.6128 router_H=0.5379 best=0.6643
           router_load=[0.7686822414398193, 0.09598909318447113, 0.0, 0.1353287547826767]
[step 0080/150] method=baseline_cagrad loss=0.4999 train_acc=0.6888 train_loss=0.5988 val_acc=0.6643 val_loss=0.6128 router_H=0.5379 best=0.6643
           router_load=[0.7686822414398193, 0.09598909318447113, 0.0, 0.1353287547826767]
[step 0090/150] method=baseline_cagrad loss=0.5591 train_acc=0.6888 train_loss=0.5988 val_acc=0.6643 val_loss=0.6128 router_H=0.5379 best=0.6643
           router_load=[0.7686822414398193, 0.09598909318447113, 0.0, 0.1353287547826767]
[step 0100/150] method=baseline_cagrad loss=0.5336 train_acc=0.8289 train_loss=0.4209 val_acc=0.7437 val_loss=0.5122 router_H=0.4214 best=0.7437
           router_load=[0.8480052947998047, 0.05069848895072937, 0.015011711977422237, 0.08628447353839874]
[step 0110/150] method=baseline_cagrad loss=0.4423 train_acc=0.8289 train_loss=0.4209 val_acc=0.7437 val_loss=0.5122 router_H=0.4214 best=0.7437
           router_load=[0.8480052947998047, 0.05069848895072937, 0.015011711977422237, 0.08628447353839874]
[step 0120/150] method=baseline_cagrad loss=0.4278 train_acc=0.8289 train_loss=0.4209 val_acc=0.7437 val_loss=0.5122 router_H=0.4214 best=0.7437
           router_load=[0.8480052947998047, 0.05069848895072937, 0.015011711977422237, 0.08628447353839874]
[step 0130/150] method=baseline_cagrad loss=0.5601 train_acc=0.8289 train_loss=0.4209 val_acc=0.7437 val_loss=0.5122 router_H=0.4214 best=0.7437
           router_load=[0.8480052947998047, 0.05069848895072937, 0.015011711977422237, 0.08628447353839874]
[step 0140/150] method=baseline_cagrad loss=0.4745 train_acc=0.8289 train_loss=0.4209 val_acc=0.7437 val_loss=0.5122 router_H=0.4214 best=0.7437
           router_load=[0.8480052947998047, 0.05069848895072937, 0.015011711977422237, 0.08628447353839874]
[step 0150/150] method=baseline_cagrad loss=0.3396 train_acc=0.9072 train_loss=0.3055 val_acc=0.8014 val_loss=0.4505 router_H=0.4854 best=0.8014
           router_load=[0.8069770932197571, 0.03547366335988045, 0.006343201268464327, 0.15120603144168854]
saved summary -> /home/zhujjing/MOE-grad-conflict-routing/runs/paper_suite/single_gpu/single_task/deberta_rte_ffn_e4_k2/hpo/cagrad/trial_runs/coord_05_method_baseline_cagrad_inner_lr_002/cagrad_s3.json
saved curve -> /home/zhujjing/MOE-grad-conflict-routing/runs/paper_suite/single_gpu/single_task/deberta_rte_ffn_e4_k2/hpo/cagrad/trial_runs/coord_05_method_baseline_cagrad_inner_lr_002/cagrad_s3_curve.csv
