[run] method=ours candidate=coord_04_method_ours_lambda_align_017 seed=3 steps=1000 gpu=0
[run] cmd=
/home/zhujjing/anaconda3/envs/moe/bin/python /home/zhujjing/MOE-grad-conflict-routing/scripts/run.py --config configs/singletask_mrpc_real.yaml --set model.backbone_backend=hf --set model.hf_load_pretrained=true --set model.backbone=deberta --set model.hf_pretrained_name=microsoft/deberta-v3-base --set model.expert_type=ffn --set model.routing_mode=topk --set model.num_experts=4 --set model.top_k=2 --set seed=3 --set method.name=ours --set train.steps=1000 --set train.eval_every_steps=50 --set method.ours.use_load_norm=true --set method.ours.lambda_align=0.000764494043 --set train.grad_clip=1.516011677 --set train.lr=3.356481249e-05 --set train.weight_decay=0.04283921792 --out /home/zhujjing/MOE-grad-conflict-routing/runs/paper_suite/single_gpu/single_task/deberta_mrpc_ffn_e4_k2/final/ours_s3.json --curve_out /home/zhujjing/MOE-grad-conflict-routing/runs/paper_suite/single_gpu/single_task/deberta_mrpc_ffn_e4_k2/final/ours_s3_curve.csv
Using the latest cached version of the dataset since glue couldn't be found on the Hugging Face Hub (offline mode is enabled).
Found the latest cached dataset configuration 'mrpc' at /home/zhujjing/hf_cache/datasets/glue/mrpc/0.0.0/bcdcba79d07bc864c1c254ccfcedcce55bcc9a8c (last modified on Thu Mar 19 15:01:06 2026).
/home/zhujjing/anaconda3/envs/moe/lib/python3.10/site-packages/transformers/utils/hub.py:124: FutureWarning: Using `TRANSFORMERS_CACHE` is deprecated and will be removed in v5 of Transformers. Use `HF_HOME` instead.
  warnings.warn(
/home/zhujjing/anaconda3/envs/moe/lib/python3.10/site-packages/transformers/convert_slow_tokenizer.py:560: UserWarning: The sentencepiece tokenizer that you are converting to a fast tokenizer uses the byte fallback option which is not implemented in the fast tokenizers. In practice this means that the fast version of the tokenizer can produce unknown tokens whereas the sentencepiece version would have converted these unknown tokens into a sequence of byte tokens matching the original piece of text.
  warnings.warn(
[step 0001/1000] method=ours loss=0.6908 train_acc=nan train_loss=nan val_acc=nan val_loss=nan best=-1.0000
[step 0010/1000] method=ours loss=0.6318 train_acc=nan train_loss=nan val_acc=nan val_loss=nan best=-1.0000
[step 0020/1000] method=ours loss=0.5549 train_acc=nan train_loss=nan val_acc=nan val_loss=nan best=-1.0000
[step 0030/1000] method=ours loss=0.4063 train_acc=nan train_loss=nan val_acc=nan val_loss=nan best=-1.0000
[step 0040/1000] method=ours loss=0.4513 train_acc=nan train_loss=nan val_acc=nan val_loss=nan best=-1.0000
[step 0050/1000] method=ours loss=0.2597 train_acc=0.7846 train_loss=0.4800 val_acc=0.7819 val_loss=0.4745 router_H=0.4654 best=0.7819
           router_load=[0.013232913799583912, 0.6950569152832031, 0.008470754139125347, 0.28323933482170105]
[step 0060/1000] method=ours loss=0.3090 train_acc=0.7846 train_loss=0.4800 val_acc=0.7819 val_loss=0.4745 router_H=0.4654 best=0.7819
           router_load=[0.013232913799583912, 0.6950569152832031, 0.008470754139125347, 0.28323933482170105]
[step 0070/1000] method=ours loss=0.3441 train_acc=0.7846 train_loss=0.4800 val_acc=0.7819 val_loss=0.4745 router_H=0.4654 best=0.7819
           router_load=[0.013232913799583912, 0.6950569152832031, 0.008470754139125347, 0.28323933482170105]
[step 0080/1000] method=ours loss=0.2478 train_acc=0.7846 train_loss=0.4800 val_acc=0.7819 val_loss=0.4745 router_H=0.4654 best=0.7819
           router_load=[0.013232913799583912, 0.6950569152832031, 0.008470754139125347, 0.28323933482170105]
[step 0090/1000] method=ours loss=0.2313 train_acc=0.7846 train_loss=0.4800 val_acc=0.7819 val_loss=0.4745 router_H=0.4654 best=0.7819
           router_load=[0.013232913799583912, 0.6950569152832031, 0.008470754139125347, 0.28323933482170105]
[step 0100/1000] method=ours loss=0.3328 train_acc=0.8863 train_loss=0.2762 val_acc=0.8775 val_loss=0.3063 router_H=0.3487 best=0.8775
           router_load=[0.002564692636951804, 0.7952396869659424, 0.020418643951416016, 0.18177683651447296]
[step 0110/1000] method=ours loss=0.3402 train_acc=0.8863 train_loss=0.2762 val_acc=0.8775 val_loss=0.3063 router_H=0.3487 best=0.8775
           router_load=[0.002564692636951804, 0.7952396869659424, 0.020418643951416016, 0.18177683651447296]
[step 0120/1000] method=ours loss=0.2997 train_acc=0.8863 train_loss=0.2762 val_acc=0.8775 val_loss=0.3063 router_H=0.3487 best=0.8775
           router_load=[0.002564692636951804, 0.7952396869659424, 0.020418643951416016, 0.18177683651447296]
[step 0130/1000] method=ours loss=0.2897 train_acc=0.8863 train_loss=0.2762 val_acc=0.8775 val_loss=0.3063 router_H=0.3487 best=0.8775
           router_load=[0.002564692636951804, 0.7952396869659424, 0.020418643951416016, 0.18177683651447296]
[step 0140/1000] method=ours loss=0.6988 train_acc=0.8863 train_loss=0.2762 val_acc=0.8775 val_loss=0.3063 router_H=0.3487 best=0.8775
           router_load=[0.002564692636951804, 0.7952396869659424, 0.020418643951416016, 0.18177683651447296]
[step 0150/1000] method=ours loss=0.4380 train_acc=0.8784 train_loss=0.3098 val_acc=0.8333 val_loss=0.3479 router_H=0.4734 best=0.8775
           router_load=[0.0011118875117972493, 0.7901479005813599, 0.0, 0.208740234375]
[step 0160/1000] method=ours loss=0.6029 train_acc=0.8784 train_loss=0.3098 val_acc=0.8333 val_loss=0.3479 router_H=0.4734 best=0.8775
           router_load=[0.0011118875117972493, 0.7901479005813599, 0.0, 0.208740234375]
[step 0170/1000] method=ours loss=0.4736 train_acc=0.8784 train_loss=0.3098 val_acc=0.8333 val_loss=0.3479 router_H=0.4734 best=0.8775
           router_load=[0.0011118875117972493, 0.7901479005813599, 0.0, 0.208740234375]
[step 0180/1000] method=ours loss=0.2112 train_acc=0.8784 train_loss=0.3098 val_acc=0.8333 val_loss=0.3479 router_H=0.4734 best=0.8775
           router_load=[0.0011118875117972493, 0.7901479005813599, 0.0, 0.208740234375]
[step 0190/1000] method=ours loss=0.5209 train_acc=0.8784 train_loss=0.3098 val_acc=0.8333 val_loss=0.3479 router_H=0.4734 best=0.8775
           router_load=[0.0011118875117972493, 0.7901479005813599, 0.0, 0.208740234375]
[step 0200/1000] method=ours loss=0.4966 train_acc=0.8697 train_loss=0.2996 val_acc=0.8211 val_loss=0.3986 router_H=0.3710 best=0.8775
           router_load=[0.0, 0.8380317687988281, 0.06434696912765503, 0.09762125462293625]
[step 0210/1000] method=ours loss=0.3365 train_acc=0.8697 train_loss=0.2996 val_acc=0.8211 val_loss=0.3986 router_H=0.3710 best=0.8775
           router_load=[0.0, 0.8380317687988281, 0.06434696912765503, 0.09762125462293625]
[step 0220/1000] method=ours loss=0.4766 train_acc=0.8697 train_loss=0.2996 val_acc=0.8211 val_loss=0.3986 router_H=0.3710 best=0.8775
           router_load=[0.0, 0.8380317687988281, 0.06434696912765503, 0.09762125462293625]
[step 0230/1000] method=ours loss=0.3253 train_acc=0.8697 train_loss=0.2996 val_acc=0.8211 val_loss=0.3986 router_H=0.3710 best=0.8775
           router_load=[0.0, 0.8380317687988281, 0.06434696912765503, 0.09762125462293625]
[step 0240/1000] method=ours loss=0.0770 train_acc=0.8697 train_loss=0.2996 val_acc=0.8211 val_loss=0.3986 router_H=0.3710 best=0.8775
           router_load=[0.0, 0.8380317687988281, 0.06434696912765503, 0.09762125462293625]
[step 0250/1000] method=ours loss=0.0786 train_acc=0.9321 train_loss=0.1839 val_acc=0.8799 val_loss=0.3505 router_H=0.3126 best=0.8799
           router_load=[0.00880152266472578, 0.8128839135169983, 0.03346792981028557, 0.14484655857086182]
[step 0260/1000] method=ours loss=0.0170 train_acc=0.9321 train_loss=0.1839 val_acc=0.8799 val_loss=0.3505 router_H=0.3126 best=0.8799
           router_load=[0.00880152266472578, 0.8128839135169983, 0.03346792981028557, 0.14484655857086182]
[step 0270/1000] method=ours loss=0.0785 train_acc=0.9321 train_loss=0.1839 val_acc=0.8799 val_loss=0.3505 router_H=0.3126 best=0.8799
           router_load=[0.00880152266472578, 0.8128839135169983, 0.03346792981028557, 0.14484655857086182]
[step 0280/1000] method=ours loss=0.2329 train_acc=0.9321 train_loss=0.1839 val_acc=0.8799 val_loss=0.3505 router_H=0.3126 best=0.8799
           router_load=[0.00880152266472578, 0.8128839135169983, 0.03346792981028557, 0.14484655857086182]
[step 0290/1000] method=ours loss=0.0864 train_acc=0.9321 train_loss=0.1839 val_acc=0.8799 val_loss=0.3505 router_H=0.3126 best=0.8799
           router_load=[0.00880152266472578, 0.8128839135169983, 0.03346792981028557, 0.14484655857086182]
[step 0300/1000] method=ours loss=0.1793 train_acc=0.9425 train_loss=0.1587 val_acc=0.8775 val_loss=0.3447 router_H=0.3051 best=0.8799
           router_load=[0.00595826143398881, 0.8358278274536133, 0.03215799480676651, 0.12605583667755127]
[step 0310/1000] method=ours loss=0.0827 train_acc=0.9425 train_loss=0.1587 val_acc=0.8775 val_loss=0.3447 router_H=0.3051 best=0.8799
           router_load=[0.00595826143398881, 0.8358278274536133, 0.03215799480676651, 0.12605583667755127]
[step 0320/1000] method=ours loss=0.4931 train_acc=0.9425 train_loss=0.1587 val_acc=0.8775 val_loss=0.3447 router_H=0.3051 best=0.8799
           router_load=[0.00595826143398881, 0.8358278274536133, 0.03215799480676651, 0.12605583667755127]
[step 0330/1000] method=ours loss=0.0140 train_acc=0.9425 train_loss=0.1587 val_acc=0.8775 val_loss=0.3447 router_H=0.3051 best=0.8799
           router_load=[0.00595826143398881, 0.8358278274536133, 0.03215799480676651, 0.12605583667755127]
[step 0340/1000] method=ours loss=0.5681 train_acc=0.9425 train_loss=0.1587 val_acc=0.8775 val_loss=0.3447 router_H=0.3051 best=0.8799
           router_load=[0.00595826143398881, 0.8358278274536133, 0.03215799480676651, 0.12605583667755127]
[step 0350/1000] method=ours loss=0.1743 train_acc=0.9460 train_loss=0.1492 val_acc=0.8824 val_loss=0.3185 router_H=0.3434 best=0.8824
           router_load=[0.031646814197301865, 0.72728431224823, 0.022295262664556503, 0.2187737673521042]
[step 0360/1000] method=ours loss=0.0113 train_acc=0.9460 train_loss=0.1492 val_acc=0.8824 val_loss=0.3185 router_H=0.3434 best=0.8824
           router_load=[0.031646814197301865, 0.72728431224823, 0.022295262664556503, 0.2187737673521042]
[step 0370/1000] method=ours loss=0.5272 train_acc=0.9460 train_loss=0.1492 val_acc=0.8824 val_loss=0.3185 router_H=0.3434 best=0.8824
           router_load=[0.031646814197301865, 0.72728431224823, 0.022295262664556503, 0.2187737673521042]
[step 0380/1000] method=ours loss=0.4547 train_acc=0.9460 train_loss=0.1492 val_acc=0.8824 val_loss=0.3185 router_H=0.3434 best=0.8824
           router_load=[0.031646814197301865, 0.72728431224823, 0.022295262664556503, 0.2187737673521042]
[step 0390/1000] method=ours loss=0.1916 train_acc=0.9460 train_loss=0.1492 val_acc=0.8824 val_loss=0.3185 router_H=0.3434 best=0.8824
           router_load=[0.031646814197301865, 0.72728431224823, 0.022295262664556503, 0.2187737673521042]
[step 0400/1000] method=ours loss=0.1899 train_acc=0.9659 train_loss=0.0957 val_acc=0.8922 val_loss=0.3279 router_H=0.3345 best=0.8922
           router_load=[0.03524983301758766, 0.7189692854881287, 0.02841467224061489, 0.2173660695552826]
[step 0410/1000] method=ours loss=0.2038 train_acc=0.9659 train_loss=0.0957 val_acc=0.8922 val_loss=0.3279 router_H=0.3345 best=0.8922
           router_load=[0.03524983301758766, 0.7189692854881287, 0.02841467224061489, 0.2173660695552826]
[step 0420/1000] method=ours loss=0.3177 train_acc=0.9659 train_loss=0.0957 val_acc=0.8922 val_loss=0.3279 router_H=0.3345 best=0.8922
           router_load=[0.03524983301758766, 0.7189692854881287, 0.02841467224061489, 0.2173660695552826]
[step 0430/1000] method=ours loss=0.0727 train_acc=0.9659 train_loss=0.0957 val_acc=0.8922 val_loss=0.3279 router_H=0.3345 best=0.8922
           router_load=[0.03524983301758766, 0.7189692854881287, 0.02841467224061489, 0.2173660695552826]
[step 0440/1000] method=ours loss=0.0394 train_acc=0.9659 train_loss=0.0957 val_acc=0.8922 val_loss=0.3279 router_H=0.3345 best=0.8922
           router_load=[0.03524983301758766, 0.7189692854881287, 0.02841467224061489, 0.2173660695552826]
[step 0450/1000] method=ours loss=0.1451 train_acc=0.9738 train_loss=0.0674 val_acc=0.8824 val_loss=0.3321 router_H=0.3191 best=0.8922
           router_load=[0.01435020286589861, 0.8037887215614319, 0.035651225596666336, 0.14620980620384216]
[step 0460/1000] method=ours loss=0.0391 train_acc=0.9738 train_loss=0.0674 val_acc=0.8824 val_loss=0.3321 router_H=0.3191 best=0.8922
           router_load=[0.01435020286589861, 0.8037887215614319, 0.035651225596666336, 0.14620980620384216]
[step 0470/1000] method=ours loss=0.0082 train_acc=0.9738 train_loss=0.0674 val_acc=0.8824 val_loss=0.3321 router_H=0.3191 best=0.8922
           router_load=[0.01435020286589861, 0.8037887215614319, 0.035651225596666336, 0.14620980620384216]
[step 0480/1000] method=ours loss=0.0969 train_acc=0.9738 train_loss=0.0674 val_acc=0.8824 val_loss=0.3321 router_H=0.3191 best=0.8922
           router_load=[0.01435020286589861, 0.8037887215614319, 0.035651225596666336, 0.14620980620384216]
[step 0490/1000] method=ours loss=0.0186 train_acc=0.9738 train_loss=0.0674 val_acc=0.8824 val_loss=0.3321 router_H=0.3191 best=0.8922
           router_load=[0.01435020286589861, 0.8037887215614319, 0.035651225596666336, 0.14620980620384216]
[step 0500/1000] method=ours loss=0.0026 train_acc=0.9736 train_loss=0.0883 val_acc=0.8873 val_loss=0.4126 router_H=0.3345 best=0.8922
           router_load=[0.05213547125458717, 0.675483226776123, 0.023331617936491966, 0.24904964864253998]
[step 0510/1000] method=ours loss=0.0023 train_acc=0.9736 train_loss=0.0883 val_acc=0.8873 val_loss=0.4126 router_H=0.3345 best=0.8922
           router_load=[0.05213547125458717, 0.675483226776123, 0.023331617936491966, 0.24904964864253998]
[step 0520/1000] method=ours loss=0.0372 train_acc=0.9736 train_loss=0.0883 val_acc=0.8873 val_loss=0.4126 router_H=0.3345 best=0.8922
           router_load=[0.05213547125458717, 0.675483226776123, 0.023331617936491966, 0.24904964864253998]
[step 0530/1000] method=ours loss=0.0005 train_acc=0.9736 train_loss=0.0883 val_acc=0.8873 val_loss=0.4126 router_H=0.3345 best=0.8922
           router_load=[0.05213547125458717, 0.675483226776123, 0.023331617936491966, 0.24904964864253998]
[step 0540/1000] method=ours loss=0.0104 train_acc=0.9736 train_loss=0.0883 val_acc=0.8873 val_loss=0.4126 router_H=0.3345 best=0.8922
           router_load=[0.05213547125458717, 0.675483226776123, 0.023331617936491966, 0.24904964864253998]
[step 0550/1000] method=ours loss=0.0537 train_acc=0.9834 train_loss=0.0661 val_acc=0.8799 val_loss=0.6029 router_H=0.2956 best=0.8922
           router_load=[0.03005901724100113, 0.7750113010406494, 0.032700955867767334, 0.16222859919071198]
[step 0560/1000] method=ours loss=0.0715 train_acc=0.9834 train_loss=0.0661 val_acc=0.8799 val_loss=0.6029 router_H=0.2956 best=0.8922
           router_load=[0.03005901724100113, 0.7750113010406494, 0.032700955867767334, 0.16222859919071198]
[step 0570/1000] method=ours loss=0.0066 train_acc=0.9834 train_loss=0.0661 val_acc=0.8799 val_loss=0.6029 router_H=0.2956 best=0.8922
           router_load=[0.03005901724100113, 0.7750113010406494, 0.032700955867767334, 0.16222859919071198]
[step 0580/1000] method=ours loss=0.0113 train_acc=0.9834 train_loss=0.0661 val_acc=0.8799 val_loss=0.6029 router_H=0.2956 best=0.8922
           router_load=[0.03005901724100113, 0.7750113010406494, 0.032700955867767334, 0.16222859919071198]
[step 0590/1000] method=ours loss=0.0055 train_acc=0.9834 train_loss=0.0661 val_acc=0.8799 val_loss=0.6029 router_H=0.2956 best=0.8922
           router_load=[0.03005901724100113, 0.7750113010406494, 0.032700955867767334, 0.16222859919071198]
[step 0600/1000] method=ours loss=0.0573 train_acc=0.9861 train_loss=0.0454 val_acc=0.8676 val_loss=0.5401 router_H=0.2835 best=0.8922
           router_load=[0.016805443912744522, 0.7878883481025696, 0.030573084950447083, 0.1647331565618515]
[step 0610/1000] method=ours loss=0.0091 train_acc=0.9861 train_loss=0.0454 val_acc=0.8676 val_loss=0.5401 router_H=0.2835 best=0.8922
           router_load=[0.016805443912744522, 0.7878883481025696, 0.030573084950447083, 0.1647331565618515]
[step 0620/1000] method=ours loss=0.2857 train_acc=0.9861 train_loss=0.0454 val_acc=0.8676 val_loss=0.5401 router_H=0.2835 best=0.8922
           router_load=[0.016805443912744522, 0.7878883481025696, 0.030573084950447083, 0.1647331565618515]
[step 0630/1000] method=ours loss=0.0011 train_acc=0.9861 train_loss=0.0454 val_acc=0.8676 val_loss=0.5401 router_H=0.2835 best=0.8922
           router_load=[0.016805443912744522, 0.7878883481025696, 0.030573084950447083, 0.1647331565618515]
[step 0640/1000] method=ours loss=0.0028 train_acc=0.9861 train_loss=0.0454 val_acc=0.8676 val_loss=0.5401 router_H=0.2835 best=0.8922
           router_load=[0.016805443912744522, 0.7878883481025696, 0.030573084950447083, 0.1647331565618515]
[step 0650/1000] method=ours loss=0.0891 train_acc=0.9885 train_loss=0.0408 val_acc=0.9044 val_loss=0.4580 router_H=0.2830 best=0.9044
           router_load=[0.027395470067858696, 0.6640645265579224, 0.027983704581856728, 0.2805563509464264]
[step 0660/1000] method=ours loss=0.0082 train_acc=0.9885 train_loss=0.0408 val_acc=0.9044 val_loss=0.4580 router_H=0.2830 best=0.9044
           router_load=[0.027395470067858696, 0.6640645265579224, 0.027983704581856728, 0.2805563509464264]
[step 0670/1000] method=ours loss=0.4032 train_acc=0.9885 train_loss=0.0408 val_acc=0.9044 val_loss=0.4580 router_H=0.2830 best=0.9044
           router_load=[0.027395470067858696, 0.6640645265579224, 0.027983704581856728, 0.2805563509464264]
[step 0680/1000] method=ours loss=0.4796 train_acc=0.9885 train_loss=0.0408 val_acc=0.9044 val_loss=0.4580 router_H=0.2830 best=0.9044
           router_load=[0.027395470067858696, 0.6640645265579224, 0.027983704581856728, 0.2805563509464264]
[step 0690/1000] method=ours loss=0.0035 train_acc=0.9885 train_loss=0.0408 val_acc=0.9044 val_loss=0.4580 router_H=0.2830 best=0.9044
           router_load=[0.027395470067858696, 0.6640645265579224, 0.027983704581856728, 0.2805563509464264]
[step 0700/1000] method=ours loss=0.0046 train_acc=0.9954 train_loss=0.0206 val_acc=0.9044 val_loss=0.3717 router_H=0.3244 best=0.9044
           router_load=[0.02357279136776924, 0.6812574863433838, 0.04780872166156769, 0.24736106395721436]
[step 0710/1000] method=ours loss=0.0020 train_acc=0.9954 train_loss=0.0206 val_acc=0.9044 val_loss=0.3717 router_H=0.3244 best=0.9044
           router_load=[0.02357279136776924, 0.6812574863433838, 0.04780872166156769, 0.24736106395721436]
[step 0720/1000] method=ours loss=0.0010 train_acc=0.9954 train_loss=0.0206 val_acc=0.9044 val_loss=0.3717 router_H=0.3244 best=0.9044
           router_load=[0.02357279136776924, 0.6812574863433838, 0.04780872166156769, 0.24736106395721436]
[step 0730/1000] method=ours loss=0.0002 train_acc=0.9954 train_loss=0.0206 val_acc=0.9044 val_loss=0.3717 router_H=0.3244 best=0.9044
           router_load=[0.02357279136776924, 0.6812574863433838, 0.04780872166156769, 0.24736106395721436]
[step 0740/1000] method=ours loss=0.0010 train_acc=0.9954 train_loss=0.0206 val_acc=0.9044 val_loss=0.3717 router_H=0.3244 best=0.9044
           router_load=[0.02357279136776924, 0.6812574863433838, 0.04780872166156769, 0.24736106395721436]
[step 0750/1000] method=ours loss=0.0010 train_acc=0.9929 train_loss=0.0323 val_acc=0.9020 val_loss=0.4926 router_H=0.2950 best=0.9044
           router_load=[0.034177012741565704, 0.6775053143501282, 0.03139900788664818, 0.2569184899330139]
[step 0760/1000] method=ours loss=0.0762 train_acc=0.9929 train_loss=0.0323 val_acc=0.9020 val_loss=0.4926 router_H=0.2950 best=0.9044
           router_load=[0.034177012741565704, 0.6775053143501282, 0.03139900788664818, 0.2569184899330139]
[step 0770/1000] method=ours loss=0.0071 train_acc=0.9929 train_loss=0.0323 val_acc=0.9020 val_loss=0.4926 router_H=0.2950 best=0.9044
           router_load=[0.034177012741565704, 0.6775053143501282, 0.03139900788664818, 0.2569184899330139]
[step 0780/1000] method=ours loss=0.0038 train_acc=0.9929 train_loss=0.0323 val_acc=0.9020 val_loss=0.4926 router_H=0.2950 best=0.9044
           router_load=[0.034177012741565704, 0.6775053143501282, 0.03139900788664818, 0.2569184899330139]
[step 0790/1000] method=ours loss=0.0189 train_acc=0.9929 train_loss=0.0323 val_acc=0.9020 val_loss=0.4926 router_H=0.2950 best=0.9044
           router_load=[0.034177012741565704, 0.6775053143501282, 0.03139900788664818, 0.2569184899330139]
[step 0800/1000] method=ours loss=0.0372 train_acc=0.9896 train_loss=0.0380 val_acc=0.8799 val_loss=0.5933 router_H=0.3027 best=0.9044
           router_load=[0.01765253208577633, 0.7453941106796265, 0.04240669310092926, 0.19454653561115265]
[step 0810/1000] method=ours loss=0.0003 train_acc=0.9896 train_loss=0.0380 val_acc=0.8799 val_loss=0.5933 router_H=0.3027 best=0.9044
           router_load=[0.01765253208577633, 0.7453941106796265, 0.04240669310092926, 0.19454653561115265]
[step 0820/1000] method=ours loss=0.4397 train_acc=0.9896 train_loss=0.0380 val_acc=0.8799 val_loss=0.5933 router_H=0.3027 best=0.9044
           router_load=[0.01765253208577633, 0.7453941106796265, 0.04240669310092926, 0.19454653561115265]
[step 0830/1000] method=ours loss=0.0042 train_acc=0.9896 train_loss=0.0380 val_acc=0.8799 val_loss=0.5933 router_H=0.3027 best=0.9044
           router_load=[0.01765253208577633, 0.7453941106796265, 0.04240669310092926, 0.19454653561115265]
[step 0840/1000] method=ours loss=0.0187 train_acc=0.9896 train_loss=0.0380 val_acc=0.8799 val_loss=0.5933 router_H=0.3027 best=0.9044
           router_load=[0.01765253208577633, 0.7453941106796265, 0.04240669310092926, 0.19454653561115265]
[step 0850/1000] method=ours loss=0.0023 train_acc=0.9883 train_loss=0.0363 val_acc=0.8750 val_loss=0.5704 router_H=0.2902 best=0.9044
           router_load=[0.0178816057741642, 0.7512574195861816, 0.036094777286052704, 0.19476616382598877]
[step 0860/1000] method=ours loss=0.0061 train_acc=0.9883 train_loss=0.0363 val_acc=0.8750 val_loss=0.5704 router_H=0.2902 best=0.9044
           router_load=[0.0178816057741642, 0.7512574195861816, 0.036094777286052704, 0.19476616382598877]
[step 0870/1000] method=ours loss=0.0135 train_acc=0.9883 train_loss=0.0363 val_acc=0.8750 val_loss=0.5704 router_H=0.2902 best=0.9044
           router_load=[0.0178816057741642, 0.7512574195861816, 0.036094777286052704, 0.19476616382598877]
[step 0880/1000] method=ours loss=0.0106 train_acc=0.9883 train_loss=0.0363 val_acc=0.8750 val_loss=0.5704 router_H=0.2902 best=0.9044
           router_load=[0.0178816057741642, 0.7512574195861816, 0.036094777286052704, 0.19476616382598877]
[step 0890/1000] method=ours loss=0.3300 train_acc=0.9883 train_loss=0.0363 val_acc=0.8750 val_loss=0.5704 router_H=0.2902 best=0.9044
           router_load=[0.0178816057741642, 0.7512574195861816, 0.036094777286052704, 0.19476616382598877]
[step 0900/1000] method=ours loss=0.0014 train_acc=0.9921 train_loss=0.0252 val_acc=0.8873 val_loss=0.5169 router_H=0.3046 best=0.9044
           router_load=[0.043527454137802124, 0.6616125702857971, 0.03154075890779495, 0.2633192837238312]
[step 0910/1000] method=ours loss=0.0015 train_acc=0.9921 train_loss=0.0252 val_acc=0.8873 val_loss=0.5169 router_H=0.3046 best=0.9044
           router_load=[0.043527454137802124, 0.6616125702857971, 0.03154075890779495, 0.2633192837238312]
[step 0920/1000] method=ours loss=0.0024 train_acc=0.9921 train_loss=0.0252 val_acc=0.8873 val_loss=0.5169 router_H=0.3046 best=0.9044
           router_load=[0.043527454137802124, 0.6616125702857971, 0.03154075890779495, 0.2633192837238312]
[step 0930/1000] method=ours loss=0.0020 train_acc=0.9921 train_loss=0.0252 val_acc=0.8873 val_loss=0.5169 router_H=0.3046 best=0.9044
           router_load=[0.043527454137802124, 0.6616125702857971, 0.03154075890779495, 0.2633192837238312]
[step 0940/1000] method=ours loss=0.0086 train_acc=0.9921 train_loss=0.0252 val_acc=0.8873 val_loss=0.5169 router_H=0.3046 best=0.9044
           router_load=[0.043527454137802124, 0.6616125702857971, 0.03154075890779495, 0.2633192837238312]
[step 0950/1000] method=ours loss=0.0583 train_acc=0.9940 train_loss=0.0194 val_acc=0.8995 val_loss=0.4971 router_H=0.3376 best=0.9044
           router_load=[0.06020042300224304, 0.6444849967956543, 0.04118598997592926, 0.25412872433662415]
[step 0960/1000] method=ours loss=0.4773 train_acc=0.9940 train_loss=0.0194 val_acc=0.8995 val_loss=0.4971 router_H=0.3376 best=0.9044
           router_load=[0.06020042300224304, 0.6444849967956543, 0.04118598997592926, 0.25412872433662415]
[step 0970/1000] method=ours loss=0.0004 train_acc=0.9940 train_loss=0.0194 val_acc=0.8995 val_loss=0.4971 router_H=0.3376 best=0.9044
           router_load=[0.06020042300224304, 0.6444849967956543, 0.04118598997592926, 0.25412872433662415]
[step 0980/1000] method=ours loss=0.0008 train_acc=0.9940 train_loss=0.0194 val_acc=0.8995 val_loss=0.4971 router_H=0.3376 best=0.9044
           router_load=[0.06020042300224304, 0.6444849967956543, 0.04118598997592926, 0.25412872433662415]
[step 0990/1000] method=ours loss=0.4721 train_acc=0.9940 train_loss=0.0194 val_acc=0.8995 val_loss=0.4971 router_H=0.3376 best=0.9044
           router_load=[0.06020042300224304, 0.6444849967956543, 0.04118598997592926, 0.25412872433662415]
[step 1000/1000] method=ours loss=0.0034 train_acc=0.9962 train_loss=0.0164 val_acc=0.8922 val_loss=0.5010 router_H=0.3870 best=0.9044
           router_load=[0.051461610943078995, 0.6408193111419678, 0.06733604520559311, 0.24038301408290863]
saved summary -> /home/zhujjing/MOE-grad-conflict-routing/runs/paper_suite/single_gpu/single_task/deberta_mrpc_ffn_e4_k2/final/ours_s3.json
saved curve -> /home/zhujjing/MOE-grad-conflict-routing/runs/paper_suite/single_gpu/single_task/deberta_mrpc_ffn_e4_k2/final/ours_s3_curve.csv
