[run] method=baseline candidate=local_var_topk_024 seed=3 steps=150 gpu=0
[run] cmd=
/home/zhujjing/anaconda3/envs/moe/bin/python /home/zhujjing/MOE-grad-conflict-routing/scripts/run.py --config configs/singletask_sst2_real.yaml --set model.backbone_backend=hf --set model.hf_load_pretrained=true --set model.hf_local_files_only=true --set model.backbone=deberta --set model.hf_pretrained_name=microsoft/deberta-v3-base --set model.expert_type=ffn --set model.routing_mode=topk --set model.num_experts=4 --set model.top_k=2 --set seed=3 --set method.name=baseline_avg --set train.steps=150 --set train.eval_every_steps=50 --set train.grad_clip=1.697685055 --set train.lr=2.5265375e-05 --set train.weight_decay=0 --out /home/zhujjing/MOE-grad-conflict-routing/runs/paper_suite/single_gpu/single_task/deberta_sst2_ffn_e4_k2_supplement/hpo/baseline/trial_runs/local_var_topk_024/baseline_s3.json --curve_out /home/zhujjing/MOE-grad-conflict-routing/runs/paper_suite/single_gpu/single_task/deberta_sst2_ffn_e4_k2_supplement/hpo/baseline/trial_runs/local_var_topk_024/baseline_s3_curve.csv
Using the latest cached version of the dataset since glue couldn't be found on the Hugging Face Hub (offline mode is enabled).
Found the latest cached dataset configuration 'sst2' at /home/zhujjing/hf_cache/datasets/glue/sst2/0.0.0/bcdcba79d07bc864c1c254ccfcedcce55bcc9a8c (last modified on Thu Mar 19 15:01:41 2026).
/home/zhujjing/anaconda3/envs/moe/lib/python3.10/site-packages/transformers/utils/hub.py:124: FutureWarning: Using `TRANSFORMERS_CACHE` is deprecated and will be removed in v5 of Transformers. Use `HF_HOME` instead.
  warnings.warn(
/home/zhujjing/anaconda3/envs/moe/lib/python3.10/site-packages/transformers/convert_slow_tokenizer.py:560: UserWarning: The sentencepiece tokenizer that you are converting to a fast tokenizer uses the byte fallback option which is not implemented in the fast tokenizers. In practice this means that the fast version of the tokenizer can produce unknown tokens whereas the sentencepiece version would have converted these unknown tokens into a sequence of byte tokens matching the original piece of text.
  warnings.warn(
[step 0001/150] method=baseline_avg loss=0.6865 train_acc=nan train_loss=nan val_acc=nan val_loss=nan best=-1.0000
[step 0010/150] method=baseline_avg loss=0.6323 train_acc=nan train_loss=nan val_acc=nan val_loss=nan best=-1.0000
[step 0020/150] method=baseline_avg loss=0.5750 train_acc=nan train_loss=nan val_acc=nan val_loss=nan best=-1.0000
[step 0030/150] method=baseline_avg loss=0.5947 train_acc=nan train_loss=nan val_acc=nan val_loss=nan best=-1.0000
[step 0040/150] method=baseline_avg loss=0.5670 train_acc=nan train_loss=nan val_acc=nan val_loss=nan best=-1.0000
[step 0050/150] method=baseline_avg loss=0.6609 train_acc=0.8818 train_loss=0.3078 val_acc=0.8750 val_loss=0.2877 router_H=0.6164 best=0.8750
           router_load=[0.008457082323729992, 0.0023113980423659086, 0.6857364773750305, 0.3034949004650116]
[step 0060/150] method=baseline_avg loss=0.3643 train_acc=0.8818 train_loss=0.3078 val_acc=0.8750 val_loss=0.2877 router_H=0.6164 best=0.8750
           router_load=[0.008457082323729992, 0.0023113980423659086, 0.6857364773750305, 0.3034949004650116]
[step 0070/150] method=baseline_avg loss=0.4168 train_acc=0.8818 train_loss=0.3078 val_acc=0.8750 val_loss=0.2877 router_H=0.6164 best=0.8750
           router_load=[0.008457082323729992, 0.0023113980423659086, 0.6857364773750305, 0.3034949004650116]
[step 0080/150] method=baseline_avg loss=0.2413 train_acc=0.8818 train_loss=0.3078 val_acc=0.8750 val_loss=0.2877 router_H=0.6164 best=0.8750
           router_load=[0.008457082323729992, 0.0023113980423659086, 0.6857364773750305, 0.3034949004650116]
[step 0090/150] method=baseline_avg loss=0.0890 train_acc=0.8818 train_loss=0.3078 val_acc=0.8750 val_loss=0.2877 router_H=0.6164 best=0.8750
           router_load=[0.008457082323729992, 0.0023113980423659086, 0.6857364773750305, 0.3034949004650116]
[step 0100/150] method=baseline_avg loss=0.2225 train_acc=0.9145 train_loss=0.2457 val_acc=0.9220 val_loss=0.2219 router_H=0.5799 best=0.9220
           router_load=[0.004858986008912325, 0.0012189849512651563, 0.7165670990943909, 0.2773550748825073]
[step 0110/150] method=baseline_avg loss=0.6534 train_acc=0.9145 train_loss=0.2457 val_acc=0.9220 val_loss=0.2219 router_H=0.5799 best=0.9220
           router_load=[0.004858986008912325, 0.0012189849512651563, 0.7165670990943909, 0.2773550748825073]
[step 0120/150] method=baseline_avg loss=0.5215 train_acc=0.9145 train_loss=0.2457 val_acc=0.9220 val_loss=0.2219 router_H=0.5799 best=0.9220
           router_load=[0.004858986008912325, 0.0012189849512651563, 0.7165670990943909, 0.2773550748825073]
[step 0130/150] method=baseline_avg loss=0.2486 train_acc=0.9145 train_loss=0.2457 val_acc=0.9220 val_loss=0.2219 router_H=0.5799 best=0.9220
           router_load=[0.004858986008912325, 0.0012189849512651563, 0.7165670990943909, 0.2773550748825073]
[step 0140/150] method=baseline_avg loss=0.3564 train_acc=0.9145 train_loss=0.2457 val_acc=0.9220 val_loss=0.2219 router_H=0.5799 best=0.9220
           router_load=[0.004858986008912325, 0.0012189849512651563, 0.7165670990943909, 0.2773550748825073]
[step 0150/150] method=baseline_avg loss=0.2525 train_acc=0.9154 train_loss=0.2189 val_acc=0.9174 val_loss=0.2095 router_H=0.6762 best=0.9220
           router_load=[0.0, 0.0, 0.5191282629966736, 0.48087164759635925]
saved summary -> /home/zhujjing/MOE-grad-conflict-routing/runs/paper_suite/single_gpu/single_task/deberta_sst2_ffn_e4_k2_supplement/hpo/baseline/trial_runs/local_var_topk_024/baseline_s3.json
saved curve -> /home/zhujjing/MOE-grad-conflict-routing/runs/paper_suite/single_gpu/single_task/deberta_sst2_ffn_e4_k2_supplement/hpo/baseline/trial_runs/local_var_topk_024/baseline_s3_curve.csv
