[run] method=baseline candidate=local_var_topk_013 seed=3 steps=150 gpu=0
[run] cmd=
/home/zhujjing/anaconda3/envs/moe/bin/python /home/zhujjing/MOE-grad-conflict-routing/scripts/run.py --config configs/singletask_sst2_real.yaml --set model.backbone_backend=hf --set model.hf_load_pretrained=true --set model.hf_local_files_only=true --set model.backbone=deberta --set model.hf_pretrained_name=microsoft/deberta-v3-base --set model.expert_type=ffn --set model.routing_mode=topk --set model.num_experts=4 --set model.top_k=2 --set seed=3 --set method.name=baseline_avg --set train.steps=150 --set train.eval_every_steps=50 --set train.grad_clip=1.397685055 --set train.lr=1.2632687e-05 --set train.weight_decay=0.01 --out /home/zhujjing/MOE-grad-conflict-routing/runs/paper_suite/single_gpu/single_task/deberta_sst2_ffn_e4_k2_supplement/hpo/baseline/trial_runs/local_var_topk_013/baseline_s3.json --curve_out /home/zhujjing/MOE-grad-conflict-routing/runs/paper_suite/single_gpu/single_task/deberta_sst2_ffn_e4_k2_supplement/hpo/baseline/trial_runs/local_var_topk_013/baseline_s3_curve.csv
Using the latest cached version of the dataset since glue couldn't be found on the Hugging Face Hub (offline mode is enabled).
Found the latest cached dataset configuration 'sst2' at /home/zhujjing/hf_cache/datasets/glue/sst2/0.0.0/bcdcba79d07bc864c1c254ccfcedcce55bcc9a8c (last modified on Thu Mar 19 15:01:41 2026).
/home/zhujjing/anaconda3/envs/moe/lib/python3.10/site-packages/transformers/utils/hub.py:124: FutureWarning: Using `TRANSFORMERS_CACHE` is deprecated and will be removed in v5 of Transformers. Use `HF_HOME` instead.
  warnings.warn(
/home/zhujjing/anaconda3/envs/moe/lib/python3.10/site-packages/transformers/convert_slow_tokenizer.py:560: UserWarning: The sentencepiece tokenizer that you are converting to a fast tokenizer uses the byte fallback option which is not implemented in the fast tokenizers. In practice this means that the fast version of the tokenizer can produce unknown tokens whereas the sentencepiece version would have converted these unknown tokens into a sequence of byte tokens matching the original piece of text.
  warnings.warn(
[step 0001/150] method=baseline_avg loss=0.6432 train_acc=nan train_loss=nan val_acc=nan val_loss=nan best=-1.0000
[step 0010/150] method=baseline_avg loss=0.6415 train_acc=nan train_loss=nan val_acc=nan val_loss=nan best=-1.0000
[step 0020/150] method=baseline_avg loss=0.6083 train_acc=nan train_loss=nan val_acc=nan val_loss=nan best=-1.0000
[step 0030/150] method=baseline_avg loss=0.6379 train_acc=nan train_loss=nan val_acc=nan val_loss=nan best=-1.0000
[step 0040/150] method=baseline_avg loss=0.5058 train_acc=nan train_loss=nan val_acc=nan val_loss=nan best=-1.0000
[step 0050/150] method=baseline_avg loss=0.5705 train_acc=0.8732 train_loss=0.3468 val_acc=0.8865 val_loss=0.3216 router_H=0.5021 best=0.8865
           router_load=[0.5953390002250671, 0.38729196786880493, 0.010199577547609806, 0.00716938404366374]
[step 0060/150] method=baseline_avg loss=0.5787 train_acc=0.8732 train_loss=0.3468 val_acc=0.8865 val_loss=0.3216 router_H=0.5021 best=0.8865
           router_load=[0.5953390002250671, 0.38729196786880493, 0.010199577547609806, 0.00716938404366374]
[step 0070/150] method=baseline_avg loss=0.2104 train_acc=0.8732 train_loss=0.3468 val_acc=0.8865 val_loss=0.3216 router_H=0.5021 best=0.8865
           router_load=[0.5953390002250671, 0.38729196786880493, 0.010199577547609806, 0.00716938404366374]
[step 0080/150] method=baseline_avg loss=0.1479 train_acc=0.8732 train_loss=0.3468 val_acc=0.8865 val_loss=0.3216 router_H=0.5021 best=0.8865
           router_load=[0.5953390002250671, 0.38729196786880493, 0.010199577547609806, 0.00716938404366374]
[step 0090/150] method=baseline_avg loss=0.0920 train_acc=0.8732 train_loss=0.3468 val_acc=0.8865 val_loss=0.3216 router_H=0.5021 best=0.8865
           router_load=[0.5953390002250671, 0.38729196786880493, 0.010199577547609806, 0.00716938404366374]
[step 0100/150] method=baseline_avg loss=0.2534 train_acc=0.9048 train_loss=0.2757 val_acc=0.9060 val_loss=0.2539 router_H=0.3850 best=0.9060
           router_load=[0.6099340319633484, 0.3852033317089081, 0.000691545894369483, 0.004170912317931652]
[step 0110/150] method=baseline_avg loss=0.5202 train_acc=0.9048 train_loss=0.2757 val_acc=0.9060 val_loss=0.2539 router_H=0.3850 best=0.9060
           router_load=[0.6099340319633484, 0.3852033317089081, 0.000691545894369483, 0.004170912317931652]
[step 0120/150] method=baseline_avg loss=0.4808 train_acc=0.9048 train_loss=0.2757 val_acc=0.9060 val_loss=0.2539 router_H=0.3850 best=0.9060
           router_load=[0.6099340319633484, 0.3852033317089081, 0.000691545894369483, 0.004170912317931652]
[step 0130/150] method=baseline_avg loss=0.2029 train_acc=0.9048 train_loss=0.2757 val_acc=0.9060 val_loss=0.2539 router_H=0.3850 best=0.9060
           router_load=[0.6099340319633484, 0.3852033317089081, 0.000691545894369483, 0.004170912317931652]
[step 0140/150] method=baseline_avg loss=0.1810 train_acc=0.9048 train_loss=0.2757 val_acc=0.9060 val_loss=0.2539 router_H=0.3850 best=0.9060
           router_load=[0.6099340319633484, 0.3852033317089081, 0.000691545894369483, 0.004170912317931652]
[step 0150/150] method=baseline_avg loss=0.2011 train_acc=0.9203 train_loss=0.2242 val_acc=0.9197 val_loss=0.2063 router_H=0.4071 best=0.9197
           router_load=[0.5870866179466248, 0.40960821509361267, 0.0013131905579939485, 0.0019919893238693476]
saved summary -> /home/zhujjing/MOE-grad-conflict-routing/runs/paper_suite/single_gpu/single_task/deberta_sst2_ffn_e4_k2_supplement/hpo/baseline/trial_runs/local_var_topk_013/baseline_s3.json
saved curve -> /home/zhujjing/MOE-grad-conflict-routing/runs/paper_suite/single_gpu/single_task/deberta_sst2_ffn_e4_k2_supplement/hpo/baseline/trial_runs/local_var_topk_013/baseline_s3_curve.csv
