[run] method=baseline candidate=local_var_topk_009 seed=3 steps=150 gpu=0
[run] cmd=
/home/zhujjing/anaconda3/envs/moe/bin/python /home/zhujjing/MOE-grad-conflict-routing/scripts/run.py --config configs/singletask_sst2_real.yaml --set model.backbone_backend=hf --set model.hf_load_pretrained=true --set model.hf_local_files_only=true --set model.backbone=deberta --set model.hf_pretrained_name=microsoft/deberta-v3-base --set model.expert_type=ffn --set model.routing_mode=topk --set model.num_experts=4 --set model.top_k=2 --set seed=3 --set method.name=baseline_avg --set train.steps=150 --set train.eval_every_steps=50 --set train.grad_clip=1.097685055 --set train.lr=1.2632687e-05 --set train.weight_decay=0 --out /home/zhujjing/MOE-grad-conflict-routing/runs/paper_suite/single_gpu/single_task/deberta_sst2_ffn_e4_k2_supplement/hpo/baseline/trial_runs/local_var_topk_009/baseline_s3.json --curve_out /home/zhujjing/MOE-grad-conflict-routing/runs/paper_suite/single_gpu/single_task/deberta_sst2_ffn_e4_k2_supplement/hpo/baseline/trial_runs/local_var_topk_009/baseline_s3_curve.csv
Using the latest cached version of the dataset since glue couldn't be found on the Hugging Face Hub (offline mode is enabled).
Found the latest cached dataset configuration 'sst2' at /home/zhujjing/hf_cache/datasets/glue/sst2/0.0.0/bcdcba79d07bc864c1c254ccfcedcce55bcc9a8c (last modified on Thu Mar 19 15:01:41 2026).
/home/zhujjing/anaconda3/envs/moe/lib/python3.10/site-packages/transformers/utils/hub.py:124: FutureWarning: Using `TRANSFORMERS_CACHE` is deprecated and will be removed in v5 of Transformers. Use `HF_HOME` instead.
  warnings.warn(
/home/zhujjing/anaconda3/envs/moe/lib/python3.10/site-packages/transformers/convert_slow_tokenizer.py:560: UserWarning: The sentencepiece tokenizer that you are converting to a fast tokenizer uses the byte fallback option which is not implemented in the fast tokenizers. In practice this means that the fast version of the tokenizer can produce unknown tokens whereas the sentencepiece version would have converted these unknown tokens into a sequence of byte tokens matching the original piece of text.
  warnings.warn(
[step 0001/150] method=baseline_avg loss=0.6310 train_acc=nan train_loss=nan val_acc=nan val_loss=nan best=-1.0000
[step 0010/150] method=baseline_avg loss=0.6328 train_acc=nan train_loss=nan val_acc=nan val_loss=nan best=-1.0000
[step 0020/150] method=baseline_avg loss=0.6176 train_acc=nan train_loss=nan val_acc=nan val_loss=nan best=-1.0000
[step 0030/150] method=baseline_avg loss=0.6471 train_acc=nan train_loss=nan val_acc=nan val_loss=nan best=-1.0000
[step 0040/150] method=baseline_avg loss=0.5801 train_acc=nan train_loss=nan val_acc=nan val_loss=nan best=-1.0000
[step 0050/150] method=baseline_avg loss=0.5942 train_acc=0.8643 train_loss=0.3893 val_acc=0.8842 val_loss=0.3692 router_H=0.6464 best=0.8842
           router_load=[0.04570610076189041, 0.4854595959186554, 0.0735296756029129, 0.39530450105667114]
[step 0060/150] method=baseline_avg loss=0.4308 train_acc=0.8643 train_loss=0.3893 val_acc=0.8842 val_loss=0.3692 router_H=0.6464 best=0.8842
           router_load=[0.04570610076189041, 0.4854595959186554, 0.0735296756029129, 0.39530450105667114]
[step 0070/150] method=baseline_avg loss=0.2650 train_acc=0.8643 train_loss=0.3893 val_acc=0.8842 val_loss=0.3692 router_H=0.6464 best=0.8842
           router_load=[0.04570610076189041, 0.4854595959186554, 0.0735296756029129, 0.39530450105667114]
[step 0080/150] method=baseline_avg loss=0.2032 train_acc=0.8643 train_loss=0.3893 val_acc=0.8842 val_loss=0.3692 router_H=0.6464 best=0.8842
           router_load=[0.04570610076189041, 0.4854595959186554, 0.0735296756029129, 0.39530450105667114]
[step 0090/150] method=baseline_avg loss=0.0940 train_acc=0.8643 train_loss=0.3893 val_acc=0.8842 val_loss=0.3692 router_H=0.6464 best=0.8842
           router_load=[0.04570610076189041, 0.4854595959186554, 0.0735296756029129, 0.39530450105667114]
[step 0100/150] method=baseline_avg loss=0.0993 train_acc=0.9080 train_loss=0.2513 val_acc=0.9163 val_loss=0.2367 router_H=0.5011 best=0.9163
           router_load=[0.0061227502301335335, 0.4855143427848816, 0.0934733971953392, 0.41488954424858093]
[step 0110/150] method=baseline_avg loss=0.4840 train_acc=0.9080 train_loss=0.2513 val_acc=0.9163 val_loss=0.2367 router_H=0.5011 best=0.9163
           router_load=[0.0061227502301335335, 0.4855143427848816, 0.0934733971953392, 0.41488954424858093]
[step 0120/150] method=baseline_avg loss=0.4995 train_acc=0.9080 train_loss=0.2513 val_acc=0.9163 val_loss=0.2367 router_H=0.5011 best=0.9163
           router_load=[0.0061227502301335335, 0.4855143427848816, 0.0934733971953392, 0.41488954424858093]
[step 0130/150] method=baseline_avg loss=0.2538 train_acc=0.9080 train_loss=0.2513 val_acc=0.9163 val_loss=0.2367 router_H=0.5011 best=0.9163
           router_load=[0.0061227502301335335, 0.4855143427848816, 0.0934733971953392, 0.41488954424858093]
[step 0140/150] method=baseline_avg loss=0.1718 train_acc=0.9080 train_loss=0.2513 val_acc=0.9163 val_loss=0.2367 router_H=0.5011 best=0.9163
           router_load=[0.0061227502301335335, 0.4855143427848816, 0.0934733971953392, 0.41488954424858093]
[step 0150/150] method=baseline_avg loss=0.2400 train_acc=0.9221 train_loss=0.2207 val_acc=0.9220 val_loss=0.2058 router_H=0.4837 best=0.9220
           router_load=[0.03031921200454235, 0.4920857846736908, 0.03938710689544678, 0.43820804357528687]
saved summary -> /home/zhujjing/MOE-grad-conflict-routing/runs/paper_suite/single_gpu/single_task/deberta_sst2_ffn_e4_k2_supplement/hpo/baseline/trial_runs/local_var_topk_009/baseline_s3.json
saved curve -> /home/zhujjing/MOE-grad-conflict-routing/runs/paper_suite/single_gpu/single_task/deberta_sst2_ffn_e4_k2_supplement/hpo/baseline/trial_runs/local_var_topk_009/baseline_s3_curve.csv
