[run] method=cagrad candidate=coord_04_method_baseline_cagrad_c_003 seed=2 steps=150 gpu=0
[run] cmd=
/home/zhujjing/anaconda3/envs/moe/bin/python /home/zhujjing/MOE-grad-conflict-routing/scripts/run.py --config configs/singletask_rte_real.yaml --set model.backbone_backend=hf --set model.hf_load_pretrained=true --set model.hf_local_files_only=true --set model.backbone=deberta --set model.hf_pretrained_name=microsoft/deberta-v3-base --set model.expert_type=lora --set model.routing_mode=topk --set model.num_experts=4 --set model.top_k=2 --set seed=2 --set method.name=baseline_cagrad --set train.steps=150 --set train.eval_every_steps=50 --set method.baseline_cagrad.c=0.4811638322 --set method.baseline_cagrad.inner_lr=0.1 --set train.grad_clip=1.016176527 --set train.lr=4.460286243e-05 --set train.weight_decay=0.0003465461751 --out /home/zhujjing/MOE-grad-conflict-routing/runs/paper_suite/single_gpu/single_task/deberta_rte_lora_e4_k2_supplement/hpo/cagrad/trial_runs/coord_04_method_baseline_cagrad_c_003/cagrad_s2.json --curve_out /home/zhujjing/MOE-grad-conflict-routing/runs/paper_suite/single_gpu/single_task/deberta_rte_lora_e4_k2_supplement/hpo/cagrad/trial_runs/coord_04_method_baseline_cagrad_c_003/cagrad_s2_curve.csv
Using the latest cached version of the dataset since glue couldn't be found on the Hugging Face Hub (offline mode is enabled).
Found the latest cached dataset configuration 'rte' at /home/zhujjing/hf_cache/datasets/glue/rte/0.0.0/bcdcba79d07bc864c1c254ccfcedcce55bcc9a8c (last modified on Thu Mar 19 15:00:36 2026).
/home/zhujjing/anaconda3/envs/moe/lib/python3.10/site-packages/transformers/utils/hub.py:124: FutureWarning: Using `TRANSFORMERS_CACHE` is deprecated and will be removed in v5 of Transformers. Use `HF_HOME` instead.
  warnings.warn(
/home/zhujjing/anaconda3/envs/moe/lib/python3.10/site-packages/transformers/convert_slow_tokenizer.py:560: UserWarning: The sentencepiece tokenizer that you are converting to a fast tokenizer uses the byte fallback option which is not implemented in the fast tokenizers. In practice this means that the fast version of the tokenizer can produce unknown tokens whereas the sentencepiece version would have converted these unknown tokens into a sequence of byte tokens matching the original piece of text.
  warnings.warn(
[step 0001/150] method=baseline_cagrad loss=0.7188 train_acc=nan train_loss=nan val_acc=nan val_loss=nan best=-1.0000
[step 0010/150] method=baseline_cagrad loss=0.9314 train_acc=nan train_loss=nan val_acc=nan val_loss=nan best=-1.0000
[step 0020/150] method=baseline_cagrad loss=0.6810 train_acc=nan train_loss=nan val_acc=nan val_loss=nan best=-1.0000
[step 0030/150] method=baseline_cagrad loss=0.5172 train_acc=nan train_loss=nan val_acc=nan val_loss=nan best=-1.0000
[step 0040/150] method=baseline_cagrad loss=0.6413 train_acc=nan train_loss=nan val_acc=nan val_loss=nan best=-1.0000
[step 0050/150] method=baseline_cagrad loss=0.7121 train_acc=0.7031 train_loss=0.5577 val_acc=0.7040 val_loss=0.5767 router_H=0.6550 best=0.7040
           router_load=[0.016194336116313934, 0.11854934692382812, 0.6327782273292542, 0.2324780970811844]
[step 0060/150] method=baseline_cagrad loss=0.5323 train_acc=0.7031 train_loss=0.5577 val_acc=0.7040 val_loss=0.5767 router_H=0.6550 best=0.7040
           router_load=[0.016194336116313934, 0.11854934692382812, 0.6327782273292542, 0.2324780970811844]
[step 0070/150] method=baseline_cagrad loss=0.5767 train_acc=0.7031 train_loss=0.5577 val_acc=0.7040 val_loss=0.5767 router_H=0.6550 best=0.7040
           router_load=[0.016194336116313934, 0.11854934692382812, 0.6327782273292542, 0.2324780970811844]
[step 0080/150] method=baseline_cagrad loss=0.5909 train_acc=0.7031 train_loss=0.5577 val_acc=0.7040 val_loss=0.5767 router_H=0.6550 best=0.7040
           router_load=[0.016194336116313934, 0.11854934692382812, 0.6327782273292542, 0.2324780970811844]
[step 0090/150] method=baseline_cagrad loss=0.3461 train_acc=0.7031 train_loss=0.5577 val_acc=0.7040 val_loss=0.5767 router_H=0.6550 best=0.7040
           router_load=[0.016194336116313934, 0.11854934692382812, 0.6327782273292542, 0.2324780970811844]
[step 0100/150] method=baseline_cagrad loss=0.5078 train_acc=0.8438 train_loss=0.4195 val_acc=0.7870 val_loss=0.4982 router_H=0.6737 best=0.7870
           router_load=[0.0, 0.01799136959016323, 0.5842309594154358, 0.397777795791626]
[step 0110/150] method=baseline_cagrad loss=0.4507 train_acc=0.8438 train_loss=0.4195 val_acc=0.7870 val_loss=0.4982 router_H=0.6737 best=0.7870
           router_load=[0.0, 0.01799136959016323, 0.5842309594154358, 0.397777795791626]
[step 0120/150] method=baseline_cagrad loss=0.2785 train_acc=0.8438 train_loss=0.4195 val_acc=0.7870 val_loss=0.4982 router_H=0.6737 best=0.7870
           router_load=[0.0, 0.01799136959016323, 0.5842309594154358, 0.397777795791626]
[step 0130/150] method=baseline_cagrad loss=0.6564 train_acc=0.8438 train_loss=0.4195 val_acc=0.7870 val_loss=0.4982 router_H=0.6737 best=0.7870
           router_load=[0.0, 0.01799136959016323, 0.5842309594154358, 0.397777795791626]
[step 0140/150] method=baseline_cagrad loss=0.6324 train_acc=0.8438 train_loss=0.4195 val_acc=0.7870 val_loss=0.4982 router_H=0.6737 best=0.7870
           router_load=[0.0, 0.01799136959016323, 0.5842309594154358, 0.397777795791626]
[step 0150/150] method=baseline_cagrad loss=0.5918 train_acc=0.8906 train_loss=0.2611 val_acc=0.8087 val_loss=0.4244 router_H=0.6545 best=0.8087
           router_load=[0.003287253435701132, 0.08683764934539795, 0.6066038608551025, 0.30327126383781433]
saved summary -> /home/zhujjing/MOE-grad-conflict-routing/runs/paper_suite/single_gpu/single_task/deberta_rte_lora_e4_k2_supplement/hpo/cagrad/trial_runs/coord_04_method_baseline_cagrad_c_003/cagrad_s2.json
saved curve -> /home/zhujjing/MOE-grad-conflict-routing/runs/paper_suite/single_gpu/single_task/deberta_rte_lora_e4_k2_supplement/hpo/cagrad/trial_runs/coord_04_method_baseline_cagrad_c_003/cagrad_s2_curve.csv
