[run] method=cagrad candidate=coord_03_train_grad_clip_002 seed=2 steps=200 gpu=0
[run] cmd=
/home/zhujjing/anaconda3/envs/moe/bin/python /home/zhujjing/MOE-grad-conflict-routing/scripts/run.py --config configs/multitask_glue4_real.yaml --set model.backbone_backend=hf --set model.hf_load_pretrained=true --set model.hf_local_files_only=true --set model.backbone=gpt2 --set model.hf_pretrained_name=gpt2-medium --set model.expert_type=lora --set model.routing_mode=topk --set model.num_experts=4 --set model.top_k=2 --set train.eval_train_fraction=0.10 --set train.eval_train_max_batches=-1 --set train.eval_max_batches=-1 --set seed=2 --set method.name=baseline_cagrad --set train.steps=200 --set train.eval_every_steps=100 --set method.baseline_cagrad.c=0.4 --set method.baseline_cagrad.inner_lr=0.1 --set train.grad_clip=1.016176527 --set train.lr=3.483800361e-05 --set train.weight_decay=0.02536478282 --out /home/zhujjing/MOE-grad-conflict-routing/runs/paper_suite/single_gpu/multi_task/glue4_gpt2_lora_e4_k2/hpo/cagrad/trial_runs/coord_03_train_grad_clip_002/cagrad_s2.json --curve_out /home/zhujjing/MOE-grad-conflict-routing/runs/paper_suite/single_gpu/multi_task/glue4_gpt2_lora_e4_k2/hpo/cagrad/trial_runs/coord_03_train_grad_clip_002/cagrad_s2_curve.csv
Using the latest cached version of the dataset since glue couldn't be found on the Hugging Face Hub (offline mode is enabled).
Found the latest cached dataset configuration 'rte' at /home/zhujjing/hf_cache/datasets/glue/rte/0.0.0/bcdcba79d07bc864c1c254ccfcedcce55bcc9a8c (last modified on Thu Mar 19 15:00:36 2026).
/home/zhujjing/anaconda3/envs/moe/lib/python3.10/site-packages/transformers/utils/hub.py:124: FutureWarning: Using `TRANSFORMERS_CACHE` is deprecated and will be removed in v5 of Transformers. Use `HF_HOME` instead.
  warnings.warn(
Using the latest cached version of the dataset since glue couldn't be found on the Hugging Face Hub (offline mode is enabled).
Found the latest cached dataset configuration 'mrpc' at /home/zhujjing/hf_cache/datasets/glue/mrpc/0.0.0/bcdcba79d07bc864c1c254ccfcedcce55bcc9a8c (last modified on Thu Mar 19 15:01:06 2026).
Using the latest cached version of the dataset since glue couldn't be found on the Hugging Face Hub (offline mode is enabled).
Found the latest cached dataset configuration 'sst2' at /home/zhujjing/hf_cache/datasets/glue/sst2/0.0.0/bcdcba79d07bc864c1c254ccfcedcce55bcc9a8c (last modified on Thu Mar 19 15:01:41 2026).
Using the latest cached version of the dataset since glue couldn't be found on the Hugging Face Hub (offline mode is enabled).
Found the latest cached dataset configuration 'cola' at /home/zhujjing/hf_cache/datasets/glue/cola/0.0.0/bcdcba79d07bc864c1c254ccfcedcce55bcc9a8c (last modified on Thu Mar 19 15:02:09 2026).
[step 0001/200] method=baseline_cagrad loss=0.7669 train_acc=nan train_loss=nan val_acc=nan val_loss=nan best=-1.0000
[step 0010/200] method=baseline_cagrad loss=0.7179 train_acc=nan train_loss=nan val_acc=nan val_loss=nan best=-1.0000
[step 0020/200] method=baseline_cagrad loss=0.6750 train_acc=nan train_loss=nan val_acc=nan val_loss=nan best=-1.0000
[step 0030/200] method=baseline_cagrad loss=0.6900 train_acc=nan train_loss=nan val_acc=nan val_loss=nan best=-1.0000
[step 0040/200] method=baseline_cagrad loss=0.6397 train_acc=nan train_loss=nan val_acc=nan val_loss=nan best=-1.0000
[step 0050/200] method=baseline_cagrad loss=0.5578 train_acc=nan train_loss=nan val_acc=nan val_loss=nan best=-1.0000
[step 0060/200] method=baseline_cagrad loss=0.5195 train_acc=nan train_loss=nan val_acc=nan val_loss=nan best=-1.0000
[step 0070/200] method=baseline_cagrad loss=0.5593 train_acc=nan train_loss=nan val_acc=nan val_loss=nan best=-1.0000
[step 0080/200] method=baseline_cagrad loss=0.5676 train_acc=nan train_loss=nan val_acc=nan val_loss=nan best=-1.0000
[step 0090/200] method=baseline_cagrad loss=0.5422 train_acc=nan train_loss=nan val_acc=nan val_loss=nan best=-1.0000
[step 0100/200] method=baseline_cagrad loss=0.5004 train_acc=0.7421 train_loss=0.5091 val_acc=0.7115 val_loss=0.5427 router_H=0.5768 best=0.7115
           router_load=[0.0026473032776266336, 0.7178149819374084, 0.27508190274238586, 0.00445612333714962]
[step 0110/200] method=baseline_cagrad loss=0.5335 train_acc=0.7421 train_loss=0.5091 val_acc=0.7115 val_loss=0.5427 router_H=0.5768 best=0.7115
           router_load=[0.0026473032776266336, 0.7178149819374084, 0.27508190274238586, 0.00445612333714962]
[step 0120/200] method=baseline_cagrad loss=0.5244 train_acc=0.7421 train_loss=0.5091 val_acc=0.7115 val_loss=0.5427 router_H=0.5768 best=0.7115
           router_load=[0.0026473032776266336, 0.7178149819374084, 0.27508190274238586, 0.00445612333714962]
[step 0130/200] method=baseline_cagrad loss=0.5162 train_acc=0.7421 train_loss=0.5091 val_acc=0.7115 val_loss=0.5427 router_H=0.5768 best=0.7115
           router_load=[0.0026473032776266336, 0.7178149819374084, 0.27508190274238586, 0.00445612333714962]
[step 0140/200] method=baseline_cagrad loss=0.5476 train_acc=0.7421 train_loss=0.5091 val_acc=0.7115 val_loss=0.5427 router_H=0.5768 best=0.7115
           router_load=[0.0026473032776266336, 0.7178149819374084, 0.27508190274238586, 0.00445612333714962]
[step 0150/200] method=baseline_cagrad loss=0.5016 train_acc=0.7421 train_loss=0.5091 val_acc=0.7115 val_loss=0.5427 router_H=0.5768 best=0.7115
           router_load=[0.0026473032776266336, 0.7178149819374084, 0.27508190274238586, 0.00445612333714962]
[step 0160/200] method=baseline_cagrad loss=0.5391 train_acc=0.7421 train_loss=0.5091 val_acc=0.7115 val_loss=0.5427 router_H=0.5768 best=0.7115
           router_load=[0.0026473032776266336, 0.7178149819374084, 0.27508190274238586, 0.00445612333714962]
[step 0170/200] method=baseline_cagrad loss=0.4705 train_acc=0.7421 train_loss=0.5091 val_acc=0.7115 val_loss=0.5427 router_H=0.5768 best=0.7115
           router_load=[0.0026473032776266336, 0.7178149819374084, 0.27508190274238586, 0.00445612333714962]
[step 0180/200] method=baseline_cagrad loss=0.4960 train_acc=0.7421 train_loss=0.5091 val_acc=0.7115 val_loss=0.5427 router_H=0.5768 best=0.7115
           router_load=[0.0026473032776266336, 0.7178149819374084, 0.27508190274238586, 0.00445612333714962]
[step 0190/200] method=baseline_cagrad loss=0.4745 train_acc=0.7421 train_loss=0.5091 val_acc=0.7115 val_loss=0.5427 router_H=0.5768 best=0.7115
           router_load=[0.0026473032776266336, 0.7178149819374084, 0.27508190274238586, 0.00445612333714962]
[step 0200/200] method=baseline_cagrad loss=0.4420 train_acc=0.8344 train_loss=0.3770 val_acc=0.7684 val_loss=0.4656 router_H=0.5996 best=0.7684
           router_load=[0.022576099261641502, 0.6672629714012146, 0.2853699326515198, 0.024791294708848]
saved summary -> /home/zhujjing/MOE-grad-conflict-routing/runs/paper_suite/single_gpu/multi_task/glue4_gpt2_lora_e4_k2/hpo/cagrad/trial_runs/coord_03_train_grad_clip_002/cagrad_s2.json
saved curve -> /home/zhujjing/MOE-grad-conflict-routing/runs/paper_suite/single_gpu/multi_task/glue4_gpt2_lora_e4_k2/hpo/cagrad/trial_runs/coord_03_train_grad_clip_002/cagrad_s2_curve.csv
