[run] method=cagrad candidate=coord_03_train_grad_clip_004 seed=3 steps=200 gpu=0
[run] cmd=
/home/zhujjing/anaconda3/envs/moe/bin/python /home/zhujjing/MOE-grad-conflict-routing/scripts/run.py --config configs/multitask_glue4_real.yaml --set model.backbone_backend=hf --set model.hf_load_pretrained=true --set model.hf_local_files_only=true --set model.backbone=gpt2 --set model.hf_pretrained_name=gpt2-medium --set model.expert_type=lora --set model.routing_mode=topk --set model.num_experts=4 --set model.top_k=2 --set train.eval_train_fraction=0.10 --set train.eval_train_max_batches=-1 --set train.eval_max_batches=-1 --set seed=3 --set method.name=baseline_cagrad --set train.steps=200 --set train.eval_every_steps=100 --set method.baseline_cagrad.c=0.4 --set method.baseline_cagrad.inner_lr=0.1 --set train.grad_clip=1.23610215 --set train.lr=3.483800361e-05 --set train.weight_decay=0.02536478282 --out /home/zhujjing/MOE-grad-conflict-routing/runs/paper_suite/single_gpu/multi_task/glue4_gpt2_lora_e4_k2/hpo/cagrad/trial_runs/coord_03_train_grad_clip_004/cagrad_s3.json --curve_out /home/zhujjing/MOE-grad-conflict-routing/runs/paper_suite/single_gpu/multi_task/glue4_gpt2_lora_e4_k2/hpo/cagrad/trial_runs/coord_03_train_grad_clip_004/cagrad_s3_curve.csv
Using the latest cached version of the dataset since glue couldn't be found on the Hugging Face Hub (offline mode is enabled).
Found the latest cached dataset configuration 'rte' at /home/zhujjing/hf_cache/datasets/glue/rte/0.0.0/bcdcba79d07bc864c1c254ccfcedcce55bcc9a8c (last modified on Thu Mar 19 15:00:36 2026).
/home/zhujjing/anaconda3/envs/moe/lib/python3.10/site-packages/transformers/utils/hub.py:124: FutureWarning: Using `TRANSFORMERS_CACHE` is deprecated and will be removed in v5 of Transformers. Use `HF_HOME` instead.
  warnings.warn(
Using the latest cached version of the dataset since glue couldn't be found on the Hugging Face Hub (offline mode is enabled).
Found the latest cached dataset configuration 'mrpc' at /home/zhujjing/hf_cache/datasets/glue/mrpc/0.0.0/bcdcba79d07bc864c1c254ccfcedcce55bcc9a8c (last modified on Thu Mar 19 15:01:06 2026).
Using the latest cached version of the dataset since glue couldn't be found on the Hugging Face Hub (offline mode is enabled).
Found the latest cached dataset configuration 'sst2' at /home/zhujjing/hf_cache/datasets/glue/sst2/0.0.0/bcdcba79d07bc864c1c254ccfcedcce55bcc9a8c (last modified on Thu Mar 19 15:01:41 2026).
Using the latest cached version of the dataset since glue couldn't be found on the Hugging Face Hub (offline mode is enabled).
Found the latest cached dataset configuration 'cola' at /home/zhujjing/hf_cache/datasets/glue/cola/0.0.0/bcdcba79d07bc864c1c254ccfcedcce55bcc9a8c (last modified on Thu Mar 19 15:02:09 2026).
[step 0001/200] method=baseline_cagrad loss=0.7770 train_acc=nan train_loss=nan val_acc=nan val_loss=nan best=-1.0000
[step 0010/200] method=baseline_cagrad loss=0.6921 train_acc=nan train_loss=nan val_acc=nan val_loss=nan best=-1.0000
[step 0020/200] method=baseline_cagrad loss=0.6958 train_acc=nan train_loss=nan val_acc=nan val_loss=nan best=-1.0000
[step 0030/200] method=baseline_cagrad loss=0.6140 train_acc=nan train_loss=nan val_acc=nan val_loss=nan best=-1.0000
[step 0040/200] method=baseline_cagrad loss=0.5545 train_acc=nan train_loss=nan val_acc=nan val_loss=nan best=-1.0000
[step 0050/200] method=baseline_cagrad loss=0.6406 train_acc=nan train_loss=nan val_acc=nan val_loss=nan best=-1.0000
[step 0060/200] method=baseline_cagrad loss=0.5669 train_acc=nan train_loss=nan val_acc=nan val_loss=nan best=-1.0000
[step 0070/200] method=baseline_cagrad loss=0.5299 train_acc=nan train_loss=nan val_acc=nan val_loss=nan best=-1.0000
[step 0080/200] method=baseline_cagrad loss=0.4813 train_acc=nan train_loss=nan val_acc=nan val_loss=nan best=-1.0000
[step 0090/200] method=baseline_cagrad loss=0.5155 train_acc=nan train_loss=nan val_acc=nan val_loss=nan best=-1.0000
[step 0100/200] method=baseline_cagrad loss=0.5578 train_acc=0.7462 train_loss=0.5015 val_acc=0.7154 val_loss=0.5350 router_H=0.5716 best=0.7154
           router_load=[0.5463321805000305, 0.004089587368071079, 0.04572177678346634, 0.40385639667510986]
[step 0110/200] method=baseline_cagrad loss=0.5969 train_acc=0.7462 train_loss=0.5015 val_acc=0.7154 val_loss=0.5350 router_H=0.5716 best=0.7154
           router_load=[0.5463321805000305, 0.004089587368071079, 0.04572177678346634, 0.40385639667510986]
[step 0120/200] method=baseline_cagrad loss=0.4994 train_acc=0.7462 train_loss=0.5015 val_acc=0.7154 val_loss=0.5350 router_H=0.5716 best=0.7154
           router_load=[0.5463321805000305, 0.004089587368071079, 0.04572177678346634, 0.40385639667510986]
[step 0130/200] method=baseline_cagrad loss=0.5190 train_acc=0.7462 train_loss=0.5015 val_acc=0.7154 val_loss=0.5350 router_H=0.5716 best=0.7154
           router_load=[0.5463321805000305, 0.004089587368071079, 0.04572177678346634, 0.40385639667510986]
[step 0140/200] method=baseline_cagrad loss=0.4332 train_acc=0.7462 train_loss=0.5015 val_acc=0.7154 val_loss=0.5350 router_H=0.5716 best=0.7154
           router_load=[0.5463321805000305, 0.004089587368071079, 0.04572177678346634, 0.40385639667510986]
[step 0150/200] method=baseline_cagrad loss=0.4667 train_acc=0.7462 train_loss=0.5015 val_acc=0.7154 val_loss=0.5350 router_H=0.5716 best=0.7154
           router_load=[0.5463321805000305, 0.004089587368071079, 0.04572177678346634, 0.40385639667510986]
[step 0160/200] method=baseline_cagrad loss=0.5430 train_acc=0.7462 train_loss=0.5015 val_acc=0.7154 val_loss=0.5350 router_H=0.5716 best=0.7154
           router_load=[0.5463321805000305, 0.004089587368071079, 0.04572177678346634, 0.40385639667510986]
[step 0170/200] method=baseline_cagrad loss=0.5112 train_acc=0.7462 train_loss=0.5015 val_acc=0.7154 val_loss=0.5350 router_H=0.5716 best=0.7154
           router_load=[0.5463321805000305, 0.004089587368071079, 0.04572177678346634, 0.40385639667510986]
[step 0180/200] method=baseline_cagrad loss=0.3891 train_acc=0.7462 train_loss=0.5015 val_acc=0.7154 val_loss=0.5350 router_H=0.5716 best=0.7154
           router_load=[0.5463321805000305, 0.004089587368071079, 0.04572177678346634, 0.40385639667510986]
[step 0190/200] method=baseline_cagrad loss=0.4660 train_acc=0.7462 train_loss=0.5015 val_acc=0.7154 val_loss=0.5350 router_H=0.5716 best=0.7154
           router_load=[0.5463321805000305, 0.004089587368071079, 0.04572177678346634, 0.40385639667510986]
[step 0200/200] method=baseline_cagrad loss=0.4206 train_acc=0.7994 train_loss=0.4320 val_acc=0.7506 val_loss=0.5155 router_H=0.5658 best=0.7506
           router_load=[0.6076796650886536, 0.011109487153589725, 0.024684175848960876, 0.356526255607605]
saved summary -> /home/zhujjing/MOE-grad-conflict-routing/runs/paper_suite/single_gpu/multi_task/glue4_gpt2_lora_e4_k2/hpo/cagrad/trial_runs/coord_03_train_grad_clip_004/cagrad_s3.json
saved curve -> /home/zhujjing/MOE-grad-conflict-routing/runs/paper_suite/single_gpu/multi_task/glue4_gpt2_lora_e4_k2/hpo/cagrad/trial_runs/coord_03_train_grad_clip_004/cagrad_s3_curve.csv
