[run] method=cagrad candidate=coord_04_method_baseline_cagrad_c_010 seed=2 steps=150 gpu=0
[run] cmd=
/home/zhujjing/anaconda3/envs/moe/bin/python /home/zhujjing/MOE-grad-conflict-routing/scripts/run.py --config configs/singletask_sst2_real.yaml --set model.backbone_backend=hf --set model.hf_load_pretrained=true --set model.hf_local_files_only=true --set model.backbone=deberta --set model.hf_pretrained_name=microsoft/deberta-v3-base --set model.expert_type=ffn --set model.routing_mode=topk --set model.num_experts=4 --set model.top_k=2 --set seed=2 --set method.name=baseline_cagrad --set train.steps=150 --set train.eval_every_steps=50 --set method.baseline_cagrad.c=0.2865396522 --set method.baseline_cagrad.inner_lr=0.1 --set train.grad_clip=1.273448831 --set train.lr=3.483800361e-05 --set train.weight_decay=0.03456878451 --out /home/zhujjing/MOE-grad-conflict-routing/runs/paper_suite/single_gpu/single_task/deberta_sst2_ffn_e4_k2_supplement/hpo/cagrad/trial_runs/coord_04_method_baseline_cagrad_c_010/cagrad_s2.json --curve_out /home/zhujjing/MOE-grad-conflict-routing/runs/paper_suite/single_gpu/single_task/deberta_sst2_ffn_e4_k2_supplement/hpo/cagrad/trial_runs/coord_04_method_baseline_cagrad_c_010/cagrad_s2_curve.csv
Using the latest cached version of the dataset since glue couldn't be found on the Hugging Face Hub (offline mode is enabled).
Found the latest cached dataset configuration 'sst2' at /home/zhujjing/hf_cache/datasets/glue/sst2/0.0.0/bcdcba79d07bc864c1c254ccfcedcce55bcc9a8c (last modified on Thu Mar 19 15:01:41 2026).
/home/zhujjing/anaconda3/envs/moe/lib/python3.10/site-packages/transformers/utils/hub.py:124: FutureWarning: Using `TRANSFORMERS_CACHE` is deprecated and will be removed in v5 of Transformers. Use `HF_HOME` instead.
  warnings.warn(
/home/zhujjing/anaconda3/envs/moe/lib/python3.10/site-packages/transformers/convert_slow_tokenizer.py:560: UserWarning: The sentencepiece tokenizer that you are converting to a fast tokenizer uses the byte fallback option which is not implemented in the fast tokenizers. In practice this means that the fast version of the tokenizer can produce unknown tokens whereas the sentencepiece version would have converted these unknown tokens into a sequence of byte tokens matching the original piece of text.
  warnings.warn(
[step 0001/150] method=baseline_cagrad loss=0.6584 train_acc=nan train_loss=nan val_acc=nan val_loss=nan best=-1.0000
[step 0010/150] method=baseline_cagrad loss=0.6841 train_acc=nan train_loss=nan val_acc=nan val_loss=nan best=-1.0000
[step 0020/150] method=baseline_cagrad loss=0.3985 train_acc=nan train_loss=nan val_acc=nan val_loss=nan best=-1.0000
[step 0030/150] method=baseline_cagrad loss=0.2674 train_acc=nan train_loss=nan val_acc=nan val_loss=nan best=-1.0000
[step 0040/150] method=baseline_cagrad loss=0.1239 train_acc=nan train_loss=nan val_acc=nan val_loss=nan best=-1.0000
[step 0050/150] method=baseline_cagrad loss=0.1285 train_acc=0.8799 train_loss=0.3654 val_acc=0.8177 val_loss=0.5414 router_H=0.5914 best=0.8177
           router_load=[0.6624348759651184, 0.00016211403999477625, 0.11803439259529114, 0.21936868131160736]
[step 0060/150] method=baseline_cagrad loss=0.3134 train_acc=0.8799 train_loss=0.3654 val_acc=0.8177 val_loss=0.5414 router_H=0.5914 best=0.8177
           router_load=[0.6624348759651184, 0.00016211403999477625, 0.11803439259529114, 0.21936868131160736]
[step 0070/150] method=baseline_cagrad loss=0.5159 train_acc=0.8799 train_loss=0.3654 val_acc=0.8177 val_loss=0.5414 router_H=0.5914 best=0.8177
           router_load=[0.6624348759651184, 0.00016211403999477625, 0.11803439259529114, 0.21936868131160736]
[step 0080/150] method=baseline_cagrad loss=0.4213 train_acc=0.8799 train_loss=0.3654 val_acc=0.8177 val_loss=0.5414 router_H=0.5914 best=0.8177
           router_load=[0.6624348759651184, 0.00016211403999477625, 0.11803439259529114, 0.21936868131160736]
[step 0090/150] method=baseline_cagrad loss=0.3237 train_acc=0.8799 train_loss=0.3654 val_acc=0.8177 val_loss=0.5414 router_H=0.5914 best=0.8177
           router_load=[0.6624348759651184, 0.00016211403999477625, 0.11803439259529114, 0.21936868131160736]
[step 0100/150] method=baseline_cagrad loss=0.4770 train_acc=0.8293 train_loss=0.5042 val_acc=0.7741 val_loss=0.6916 router_H=0.6785 best=0.8177
           router_load=[0.535382866859436, 0.0, 0.2591916024684906, 0.20542553067207336]
[step 0110/150] method=baseline_cagrad loss=0.2713 train_acc=0.8293 train_loss=0.5042 val_acc=0.7741 val_loss=0.6916 router_H=0.6785 best=0.8177
           router_load=[0.535382866859436, 0.0, 0.2591916024684906, 0.20542553067207336]
[step 0120/150] method=baseline_cagrad loss=0.1246 train_acc=0.8293 train_loss=0.5042 val_acc=0.7741 val_loss=0.6916 router_H=0.6785 best=0.8177
           router_load=[0.535382866859436, 0.0, 0.2591916024684906, 0.20542553067207336]
[step 0130/150] method=baseline_cagrad loss=0.1939 train_acc=0.8293 train_loss=0.5042 val_acc=0.7741 val_loss=0.6916 router_H=0.6785 best=0.8177
           router_load=[0.535382866859436, 0.0, 0.2591916024684906, 0.20542553067207336]
[step 0140/150] method=baseline_cagrad loss=0.3555 train_acc=0.8293 train_loss=0.5042 val_acc=0.7741 val_loss=0.6916 router_H=0.6785 best=0.8177
           router_load=[0.535382866859436, 0.0, 0.2591916024684906, 0.20542553067207336]
[step 0150/150] method=baseline_cagrad loss=0.5695 train_acc=0.8765 train_loss=0.3324 val_acc=0.8681 val_loss=0.4118 router_H=0.6165 best=0.8681
           router_load=[0.6661248207092285, 0.0, 0.2591648995876312, 0.07471008598804474]
saved summary -> /home/zhujjing/MOE-grad-conflict-routing/runs/paper_suite/single_gpu/single_task/deberta_sst2_ffn_e4_k2_supplement/hpo/cagrad/trial_runs/coord_04_method_baseline_cagrad_c_010/cagrad_s2.json
saved curve -> /home/zhujjing/MOE-grad-conflict-routing/runs/paper_suite/single_gpu/single_task/deberta_sst2_ffn_e4_k2_supplement/hpo/cagrad/trial_runs/coord_04_method_baseline_cagrad_c_010/cagrad_s2_curve.csv
