[run] method=baseline candidate=coord_02_train_weight_decay_005 seed=2 steps=200 gpu=0
[run] cmd=
/root/miniconda3/envs/optimization/bin/python /root/Optimization/MOE-grad-conflict-routing/scripts/run.py --config configs/multitask_glue3_rte_mrpc_cola_real.yaml --set model.backbone_backend=hf --set model.hf_load_pretrained=true --set model.hf_local_files_only=true --set model.backbone=roberta --set model.hf_pretrained_name=roberta-base --set model.routing_mode=topk --set model.expert_type=lora --set model.num_experts=6 --set model.top_k=3 --set train.eval_train_fraction=0.10 --set train.eval_train_max_batches=-1 --set train.eval_max_batches=-1 --set seed=2 --set method.name=baseline_avg --set train.steps=200 --set train.eval_every_steps=100 --set train.grad_clip=1 --set train.lr=2.555178414e-05 --set train.weight_decay=0.01546097608 --out /root/Optimization/MOE-grad-conflict-routing/runs/paper_suite_supplement/appendix/more_expert/glue3_roberta_lora_e6_k3/hpo/baseline/trial_runs/coord_02_train_weight_decay_005/baseline_s2.json --curve_out /root/Optimization/MOE-grad-conflict-routing/runs/paper_suite_supplement/appendix/more_expert/glue3_roberta_lora_e6_k3/hpo/baseline/trial_runs/coord_02_train_weight_decay_005/baseline_s2_curve.csv
Using the latest cached version of the dataset since glue couldn't be found on the Hugging Face Hub (offline mode is enabled).
Found the latest cached dataset configuration 'rte' at /root/.cache/huggingface/datasets/glue/rte/0.0.0/bcdcba79d07bc864c1c254ccfcedcce55bcc9a8c (last modified on Thu Mar 26 19:09:12 2026).
Using the latest cached version of the dataset since glue couldn't be found on the Hugging Face Hub (offline mode is enabled).
Found the latest cached dataset configuration 'mrpc' at /root/.cache/huggingface/datasets/glue/mrpc/0.0.0/bcdcba79d07bc864c1c254ccfcedcce55bcc9a8c (last modified on Thu Mar 26 20:11:06 2026).
Using the latest cached version of the dataset since glue couldn't be found on the Hugging Face Hub (offline mode is enabled).
Found the latest cached dataset configuration 'cola' at /root/.cache/huggingface/datasets/glue/cola/0.0.0/bcdcba79d07bc864c1c254ccfcedcce55bcc9a8c (last modified on Thu Mar 26 23:46:11 2026).
Loading weights:   0%|          | 0/197 [00:00<?, ?it/s]Loading weights: 100%|██████████| 197/197 [00:00<00:00, 5754.79it/s]
[1mRobertaModel LOAD REPORT[0m from: roberta-base
Key                             | Status     | 
--------------------------------+------------+-
lm_head.bias                    | UNEXPECTED | 
roberta.embeddings.position_ids | UNEXPECTED | 
lm_head.layer_norm.bias         | UNEXPECTED | 
lm_head.dense.weight            | UNEXPECTED | 
lm_head.layer_norm.weight       | UNEXPECTED | 
lm_head.dense.bias              | UNEXPECTED | 
pooler.dense.bias               | MISSING    | 
pooler.dense.weight             | MISSING    | 

[3mNotes:
- UNEXPECTED[3m	:can be ignored when loading from different task/architecture; not ok if you expect identical arch.
- MISSING[3m	:those params were newly initialized because missing from the checkpoint. Consider training on your downstream task.[0m
[step 0001/200] method=baseline_avg loss=0.6770 train_acc=nan train_loss=nan val_acc=nan val_loss=nan best=-1.0000
[step 0010/200] method=baseline_avg loss=0.6299 train_acc=nan train_loss=nan val_acc=nan val_loss=nan best=-1.0000
[step 0020/200] method=baseline_avg loss=0.6105 train_acc=nan train_loss=nan val_acc=nan val_loss=nan best=-1.0000
[step 0030/200] method=baseline_avg loss=0.6006 train_acc=nan train_loss=nan val_acc=nan val_loss=nan best=-1.0000
[step 0040/200] method=baseline_avg loss=0.7968 train_acc=nan train_loss=nan val_acc=nan val_loss=nan best=-1.0000
[step 0050/200] method=baseline_avg loss=0.6176 train_acc=nan train_loss=nan val_acc=nan val_loss=nan best=-1.0000
[step 0060/200] method=baseline_avg loss=0.6037 train_acc=nan train_loss=nan val_acc=nan val_loss=nan best=-1.0000
[step 0070/200] method=baseline_avg loss=0.6283 train_acc=nan train_loss=nan val_acc=nan val_loss=nan best=-1.0000
[step 0080/200] method=baseline_avg loss=0.5975 train_acc=nan train_loss=nan val_acc=nan val_loss=nan best=-1.0000
[step 0090/200] method=baseline_avg loss=0.6594 train_acc=nan train_loss=nan val_acc=nan val_loss=nan best=-1.0000
[step 0100/200] method=baseline_avg loss=0.6001 train_acc=0.6496 train_loss=0.5990 val_acc=0.6609 val_loss=0.6014 router_H=1.0672 best=0.6609
           router_load=[0.21289341151714325, 0.00012882200826425105, 0.17709408700466156, 0.15359580516815186, 0.44802170991897583, 0.00826625619083643]
[step 0110/200] method=baseline_avg loss=0.6025 train_acc=0.6496 train_loss=0.5990 val_acc=0.6609 val_loss=0.6014 router_H=1.0672 best=0.6609
           router_load=[0.21289341151714325, 0.00012882200826425105, 0.17709408700466156, 0.15359580516815186, 0.44802170991897583, 0.00826625619083643]
[step 0120/200] method=baseline_avg loss=0.4998 train_acc=0.6496 train_loss=0.5990 val_acc=0.6609 val_loss=0.6014 router_H=1.0672 best=0.6609
           router_load=[0.21289341151714325, 0.00012882200826425105, 0.17709408700466156, 0.15359580516815186, 0.44802170991897583, 0.00826625619083643]
[step 0130/200] method=baseline_avg loss=0.5163 train_acc=0.6496 train_loss=0.5990 val_acc=0.6609 val_loss=0.6014 router_H=1.0672 best=0.6609
           router_load=[0.21289341151714325, 0.00012882200826425105, 0.17709408700466156, 0.15359580516815186, 0.44802170991897583, 0.00826625619083643]
[step 0140/200] method=baseline_avg loss=0.6095 train_acc=0.6496 train_loss=0.5990 val_acc=0.6609 val_loss=0.6014 router_H=1.0672 best=0.6609
           router_load=[0.21289341151714325, 0.00012882200826425105, 0.17709408700466156, 0.15359580516815186, 0.44802170991897583, 0.00826625619083643]
[step 0150/200] method=baseline_avg loss=0.5634 train_acc=0.6496 train_loss=0.5990 val_acc=0.6609 val_loss=0.6014 router_H=1.0672 best=0.6609
           router_load=[0.21289341151714325, 0.00012882200826425105, 0.17709408700466156, 0.15359580516815186, 0.44802170991897583, 0.00826625619083643]
[step 0160/200] method=baseline_avg loss=0.6258 train_acc=0.6496 train_loss=0.5990 val_acc=0.6609 val_loss=0.6014 router_H=1.0672 best=0.6609
           router_load=[0.21289341151714325, 0.00012882200826425105, 0.17709408700466156, 0.15359580516815186, 0.44802170991897583, 0.00826625619083643]
[step 0170/200] method=baseline_avg loss=0.6620 train_acc=0.6496 train_loss=0.5990 val_acc=0.6609 val_loss=0.6014 router_H=1.0672 best=0.6609
           router_load=[0.21289341151714325, 0.00012882200826425105, 0.17709408700466156, 0.15359580516815186, 0.44802170991897583, 0.00826625619083643]
[step 0180/200] method=baseline_avg loss=0.6965 train_acc=0.6496 train_loss=0.5990 val_acc=0.6609 val_loss=0.6014 router_H=1.0672 best=0.6609
           router_load=[0.21289341151714325, 0.00012882200826425105, 0.17709408700466156, 0.15359580516815186, 0.44802170991897583, 0.00826625619083643]
[step 0190/200] method=baseline_avg loss=0.5872 train_acc=0.6496 train_loss=0.5990 val_acc=0.6609 val_loss=0.6014 router_H=1.0672 best=0.6609
           router_load=[0.21289341151714325, 0.00012882200826425105, 0.17709408700466156, 0.15359580516815186, 0.44802170991897583, 0.00826625619083643]
[step 0200/200] method=baseline_avg loss=0.6648 train_acc=0.6863 train_loss=0.5461 val_acc=0.6573 val_loss=0.5770 router_H=1.0688 best=0.6609
           router_load=[0.270562082529068, 0.019736051559448242, 0.1710330843925476, 0.10715798288583755, 0.4243561029434204, 0.007154834922403097]
saved summary -> /root/Optimization/MOE-grad-conflict-routing/runs/paper_suite_supplement/appendix/more_expert/glue3_roberta_lora_e6_k3/hpo/baseline/trial_runs/coord_02_train_weight_decay_005/baseline_s2.json
saved curve -> /root/Optimization/MOE-grad-conflict-routing/runs/paper_suite_supplement/appendix/more_expert/glue3_roberta_lora_e6_k3/hpo/baseline/trial_runs/coord_02_train_weight_decay_005/baseline_s2_curve.csv
