[run] method=baseline candidate=coord_02_anchor seed=2 steps=150 gpu=0
[run] cmd=
/home/zhujjing/anaconda3/envs/moe/bin/python /home/zhujjing/MOE-grad-conflict-routing/scripts/run.py --config configs/singletask_rte_real.yaml --set model.backbone_backend=hf --set model.hf_load_pretrained=true --set model.backbone=deberta --set model.hf_pretrained_name=microsoft/deberta-v3-base --set model.expert_type=lora --set model.routing_mode=topk --set model.num_experts=4 --set model.top_k=2 --set seed=2 --set method.name=baseline_avg --set train.steps=150 --set train.eval_every_steps=50 --set train.grad_clip=1 --set train.lr=4.073235309e-05 --set train.weight_decay=0.01 --out /home/zhujjing/MOE-grad-conflict-routing/runs/paper_suite/single_gpu/single_task/deberta_rte_lora_e4_k2/hpo/baseline/trial_runs/coord_02_anchor/baseline_s2.json --curve_out /home/zhujjing/MOE-grad-conflict-routing/runs/paper_suite/single_gpu/single_task/deberta_rte_lora_e4_k2/hpo/baseline/trial_runs/coord_02_anchor/baseline_s2_curve.csv
Using the latest cached version of the dataset since glue couldn't be found on the Hugging Face Hub (offline mode is enabled).
Found the latest cached dataset configuration 'rte' at /home/zhujjing/hf_cache/datasets/glue/rte/0.0.0/bcdcba79d07bc864c1c254ccfcedcce55bcc9a8c (last modified on Thu Mar 19 15:00:36 2026).
/home/zhujjing/anaconda3/envs/moe/lib/python3.10/site-packages/transformers/utils/hub.py:124: FutureWarning: Using `TRANSFORMERS_CACHE` is deprecated and will be removed in v5 of Transformers. Use `HF_HOME` instead.
  warnings.warn(
/home/zhujjing/anaconda3/envs/moe/lib/python3.10/site-packages/transformers/convert_slow_tokenizer.py:560: UserWarning: The sentencepiece tokenizer that you are converting to a fast tokenizer uses the byte fallback option which is not implemented in the fast tokenizers. In practice this means that the fast version of the tokenizer can produce unknown tokens whereas the sentencepiece version would have converted these unknown tokens into a sequence of byte tokens matching the original piece of text.
  warnings.warn(
[step 0001/150] method=baseline_avg loss=0.7070 train_acc=nan train_loss=nan val_acc=nan val_loss=nan best=-1.0000
[step 0010/150] method=baseline_avg loss=0.8121 train_acc=nan train_loss=nan val_acc=nan val_loss=nan best=-1.0000
[step 0020/150] method=baseline_avg loss=0.6173 train_acc=nan train_loss=nan val_acc=nan val_loss=nan best=-1.0000
[step 0030/150] method=baseline_avg loss=0.6658 train_acc=nan train_loss=nan val_acc=nan val_loss=nan best=-1.0000
[step 0040/150] method=baseline_avg loss=0.6973 train_acc=nan train_loss=nan val_acc=nan val_loss=nan best=-1.0000
[step 0050/150] method=baseline_avg loss=0.6560 train_acc=0.7614 train_loss=0.5012 val_acc=0.7292 val_loss=0.5641 router_H=0.6358 best=0.7292
           router_load=[0.6493603587150574, 0.3111906945705414, 0.03787590190768242, 0.0015729869483038783]
[step 0060/150] method=baseline_avg loss=0.5564 train_acc=0.7614 train_loss=0.5012 val_acc=0.7292 val_loss=0.5641 router_H=0.6358 best=0.7292
           router_load=[0.6493603587150574, 0.3111906945705414, 0.03787590190768242, 0.0015729869483038783]
[step 0070/150] method=baseline_avg loss=0.5767 train_acc=0.7614 train_loss=0.5012 val_acc=0.7292 val_loss=0.5641 router_H=0.6358 best=0.7292
           router_load=[0.6493603587150574, 0.3111906945705414, 0.03787590190768242, 0.0015729869483038783]
[step 0080/150] method=baseline_avg loss=0.5722 train_acc=0.7614 train_loss=0.5012 val_acc=0.7292 val_loss=0.5641 router_H=0.6358 best=0.7292
           router_load=[0.6493603587150574, 0.3111906945705414, 0.03787590190768242, 0.0015729869483038783]
[step 0090/150] method=baseline_avg loss=0.4473 train_acc=0.7614 train_loss=0.5012 val_acc=0.7292 val_loss=0.5641 router_H=0.6358 best=0.7292
           router_load=[0.6493603587150574, 0.3111906945705414, 0.03787590190768242, 0.0015729869483038783]
[step 0100/150] method=baseline_avg loss=0.5091 train_acc=0.8590 train_loss=0.3846 val_acc=0.7726 val_loss=0.4861 router_H=0.6025 best=0.7726
           router_load=[0.6919872164726257, 0.22797690331935883, 0.07556342333555222, 0.004472420085221529]
[step 0110/150] method=baseline_avg loss=0.4979 train_acc=0.8590 train_loss=0.3846 val_acc=0.7726 val_loss=0.4861 router_H=0.6025 best=0.7726
           router_load=[0.6919872164726257, 0.22797690331935883, 0.07556342333555222, 0.004472420085221529]
[step 0120/150] method=baseline_avg loss=0.3516 train_acc=0.8590 train_loss=0.3846 val_acc=0.7726 val_loss=0.4861 router_H=0.6025 best=0.7726
           router_load=[0.6919872164726257, 0.22797690331935883, 0.07556342333555222, 0.004472420085221529]
[step 0130/150] method=baseline_avg loss=0.6242 train_acc=0.8590 train_loss=0.3846 val_acc=0.7726 val_loss=0.4861 router_H=0.6025 best=0.7726
           router_load=[0.6919872164726257, 0.22797690331935883, 0.07556342333555222, 0.004472420085221529]
[step 0140/150] method=baseline_avg loss=0.6787 train_acc=0.8590 train_loss=0.3846 val_acc=0.7726 val_loss=0.4861 router_H=0.6025 best=0.7726
           router_load=[0.6919872164726257, 0.22797690331935883, 0.07556342333555222, 0.004472420085221529]
[step 0150/150] method=baseline_avg loss=0.7386 train_acc=0.8398 train_loss=0.3518 val_acc=0.7437 val_loss=0.5214 router_H=0.6073 best=0.7726
           router_load=[0.6655744910240173, 0.1963016390800476, 0.12380223721265793, 0.01432163454592228]
saved summary -> /home/zhujjing/MOE-grad-conflict-routing/runs/paper_suite/single_gpu/single_task/deberta_rte_lora_e4_k2/hpo/baseline/trial_runs/coord_02_anchor/baseline_s2.json
saved curve -> /home/zhujjing/MOE-grad-conflict-routing/runs/paper_suite/single_gpu/single_task/deberta_rte_lora_e4_k2/hpo/baseline/trial_runs/coord_02_anchor/baseline_s2_curve.csv
