[run] method=baseline candidate=coord_02_train_weight_decay_020 seed=3 steps=150 gpu=0
[run] cmd=
/home/zhujjing/anaconda3/envs/moe/bin/python /home/zhujjing/MOE-grad-conflict-routing/scripts/run.py --config configs/singletask_rte_real.yaml --set model.backbone_backend=hf --set model.hf_load_pretrained=true --set model.backbone=deberta --set model.hf_pretrained_name=microsoft/deberta-v3-base --set model.expert_type=lora --set model.routing_mode=topk --set model.num_experts=4 --set model.top_k=2 --set seed=3 --set method.name=baseline_avg --set train.steps=150 --set train.eval_every_steps=50 --set train.grad_clip=1 --set train.lr=4.073235309e-05 --set train.weight_decay=0.006169258685 --out /home/zhujjing/MOE-grad-conflict-routing/runs/paper_suite/single_gpu/single_task/deberta_rte_lora_e4_k2/hpo/baseline/trial_runs/coord_02_train_weight_decay_020/baseline_s3.json --curve_out /home/zhujjing/MOE-grad-conflict-routing/runs/paper_suite/single_gpu/single_task/deberta_rte_lora_e4_k2/hpo/baseline/trial_runs/coord_02_train_weight_decay_020/baseline_s3_curve.csv
Using the latest cached version of the dataset since glue couldn't be found on the Hugging Face Hub (offline mode is enabled).
Found the latest cached dataset configuration 'rte' at /home/zhujjing/hf_cache/datasets/glue/rte/0.0.0/bcdcba79d07bc864c1c254ccfcedcce55bcc9a8c (last modified on Thu Mar 19 15:00:36 2026).
/home/zhujjing/anaconda3/envs/moe/lib/python3.10/site-packages/transformers/utils/hub.py:124: FutureWarning: Using `TRANSFORMERS_CACHE` is deprecated and will be removed in v5 of Transformers. Use `HF_HOME` instead.
  warnings.warn(
/home/zhujjing/anaconda3/envs/moe/lib/python3.10/site-packages/transformers/convert_slow_tokenizer.py:560: UserWarning: The sentencepiece tokenizer that you are converting to a fast tokenizer uses the byte fallback option which is not implemented in the fast tokenizers. In practice this means that the fast version of the tokenizer can produce unknown tokens whereas the sentencepiece version would have converted these unknown tokens into a sequence of byte tokens matching the original piece of text.
  warnings.warn(
[step 0001/150] method=baseline_avg loss=0.8568 train_acc=nan train_loss=nan val_acc=nan val_loss=nan best=-1.0000
[step 0010/150] method=baseline_avg loss=0.7373 train_acc=nan train_loss=nan val_acc=nan val_loss=nan best=-1.0000
[step 0020/150] method=baseline_avg loss=0.6904 train_acc=nan train_loss=nan val_acc=nan val_loss=nan best=-1.0000
[step 0030/150] method=baseline_avg loss=0.6678 train_acc=nan train_loss=nan val_acc=nan val_loss=nan best=-1.0000
[step 0040/150] method=baseline_avg loss=0.6412 train_acc=nan train_loss=nan val_acc=nan val_loss=nan best=-1.0000
[step 0050/150] method=baseline_avg loss=0.5759 train_acc=0.7257 train_loss=0.5548 val_acc=0.6859 val_loss=0.5951 router_H=0.6740 best=0.6859
           router_load=[0.5777987837791443, 0.41959095001220703, 0.0012521251337602735, 0.0013580723898485303]
[step 0060/150] method=baseline_avg loss=0.4580 train_acc=0.7257 train_loss=0.5548 val_acc=0.6859 val_loss=0.5951 router_H=0.6740 best=0.6859
           router_load=[0.5777987837791443, 0.41959095001220703, 0.0012521251337602735, 0.0013580723898485303]
[step 0070/150] method=baseline_avg loss=0.6785 train_acc=0.7257 train_loss=0.5548 val_acc=0.6859 val_loss=0.5951 router_H=0.6740 best=0.6859
           router_load=[0.5777987837791443, 0.41959095001220703, 0.0012521251337602735, 0.0013580723898485303]
[step 0080/150] method=baseline_avg loss=0.4785 train_acc=0.7257 train_loss=0.5548 val_acc=0.6859 val_loss=0.5951 router_H=0.6740 best=0.6859
           router_load=[0.5777987837791443, 0.41959095001220703, 0.0012521251337602735, 0.0013580723898485303]
[step 0090/150] method=baseline_avg loss=0.5297 train_acc=0.7257 train_loss=0.5548 val_acc=0.6859 val_loss=0.5951 router_H=0.6740 best=0.6859
           router_load=[0.5777987837791443, 0.41959095001220703, 0.0012521251337602735, 0.0013580723898485303]
[step 0100/150] method=baseline_avg loss=0.6408 train_acc=0.8490 train_loss=0.3970 val_acc=0.7906 val_loss=0.4985 router_H=0.6848 best=0.7906
           router_load=[0.5284095406532288, 0.4512476325035095, 0.017692534253001213, 0.0026502269320189953]
[step 0110/150] method=baseline_avg loss=0.5774 train_acc=0.8490 train_loss=0.3970 val_acc=0.7906 val_loss=0.4985 router_H=0.6848 best=0.7906
           router_load=[0.5284095406532288, 0.4512476325035095, 0.017692534253001213, 0.0026502269320189953]
[step 0120/150] method=baseline_avg loss=0.4810 train_acc=0.8490 train_loss=0.3970 val_acc=0.7906 val_loss=0.4985 router_H=0.6848 best=0.7906
           router_load=[0.5284095406532288, 0.4512476325035095, 0.017692534253001213, 0.0026502269320189953]
[step 0130/150] method=baseline_avg loss=0.3990 train_acc=0.8490 train_loss=0.3970 val_acc=0.7906 val_loss=0.4985 router_H=0.6848 best=0.7906
           router_load=[0.5284095406532288, 0.4512476325035095, 0.017692534253001213, 0.0026502269320189953]
[step 0140/150] method=baseline_avg loss=0.2372 train_acc=0.8490 train_loss=0.3970 val_acc=0.7906 val_loss=0.4985 router_H=0.6848 best=0.7906
           router_load=[0.5284095406532288, 0.4512476325035095, 0.017692534253001213, 0.0026502269320189953]
[step 0150/150] method=baseline_avg loss=0.2087 train_acc=0.8867 train_loss=0.2673 val_acc=0.7726 val_loss=0.4677 router_H=0.6438 best=0.7906
           router_load=[0.21147626638412476, 0.5665632486343384, 0.21258489787578583, 0.009375480934977531]
saved summary -> /home/zhujjing/MOE-grad-conflict-routing/runs/paper_suite/single_gpu/single_task/deberta_rte_lora_e4_k2/hpo/baseline/trial_runs/coord_02_train_weight_decay_020/baseline_s3.json
saved curve -> /home/zhujjing/MOE-grad-conflict-routing/runs/paper_suite/single_gpu/single_task/deberta_rte_lora_e4_k2/hpo/baseline/trial_runs/coord_02_train_weight_decay_020/baseline_s3_curve.csv
