[run] method=baseline candidate=local_var_topk_008 seed=2 steps=150 gpu=0
[run] cmd=
/home/zhujjing/anaconda3/envs/moe/bin/python /home/zhujjing/MOE-grad-conflict-routing/scripts/run.py --config configs/singletask_rte_real.yaml --set model.backbone_backend=hf --set model.hf_load_pretrained=true --set model.hf_local_files_only=true --set model.backbone=roberta --set model.hf_pretrained_name=roberta-base --set model.expert_type=ffn --set model.routing_mode=topk --set model.num_experts=4 --set model.top_k=2 --set seed=2 --set method.name=baseline_avg --set train.steps=150 --set train.eval_every_steps=50 --set train.grad_clip=1.930855408 --set train.lr=6.510615e-06 --set train.weight_decay=0.03446709884 --out /home/zhujjing/MOE-grad-conflict-routing/runs/paper_suite/single_gpu/single_task/roberta_rte_ffn_e4_k2_supplement/hpo/baseline/trial_runs/local_var_topk_008/baseline_s2.json --curve_out /home/zhujjing/MOE-grad-conflict-routing/runs/paper_suite/single_gpu/single_task/roberta_rte_ffn_e4_k2_supplement/hpo/baseline/trial_runs/local_var_topk_008/baseline_s2_curve.csv
Using the latest cached version of the dataset since glue couldn't be found on the Hugging Face Hub (offline mode is enabled).
Found the latest cached dataset configuration 'rte' at /home/zhujjing/hf_cache/datasets/glue/rte/0.0.0/bcdcba79d07bc864c1c254ccfcedcce55bcc9a8c (last modified on Thu Mar 19 15:00:36 2026).
/home/zhujjing/anaconda3/envs/moe/lib/python3.10/site-packages/transformers/utils/hub.py:124: FutureWarning: Using `TRANSFORMERS_CACHE` is deprecated and will be removed in v5 of Transformers. Use `HF_HOME` instead.
  warnings.warn(
Some weights of RobertaModel were not initialized from the model checkpoint at roberta-base and are newly initialized: ['roberta.pooler.dense.bias', 'roberta.pooler.dense.weight']
You should probably TRAIN this model on a down-stream task to be able to use it for predictions and inference.
[step 0001/150] method=baseline_avg loss=0.6875 train_acc=nan train_loss=nan val_acc=nan val_loss=nan best=-1.0000
[step 0010/150] method=baseline_avg loss=0.7019 train_acc=nan train_loss=nan val_acc=nan val_loss=nan best=-1.0000
[step 0020/150] method=baseline_avg loss=0.6792 train_acc=nan train_loss=nan val_acc=nan val_loss=nan best=-1.0000
[step 0030/150] method=baseline_avg loss=0.6907 train_acc=nan train_loss=nan val_acc=nan val_loss=nan best=-1.0000
[step 0040/150] method=baseline_avg loss=0.6780 train_acc=nan train_loss=nan val_acc=nan val_loss=nan best=-1.0000
[step 0050/150] method=baseline_avg loss=0.6756 train_acc=0.5156 train_loss=0.6899 val_acc=0.5271 val_loss=0.6879 router_H=0.6873 best=0.5271
           router_load=[0.5520533919334412, 0.05131964012980461, 0.0, 0.39662694931030273]
[step 0060/150] method=baseline_avg loss=0.6867 train_acc=0.5156 train_loss=0.6899 val_acc=0.5271 val_loss=0.6879 router_H=0.6873 best=0.5271
           router_load=[0.5520533919334412, 0.05131964012980461, 0.0, 0.39662694931030273]
[step 0070/150] method=baseline_avg loss=0.6848 train_acc=0.5156 train_loss=0.6899 val_acc=0.5271 val_loss=0.6879 router_H=0.6873 best=0.5271
           router_load=[0.5520533919334412, 0.05131964012980461, 0.0, 0.39662694931030273]
[step 0080/150] method=baseline_avg loss=0.6676 train_acc=0.5156 train_loss=0.6899 val_acc=0.5271 val_loss=0.6879 router_H=0.6873 best=0.5271
           router_load=[0.5520533919334412, 0.05131964012980461, 0.0, 0.39662694931030273]
[step 0090/150] method=baseline_avg loss=0.7042 train_acc=0.5156 train_loss=0.6899 val_acc=0.5271 val_loss=0.6879 router_H=0.6873 best=0.5271
           router_load=[0.5520533919334412, 0.05131964012980461, 0.0, 0.39662694931030273]
[step 0100/150] method=baseline_avg loss=0.6853 train_acc=0.5977 train_loss=0.6767 val_acc=0.6065 val_loss=0.6748 router_H=0.6746 best=0.6065
           router_load=[0.5899677276611328, 0.11830739676952362, 0.001183090265840292, 0.29054179787635803]
[step 0110/150] method=baseline_avg loss=0.6822 train_acc=0.5977 train_loss=0.6767 val_acc=0.6065 val_loss=0.6748 router_H=0.6746 best=0.6065
           router_load=[0.5899677276611328, 0.11830739676952362, 0.001183090265840292, 0.29054179787635803]
[step 0120/150] method=baseline_avg loss=0.6920 train_acc=0.5977 train_loss=0.6767 val_acc=0.6065 val_loss=0.6748 router_H=0.6746 best=0.6065
           router_load=[0.5899677276611328, 0.11830739676952362, 0.001183090265840292, 0.29054179787635803]
[step 0130/150] method=baseline_avg loss=0.6641 train_acc=0.5977 train_loss=0.6767 val_acc=0.6065 val_loss=0.6748 router_H=0.6746 best=0.6065
           router_load=[0.5899677276611328, 0.11830739676952362, 0.001183090265840292, 0.29054179787635803]
[step 0140/150] method=baseline_avg loss=0.6383 train_acc=0.5977 train_loss=0.6767 val_acc=0.6065 val_loss=0.6748 router_H=0.6746 best=0.6065
           router_load=[0.5899677276611328, 0.11830739676952362, 0.001183090265840292, 0.29054179787635803]
[step 0150/150] method=baseline_avg loss=0.6589 train_acc=0.7227 train_loss=0.6122 val_acc=0.6426 val_loss=0.6353 router_H=0.5748 best=0.6426
           router_load=[0.7296324372291565, 0.057554326951503754, 0.01959747076034546, 0.1932157278060913]
saved summary -> /home/zhujjing/MOE-grad-conflict-routing/runs/paper_suite/single_gpu/single_task/roberta_rte_ffn_e4_k2_supplement/hpo/baseline/trial_runs/local_var_topk_008/baseline_s2.json
saved curve -> /home/zhujjing/MOE-grad-conflict-routing/runs/paper_suite/single_gpu/single_task/roberta_rte_ffn_e4_k2_supplement/hpo/baseline/trial_runs/local_var_topk_008/baseline_s2_curve.csv
