[run] method=cagrad candidate=coord_04_method_baseline_cagrad_c_003 seed=2 steps=200 gpu=0
[run] cmd=
/home/zhujjing/anaconda3/envs/moe/bin/python /home/zhujjing/MOE-grad-conflict-routing/scripts/run.py --config configs/multitask_glue4_real.yaml --set model.backbone_backend=hf --set model.hf_load_pretrained=true --set model.hf_local_files_only=true --set model.backbone=roberta --set model.hf_pretrained_name=roberta-base --set model.expert_type=lora --set model.routing_mode=topk --set model.num_experts=4 --set model.top_k=2 --set train.eval_train_fraction=0.10 --set train.eval_train_max_batches=-1 --set train.eval_max_batches=-1 --set seed=2 --set method.name=baseline_cagrad --set train.steps=200 --set train.eval_every_steps=100 --set method.baseline_cagrad.c=0.4811638322 --set method.baseline_cagrad.inner_lr=0.1 --set train.grad_clip=1.016176527 --set train.lr=4.460286243e-05 --set train.weight_decay=0.003745151078 --out /home/zhujjing/MOE-grad-conflict-routing/runs/paper_suite/single_gpu/multi_task/glue4_roberta_lora_e4_k2/hpo/cagrad/trial_runs/coord_04_method_baseline_cagrad_c_003/cagrad_s2.json --curve_out /home/zhujjing/MOE-grad-conflict-routing/runs/paper_suite/single_gpu/multi_task/glue4_roberta_lora_e4_k2/hpo/cagrad/trial_runs/coord_04_method_baseline_cagrad_c_003/cagrad_s2_curve.csv
Using the latest cached version of the dataset since glue couldn't be found on the Hugging Face Hub (offline mode is enabled).
Found the latest cached dataset configuration 'rte' at /home/zhujjing/hf_cache/datasets/glue/rte/0.0.0/bcdcba79d07bc864c1c254ccfcedcce55bcc9a8c (last modified on Thu Mar 19 15:00:36 2026).
/home/zhujjing/anaconda3/envs/moe/lib/python3.10/site-packages/transformers/utils/hub.py:124: FutureWarning: Using `TRANSFORMERS_CACHE` is deprecated and will be removed in v5 of Transformers. Use `HF_HOME` instead.
  warnings.warn(
Using the latest cached version of the dataset since glue couldn't be found on the Hugging Face Hub (offline mode is enabled).
Found the latest cached dataset configuration 'mrpc' at /home/zhujjing/hf_cache/datasets/glue/mrpc/0.0.0/bcdcba79d07bc864c1c254ccfcedcce55bcc9a8c (last modified on Thu Mar 19 15:01:06 2026).
Using the latest cached version of the dataset since glue couldn't be found on the Hugging Face Hub (offline mode is enabled).
Found the latest cached dataset configuration 'sst2' at /home/zhujjing/hf_cache/datasets/glue/sst2/0.0.0/bcdcba79d07bc864c1c254ccfcedcce55bcc9a8c (last modified on Thu Mar 19 15:01:41 2026).
Using the latest cached version of the dataset since glue couldn't be found on the Hugging Face Hub (offline mode is enabled).
Found the latest cached dataset configuration 'cola' at /home/zhujjing/hf_cache/datasets/glue/cola/0.0.0/bcdcba79d07bc864c1c254ccfcedcce55bcc9a8c (last modified on Thu Mar 19 15:02:09 2026).
Some weights of RobertaModel were not initialized from the model checkpoint at roberta-base and are newly initialized: ['roberta.pooler.dense.bias', 'roberta.pooler.dense.weight']
You should probably TRAIN this model on a down-stream task to be able to use it for predictions and inference.
[step 0001/200] method=baseline_cagrad loss=0.6939 train_acc=nan train_loss=nan val_acc=nan val_loss=nan best=-1.0000
[step 0010/200] method=baseline_cagrad loss=0.6682 train_acc=nan train_loss=nan val_acc=nan val_loss=nan best=-1.0000
[step 0020/200] method=baseline_cagrad loss=0.5809 train_acc=nan train_loss=nan val_acc=nan val_loss=nan best=-1.0000
[step 0030/200] method=baseline_cagrad loss=0.5903 train_acc=nan train_loss=nan val_acc=nan val_loss=nan best=-1.0000
[step 0040/200] method=baseline_cagrad loss=0.5457 train_acc=nan train_loss=nan val_acc=nan val_loss=nan best=-1.0000
[step 0050/200] method=baseline_cagrad loss=0.6195 train_acc=nan train_loss=nan val_acc=nan val_loss=nan best=-1.0000
[step 0060/200] method=baseline_cagrad loss=0.5283 train_acc=nan train_loss=nan val_acc=nan val_loss=nan best=-1.0000
[step 0070/200] method=baseline_cagrad loss=0.5514 train_acc=nan train_loss=nan val_acc=nan val_loss=nan best=-1.0000
[step 0080/200] method=baseline_cagrad loss=0.5052 train_acc=nan train_loss=nan val_acc=nan val_loss=nan best=-1.0000
[step 0090/200] method=baseline_cagrad loss=0.4993 train_acc=nan train_loss=nan val_acc=nan val_loss=nan best=-1.0000
[step 0100/200] method=baseline_cagrad loss=0.5156 train_acc=0.7563 train_loss=0.5178 val_acc=0.7243 val_loss=0.5552 router_H=0.6819 best=0.7243
           router_load=[0.4867878556251526, 0.11213549226522446, 0.1325538456439972, 0.2685227394104004]
[step 0110/200] method=baseline_cagrad loss=0.4782 train_acc=0.7563 train_loss=0.5178 val_acc=0.7243 val_loss=0.5552 router_H=0.6819 best=0.7243
           router_load=[0.4867878556251526, 0.11213549226522446, 0.1325538456439972, 0.2685227394104004]
[step 0120/200] method=baseline_cagrad loss=0.5125 train_acc=0.7563 train_loss=0.5178 val_acc=0.7243 val_loss=0.5552 router_H=0.6819 best=0.7243
           router_load=[0.4867878556251526, 0.11213549226522446, 0.1325538456439972, 0.2685227394104004]
[step 0130/200] method=baseline_cagrad loss=0.4720 train_acc=0.7563 train_loss=0.5178 val_acc=0.7243 val_loss=0.5552 router_H=0.6819 best=0.7243
           router_load=[0.4867878556251526, 0.11213549226522446, 0.1325538456439972, 0.2685227394104004]
[step 0140/200] method=baseline_cagrad loss=0.5936 train_acc=0.7563 train_loss=0.5178 val_acc=0.7243 val_loss=0.5552 router_H=0.6819 best=0.7243
           router_load=[0.4867878556251526, 0.11213549226522446, 0.1325538456439972, 0.2685227394104004]
[step 0150/200] method=baseline_cagrad loss=0.4976 train_acc=0.7563 train_loss=0.5178 val_acc=0.7243 val_loss=0.5552 router_H=0.6819 best=0.7243
           router_load=[0.4867878556251526, 0.11213549226522446, 0.1325538456439972, 0.2685227394104004]
[step 0160/200] method=baseline_cagrad loss=0.4838 train_acc=0.7563 train_loss=0.5178 val_acc=0.7243 val_loss=0.5552 router_H=0.6819 best=0.7243
           router_load=[0.4867878556251526, 0.11213549226522446, 0.1325538456439972, 0.2685227394104004]
[step 0170/200] method=baseline_cagrad loss=0.4230 train_acc=0.7563 train_loss=0.5178 val_acc=0.7243 val_loss=0.5552 router_H=0.6819 best=0.7243
           router_load=[0.4867878556251526, 0.11213549226522446, 0.1325538456439972, 0.2685227394104004]
[step 0180/200] method=baseline_cagrad loss=0.4278 train_acc=0.7563 train_loss=0.5178 val_acc=0.7243 val_loss=0.5552 router_H=0.6819 best=0.7243
           router_load=[0.4867878556251526, 0.11213549226522446, 0.1325538456439972, 0.2685227394104004]
[step 0190/200] method=baseline_cagrad loss=0.4562 train_acc=0.7563 train_loss=0.5178 val_acc=0.7243 val_loss=0.5552 router_H=0.6819 best=0.7243
           router_load=[0.4867878556251526, 0.11213549226522446, 0.1325538456439972, 0.2685227394104004]
[step 0200/200] method=baseline_cagrad loss=0.3906 train_acc=0.8579 train_loss=0.3398 val_acc=0.8035 val_loss=0.4343 router_H=0.6783 best=0.8035
           router_load=[0.5150789022445679, 0.10603809356689453, 0.021725594997406006, 0.357157438993454]
saved summary -> /home/zhujjing/MOE-grad-conflict-routing/runs/paper_suite/single_gpu/multi_task/glue4_roberta_lora_e4_k2/hpo/cagrad/trial_runs/coord_04_method_baseline_cagrad_c_003/cagrad_s2.json
saved curve -> /home/zhujjing/MOE-grad-conflict-routing/runs/paper_suite/single_gpu/multi_task/glue4_roberta_lora_e4_k2/hpo/cagrad/trial_runs/coord_04_method_baseline_cagrad_c_003/cagrad_s2_curve.csv
