[run] method=cagrad candidate=coord_04_method_baseline_cagrad_c_000 seed=2 steps=200 gpu=0
[run] cmd=
/root/miniconda3/envs/optimization/bin/python /root/Optimization/MOE-grad-conflict-routing-appendix2/scripts/run.py --config configs/multitask_textcls_local_sst2_yelp_amazon_real.yaml --set model.backbone_backend=hf --set model.hf_load_pretrained=true --set model.hf_local_files_only=true --set model.routing_mode=topk --set model.expert_type=lora --set model.num_experts=4 --set model.top_k=2 --set data.train_size=20000 --set data.val_size=4000 --set model.backbone=roberta --set model.hf_pretrained_name=roberta-base --set train.eval_val_fraction=0.2 --set train.skip_train_eval=true --set seed=2 --set method.name=baseline_cagrad --set train.steps=200 --set train.eval_every_steps=100 --set method.baseline_cagrad.c=0.3040703079 --set method.baseline_cagrad.inner_lr=0.1 --set train.grad_clip=1.511233607 --set train.lr=2.555178414e-05 --set train.weight_decay=0.0494133814 --out /root/Optimization/MOE-grad-conflict-routing-appendix2/runs/paper_suite_supplement/appendix/multi_dataset_real/roberta_lora_e4_k2/_method_workers/cagrad/hpo/cagrad/trial_runs/coord_04_method_baseline_cagrad_c_000/cagrad_s2.json --curve_out /root/Optimization/MOE-grad-conflict-routing-appendix2/runs/paper_suite_supplement/appendix/multi_dataset_real/roberta_lora_e4_k2/_method_workers/cagrad/hpo/cagrad/trial_runs/coord_04_method_baseline_cagrad_c_000/cagrad_s2_curve.csv
Loading weights:   0%|          | 0/197 [00:00<?, ?it/s]Loading weights: 100%|██████████| 197/197 [00:00<00:00, 2315.09it/s]
[1mRobertaModel LOAD REPORT[0m from: roberta-base
Key                             | Status     | 
--------------------------------+------------+-
lm_head.bias                    | UNEXPECTED | 
lm_head.layer_norm.bias         | UNEXPECTED | 
lm_head.dense.bias              | UNEXPECTED | 
roberta.embeddings.position_ids | UNEXPECTED | 
lm_head.dense.weight            | UNEXPECTED | 
lm_head.layer_norm.weight       | UNEXPECTED | 
pooler.dense.weight             | MISSING    | 
pooler.dense.bias               | MISSING    | 

[3mNotes:
- UNEXPECTED[3m	:can be ignored when loading from different task/architecture; not ok if you expect identical arch.
- MISSING[3m	:those params were newly initialized because missing from the checkpoint. Consider training on your downstream task.[0m
[step 0001/200] method=baseline_cagrad loss=0.7201 train_acc=nan train_loss=nan val_acc=nan val_loss=nan best=-1.0000
[step 0010/200] method=baseline_cagrad loss=0.7183 train_acc=nan train_loss=nan val_acc=nan val_loss=nan best=-1.0000
[step 0020/200] method=baseline_cagrad loss=0.4251 train_acc=nan train_loss=nan val_acc=nan val_loss=nan best=-1.0000
[step 0030/200] method=baseline_cagrad loss=0.1973 train_acc=nan train_loss=nan val_acc=nan val_loss=nan best=-1.0000
[step 0040/200] method=baseline_cagrad loss=0.1419 train_acc=nan train_loss=nan val_acc=nan val_loss=nan best=-1.0000
[step 0050/200] method=baseline_cagrad loss=0.3430 train_acc=nan train_loss=nan val_acc=nan val_loss=nan best=-1.0000
[step 0060/200] method=baseline_cagrad loss=0.2148 train_acc=nan train_loss=nan val_acc=nan val_loss=nan best=-1.0000
[step 0070/200] method=baseline_cagrad loss=0.2527 train_acc=nan train_loss=nan val_acc=nan val_loss=nan best=-1.0000
[step 0080/200] method=baseline_cagrad loss=0.3110 train_acc=nan train_loss=nan val_acc=nan val_loss=nan best=-1.0000
[step 0090/200] method=baseline_cagrad loss=0.1455 train_acc=nan train_loss=nan val_acc=nan val_loss=nan best=-1.0000
[step 0100/200] method=baseline_cagrad loss=0.3241 train_acc=nan train_loss=nan val_acc=0.9173 val_loss=0.2360 router_H=0.6910 best=0.9173
           router_load=[0.4122949242591858, 0.3139409124851227, 0.1934749335050583, 0.08028923720121384]
[step 0110/200] method=baseline_cagrad loss=0.2881 train_acc=nan train_loss=nan val_acc=0.9173 val_loss=0.2360 router_H=0.6910 best=0.9173
           router_load=[0.4122949242591858, 0.3139409124851227, 0.1934749335050583, 0.08028923720121384]
[step 0120/200] method=baseline_cagrad loss=0.2029 train_acc=nan train_loss=nan val_acc=0.9173 val_loss=0.2360 router_H=0.6910 best=0.9173
           router_load=[0.4122949242591858, 0.3139409124851227, 0.1934749335050583, 0.08028923720121384]
[step 0130/200] method=baseline_cagrad loss=0.2711 train_acc=nan train_loss=nan val_acc=0.9173 val_loss=0.2360 router_H=0.6910 best=0.9173
           router_load=[0.4122949242591858, 0.3139409124851227, 0.1934749335050583, 0.08028923720121384]
[step 0140/200] method=baseline_cagrad loss=0.4635 train_acc=nan train_loss=nan val_acc=0.9173 val_loss=0.2360 router_H=0.6910 best=0.9173
           router_load=[0.4122949242591858, 0.3139409124851227, 0.1934749335050583, 0.08028923720121384]
[step 0150/200] method=baseline_cagrad loss=0.1674 train_acc=nan train_loss=nan val_acc=0.9173 val_loss=0.2360 router_H=0.6910 best=0.9173
           router_load=[0.4122949242591858, 0.3139409124851227, 0.1934749335050583, 0.08028923720121384]
[step 0160/200] method=baseline_cagrad loss=0.4295 train_acc=nan train_loss=nan val_acc=0.9173 val_loss=0.2360 router_H=0.6910 best=0.9173
           router_load=[0.4122949242591858, 0.3139409124851227, 0.1934749335050583, 0.08028923720121384]
[step 0170/200] method=baseline_cagrad loss=0.1731 train_acc=nan train_loss=nan val_acc=0.9173 val_loss=0.2360 router_H=0.6910 best=0.9173
           router_load=[0.4122949242591858, 0.3139409124851227, 0.1934749335050583, 0.08028923720121384]
[step 0180/200] method=baseline_cagrad loss=0.3653 train_acc=nan train_loss=nan val_acc=0.9173 val_loss=0.2360 router_H=0.6910 best=0.9173
           router_load=[0.4122949242591858, 0.3139409124851227, 0.1934749335050583, 0.08028923720121384]
[step 0190/200] method=baseline_cagrad loss=0.2681 train_acc=nan train_loss=nan val_acc=0.9173 val_loss=0.2360 router_H=0.6910 best=0.9173
           router_load=[0.4122949242591858, 0.3139409124851227, 0.1934749335050583, 0.08028923720121384]
[step 0200/200] method=baseline_cagrad loss=0.3450 train_acc=nan train_loss=nan val_acc=0.9021 val_loss=0.3440 router_H=0.6903 best=0.9173
           router_load=[0.45719510316848755, 0.2927561104297638, 0.22085803747177124, 0.029190538451075554]
saved summary -> /root/Optimization/MOE-grad-conflict-routing-appendix2/runs/paper_suite_supplement/appendix/multi_dataset_real/roberta_lora_e4_k2/_method_workers/cagrad/hpo/cagrad/trial_runs/coord_04_method_baseline_cagrad_c_000/cagrad_s2.json
saved curve -> /root/Optimization/MOE-grad-conflict-routing-appendix2/runs/paper_suite_supplement/appendix/multi_dataset_real/roberta_lora_e4_k2/_method_workers/cagrad/hpo/cagrad/trial_runs/coord_04_method_baseline_cagrad_c_000/cagrad_s2_curve.csv
