[run] method=baseline candidate=local_var_topk_016 seed=3 steps=200 gpu=0
[run] cmd=
/home/zhujjing/anaconda3/envs/moe/bin/python /home/zhujjing/MOE-grad-conflict-routing/scripts/run.py --config configs/multitask_glue4_real.yaml --set model.backbone_backend=hf --set model.hf_load_pretrained=true --set model.hf_local_files_only=true --set model.backbone=gpt2 --set model.hf_pretrained_name=gpt2-medium --set model.expert_type=lora --set model.routing_mode=topk --set model.num_experts=4 --set model.top_k=2 --set train.eval_train_fraction=0.10 --set train.eval_train_max_batches=-1 --set train.eval_max_batches=-1 --set seed=3 --set method.name=baseline_avg --set train.steps=200 --set train.eval_every_steps=100 --set train.grad_clip=0.9733492507 --set train.lr=3.0738695e-05 --set train.weight_decay=0.03446709884 --out /home/zhujjing/MOE-grad-conflict-routing/runs/paper_suite/single_gpu/multi_task/glue4_gpt2_lora_e4_k2/hpo/baseline/trial_runs/local_var_topk_016/baseline_s3.json --curve_out /home/zhujjing/MOE-grad-conflict-routing/runs/paper_suite/single_gpu/multi_task/glue4_gpt2_lora_e4_k2/hpo/baseline/trial_runs/local_var_topk_016/baseline_s3_curve.csv
Using the latest cached version of the dataset since glue couldn't be found on the Hugging Face Hub (offline mode is enabled).
Found the latest cached dataset configuration 'rte' at /home/zhujjing/hf_cache/datasets/glue/rte/0.0.0/bcdcba79d07bc864c1c254ccfcedcce55bcc9a8c (last modified on Thu Mar 19 15:00:36 2026).
/home/zhujjing/anaconda3/envs/moe/lib/python3.10/site-packages/transformers/utils/hub.py:124: FutureWarning: Using `TRANSFORMERS_CACHE` is deprecated and will be removed in v5 of Transformers. Use `HF_HOME` instead.
  warnings.warn(
Using the latest cached version of the dataset since glue couldn't be found on the Hugging Face Hub (offline mode is enabled).
Found the latest cached dataset configuration 'mrpc' at /home/zhujjing/hf_cache/datasets/glue/mrpc/0.0.0/bcdcba79d07bc864c1c254ccfcedcce55bcc9a8c (last modified on Thu Mar 19 15:01:06 2026).
Using the latest cached version of the dataset since glue couldn't be found on the Hugging Face Hub (offline mode is enabled).
Found the latest cached dataset configuration 'sst2' at /home/zhujjing/hf_cache/datasets/glue/sst2/0.0.0/bcdcba79d07bc864c1c254ccfcedcce55bcc9a8c (last modified on Thu Mar 19 15:01:41 2026).
Using the latest cached version of the dataset since glue couldn't be found on the Hugging Face Hub (offline mode is enabled).
Found the latest cached dataset configuration 'cola' at /home/zhujjing/hf_cache/datasets/glue/cola/0.0.0/bcdcba79d07bc864c1c254ccfcedcce55bcc9a8c (last modified on Thu Mar 19 15:02:09 2026).
[step 0001/200] method=baseline_avg loss=6.7437 train_acc=nan train_loss=nan val_acc=nan val_loss=nan best=-1.0000
[step 0010/200] method=baseline_avg loss=1.0614 train_acc=nan train_loss=nan val_acc=nan val_loss=nan best=-1.0000
[step 0020/200] method=baseline_avg loss=0.7786 train_acc=nan train_loss=nan val_acc=nan val_loss=nan best=-1.0000
[step 0030/200] method=baseline_avg loss=0.7237 train_acc=nan train_loss=nan val_acc=nan val_loss=nan best=-1.0000
[step 0040/200] method=baseline_avg loss=0.6455 train_acc=nan train_loss=nan val_acc=nan val_loss=nan best=-1.0000
[step 0050/200] method=baseline_avg loss=0.7047 train_acc=nan train_loss=nan val_acc=nan val_loss=nan best=-1.0000
[step 0060/200] method=baseline_avg loss=0.5872 train_acc=nan train_loss=nan val_acc=nan val_loss=nan best=-1.0000
[step 0070/200] method=baseline_avg loss=0.5021 train_acc=nan train_loss=nan val_acc=nan val_loss=nan best=-1.0000
[step 0080/200] method=baseline_avg loss=0.5042 train_acc=nan train_loss=nan val_acc=nan val_loss=nan best=-1.0000
[step 0090/200] method=baseline_avg loss=0.5452 train_acc=nan train_loss=nan val_acc=nan val_loss=nan best=-1.0000
[step 0100/200] method=baseline_avg loss=0.5743 train_acc=0.7424 train_loss=0.4988 val_acc=0.7240 val_loss=0.5199 router_H=0.5338 best=0.7240
           router_load=[0.002488320227712393, 0.47639912366867065, 0.009816003032028675, 0.5112965703010559]
[step 0110/200] method=baseline_avg loss=0.5917 train_acc=0.7424 train_loss=0.4988 val_acc=0.7240 val_loss=0.5199 router_H=0.5338 best=0.7240
           router_load=[0.002488320227712393, 0.47639912366867065, 0.009816003032028675, 0.5112965703010559]
[step 0120/200] method=baseline_avg loss=0.5253 train_acc=0.7424 train_loss=0.4988 val_acc=0.7240 val_loss=0.5199 router_H=0.5338 best=0.7240
           router_load=[0.002488320227712393, 0.47639912366867065, 0.009816003032028675, 0.5112965703010559]
[step 0130/200] method=baseline_avg loss=0.5472 train_acc=0.7424 train_loss=0.4988 val_acc=0.7240 val_loss=0.5199 router_H=0.5338 best=0.7240
           router_load=[0.002488320227712393, 0.47639912366867065, 0.009816003032028675, 0.5112965703010559]
[step 0140/200] method=baseline_avg loss=0.3870 train_acc=0.7424 train_loss=0.4988 val_acc=0.7240 val_loss=0.5199 router_H=0.5338 best=0.7240
           router_load=[0.002488320227712393, 0.47639912366867065, 0.009816003032028675, 0.5112965703010559]
[step 0150/200] method=baseline_avg loss=0.4680 train_acc=0.7424 train_loss=0.4988 val_acc=0.7240 val_loss=0.5199 router_H=0.5338 best=0.7240
           router_load=[0.002488320227712393, 0.47639912366867065, 0.009816003032028675, 0.5112965703010559]
[step 0160/200] method=baseline_avg loss=0.4958 train_acc=0.7424 train_loss=0.4988 val_acc=0.7240 val_loss=0.5199 router_H=0.5338 best=0.7240
           router_load=[0.002488320227712393, 0.47639912366867065, 0.009816003032028675, 0.5112965703010559]
[step 0170/200] method=baseline_avg loss=0.4850 train_acc=0.7424 train_loss=0.4988 val_acc=0.7240 val_loss=0.5199 router_H=0.5338 best=0.7240
           router_load=[0.002488320227712393, 0.47639912366867065, 0.009816003032028675, 0.5112965703010559]
[step 0180/200] method=baseline_avg loss=0.4004 train_acc=0.7424 train_loss=0.4988 val_acc=0.7240 val_loss=0.5199 router_H=0.5338 best=0.7240
           router_load=[0.002488320227712393, 0.47639912366867065, 0.009816003032028675, 0.5112965703010559]
[step 0190/200] method=baseline_avg loss=0.4849 train_acc=0.7424 train_loss=0.4988 val_acc=0.7240 val_loss=0.5199 router_H=0.5338 best=0.7240
           router_load=[0.002488320227712393, 0.47639912366867065, 0.009816003032028675, 0.5112965703010559]
[step 0200/200] method=baseline_avg loss=0.4023 train_acc=0.8089 train_loss=0.4184 val_acc=0.7477 val_loss=0.5274 router_H=0.4340 best=0.7477
           router_load=[0.0046591199934482574, 0.5928399562835693, 0.056537117809057236, 0.3459636867046356]
saved summary -> /home/zhujjing/MOE-grad-conflict-routing/runs/paper_suite/single_gpu/multi_task/glue4_gpt2_lora_e4_k2/hpo/baseline/trial_runs/local_var_topk_016/baseline_s3.json
saved curve -> /home/zhujjing/MOE-grad-conflict-routing/runs/paper_suite/single_gpu/multi_task/glue4_gpt2_lora_e4_k2/hpo/baseline/trial_runs/local_var_topk_016/baseline_s3_curve.csv
