[run] method=cagrad candidate=coord_01_train_lr_004 seed=3 steps=200 gpu=0
[run] cmd=
/root/miniconda3/envs/optimization/bin/python /root/Optimization/MOE-grad-conflict-routing-appendix2/scripts/run.py --config configs/multitask_textcls_local_sst2_yelp_amazon_real.yaml --set model.backbone_backend=hf --set model.hf_load_pretrained=true --set model.hf_local_files_only=true --set model.routing_mode=topk --set model.expert_type=lora --set model.num_experts=4 --set model.top_k=2 --set data.train_size=20000 --set data.val_size=4000 --set model.backbone=roberta --set model.hf_pretrained_name=roberta-base --set train.eval_val_fraction=0.2 --set train.skip_train_eval=true --set seed=3 --set method.name=baseline_cagrad --set train.steps=200 --set train.eval_every_steps=100 --set method.baseline_cagrad.c=0.4 --set method.baseline_cagrad.inner_lr=0.1 --set train.grad_clip=1 --set train.lr=2.555178414e-05 --set train.weight_decay=0.01 --out /root/Optimization/MOE-grad-conflict-routing-appendix2/runs/paper_suite_supplement/appendix/multi_dataset_real/roberta_lora_e4_k2/_method_workers/cagrad/hpo/cagrad/trial_runs/coord_01_train_lr_004/cagrad_s3.json --curve_out /root/Optimization/MOE-grad-conflict-routing-appendix2/runs/paper_suite_supplement/appendix/multi_dataset_real/roberta_lora_e4_k2/_method_workers/cagrad/hpo/cagrad/trial_runs/coord_01_train_lr_004/cagrad_s3_curve.csv
Loading weights:   0%|          | 0/197 [00:00<?, ?it/s]Loading weights: 100%|██████████| 197/197 [00:00<00:00, 8635.04it/s]
[1mRobertaModel LOAD REPORT[0m from: roberta-base
Key                             | Status     | 
--------------------------------+------------+-
lm_head.bias                    | UNEXPECTED | 
lm_head.layer_norm.bias         | UNEXPECTED | 
lm_head.dense.weight            | UNEXPECTED | 
lm_head.dense.bias              | UNEXPECTED | 
roberta.embeddings.position_ids | UNEXPECTED | 
lm_head.layer_norm.weight       | UNEXPECTED | 
pooler.dense.weight             | MISSING    | 
pooler.dense.bias               | MISSING    | 

[3mNotes:
- UNEXPECTED[3m	:can be ignored when loading from different task/architecture; not ok if you expect identical arch.
- MISSING[3m	:those params were newly initialized because missing from the checkpoint. Consider training on your downstream task.[0m
[step 0001/200] method=baseline_cagrad loss=0.6954 train_acc=nan train_loss=nan val_acc=nan val_loss=nan best=-1.0000
[step 0010/200] method=baseline_cagrad loss=0.6315 train_acc=nan train_loss=nan val_acc=nan val_loss=nan best=-1.0000
[step 0020/200] method=baseline_cagrad loss=0.4869 train_acc=nan train_loss=nan val_acc=nan val_loss=nan best=-1.0000
[step 0030/200] method=baseline_cagrad loss=0.6697 train_acc=nan train_loss=nan val_acc=nan val_loss=nan best=-1.0000
[step 0040/200] method=baseline_cagrad loss=0.1835 train_acc=nan train_loss=nan val_acc=nan val_loss=nan best=-1.0000
[step 0050/200] method=baseline_cagrad loss=0.1888 train_acc=nan train_loss=nan val_acc=nan val_loss=nan best=-1.0000
[step 0060/200] method=baseline_cagrad loss=0.1128 train_acc=nan train_loss=nan val_acc=nan val_loss=nan best=-1.0000
[step 0070/200] method=baseline_cagrad loss=0.3576 train_acc=nan train_loss=nan val_acc=nan val_loss=nan best=-1.0000
[step 0080/200] method=baseline_cagrad loss=0.1107 train_acc=nan train_loss=nan val_acc=nan val_loss=nan best=-1.0000
[step 0090/200] method=baseline_cagrad loss=0.3749 train_acc=nan train_loss=nan val_acc=nan val_loss=nan best=-1.0000
[step 0100/200] method=baseline_cagrad loss=0.1001 train_acc=nan train_loss=nan val_acc=0.8767 val_loss=0.3930 router_H=0.6581 best=0.8767
           router_load=[0.447129487991333, 0.0829562395811081, 0.46837523579597473, 0.0015389267355203629]
[step 0110/200] method=baseline_cagrad loss=0.3546 train_acc=nan train_loss=nan val_acc=0.8767 val_loss=0.3930 router_H=0.6581 best=0.8767
           router_load=[0.447129487991333, 0.0829562395811081, 0.46837523579597473, 0.0015389267355203629]
[step 0120/200] method=baseline_cagrad loss=0.0573 train_acc=nan train_loss=nan val_acc=0.8767 val_loss=0.3930 router_H=0.6581 best=0.8767
           router_load=[0.447129487991333, 0.0829562395811081, 0.46837523579597473, 0.0015389267355203629]
[step 0130/200] method=baseline_cagrad loss=0.3676 train_acc=nan train_loss=nan val_acc=0.8767 val_loss=0.3930 router_H=0.6581 best=0.8767
           router_load=[0.447129487991333, 0.0829562395811081, 0.46837523579597473, 0.0015389267355203629]
[step 0140/200] method=baseline_cagrad loss=0.3478 train_acc=nan train_loss=nan val_acc=0.8767 val_loss=0.3930 router_H=0.6581 best=0.8767
           router_load=[0.447129487991333, 0.0829562395811081, 0.46837523579597473, 0.0015389267355203629]
[step 0150/200] method=baseline_cagrad loss=0.3830 train_acc=nan train_loss=nan val_acc=0.8767 val_loss=0.3930 router_H=0.6581 best=0.8767
           router_load=[0.447129487991333, 0.0829562395811081, 0.46837523579597473, 0.0015389267355203629]
[step 0160/200] method=baseline_cagrad loss=0.4077 train_acc=nan train_loss=nan val_acc=0.8767 val_loss=0.3930 router_H=0.6581 best=0.8767
           router_load=[0.447129487991333, 0.0829562395811081, 0.46837523579597473, 0.0015389267355203629]
[step 0170/200] method=baseline_cagrad loss=0.3468 train_acc=nan train_loss=nan val_acc=0.8767 val_loss=0.3930 router_H=0.6581 best=0.8767
           router_load=[0.447129487991333, 0.0829562395811081, 0.46837523579597473, 0.0015389267355203629]
[step 0180/200] method=baseline_cagrad loss=0.1191 train_acc=nan train_loss=nan val_acc=0.8767 val_loss=0.3930 router_H=0.6581 best=0.8767
           router_load=[0.447129487991333, 0.0829562395811081, 0.46837523579597473, 0.0015389267355203629]
[step 0190/200] method=baseline_cagrad loss=0.3065 train_acc=nan train_loss=nan val_acc=0.8767 val_loss=0.3930 router_H=0.6581 best=0.8767
           router_load=[0.447129487991333, 0.0829562395811081, 0.46837523579597473, 0.0015389267355203629]
[step 0200/200] method=baseline_cagrad loss=0.2196 train_acc=nan train_loss=nan val_acc=0.9203 val_loss=0.2091 router_H=0.6793 best=0.9203
           router_load=[0.4765189588069916, 0.20059596002101898, 0.32249659299850464, 0.00038861477514728904]
saved summary -> /root/Optimization/MOE-grad-conflict-routing-appendix2/runs/paper_suite_supplement/appendix/multi_dataset_real/roberta_lora_e4_k2/_method_workers/cagrad/hpo/cagrad/trial_runs/coord_01_train_lr_004/cagrad_s3.json
saved curve -> /root/Optimization/MOE-grad-conflict-routing-appendix2/runs/paper_suite_supplement/appendix/multi_dataset_real/roberta_lora_e4_k2/_method_workers/cagrad/hpo/cagrad/trial_runs/coord_01_train_lr_004/cagrad_s3_curve.csv
