[run] method=baseline candidate=coord_02_train_weight_decay_030 seed=7 steps=1000 gpu=0
[run] cmd=
/home/zhujjing/anaconda3/envs/moe/bin/python /home/zhujjing/MOE-grad-conflict-routing/scripts/run.py --config configs/singletask_mrpc_real.yaml --set model.backbone_backend=hf --set model.hf_load_pretrained=true --set model.backbone=deberta --set model.hf_pretrained_name=microsoft/deberta-v3-base --set model.expert_type=lora --set model.routing_mode=topk --set model.num_experts=4 --set model.top_k=2 --set seed=7 --set method.name=baseline_avg --set train.steps=1000 --set train.eval_every_steps=50 --set train.grad_clip=1 --set train.lr=9.047754224e-05 --set train.weight_decay=0.004430866959 --out /home/zhujjing/MOE-grad-conflict-routing/runs/paper_suite/single_gpu/single_task/deberta_mrpc_lora_e4_k2/final/baseline_s7.json --curve_out /home/zhujjing/MOE-grad-conflict-routing/runs/paper_suite/single_gpu/single_task/deberta_mrpc_lora_e4_k2/final/baseline_s7_curve.csv
Using the latest cached version of the dataset since glue couldn't be found on the Hugging Face Hub (offline mode is enabled).
Found the latest cached dataset configuration 'mrpc' at /home/zhujjing/hf_cache/datasets/glue/mrpc/0.0.0/bcdcba79d07bc864c1c254ccfcedcce55bcc9a8c (last modified on Thu Mar 19 15:01:06 2026).
/home/zhujjing/anaconda3/envs/moe/lib/python3.10/site-packages/transformers/utils/hub.py:124: FutureWarning: Using `TRANSFORMERS_CACHE` is deprecated and will be removed in v5 of Transformers. Use `HF_HOME` instead.
  warnings.warn(
/home/zhujjing/anaconda3/envs/moe/lib/python3.10/site-packages/transformers/convert_slow_tokenizer.py:560: UserWarning: The sentencepiece tokenizer that you are converting to a fast tokenizer uses the byte fallback option which is not implemented in the fast tokenizers. In practice this means that the fast version of the tokenizer can produce unknown tokens whereas the sentencepiece version would have converted these unknown tokens into a sequence of byte tokens matching the original piece of text.
  warnings.warn(
[step 0001/1000] method=baseline_avg loss=0.7364 train_acc=nan train_loss=nan val_acc=nan val_loss=nan best=-1.0000
[step 0010/1000] method=baseline_avg loss=0.4893 train_acc=nan train_loss=nan val_acc=nan val_loss=nan best=-1.0000
[step 0020/1000] method=baseline_avg loss=0.3507 train_acc=nan train_loss=nan val_acc=nan val_loss=nan best=-1.0000
[step 0030/1000] method=baseline_avg loss=0.7794 train_acc=nan train_loss=nan val_acc=nan val_loss=nan best=-1.0000
[step 0040/1000] method=baseline_avg loss=0.2704 train_acc=nan train_loss=nan val_acc=nan val_loss=nan best=-1.0000
[step 0050/1000] method=baseline_avg loss=0.2560 train_acc=0.8135 train_loss=0.4082 val_acc=0.7917 val_loss=0.4399 router_H=0.6628 best=0.7917
           router_load=[0.23123639822006226, 0.4774134159088135, 0.2488873302936554, 0.04246291145682335]
[step 0060/1000] method=baseline_avg loss=0.2365 train_acc=0.8135 train_loss=0.4082 val_acc=0.7917 val_loss=0.4399 router_H=0.6628 best=0.7917
           router_load=[0.23123639822006226, 0.4774134159088135, 0.2488873302936554, 0.04246291145682335]
[step 0070/1000] method=baseline_avg loss=0.3761 train_acc=0.8135 train_loss=0.4082 val_acc=0.7917 val_loss=0.4399 router_H=0.6628 best=0.7917
           router_load=[0.23123639822006226, 0.4774134159088135, 0.2488873302936554, 0.04246291145682335]
[step 0080/1000] method=baseline_avg loss=0.5957 train_acc=0.8135 train_loss=0.4082 val_acc=0.7917 val_loss=0.4399 router_H=0.6628 best=0.7917
           router_load=[0.23123639822006226, 0.4774134159088135, 0.2488873302936554, 0.04246291145682335]
[step 0090/1000] method=baseline_avg loss=0.3110 train_acc=0.8135 train_loss=0.4082 val_acc=0.7917 val_loss=0.4399 router_H=0.6628 best=0.7917
           router_load=[0.23123639822006226, 0.4774134159088135, 0.2488873302936554, 0.04246291145682335]
[step 0100/1000] method=baseline_avg loss=0.4991 train_acc=0.8686 train_loss=0.2953 val_acc=0.8456 val_loss=0.3367 router_H=0.6541 best=0.8456
           router_load=[0.05373751372098923, 0.4517684876918793, 0.0881219282746315, 0.4063721001148224]
[step 0110/1000] method=baseline_avg loss=0.2248 train_acc=0.8686 train_loss=0.2953 val_acc=0.8456 val_loss=0.3367 router_H=0.6541 best=0.8456
           router_load=[0.05373751372098923, 0.4517684876918793, 0.0881219282746315, 0.4063721001148224]
[step 0120/1000] method=baseline_avg loss=0.2748 train_acc=0.8686 train_loss=0.2953 val_acc=0.8456 val_loss=0.3367 router_H=0.6541 best=0.8456
           router_load=[0.05373751372098923, 0.4517684876918793, 0.0881219282746315, 0.4063721001148224]
[step 0130/1000] method=baseline_avg loss=0.1992 train_acc=0.8686 train_loss=0.2953 val_acc=0.8456 val_loss=0.3367 router_H=0.6541 best=0.8456
           router_load=[0.05373751372098923, 0.4517684876918793, 0.0881219282746315, 0.4063721001148224]
[step 0140/1000] method=baseline_avg loss=0.3074 train_acc=0.8686 train_loss=0.2953 val_acc=0.8456 val_loss=0.3367 router_H=0.6541 best=0.8456
           router_load=[0.05373751372098923, 0.4517684876918793, 0.0881219282746315, 0.4063721001148224]
[step 0150/1000] method=baseline_avg loss=0.2582 train_acc=0.8850 train_loss=0.2751 val_acc=0.8603 val_loss=0.3181 router_H=0.6246 best=0.8603
           router_load=[0.3600541949272156, 0.5322938561439514, 0.0, 0.10765186697244644]
[step 0160/1000] method=baseline_avg loss=0.3557 train_acc=0.8850 train_loss=0.2751 val_acc=0.8603 val_loss=0.3181 router_H=0.6246 best=0.8603
           router_load=[0.3600541949272156, 0.5322938561439514, 0.0, 0.10765186697244644]
[step 0170/1000] method=baseline_avg loss=0.7810 train_acc=0.8850 train_loss=0.2751 val_acc=0.8603 val_loss=0.3181 router_H=0.6246 best=0.8603
           router_load=[0.3600541949272156, 0.5322938561439514, 0.0, 0.10765186697244644]
[step 0180/1000] method=baseline_avg loss=0.3572 train_acc=0.8850 train_loss=0.2751 val_acc=0.8603 val_loss=0.3181 router_H=0.6246 best=0.8603
           router_load=[0.3600541949272156, 0.5322938561439514, 0.0, 0.10765186697244644]
[step 0190/1000] method=baseline_avg loss=0.2191 train_acc=0.8850 train_loss=0.2751 val_acc=0.8603 val_loss=0.3181 router_H=0.6246 best=0.8603
           router_load=[0.3600541949272156, 0.5322938561439514, 0.0, 0.10765186697244644]
[step 0200/1000] method=baseline_avg loss=0.8880 train_acc=0.9136 train_loss=0.2177 val_acc=0.8775 val_loss=0.2937 router_H=0.6216 best=0.8775
           router_load=[0.3855959475040436, 0.514764130115509, 0.0, 0.09963985532522202]
[step 0210/1000] method=baseline_avg loss=0.7424 train_acc=0.9136 train_loss=0.2177 val_acc=0.8775 val_loss=0.2937 router_H=0.6216 best=0.8775
           router_load=[0.3855959475040436, 0.514764130115509, 0.0, 0.09963985532522202]
[step 0220/1000] method=baseline_avg loss=0.4060 train_acc=0.9136 train_loss=0.2177 val_acc=0.8775 val_loss=0.2937 router_H=0.6216 best=0.8775
           router_load=[0.3855959475040436, 0.514764130115509, 0.0, 0.09963985532522202]
[step 0230/1000] method=baseline_avg loss=0.5029 train_acc=0.9136 train_loss=0.2177 val_acc=0.8775 val_loss=0.2937 router_H=0.6216 best=0.8775
           router_load=[0.3855959475040436, 0.514764130115509, 0.0, 0.09963985532522202]
[step 0240/1000] method=baseline_avg loss=0.0701 train_acc=0.9136 train_loss=0.2177 val_acc=0.8775 val_loss=0.2937 router_H=0.6216 best=0.8775
           router_load=[0.3855959475040436, 0.514764130115509, 0.0, 0.09963985532522202]
[step 0250/1000] method=baseline_avg loss=0.3396 train_acc=0.9209 train_loss=0.2211 val_acc=0.8750 val_loss=0.3483 router_H=0.5981 best=0.8775
           router_load=[0.34160086512565613, 0.46975088119506836, 0.0, 0.1886482685804367]
[step 0260/1000] method=baseline_avg loss=0.3473 train_acc=0.9209 train_loss=0.2211 val_acc=0.8750 val_loss=0.3483 router_H=0.5981 best=0.8775
           router_load=[0.34160086512565613, 0.46975088119506836, 0.0, 0.1886482685804367]
[step 0270/1000] method=baseline_avg loss=0.0133 train_acc=0.9209 train_loss=0.2211 val_acc=0.8750 val_loss=0.3483 router_H=0.5981 best=0.8775
           router_load=[0.34160086512565613, 0.46975088119506836, 0.0, 0.1886482685804367]
[step 0280/1000] method=baseline_avg loss=0.1320 train_acc=0.9209 train_loss=0.2211 val_acc=0.8750 val_loss=0.3483 router_H=0.5981 best=0.8775
           router_load=[0.34160086512565613, 0.46975088119506836, 0.0, 0.1886482685804367]
[step 0290/1000] method=baseline_avg loss=1.1674 train_acc=0.9209 train_loss=0.2211 val_acc=0.8750 val_loss=0.3483 router_H=0.5981 best=0.8775
           router_load=[0.34160086512565613, 0.46975088119506836, 0.0, 0.1886482685804367]
[step 0300/1000] method=baseline_avg loss=0.4006 train_acc=0.9332 train_loss=0.1824 val_acc=0.8603 val_loss=0.3412 router_H=0.5995 best=0.8775
           router_load=[0.34579670429229736, 0.5479507446289062, 0.0, 0.10625259578227997]
[step 0310/1000] method=baseline_avg loss=0.3656 train_acc=0.9332 train_loss=0.1824 val_acc=0.8603 val_loss=0.3412 router_H=0.5995 best=0.8775
           router_load=[0.34579670429229736, 0.5479507446289062, 0.0, 0.10625259578227997]
[step 0320/1000] method=baseline_avg loss=0.1277 train_acc=0.9332 train_loss=0.1824 val_acc=0.8603 val_loss=0.3412 router_H=0.5995 best=0.8775
           router_load=[0.34579670429229736, 0.5479507446289062, 0.0, 0.10625259578227997]
[step 0330/1000] method=baseline_avg loss=0.0753 train_acc=0.9332 train_loss=0.1824 val_acc=0.8603 val_loss=0.3412 router_H=0.5995 best=0.8775
           router_load=[0.34579670429229736, 0.5479507446289062, 0.0, 0.10625259578227997]
[step 0340/1000] method=baseline_avg loss=0.1495 train_acc=0.9332 train_loss=0.1824 val_acc=0.8603 val_loss=0.3412 router_H=0.5995 best=0.8775
           router_load=[0.34579670429229736, 0.5479507446289062, 0.0, 0.10625259578227997]
[step 0350/1000] method=baseline_avg loss=0.3221 train_acc=0.9427 train_loss=0.1543 val_acc=0.8873 val_loss=0.3091 router_H=0.5724 best=0.8873
           router_load=[0.3350335955619812, 0.4805481433868408, 0.0028636709321290255, 0.18155449628829956]
[step 0360/1000] method=baseline_avg loss=0.2937 train_acc=0.9427 train_loss=0.1543 val_acc=0.8873 val_loss=0.3091 router_H=0.5724 best=0.8873
           router_load=[0.3350335955619812, 0.4805481433868408, 0.0028636709321290255, 0.18155449628829956]
[step 0370/1000] method=baseline_avg loss=0.3425 train_acc=0.9427 train_loss=0.1543 val_acc=0.8873 val_loss=0.3091 router_H=0.5724 best=0.8873
           router_load=[0.3350335955619812, 0.4805481433868408, 0.0028636709321290255, 0.18155449628829956]
[step 0380/1000] method=baseline_avg loss=0.1765 train_acc=0.9427 train_loss=0.1543 val_acc=0.8873 val_loss=0.3091 router_H=0.5724 best=0.8873
           router_load=[0.3350335955619812, 0.4805481433868408, 0.0028636709321290255, 0.18155449628829956]
[step 0390/1000] method=baseline_avg loss=0.0549 train_acc=0.9427 train_loss=0.1543 val_acc=0.8873 val_loss=0.3091 router_H=0.5724 best=0.8873
           router_load=[0.3350335955619812, 0.4805481433868408, 0.0028636709321290255, 0.18155449628829956]
[step 0400/1000] method=baseline_avg loss=0.4548 train_acc=0.9520 train_loss=0.1397 val_acc=0.8554 val_loss=0.4486 router_H=0.5566 best=0.8873
           router_load=[0.31859320402145386, 0.5917092561721802, 0.0, 0.08969751000404358]
[step 0410/1000] method=baseline_avg loss=0.3476 train_acc=0.9520 train_loss=0.1397 val_acc=0.8554 val_loss=0.4486 router_H=0.5566 best=0.8873
           router_load=[0.31859320402145386, 0.5917092561721802, 0.0, 0.08969751000404358]
[step 0420/1000] method=baseline_avg loss=0.4946 train_acc=0.9520 train_loss=0.1397 val_acc=0.8554 val_loss=0.4486 router_H=0.5566 best=0.8873
           router_load=[0.31859320402145386, 0.5917092561721802, 0.0, 0.08969751000404358]
[step 0430/1000] method=baseline_avg loss=0.1916 train_acc=0.9520 train_loss=0.1397 val_acc=0.8554 val_loss=0.4486 router_H=0.5566 best=0.8873
           router_load=[0.31859320402145386, 0.5917092561721802, 0.0, 0.08969751000404358]
[step 0440/1000] method=baseline_avg loss=0.1073 train_acc=0.9520 train_loss=0.1397 val_acc=0.8554 val_loss=0.4486 router_H=0.5566 best=0.8873
           router_load=[0.31859320402145386, 0.5917092561721802, 0.0, 0.08969751000404358]
[step 0450/1000] method=baseline_avg loss=0.5256 train_acc=0.9588 train_loss=0.1195 val_acc=0.8627 val_loss=0.3336 router_H=0.5677 best=0.8873
           router_load=[0.36221054196357727, 0.5373454689979553, 0.0, 0.10044397413730621]
[step 0460/1000] method=baseline_avg loss=1.0078 train_acc=0.9588 train_loss=0.1195 val_acc=0.8627 val_loss=0.3336 router_H=0.5677 best=0.8873
           router_load=[0.36221054196357727, 0.5373454689979553, 0.0, 0.10044397413730621]
[step 0470/1000] method=baseline_avg loss=0.5723 train_acc=0.9588 train_loss=0.1195 val_acc=0.8627 val_loss=0.3336 router_H=0.5677 best=0.8873
           router_load=[0.36221054196357727, 0.5373454689979553, 0.0, 0.10044397413730621]
[step 0480/1000] method=baseline_avg loss=0.2103 train_acc=0.9588 train_loss=0.1195 val_acc=0.8627 val_loss=0.3336 router_H=0.5677 best=0.8873
           router_load=[0.36221054196357727, 0.5373454689979553, 0.0, 0.10044397413730621]
[step 0490/1000] method=baseline_avg loss=0.0118 train_acc=0.9588 train_loss=0.1195 val_acc=0.8627 val_loss=0.3336 router_H=0.5677 best=0.8873
           router_load=[0.36221054196357727, 0.5373454689979553, 0.0, 0.10044397413730621]
[step 0500/1000] method=baseline_avg loss=0.0367 train_acc=0.9768 train_loss=0.0719 val_acc=0.8946 val_loss=0.3779 router_H=0.4651 best=0.8946
           router_load=[0.2651977241039276, 0.6481457352638245, 0.0, 0.08665646612644196]
[step 0510/1000] method=baseline_avg loss=0.0024 train_acc=0.9768 train_loss=0.0719 val_acc=0.8946 val_loss=0.3779 router_H=0.4651 best=0.8946
           router_load=[0.2651977241039276, 0.6481457352638245, 0.0, 0.08665646612644196]
[step 0520/1000] method=baseline_avg loss=0.2746 train_acc=0.9768 train_loss=0.0719 val_acc=0.8946 val_loss=0.3779 router_H=0.4651 best=0.8946
           router_load=[0.2651977241039276, 0.6481457352638245, 0.0, 0.08665646612644196]
[step 0530/1000] method=baseline_avg loss=0.0058 train_acc=0.9768 train_loss=0.0719 val_acc=0.8946 val_loss=0.3779 router_H=0.4651 best=0.8946
           router_load=[0.2651977241039276, 0.6481457352638245, 0.0, 0.08665646612644196]
[step 0540/1000] method=baseline_avg loss=0.0041 train_acc=0.9768 train_loss=0.0719 val_acc=0.8946 val_loss=0.3779 router_H=0.4651 best=0.8946
           router_load=[0.2651977241039276, 0.6481457352638245, 0.0, 0.08665646612644196]
[step 0550/1000] method=baseline_avg loss=0.0033 train_acc=0.9586 train_loss=0.1554 val_acc=0.8603 val_loss=0.6644 router_H=0.4010 best=0.8946
           router_load=[0.20229822397232056, 0.7054982781410217, 0.0, 0.09220357239246368]
[step 0560/1000] method=baseline_avg loss=0.2883 train_acc=0.9586 train_loss=0.1554 val_acc=0.8603 val_loss=0.6644 router_H=0.4010 best=0.8946
           router_load=[0.20229822397232056, 0.7054982781410217, 0.0, 0.09220357239246368]
[step 0570/1000] method=baseline_avg loss=0.1317 train_acc=0.9586 train_loss=0.1554 val_acc=0.8603 val_loss=0.6644 router_H=0.4010 best=0.8946
           router_load=[0.20229822397232056, 0.7054982781410217, 0.0, 0.09220357239246368]
[step 0580/1000] method=baseline_avg loss=0.1029 train_acc=0.9586 train_loss=0.1554 val_acc=0.8603 val_loss=0.6644 router_H=0.4010 best=0.8946
           router_load=[0.20229822397232056, 0.7054982781410217, 0.0, 0.09220357239246368]
[step 0590/1000] method=baseline_avg loss=0.5227 train_acc=0.9586 train_loss=0.1554 val_acc=0.8603 val_loss=0.6644 router_H=0.4010 best=0.8946
           router_load=[0.20229822397232056, 0.7054982781410217, 0.0, 0.09220357239246368]
[step 0600/1000] method=baseline_avg loss=0.4168 train_acc=0.9651 train_loss=0.1158 val_acc=0.8627 val_loss=0.5152 router_H=0.4061 best=0.8946
           router_load=[0.12200889736413956, 0.7406803369522095, 0.0, 0.13731080293655396]
[step 0610/1000] method=baseline_avg loss=0.6375 train_acc=0.9651 train_loss=0.1158 val_acc=0.8627 val_loss=0.5152 router_H=0.4061 best=0.8946
           router_load=[0.12200889736413956, 0.7406803369522095, 0.0, 0.13731080293655396]
[step 0620/1000] method=baseline_avg loss=0.3069 train_acc=0.9651 train_loss=0.1158 val_acc=0.8627 val_loss=0.5152 router_H=0.4061 best=0.8946
           router_load=[0.12200889736413956, 0.7406803369522095, 0.0, 0.13731080293655396]
[step 0630/1000] method=baseline_avg loss=0.2131 train_acc=0.9651 train_loss=0.1158 val_acc=0.8627 val_loss=0.5152 router_H=0.4061 best=0.8946
           router_load=[0.12200889736413956, 0.7406803369522095, 0.0, 0.13731080293655396]
[step 0640/1000] method=baseline_avg loss=0.0774 train_acc=0.9651 train_loss=0.1158 val_acc=0.8627 val_loss=0.5152 router_H=0.4061 best=0.8946
           router_load=[0.12200889736413956, 0.7406803369522095, 0.0, 0.13731080293655396]
[step 0650/1000] method=baseline_avg loss=0.1212 train_acc=0.9782 train_loss=0.0587 val_acc=0.8873 val_loss=0.2908 router_H=0.4874 best=0.8946
           router_load=[0.2747821509838104, 0.5853119492530823, 0.0, 0.13990584015846252]
[step 0660/1000] method=baseline_avg loss=0.3695 train_acc=0.9782 train_loss=0.0587 val_acc=0.8873 val_loss=0.2908 router_H=0.4874 best=0.8946
           router_load=[0.2747821509838104, 0.5853119492530823, 0.0, 0.13990584015846252]
[step 0670/1000] method=baseline_avg loss=0.0402 train_acc=0.9782 train_loss=0.0587 val_acc=0.8873 val_loss=0.2908 router_H=0.4874 best=0.8946
           router_load=[0.2747821509838104, 0.5853119492530823, 0.0, 0.13990584015846252]
[step 0680/1000] method=baseline_avg loss=0.3468 train_acc=0.9782 train_loss=0.0587 val_acc=0.8873 val_loss=0.2908 router_H=0.4874 best=0.8946
           router_load=[0.2747821509838104, 0.5853119492530823, 0.0, 0.13990584015846252]
[step 0690/1000] method=baseline_avg loss=0.0019 train_acc=0.9782 train_loss=0.0587 val_acc=0.8873 val_loss=0.2908 router_H=0.4874 best=0.8946
           router_load=[0.2747821509838104, 0.5853119492530823, 0.0, 0.13990584015846252]
[step 0700/1000] method=baseline_avg loss=0.0987 train_acc=0.9866 train_loss=0.0429 val_acc=0.8799 val_loss=0.3607 router_H=0.4911 best=0.8946
           router_load=[0.25509509444236755, 0.5885673761367798, 0.0, 0.15633755922317505]
[step 0710/1000] method=baseline_avg loss=0.3803 train_acc=0.9866 train_loss=0.0429 val_acc=0.8799 val_loss=0.3607 router_H=0.4911 best=0.8946
           router_load=[0.25509509444236755, 0.5885673761367798, 0.0, 0.15633755922317505]
[step 0720/1000] method=baseline_avg loss=0.0323 train_acc=0.9866 train_loss=0.0429 val_acc=0.8799 val_loss=0.3607 router_H=0.4911 best=0.8946
           router_load=[0.25509509444236755, 0.5885673761367798, 0.0, 0.15633755922317505]
[step 0730/1000] method=baseline_avg loss=0.0106 train_acc=0.9866 train_loss=0.0429 val_acc=0.8799 val_loss=0.3607 router_H=0.4911 best=0.8946
           router_load=[0.25509509444236755, 0.5885673761367798, 0.0, 0.15633755922317505]
[step 0740/1000] method=baseline_avg loss=0.0359 train_acc=0.9866 train_loss=0.0429 val_acc=0.8799 val_loss=0.3607 router_H=0.4911 best=0.8946
           router_load=[0.25509509444236755, 0.5885673761367798, 0.0, 0.15633755922317505]
[step 0750/1000] method=baseline_avg loss=0.0362 train_acc=0.9845 train_loss=0.0484 val_acc=0.8873 val_loss=0.4445 router_H=0.4748 best=0.8946
           router_load=[0.1944095641374588, 0.5756590366363525, 0.0012640535132959485, 0.22866739332675934]
[step 0760/1000] method=baseline_avg loss=0.0006 train_acc=0.9845 train_loss=0.0484 val_acc=0.8873 val_loss=0.4445 router_H=0.4748 best=0.8946
           router_load=[0.1944095641374588, 0.5756590366363525, 0.0012640535132959485, 0.22866739332675934]
[step 0770/1000] method=baseline_avg loss=0.0834 train_acc=0.9845 train_loss=0.0484 val_acc=0.8873 val_loss=0.4445 router_H=0.4748 best=0.8946
           router_load=[0.1944095641374588, 0.5756590366363525, 0.0012640535132959485, 0.22866739332675934]
[step 0780/1000] method=baseline_avg loss=0.4314 train_acc=0.9845 train_loss=0.0484 val_acc=0.8873 val_loss=0.4445 router_H=0.4748 best=0.8946
           router_load=[0.1944095641374588, 0.5756590366363525, 0.0012640535132959485, 0.22866739332675934]
[step 0790/1000] method=baseline_avg loss=0.0496 train_acc=0.9845 train_loss=0.0484 val_acc=0.8873 val_loss=0.4445 router_H=0.4748 best=0.8946
           router_load=[0.1944095641374588, 0.5756590366363525, 0.0012640535132959485, 0.22866739332675934]
[step 0800/1000] method=baseline_avg loss=0.0009 train_acc=0.9902 train_loss=0.0406 val_acc=0.8873 val_loss=0.5463 router_H=0.4217 best=0.8946
           router_load=[0.19340220093727112, 0.6234968900680542, 0.0019855014979839325, 0.18111544847488403]
[step 0810/1000] method=baseline_avg loss=0.0009 train_acc=0.9902 train_loss=0.0406 val_acc=0.8873 val_loss=0.5463 router_H=0.4217 best=0.8946
           router_load=[0.19340220093727112, 0.6234968900680542, 0.0019855014979839325, 0.18111544847488403]
[step 0820/1000] method=baseline_avg loss=0.2593 train_acc=0.9902 train_loss=0.0406 val_acc=0.8873 val_loss=0.5463 router_H=0.4217 best=0.8946
           router_load=[0.19340220093727112, 0.6234968900680542, 0.0019855014979839325, 0.18111544847488403]
[step 0830/1000] method=baseline_avg loss=0.6220 train_acc=0.9902 train_loss=0.0406 val_acc=0.8873 val_loss=0.5463 router_H=0.4217 best=0.8946
           router_load=[0.19340220093727112, 0.6234968900680542, 0.0019855014979839325, 0.18111544847488403]
[step 0840/1000] method=baseline_avg loss=0.0578 train_acc=0.9902 train_loss=0.0406 val_acc=0.8873 val_loss=0.5463 router_H=0.4217 best=0.8946
           router_load=[0.19340220093727112, 0.6234968900680542, 0.0019855014979839325, 0.18111544847488403]
[step 0850/1000] method=baseline_avg loss=0.5024 train_acc=0.9809 train_loss=0.0663 val_acc=0.8775 val_loss=0.5293 router_H=0.4232 best=0.8946
           router_load=[0.1522504836320877, 0.6867685317993164, 0.0, 0.1609809398651123]
[step 0860/1000] method=baseline_avg loss=0.0071 train_acc=0.9809 train_loss=0.0663 val_acc=0.8775 val_loss=0.5293 router_H=0.4232 best=0.8946
           router_load=[0.1522504836320877, 0.6867685317993164, 0.0, 0.1609809398651123]
[step 0870/1000] method=baseline_avg loss=0.0070 train_acc=0.9809 train_loss=0.0663 val_acc=0.8775 val_loss=0.5293 router_H=0.4232 best=0.8946
           router_load=[0.1522504836320877, 0.6867685317993164, 0.0, 0.1609809398651123]
[step 0880/1000] method=baseline_avg loss=0.0501 train_acc=0.9809 train_loss=0.0663 val_acc=0.8775 val_loss=0.5293 router_H=0.4232 best=0.8946
           router_load=[0.1522504836320877, 0.6867685317993164, 0.0, 0.1609809398651123]
[step 0890/1000] method=baseline_avg loss=0.0055 train_acc=0.9809 train_loss=0.0663 val_acc=0.8775 val_loss=0.5293 router_H=0.4232 best=0.8946
           router_load=[0.1522504836320877, 0.6867685317993164, 0.0, 0.1609809398651123]
[step 0900/1000] method=baseline_avg loss=0.0715 train_acc=0.9880 train_loss=0.0462 val_acc=0.8799 val_loss=0.5368 router_H=0.3885 best=0.8946
           router_load=[0.15869098901748657, 0.6942275762557983, 0.00016705710731912404, 0.1469143033027649]
[step 0910/1000] method=baseline_avg loss=0.0198 train_acc=0.9880 train_loss=0.0462 val_acc=0.8799 val_loss=0.5368 router_H=0.3885 best=0.8946
           router_load=[0.15869098901748657, 0.6942275762557983, 0.00016705710731912404, 0.1469143033027649]
[step 0920/1000] method=baseline_avg loss=0.0063 train_acc=0.9880 train_loss=0.0462 val_acc=0.8799 val_loss=0.5368 router_H=0.3885 best=0.8946
           router_load=[0.15869098901748657, 0.6942275762557983, 0.00016705710731912404, 0.1469143033027649]
[step 0930/1000] method=baseline_avg loss=0.3220 train_acc=0.9880 train_loss=0.0462 val_acc=0.8799 val_loss=0.5368 router_H=0.3885 best=0.8946
           router_load=[0.15869098901748657, 0.6942275762557983, 0.00016705710731912404, 0.1469143033027649]
[step 0940/1000] method=baseline_avg loss=0.0016 train_acc=0.9880 train_loss=0.0462 val_acc=0.8799 val_loss=0.5368 router_H=0.3885 best=0.8946
           router_load=[0.15869098901748657, 0.6942275762557983, 0.00016705710731912404, 0.1469143033027649]
[step 0950/1000] method=baseline_avg loss=0.1440 train_acc=0.9834 train_loss=0.0609 val_acc=0.8848 val_loss=0.4923 router_H=0.4404 best=0.8946
           router_load=[0.20582778751850128, 0.6046693921089172, 0.0011074169306084514, 0.1883954107761383]
[step 0960/1000] method=baseline_avg loss=0.0237 train_acc=0.9834 train_loss=0.0609 val_acc=0.8848 val_loss=0.4923 router_H=0.4404 best=0.8946
           router_load=[0.20582778751850128, 0.6046693921089172, 0.0011074169306084514, 0.1883954107761383]
[step 0970/1000] method=baseline_avg loss=0.0019 train_acc=0.9834 train_loss=0.0609 val_acc=0.8848 val_loss=0.4923 router_H=0.4404 best=0.8946
           router_load=[0.20582778751850128, 0.6046693921089172, 0.0011074169306084514, 0.1883954107761383]
[step 0980/1000] method=baseline_avg loss=0.0063 train_acc=0.9834 train_loss=0.0609 val_acc=0.8848 val_loss=0.4923 router_H=0.4404 best=0.8946
           router_load=[0.20582778751850128, 0.6046693921089172, 0.0011074169306084514, 0.1883954107761383]
[step 0990/1000] method=baseline_avg loss=0.0359 train_acc=0.9834 train_loss=0.0609 val_acc=0.8848 val_loss=0.4923 router_H=0.4404 best=0.8946
           router_load=[0.20582778751850128, 0.6046693921089172, 0.0011074169306084514, 0.1883954107761383]
[step 1000/1000] method=baseline_avg loss=0.0005 train_acc=0.9935 train_loss=0.0293 val_acc=0.8922 val_loss=0.6298 router_H=0.3841 best=0.8946
           router_load=[0.17434528470039368, 0.6747666001319885, 0.0020693885162472725, 0.14881879091262817]
saved summary -> /home/zhujjing/MOE-grad-conflict-routing/runs/paper_suite/single_gpu/single_task/deberta_mrpc_lora_e4_k2/final/baseline_s7.json
saved curve -> /home/zhujjing/MOE-grad-conflict-routing/runs/paper_suite/single_gpu/single_task/deberta_mrpc_lora_e4_k2/final/baseline_s7_curve.csv
