[run] method=baseline candidate=coord_01_anchor seed=7 steps=1000 gpu=0
[run] cmd=
/root/miniconda3/envs/optimization/bin/python /root/Optimization/MOE-grad-conflict-routing-appendix2/scripts/run.py --config configs/multitask_glue3_rte_mrpc_cola_real.yaml --set model.backbone_backend=hf --set model.hf_load_pretrained=true --set model.hf_local_files_only=1 --set model.backbone=roberta --set model.hf_pretrained_name=roberta-base --set model.routing_mode=topk --set model.expert_type=ffn --set model.num_experts=4 --set model.top_k=2 --set train.eval_train_fraction=0.10 --set train.eval_train_max_batches=-1 --set train.eval_max_batches=-1 --set seed=7 --set method.name=baseline_avg --set train.steps=1000 --set train.eval_every_steps=100 --set train.grad_clip=1 --set train.lr=2e-05 --set train.weight_decay=0.01 --out /root/Optimization/MOE-grad-conflict-routing-appendix2/runs/paper_suite_supplement/appendix/ffn_generalization/glue3_roberta_ffn_e4_k2/_method_workers/baseline/final/baseline_s7.json --curve_out /root/Optimization/MOE-grad-conflict-routing-appendix2/runs/paper_suite_supplement/appendix/ffn_generalization/glue3_roberta_ffn_e4_k2/_method_workers/baseline/final/baseline_s7_curve.csv
Using the latest cached version of the dataset since glue couldn't be found on the Hugging Face Hub (offline mode is enabled).
Found the latest cached dataset configuration 'rte' at /root/.cache/huggingface/datasets/glue/rte/0.0.0/bcdcba79d07bc864c1c254ccfcedcce55bcc9a8c (last modified on Thu Mar 26 19:09:12 2026).
Using the latest cached version of the dataset since glue couldn't be found on the Hugging Face Hub (offline mode is enabled).
Found the latest cached dataset configuration 'mrpc' at /root/.cache/huggingface/datasets/glue/mrpc/0.0.0/bcdcba79d07bc864c1c254ccfcedcce55bcc9a8c (last modified on Thu Mar 26 20:11:06 2026).
Using the latest cached version of the dataset since glue couldn't be found on the Hugging Face Hub (offline mode is enabled).
Found the latest cached dataset configuration 'cola' at /root/.cache/huggingface/datasets/glue/cola/0.0.0/bcdcba79d07bc864c1c254ccfcedcce55bcc9a8c (last modified on Thu Mar 26 23:46:11 2026).
Loading weights:   0%|          | 0/197 [00:00<?, ?it/s]Loading weights: 100%|██████████| 197/197 [00:00<00:00, 3629.18it/s]
[1mRobertaModel LOAD REPORT[0m from: roberta-base
Key                             | Status     | 
--------------------------------+------------+-
lm_head.layer_norm.bias         | UNEXPECTED | 
roberta.embeddings.position_ids | UNEXPECTED | 
lm_head.dense.weight            | UNEXPECTED | 
lm_head.bias                    | UNEXPECTED | 
lm_head.dense.bias              | UNEXPECTED | 
lm_head.layer_norm.weight       | UNEXPECTED | 
pooler.dense.weight             | MISSING    | 
pooler.dense.bias               | MISSING    | 

[3mNotes:
- UNEXPECTED[3m	:can be ignored when loading from different task/architecture; not ok if you expect identical arch.
- MISSING[3m	:those params were newly initialized because missing from the checkpoint. Consider training on your downstream task.[0m
[step 0001/1000] method=baseline_avg loss=0.6926 train_acc=nan train_loss=nan val_acc=nan val_loss=nan best=-1.0000
[step 0010/1000] method=baseline_avg loss=0.7067 train_acc=nan train_loss=nan val_acc=nan val_loss=nan best=-1.0000
[step 0020/1000] method=baseline_avg loss=0.7662 train_acc=nan train_loss=nan val_acc=nan val_loss=nan best=-1.0000
[step 0030/1000] method=baseline_avg loss=0.6241 train_acc=nan train_loss=nan val_acc=nan val_loss=nan best=-1.0000
[step 0040/1000] method=baseline_avg loss=0.6457 train_acc=nan train_loss=nan val_acc=nan val_loss=nan best=-1.0000
[step 0050/1000] method=baseline_avg loss=0.5776 train_acc=nan train_loss=nan val_acc=nan val_loss=nan best=-1.0000
[step 0060/1000] method=baseline_avg loss=0.7405 train_acc=nan train_loss=nan val_acc=nan val_loss=nan best=-1.0000
[step 0070/1000] method=baseline_avg loss=0.6309 train_acc=nan train_loss=nan val_acc=nan val_loss=nan best=-1.0000
[step 0080/1000] method=baseline_avg loss=0.5040 train_acc=nan train_loss=nan val_acc=nan val_loss=nan best=-1.0000
[step 0090/1000] method=baseline_avg loss=0.6587 train_acc=nan train_loss=nan val_acc=nan val_loss=nan best=-1.0000
[step 0100/1000] method=baseline_avg loss=0.5892 train_acc=0.6485 train_loss=0.6568 val_acc=0.6306 val_loss=0.6954 router_H=0.3718 best=0.6306
           router_load=[0.05285659059882164, 0.8590793609619141, 0.014137865975499153, 0.07392608374357224]
[step 0110/1000] method=baseline_avg loss=0.7921 train_acc=0.6485 train_loss=0.6568 val_acc=0.6306 val_loss=0.6954 router_H=0.3718 best=0.6306
           router_load=[0.05285659059882164, 0.8590793609619141, 0.014137865975499153, 0.07392608374357224]
[step 0120/1000] method=baseline_avg loss=0.5510 train_acc=0.6485 train_loss=0.6568 val_acc=0.6306 val_loss=0.6954 router_H=0.3718 best=0.6306
           router_load=[0.05285659059882164, 0.8590793609619141, 0.014137865975499153, 0.07392608374357224]
[step 0130/1000] method=baseline_avg loss=0.7200 train_acc=0.6485 train_loss=0.6568 val_acc=0.6306 val_loss=0.6954 router_H=0.3718 best=0.6306
           router_load=[0.05285659059882164, 0.8590793609619141, 0.014137865975499153, 0.07392608374357224]
[step 0140/1000] method=baseline_avg loss=0.5690 train_acc=0.6485 train_loss=0.6568 val_acc=0.6306 val_loss=0.6954 router_H=0.3718 best=0.6306
           router_load=[0.05285659059882164, 0.8590793609619141, 0.014137865975499153, 0.07392608374357224]
[step 0150/1000] method=baseline_avg loss=0.6089 train_acc=0.6485 train_loss=0.6568 val_acc=0.6306 val_loss=0.6954 router_H=0.3718 best=0.6306
           router_load=[0.05285659059882164, 0.8590793609619141, 0.014137865975499153, 0.07392608374357224]
[step 0160/1000] method=baseline_avg loss=0.5180 train_acc=0.6485 train_loss=0.6568 val_acc=0.6306 val_loss=0.6954 router_H=0.3718 best=0.6306
           router_load=[0.05285659059882164, 0.8590793609619141, 0.014137865975499153, 0.07392608374357224]
[step 0170/1000] method=baseline_avg loss=0.5960 train_acc=0.6485 train_loss=0.6568 val_acc=0.6306 val_loss=0.6954 router_H=0.3718 best=0.6306
           router_load=[0.05285659059882164, 0.8590793609619141, 0.014137865975499153, 0.07392608374357224]
[step 0180/1000] method=baseline_avg loss=0.4878 train_acc=0.6485 train_loss=0.6568 val_acc=0.6306 val_loss=0.6954 router_H=0.3718 best=0.6306
           router_load=[0.05285659059882164, 0.8590793609619141, 0.014137865975499153, 0.07392608374357224]
[step 0190/1000] method=baseline_avg loss=0.4999 train_acc=0.6485 train_loss=0.6568 val_acc=0.6306 val_loss=0.6954 router_H=0.3718 best=0.6306
           router_load=[0.05285659059882164, 0.8590793609619141, 0.014137865975499153, 0.07392608374357224]
[step 0200/1000] method=baseline_avg loss=0.7784 train_acc=0.6997 train_loss=0.5310 val_acc=0.6794 val_loss=0.5552 router_H=0.4594 best=0.6794
           router_load=[0.0287313349545002, 0.7894212007522583, 0.014610301703214645, 0.16723738610744476]
[step 0210/1000] method=baseline_avg loss=0.5740 train_acc=0.6997 train_loss=0.5310 val_acc=0.6794 val_loss=0.5552 router_H=0.4594 best=0.6794
           router_load=[0.0287313349545002, 0.7894212007522583, 0.014610301703214645, 0.16723738610744476]
[step 0220/1000] method=baseline_avg loss=0.4487 train_acc=0.6997 train_loss=0.5310 val_acc=0.6794 val_loss=0.5552 router_H=0.4594 best=0.6794
           router_load=[0.0287313349545002, 0.7894212007522583, 0.014610301703214645, 0.16723738610744476]
[step 0230/1000] method=baseline_avg loss=0.5883 train_acc=0.6997 train_loss=0.5310 val_acc=0.6794 val_loss=0.5552 router_H=0.4594 best=0.6794
           router_load=[0.0287313349545002, 0.7894212007522583, 0.014610301703214645, 0.16723738610744476]
[step 0240/1000] method=baseline_avg loss=0.5079 train_acc=0.6997 train_loss=0.5310 val_acc=0.6794 val_loss=0.5552 router_H=0.4594 best=0.6794
           router_load=[0.0287313349545002, 0.7894212007522583, 0.014610301703214645, 0.16723738610744476]
[step 0250/1000] method=baseline_avg loss=0.4706 train_acc=0.6997 train_loss=0.5310 val_acc=0.6794 val_loss=0.5552 router_H=0.4594 best=0.6794
           router_load=[0.0287313349545002, 0.7894212007522583, 0.014610301703214645, 0.16723738610744476]
[step 0260/1000] method=baseline_avg loss=0.7924 train_acc=0.6997 train_loss=0.5310 val_acc=0.6794 val_loss=0.5552 router_H=0.4594 best=0.6794
           router_load=[0.0287313349545002, 0.7894212007522583, 0.014610301703214645, 0.16723738610744476]
[step 0270/1000] method=baseline_avg loss=0.4251 train_acc=0.6997 train_loss=0.5310 val_acc=0.6794 val_loss=0.5552 router_H=0.4594 best=0.6794
           router_load=[0.0287313349545002, 0.7894212007522583, 0.014610301703214645, 0.16723738610744476]
[step 0280/1000] method=baseline_avg loss=0.6658 train_acc=0.6997 train_loss=0.5310 val_acc=0.6794 val_loss=0.5552 router_H=0.4594 best=0.6794
           router_load=[0.0287313349545002, 0.7894212007522583, 0.014610301703214645, 0.16723738610744476]
[step 0290/1000] method=baseline_avg loss=0.5301 train_acc=0.6997 train_loss=0.5310 val_acc=0.6794 val_loss=0.5552 router_H=0.4594 best=0.6794
           router_load=[0.0287313349545002, 0.7894212007522583, 0.014610301703214645, 0.16723738610744476]
[step 0300/1000] method=baseline_avg loss=0.5834 train_acc=0.7522 train_loss=0.5027 val_acc=0.7152 val_loss=0.5385 router_H=0.4484 best=0.7152
           router_load=[0.00698708975687623, 0.7831066250801086, 0.015450520440936089, 0.19445550441741943]
[step 0310/1000] method=baseline_avg loss=0.5462 train_acc=0.7522 train_loss=0.5027 val_acc=0.7152 val_loss=0.5385 router_H=0.4484 best=0.7152
           router_load=[0.00698708975687623, 0.7831066250801086, 0.015450520440936089, 0.19445550441741943]
[step 0320/1000] method=baseline_avg loss=0.4433 train_acc=0.7522 train_loss=0.5027 val_acc=0.7152 val_loss=0.5385 router_H=0.4484 best=0.7152
           router_load=[0.00698708975687623, 0.7831066250801086, 0.015450520440936089, 0.19445550441741943]
[step 0330/1000] method=baseline_avg loss=0.5438 train_acc=0.7522 train_loss=0.5027 val_acc=0.7152 val_loss=0.5385 router_H=0.4484 best=0.7152
           router_load=[0.00698708975687623, 0.7831066250801086, 0.015450520440936089, 0.19445550441741943]
[step 0340/1000] method=baseline_avg loss=0.4444 train_acc=0.7522 train_loss=0.5027 val_acc=0.7152 val_loss=0.5385 router_H=0.4484 best=0.7152
           router_load=[0.00698708975687623, 0.7831066250801086, 0.015450520440936089, 0.19445550441741943]
[step 0350/1000] method=baseline_avg loss=0.8248 train_acc=0.7522 train_loss=0.5027 val_acc=0.7152 val_loss=0.5385 router_H=0.4484 best=0.7152
           router_load=[0.00698708975687623, 0.7831066250801086, 0.015450520440936089, 0.19445550441741943]
[step 0360/1000] method=baseline_avg loss=0.3902 train_acc=0.7522 train_loss=0.5027 val_acc=0.7152 val_loss=0.5385 router_H=0.4484 best=0.7152
           router_load=[0.00698708975687623, 0.7831066250801086, 0.015450520440936089, 0.19445550441741943]
[step 0370/1000] method=baseline_avg loss=0.3940 train_acc=0.7522 train_loss=0.5027 val_acc=0.7152 val_loss=0.5385 router_H=0.4484 best=0.7152
           router_load=[0.00698708975687623, 0.7831066250801086, 0.015450520440936089, 0.19445550441741943]
[step 0380/1000] method=baseline_avg loss=0.5222 train_acc=0.7522 train_loss=0.5027 val_acc=0.7152 val_loss=0.5385 router_H=0.4484 best=0.7152
           router_load=[0.00698708975687623, 0.7831066250801086, 0.015450520440936089, 0.19445550441741943]
[step 0390/1000] method=baseline_avg loss=0.4395 train_acc=0.7522 train_loss=0.5027 val_acc=0.7152 val_loss=0.5385 router_H=0.4484 best=0.7152
           router_load=[0.00698708975687623, 0.7831066250801086, 0.015450520440936089, 0.19445550441741943]
[step 0400/1000] method=baseline_avg loss=0.6538 train_acc=0.7716 train_loss=0.4902 val_acc=0.7330 val_loss=0.5081 router_H=0.4346 best=0.7330
           router_load=[0.0026074128691107035, 0.8048093318939209, 0.05368640273809433, 0.13889682292938232]
[step 0410/1000] method=baseline_avg loss=0.5065 train_acc=0.7716 train_loss=0.4902 val_acc=0.7330 val_loss=0.5081 router_H=0.4346 best=0.7330
           router_load=[0.0026074128691107035, 0.8048093318939209, 0.05368640273809433, 0.13889682292938232]
[step 0420/1000] method=baseline_avg loss=0.6853 train_acc=0.7716 train_loss=0.4902 val_acc=0.7330 val_loss=0.5081 router_H=0.4346 best=0.7330
           router_load=[0.0026074128691107035, 0.8048093318939209, 0.05368640273809433, 0.13889682292938232]
[step 0430/1000] method=baseline_avg loss=0.5623 train_acc=0.7716 train_loss=0.4902 val_acc=0.7330 val_loss=0.5081 router_H=0.4346 best=0.7330
           router_load=[0.0026074128691107035, 0.8048093318939209, 0.05368640273809433, 0.13889682292938232]
[step 0440/1000] method=baseline_avg loss=0.4760 train_acc=0.7716 train_loss=0.4902 val_acc=0.7330 val_loss=0.5081 router_H=0.4346 best=0.7330
           router_load=[0.0026074128691107035, 0.8048093318939209, 0.05368640273809433, 0.13889682292938232]
[step 0450/1000] method=baseline_avg loss=0.5323 train_acc=0.7716 train_loss=0.4902 val_acc=0.7330 val_loss=0.5081 router_H=0.4346 best=0.7330
           router_load=[0.0026074128691107035, 0.8048093318939209, 0.05368640273809433, 0.13889682292938232]
[step 0460/1000] method=baseline_avg loss=0.5030 train_acc=0.7716 train_loss=0.4902 val_acc=0.7330 val_loss=0.5081 router_H=0.4346 best=0.7330
           router_load=[0.0026074128691107035, 0.8048093318939209, 0.05368640273809433, 0.13889682292938232]
[step 0470/1000] method=baseline_avg loss=0.4112 train_acc=0.7716 train_loss=0.4902 val_acc=0.7330 val_loss=0.5081 router_H=0.4346 best=0.7330
           router_load=[0.0026074128691107035, 0.8048093318939209, 0.05368640273809433, 0.13889682292938232]
[step 0480/1000] method=baseline_avg loss=0.5393 train_acc=0.7716 train_loss=0.4902 val_acc=0.7330 val_loss=0.5081 router_H=0.4346 best=0.7330
           router_load=[0.0026074128691107035, 0.8048093318939209, 0.05368640273809433, 0.13889682292938232]
[step 0490/1000] method=baseline_avg loss=0.3711 train_acc=0.7716 train_loss=0.4902 val_acc=0.7330 val_loss=0.5081 router_H=0.4346 best=0.7330
           router_load=[0.0026074128691107035, 0.8048093318939209, 0.05368640273809433, 0.13889682292938232]
[step 0500/1000] method=baseline_avg loss=0.3917 train_acc=0.7997 train_loss=0.4204 val_acc=0.7524 val_loss=0.4990 router_H=0.4614 best=0.7524
           router_load=[0.00432498287409544, 0.7401176691055298, 0.05525555461645126, 0.20030178129673004]
[step 0510/1000] method=baseline_avg loss=0.4374 train_acc=0.7997 train_loss=0.4204 val_acc=0.7524 val_loss=0.4990 router_H=0.4614 best=0.7524
           router_load=[0.00432498287409544, 0.7401176691055298, 0.05525555461645126, 0.20030178129673004]
[step 0520/1000] method=baseline_avg loss=0.6451 train_acc=0.7997 train_loss=0.4204 val_acc=0.7524 val_loss=0.4990 router_H=0.4614 best=0.7524
           router_load=[0.00432498287409544, 0.7401176691055298, 0.05525555461645126, 0.20030178129673004]
[step 0530/1000] method=baseline_avg loss=0.7020 train_acc=0.7997 train_loss=0.4204 val_acc=0.7524 val_loss=0.4990 router_H=0.4614 best=0.7524
           router_load=[0.00432498287409544, 0.7401176691055298, 0.05525555461645126, 0.20030178129673004]
[step 0540/1000] method=baseline_avg loss=0.4041 train_acc=0.7997 train_loss=0.4204 val_acc=0.7524 val_loss=0.4990 router_H=0.4614 best=0.7524
           router_load=[0.00432498287409544, 0.7401176691055298, 0.05525555461645126, 0.20030178129673004]
[step 0550/1000] method=baseline_avg loss=0.4576 train_acc=0.7997 train_loss=0.4204 val_acc=0.7524 val_loss=0.4990 router_H=0.4614 best=0.7524
           router_load=[0.00432498287409544, 0.7401176691055298, 0.05525555461645126, 0.20030178129673004]
[step 0560/1000] method=baseline_avg loss=0.5294 train_acc=0.7997 train_loss=0.4204 val_acc=0.7524 val_loss=0.4990 router_H=0.4614 best=0.7524
           router_load=[0.00432498287409544, 0.7401176691055298, 0.05525555461645126, 0.20030178129673004]
[step 0570/1000] method=baseline_avg loss=0.5058 train_acc=0.7997 train_loss=0.4204 val_acc=0.7524 val_loss=0.4990 router_H=0.4614 best=0.7524
           router_load=[0.00432498287409544, 0.7401176691055298, 0.05525555461645126, 0.20030178129673004]
[step 0580/1000] method=baseline_avg loss=0.4235 train_acc=0.7997 train_loss=0.4204 val_acc=0.7524 val_loss=0.4990 router_H=0.4614 best=0.7524
           router_load=[0.00432498287409544, 0.7401176691055298, 0.05525555461645126, 0.20030178129673004]
[step 0590/1000] method=baseline_avg loss=0.6351 train_acc=0.7997 train_loss=0.4204 val_acc=0.7524 val_loss=0.4990 router_H=0.4614 best=0.7524
           router_load=[0.00432498287409544, 0.7401176691055298, 0.05525555461645126, 0.20030178129673004]
[step 0600/1000] method=baseline_avg loss=0.5471 train_acc=0.8238 train_loss=0.4183 val_acc=0.7845 val_loss=0.4731 router_H=0.4752 best=0.7845
           router_load=[0.004914737772196531, 0.7694418430328369, 0.06268054991960526, 0.1629631072282791]
[step 0610/1000] method=baseline_avg loss=0.5900 train_acc=0.8238 train_loss=0.4183 val_acc=0.7845 val_loss=0.4731 router_H=0.4752 best=0.7845
           router_load=[0.004914737772196531, 0.7694418430328369, 0.06268054991960526, 0.1629631072282791]
[step 0620/1000] method=baseline_avg loss=0.4374 train_acc=0.8238 train_loss=0.4183 val_acc=0.7845 val_loss=0.4731 router_H=0.4752 best=0.7845
           router_load=[0.004914737772196531, 0.7694418430328369, 0.06268054991960526, 0.1629631072282791]
[step 0630/1000] method=baseline_avg loss=0.3555 train_acc=0.8238 train_loss=0.4183 val_acc=0.7845 val_loss=0.4731 router_H=0.4752 best=0.7845
           router_load=[0.004914737772196531, 0.7694418430328369, 0.06268054991960526, 0.1629631072282791]
[step 0640/1000] method=baseline_avg loss=0.8214 train_acc=0.8238 train_loss=0.4183 val_acc=0.7845 val_loss=0.4731 router_H=0.4752 best=0.7845
           router_load=[0.004914737772196531, 0.7694418430328369, 0.06268054991960526, 0.1629631072282791]
[step 0650/1000] method=baseline_avg loss=0.3477 train_acc=0.8238 train_loss=0.4183 val_acc=0.7845 val_loss=0.4731 router_H=0.4752 best=0.7845
           router_load=[0.004914737772196531, 0.7694418430328369, 0.06268054991960526, 0.1629631072282791]
[step 0660/1000] method=baseline_avg loss=0.4074 train_acc=0.8238 train_loss=0.4183 val_acc=0.7845 val_loss=0.4731 router_H=0.4752 best=0.7845
           router_load=[0.004914737772196531, 0.7694418430328369, 0.06268054991960526, 0.1629631072282791]
[step 0670/1000] method=baseline_avg loss=0.5560 train_acc=0.8238 train_loss=0.4183 val_acc=0.7845 val_loss=0.4731 router_H=0.4752 best=0.7845
           router_load=[0.004914737772196531, 0.7694418430328369, 0.06268054991960526, 0.1629631072282791]
[step 0680/1000] method=baseline_avg loss=0.5508 train_acc=0.8238 train_loss=0.4183 val_acc=0.7845 val_loss=0.4731 router_H=0.4752 best=0.7845
           router_load=[0.004914737772196531, 0.7694418430328369, 0.06268054991960526, 0.1629631072282791]
[step 0690/1000] method=baseline_avg loss=0.3097 train_acc=0.8238 train_loss=0.4183 val_acc=0.7845 val_loss=0.4731 router_H=0.4752 best=0.7845
           router_load=[0.004914737772196531, 0.7694418430328369, 0.06268054991960526, 0.1629631072282791]
[step 0700/1000] method=baseline_avg loss=0.3415 train_acc=0.8370 train_loss=0.3781 val_acc=0.7895 val_loss=0.4948 router_H=0.3977 best=0.7895
           router_load=[0.020027728751301765, 0.7891491651535034, 0.03945299610495567, 0.1513700634241104]
[step 0710/1000] method=baseline_avg loss=0.5912 train_acc=0.8370 train_loss=0.3781 val_acc=0.7895 val_loss=0.4948 router_H=0.3977 best=0.7895
           router_load=[0.020027728751301765, 0.7891491651535034, 0.03945299610495567, 0.1513700634241104]
[step 0720/1000] method=baseline_avg loss=0.2597 train_acc=0.8370 train_loss=0.3781 val_acc=0.7895 val_loss=0.4948 router_H=0.3977 best=0.7895
           router_load=[0.020027728751301765, 0.7891491651535034, 0.03945299610495567, 0.1513700634241104]
[step 0730/1000] method=baseline_avg loss=0.5239 train_acc=0.8370 train_loss=0.3781 val_acc=0.7895 val_loss=0.4948 router_H=0.3977 best=0.7895
           router_load=[0.020027728751301765, 0.7891491651535034, 0.03945299610495567, 0.1513700634241104]
[step 0740/1000] method=baseline_avg loss=0.3029 train_acc=0.8370 train_loss=0.3781 val_acc=0.7895 val_loss=0.4948 router_H=0.3977 best=0.7895
           router_load=[0.020027728751301765, 0.7891491651535034, 0.03945299610495567, 0.1513700634241104]
[step 0750/1000] method=baseline_avg loss=0.3524 train_acc=0.8370 train_loss=0.3781 val_acc=0.7895 val_loss=0.4948 router_H=0.3977 best=0.7895
           router_load=[0.020027728751301765, 0.7891491651535034, 0.03945299610495567, 0.1513700634241104]
[step 0760/1000] method=baseline_avg loss=0.5168 train_acc=0.8370 train_loss=0.3781 val_acc=0.7895 val_loss=0.4948 router_H=0.3977 best=0.7895
           router_load=[0.020027728751301765, 0.7891491651535034, 0.03945299610495567, 0.1513700634241104]
[step 0770/1000] method=baseline_avg loss=0.4563 train_acc=0.8370 train_loss=0.3781 val_acc=0.7895 val_loss=0.4948 router_H=0.3977 best=0.7895
           router_load=[0.020027728751301765, 0.7891491651535034, 0.03945299610495567, 0.1513700634241104]
[step 0780/1000] method=baseline_avg loss=0.4931 train_acc=0.8370 train_loss=0.3781 val_acc=0.7895 val_loss=0.4948 router_H=0.3977 best=0.7895
           router_load=[0.020027728751301765, 0.7891491651535034, 0.03945299610495567, 0.1513700634241104]
[step 0790/1000] method=baseline_avg loss=0.4486 train_acc=0.8370 train_loss=0.3781 val_acc=0.7895 val_loss=0.4948 router_H=0.3977 best=0.7895
           router_load=[0.020027728751301765, 0.7891491651535034, 0.03945299610495567, 0.1513700634241104]
[step 0800/1000] method=baseline_avg loss=0.5987 train_acc=0.8142 train_loss=0.4358 val_acc=0.7533 val_loss=0.5477 router_H=0.3903 best=0.7895
           router_load=[0.020605431869626045, 0.8391332030296326, 0.05448932200670242, 0.08577214926481247]
[step 0810/1000] method=baseline_avg loss=0.3952 train_acc=0.8142 train_loss=0.4358 val_acc=0.7533 val_loss=0.5477 router_H=0.3903 best=0.7895
           router_load=[0.020605431869626045, 0.8391332030296326, 0.05448932200670242, 0.08577214926481247]
[step 0820/1000] method=baseline_avg loss=0.3379 train_acc=0.8142 train_loss=0.4358 val_acc=0.7533 val_loss=0.5477 router_H=0.3903 best=0.7895
           router_load=[0.020605431869626045, 0.8391332030296326, 0.05448932200670242, 0.08577214926481247]
[step 0830/1000] method=baseline_avg loss=0.4548 train_acc=0.8142 train_loss=0.4358 val_acc=0.7533 val_loss=0.5477 router_H=0.3903 best=0.7895
           router_load=[0.020605431869626045, 0.8391332030296326, 0.05448932200670242, 0.08577214926481247]
[step 0840/1000] method=baseline_avg loss=0.6270 train_acc=0.8142 train_loss=0.4358 val_acc=0.7533 val_loss=0.5477 router_H=0.3903 best=0.7895
           router_load=[0.020605431869626045, 0.8391332030296326, 0.05448932200670242, 0.08577214926481247]
[step 0850/1000] method=baseline_avg loss=0.4602 train_acc=0.8142 train_loss=0.4358 val_acc=0.7533 val_loss=0.5477 router_H=0.3903 best=0.7895
           router_load=[0.020605431869626045, 0.8391332030296326, 0.05448932200670242, 0.08577214926481247]
[step 0860/1000] method=baseline_avg loss=0.2489 train_acc=0.8142 train_loss=0.4358 val_acc=0.7533 val_loss=0.5477 router_H=0.3903 best=0.7895
           router_load=[0.020605431869626045, 0.8391332030296326, 0.05448932200670242, 0.08577214926481247]
[step 0870/1000] method=baseline_avg loss=0.4790 train_acc=0.8142 train_loss=0.4358 val_acc=0.7533 val_loss=0.5477 router_H=0.3903 best=0.7895
           router_load=[0.020605431869626045, 0.8391332030296326, 0.05448932200670242, 0.08577214926481247]
[step 0880/1000] method=baseline_avg loss=0.2349 train_acc=0.8142 train_loss=0.4358 val_acc=0.7533 val_loss=0.5477 router_H=0.3903 best=0.7895
           router_load=[0.020605431869626045, 0.8391332030296326, 0.05448932200670242, 0.08577214926481247]
[step 0890/1000] method=baseline_avg loss=0.2414 train_acc=0.8142 train_loss=0.4358 val_acc=0.7533 val_loss=0.5477 router_H=0.3903 best=0.7895
           router_load=[0.020605431869626045, 0.8391332030296326, 0.05448932200670242, 0.08577214926481247]
[step 0900/1000] method=baseline_avg loss=0.4727 train_acc=0.8958 train_loss=0.2910 val_acc=0.7924 val_loss=0.4603 router_H=0.4193 best=0.7924
           router_load=[0.009237485006451607, 0.8091843128204346, 0.06110048666596413, 0.12047740072011948]
[step 0910/1000] method=baseline_avg loss=0.3924 train_acc=0.8958 train_loss=0.2910 val_acc=0.7924 val_loss=0.4603 router_H=0.4193 best=0.7924
           router_load=[0.009237485006451607, 0.8091843128204346, 0.06110048666596413, 0.12047740072011948]
[step 0920/1000] method=baseline_avg loss=0.3889 train_acc=0.8958 train_loss=0.2910 val_acc=0.7924 val_loss=0.4603 router_H=0.4193 best=0.7924
           router_load=[0.009237485006451607, 0.8091843128204346, 0.06110048666596413, 0.12047740072011948]
[step 0930/1000] method=baseline_avg loss=0.2506 train_acc=0.8958 train_loss=0.2910 val_acc=0.7924 val_loss=0.4603 router_H=0.4193 best=0.7924
           router_load=[0.009237485006451607, 0.8091843128204346, 0.06110048666596413, 0.12047740072011948]
[step 0940/1000] method=baseline_avg loss=0.3904 train_acc=0.8958 train_loss=0.2910 val_acc=0.7924 val_loss=0.4603 router_H=0.4193 best=0.7924
           router_load=[0.009237485006451607, 0.8091843128204346, 0.06110048666596413, 0.12047740072011948]
[step 0950/1000] method=baseline_avg loss=0.2972 train_acc=0.8958 train_loss=0.2910 val_acc=0.7924 val_loss=0.4603 router_H=0.4193 best=0.7924
           router_load=[0.009237485006451607, 0.8091843128204346, 0.06110048666596413, 0.12047740072011948]
[step 0960/1000] method=baseline_avg loss=0.3721 train_acc=0.8958 train_loss=0.2910 val_acc=0.7924 val_loss=0.4603 router_H=0.4193 best=0.7924
           router_load=[0.009237485006451607, 0.8091843128204346, 0.06110048666596413, 0.12047740072011948]
[step 0970/1000] method=baseline_avg loss=0.1250 train_acc=0.8958 train_loss=0.2910 val_acc=0.7924 val_loss=0.4603 router_H=0.4193 best=0.7924
           router_load=[0.009237485006451607, 0.8091843128204346, 0.06110048666596413, 0.12047740072011948]
[step 0980/1000] method=baseline_avg loss=0.5370 train_acc=0.8958 train_loss=0.2910 val_acc=0.7924 val_loss=0.4603 router_H=0.4193 best=0.7924
           router_load=[0.009237485006451607, 0.8091843128204346, 0.06110048666596413, 0.12047740072011948]
[step 0990/1000] method=baseline_avg loss=0.4553 train_acc=0.8958 train_loss=0.2910 val_acc=0.7924 val_loss=0.4603 router_H=0.4193 best=0.7924
           router_load=[0.009237485006451607, 0.8091843128204346, 0.06110048666596413, 0.12047740072011948]
[step 1000/1000] method=baseline_avg loss=0.3947 train_acc=0.9108 train_loss=0.2393 val_acc=0.7909 val_loss=0.4865 router_H=0.4348 best=0.7924
           router_load=[0.026196446269750595, 0.7737600803375244, 0.046317797154188156, 0.15372580289840698]
saved summary -> /root/Optimization/MOE-grad-conflict-routing-appendix2/runs/paper_suite_supplement/appendix/ffn_generalization/glue3_roberta_ffn_e4_k2/_method_workers/baseline/final/baseline_s7.json
saved curve -> /root/Optimization/MOE-grad-conflict-routing-appendix2/runs/paper_suite_supplement/appendix/ffn_generalization/glue3_roberta_ffn_e4_k2/_method_workers/baseline/final/baseline_s7_curve.csv
