[run] method=baseline candidate=local_var_topk_022 seed=3 steps=200 gpu=0
[run] cmd=
/home/zhujjing/anaconda3/envs/moe/bin/python /home/zhujjing/MOE-grad-conflict-routing/scripts/run.py --config configs/multitask_glue3_rte_mrpc_cola_real.yaml --set model.backbone_backend=hf --set model.hf_load_pretrained=true --set model.hf_local_files_only=true --set model.backbone=gpt2 --set model.hf_pretrained_name=gpt2-medium --set model.expert_type=lora --set model.routing_mode=topk --set model.num_experts=4 --set model.top_k=2 --set train.eval_train_fraction=0.10 --set train.eval_train_max_batches=-1 --set train.eval_max_batches=-1 --set seed=3 --set method.name=baseline_avg --set train.steps=200 --set train.eval_every_steps=100 --set train.grad_clip=0.9537451003 --set train.lr=5.1103568e-05 --set train.weight_decay=0.01 --out /home/zhujjing/MOE-grad-conflict-routing/runs/paper_suite/single_gpu/multi_task/glue3_gpt2_lora_e4_k2/hpo/baseline/trial_runs/local_var_topk_022/baseline_s3.json --curve_out /home/zhujjing/MOE-grad-conflict-routing/runs/paper_suite/single_gpu/multi_task/glue3_gpt2_lora_e4_k2/hpo/baseline/trial_runs/local_var_topk_022/baseline_s3_curve.csv
Using the latest cached version of the dataset since glue couldn't be found on the Hugging Face Hub (offline mode is enabled).
Found the latest cached dataset configuration 'rte' at /home/zhujjing/hf_cache/datasets/glue/rte/0.0.0/bcdcba79d07bc864c1c254ccfcedcce55bcc9a8c (last modified on Thu Mar 19 15:00:36 2026).
/home/zhujjing/anaconda3/envs/moe/lib/python3.10/site-packages/transformers/utils/hub.py:124: FutureWarning: Using `TRANSFORMERS_CACHE` is deprecated and will be removed in v5 of Transformers. Use `HF_HOME` instead.
  warnings.warn(
Using the latest cached version of the dataset since glue couldn't be found on the Hugging Face Hub (offline mode is enabled).
Found the latest cached dataset configuration 'mrpc' at /home/zhujjing/hf_cache/datasets/glue/mrpc/0.0.0/bcdcba79d07bc864c1c254ccfcedcce55bcc9a8c (last modified on Thu Mar 19 15:01:06 2026).
Using the latest cached version of the dataset since glue couldn't be found on the Hugging Face Hub (offline mode is enabled).
Found the latest cached dataset configuration 'cola' at /home/zhujjing/hf_cache/datasets/glue/cola/0.0.0/bcdcba79d07bc864c1c254ccfcedcce55bcc9a8c (last modified on Thu Mar 19 15:02:09 2026).
[step 0001/200] method=baseline_avg loss=1.4001 train_acc=nan train_loss=nan val_acc=nan val_loss=nan best=-1.0000
[step 0010/200] method=baseline_avg loss=0.4478 train_acc=nan train_loss=nan val_acc=nan val_loss=nan best=-1.0000
[step 0020/200] method=baseline_avg loss=0.4941 train_acc=nan train_loss=nan val_acc=nan val_loss=nan best=-1.0000
[step 0030/200] method=baseline_avg loss=0.5591 train_acc=nan train_loss=nan val_acc=nan val_loss=nan best=-1.0000
[step 0040/200] method=baseline_avg loss=0.7908 train_acc=nan train_loss=nan val_acc=nan val_loss=nan best=-1.0000
[step 0050/200] method=baseline_avg loss=0.6560 train_acc=nan train_loss=nan val_acc=nan val_loss=nan best=-1.0000
[step 0060/200] method=baseline_avg loss=0.6078 train_acc=nan train_loss=nan val_acc=nan val_loss=nan best=-1.0000
[step 0070/200] method=baseline_avg loss=0.6347 train_acc=nan train_loss=nan val_acc=nan val_loss=nan best=-1.0000
[step 0080/200] method=baseline_avg loss=0.9514 train_acc=nan train_loss=nan val_acc=nan val_loss=nan best=-1.0000
[step 0090/200] method=baseline_avg loss=0.4606 train_acc=nan train_loss=nan val_acc=nan val_loss=nan best=-1.0000
[step 0100/200] method=baseline_avg loss=0.6844 train_acc=0.6682 train_loss=0.6171 val_acc=0.6361 val_loss=0.6436 router_H=0.6653 best=0.6361
           router_load=[0.36681875586509705, 0.0, 0.5647698044776917, 0.06841140240430832]
[step 0110/200] method=baseline_avg loss=0.4941 train_acc=0.6682 train_loss=0.6171 val_acc=0.6361 val_loss=0.6436 router_H=0.6653 best=0.6361
           router_load=[0.36681875586509705, 0.0, 0.5647698044776917, 0.06841140240430832]
[step 0120/200] method=baseline_avg loss=0.6537 train_acc=0.6682 train_loss=0.6171 val_acc=0.6361 val_loss=0.6436 router_H=0.6653 best=0.6361
           router_load=[0.36681875586509705, 0.0, 0.5647698044776917, 0.06841140240430832]
[step 0130/200] method=baseline_avg loss=0.6173 train_acc=0.6682 train_loss=0.6171 val_acc=0.6361 val_loss=0.6436 router_H=0.6653 best=0.6361
           router_load=[0.36681875586509705, 0.0, 0.5647698044776917, 0.06841140240430832]
[step 0140/200] method=baseline_avg loss=0.7443 train_acc=0.6682 train_loss=0.6171 val_acc=0.6361 val_loss=0.6436 router_H=0.6653 best=0.6361
           router_load=[0.36681875586509705, 0.0, 0.5647698044776917, 0.06841140240430832]
[step 0150/200] method=baseline_avg loss=0.5048 train_acc=0.6682 train_loss=0.6171 val_acc=0.6361 val_loss=0.6436 router_H=0.6653 best=0.6361
           router_load=[0.36681875586509705, 0.0, 0.5647698044776917, 0.06841140240430832]
[step 0160/200] method=baseline_avg loss=0.6082 train_acc=0.6682 train_loss=0.6171 val_acc=0.6361 val_loss=0.6436 router_H=0.6653 best=0.6361
           router_load=[0.36681875586509705, 0.0, 0.5647698044776917, 0.06841140240430832]
[step 0170/200] method=baseline_avg loss=0.6823 train_acc=0.6682 train_loss=0.6171 val_acc=0.6361 val_loss=0.6436 router_H=0.6653 best=0.6361
           router_load=[0.36681875586509705, 0.0, 0.5647698044776917, 0.06841140240430832]
[step 0180/200] method=baseline_avg loss=0.7609 train_acc=0.6682 train_loss=0.6171 val_acc=0.6361 val_loss=0.6436 router_H=0.6653 best=0.6361
           router_load=[0.36681875586509705, 0.0, 0.5647698044776917, 0.06841140240430832]
[step 0190/200] method=baseline_avg loss=0.6970 train_acc=0.6682 train_loss=0.6171 val_acc=0.6361 val_loss=0.6436 router_H=0.6653 best=0.6361
           router_load=[0.36681875586509705, 0.0, 0.5647698044776917, 0.06841140240430832]
[step 0200/200] method=baseline_avg loss=0.7852 train_acc=0.6956 train_loss=0.5906 val_acc=0.6755 val_loss=0.6004 router_H=0.6648 best=0.6755
           router_load=[0.3283853232860565, 0.008128455840051174, 0.5667691230773926, 0.09671727567911148]
saved summary -> /home/zhujjing/MOE-grad-conflict-routing/runs/paper_suite/single_gpu/multi_task/glue3_gpt2_lora_e4_k2/hpo/baseline/trial_runs/local_var_topk_022/baseline_s3.json
saved curve -> /home/zhujjing/MOE-grad-conflict-routing/runs/paper_suite/single_gpu/multi_task/glue3_gpt2_lora_e4_k2/hpo/baseline/trial_runs/local_var_topk_022/baseline_s3_curve.csv
