[run] method=baseline candidate=coord_01_train_lr_015 seed=3 steps=150 gpu=0
[run] cmd=
/home/zhujjing/anaconda3/envs/moe/bin/python /home/zhujjing/MOE-grad-conflict-routing/scripts/run.py --config configs/singletask_rte_real.yaml --set model.backbone_backend=hf --set model.hf_load_pretrained=true --set model.backbone=deberta --set model.hf_pretrained_name=microsoft/deberta-v3-base --set model.expert_type=ffn --set model.routing_mode=topk --set model.num_experts=4 --set model.top_k=2 --set seed=3 --set method.name=baseline_avg --set train.steps=150 --set train.eval_every_steps=50 --set train.grad_clip=1 --set train.lr=2.853290738e-06 --set train.weight_decay=0.01 --out /home/zhujjing/MOE-grad-conflict-routing/runs/paper_suite/single_gpu/single_task/deberta_rte_ffn_e4_k2/hpo/baseline/trial_runs/coord_01_train_lr_015/baseline_s3.json --curve_out /home/zhujjing/MOE-grad-conflict-routing/runs/paper_suite/single_gpu/single_task/deberta_rte_ffn_e4_k2/hpo/baseline/trial_runs/coord_01_train_lr_015/baseline_s3_curve.csv
Using the latest cached version of the dataset since glue couldn't be found on the Hugging Face Hub (offline mode is enabled).
Found the latest cached dataset configuration 'rte' at /home/zhujjing/hf_cache/datasets/glue/rte/0.0.0/bcdcba79d07bc864c1c254ccfcedcce55bcc9a8c (last modified on Thu Mar 19 15:00:36 2026).
/home/zhujjing/anaconda3/envs/moe/lib/python3.10/site-packages/transformers/utils/hub.py:124: FutureWarning: Using `TRANSFORMERS_CACHE` is deprecated and will be removed in v5 of Transformers. Use `HF_HOME` instead.
  warnings.warn(
/home/zhujjing/anaconda3/envs/moe/lib/python3.10/site-packages/transformers/convert_slow_tokenizer.py:560: UserWarning: The sentencepiece tokenizer that you are converting to a fast tokenizer uses the byte fallback option which is not implemented in the fast tokenizers. In practice this means that the fast version of the tokenizer can produce unknown tokens whereas the sentencepiece version would have converted these unknown tokens into a sequence of byte tokens matching the original piece of text.
  warnings.warn(
[step 0001/150] method=baseline_avg loss=0.6986 train_acc=nan train_loss=nan val_acc=nan val_loss=nan best=-1.0000
[step 0010/150] method=baseline_avg loss=0.6862 train_acc=nan train_loss=nan val_acc=nan val_loss=nan best=-1.0000
[step 0020/150] method=baseline_avg loss=0.6857 train_acc=nan train_loss=nan val_acc=nan val_loss=nan best=-1.0000
[step 0030/150] method=baseline_avg loss=0.6749 train_acc=nan train_loss=nan val_acc=nan val_loss=nan best=-1.0000
[step 0040/150] method=baseline_avg loss=0.6595 train_acc=nan train_loss=nan val_acc=nan val_loss=nan best=-1.0000
[step 0050/150] method=baseline_avg loss=0.6826 train_acc=0.6245 train_loss=0.6810 val_acc=0.6498 val_loss=0.6793 router_H=0.6684 best=0.6498
           router_load=[0.0, 0.3902324140071869, 0.011113795451819897, 0.5986538529396057]
[step 0060/150] method=baseline_avg loss=0.6780 train_acc=0.6245 train_loss=0.6810 val_acc=0.6498 val_loss=0.6793 router_H=0.6684 best=0.6498
           router_load=[0.0, 0.3902324140071869, 0.011113795451819897, 0.5986538529396057]
[step 0070/150] method=baseline_avg loss=0.6960 train_acc=0.6245 train_loss=0.6810 val_acc=0.6498 val_loss=0.6793 router_H=0.6684 best=0.6498
           router_load=[0.0, 0.3902324140071869, 0.011113795451819897, 0.5986538529396057]
[step 0080/150] method=baseline_avg loss=0.6588 train_acc=0.6245 train_loss=0.6810 val_acc=0.6498 val_loss=0.6793 router_H=0.6684 best=0.6498
           router_load=[0.0, 0.3902324140071869, 0.011113795451819897, 0.5986538529396057]
[step 0090/150] method=baseline_avg loss=0.6713 train_acc=0.6245 train_loss=0.6810 val_acc=0.6498 val_loss=0.6793 router_H=0.6684 best=0.6498
           router_load=[0.0, 0.3902324140071869, 0.011113795451819897, 0.5986538529396057]
[step 0100/150] method=baseline_avg loss=0.6663 train_acc=0.6735 train_loss=0.6595 val_acc=0.7040 val_loss=0.6556 router_H=0.6736 best=0.7040
           router_load=[0.0, 0.4010051190853119, 0.017662668600678444, 0.5813321471214294]
[step 0110/150] method=baseline_avg loss=0.6482 train_acc=0.6735 train_loss=0.6595 val_acc=0.7040 val_loss=0.6556 router_H=0.6736 best=0.7040
           router_load=[0.0, 0.4010051190853119, 0.017662668600678444, 0.5813321471214294]
[step 0120/150] method=baseline_avg loss=0.6746 train_acc=0.6735 train_loss=0.6595 val_acc=0.7040 val_loss=0.6556 router_H=0.6736 best=0.7040
           router_load=[0.0, 0.4010051190853119, 0.017662668600678444, 0.5813321471214294]
[step 0130/150] method=baseline_avg loss=0.6510 train_acc=0.6735 train_loss=0.6595 val_acc=0.7040 val_loss=0.6556 router_H=0.6736 best=0.7040
           router_load=[0.0, 0.4010051190853119, 0.017662668600678444, 0.5813321471214294]
[step 0140/150] method=baseline_avg loss=0.6440 train_acc=0.6735 train_loss=0.6595 val_acc=0.7040 val_loss=0.6556 router_H=0.6736 best=0.7040
           router_load=[0.0, 0.4010051190853119, 0.017662668600678444, 0.5813321471214294]
[step 0150/150] method=baseline_avg loss=0.5876 train_acc=0.6783 train_loss=0.6347 val_acc=0.6895 val_loss=0.6284 router_H=0.6826 best=0.7040
           router_load=[0.0012241273652762175, 0.48016440868377686, 0.007921292446553707, 0.5106902122497559]
saved summary -> /home/zhujjing/MOE-grad-conflict-routing/runs/paper_suite/single_gpu/single_task/deberta_rte_ffn_e4_k2/hpo/baseline/trial_runs/coord_01_train_lr_015/baseline_s3.json
saved curve -> /home/zhujjing/MOE-grad-conflict-routing/runs/paper_suite/single_gpu/single_task/deberta_rte_ffn_e4_k2/hpo/baseline/trial_runs/coord_01_train_lr_015/baseline_s3_curve.csv
