[run] method=baseline candidate=coord_01_train_lr_001 seed=3 steps=150 gpu=0
[run] cmd=
/home/zhujjing/anaconda3/envs/moe/bin/python /home/zhujjing/MOE-grad-conflict-routing/scripts/run.py --config configs/singletask_rte_real.yaml --set model.backbone_backend=hf --set model.hf_load_pretrained=true --set model.backbone=deberta --set model.hf_pretrained_name=microsoft/deberta-v3-base --set model.expert_type=ffn --set model.routing_mode=topk --set model.num_experts=4 --set model.top_k=2 --set seed=3 --set method.name=baseline_avg --set train.steps=150 --set train.eval_every_steps=50 --set train.grad_clip=1 --set train.lr=0.0001112973657 --set train.weight_decay=0.01 --out /home/zhujjing/MOE-grad-conflict-routing/runs/paper_suite/single_gpu/single_task/deberta_rte_ffn_e4_k2/hpo/baseline/trial_runs/coord_01_train_lr_001/baseline_s3.json --curve_out /home/zhujjing/MOE-grad-conflict-routing/runs/paper_suite/single_gpu/single_task/deberta_rte_ffn_e4_k2/hpo/baseline/trial_runs/coord_01_train_lr_001/baseline_s3_curve.csv
Using the latest cached version of the dataset since glue couldn't be found on the Hugging Face Hub (offline mode is enabled).
Found the latest cached dataset configuration 'rte' at /home/zhujjing/hf_cache/datasets/glue/rte/0.0.0/bcdcba79d07bc864c1c254ccfcedcce55bcc9a8c (last modified on Thu Mar 19 15:00:36 2026).
/home/zhujjing/anaconda3/envs/moe/lib/python3.10/site-packages/transformers/utils/hub.py:124: FutureWarning: Using `TRANSFORMERS_CACHE` is deprecated and will be removed in v5 of Transformers. Use `HF_HOME` instead.
  warnings.warn(
/home/zhujjing/anaconda3/envs/moe/lib/python3.10/site-packages/transformers/convert_slow_tokenizer.py:560: UserWarning: The sentencepiece tokenizer that you are converting to a fast tokenizer uses the byte fallback option which is not implemented in the fast tokenizers. In practice this means that the fast version of the tokenizer can produce unknown tokens whereas the sentencepiece version would have converted these unknown tokens into a sequence of byte tokens matching the original piece of text.
  warnings.warn(
[step 0001/150] method=baseline_avg loss=0.6953 train_acc=nan train_loss=nan val_acc=nan val_loss=nan best=-1.0000
[step 0010/150] method=baseline_avg loss=0.6874 train_acc=nan train_loss=nan val_acc=nan val_loss=nan best=-1.0000
[step 0020/150] method=baseline_avg loss=0.6758 train_acc=nan train_loss=nan val_acc=nan val_loss=nan best=-1.0000
[step 0030/150] method=baseline_avg loss=0.7271 train_acc=nan train_loss=nan val_acc=nan val_loss=nan best=-1.0000
[step 0040/150] method=baseline_avg loss=0.7418 train_acc=nan train_loss=nan val_acc=nan val_loss=nan best=-1.0000
[step 0050/150] method=baseline_avg loss=0.6828 train_acc=0.4984 train_loss=0.6974 val_acc=0.4729 val_loss=0.7106 router_H=0.2685 best=0.4729
           router_load=[0.9240798354148865, 0.0, 0.0, 0.07592011988162994]
[step 0060/150] method=baseline_avg loss=0.7322 train_acc=0.4984 train_loss=0.6974 val_acc=0.4729 val_loss=0.7106 router_H=0.2685 best=0.4729
           router_load=[0.9240798354148865, 0.0, 0.0, 0.07592011988162994]
[step 0070/150] method=baseline_avg loss=0.7262 train_acc=0.4984 train_loss=0.6974 val_acc=0.4729 val_loss=0.7106 router_H=0.2685 best=0.4729
           router_load=[0.9240798354148865, 0.0, 0.0, 0.07592011988162994]
[step 0080/150] method=baseline_avg loss=0.7003 train_acc=0.4984 train_loss=0.6974 val_acc=0.4729 val_loss=0.7106 router_H=0.2685 best=0.4729
           router_load=[0.9240798354148865, 0.0, 0.0, 0.07592011988162994]
[step 0090/150] method=baseline_avg loss=0.6607 train_acc=0.4984 train_loss=0.6974 val_acc=0.4729 val_loss=0.7106 router_H=0.2685 best=0.4729
           router_load=[0.9240798354148865, 0.0, 0.0, 0.07592011988162994]
[step 0100/150] method=baseline_avg loss=0.8422 train_acc=0.5992 train_loss=0.6520 val_acc=0.5415 val_loss=0.6825 router_H=0.2839 best=0.5415
           router_load=[0.9175222516059875, 0.0, 0.0, 0.08247774839401245]
[step 0110/150] method=baseline_avg loss=0.7639 train_acc=0.5992 train_loss=0.6520 val_acc=0.5415 val_loss=0.6825 router_H=0.2839 best=0.5415
           router_load=[0.9175222516059875, 0.0, 0.0, 0.08247774839401245]
[step 0120/150] method=baseline_avg loss=0.7351 train_acc=0.5992 train_loss=0.6520 val_acc=0.5415 val_loss=0.6825 router_H=0.2839 best=0.5415
           router_load=[0.9175222516059875, 0.0, 0.0, 0.08247774839401245]
[step 0130/150] method=baseline_avg loss=0.6982 train_acc=0.5992 train_loss=0.6520 val_acc=0.5415 val_loss=0.6825 router_H=0.2839 best=0.5415
           router_load=[0.9175222516059875, 0.0, 0.0, 0.08247774839401245]
[step 0140/150] method=baseline_avg loss=0.7289 train_acc=0.5992 train_loss=0.6520 val_acc=0.5415 val_loss=0.6825 router_H=0.2839 best=0.5415
           router_load=[0.9175222516059875, 0.0, 0.0, 0.08247774839401245]
[step 0150/150] method=baseline_avg loss=0.7585 train_acc=0.4984 train_loss=0.6969 val_acc=0.4729 val_loss=0.7028 router_H=0.6810 best=0.5415
           router_load=[0.0, 0.0, 0.42217326164245605, 0.577826738357544]
saved summary -> /home/zhujjing/MOE-grad-conflict-routing/runs/paper_suite/single_gpu/single_task/deberta_rte_ffn_e4_k2/hpo/baseline/trial_runs/coord_01_train_lr_001/baseline_s3.json
saved curve -> /home/zhujjing/MOE-grad-conflict-routing/runs/paper_suite/single_gpu/single_task/deberta_rte_ffn_e4_k2/hpo/baseline/trial_runs/coord_01_train_lr_001/baseline_s3_curve.csv
