[run] method=ours candidate=local_var_topk_013 seed=3 steps=200 gpu=0
[run] cmd=
/root/miniconda3/envs/optimization/bin/python /root/Optimization/MOE-grad-conflict-routing-appendix2/scripts/run.py --config configs/singletask_cola_real.yaml --set model.backbone_backend=hf --set model.hf_load_pretrained=true --set model.hf_local_files_only=1 --set model.backbone=roberta --set model.hf_pretrained_name=roberta-base --set model.expert_type=ffn --set model.routing_mode=topk --set model.num_experts=4 --set model.top_k=2 --set train.eval_val_fraction=0.2 --set train.skip_train_eval=true --set seed=3 --set method.name=ours --set train.steps=200 --set train.eval_every_steps=100 --set method.ours.use_load_norm=true --set method.ours.lambda_align=2.7792147e-05 --set train.grad_clip=1.423562336 --set train.lr=2.5551784e-05 --set train.weight_decay=0.007589584458 --out /root/Optimization/MOE-grad-conflict-routing-appendix2/runs/paper_suite_server3/experiment4/single_task/roberta_cola_ffn_e4_k2/_method_workers/ours/hpo/ours/trial_runs/local_var_topk_013/ours_s3.json --curve_out /root/Optimization/MOE-grad-conflict-routing-appendix2/runs/paper_suite_server3/experiment4/single_task/roberta_cola_ffn_e4_k2/_method_workers/ours/hpo/ours/trial_runs/local_var_topk_013/ours_s3_curve.csv
Using the latest cached version of the dataset since glue couldn't be found on the Hugging Face Hub (offline mode is enabled).
Found the latest cached dataset configuration 'cola' at /root/.cache/huggingface/datasets/glue/cola/0.0.0/bcdcba79d07bc864c1c254ccfcedcce55bcc9a8c (last modified on Thu Mar 26 23:46:11 2026).
Loading weights:   0%|          | 0/197 [00:00<?, ?it/s]Loading weights: 100%|██████████| 197/197 [00:00<00:00, 4010.12it/s]
[1mRobertaModel LOAD REPORT[0m from: roberta-base
Key                             | Status     | 
--------------------------------+------------+-
lm_head.dense.weight            | UNEXPECTED | 
lm_head.layer_norm.weight       | UNEXPECTED | 
roberta.embeddings.position_ids | UNEXPECTED | 
lm_head.layer_norm.bias         | UNEXPECTED | 
lm_head.dense.bias              | UNEXPECTED | 
lm_head.bias                    | UNEXPECTED | 
pooler.dense.weight             | MISSING    | 
pooler.dense.bias               | MISSING    | 

[3mNotes:
- UNEXPECTED[3m	:can be ignored when loading from different task/architecture; not ok if you expect identical arch.
- MISSING[3m	:those params were newly initialized because missing from the checkpoint. Consider training on your downstream task.[0m
[step 0001/200] method=ours loss=0.7211 train_acc=nan train_loss=nan val_acc=nan val_loss=nan best=-1.0000
[step 0010/200] method=ours loss=0.4194 train_acc=nan train_loss=nan val_acc=nan val_loss=nan best=-1.0000
[step 0020/200] method=ours loss=0.7023 train_acc=nan train_loss=nan val_acc=nan val_loss=nan best=-1.0000
[step 0030/200] method=ours loss=0.6027 train_acc=nan train_loss=nan val_acc=nan val_loss=nan best=-1.0000
[step 0040/200] method=ours loss=0.8529 train_acc=nan train_loss=nan val_acc=nan val_loss=nan best=-1.0000
[step 0050/200] method=ours loss=0.7122 train_acc=nan train_loss=nan val_acc=nan val_loss=nan best=-1.0000
[step 0060/200] method=ours loss=0.4916 train_acc=nan train_loss=nan val_acc=nan val_loss=nan best=-1.0000
[step 0070/200] method=ours loss=0.5408 train_acc=nan train_loss=nan val_acc=nan val_loss=nan best=-1.0000
[step 0080/200] method=ours loss=0.3200 train_acc=nan train_loss=nan val_acc=nan val_loss=nan best=-1.0000
[step 0090/200] method=ours loss=0.6052 train_acc=nan train_loss=nan val_acc=nan val_loss=nan best=-1.0000
[step 0100/200] method=ours loss=0.5060 train_acc=nan train_loss=nan val_acc=0.6786 val_loss=0.5764 router_H=0.5162 best=0.6786
           router_load=[0.7717110514640808, 0.0048797158524394035, 0.2014845609664917, 0.021924668923020363]
[step 0110/200] method=ours loss=0.4442 train_acc=nan train_loss=nan val_acc=0.6786 val_loss=0.5764 router_H=0.5162 best=0.6786
           router_load=[0.7717110514640808, 0.0048797158524394035, 0.2014845609664917, 0.021924668923020363]
[step 0120/200] method=ours loss=0.5177 train_acc=nan train_loss=nan val_acc=0.6786 val_loss=0.5764 router_H=0.5162 best=0.6786
           router_load=[0.7717110514640808, 0.0048797158524394035, 0.2014845609664917, 0.021924668923020363]
[step 0130/200] method=ours loss=0.6866 train_acc=nan train_loss=nan val_acc=0.6786 val_loss=0.5764 router_H=0.5162 best=0.6786
           router_load=[0.7717110514640808, 0.0048797158524394035, 0.2014845609664917, 0.021924668923020363]
[step 0140/200] method=ours loss=0.4454 train_acc=nan train_loss=nan val_acc=0.6786 val_loss=0.5764 router_H=0.5162 best=0.6786
           router_load=[0.7717110514640808, 0.0048797158524394035, 0.2014845609664917, 0.021924668923020363]
[step 0150/200] method=ours loss=0.4086 train_acc=nan train_loss=nan val_acc=0.6786 val_loss=0.5764 router_H=0.5162 best=0.6786
           router_load=[0.7717110514640808, 0.0048797158524394035, 0.2014845609664917, 0.021924668923020363]
[step 0160/200] method=ours loss=0.3776 train_acc=nan train_loss=nan val_acc=0.6786 val_loss=0.5764 router_H=0.5162 best=0.6786
           router_load=[0.7717110514640808, 0.0048797158524394035, 0.2014845609664917, 0.021924668923020363]
[step 0170/200] method=ours loss=0.4099 train_acc=nan train_loss=nan val_acc=0.6786 val_loss=0.5764 router_H=0.5162 best=0.6786
           router_load=[0.7717110514640808, 0.0048797158524394035, 0.2014845609664917, 0.021924668923020363]
[step 0180/200] method=ours loss=0.5545 train_acc=nan train_loss=nan val_acc=0.6786 val_loss=0.5764 router_H=0.5162 best=0.6786
           router_load=[0.7717110514640808, 0.0048797158524394035, 0.2014845609664917, 0.021924668923020363]
[step 0190/200] method=ours loss=0.5605 train_acc=nan train_loss=nan val_acc=0.6786 val_loss=0.5764 router_H=0.5162 best=0.6786
           router_load=[0.7717110514640808, 0.0048797158524394035, 0.2014845609664917, 0.021924668923020363]
[step 0200/200] method=ours loss=0.7122 train_acc=nan train_loss=nan val_acc=0.7545 val_loss=0.5639 router_H=0.4507 best=0.7545
           router_load=[0.736613392829895, 0.008958764374256134, 0.19159618020057678, 0.06283155828714371]
saved summary -> /root/Optimization/MOE-grad-conflict-routing-appendix2/runs/paper_suite_server3/experiment4/single_task/roberta_cola_ffn_e4_k2/_method_workers/ours/hpo/ours/trial_runs/local_var_topk_013/ours_s3.json
saved curve -> /root/Optimization/MOE-grad-conflict-routing-appendix2/runs/paper_suite_server3/experiment4/single_task/roberta_cola_ffn_e4_k2/_method_workers/ours/hpo/ours/trial_runs/local_var_topk_013/ours_s3_curve.csv
