[run] method=baseline candidate=coord_03_train_grad_clip_017 seed=2 steps=150 gpu=0
[run] cmd=
/home/zhujjing/anaconda3/envs/moe/bin/python /home/zhujjing/MOE-grad-conflict-routing/scripts/run.py --config configs/singletask_sst2_real.yaml --set model.backbone_backend=hf --set model.hf_load_pretrained=true --set model.backbone=roberta --set model.hf_pretrained_name=roberta-base --set model.expert_type=ffn --set model.routing_mode=topk --set model.num_experts=4 --set model.top_k=2 --set seed=2 --set method.name=baseline_avg --set train.steps=150 --set train.eval_every_steps=50 --set train.grad_clip=1.630855408 --set train.lr=3.842377498e-05 --set train.weight_decay=0.04458013788 --out /home/zhujjing/MOE-grad-conflict-routing/runs/paper_suite/single_gpu/single_task/roberta_sst2_ffn_e4_k2/hpo/baseline/trial_runs/coord_03_train_grad_clip_017/baseline_s2.json --curve_out /home/zhujjing/MOE-grad-conflict-routing/runs/paper_suite/single_gpu/single_task/roberta_sst2_ffn_e4_k2/hpo/baseline/trial_runs/coord_03_train_grad_clip_017/baseline_s2_curve.csv
Using the latest cached version of the dataset since glue couldn't be found on the Hugging Face Hub (offline mode is enabled).
Found the latest cached dataset configuration 'sst2' at /home/zhujjing/hf_cache/datasets/glue/sst2/0.0.0/bcdcba79d07bc864c1c254ccfcedcce55bcc9a8c (last modified on Thu Mar 19 15:01:41 2026).
/home/zhujjing/anaconda3/envs/moe/lib/python3.10/site-packages/transformers/utils/hub.py:124: FutureWarning: Using `TRANSFORMERS_CACHE` is deprecated and will be removed in v5 of Transformers. Use `HF_HOME` instead.
  warnings.warn(
Some weights of RobertaModel were not initialized from the model checkpoint at roberta-base and are newly initialized: ['roberta.pooler.dense.bias', 'roberta.pooler.dense.weight']
You should probably TRAIN this model on a down-stream task to be able to use it for predictions and inference.
[step 0001/150] method=baseline_avg loss=0.7255 train_acc=nan train_loss=nan val_acc=nan val_loss=nan best=-1.0000
[step 0010/150] method=baseline_avg loss=0.7398 train_acc=nan train_loss=nan val_acc=nan val_loss=nan best=-1.0000
[step 0020/150] method=baseline_avg loss=0.4631 train_acc=nan train_loss=nan val_acc=nan val_loss=nan best=-1.0000
[step 0030/150] method=baseline_avg loss=0.5165 train_acc=nan train_loss=nan val_acc=nan val_loss=nan best=-1.0000
[step 0040/150] method=baseline_avg loss=0.1702 train_acc=nan train_loss=nan val_acc=nan val_loss=nan best=-1.0000
[step 0050/150] method=baseline_avg loss=0.1691 train_acc=0.7609 train_loss=0.6266 val_acc=0.7018 val_loss=0.8219 router_H=0.6177 best=0.7018
           router_load=[0.07136220484972, 0.4180569052696228, 0.510580837726593, 0.0]
[step 0060/150] method=baseline_avg loss=0.2636 train_acc=0.7609 train_loss=0.6266 val_acc=0.7018 val_loss=0.8219 router_H=0.6177 best=0.7018
           router_load=[0.07136220484972, 0.4180569052696228, 0.510580837726593, 0.0]
[step 0070/150] method=baseline_avg loss=0.4033 train_acc=0.7609 train_loss=0.6266 val_acc=0.7018 val_loss=0.8219 router_H=0.6177 best=0.7018
           router_load=[0.07136220484972, 0.4180569052696228, 0.510580837726593, 0.0]
[step 0080/150] method=baseline_avg loss=0.5221 train_acc=0.7609 train_loss=0.6266 val_acc=0.7018 val_loss=0.8219 router_H=0.6177 best=0.7018
           router_load=[0.07136220484972, 0.4180569052696228, 0.510580837726593, 0.0]
[step 0090/150] method=baseline_avg loss=0.5673 train_acc=0.7609 train_loss=0.6266 val_acc=0.7018 val_loss=0.8219 router_H=0.6177 best=0.7018
           router_load=[0.07136220484972, 0.4180569052696228, 0.510580837726593, 0.0]
[step 0100/150] method=baseline_avg loss=0.7035 train_acc=0.8578 train_loss=0.3605 val_acc=0.8257 val_loss=0.4011 router_H=0.6264 best=0.8257
           router_load=[0.3041858375072479, 0.15485863387584686, 0.5409555435180664, 0.0]
[step 0110/150] method=baseline_avg loss=0.3544 train_acc=0.8578 train_loss=0.3605 val_acc=0.8257 val_loss=0.4011 router_H=0.6264 best=0.8257
           router_load=[0.3041858375072479, 0.15485863387584686, 0.5409555435180664, 0.0]
[step 0120/150] method=baseline_avg loss=0.3661 train_acc=0.8578 train_loss=0.3605 val_acc=0.8257 val_loss=0.4011 router_H=0.6264 best=0.8257
           router_load=[0.3041858375072479, 0.15485863387584686, 0.5409555435180664, 0.0]
[step 0130/150] method=baseline_avg loss=0.4461 train_acc=0.8578 train_loss=0.3605 val_acc=0.8257 val_loss=0.4011 router_H=0.6264 best=0.8257
           router_load=[0.3041858375072479, 0.15485863387584686, 0.5409555435180664, 0.0]
[step 0140/150] method=baseline_avg loss=0.4972 train_acc=0.8578 train_loss=0.3605 val_acc=0.8257 val_loss=0.4011 router_H=0.6264 best=0.8257
           router_load=[0.3041858375072479, 0.15485863387584686, 0.5409555435180664, 0.0]
[step 0150/150] method=baseline_avg loss=0.6552 train_acc=0.8892 train_loss=0.3046 val_acc=0.8979 val_loss=0.2878 router_H=0.6522 best=0.8979
           router_load=[0.2966766655445099, 0.12452345341444016, 0.5787997841835022, 0.0]
saved summary -> /home/zhujjing/MOE-grad-conflict-routing/runs/paper_suite/single_gpu/single_task/roberta_sst2_ffn_e4_k2/hpo/baseline/trial_runs/coord_03_train_grad_clip_017/baseline_s2.json
saved curve -> /home/zhujjing/MOE-grad-conflict-routing/runs/paper_suite/single_gpu/single_task/roberta_sst2_ffn_e4_k2/hpo/baseline/trial_runs/coord_03_train_grad_clip_017/baseline_s2_curve.csv
