[run] method=cagrad candidate=coord_04_method_baseline_cagrad_c_017 seed=3 steps=150 gpu=0
[run] cmd=
/home/zhujjing/anaconda3/envs/moe/bin/python /home/zhujjing/MOE-grad-conflict-routing/scripts/run.py --config configs/singletask_mrpc_real.yaml --set model.backbone_backend=hf --set model.hf_load_pretrained=true --set model.backbone=deberta --set model.hf_pretrained_name=microsoft/deberta-v3-base --set model.expert_type=ffn --set model.routing_mode=topk --set model.num_experts=4 --set model.top_k=2 --set seed=3 --set method.name=baseline_cagrad --set train.steps=150 --set train.eval_every_steps=50 --set method.baseline_cagrad.c=0.4809013596 --set method.baseline_cagrad.inner_lr=0.1 --set train.grad_clip=1.658271302 --set train.lr=7.848640431e-05 --set train.weight_decay=0.002198300522 --out /home/zhujjing/MOE-grad-conflict-routing/runs/paper_suite/single_gpu/single_task/deberta_mrpc_ffn_e4_k2/hpo/cagrad/trial_runs/coord_04_method_baseline_cagrad_c_017/cagrad_s3.json --curve_out /home/zhujjing/MOE-grad-conflict-routing/runs/paper_suite/single_gpu/single_task/deberta_mrpc_ffn_e4_k2/hpo/cagrad/trial_runs/coord_04_method_baseline_cagrad_c_017/cagrad_s3_curve.csv
Using the latest cached version of the dataset since glue couldn't be found on the Hugging Face Hub (offline mode is enabled).
Found the latest cached dataset configuration 'mrpc' at /home/zhujjing/hf_cache/datasets/glue/mrpc/0.0.0/bcdcba79d07bc864c1c254ccfcedcce55bcc9a8c (last modified on Thu Mar 19 15:01:06 2026).
/home/zhujjing/anaconda3/envs/moe/lib/python3.10/site-packages/transformers/utils/hub.py:124: FutureWarning: Using `TRANSFORMERS_CACHE` is deprecated and will be removed in v5 of Transformers. Use `HF_HOME` instead.
  warnings.warn(
/home/zhujjing/anaconda3/envs/moe/lib/python3.10/site-packages/transformers/convert_slow_tokenizer.py:560: UserWarning: The sentencepiece tokenizer that you are converting to a fast tokenizer uses the byte fallback option which is not implemented in the fast tokenizers. In practice this means that the fast version of the tokenizer can produce unknown tokens whereas the sentencepiece version would have converted these unknown tokens into a sequence of byte tokens matching the original piece of text.
  warnings.warn(
[step 0001/150] method=baseline_cagrad loss=0.6884 train_acc=nan train_loss=nan val_acc=nan val_loss=nan best=-1.0000
[step 0010/150] method=baseline_cagrad loss=0.6723 train_acc=nan train_loss=nan val_acc=nan val_loss=nan best=-1.0000
[step 0020/150] method=baseline_cagrad loss=0.5156 train_acc=nan train_loss=nan val_acc=nan val_loss=nan best=-1.0000
[step 0030/150] method=baseline_cagrad loss=0.5933 train_acc=nan train_loss=nan val_acc=nan val_loss=nan best=-1.0000
[step 0040/150] method=baseline_cagrad loss=0.4618 train_acc=nan train_loss=nan val_acc=nan val_loss=nan best=-1.0000
[step 0050/150] method=baseline_cagrad loss=0.2817 train_acc=0.7773 train_loss=0.4553 val_acc=0.7819 val_loss=0.4778 router_H=0.4225 best=0.7819
           router_load=[0.014362581074237823, 0.1431828886270523, 0.0012352063786238432, 0.8412193655967712]
[step 0060/150] method=baseline_cagrad loss=0.3631 train_acc=0.7773 train_loss=0.4553 val_acc=0.7819 val_loss=0.4778 router_H=0.4225 best=0.7819
           router_load=[0.014362581074237823, 0.1431828886270523, 0.0012352063786238432, 0.8412193655967712]
[step 0070/150] method=baseline_cagrad loss=0.3917 train_acc=0.7773 train_loss=0.4553 val_acc=0.7819 val_loss=0.4778 router_H=0.4225 best=0.7819
           router_load=[0.014362581074237823, 0.1431828886270523, 0.0012352063786238432, 0.8412193655967712]
[step 0080/150] method=baseline_cagrad loss=0.2227 train_acc=0.7773 train_loss=0.4553 val_acc=0.7819 val_loss=0.4778 router_H=0.4225 best=0.7819
           router_load=[0.014362581074237823, 0.1431828886270523, 0.0012352063786238432, 0.8412193655967712]
[step 0090/150] method=baseline_cagrad loss=0.6547 train_acc=0.7773 train_loss=0.4553 val_acc=0.7819 val_loss=0.4778 router_H=0.4225 best=0.7819
           router_load=[0.014362581074237823, 0.1431828886270523, 0.0012352063786238432, 0.8412193655967712]
[step 0100/150] method=baseline_cagrad loss=0.3995 train_acc=0.8852 train_loss=0.2693 val_acc=0.8799 val_loss=0.2898 router_H=0.4073 best=0.8799
           router_load=[0.0031013027764856815, 0.16680143773555756, 0.0013839374296367168, 0.8287135362625122]
[step 0110/150] method=baseline_cagrad loss=0.3136 train_acc=0.8852 train_loss=0.2693 val_acc=0.8799 val_loss=0.2898 router_H=0.4073 best=0.8799
           router_load=[0.0031013027764856815, 0.16680143773555756, 0.0013839374296367168, 0.8287135362625122]
[step 0120/150] method=baseline_cagrad loss=0.3083 train_acc=0.8852 train_loss=0.2693 val_acc=0.8799 val_loss=0.2898 router_H=0.4073 best=0.8799
           router_load=[0.0031013027764856815, 0.16680143773555756, 0.0013839374296367168, 0.8287135362625122]
[step 0130/150] method=baseline_cagrad loss=0.4694 train_acc=0.8852 train_loss=0.2693 val_acc=0.8799 val_loss=0.2898 router_H=0.4073 best=0.8799
           router_load=[0.0031013027764856815, 0.16680143773555756, 0.0013839374296367168, 0.8287135362625122]
[step 0140/150] method=baseline_cagrad loss=0.6334 train_acc=0.8852 train_loss=0.2693 val_acc=0.8799 val_loss=0.2898 router_H=0.4073 best=0.8799
           router_load=[0.0031013027764856815, 0.16680143773555756, 0.0013839374296367168, 0.8287135362625122]
[step 0150/150] method=baseline_cagrad loss=0.2177 train_acc=0.8743 train_loss=0.2942 val_acc=0.8603 val_loss=0.3265 router_H=0.3796 best=0.8799
           router_load=[0.028853341937065125, 0.11945430934429169, 0.0, 0.8516924381256104]
saved summary -> /home/zhujjing/MOE-grad-conflict-routing/runs/paper_suite/single_gpu/single_task/deberta_mrpc_ffn_e4_k2/hpo/cagrad/trial_runs/coord_04_method_baseline_cagrad_c_017/cagrad_s3.json
saved curve -> /home/zhujjing/MOE-grad-conflict-routing/runs/paper_suite/single_gpu/single_task/deberta_mrpc_ffn_e4_k2/hpo/cagrad/trial_runs/coord_04_method_baseline_cagrad_c_017/cagrad_s3_curve.csv
