[run] method=baseline candidate=local_var_topk_013 seed=3 steps=200 gpu=0
[run] cmd=
/root/miniconda3/envs/optimization/bin/python /root/Optimization/MOE-grad-conflict-routing-appendix2/scripts/run.py --config configs/multitask_glue4_real.yaml --set model.backbone_backend=hf --set model.hf_load_pretrained=true --set model.hf_local_files_only=1 --set model.backbone=roberta --set model.hf_pretrained_name=roberta-base --set model.routing_mode=topk --set model.expert_type=lora --set model.num_experts=6 --set model.top_k=3 --set train.eval_train_fraction=0.10 --set train.eval_train_max_batches=-1 --set train.eval_max_batches=-1 --set train.eval_val_fraction=0.2 --set train.skip_train_eval=true --set seed=3 --set method.name=baseline_avg --set train.steps=200 --set train.eval_every_steps=100 --set train.grad_clip=0.6271934851 --set train.lr=4.0732353e-05 --set train.weight_decay=0.02446709884 --out /root/Optimization/MOE-grad-conflict-routing-appendix2/runs/paper_suite_supplement/appendix/more_expert/glue4_roberta_lora_e6_k3/_method_workers/baseline/hpo/baseline/trial_runs/local_var_topk_013/baseline_s3.json --curve_out /root/Optimization/MOE-grad-conflict-routing-appendix2/runs/paper_suite_supplement/appendix/more_expert/glue4_roberta_lora_e6_k3/_method_workers/baseline/hpo/baseline/trial_runs/local_var_topk_013/baseline_s3_curve.csv
Using the latest cached version of the dataset since glue couldn't be found on the Hugging Face Hub (offline mode is enabled).
Found the latest cached dataset configuration 'rte' at /root/.cache/huggingface/datasets/glue/rte/0.0.0/bcdcba79d07bc864c1c254ccfcedcce55bcc9a8c (last modified on Thu Mar 26 19:09:12 2026).
Using the latest cached version of the dataset since glue couldn't be found on the Hugging Face Hub (offline mode is enabled).
Found the latest cached dataset configuration 'mrpc' at /root/.cache/huggingface/datasets/glue/mrpc/0.0.0/bcdcba79d07bc864c1c254ccfcedcce55bcc9a8c (last modified on Thu Mar 26 20:11:06 2026).
Using the latest cached version of the dataset since glue couldn't be found on the Hugging Face Hub (offline mode is enabled).
Found the latest cached dataset configuration 'sst2' at /root/.cache/huggingface/datasets/glue/sst2/0.0.0/bcdcba79d07bc864c1c254ccfcedcce55bcc9a8c (last modified on Fri Mar 27 01:56:24 2026).
Using the latest cached version of the dataset since glue couldn't be found on the Hugging Face Hub (offline mode is enabled).
Found the latest cached dataset configuration 'cola' at /root/.cache/huggingface/datasets/glue/cola/0.0.0/bcdcba79d07bc864c1c254ccfcedcce55bcc9a8c (last modified on Thu Mar 26 23:46:11 2026).
Loading weights:   0%|          | 0/197 [00:00<?, ?it/s]Loading weights: 100%|██████████| 197/197 [00:00<00:00, 26175.37it/s]
[1mRobertaModel LOAD REPORT[0m from: roberta-base
Key                             | Status     | 
--------------------------------+------------+-
roberta.embeddings.position_ids | UNEXPECTED | 
lm_head.layer_norm.weight       | UNEXPECTED | 
lm_head.bias                    | UNEXPECTED | 
lm_head.dense.weight            | UNEXPECTED | 
lm_head.layer_norm.bias         | UNEXPECTED | 
lm_head.dense.bias              | UNEXPECTED | 
pooler.dense.bias               | MISSING    | 
pooler.dense.weight             | MISSING    | 

[3mNotes:
- UNEXPECTED[3m	:can be ignored when loading from different task/architecture; not ok if you expect identical arch.
- MISSING[3m	:those params were newly initialized because missing from the checkpoint. Consider training on your downstream task.[0m
[step 0001/200] method=baseline_avg loss=0.6534 train_acc=nan train_loss=nan val_acc=nan val_loss=nan best=-1.0000
[step 0010/200] method=baseline_avg loss=0.6225 train_acc=nan train_loss=nan val_acc=nan val_loss=nan best=-1.0000
[step 0020/200] method=baseline_avg loss=0.6587 train_acc=nan train_loss=nan val_acc=nan val_loss=nan best=-1.0000
[step 0030/200] method=baseline_avg loss=0.5909 train_acc=nan train_loss=nan val_acc=nan val_loss=nan best=-1.0000
[step 0040/200] method=baseline_avg loss=0.5145 train_acc=nan train_loss=nan val_acc=nan val_loss=nan best=-1.0000
[step 0050/200] method=baseline_avg loss=0.6012 train_acc=nan train_loss=nan val_acc=nan val_loss=nan best=-1.0000
[step 0060/200] method=baseline_avg loss=0.5505 train_acc=nan train_loss=nan val_acc=nan val_loss=nan best=-1.0000
[step 0070/200] method=baseline_avg loss=0.5175 train_acc=nan train_loss=nan val_acc=nan val_loss=nan best=-1.0000
[step 0080/200] method=baseline_avg loss=0.4863 train_acc=nan train_loss=nan val_acc=nan val_loss=nan best=-1.0000
[step 0090/200] method=baseline_avg loss=0.5005 train_acc=nan train_loss=nan val_acc=nan val_loss=nan best=-1.0000
[step 0100/200] method=baseline_avg loss=0.5086 train_acc=nan train_loss=nan val_acc=0.6957 val_loss=0.5016 router_H=1.0880 best=0.6957
           router_load=[0.0, 0.33825400471687317, 0.034670207649469376, 0.1954888552427292, 0.3004101514816284, 0.13117671012878418]
[step 0110/200] method=baseline_avg loss=0.5451 train_acc=nan train_loss=nan val_acc=0.6957 val_loss=0.5016 router_H=1.0880 best=0.6957
           router_load=[0.0, 0.33825400471687317, 0.034670207649469376, 0.1954888552427292, 0.3004101514816284, 0.13117671012878418]
[step 0120/200] method=baseline_avg loss=0.5552 train_acc=nan train_loss=nan val_acc=0.6957 val_loss=0.5016 router_H=1.0880 best=0.6957
           router_load=[0.0, 0.33825400471687317, 0.034670207649469376, 0.1954888552427292, 0.3004101514816284, 0.13117671012878418]
[step 0130/200] method=baseline_avg loss=0.4974 train_acc=nan train_loss=nan val_acc=0.6957 val_loss=0.5016 router_H=1.0880 best=0.6957
           router_load=[0.0, 0.33825400471687317, 0.034670207649469376, 0.1954888552427292, 0.3004101514816284, 0.13117671012878418]
[step 0140/200] method=baseline_avg loss=0.4020 train_acc=nan train_loss=nan val_acc=0.6957 val_loss=0.5016 router_H=1.0880 best=0.6957
           router_load=[0.0, 0.33825400471687317, 0.034670207649469376, 0.1954888552427292, 0.3004101514816284, 0.13117671012878418]
[step 0150/200] method=baseline_avg loss=0.4853 train_acc=nan train_loss=nan val_acc=0.6957 val_loss=0.5016 router_H=1.0880 best=0.6957
           router_load=[0.0, 0.33825400471687317, 0.034670207649469376, 0.1954888552427292, 0.3004101514816284, 0.13117671012878418]
[step 0160/200] method=baseline_avg loss=0.5114 train_acc=nan train_loss=nan val_acc=0.6957 val_loss=0.5016 router_H=1.0880 best=0.6957
           router_load=[0.0, 0.33825400471687317, 0.034670207649469376, 0.1954888552427292, 0.3004101514816284, 0.13117671012878418]
[step 0170/200] method=baseline_avg loss=0.4947 train_acc=nan train_loss=nan val_acc=0.6957 val_loss=0.5016 router_H=1.0880 best=0.6957
           router_load=[0.0, 0.33825400471687317, 0.034670207649469376, 0.1954888552427292, 0.3004101514816284, 0.13117671012878418]
[step 0180/200] method=baseline_avg loss=0.5272 train_acc=nan train_loss=nan val_acc=0.6957 val_loss=0.5016 router_H=1.0880 best=0.6957
           router_load=[0.0, 0.33825400471687317, 0.034670207649469376, 0.1954888552427292, 0.3004101514816284, 0.13117671012878418]
[step 0190/200] method=baseline_avg loss=0.3510 train_acc=nan train_loss=nan val_acc=0.6957 val_loss=0.5016 router_H=1.0880 best=0.6957
           router_load=[0.0, 0.33825400471687317, 0.034670207649469376, 0.1954888552427292, 0.3004101514816284, 0.13117671012878418]
[step 0200/200] method=baseline_avg loss=0.4144 train_acc=nan train_loss=nan val_acc=0.7630 val_loss=0.5224 router_H=1.0830 best=0.7630
           router_load=[0.0, 0.3466561734676361, 0.022265315055847168, 0.2045699954032898, 0.3129713237285614, 0.11353716254234314]
saved summary -> /root/Optimization/MOE-grad-conflict-routing-appendix2/runs/paper_suite_supplement/appendix/more_expert/glue4_roberta_lora_e6_k3/_method_workers/baseline/hpo/baseline/trial_runs/local_var_topk_013/baseline_s3.json
saved curve -> /root/Optimization/MOE-grad-conflict-routing-appendix2/runs/paper_suite_supplement/appendix/more_expert/glue4_roberta_lora_e6_k3/_method_workers/baseline/hpo/baseline/trial_runs/local_var_topk_013/baseline_s3_curve.csv
