[run] method=baseline candidate=coord_03_train_grad_clip_000 seed=3 steps=200 gpu=0
[run] cmd=
/home/zhujjing/anaconda3/envs/moe/bin/python /home/zhujjing/MOE-grad-conflict-routing/scripts/run.py --config configs/multitask_glue4_real.yaml --set model.backbone_backend=hf --set model.hf_load_pretrained=true --set model.hf_local_files_only=true --set model.backbone=roberta --set model.hf_pretrained_name=roberta-base --set model.expert_type=lora --set model.routing_mode=topk --set model.num_experts=4 --set model.top_k=2 --set train.eval_train_fraction=0.10 --set train.eval_train_max_batches=-1 --set train.eval_max_batches=-1 --set seed=3 --set method.name=baseline_avg --set train.steps=200 --set train.eval_every_steps=100 --set train.grad_clip=0.8623574172 --set train.lr=3.07386945e-05 --set train.weight_decay=0.03175375625 --out /home/zhujjing/MOE-grad-conflict-routing/runs/paper_suite/single_gpu/multi_task/glue4_roberta_lora_e4_k2/hpo/baseline/trial_runs/coord_03_train_grad_clip_000/baseline_s3.json --curve_out /home/zhujjing/MOE-grad-conflict-routing/runs/paper_suite/single_gpu/multi_task/glue4_roberta_lora_e4_k2/hpo/baseline/trial_runs/coord_03_train_grad_clip_000/baseline_s3_curve.csv
Using the latest cached version of the dataset since glue couldn't be found on the Hugging Face Hub (offline mode is enabled).
Found the latest cached dataset configuration 'rte' at /home/zhujjing/hf_cache/datasets/glue/rte/0.0.0/bcdcba79d07bc864c1c254ccfcedcce55bcc9a8c (last modified on Thu Mar 19 15:00:36 2026).
/home/zhujjing/anaconda3/envs/moe/lib/python3.10/site-packages/transformers/utils/hub.py:124: FutureWarning: Using `TRANSFORMERS_CACHE` is deprecated and will be removed in v5 of Transformers. Use `HF_HOME` instead.
  warnings.warn(
Using the latest cached version of the dataset since glue couldn't be found on the Hugging Face Hub (offline mode is enabled).
Found the latest cached dataset configuration 'mrpc' at /home/zhujjing/hf_cache/datasets/glue/mrpc/0.0.0/bcdcba79d07bc864c1c254ccfcedcce55bcc9a8c (last modified on Thu Mar 19 15:01:06 2026).
Using the latest cached version of the dataset since glue couldn't be found on the Hugging Face Hub (offline mode is enabled).
Found the latest cached dataset configuration 'sst2' at /home/zhujjing/hf_cache/datasets/glue/sst2/0.0.0/bcdcba79d07bc864c1c254ccfcedcce55bcc9a8c (last modified on Thu Mar 19 15:01:41 2026).
Using the latest cached version of the dataset since glue couldn't be found on the Hugging Face Hub (offline mode is enabled).
Found the latest cached dataset configuration 'cola' at /home/zhujjing/hf_cache/datasets/glue/cola/0.0.0/bcdcba79d07bc864c1c254ccfcedcce55bcc9a8c (last modified on Thu Mar 19 15:02:09 2026).
Some weights of RobertaModel were not initialized from the model checkpoint at roberta-base and are newly initialized: ['roberta.pooler.dense.bias', 'roberta.pooler.dense.weight']
You should probably TRAIN this model on a down-stream task to be able to use it for predictions and inference.
[step 0001/200] method=baseline_avg loss=0.6541 train_acc=nan train_loss=nan val_acc=nan val_loss=nan best=-1.0000
[step 0010/200] method=baseline_avg loss=0.6535 train_acc=nan train_loss=nan val_acc=nan val_loss=nan best=-1.0000
[step 0020/200] method=baseline_avg loss=0.6666 train_acc=nan train_loss=nan val_acc=nan val_loss=nan best=-1.0000
[step 0030/200] method=baseline_avg loss=0.6393 train_acc=nan train_loss=nan val_acc=nan val_loss=nan best=-1.0000
[step 0040/200] method=baseline_avg loss=0.5856 train_acc=nan train_loss=nan val_acc=nan val_loss=nan best=-1.0000
[step 0050/200] method=baseline_avg loss=0.6054 train_acc=nan train_loss=nan val_acc=nan val_loss=nan best=-1.0000
[step 0060/200] method=baseline_avg loss=0.5269 train_acc=nan train_loss=nan val_acc=nan val_loss=nan best=-1.0000
[step 0070/200] method=baseline_avg loss=0.5202 train_acc=nan train_loss=nan val_acc=nan val_loss=nan best=-1.0000
[step 0080/200] method=baseline_avg loss=0.4535 train_acc=nan train_loss=nan val_acc=nan val_loss=nan best=-1.0000
[step 0090/200] method=baseline_avg loss=0.5319 train_acc=nan train_loss=nan val_acc=nan val_loss=nan best=-1.0000
[step 0100/200] method=baseline_avg loss=0.5052 train_acc=0.7453 train_loss=0.4917 val_acc=0.7242 val_loss=0.5005 router_H=0.6486 best=0.7242
           router_load=[0.07093516737222672, 0.2446938455104828, 0.6358034014701843, 0.048567287623882294]
[step 0110/200] method=baseline_avg loss=0.5050 train_acc=0.7453 train_loss=0.4917 val_acc=0.7242 val_loss=0.5005 router_H=0.6486 best=0.7242
           router_load=[0.07093516737222672, 0.2446938455104828, 0.6358034014701843, 0.048567287623882294]
[step 0120/200] method=baseline_avg loss=0.5110 train_acc=0.7453 train_loss=0.4917 val_acc=0.7242 val_loss=0.5005 router_H=0.6486 best=0.7242
           router_load=[0.07093516737222672, 0.2446938455104828, 0.6358034014701843, 0.048567287623882294]
[step 0130/200] method=baseline_avg loss=0.4806 train_acc=0.7453 train_loss=0.4917 val_acc=0.7242 val_loss=0.5005 router_H=0.6486 best=0.7242
           router_load=[0.07093516737222672, 0.2446938455104828, 0.6358034014701843, 0.048567287623882294]
[step 0140/200] method=baseline_avg loss=0.4024 train_acc=0.7453 train_loss=0.4917 val_acc=0.7242 val_loss=0.5005 router_H=0.6486 best=0.7242
           router_load=[0.07093516737222672, 0.2446938455104828, 0.6358034014701843, 0.048567287623882294]
[step 0150/200] method=baseline_avg loss=0.4940 train_acc=0.7453 train_loss=0.4917 val_acc=0.7242 val_loss=0.5005 router_H=0.6486 best=0.7242
           router_load=[0.07093516737222672, 0.2446938455104828, 0.6358034014701843, 0.048567287623882294]
[step 0160/200] method=baseline_avg loss=0.5439 train_acc=0.7453 train_loss=0.4917 val_acc=0.7242 val_loss=0.5005 router_H=0.6486 best=0.7242
           router_load=[0.07093516737222672, 0.2446938455104828, 0.6358034014701843, 0.048567287623882294]
[step 0170/200] method=baseline_avg loss=0.4574 train_acc=0.7453 train_loss=0.4917 val_acc=0.7242 val_loss=0.5005 router_H=0.6486 best=0.7242
           router_load=[0.07093516737222672, 0.2446938455104828, 0.6358034014701843, 0.048567287623882294]
[step 0180/200] method=baseline_avg loss=0.4039 train_acc=0.7453 train_loss=0.4917 val_acc=0.7242 val_loss=0.5005 router_H=0.6486 best=0.7242
           router_load=[0.07093516737222672, 0.2446938455104828, 0.6358034014701843, 0.048567287623882294]
[step 0190/200] method=baseline_avg loss=0.4623 train_acc=0.7453 train_loss=0.4917 val_acc=0.7242 val_loss=0.5005 router_H=0.6486 best=0.7242
           router_load=[0.07093516737222672, 0.2446938455104828, 0.6358034014701843, 0.048567287623882294]
[step 0200/200] method=baseline_avg loss=0.4788 train_acc=0.7451 train_loss=0.4852 val_acc=0.6961 val_loss=0.5770 router_H=0.6546 best=0.7242
           router_load=[0.02416101098060608, 0.3163589835166931, 0.6200944185256958, 0.03938565030694008]
saved summary -> /home/zhujjing/MOE-grad-conflict-routing/runs/paper_suite/single_gpu/multi_task/glue4_roberta_lora_e4_k2/hpo/baseline/trial_runs/coord_03_train_grad_clip_000/baseline_s3.json
saved curve -> /home/zhujjing/MOE-grad-conflict-routing/runs/paper_suite/single_gpu/multi_task/glue4_roberta_lora_e4_k2/hpo/baseline/trial_runs/coord_03_train_grad_clip_000/baseline_s3_curve.csv
