[run] method=ours candidate=coord_03_train_grad_clip_007 seed=2 steps=200 gpu=0
[run] cmd=
/root/miniconda3/envs/optimization/bin/python /root/Optimization/MOE-grad-conflict-routing/scripts/run.py --config configs/singletask_rte_real.yaml --set model.backbone_backend=hf --set model.hf_load_pretrained=true --set model.backbone=roberta --set model.hf_pretrained_name=roberta-base --set model.expert_type=ffn --set model.routing_mode=topk --set model.num_experts=4 --set model.top_k=2 --set train.lr=2.5551784142791192e-05 --set seed=2 --set method.name=ours --set train.steps=200 --set train.eval_every_steps=50 --set method.ours.use_load_norm=true --set method.ours.lambda_align=0.001 --set train.grad_clip=0.6972133521 --set train.lr=1.980533107e-05 --set train.weight_decay=0.01262791402 --out /root/Optimization/MOE-grad-conflict-routing/runs/paper_suite_supplement/single_task_add_rerun/rerun/roberta_rte_ffn_e4_k2_ours_lr_centered/hpo/ours/trial_runs/coord_03_train_grad_clip_007/ours_s2.json --curve_out /root/Optimization/MOE-grad-conflict-routing/runs/paper_suite_supplement/single_task_add_rerun/rerun/roberta_rte_ffn_e4_k2_ours_lr_centered/hpo/ours/trial_runs/coord_03_train_grad_clip_007/ours_s2_curve.csv
Using the latest cached version of the dataset since glue couldn't be found on the Hugging Face Hub (offline mode is enabled).
Found the latest cached dataset configuration 'rte' at /root/.cache/huggingface/datasets/glue/rte/0.0.0/bcdcba79d07bc864c1c254ccfcedcce55bcc9a8c (last modified on Sun Mar 22 21:39:13 2026).
Loading weights:   0%|          | 0/197 [00:00<?, ?it/s]Loading weights: 100%|██████████| 197/197 [00:00<00:00, 5668.17it/s]
[1mRobertaModel LOAD REPORT[0m from: roberta-base
Key                             | Status     | 
--------------------------------+------------+-
lm_head.bias                    | UNEXPECTED | 
lm_head.dense.weight            | UNEXPECTED | 
lm_head.dense.bias              | UNEXPECTED | 
lm_head.layer_norm.weight       | UNEXPECTED | 
roberta.embeddings.position_ids | UNEXPECTED | 
lm_head.layer_norm.bias         | UNEXPECTED | 
pooler.dense.bias               | MISSING    | 
pooler.dense.weight             | MISSING    | 

[3mNotes:
- UNEXPECTED[3m	:can be ignored when loading from different task/architecture; not ok if you expect identical arch.
- MISSING[3m	:those params were newly initialized because missing from the checkpoint. Consider training on your downstream task.[0m
[step 0001/200] method=ours loss=0.6923 train_acc=nan train_loss=nan val_acc=nan val_loss=nan best=-1.0000
[step 0010/200] method=ours loss=0.7330 train_acc=nan train_loss=nan val_acc=nan val_loss=nan best=-1.0000
[step 0020/200] method=ours loss=0.6813 train_acc=nan train_loss=nan val_acc=nan val_loss=nan best=-1.0000
[step 0030/200] method=ours loss=0.6947 train_acc=nan train_loss=nan val_acc=nan val_loss=nan best=-1.0000
[step 0040/200] method=ours loss=0.6960 train_acc=nan train_loss=nan val_acc=nan val_loss=nan best=-1.0000
[step 0050/200] method=ours loss=0.5654 train_acc=0.5100 train_loss=0.6821 val_acc=0.5307 val_loss=0.6741 router_H=0.6662 best=0.5307
           router_load=[0.338867723941803, 0.0, 0.6089019179344177, 0.052230481058359146]
[step 0060/200] method=ours loss=0.6664 train_acc=0.5100 train_loss=0.6821 val_acc=0.5307 val_loss=0.6741 router_H=0.6662 best=0.5307
           router_load=[0.338867723941803, 0.0, 0.6089019179344177, 0.052230481058359146]
[step 0070/200] method=ours loss=0.6804 train_acc=0.5100 train_loss=0.6821 val_acc=0.5307 val_loss=0.6741 router_H=0.6662 best=0.5307
           router_load=[0.338867723941803, 0.0, 0.6089019179344177, 0.052230481058359146]
[step 0080/200] method=ours loss=0.6201 train_acc=0.5100 train_loss=0.6821 val_acc=0.5307 val_loss=0.6741 router_H=0.6662 best=0.5307
           router_load=[0.338867723941803, 0.0, 0.6089019179344177, 0.052230481058359146]
[step 0090/200] method=ours loss=0.8545 train_acc=0.5100 train_loss=0.6821 val_acc=0.5307 val_loss=0.6741 router_H=0.6662 best=0.5307
           router_load=[0.338867723941803, 0.0, 0.6089019179344177, 0.052230481058359146]
[step 0100/200] method=ours loss=0.6858 train_acc=0.6651 train_loss=0.6425 val_acc=0.5957 val_loss=0.6693 router_H=0.6498 best=0.5957
           router_load=[0.08647260069847107, 0.015298595651984215, 0.32994404435157776, 0.568284809589386]
[step 0110/200] method=ours loss=0.5928 train_acc=0.6651 train_loss=0.6425 val_acc=0.5957 val_loss=0.6693 router_H=0.6498 best=0.5957
           router_load=[0.08647260069847107, 0.015298595651984215, 0.32994404435157776, 0.568284809589386]
[step 0120/200] method=ours loss=0.4567 train_acc=0.6651 train_loss=0.6425 val_acc=0.5957 val_loss=0.6693 router_H=0.6498 best=0.5957
           router_load=[0.08647260069847107, 0.015298595651984215, 0.32994404435157776, 0.568284809589386]
[step 0130/200] method=ours loss=0.6423 train_acc=0.6651 train_loss=0.6425 val_acc=0.5957 val_loss=0.6693 router_H=0.6498 best=0.5957
           router_load=[0.08647260069847107, 0.015298595651984215, 0.32994404435157776, 0.568284809589386]
[step 0140/200] method=ours loss=0.6585 train_acc=0.6651 train_loss=0.6425 val_acc=0.5957 val_loss=0.6693 router_H=0.6498 best=0.5957
           router_load=[0.08647260069847107, 0.015298595651984215, 0.32994404435157776, 0.568284809589386]
[step 0150/200] method=ours loss=0.6230 train_acc=0.7357 train_loss=0.6178 val_acc=0.6715 val_loss=0.6416 router_H=0.6341 best=0.6715
           router_load=[0.29956525564193726, 0.0, 0.5774593353271484, 0.1229754164814949]
[step 0160/200] method=ours loss=0.6759 train_acc=0.7357 train_loss=0.6178 val_acc=0.6715 val_loss=0.6416 router_H=0.6341 best=0.6715
           router_load=[0.29956525564193726, 0.0, 0.5774593353271484, 0.1229754164814949]
[step 0170/200] method=ours loss=0.6026 train_acc=0.7357 train_loss=0.6178 val_acc=0.6715 val_loss=0.6416 router_H=0.6341 best=0.6715
           router_load=[0.29956525564193726, 0.0, 0.5774593353271484, 0.1229754164814949]
[step 0180/200] method=ours loss=0.4221 train_acc=0.7357 train_loss=0.6178 val_acc=0.6715 val_loss=0.6416 router_H=0.6341 best=0.6715
           router_load=[0.29956525564193726, 0.0, 0.5774593353271484, 0.1229754164814949]
[step 0190/200] method=ours loss=0.4204 train_acc=0.7357 train_loss=0.6178 val_acc=0.6715 val_loss=0.6416 router_H=0.6341 best=0.6715
           router_load=[0.29956525564193726, 0.0, 0.5774593353271484, 0.1229754164814949]
[step 0200/200] method=ours loss=0.7582 train_acc=0.7867 train_loss=0.4882 val_acc=0.6931 val_loss=0.6015 router_H=0.5744 best=0.6931
           router_load=[0.2939774692058563, 0.0, 0.598385214805603, 0.10763721168041229]
saved summary -> /root/Optimization/MOE-grad-conflict-routing/runs/paper_suite_supplement/single_task_add_rerun/rerun/roberta_rte_ffn_e4_k2_ours_lr_centered/hpo/ours/trial_runs/coord_03_train_grad_clip_007/ours_s2.json
saved curve -> /root/Optimization/MOE-grad-conflict-routing/runs/paper_suite_supplement/single_task_add_rerun/rerun/roberta_rte_ffn_e4_k2_ours_lr_centered/hpo/ours/trial_runs/coord_03_train_grad_clip_007/ours_s2_curve.csv
