[run] method=ours candidate=coord_03_train_grad_clip_008 seed=3 steps=200 gpu=0
[run] cmd=
/root/miniconda3/envs/optimization/bin/python /root/Optimization/MOE-grad-conflict-routing/scripts/run.py --config configs/singletask_rte_real.yaml --set model.backbone_backend=hf --set model.hf_load_pretrained=true --set model.backbone=roberta --set model.hf_pretrained_name=roberta-base --set model.expert_type=ffn --set model.routing_mode=topk --set model.num_experts=4 --set model.top_k=2 --set train.lr=2.5551784142791192e-05 --set seed=3 --set method.name=ours --set train.steps=200 --set train.eval_every_steps=50 --set method.ours.use_load_norm=true --set method.ours.lambda_align=0.001 --set train.grad_clip=1.979075829 --set train.lr=1.980533107e-05 --set train.weight_decay=0.01262791402 --out /root/Optimization/MOE-grad-conflict-routing/runs/paper_suite_supplement/single_task_add_rerun/rerun/roberta_rte_ffn_e4_k2_ours_lr_centered/hpo/ours/trial_runs/coord_03_train_grad_clip_008/ours_s3.json --curve_out /root/Optimization/MOE-grad-conflict-routing/runs/paper_suite_supplement/single_task_add_rerun/rerun/roberta_rte_ffn_e4_k2_ours_lr_centered/hpo/ours/trial_runs/coord_03_train_grad_clip_008/ours_s3_curve.csv
Using the latest cached version of the dataset since glue couldn't be found on the Hugging Face Hub (offline mode is enabled).
Found the latest cached dataset configuration 'rte' at /root/.cache/huggingface/datasets/glue/rte/0.0.0/bcdcba79d07bc864c1c254ccfcedcce55bcc9a8c (last modified on Sun Mar 22 21:39:13 2026).
Loading weights:   0%|          | 0/197 [00:00<?, ?it/s]Loading weights: 100%|██████████| 197/197 [00:00<00:00, 3826.65it/s]
[1mRobertaModel LOAD REPORT[0m from: roberta-base
Key                             | Status     | 
--------------------------------+------------+-
lm_head.bias                    | UNEXPECTED | 
roberta.embeddings.position_ids | UNEXPECTED | 
lm_head.layer_norm.weight       | UNEXPECTED | 
lm_head.layer_norm.bias         | UNEXPECTED | 
lm_head.dense.weight            | UNEXPECTED | 
lm_head.dense.bias              | UNEXPECTED | 
pooler.dense.bias               | MISSING    | 
pooler.dense.weight             | MISSING    | 

[3mNotes:
- UNEXPECTED[3m	:can be ignored when loading from different task/architecture; not ok if you expect identical arch.
- MISSING[3m	:those params were newly initialized because missing from the checkpoint. Consider training on your downstream task.[0m
[step 0001/200] method=ours loss=0.6936 train_acc=nan train_loss=nan val_acc=nan val_loss=nan best=-1.0000
[step 0010/200] method=ours loss=0.6948 train_acc=nan train_loss=nan val_acc=nan val_loss=nan best=-1.0000
[step 0020/200] method=ours loss=0.7089 train_acc=nan train_loss=nan val_acc=nan val_loss=nan best=-1.0000
[step 0030/200] method=ours loss=0.6856 train_acc=nan train_loss=nan val_acc=nan val_loss=nan best=-1.0000
[step 0040/200] method=ours loss=0.6353 train_acc=nan train_loss=nan val_acc=nan val_loss=nan best=-1.0000
[step 0050/200] method=ours loss=0.6651 train_acc=0.5100 train_loss=0.6905 val_acc=0.4874 val_loss=0.6958 router_H=0.6927 best=0.4874
           router_load=[0.0, 0.19978922605514526, 0.4942132830619812, 0.3059975802898407]
[step 0060/200] method=ours loss=0.6929 train_acc=0.5100 train_loss=0.6905 val_acc=0.4874 val_loss=0.6958 router_H=0.6927 best=0.4874
           router_load=[0.0, 0.19978922605514526, 0.4942132830619812, 0.3059975802898407]
[step 0070/200] method=ours loss=0.6902 train_acc=0.5100 train_loss=0.6905 val_acc=0.4874 val_loss=0.6958 router_H=0.6927 best=0.4874
           router_load=[0.0, 0.19978922605514526, 0.4942132830619812, 0.3059975802898407]
[step 0080/200] method=ours loss=0.6345 train_acc=0.5100 train_loss=0.6905 val_acc=0.4874 val_loss=0.6958 router_H=0.6927 best=0.4874
           router_load=[0.0, 0.19978922605514526, 0.4942132830619812, 0.3059975802898407]
[step 0090/200] method=ours loss=0.5864 train_acc=0.5100 train_loss=0.6905 val_acc=0.4874 val_loss=0.6958 router_H=0.6927 best=0.4874
           router_load=[0.0, 0.19978922605514526, 0.4942132830619812, 0.3059975802898407]
[step 0100/200] method=ours loss=0.7052 train_acc=0.6671 train_loss=0.6166 val_acc=0.6426 val_loss=0.6360 router_H=0.6617 best=0.6426
           router_load=[0.0, 0.0789605975151062, 0.39690065383911133, 0.5241387486457825]
[step 0110/200] method=ours loss=0.6708 train_acc=0.6671 train_loss=0.6166 val_acc=0.6426 val_loss=0.6360 router_H=0.6617 best=0.6426
           router_load=[0.0, 0.0789605975151062, 0.39690065383911133, 0.5241387486457825]
[step 0120/200] method=ours loss=0.6460 train_acc=0.6671 train_loss=0.6166 val_acc=0.6426 val_loss=0.6360 router_H=0.6617 best=0.6426
           router_load=[0.0, 0.0789605975151062, 0.39690065383911133, 0.5241387486457825]
[step 0130/200] method=ours loss=0.6800 train_acc=0.6671 train_loss=0.6166 val_acc=0.6426 val_loss=0.6360 router_H=0.6617 best=0.6426
           router_load=[0.0, 0.0789605975151062, 0.39690065383911133, 0.5241387486457825]
[step 0140/200] method=ours loss=0.5952 train_acc=0.6671 train_loss=0.6166 val_acc=0.6426 val_loss=0.6360 router_H=0.6617 best=0.6426
           router_load=[0.0, 0.0789605975151062, 0.39690065383911133, 0.5241387486457825]
[step 0150/200] method=ours loss=0.6736 train_acc=0.7177 train_loss=0.5800 val_acc=0.6462 val_loss=0.6386 router_H=0.6718 best=0.6462
           router_load=[0.004322345368564129, 0.2725878953933716, 0.31459227204322815, 0.40849757194519043]
[step 0160/200] method=ours loss=0.5938 train_acc=0.7177 train_loss=0.5800 val_acc=0.6462 val_loss=0.6386 router_H=0.6718 best=0.6462
           router_load=[0.004322345368564129, 0.2725878953933716, 0.31459227204322815, 0.40849757194519043]
[step 0170/200] method=ours loss=0.5598 train_acc=0.7177 train_loss=0.5800 val_acc=0.6462 val_loss=0.6386 router_H=0.6718 best=0.6462
           router_load=[0.004322345368564129, 0.2725878953933716, 0.31459227204322815, 0.40849757194519043]
[step 0180/200] method=ours loss=1.1057 train_acc=0.7177 train_loss=0.5800 val_acc=0.6462 val_loss=0.6386 router_H=0.6718 best=0.6462
           router_load=[0.004322345368564129, 0.2725878953933716, 0.31459227204322815, 0.40849757194519043]
[step 0190/200] method=ours loss=0.6211 train_acc=0.7177 train_loss=0.5800 val_acc=0.6462 val_loss=0.6386 router_H=0.6718 best=0.6462
           router_load=[0.004322345368564129, 0.2725878953933716, 0.31459227204322815, 0.40849757194519043]
[step 0200/200] method=ours loss=0.3854 train_acc=0.7715 train_loss=0.4912 val_acc=0.6751 val_loss=0.6176 router_H=0.6399 best=0.6751
           router_load=[0.0035208798944950104, 0.39999154210090637, 0.2922292649745941, 0.3042583167552948]
saved summary -> /root/Optimization/MOE-grad-conflict-routing/runs/paper_suite_supplement/single_task_add_rerun/rerun/roberta_rte_ffn_e4_k2_ours_lr_centered/hpo/ours/trial_runs/coord_03_train_grad_clip_008/ours_s3.json
saved curve -> /root/Optimization/MOE-grad-conflict-routing/runs/paper_suite_supplement/single_task_add_rerun/rerun/roberta_rte_ffn_e4_k2_ours_lr_centered/hpo/ours/trial_runs/coord_03_train_grad_clip_008/ours_s3_curve.csv
