[run] method=baseline candidate=coord_01_train_lr_001 seed=2 steps=200 gpu=0
[run] cmd=
/root/miniconda3/envs/optimization/bin/python /root/Optimization/MOE-grad-conflict-routing/scripts/run.py --config configs/multitask_glue4_real.yaml --set model.backbone_backend=hf --set model.hf_load_pretrained=true --set model.hf_local_files_only=true --set model.backbone=roberta --set model.hf_pretrained_name=roberta-base --set model.routing_mode=topk --set model.expert_type=lora --set model.num_experts=6 --set model.top_k=3 --set train.eval_train_fraction=0.10 --set train.eval_train_max_batches=-1 --set train.eval_max_batches=-1 --set seed=2 --set method.name=baseline_avg --set train.steps=200 --set train.eval_every_steps=100 --set train.grad_clip=1 --set train.lr=0.0001112973657 --set train.weight_decay=0 --out /root/Optimization/MOE-grad-conflict-routing/runs/paper_suite_supplement/appendix/more_expert/glue4_roberta_lora_e6_k3/hpo/baseline/trial_runs/coord_01_train_lr_001/baseline_s2.json --curve_out /root/Optimization/MOE-grad-conflict-routing/runs/paper_suite_supplement/appendix/more_expert/glue4_roberta_lora_e6_k3/hpo/baseline/trial_runs/coord_01_train_lr_001/baseline_s2_curve.csv
Using the latest cached version of the dataset since glue couldn't be found on the Hugging Face Hub (offline mode is enabled).
Found the latest cached dataset configuration 'rte' at /root/.cache/huggingface/datasets/glue/rte/0.0.0/bcdcba79d07bc864c1c254ccfcedcce55bcc9a8c (last modified on Thu Mar 26 19:09:12 2026).
Using the latest cached version of the dataset since glue couldn't be found on the Hugging Face Hub (offline mode is enabled).
Found the latest cached dataset configuration 'mrpc' at /root/.cache/huggingface/datasets/glue/mrpc/0.0.0/bcdcba79d07bc864c1c254ccfcedcce55bcc9a8c (last modified on Thu Mar 26 20:11:06 2026).
Using the latest cached version of the dataset since glue couldn't be found on the Hugging Face Hub (offline mode is enabled).
Found the latest cached dataset configuration 'sst2' at /root/.cache/huggingface/datasets/glue/sst2/0.0.0/bcdcba79d07bc864c1c254ccfcedcce55bcc9a8c (last modified on Fri Mar 27 01:56:24 2026).
Using the latest cached version of the dataset since glue couldn't be found on the Hugging Face Hub (offline mode is enabled).
Found the latest cached dataset configuration 'cola' at /root/.cache/huggingface/datasets/glue/cola/0.0.0/bcdcba79d07bc864c1c254ccfcedcce55bcc9a8c (last modified on Thu Mar 26 23:46:11 2026).
Loading weights:   0%|          | 0/197 [00:00<?, ?it/s]Loading weights: 100%|██████████| 197/197 [00:00<00:00, 7412.23it/s]
[1mRobertaModel LOAD REPORT[0m from: roberta-base
Key                             | Status     | 
--------------------------------+------------+-
lm_head.layer_norm.bias         | UNEXPECTED | 
roberta.embeddings.position_ids | UNEXPECTED | 
lm_head.bias                    | UNEXPECTED | 
lm_head.dense.weight            | UNEXPECTED | 
lm_head.layer_norm.weight       | UNEXPECTED | 
lm_head.dense.bias              | UNEXPECTED | 
pooler.dense.bias               | MISSING    | 
pooler.dense.weight             | MISSING    | 

[3mNotes:
- UNEXPECTED[3m	:can be ignored when loading from different task/architecture; not ok if you expect identical arch.
- MISSING[3m	:those params were newly initialized because missing from the checkpoint. Consider training on your downstream task.[0m
[step 0001/200] method=baseline_avg loss=0.6855 train_acc=nan train_loss=nan val_acc=nan val_loss=nan best=-1.0000
[step 0010/200] method=baseline_avg loss=0.7009 train_acc=nan train_loss=nan val_acc=nan val_loss=nan best=-1.0000
[step 0020/200] method=baseline_avg loss=0.6091 train_acc=nan train_loss=nan val_acc=nan val_loss=nan best=-1.0000
[step 0030/200] method=baseline_avg loss=0.6963 train_acc=nan train_loss=nan val_acc=nan val_loss=nan best=-1.0000
[step 0040/200] method=baseline_avg loss=0.6038 train_acc=nan train_loss=nan val_acc=nan val_loss=nan best=-1.0000
[step 0050/200] method=baseline_avg loss=0.6393 train_acc=nan train_loss=nan val_acc=nan val_loss=nan best=-1.0000
[step 0060/200] method=baseline_avg loss=0.5506 train_acc=nan train_loss=nan val_acc=nan val_loss=nan best=-1.0000
[step 0070/200] method=baseline_avg loss=0.6299 train_acc=nan train_loss=nan val_acc=nan val_loss=nan best=-1.0000
[step 0080/200] method=baseline_avg loss=0.5878 train_acc=nan train_loss=nan val_acc=nan val_loss=nan best=-1.0000
[step 0090/200] method=baseline_avg loss=0.5660 train_acc=nan train_loss=nan val_acc=nan val_loss=nan best=-1.0000
[step 0100/200] method=baseline_avg loss=0.5672 train_acc=0.7254 train_loss=0.5294 val_acc=0.7118 val_loss=0.5768 router_H=1.0842 best=0.7118
           router_load=[0.22094205021858215, 0.3762335777282715, 0.00655619241297245, 0.0, 0.07477689534425735, 0.3214911222457886]
[step 0110/200] method=baseline_avg loss=0.5451 train_acc=0.7254 train_loss=0.5294 val_acc=0.7118 val_loss=0.5768 router_H=1.0842 best=0.7118
           router_load=[0.22094205021858215, 0.3762335777282715, 0.00655619241297245, 0.0, 0.07477689534425735, 0.3214911222457886]
[step 0120/200] method=baseline_avg loss=0.5926 train_acc=0.7254 train_loss=0.5294 val_acc=0.7118 val_loss=0.5768 router_H=1.0842 best=0.7118
           router_load=[0.22094205021858215, 0.3762335777282715, 0.00655619241297245, 0.0, 0.07477689534425735, 0.3214911222457886]
[step 0130/200] method=baseline_avg loss=0.4730 train_acc=0.7254 train_loss=0.5294 val_acc=0.7118 val_loss=0.5768 router_H=1.0842 best=0.7118
           router_load=[0.22094205021858215, 0.3762335777282715, 0.00655619241297245, 0.0, 0.07477689534425735, 0.3214911222457886]
[step 0140/200] method=baseline_avg loss=0.5664 train_acc=0.7254 train_loss=0.5294 val_acc=0.7118 val_loss=0.5768 router_H=1.0842 best=0.7118
           router_load=[0.22094205021858215, 0.3762335777282715, 0.00655619241297245, 0.0, 0.07477689534425735, 0.3214911222457886]
[step 0150/200] method=baseline_avg loss=0.5506 train_acc=0.7254 train_loss=0.5294 val_acc=0.7118 val_loss=0.5768 router_H=1.0842 best=0.7118
           router_load=[0.22094205021858215, 0.3762335777282715, 0.00655619241297245, 0.0, 0.07477689534425735, 0.3214911222457886]
[step 0160/200] method=baseline_avg loss=0.5054 train_acc=0.7254 train_loss=0.5294 val_acc=0.7118 val_loss=0.5768 router_H=1.0842 best=0.7118
           router_load=[0.22094205021858215, 0.3762335777282715, 0.00655619241297245, 0.0, 0.07477689534425735, 0.3214911222457886]
[step 0170/200] method=baseline_avg loss=0.4828 train_acc=0.7254 train_loss=0.5294 val_acc=0.7118 val_loss=0.5768 router_H=1.0842 best=0.7118
           router_load=[0.22094205021858215, 0.3762335777282715, 0.00655619241297245, 0.0, 0.07477689534425735, 0.3214911222457886]
[step 0180/200] method=baseline_avg loss=0.4454 train_acc=0.7254 train_loss=0.5294 val_acc=0.7118 val_loss=0.5768 router_H=1.0842 best=0.7118
           router_load=[0.22094205021858215, 0.3762335777282715, 0.00655619241297245, 0.0, 0.07477689534425735, 0.3214911222457886]
[step 0190/200] method=baseline_avg loss=0.6177 train_acc=0.7254 train_loss=0.5294 val_acc=0.7118 val_loss=0.5768 router_H=1.0842 best=0.7118
           router_load=[0.22094205021858215, 0.3762335777282715, 0.00655619241297245, 0.0, 0.07477689534425735, 0.3214911222457886]
[step 0200/200] method=baseline_avg loss=0.4553 train_acc=0.7830 train_loss=0.4435 val_acc=0.7483 val_loss=0.4672 router_H=1.0890 best=0.7483
           router_load=[0.2234303206205368, 0.3871316909790039, 0.002991806250065565, 0.0, 0.16539433598518372, 0.22105175256729126]
saved summary -> /root/Optimization/MOE-grad-conflict-routing/runs/paper_suite_supplement/appendix/more_expert/glue4_roberta_lora_e6_k3/hpo/baseline/trial_runs/coord_01_train_lr_001/baseline_s2.json
saved curve -> /root/Optimization/MOE-grad-conflict-routing/runs/paper_suite_supplement/appendix/more_expert/glue4_roberta_lora_e6_k3/hpo/baseline/trial_runs/coord_01_train_lr_001/baseline_s2_curve.csv
