[run] method=ours candidate=local_var_topk_025 seed=3 steps=200 gpu=0
[run] cmd=
/root/miniconda3/envs/optimization/bin/python /root/Optimization/MOE-grad-conflict-routing-appendix2/scripts/run.py --config configs/multitask_textcls_local_sst2_yelp_amazon_real.yaml --set model.backbone_backend=hf --set model.hf_load_pretrained=true --set model.hf_local_files_only=1 --set model.backbone=roberta --set model.hf_pretrained_name=roberta-base --set model.expert_type=lora --set model.routing_mode=topk --set model.num_experts=4 --set model.top_k=2 --set data.train_size=20000 --set data.val_size=4000 --set train.eval_val_fraction=0.2 --set train.skip_train_eval=true --set seed=3 --set method.name=ours --set train.steps=200 --set train.eval_every_steps=100 --set method.ours.use_load_norm=true --set method.ours.lambda_align=2.779214658e-05 --set train.grad_clip=1 --set train.lr=5.1103568e-05 --set train.weight_decay=0.0453185872 --out /root/Optimization/MOE-grad-conflict-routing-appendix2/runs/paper_suite_supplement/appendix/multi_dataset_real/roberta_lora_e4_k2/_method_workers/ours/hpo/ours/trial_runs/local_var_topk_025/ours_s3.json --curve_out /root/Optimization/MOE-grad-conflict-routing-appendix2/runs/paper_suite_supplement/appendix/multi_dataset_real/roberta_lora_e4_k2/_method_workers/ours/hpo/ours/trial_runs/local_var_topk_025/ours_s3_curve.csv
Loading weights:   0%|          | 0/197 [00:00<?, ?it/s]Loading weights: 100%|██████████| 197/197 [00:00<00:00, 3383.69it/s]
[1mRobertaModel LOAD REPORT[0m from: roberta-base
Key                             | Status     | 
--------------------------------+------------+-
lm_head.layer_norm.bias         | UNEXPECTED | 
lm_head.dense.bias              | UNEXPECTED | 
lm_head.bias                    | UNEXPECTED | 
roberta.embeddings.position_ids | UNEXPECTED | 
lm_head.layer_norm.weight       | UNEXPECTED | 
lm_head.dense.weight            | UNEXPECTED | 
pooler.dense.bias               | MISSING    | 
pooler.dense.weight             | MISSING    | 

[3mNotes:
- UNEXPECTED[3m	:can be ignored when loading from different task/architecture; not ok if you expect identical arch.
- MISSING[3m	:those params were newly initialized because missing from the checkpoint. Consider training on your downstream task.[0m
[step 0001/200] method=ours loss=0.7064 train_acc=nan train_loss=nan val_acc=nan val_loss=nan best=-1.0000
[step 0010/200] method=ours loss=0.5346 train_acc=nan train_loss=nan val_acc=nan val_loss=nan best=-1.0000
[step 0020/200] method=ours loss=0.5808 train_acc=nan train_loss=nan val_acc=nan val_loss=nan best=-1.0000
[step 0030/200] method=ours loss=0.4103 train_acc=nan train_loss=nan val_acc=nan val_loss=nan best=-1.0000
[step 0040/200] method=ours loss=0.0679 train_acc=nan train_loss=nan val_acc=nan val_loss=nan best=-1.0000
[step 0050/200] method=ours loss=0.3311 train_acc=nan train_loss=nan val_acc=nan val_loss=nan best=-1.0000
[step 0060/200] method=ours loss=0.1881 train_acc=nan train_loss=nan val_acc=nan val_loss=nan best=-1.0000
[step 0070/200] method=ours loss=0.3219 train_acc=nan train_loss=nan val_acc=nan val_loss=nan best=-1.0000
[step 0080/200] method=ours loss=0.1789 train_acc=nan train_loss=nan val_acc=nan val_loss=nan best=-1.0000
[step 0090/200] method=ours loss=0.4824 train_acc=nan train_loss=nan val_acc=nan val_loss=nan best=-1.0000
[step 0100/200] method=ours loss=0.1594 train_acc=nan train_loss=nan val_acc=0.9218 val_loss=0.2068 router_H=0.6883 best=0.9218
           router_load=[0.004681123420596123, 0.2735174894332886, 0.35396215319633484, 0.36783933639526367]
[step 0110/200] method=ours loss=0.2578 train_acc=nan train_loss=nan val_acc=0.9218 val_loss=0.2068 router_H=0.6883 best=0.9218
           router_load=[0.004681123420596123, 0.2735174894332886, 0.35396215319633484, 0.36783933639526367]
[step 0120/200] method=ours loss=0.1345 train_acc=nan train_loss=nan val_acc=0.9218 val_loss=0.2068 router_H=0.6883 best=0.9218
           router_load=[0.004681123420596123, 0.2735174894332886, 0.35396215319633484, 0.36783933639526367]
[step 0130/200] method=ours loss=0.2050 train_acc=nan train_loss=nan val_acc=0.9218 val_loss=0.2068 router_H=0.6883 best=0.9218
           router_load=[0.004681123420596123, 0.2735174894332886, 0.35396215319633484, 0.36783933639526367]
[step 0140/200] method=ours loss=0.2136 train_acc=nan train_loss=nan val_acc=0.9218 val_loss=0.2068 router_H=0.6883 best=0.9218
           router_load=[0.004681123420596123, 0.2735174894332886, 0.35396215319633484, 0.36783933639526367]
[step 0150/200] method=ours loss=0.6617 train_acc=nan train_loss=nan val_acc=0.9218 val_loss=0.2068 router_H=0.6883 best=0.9218
           router_load=[0.004681123420596123, 0.2735174894332886, 0.35396215319633484, 0.36783933639526367]
[step 0160/200] method=ours loss=0.4058 train_acc=nan train_loss=nan val_acc=0.9218 val_loss=0.2068 router_H=0.6883 best=0.9218
           router_load=[0.004681123420596123, 0.2735174894332886, 0.35396215319633484, 0.36783933639526367]
[step 0170/200] method=ours loss=0.3872 train_acc=nan train_loss=nan val_acc=0.9218 val_loss=0.2068 router_H=0.6883 best=0.9218
           router_load=[0.004681123420596123, 0.2735174894332886, 0.35396215319633484, 0.36783933639526367]
[step 0180/200] method=ours loss=0.1350 train_acc=nan train_loss=nan val_acc=0.9218 val_loss=0.2068 router_H=0.6883 best=0.9218
           router_load=[0.004681123420596123, 0.2735174894332886, 0.35396215319633484, 0.36783933639526367]
[step 0190/200] method=ours loss=0.1697 train_acc=nan train_loss=nan val_acc=0.9218 val_loss=0.2068 router_H=0.6883 best=0.9218
           router_load=[0.004681123420596123, 0.2735174894332886, 0.35396215319633484, 0.36783933639526367]
[step 0200/200] method=ours loss=0.1731 train_acc=nan train_loss=nan val_acc=0.9079 val_loss=0.2501 router_H=0.6850 best=0.9218
           router_load=[0.08463530242443085, 0.3165382444858551, 0.10890165716409683, 0.48992469906806946]
saved summary -> /root/Optimization/MOE-grad-conflict-routing-appendix2/runs/paper_suite_supplement/appendix/multi_dataset_real/roberta_lora_e4_k2/_method_workers/ours/hpo/ours/trial_runs/local_var_topk_025/ours_s3.json
saved curve -> /root/Optimization/MOE-grad-conflict-routing-appendix2/runs/paper_suite_supplement/appendix/multi_dataset_real/roberta_lora_e4_k2/_method_workers/ours/hpo/ours/trial_runs/local_var_topk_025/ours_s3_curve.csv
