[run] method=ours candidate=local_var_topk_011 seed=2 steps=200 gpu=0
[run] cmd=
/root/miniconda3/envs/optimization/bin/python /root/Optimization/MOE-grad-conflict-routing-appendix2/scripts/run.py --config configs/multitask_textcls_local_sst2_yelp_amazon_real.yaml --set model.backbone_backend=hf --set model.hf_load_pretrained=true --set model.hf_local_files_only=1 --set model.backbone=roberta --set model.hf_pretrained_name=roberta-base --set model.expert_type=lora --set model.routing_mode=topk --set model.num_experts=4 --set model.top_k=2 --set data.train_size=20000 --set data.val_size=4000 --set train.eval_val_fraction=0.2 --set train.skip_train_eval=true --set seed=2 --set method.name=ours --set train.steps=200 --set train.eval_every_steps=100 --set method.ours.use_load_norm=true --set method.ours.lambda_align=2.779214658e-05 --set train.grad_clip=1.3 --set train.lr=2.5551784e-05 --set train.weight_decay=0.0253185872 --out /root/Optimization/MOE-grad-conflict-routing-appendix2/runs/paper_suite_supplement/appendix/multi_dataset_real/roberta_lora_e4_k2/_method_workers/ours/hpo/ours/trial_runs/local_var_topk_011/ours_s2.json --curve_out /root/Optimization/MOE-grad-conflict-routing-appendix2/runs/paper_suite_supplement/appendix/multi_dataset_real/roberta_lora_e4_k2/_method_workers/ours/hpo/ours/trial_runs/local_var_topk_011/ours_s2_curve.csv
Loading weights:   0%|          | 0/197 [00:00<?, ?it/s]Loading weights: 100%|██████████| 197/197 [00:00<00:00, 23359.66it/s]
[1mRobertaModel LOAD REPORT[0m from: roberta-base
Key                             | Status     | 
--------------------------------+------------+-
lm_head.dense.weight            | UNEXPECTED | 
lm_head.layer_norm.bias         | UNEXPECTED | 
roberta.embeddings.position_ids | UNEXPECTED | 
lm_head.bias                    | UNEXPECTED | 
lm_head.layer_norm.weight       | UNEXPECTED | 
lm_head.dense.bias              | UNEXPECTED | 
pooler.dense.bias               | MISSING    | 
pooler.dense.weight             | MISSING    | 

[3mNotes:
- UNEXPECTED[3m	:can be ignored when loading from different task/architecture; not ok if you expect identical arch.
- MISSING[3m	:those params were newly initialized because missing from the checkpoint. Consider training on your downstream task.[0m
[step 0001/200] method=ours loss=0.6992 train_acc=nan train_loss=nan val_acc=nan val_loss=nan best=-1.0000
[step 0010/200] method=ours loss=0.7488 train_acc=nan train_loss=nan val_acc=nan val_loss=nan best=-1.0000
[step 0020/200] method=ours loss=0.6143 train_acc=nan train_loss=nan val_acc=nan val_loss=nan best=-1.0000
[step 0030/200] method=ours loss=0.1592 train_acc=nan train_loss=nan val_acc=nan val_loss=nan best=-1.0000
[step 0040/200] method=ours loss=0.3596 train_acc=nan train_loss=nan val_acc=nan val_loss=nan best=-1.0000
[step 0050/200] method=ours loss=0.4077 train_acc=nan train_loss=nan val_acc=nan val_loss=nan best=-1.0000
[step 0060/200] method=ours loss=0.1898 train_acc=nan train_loss=nan val_acc=nan val_loss=nan best=-1.0000
[step 0070/200] method=ours loss=0.3289 train_acc=nan train_loss=nan val_acc=nan val_loss=nan best=-1.0000
[step 0080/200] method=ours loss=0.3027 train_acc=nan train_loss=nan val_acc=nan val_loss=nan best=-1.0000
[step 0090/200] method=ours loss=0.1063 train_acc=nan train_loss=nan val_acc=nan val_loss=nan best=-1.0000
[step 0100/200] method=ours loss=0.3468 train_acc=nan train_loss=nan val_acc=0.9100 val_loss=0.2335 router_H=0.6805 best=0.9100
           router_load=[0.31497350335121155, 0.22036941349506378, 0.01140541210770607, 0.45325180888175964]
[step 0110/200] method=ours loss=0.4563 train_acc=nan train_loss=nan val_acc=0.9100 val_loss=0.2335 router_H=0.6805 best=0.9100
           router_load=[0.31497350335121155, 0.22036941349506378, 0.01140541210770607, 0.45325180888175964]
[step 0120/200] method=ours loss=0.1429 train_acc=nan train_loss=nan val_acc=0.9100 val_loss=0.2335 router_H=0.6805 best=0.9100
           router_load=[0.31497350335121155, 0.22036941349506378, 0.01140541210770607, 0.45325180888175964]
[step 0130/200] method=ours loss=0.2131 train_acc=nan train_loss=nan val_acc=0.9100 val_loss=0.2335 router_H=0.6805 best=0.9100
           router_load=[0.31497350335121155, 0.22036941349506378, 0.01140541210770607, 0.45325180888175964]
[step 0140/200] method=ours loss=0.3150 train_acc=nan train_loss=nan val_acc=0.9100 val_loss=0.2335 router_H=0.6805 best=0.9100
           router_load=[0.31497350335121155, 0.22036941349506378, 0.01140541210770607, 0.45325180888175964]
[step 0150/200] method=ours loss=0.2239 train_acc=nan train_loss=nan val_acc=0.9100 val_loss=0.2335 router_H=0.6805 best=0.9100
           router_load=[0.31497350335121155, 0.22036941349506378, 0.01140541210770607, 0.45325180888175964]
[step 0160/200] method=ours loss=0.4141 train_acc=nan train_loss=nan val_acc=0.9100 val_loss=0.2335 router_H=0.6805 best=0.9100
           router_load=[0.31497350335121155, 0.22036941349506378, 0.01140541210770607, 0.45325180888175964]
[step 0170/200] method=ours loss=0.3866 train_acc=nan train_loss=nan val_acc=0.9100 val_loss=0.2335 router_H=0.6805 best=0.9100
           router_load=[0.31497350335121155, 0.22036941349506378, 0.01140541210770607, 0.45325180888175964]
[step 0180/200] method=ours loss=0.5154 train_acc=nan train_loss=nan val_acc=0.9100 val_loss=0.2335 router_H=0.6805 best=0.9100
           router_load=[0.31497350335121155, 0.22036941349506378, 0.01140541210770607, 0.45325180888175964]
[step 0190/200] method=ours loss=0.3173 train_acc=nan train_loss=nan val_acc=0.9100 val_loss=0.2335 router_H=0.6805 best=0.9100
           router_load=[0.31497350335121155, 0.22036941349506378, 0.01140541210770607, 0.45325180888175964]
[step 0200/200] method=ours loss=0.0873 train_acc=nan train_loss=nan val_acc=0.9140 val_loss=0.2298 router_H=0.6572 best=0.9140
           router_load=[0.3524795472621918, 0.201005756855011, 0.0041037374176084995, 0.4424110949039459]
saved summary -> /root/Optimization/MOE-grad-conflict-routing-appendix2/runs/paper_suite_supplement/appendix/multi_dataset_real/roberta_lora_e4_k2/_method_workers/ours/hpo/ours/trial_runs/local_var_topk_011/ours_s2.json
saved curve -> /root/Optimization/MOE-grad-conflict-routing-appendix2/runs/paper_suite_supplement/appendix/multi_dataset_real/roberta_lora_e4_k2/_method_workers/ours/hpo/ours/trial_runs/local_var_topk_011/ours_s2_curve.csv
