[run] method=cagrad candidate=coord_02_train_weight_decay_008 seed=3 steps=150 gpu=0
[run] cmd=
/home/zhujjing/anaconda3/envs/moe/bin/python /home/zhujjing/MOE-grad-conflict-routing/scripts/run.py --config configs/singletask_sst2_real.yaml --set model.backbone_backend=hf --set model.hf_load_pretrained=true --set model.hf_local_files_only=true --set model.backbone=deberta --set model.hf_pretrained_name=microsoft/deberta-v3-base --set model.expert_type=ffn --set model.routing_mode=topk --set model.num_experts=4 --set model.top_k=2 --set seed=3 --set method.name=baseline_cagrad --set train.steps=150 --set train.eval_every_steps=50 --set method.baseline_cagrad.c=0.4 --set method.baseline_cagrad.inner_lr=0.1 --set train.grad_clip=1 --set train.lr=3.483800361e-05 --set train.weight_decay=0.009265879002 --out /home/zhujjing/MOE-grad-conflict-routing/runs/paper_suite/single_gpu/single_task/deberta_sst2_ffn_e4_k2_supplement/hpo/cagrad/trial_runs/coord_02_train_weight_decay_008/cagrad_s3.json --curve_out /home/zhujjing/MOE-grad-conflict-routing/runs/paper_suite/single_gpu/single_task/deberta_sst2_ffn_e4_k2_supplement/hpo/cagrad/trial_runs/coord_02_train_weight_decay_008/cagrad_s3_curve.csv
Using the latest cached version of the dataset since glue couldn't be found on the Hugging Face Hub (offline mode is enabled).
Found the latest cached dataset configuration 'sst2' at /home/zhujjing/hf_cache/datasets/glue/sst2/0.0.0/bcdcba79d07bc864c1c254ccfcedcce55bcc9a8c (last modified on Thu Mar 19 15:01:41 2026).
/home/zhujjing/anaconda3/envs/moe/lib/python3.10/site-packages/transformers/utils/hub.py:124: FutureWarning: Using `TRANSFORMERS_CACHE` is deprecated and will be removed in v5 of Transformers. Use `HF_HOME` instead.
  warnings.warn(
/home/zhujjing/anaconda3/envs/moe/lib/python3.10/site-packages/transformers/convert_slow_tokenizer.py:560: UserWarning: The sentencepiece tokenizer that you are converting to a fast tokenizer uses the byte fallback option which is not implemented in the fast tokenizers. In practice this means that the fast version of the tokenizer can produce unknown tokens whereas the sentencepiece version would have converted these unknown tokens into a sequence of byte tokens matching the original piece of text.
  warnings.warn(
[step 0001/150] method=baseline_cagrad loss=0.6533 train_acc=nan train_loss=nan val_acc=nan val_loss=nan best=-1.0000
[step 0010/150] method=baseline_cagrad loss=0.6325 train_acc=nan train_loss=nan val_acc=nan val_loss=nan best=-1.0000
[step 0020/150] method=baseline_cagrad loss=0.5030 train_acc=nan train_loss=nan val_acc=nan val_loss=nan best=-1.0000
[step 0030/150] method=baseline_cagrad loss=0.5379 train_acc=nan train_loss=nan val_acc=nan val_loss=nan best=-1.0000
[step 0040/150] method=baseline_cagrad loss=0.2017 train_acc=nan train_loss=nan val_acc=nan val_loss=nan best=-1.0000
[step 0050/150] method=baseline_cagrad loss=0.5495 train_acc=0.9002 train_loss=0.2846 val_acc=0.8911 val_loss=0.2853 router_H=0.4070 best=0.8911
           router_load=[0.13761627674102783, 0.8530752062797546, 0.009237434715032578, 7.107944111339748e-05]
[step 0060/150] method=baseline_cagrad loss=0.6484 train_acc=0.9002 train_loss=0.2846 val_acc=0.8911 val_loss=0.2853 router_H=0.4070 best=0.8911
           router_load=[0.13761627674102783, 0.8530752062797546, 0.009237434715032578, 7.107944111339748e-05]
[step 0070/150] method=baseline_cagrad loss=0.1329 train_acc=0.9002 train_loss=0.2846 val_acc=0.8911 val_loss=0.2853 router_H=0.4070 best=0.8911
           router_load=[0.13761627674102783, 0.8530752062797546, 0.009237434715032578, 7.107944111339748e-05]
[step 0080/150] method=baseline_cagrad loss=0.0608 train_acc=0.9002 train_loss=0.2846 val_acc=0.8911 val_loss=0.2853 router_H=0.4070 best=0.8911
           router_load=[0.13761627674102783, 0.8530752062797546, 0.009237434715032578, 7.107944111339748e-05]
[step 0090/150] method=baseline_cagrad loss=0.0659 train_acc=0.9002 train_loss=0.2846 val_acc=0.8911 val_loss=0.2853 router_H=0.4070 best=0.8911
           router_load=[0.13761627674102783, 0.8530752062797546, 0.009237434715032578, 7.107944111339748e-05]
[step 0100/150] method=baseline_cagrad loss=0.3747 train_acc=0.8964 train_loss=0.2878 val_acc=0.8945 val_loss=0.2801 router_H=0.2310 best=0.8945
           router_load=[0.05350635573267937, 0.9352208971977234, 0.00044555572094395757, 0.01082700863480568]
[step 0110/150] method=baseline_cagrad loss=0.5155 train_acc=0.8964 train_loss=0.2878 val_acc=0.8945 val_loss=0.2801 router_H=0.2310 best=0.8945
           router_load=[0.05350635573267937, 0.9352208971977234, 0.00044555572094395757, 0.01082700863480568]
[step 0120/150] method=baseline_cagrad loss=0.5200 train_acc=0.8964 train_loss=0.2878 val_acc=0.8945 val_loss=0.2801 router_H=0.2310 best=0.8945
           router_load=[0.05350635573267937, 0.9352208971977234, 0.00044555572094395757, 0.01082700863480568]
[step 0130/150] method=baseline_cagrad loss=0.3651 train_acc=0.8964 train_loss=0.2878 val_acc=0.8945 val_loss=0.2801 router_H=0.2310 best=0.8945
           router_load=[0.05350635573267937, 0.9352208971977234, 0.00044555572094395757, 0.01082700863480568]
[step 0140/150] method=baseline_cagrad loss=0.2592 train_acc=0.8964 train_loss=0.2878 val_acc=0.8945 val_loss=0.2801 router_H=0.2310 best=0.8945
           router_load=[0.05350635573267937, 0.9352208971977234, 0.00044555572094395757, 0.01082700863480568]
[step 0150/150] method=baseline_cagrad loss=0.1669 train_acc=0.9256 train_loss=0.2177 val_acc=0.9266 val_loss=0.2190 router_H=0.2278 best=0.9266
           router_load=[0.04175999388098717, 0.9356575608253479, 0.00010167506843572482, 0.022480709478259087]
saved summary -> /home/zhujjing/MOE-grad-conflict-routing/runs/paper_suite/single_gpu/single_task/deberta_sst2_ffn_e4_k2_supplement/hpo/cagrad/trial_runs/coord_02_train_weight_decay_008/cagrad_s3.json
saved curve -> /home/zhujjing/MOE-grad-conflict-routing/runs/paper_suite/single_gpu/single_task/deberta_sst2_ffn_e4_k2_supplement/hpo/cagrad/trial_runs/coord_02_train_weight_decay_008/cagrad_s3_curve.csv
