[run] method=ours candidate=coord_02_train_weight_decay_002 seed=3 steps=200 gpu=0
[run] cmd=
/home/zhujjing/anaconda3/envs/moe/bin/python /home/zhujjing/MOE-grad-conflict-routing/scripts/run.py --config configs/multitask_glue3_rte_mrpc_cola_real.yaml --set model.backbone_backend=hf --set model.hf_load_pretrained=true --set model.hf_local_files_only=true --set model.backbone=gpt2 --set model.hf_pretrained_name=gpt2-medium --set model.expert_type=lora --set model.routing_mode=topk --set model.num_experts=4 --set model.top_k=2 --set train.eval_train_fraction=0.10 --set train.eval_train_max_batches=-1 --set train.eval_max_batches=-1 --set seed=3 --set method.name=ours --set train.steps=200 --set train.eval_every_steps=100 --set method.ours.use_load_norm=true --set method.ours.lambda_align=0.001 --set train.grad_clip=1 --set train.lr=4.233346635e-05 --set train.weight_decay=0.002820878098 --out /home/zhujjing/MOE-grad-conflict-routing/runs/paper_suite/single_gpu/multi_task/glue3_gpt2_lora_e4_k2/hpo/ours/trial_runs/coord_02_train_weight_decay_002/ours_s3.json --curve_out /home/zhujjing/MOE-grad-conflict-routing/runs/paper_suite/single_gpu/multi_task/glue3_gpt2_lora_e4_k2/hpo/ours/trial_runs/coord_02_train_weight_decay_002/ours_s3_curve.csv
Using the latest cached version of the dataset since glue couldn't be found on the Hugging Face Hub (offline mode is enabled).
Found the latest cached dataset configuration 'rte' at /home/zhujjing/hf_cache/datasets/glue/rte/0.0.0/bcdcba79d07bc864c1c254ccfcedcce55bcc9a8c (last modified on Thu Mar 19 15:00:36 2026).
/home/zhujjing/anaconda3/envs/moe/lib/python3.10/site-packages/transformers/utils/hub.py:124: FutureWarning: Using `TRANSFORMERS_CACHE` is deprecated and will be removed in v5 of Transformers. Use `HF_HOME` instead.
  warnings.warn(
Using the latest cached version of the dataset since glue couldn't be found on the Hugging Face Hub (offline mode is enabled).
Found the latest cached dataset configuration 'mrpc' at /home/zhujjing/hf_cache/datasets/glue/mrpc/0.0.0/bcdcba79d07bc864c1c254ccfcedcce55bcc9a8c (last modified on Thu Mar 19 15:01:06 2026).
Using the latest cached version of the dataset since glue couldn't be found on the Hugging Face Hub (offline mode is enabled).
Found the latest cached dataset configuration 'cola' at /home/zhujjing/hf_cache/datasets/glue/cola/0.0.0/bcdcba79d07bc864c1c254ccfcedcce55bcc9a8c (last modified on Thu Mar 19 15:02:09 2026).
[step 0001/200] method=ours loss=2.0802 train_acc=nan train_loss=nan val_acc=nan val_loss=nan best=-1.0000
[step 0010/200] method=ours loss=0.7760 train_acc=nan train_loss=nan val_acc=nan val_loss=nan best=-1.0000
[step 0020/200] method=ours loss=0.5353 train_acc=nan train_loss=nan val_acc=nan val_loss=nan best=-1.0000
[step 0030/200] method=ours loss=0.6408 train_acc=nan train_loss=nan val_acc=nan val_loss=nan best=-1.0000
[step 0040/200] method=ours loss=0.6314 train_acc=nan train_loss=nan val_acc=nan val_loss=nan best=-1.0000
[step 0050/200] method=ours loss=0.5827 train_acc=nan train_loss=nan val_acc=nan val_loss=nan best=-1.0000
[step 0060/200] method=ours loss=0.6402 train_acc=nan train_loss=nan val_acc=nan val_loss=nan best=-1.0000
[step 0070/200] method=ours loss=0.6726 train_acc=nan train_loss=nan val_acc=nan val_loss=nan best=-1.0000
[step 0080/200] method=ours loss=0.8874 train_acc=nan train_loss=nan val_acc=nan val_loss=nan best=-1.0000
[step 0090/200] method=ours loss=0.5841 train_acc=nan train_loss=nan val_acc=nan val_loss=nan best=-1.0000
[step 0100/200] method=ours loss=0.6296 train_acc=0.6422 train_loss=0.6394 val_acc=0.6296 val_loss=0.6571 router_H=0.6873 best=0.6296
           router_load=[0.13985145092010498, 0.0, 0.4538712203502655, 0.40627723932266235]
[step 0110/200] method=ours loss=0.5504 train_acc=0.6422 train_loss=0.6394 val_acc=0.6296 val_loss=0.6571 router_H=0.6873 best=0.6296
           router_load=[0.13985145092010498, 0.0, 0.4538712203502655, 0.40627723932266235]
[step 0120/200] method=ours loss=0.5968 train_acc=0.6422 train_loss=0.6394 val_acc=0.6296 val_loss=0.6571 router_H=0.6873 best=0.6296
           router_load=[0.13985145092010498, 0.0, 0.4538712203502655, 0.40627723932266235]
[step 0130/200] method=ours loss=0.6391 train_acc=0.6422 train_loss=0.6394 val_acc=0.6296 val_loss=0.6571 router_H=0.6873 best=0.6296
           router_load=[0.13985145092010498, 0.0, 0.4538712203502655, 0.40627723932266235]
[step 0140/200] method=ours loss=0.6466 train_acc=0.6422 train_loss=0.6394 val_acc=0.6296 val_loss=0.6571 router_H=0.6873 best=0.6296
           router_load=[0.13985145092010498, 0.0, 0.4538712203502655, 0.40627723932266235]
[step 0150/200] method=ours loss=0.5934 train_acc=0.6422 train_loss=0.6394 val_acc=0.6296 val_loss=0.6571 router_H=0.6873 best=0.6296
           router_load=[0.13985145092010498, 0.0, 0.4538712203502655, 0.40627723932266235]
[step 0160/200] method=ours loss=0.6129 train_acc=0.6422 train_loss=0.6394 val_acc=0.6296 val_loss=0.6571 router_H=0.6873 best=0.6296
           router_load=[0.13985145092010498, 0.0, 0.4538712203502655, 0.40627723932266235]
[step 0170/200] method=ours loss=0.7016 train_acc=0.6422 train_loss=0.6394 val_acc=0.6296 val_loss=0.6571 router_H=0.6873 best=0.6296
           router_load=[0.13985145092010498, 0.0, 0.4538712203502655, 0.40627723932266235]
[step 0180/200] method=ours loss=0.7575 train_acc=0.6422 train_loss=0.6394 val_acc=0.6296 val_loss=0.6571 router_H=0.6873 best=0.6296
           router_load=[0.13985145092010498, 0.0, 0.4538712203502655, 0.40627723932266235]
[step 0190/200] method=ours loss=0.7766 train_acc=0.6422 train_loss=0.6394 val_acc=0.6296 val_loss=0.6571 router_H=0.6873 best=0.6296
           router_load=[0.13985145092010498, 0.0, 0.4538712203502655, 0.40627723932266235]
[step 0200/200] method=ours loss=0.7465 train_acc=0.6750 train_loss=0.6045 val_acc=0.6393 val_loss=0.6168 router_H=0.6852 best=0.6393
           router_load=[0.2612576484680176, 0.0, 0.255066454410553, 0.483676016330719]
saved summary -> /home/zhujjing/MOE-grad-conflict-routing/runs/paper_suite/single_gpu/multi_task/glue3_gpt2_lora_e4_k2/hpo/ours/trial_runs/coord_02_train_weight_decay_002/ours_s3.json
saved curve -> /home/zhujjing/MOE-grad-conflict-routing/runs/paper_suite/single_gpu/multi_task/glue3_gpt2_lora_e4_k2/hpo/ours/trial_runs/coord_02_train_weight_decay_002/ours_s3_curve.csv
