[run] method=ours candidate=coord_02_train_weight_decay_003 seed=3 steps=200 gpu=0
[run] cmd=
/home/zhujjing/anaconda3/envs/moe/bin/python /home/zhujjing/MOE-grad-conflict-routing/scripts/run.py --config configs/multitask_glue3_rte_mrpc_cola_real.yaml --set model.backbone_backend=hf --set model.hf_load_pretrained=true --set model.hf_local_files_only=true --set model.backbone=gpt2 --set model.hf_pretrained_name=gpt2-medium --set model.expert_type=lora --set model.routing_mode=topk --set model.num_experts=4 --set model.top_k=2 --set train.eval_train_fraction=0.10 --set train.eval_train_max_batches=-1 --set train.eval_max_batches=-1 --set seed=3 --set method.name=ours --set train.steps=200 --set train.eval_every_steps=100 --set method.ours.use_load_norm=true --set method.ours.lambda_align=0.001 --set train.grad_clip=1 --set train.lr=4.233346635e-05 --set train.weight_decay=0.04145867636 --out /home/zhujjing/MOE-grad-conflict-routing/runs/paper_suite/single_gpu/multi_task/glue3_gpt2_lora_e4_k2/hpo/ours/trial_runs/coord_02_train_weight_decay_003/ours_s3.json --curve_out /home/zhujjing/MOE-grad-conflict-routing/runs/paper_suite/single_gpu/multi_task/glue3_gpt2_lora_e4_k2/hpo/ours/trial_runs/coord_02_train_weight_decay_003/ours_s3_curve.csv
Using the latest cached version of the dataset since glue couldn't be found on the Hugging Face Hub (offline mode is enabled).
Found the latest cached dataset configuration 'rte' at /home/zhujjing/hf_cache/datasets/glue/rte/0.0.0/bcdcba79d07bc864c1c254ccfcedcce55bcc9a8c (last modified on Thu Mar 19 15:00:36 2026).
/home/zhujjing/anaconda3/envs/moe/lib/python3.10/site-packages/transformers/utils/hub.py:124: FutureWarning: Using `TRANSFORMERS_CACHE` is deprecated and will be removed in v5 of Transformers. Use `HF_HOME` instead.
  warnings.warn(
Using the latest cached version of the dataset since glue couldn't be found on the Hugging Face Hub (offline mode is enabled).
Found the latest cached dataset configuration 'mrpc' at /home/zhujjing/hf_cache/datasets/glue/mrpc/0.0.0/bcdcba79d07bc864c1c254ccfcedcce55bcc9a8c (last modified on Thu Mar 19 15:01:06 2026).
Using the latest cached version of the dataset since glue couldn't be found on the Hugging Face Hub (offline mode is enabled).
Found the latest cached dataset configuration 'cola' at /home/zhujjing/hf_cache/datasets/glue/cola/0.0.0/bcdcba79d07bc864c1c254ccfcedcce55bcc9a8c (last modified on Thu Mar 19 15:02:09 2026).
[step 0001/200] method=ours loss=3.6950 train_acc=nan train_loss=nan val_acc=nan val_loss=nan best=-1.0000
[step 0010/200] method=ours loss=0.4874 train_acc=nan train_loss=nan val_acc=nan val_loss=nan best=-1.0000
[step 0020/200] method=ours loss=0.4954 train_acc=nan train_loss=nan val_acc=nan val_loss=nan best=-1.0000
[step 0030/200] method=ours loss=0.6627 train_acc=nan train_loss=nan val_acc=nan val_loss=nan best=-1.0000
[step 0040/200] method=ours loss=0.5998 train_acc=nan train_loss=nan val_acc=nan val_loss=nan best=-1.0000
[step 0050/200] method=ours loss=0.6569 train_acc=nan train_loss=nan val_acc=nan val_loss=nan best=-1.0000
[step 0060/200] method=ours loss=0.7975 train_acc=nan train_loss=nan val_acc=nan val_loss=nan best=-1.0000
[step 0070/200] method=ours loss=0.7649 train_acc=nan train_loss=nan val_acc=nan val_loss=nan best=-1.0000
[step 0080/200] method=ours loss=0.8414 train_acc=nan train_loss=nan val_acc=nan val_loss=nan best=-1.0000
[step 0090/200] method=ours loss=0.5739 train_acc=nan train_loss=nan val_acc=nan val_loss=nan best=-1.0000
[step 0100/200] method=ours loss=0.6183 train_acc=0.6588 train_loss=0.6325 val_acc=0.6172 val_loss=0.6671 router_H=0.5781 best=0.6172
           router_load=[0.24560604989528656, 0.7148951888084412, 0.0, 0.03949916362762451]
[step 0110/200] method=ours loss=0.5878 train_acc=0.6588 train_loss=0.6325 val_acc=0.6172 val_loss=0.6671 router_H=0.5781 best=0.6172
           router_load=[0.24560604989528656, 0.7148951888084412, 0.0, 0.03949916362762451]
[step 0120/200] method=ours loss=0.8082 train_acc=0.6588 train_loss=0.6325 val_acc=0.6172 val_loss=0.6671 router_H=0.5781 best=0.6172
           router_load=[0.24560604989528656, 0.7148951888084412, 0.0, 0.03949916362762451]
[step 0130/200] method=ours loss=0.5455 train_acc=0.6588 train_loss=0.6325 val_acc=0.6172 val_loss=0.6671 router_H=0.5781 best=0.6172
           router_load=[0.24560604989528656, 0.7148951888084412, 0.0, 0.03949916362762451]
[step 0140/200] method=ours loss=0.7135 train_acc=0.6588 train_loss=0.6325 val_acc=0.6172 val_loss=0.6671 router_H=0.5781 best=0.6172
           router_load=[0.24560604989528656, 0.7148951888084412, 0.0, 0.03949916362762451]
[step 0150/200] method=ours loss=0.5135 train_acc=0.6588 train_loss=0.6325 val_acc=0.6172 val_loss=0.6671 router_H=0.5781 best=0.6172
           router_load=[0.24560604989528656, 0.7148951888084412, 0.0, 0.03949916362762451]
[step 0160/200] method=ours loss=0.6407 train_acc=0.6588 train_loss=0.6325 val_acc=0.6172 val_loss=0.6671 router_H=0.5781 best=0.6172
           router_load=[0.24560604989528656, 0.7148951888084412, 0.0, 0.03949916362762451]
[step 0170/200] method=ours loss=0.6776 train_acc=0.6588 train_loss=0.6325 val_acc=0.6172 val_loss=0.6671 router_H=0.5781 best=0.6172
           router_load=[0.24560604989528656, 0.7148951888084412, 0.0, 0.03949916362762451]
[step 0180/200] method=ours loss=0.8440 train_acc=0.6588 train_loss=0.6325 val_acc=0.6172 val_loss=0.6671 router_H=0.5781 best=0.6172
           router_load=[0.24560604989528656, 0.7148951888084412, 0.0, 0.03949916362762451]
[step 0190/200] method=ours loss=0.6964 train_acc=0.6588 train_loss=0.6325 val_acc=0.6172 val_loss=0.6671 router_H=0.5781 best=0.6172
           router_load=[0.24560604989528656, 0.7148951888084412, 0.0, 0.03949916362762451]
[step 0200/200] method=ours loss=0.8008 train_acc=0.6899 train_loss=0.5770 val_acc=0.6587 val_loss=0.6064 router_H=0.5333 best=0.6587
           router_load=[0.14876540005207062, 0.7268055081367493, 0.0005840499070473015, 0.1238449215888977]
saved summary -> /home/zhujjing/MOE-grad-conflict-routing/runs/paper_suite/single_gpu/multi_task/glue3_gpt2_lora_e4_k2/hpo/ours/trial_runs/coord_02_train_weight_decay_003/ours_s3.json
saved curve -> /home/zhujjing/MOE-grad-conflict-routing/runs/paper_suite/single_gpu/multi_task/glue3_gpt2_lora_e4_k2/hpo/ours/trial_runs/coord_02_train_weight_decay_003/ours_s3_curve.csv
