[run] method=cagrad candidate=coord_03_train_grad_clip_000 seed=3 steps=150 gpu=0
[run] cmd=
/home/zhujjing/anaconda3/envs/moe/bin/python /home/zhujjing/MOE-grad-conflict-routing/scripts/run.py --config configs/singletask_rte_real.yaml --set model.backbone_backend=hf --set model.hf_load_pretrained=true --set model.backbone=deberta --set model.hf_pretrained_name=microsoft/deberta-v3-base --set model.expert_type=lora --set model.routing_mode=topk --set model.num_experts=4 --set model.top_k=2 --set seed=3 --set method.name=baseline_cagrad --set train.steps=150 --set train.eval_every_steps=50 --set method.baseline_cagrad.c=0.4 --set method.baseline_cagrad.inner_lr=0.1 --set train.grad_clip=1.594082469 --set train.lr=4.460286243e-05 --set train.weight_decay=0.02536478282 --out /home/zhujjing/MOE-grad-conflict-routing/runs/paper_suite/single_gpu/single_task/deberta_rte_lora_e4_k2/hpo/cagrad/trial_runs/coord_03_train_grad_clip_000/cagrad_s3.json --curve_out /home/zhujjing/MOE-grad-conflict-routing/runs/paper_suite/single_gpu/single_task/deberta_rte_lora_e4_k2/hpo/cagrad/trial_runs/coord_03_train_grad_clip_000/cagrad_s3_curve.csv
Using the latest cached version of the dataset since glue couldn't be found on the Hugging Face Hub (offline mode is enabled).
Found the latest cached dataset configuration 'rte' at /home/zhujjing/hf_cache/datasets/glue/rte/0.0.0/bcdcba79d07bc864c1c254ccfcedcce55bcc9a8c (last modified on Thu Mar 19 15:00:36 2026).
/home/zhujjing/anaconda3/envs/moe/lib/python3.10/site-packages/transformers/utils/hub.py:124: FutureWarning: Using `TRANSFORMERS_CACHE` is deprecated and will be removed in v5 of Transformers. Use `HF_HOME` instead.
  warnings.warn(
/home/zhujjing/anaconda3/envs/moe/lib/python3.10/site-packages/transformers/convert_slow_tokenizer.py:560: UserWarning: The sentencepiece tokenizer that you are converting to a fast tokenizer uses the byte fallback option which is not implemented in the fast tokenizers. In practice this means that the fast version of the tokenizer can produce unknown tokens whereas the sentencepiece version would have converted these unknown tokens into a sequence of byte tokens matching the original piece of text.
  warnings.warn(
[step 0001/150] method=baseline_cagrad loss=0.7118 train_acc=nan train_loss=nan val_acc=nan val_loss=nan best=-1.0000
[step 0010/150] method=baseline_cagrad loss=0.7167 train_acc=nan train_loss=nan val_acc=nan val_loss=nan best=-1.0000
[step 0020/150] method=baseline_cagrad loss=0.6755 train_acc=nan train_loss=nan val_acc=nan val_loss=nan best=-1.0000
[step 0030/150] method=baseline_cagrad loss=0.5723 train_acc=nan train_loss=nan val_acc=nan val_loss=nan best=-1.0000
[step 0040/150] method=baseline_cagrad loss=0.8938 train_acc=nan train_loss=nan val_acc=nan val_loss=nan best=-1.0000
[step 0050/150] method=baseline_cagrad loss=0.5888 train_acc=0.7285 train_loss=0.5605 val_acc=0.6679 val_loss=0.5992 router_H=0.5404 best=0.6679
           router_load=[0.766366183757782, 0.0, 0.22762778401374817, 0.0060060834512114525]
[step 0060/150] method=baseline_cagrad loss=0.5391 train_acc=0.7285 train_loss=0.5605 val_acc=0.6679 val_loss=0.5992 router_H=0.5404 best=0.6679
           router_load=[0.766366183757782, 0.0, 0.22762778401374817, 0.0060060834512114525]
[step 0070/150] method=baseline_cagrad loss=0.7608 train_acc=0.7285 train_loss=0.5605 val_acc=0.6679 val_loss=0.5992 router_H=0.5404 best=0.6679
           router_load=[0.766366183757782, 0.0, 0.22762778401374817, 0.0060060834512114525]
[step 0080/150] method=baseline_cagrad loss=0.4039 train_acc=0.7285 train_loss=0.5605 val_acc=0.6679 val_loss=0.5992 router_H=0.5404 best=0.6679
           router_load=[0.766366183757782, 0.0, 0.22762778401374817, 0.0060060834512114525]
[step 0090/150] method=baseline_cagrad loss=0.4388 train_acc=0.7285 train_loss=0.5605 val_acc=0.6679 val_loss=0.5992 router_H=0.5404 best=0.6679
           router_load=[0.766366183757782, 0.0, 0.22762778401374817, 0.0060060834512114525]
[step 0100/150] method=baseline_cagrad loss=0.6552 train_acc=0.8578 train_loss=0.3607 val_acc=0.7906 val_loss=0.4633 router_H=0.5079 best=0.7906
           router_load=[0.7916121482849121, 0.0, 0.05653240159153938, 0.15185551345348358]
[step 0110/150] method=baseline_cagrad loss=0.7531 train_acc=0.8578 train_loss=0.3607 val_acc=0.7906 val_loss=0.4633 router_H=0.5079 best=0.7906
           router_load=[0.7916121482849121, 0.0, 0.05653240159153938, 0.15185551345348358]
[step 0120/150] method=baseline_cagrad loss=0.4308 train_acc=0.8578 train_loss=0.3607 val_acc=0.7906 val_loss=0.4633 router_H=0.5079 best=0.7906
           router_load=[0.7916121482849121, 0.0, 0.05653240159153938, 0.15185551345348358]
[step 0130/150] method=baseline_cagrad loss=0.2723 train_acc=0.8578 train_loss=0.3607 val_acc=0.7906 val_loss=0.4633 router_H=0.5079 best=0.7906
           router_load=[0.7916121482849121, 0.0, 0.05653240159153938, 0.15185551345348358]
[step 0140/150] method=baseline_cagrad loss=0.3426 train_acc=0.8578 train_loss=0.3607 val_acc=0.7906 val_loss=0.4633 router_H=0.5079 best=0.7906
           router_load=[0.7916121482849121, 0.0, 0.05653240159153938, 0.15185551345348358]
[step 0150/150] method=baseline_cagrad loss=0.2747 train_acc=0.8731 train_loss=0.2949 val_acc=0.7834 val_loss=0.4640 router_H=0.5816 best=0.7906
           router_load=[0.7265695333480835, 0.0006613432196900249, 0.030049854889512062, 0.24271927773952484]
saved summary -> /home/zhujjing/MOE-grad-conflict-routing/runs/paper_suite/single_gpu/single_task/deberta_rte_lora_e4_k2/hpo/cagrad/trial_runs/coord_03_train_grad_clip_000/cagrad_s3.json
saved curve -> /home/zhujjing/MOE-grad-conflict-routing/runs/paper_suite/single_gpu/single_task/deberta_rte_lora_e4_k2/hpo/cagrad/trial_runs/coord_03_train_grad_clip_000/cagrad_s3_curve.csv
