[probe] phase=baseline:coord:train.grad_clip gpu=0
[probe] cmd=
/root/miniconda3/envs/optimization/bin/python /root/Optimization/MOE-grad-conflict-routing/scripts/run.py --config configs/multitask_glue3_rte_mrpc_cola_real.yaml --set model.backbone_backend=hf --set model.hf_load_pretrained=true --set model.hf_local_files_only=true --set model.backbone=roberta --set model.hf_pretrained_name=roberta-base --set model.routing_mode=topk --set model.expert_type=lora --set model.num_experts=4 --set model.top_k=2 --set model.lora_rank=16 --set model.lora_alpha=16 --set train.eval_train_fraction=0.10 --set train.eval_train_max_batches=-1 --set train.eval_max_batches=-1 --set seed=2 --set method.name=baseline_avg --set train.steps=100 --set train.eval_every_steps=0 --set train.grad_clip=1 --set train.lr=2.555178414e-05 --set train.weight_decay=0.0353185872 --out /tmp/moe_probe_o_pjniui/probe_summary.json --curve_out /tmp/moe_probe_o_pjniui/probe_curve.csv
Using the latest cached version of the dataset since glue couldn't be found on the Hugging Face Hub (offline mode is enabled).
Found the latest cached dataset configuration 'rte' at /root/.cache/huggingface/datasets/glue/rte/0.0.0/bcdcba79d07bc864c1c254ccfcedcce55bcc9a8c (last modified on Thu Mar 26 19:09:12 2026).
Using the latest cached version of the dataset since glue couldn't be found on the Hugging Face Hub (offline mode is enabled).
Found the latest cached dataset configuration 'mrpc' at /root/.cache/huggingface/datasets/glue/mrpc/0.0.0/bcdcba79d07bc864c1c254ccfcedcce55bcc9a8c (last modified on Thu Mar 26 20:11:06 2026).
Using the latest cached version of the dataset since glue couldn't be found on the Hugging Face Hub (offline mode is enabled).
Found the latest cached dataset configuration 'cola' at /root/.cache/huggingface/datasets/glue/cola/0.0.0/bcdcba79d07bc864c1c254ccfcedcce55bcc9a8c (last modified on Thu Mar 26 23:46:11 2026).
Loading weights:   0%|          | 0/197 [00:00<?, ?it/s]Loading weights: 100%|██████████| 197/197 [00:00<00:00, 5748.18it/s]
[1mRobertaModel LOAD REPORT[0m from: roberta-base
Key                             | Status     | 
--------------------------------+------------+-
lm_head.dense.bias              | UNEXPECTED | 
lm_head.bias                    | UNEXPECTED | 
lm_head.layer_norm.weight       | UNEXPECTED | 
lm_head.dense.weight            | UNEXPECTED | 
roberta.embeddings.position_ids | UNEXPECTED | 
lm_head.layer_norm.bias         | UNEXPECTED | 
pooler.dense.weight             | MISSING    | 
pooler.dense.bias               | MISSING    | 

[3mNotes:
- UNEXPECTED[3m	:can be ignored when loading from different task/architecture; not ok if you expect identical arch.
- MISSING[3m	:those params were newly initialized because missing from the checkpoint. Consider training on your downstream task.[0m
[step 0001/100] method=baseline_avg loss=0.7488 train_acc=nan train_loss=nan val_acc=nan val_loss=nan best=-1.0000
[step 0010/100] method=baseline_avg loss=0.6087 train_acc=nan train_loss=nan val_acc=nan val_loss=nan best=-1.0000
[step 0020/100] method=baseline_avg loss=0.6523 train_acc=nan train_loss=nan val_acc=nan val_loss=nan best=-1.0000
[step 0030/100] method=baseline_avg loss=0.6446 train_acc=nan train_loss=nan val_acc=nan val_loss=nan best=-1.0000
[step 0040/100] method=baseline_avg loss=0.7816 train_acc=nan train_loss=nan val_acc=nan val_loss=nan best=-1.0000
[step 0050/100] method=baseline_avg loss=0.6152 train_acc=nan train_loss=nan val_acc=nan val_loss=nan best=-1.0000
[step 0060/100] method=baseline_avg loss=0.6156 train_acc=nan train_loss=nan val_acc=nan val_loss=nan best=-1.0000
[step 0070/100] method=baseline_avg loss=0.5903 train_acc=nan train_loss=nan val_acc=nan val_loss=nan best=-1.0000
[step 0080/100] method=baseline_avg loss=0.5923 train_acc=nan train_loss=nan val_acc=nan val_loss=nan best=-1.0000
[step 0090/100] method=baseline_avg loss=0.6267 train_acc=nan train_loss=nan val_acc=nan val_loss=nan best=-1.0000
[step 0100/100] method=baseline_avg loss=0.5862 train_acc=0.6701 train_loss=0.5876 val_acc=0.6668 val_loss=0.5920 router_H=0.6900 best=0.6668
           router_load=[0.021483615040779114, 0.4449822008609772, 0.0010260596172884107, 0.5325079560279846]
saved summary -> /tmp/moe_probe_o_pjniui/probe_summary.json
saved curve -> /tmp/moe_probe_o_pjniui/probe_curve.csv
