[run] method=cagrad candidate=coord_03_train_grad_clip_003 seed=2 steps=150 gpu=0
[run] cmd=
/home/zhujjing/anaconda3/envs/moe/bin/python /home/zhujjing/MOE-grad-conflict-routing/scripts/run.py --config configs/singletask_rte_real.yaml --set model.backbone_backend=hf --set model.hf_load_pretrained=true --set model.backbone=deberta --set model.hf_pretrained_name=microsoft/deberta-v3-base --set model.expert_type=ffn --set model.routing_mode=topk --set model.num_experts=4 --set model.top_k=2 --set seed=2 --set method.name=baseline_cagrad --set train.steps=150 --set train.eval_every_steps=50 --set method.baseline_cagrad.c=0.4 --set method.baseline_cagrad.inner_lr=0.1 --set train.grad_clip=1.888120198 --set train.lr=2e-05 --set train.weight_decay=0.02536478282 --out /home/zhujjing/MOE-grad-conflict-routing/runs/paper_suite/single_gpu/single_task/deberta_rte_ffn_e4_k2/hpo/cagrad/trial_runs/coord_03_train_grad_clip_003/cagrad_s2.json --curve_out /home/zhujjing/MOE-grad-conflict-routing/runs/paper_suite/single_gpu/single_task/deberta_rte_ffn_e4_k2/hpo/cagrad/trial_runs/coord_03_train_grad_clip_003/cagrad_s2_curve.csv
Using the latest cached version of the dataset since glue couldn't be found on the Hugging Face Hub (offline mode is enabled).
Found the latest cached dataset configuration 'rte' at /home/zhujjing/hf_cache/datasets/glue/rte/0.0.0/bcdcba79d07bc864c1c254ccfcedcce55bcc9a8c (last modified on Thu Mar 19 15:00:36 2026).
/home/zhujjing/anaconda3/envs/moe/lib/python3.10/site-packages/transformers/utils/hub.py:124: FutureWarning: Using `TRANSFORMERS_CACHE` is deprecated and will be removed in v5 of Transformers. Use `HF_HOME` instead.
  warnings.warn(
/home/zhujjing/anaconda3/envs/moe/lib/python3.10/site-packages/transformers/convert_slow_tokenizer.py:560: UserWarning: The sentencepiece tokenizer that you are converting to a fast tokenizer uses the byte fallback option which is not implemented in the fast tokenizers. In practice this means that the fast version of the tokenizer can produce unknown tokens whereas the sentencepiece version would have converted these unknown tokens into a sequence of byte tokens matching the original piece of text.
  warnings.warn(
[step 0001/150] method=baseline_cagrad loss=0.6955 train_acc=nan train_loss=nan val_acc=nan val_loss=nan best=-1.0000
[step 0010/150] method=baseline_cagrad loss=0.8315 train_acc=nan train_loss=nan val_acc=nan val_loss=nan best=-1.0000
[step 0020/150] method=baseline_cagrad loss=0.6491 train_acc=nan train_loss=nan val_acc=nan val_loss=nan best=-1.0000
[step 0030/150] method=baseline_cagrad loss=0.6607 train_acc=nan train_loss=nan val_acc=nan val_loss=nan best=-1.0000
[step 0040/150] method=baseline_cagrad loss=0.6658 train_acc=nan train_loss=nan val_acc=nan val_loss=nan best=-1.0000
[step 0050/150] method=baseline_cagrad loss=0.4769 train_acc=0.6940 train_loss=0.6023 val_acc=0.6462 val_loss=0.6158 router_H=0.6561 best=0.6462
           router_load=[0.057309266179800034, 0.624199628829956, 0.01745367795228958, 0.30103740096092224]
[step 0060/150] method=baseline_cagrad loss=0.5519 train_acc=0.6940 train_loss=0.6023 val_acc=0.6462 val_loss=0.6158 router_H=0.6561 best=0.6462
           router_load=[0.057309266179800034, 0.624199628829956, 0.01745367795228958, 0.30103740096092224]
[step 0070/150] method=baseline_cagrad loss=0.5774 train_acc=0.6940 train_loss=0.6023 val_acc=0.6462 val_loss=0.6158 router_H=0.6561 best=0.6462
           router_load=[0.057309266179800034, 0.624199628829956, 0.01745367795228958, 0.30103740096092224]
[step 0080/150] method=baseline_cagrad loss=0.4607 train_acc=0.6940 train_loss=0.6023 val_acc=0.6462 val_loss=0.6158 router_H=0.6561 best=0.6462
           router_load=[0.057309266179800034, 0.624199628829956, 0.01745367795228958, 0.30103740096092224]
[step 0090/150] method=baseline_cagrad loss=0.5469 train_acc=0.6940 train_loss=0.6023 val_acc=0.6462 val_loss=0.6158 router_H=0.6561 best=0.6462
           router_load=[0.057309266179800034, 0.624199628829956, 0.01745367795228958, 0.30103740096092224]
[step 0100/150] method=baseline_cagrad loss=0.4509 train_acc=0.8349 train_loss=0.4160 val_acc=0.7690 val_loss=0.5037 router_H=0.6215 best=0.7690
           router_load=[0.12489120662212372, 0.681128740310669, 0.015944786369800568, 0.17803528904914856]
[step 0110/150] method=baseline_cagrad loss=0.4516 train_acc=0.8349 train_loss=0.4160 val_acc=0.7690 val_loss=0.5037 router_H=0.6215 best=0.7690
           router_load=[0.12489120662212372, 0.681128740310669, 0.015944786369800568, 0.17803528904914856]
[step 0120/150] method=baseline_cagrad loss=0.4785 train_acc=0.8349 train_loss=0.4160 val_acc=0.7690 val_loss=0.5037 router_H=0.6215 best=0.7690
           router_load=[0.12489120662212372, 0.681128740310669, 0.015944786369800568, 0.17803528904914856]
[step 0130/150] method=baseline_cagrad loss=0.6443 train_acc=0.8349 train_loss=0.4160 val_acc=0.7690 val_loss=0.5037 router_H=0.6215 best=0.7690
           router_load=[0.12489120662212372, 0.681128740310669, 0.015944786369800568, 0.17803528904914856]
[step 0140/150] method=baseline_cagrad loss=0.9151 train_acc=0.8349 train_loss=0.4160 val_acc=0.7690 val_loss=0.5037 router_H=0.6215 best=0.7690
           router_load=[0.12489120662212372, 0.681128740310669, 0.015944786369800568, 0.17803528904914856]
[step 0150/150] method=baseline_cagrad loss=0.5220 train_acc=0.9020 train_loss=0.3284 val_acc=0.7942 val_loss=0.4787 router_H=0.5627 best=0.7942
           router_load=[0.07134106755256653, 0.7437794208526611, 0.0019306959584355354, 0.18294884264469147]
saved summary -> /home/zhujjing/MOE-grad-conflict-routing/runs/paper_suite/single_gpu/single_task/deberta_rte_ffn_e4_k2/hpo/cagrad/trial_runs/coord_03_train_grad_clip_003/cagrad_s2.json
saved curve -> /home/zhujjing/MOE-grad-conflict-routing/runs/paper_suite/single_gpu/single_task/deberta_rte_ffn_e4_k2/hpo/cagrad/trial_runs/coord_03_train_grad_clip_003/cagrad_s2_curve.csv
