[run] method=ours candidate=coord_04_method_ours_lambda_align_013 seed=2 steps=150 gpu=0
[run] cmd=
/home/zhujjing/anaconda3/envs/moe/bin/python /home/zhujjing/MOE-grad-conflict-routing/scripts/run.py --config configs/singletask_rte_real.yaml --set model.backbone_backend=hf --set model.hf_load_pretrained=true --set model.backbone=deberta --set model.hf_pretrained_name=microsoft/deberta-v3-base --set model.expert_type=ffn --set model.routing_mode=topk --set model.num_experts=4 --set model.top_k=2 --set seed=2 --set method.name=ours --set train.steps=150 --set train.eval_every_steps=50 --set method.ours.use_load_norm=true --set method.ours.lambda_align=1.418221809e-05 --set train.grad_clip=1.516011677 --set train.lr=4.233346635e-05 --set train.weight_decay=0.03963349774 --out /home/zhujjing/MOE-grad-conflict-routing/runs/paper_suite/single_gpu/single_task/deberta_rte_ffn_e4_k2/hpo/ours/trial_runs/coord_04_method_ours_lambda_align_013/ours_s2.json --curve_out /home/zhujjing/MOE-grad-conflict-routing/runs/paper_suite/single_gpu/single_task/deberta_rte_ffn_e4_k2/hpo/ours/trial_runs/coord_04_method_ours_lambda_align_013/ours_s2_curve.csv
Using the latest cached version of the dataset since glue couldn't be found on the Hugging Face Hub (offline mode is enabled).
Found the latest cached dataset configuration 'rte' at /home/zhujjing/hf_cache/datasets/glue/rte/0.0.0/bcdcba79d07bc864c1c254ccfcedcce55bcc9a8c (last modified on Thu Mar 19 15:00:36 2026).
/home/zhujjing/anaconda3/envs/moe/lib/python3.10/site-packages/transformers/utils/hub.py:124: FutureWarning: Using `TRANSFORMERS_CACHE` is deprecated and will be removed in v5 of Transformers. Use `HF_HOME` instead.
  warnings.warn(
/home/zhujjing/anaconda3/envs/moe/lib/python3.10/site-packages/transformers/convert_slow_tokenizer.py:560: UserWarning: The sentencepiece tokenizer that you are converting to a fast tokenizer uses the byte fallback option which is not implemented in the fast tokenizers. In practice this means that the fast version of the tokenizer can produce unknown tokens whereas the sentencepiece version would have converted these unknown tokens into a sequence of byte tokens matching the original piece of text.
  warnings.warn(
[step 0001/150] method=ours loss=0.7149 train_acc=nan train_loss=nan val_acc=nan val_loss=nan best=-1.0000
[step 0010/150] method=ours loss=0.9416 train_acc=nan train_loss=nan val_acc=nan val_loss=nan best=-1.0000
[step 0020/150] method=ours loss=0.7277 train_acc=nan train_loss=nan val_acc=nan val_loss=nan best=-1.0000
[step 0030/150] method=ours loss=0.6526 train_acc=nan train_loss=nan val_acc=nan val_loss=nan best=-1.0000
[step 0040/150] method=ours loss=0.7028 train_acc=nan train_loss=nan val_acc=nan val_loss=nan best=-1.0000
[step 0050/150] method=ours loss=0.5159 train_acc=0.5410 train_loss=0.6596 val_acc=0.5560 val_loss=0.6566 router_H=0.5521 best=0.5560
           router_load=[0.0, 0.7562428712844849, 0.002189731691032648, 0.2415674328804016]
[step 0060/150] method=ours loss=0.5547 train_acc=0.5410 train_loss=0.6596 val_acc=0.5560 val_loss=0.6566 router_H=0.5521 best=0.5560
           router_load=[0.0, 0.7562428712844849, 0.002189731691032648, 0.2415674328804016]
[step 0070/150] method=ours loss=0.7020 train_acc=0.5410 train_loss=0.6596 val_acc=0.5560 val_loss=0.6566 router_H=0.5521 best=0.5560
           router_load=[0.0, 0.7562428712844849, 0.002189731691032648, 0.2415674328804016]
[step 0080/150] method=ours loss=0.5419 train_acc=0.5410 train_loss=0.6596 val_acc=0.5560 val_loss=0.6566 router_H=0.5521 best=0.5560
           router_load=[0.0, 0.7562428712844849, 0.002189731691032648, 0.2415674328804016]
[step 0090/150] method=ours loss=0.5677 train_acc=0.5410 train_loss=0.6596 val_acc=0.5560 val_loss=0.6566 router_H=0.5521 best=0.5560
           router_load=[0.0, 0.7562428712844849, 0.002189731691032648, 0.2415674328804016]
[step 0100/150] method=ours loss=0.5780 train_acc=0.8502 train_loss=0.4103 val_acc=0.7726 val_loss=0.5035 router_H=0.5961 best=0.7726
           router_load=[0.002950003370642662, 0.6841771006584167, 0.0025886690709739923, 0.31028419733047485]
[step 0110/150] method=ours loss=0.3363 train_acc=0.8502 train_loss=0.4103 val_acc=0.7726 val_loss=0.5035 router_H=0.5961 best=0.7726
           router_load=[0.002950003370642662, 0.6841771006584167, 0.0025886690709739923, 0.31028419733047485]
[step 0120/150] method=ours loss=0.3791 train_acc=0.8502 train_loss=0.4103 val_acc=0.7726 val_loss=0.5035 router_H=0.5961 best=0.7726
           router_load=[0.002950003370642662, 0.6841771006584167, 0.0025886690709739923, 0.31028419733047485]
[step 0130/150] method=ours loss=0.5950 train_acc=0.8502 train_loss=0.4103 val_acc=0.7726 val_loss=0.5035 router_H=0.5961 best=0.7726
           router_load=[0.002950003370642662, 0.6841771006584167, 0.0025886690709739923, 0.31028419733047485]
[step 0140/150] method=ours loss=0.5840 train_acc=0.8502 train_loss=0.4103 val_acc=0.7726 val_loss=0.5035 router_H=0.5961 best=0.7726
           router_load=[0.002950003370642662, 0.6841771006584167, 0.0025886690709739923, 0.31028419733047485]
[step 0150/150] method=ours loss=0.7008 train_acc=0.8454 train_loss=0.3713 val_acc=0.7545 val_loss=0.4942 router_H=0.6560 best=0.7726
           router_load=[0.0, 0.5623826384544373, 0.006502782925963402, 0.43111464381217957]
saved summary -> /home/zhujjing/MOE-grad-conflict-routing/runs/paper_suite/single_gpu/single_task/deberta_rte_ffn_e4_k2/hpo/ours/trial_runs/coord_04_method_ours_lambda_align_013/ours_s2.json
saved curve -> /home/zhujjing/MOE-grad-conflict-routing/runs/paper_suite/single_gpu/single_task/deberta_rte_ffn_e4_k2/hpo/ours/trial_runs/coord_04_method_ours_lambda_align_013/ours_s2_curve.csv
