[run] method=baseline candidate=coord_03_anchor seed=3 steps=200 gpu=0
[run] cmd=
/root/miniconda3/envs/optimization/bin/python /root/Optimization/MOE-grad-conflict-routing-appendix2/scripts/run.py --config configs/multitask_glue3_rte_mrpc_cola_real.yaml --set model.backbone_backend=hf --set model.hf_load_pretrained=true --set model.hf_local_files_only=1 --set model.backbone=roberta --set model.hf_pretrained_name=roberta-base --set model.routing_mode=topk --set model.expert_type=ffn --set model.num_experts=4 --set model.top_k=2 --set train.eval_train_fraction=0.10 --set train.eval_train_max_batches=-1 --set train.eval_max_batches=-1 --set train.eval_val_fraction=0.2 --set train.skip_train_eval=true --set seed=3 --set method.name=baseline_avg --set train.steps=200 --set train.eval_every_steps=100 --set train.grad_clip=1 --set train.lr=2e-05 --set train.weight_decay=0.007589584458 --out /root/Optimization/MOE-grad-conflict-routing-appendix2/runs/paper_suite_supplement/appendix/ffn_generalization/glue3_roberta_ffn_e4_k2/_method_workers/baseline/hpo/baseline/trial_runs/coord_03_anchor/baseline_s3.json --curve_out /root/Optimization/MOE-grad-conflict-routing-appendix2/runs/paper_suite_supplement/appendix/ffn_generalization/glue3_roberta_ffn_e4_k2/_method_workers/baseline/hpo/baseline/trial_runs/coord_03_anchor/baseline_s3_curve.csv
Using the latest cached version of the dataset since glue couldn't be found on the Hugging Face Hub (offline mode is enabled).
Found the latest cached dataset configuration 'rte' at /root/.cache/huggingface/datasets/glue/rte/0.0.0/bcdcba79d07bc864c1c254ccfcedcce55bcc9a8c (last modified on Thu Mar 26 19:09:12 2026).
Using the latest cached version of the dataset since glue couldn't be found on the Hugging Face Hub (offline mode is enabled).
Found the latest cached dataset configuration 'mrpc' at /root/.cache/huggingface/datasets/glue/mrpc/0.0.0/bcdcba79d07bc864c1c254ccfcedcce55bcc9a8c (last modified on Thu Mar 26 20:11:06 2026).
Using the latest cached version of the dataset since glue couldn't be found on the Hugging Face Hub (offline mode is enabled).
Found the latest cached dataset configuration 'cola' at /root/.cache/huggingface/datasets/glue/cola/0.0.0/bcdcba79d07bc864c1c254ccfcedcce55bcc9a8c (last modified on Thu Mar 26 23:46:11 2026).
Loading weights:   0%|          | 0/197 [00:00<?, ?it/s]Loading weights: 100%|██████████| 197/197 [00:00<00:00, 8512.10it/s]
[1mRobertaModel LOAD REPORT[0m from: roberta-base
Key                             | Status     | 
--------------------------------+------------+-
roberta.embeddings.position_ids | UNEXPECTED | 
lm_head.layer_norm.bias         | UNEXPECTED | 
lm_head.bias                    | UNEXPECTED | 
lm_head.dense.weight            | UNEXPECTED | 
lm_head.dense.bias              | UNEXPECTED | 
lm_head.layer_norm.weight       | UNEXPECTED | 
pooler.dense.weight             | MISSING    | 
pooler.dense.bias               | MISSING    | 

[3mNotes:
- UNEXPECTED[3m	:can be ignored when loading from different task/architecture; not ok if you expect identical arch.
- MISSING[3m	:those params were newly initialized because missing from the checkpoint. Consider training on your downstream task.[0m
[step 0001/200] method=baseline_avg loss=0.6881 train_acc=nan train_loss=nan val_acc=nan val_loss=nan best=-1.0000
[step 0010/200] method=baseline_avg loss=0.5493 train_acc=nan train_loss=nan val_acc=nan val_loss=nan best=-1.0000
[step 0020/200] method=baseline_avg loss=0.4881 train_acc=nan train_loss=nan val_acc=nan val_loss=nan best=-1.0000
[step 0030/200] method=baseline_avg loss=0.6438 train_acc=nan train_loss=nan val_acc=nan val_loss=nan best=-1.0000
[step 0040/200] method=baseline_avg loss=0.6387 train_acc=nan train_loss=nan val_acc=nan val_loss=nan best=-1.0000
[step 0050/200] method=baseline_avg loss=0.5846 train_acc=nan train_loss=nan val_acc=nan val_loss=nan best=-1.0000
[step 0060/200] method=baseline_avg loss=0.5778 train_acc=nan train_loss=nan val_acc=nan val_loss=nan best=-1.0000
[step 0070/200] method=baseline_avg loss=0.5688 train_acc=nan train_loss=nan val_acc=nan val_loss=nan best=-1.0000
[step 0080/200] method=baseline_avg loss=0.8021 train_acc=nan train_loss=nan val_acc=nan val_loss=nan best=-1.0000
[step 0090/200] method=baseline_avg loss=0.4771 train_acc=nan train_loss=nan val_acc=nan val_loss=nan best=-1.0000
[step 0100/200] method=baseline_avg loss=0.6491 train_acc=nan train_loss=nan val_acc=0.6029 val_loss=0.6569 router_H=0.6119 best=0.6029
           router_load=[0.1778266280889511, 0.1324237585067749, 0.6897495985031128, 0.0]
[step 0110/200] method=baseline_avg loss=0.5498 train_acc=nan train_loss=nan val_acc=0.6029 val_loss=0.6569 router_H=0.6119 best=0.6029
           router_load=[0.1778266280889511, 0.1324237585067749, 0.6897495985031128, 0.0]
[step 0120/200] method=baseline_avg loss=0.5101 train_acc=nan train_loss=nan val_acc=0.6029 val_loss=0.6569 router_H=0.6119 best=0.6029
           router_load=[0.1778266280889511, 0.1324237585067749, 0.6897495985031128, 0.0]
[step 0130/200] method=baseline_avg loss=0.4959 train_acc=nan train_loss=nan val_acc=0.6029 val_loss=0.6569 router_H=0.6119 best=0.6029
           router_load=[0.1778266280889511, 0.1324237585067749, 0.6897495985031128, 0.0]
[step 0140/200] method=baseline_avg loss=0.5599 train_acc=nan train_loss=nan val_acc=0.6029 val_loss=0.6569 router_H=0.6119 best=0.6029
           router_load=[0.1778266280889511, 0.1324237585067749, 0.6897495985031128, 0.0]
[step 0150/200] method=baseline_avg loss=0.4865 train_acc=nan train_loss=nan val_acc=0.6029 val_loss=0.6569 router_H=0.6119 best=0.6029
           router_load=[0.1778266280889511, 0.1324237585067749, 0.6897495985031128, 0.0]
[step 0160/200] method=baseline_avg loss=0.5258 train_acc=nan train_loss=nan val_acc=0.6029 val_loss=0.6569 router_H=0.6119 best=0.6029
           router_load=[0.1778266280889511, 0.1324237585067749, 0.6897495985031128, 0.0]
[step 0170/200] method=baseline_avg loss=0.7783 train_acc=nan train_loss=nan val_acc=0.6029 val_loss=0.6569 router_H=0.6119 best=0.6029
           router_load=[0.1778266280889511, 0.1324237585067749, 0.6897495985031128, 0.0]
[step 0180/200] method=baseline_avg loss=0.8519 train_acc=nan train_loss=nan val_acc=0.6029 val_loss=0.6569 router_H=0.6119 best=0.6029
           router_load=[0.1778266280889511, 0.1324237585067749, 0.6897495985031128, 0.0]
[step 0190/200] method=baseline_avg loss=0.6354 train_acc=nan train_loss=nan val_acc=0.6029 val_loss=0.6569 router_H=0.6119 best=0.6029
           router_load=[0.1778266280889511, 0.1324237585067749, 0.6897495985031128, 0.0]
[step 0200/200] method=baseline_avg loss=0.5975 train_acc=nan train_loss=nan val_acc=0.6134 val_loss=0.5858 router_H=0.6444 best=0.6134
           router_load=[0.3510112166404724, 0.002504735253751278, 0.6464840769767761, 0.0]
saved summary -> /root/Optimization/MOE-grad-conflict-routing-appendix2/runs/paper_suite_supplement/appendix/ffn_generalization/glue3_roberta_ffn_e4_k2/_method_workers/baseline/hpo/baseline/trial_runs/coord_03_anchor/baseline_s3.json
saved curve -> /root/Optimization/MOE-grad-conflict-routing-appendix2/runs/paper_suite_supplement/appendix/ffn_generalization/glue3_roberta_ffn_e4_k2/_method_workers/baseline/hpo/baseline/trial_runs/coord_03_anchor/baseline_s3_curve.csv
