[run] method=baseline candidate=local_var_topk_014 seed=2 steps=150 gpu=0
[run] cmd=
/home/zhujjing/anaconda3/envs/moe/bin/python /home/zhujjing/MOE-grad-conflict-routing/scripts/run.py --config configs/singletask_mrpc_real.yaml --set model.backbone_backend=hf --set model.hf_load_pretrained=true --set model.backbone=deberta --set model.hf_pretrained_name=microsoft/deberta-v3-base --set model.expert_type=ffn --set model.routing_mode=topk --set model.num_experts=4 --set model.top_k=2 --set seed=2 --set method.name=baseline_avg --set train.steps=150 --set train.eval_every_steps=50 --set train.grad_clip=1.261600779 --set train.lr=0.000111297366 --set train.weight_decay=0.02108226147 --out /home/zhujjing/MOE-grad-conflict-routing/runs/paper_suite/single_gpu/single_task/deberta_mrpc_ffn_e4_k2/hpo/baseline/trial_runs/local_var_topk_014/baseline_s2.json --curve_out /home/zhujjing/MOE-grad-conflict-routing/runs/paper_suite/single_gpu/single_task/deberta_mrpc_ffn_e4_k2/hpo/baseline/trial_runs/local_var_topk_014/baseline_s2_curve.csv
Using the latest cached version of the dataset since glue couldn't be found on the Hugging Face Hub (offline mode is enabled).
Found the latest cached dataset configuration 'mrpc' at /home/zhujjing/hf_cache/datasets/glue/mrpc/0.0.0/bcdcba79d07bc864c1c254ccfcedcce55bcc9a8c (last modified on Thu Mar 19 15:01:06 2026).
/home/zhujjing/anaconda3/envs/moe/lib/python3.10/site-packages/transformers/utils/hub.py:124: FutureWarning: Using `TRANSFORMERS_CACHE` is deprecated and will be removed in v5 of Transformers. Use `HF_HOME` instead.
  warnings.warn(
/home/zhujjing/anaconda3/envs/moe/lib/python3.10/site-packages/transformers/convert_slow_tokenizer.py:560: UserWarning: The sentencepiece tokenizer that you are converting to a fast tokenizer uses the byte fallback option which is not implemented in the fast tokenizers. In practice this means that the fast version of the tokenizer can produce unknown tokens whereas the sentencepiece version would have converted these unknown tokens into a sequence of byte tokens matching the original piece of text.
  warnings.warn(
[step 0001/150] method=baseline_avg loss=0.7184 train_acc=nan train_loss=nan val_acc=nan val_loss=nan best=-1.0000
[step 0010/150] method=baseline_avg loss=0.6013 train_acc=nan train_loss=nan val_acc=nan val_loss=nan best=-1.0000
[step 0020/150] method=baseline_avg loss=0.8167 train_acc=nan train_loss=nan val_acc=nan val_loss=nan best=-1.0000
[step 0030/150] method=baseline_avg loss=0.6392 train_acc=nan train_loss=nan val_acc=nan val_loss=nan best=-1.0000
[step 0040/150] method=baseline_avg loss=0.5336 train_acc=nan train_loss=nan val_acc=nan val_loss=nan best=-1.0000
[step 0050/150] method=baseline_avg loss=0.4703 train_acc=0.7814 train_loss=0.4903 val_acc=0.7794 val_loss=0.4905 router_H=0.5176 best=0.7794
           router_load=[0.7823765277862549, 0.0386427566409111, 0.1789807677268982, 0.0]
[step 0060/150] method=baseline_avg loss=0.5345 train_acc=0.7814 train_loss=0.4903 val_acc=0.7794 val_loss=0.4905 router_H=0.5176 best=0.7794
           router_load=[0.7823765277862549, 0.0386427566409111, 0.1789807677268982, 0.0]
[step 0070/150] method=baseline_avg loss=0.3422 train_acc=0.7814 train_loss=0.4903 val_acc=0.7794 val_loss=0.4905 router_H=0.5176 best=0.7794
           router_load=[0.7823765277862549, 0.0386427566409111, 0.1789807677268982, 0.0]
[step 0080/150] method=baseline_avg loss=0.3649 train_acc=0.7814 train_loss=0.4903 val_acc=0.7794 val_loss=0.4905 router_H=0.5176 best=0.7794
           router_load=[0.7823765277862549, 0.0386427566409111, 0.1789807677268982, 0.0]
[step 0090/150] method=baseline_avg loss=0.5572 train_acc=0.7814 train_loss=0.4903 val_acc=0.7794 val_loss=0.4905 router_H=0.5176 best=0.7794
           router_load=[0.7823765277862549, 0.0386427566409111, 0.1789807677268982, 0.0]
[step 0100/150] method=baseline_avg loss=0.2566 train_acc=0.8637 train_loss=0.3000 val_acc=0.8358 val_loss=0.3428 router_H=0.6083 best=0.8358
           router_load=[0.5620887279510498, 0.0002035256038652733, 0.4371239244937897, 0.0005838098004460335]
[step 0110/150] method=baseline_avg loss=0.6595 train_acc=0.8637 train_loss=0.3000 val_acc=0.8358 val_loss=0.3428 router_H=0.6083 best=0.8358
           router_load=[0.5620887279510498, 0.0002035256038652733, 0.4371239244937897, 0.0005838098004460335]
[step 0120/150] method=baseline_avg loss=0.5917 train_acc=0.8637 train_loss=0.3000 val_acc=0.8358 val_loss=0.3428 router_H=0.6083 best=0.8358
           router_load=[0.5620887279510498, 0.0002035256038652733, 0.4371239244937897, 0.0005838098004460335]
[step 0130/150] method=baseline_avg loss=0.3736 train_acc=0.8637 train_loss=0.3000 val_acc=0.8358 val_loss=0.3428 router_H=0.6083 best=0.8358
           router_load=[0.5620887279510498, 0.0002035256038652733, 0.4371239244937897, 0.0005838098004460335]
[step 0140/150] method=baseline_avg loss=0.3600 train_acc=0.8637 train_loss=0.3000 val_acc=0.8358 val_loss=0.3428 router_H=0.6083 best=0.8358
           router_load=[0.5620887279510498, 0.0002035256038652733, 0.4371239244937897, 0.0005838098004460335]
[step 0150/150] method=baseline_avg loss=0.4272 train_acc=0.8950 train_loss=0.2593 val_acc=0.8897 val_loss=0.2926 router_H=0.6476 best=0.8897
           router_load=[0.3705757260322571, 0.0, 0.6294242739677429, 0.0]
saved summary -> /home/zhujjing/MOE-grad-conflict-routing/runs/paper_suite/single_gpu/single_task/deberta_mrpc_ffn_e4_k2/hpo/baseline/trial_runs/local_var_topk_014/baseline_s2.json
saved curve -> /home/zhujjing/MOE-grad-conflict-routing/runs/paper_suite/single_gpu/single_task/deberta_mrpc_ffn_e4_k2/hpo/baseline/trial_runs/local_var_topk_014/baseline_s2_curve.csv
