[run] method=baseline candidate=local_var_topk_022 seed=3 steps=150 gpu=0
[run] cmd=
/home/zhujjing/anaconda3/envs/moe/bin/python /home/zhujjing/MOE-grad-conflict-routing/scripts/run.py --config configs/singletask_sst2_real.yaml --set model.backbone_backend=hf --set model.hf_load_pretrained=true --set model.backbone=roberta --set model.hf_pretrained_name=roberta-base --set model.expert_type=ffn --set model.routing_mode=topk --set model.num_experts=4 --set model.top_k=2 --set seed=3 --set method.name=baseline_avg --set train.steps=150 --set train.eval_every_steps=50 --set train.grad_clip=0.6271934851 --set train.lr=7.684755e-05 --set train.weight_decay=0.04458013788 --out /home/zhujjing/MOE-grad-conflict-routing/runs/paper_suite/single_gpu/single_task/roberta_sst2_ffn_e4_k2/hpo/baseline/trial_runs/local_var_topk_022/baseline_s3.json --curve_out /home/zhujjing/MOE-grad-conflict-routing/runs/paper_suite/single_gpu/single_task/roberta_sst2_ffn_e4_k2/hpo/baseline/trial_runs/local_var_topk_022/baseline_s3_curve.csv
Using the latest cached version of the dataset since glue couldn't be found on the Hugging Face Hub (offline mode is enabled).
Found the latest cached dataset configuration 'sst2' at /home/zhujjing/hf_cache/datasets/glue/sst2/0.0.0/bcdcba79d07bc864c1c254ccfcedcce55bcc9a8c (last modified on Thu Mar 19 15:01:41 2026).
/home/zhujjing/anaconda3/envs/moe/lib/python3.10/site-packages/transformers/utils/hub.py:124: FutureWarning: Using `TRANSFORMERS_CACHE` is deprecated and will be removed in v5 of Transformers. Use `HF_HOME` instead.
  warnings.warn(
Some weights of RobertaModel were not initialized from the model checkpoint at roberta-base and are newly initialized: ['roberta.pooler.dense.bias', 'roberta.pooler.dense.weight']
You should probably TRAIN this model on a down-stream task to be able to use it for predictions and inference.
[step 0001/150] method=baseline_avg loss=0.7270 train_acc=nan train_loss=nan val_acc=nan val_loss=nan best=-1.0000
[step 0010/150] method=baseline_avg loss=0.6428 train_acc=nan train_loss=nan val_acc=nan val_loss=nan best=-1.0000
[step 0020/150] method=baseline_avg loss=0.5973 train_acc=nan train_loss=nan val_acc=nan val_loss=nan best=-1.0000
[step 0030/150] method=baseline_avg loss=0.6092 train_acc=nan train_loss=nan val_acc=nan val_loss=nan best=-1.0000
[step 0040/150] method=baseline_avg loss=0.6994 train_acc=nan train_loss=nan val_acc=nan val_loss=nan best=-1.0000
[step 0050/150] method=baseline_avg loss=0.4118 train_acc=0.8630 train_loss=0.3891 val_acc=0.8819 val_loss=0.3535 router_H=0.5487 best=0.8819
           router_load=[0.08807610720396042, 0.14348967373371124, 0.008414659649133682, 0.7600194811820984]
[step 0060/150] method=baseline_avg loss=0.9512 train_acc=0.8630 train_loss=0.3891 val_acc=0.8819 val_loss=0.3535 router_H=0.5487 best=0.8819
           router_load=[0.08807610720396042, 0.14348967373371124, 0.008414659649133682, 0.7600194811820984]
[step 0070/150] method=baseline_avg loss=0.7597 train_acc=0.8630 train_loss=0.3891 val_acc=0.8819 val_loss=0.3535 router_H=0.5487 best=0.8819
           router_load=[0.08807610720396042, 0.14348967373371124, 0.008414659649133682, 0.7600194811820984]
[step 0080/150] method=baseline_avg loss=0.8465 train_acc=0.8630 train_loss=0.3891 val_acc=0.8819 val_loss=0.3535 router_H=0.5487 best=0.8819
           router_load=[0.08807610720396042, 0.14348967373371124, 0.008414659649133682, 0.7600194811820984]
[step 0090/150] method=baseline_avg loss=0.8383 train_acc=0.8630 train_loss=0.3891 val_acc=0.8819 val_loss=0.3535 router_H=0.5487 best=0.8819
           router_load=[0.08807610720396042, 0.14348967373371124, 0.008414659649133682, 0.7600194811820984]
[step 0100/150] method=baseline_avg loss=0.8038 train_acc=0.4422 train_loss=0.7083 val_acc=0.4908 val_loss=0.6980 router_H=0.6887 best=0.8819
           router_load=[0.0, 0.4528766870498657, 0.0, 0.5471233129501343]
[step 0110/150] method=baseline_avg loss=0.8090 train_acc=0.4422 train_loss=0.7083 val_acc=0.4908 val_loss=0.6980 router_H=0.6887 best=0.8819
           router_load=[0.0, 0.4528766870498657, 0.0, 0.5471233129501343]
[step 0120/150] method=baseline_avg loss=0.6609 train_acc=0.4422 train_loss=0.7083 val_acc=0.4908 val_loss=0.6980 router_H=0.6887 best=0.8819
           router_load=[0.0, 0.4528766870498657, 0.0, 0.5471233129501343]
[step 0130/150] method=baseline_avg loss=0.6660 train_acc=0.4422 train_loss=0.7083 val_acc=0.4908 val_loss=0.6980 router_H=0.6887 best=0.8819
           router_load=[0.0, 0.4528766870498657, 0.0, 0.5471233129501343]
[step 0140/150] method=baseline_avg loss=0.7055 train_acc=0.4422 train_loss=0.7083 val_acc=0.4908 val_loss=0.6980 router_H=0.6887 best=0.8819
           router_load=[0.0, 0.4528766870498657, 0.0, 0.5471233129501343]
[step 0150/150] method=baseline_avg loss=0.6935 train_acc=0.5578 train_loss=0.6870 val_acc=0.5092 val_loss=0.6950 router_H=0.6842 best=0.8819
           router_load=[0.0, 0.5668428540229797, 0.4331570565700531, 0.0]
saved summary -> /home/zhujjing/MOE-grad-conflict-routing/runs/paper_suite/single_gpu/single_task/roberta_sst2_ffn_e4_k2/hpo/baseline/trial_runs/local_var_topk_022/baseline_s3.json
saved curve -> /home/zhujjing/MOE-grad-conflict-routing/runs/paper_suite/single_gpu/single_task/roberta_sst2_ffn_e4_k2/hpo/baseline/trial_runs/local_var_topk_022/baseline_s3_curve.csv
