[run] method=cagrad candidate=local_var_topk_002 seed=3 steps=200 gpu=0
[run] cmd=
/root/miniconda3/envs/optimization/bin/python /root/Optimization/MOE-grad-conflict-routing-appendix2/scripts/run.py --config configs/multitask_textcls_local_sst2_yelp_amazon_real.yaml --set model.backbone_backend=hf --set model.hf_load_pretrained=true --set model.hf_local_files_only=true --set model.routing_mode=topk --set model.expert_type=lora --set model.num_experts=4 --set model.top_k=2 --set data.train_size=20000 --set data.val_size=4000 --set model.backbone=roberta --set model.hf_pretrained_name=roberta-base --set train.eval_val_fraction=0.2 --set train.skip_train_eval=true --set seed=3 --set method.name=baseline_cagrad --set train.steps=200 --set train.eval_every_steps=100 --set method.baseline_cagrad.c=0.2149024878 --set method.baseline_cagrad.inner_lr=0.2 --set train.grad_clip=1.211233607 --set train.lr=1.2775892e-05 --set train.weight_decay=0.0494133814 --out /root/Optimization/MOE-grad-conflict-routing-appendix2/runs/paper_suite_supplement/appendix/multi_dataset_real/roberta_lora_e4_k2/_method_workers/cagrad/hpo/cagrad/trial_runs/local_var_topk_002/cagrad_s3.json --curve_out /root/Optimization/MOE-grad-conflict-routing-appendix2/runs/paper_suite_supplement/appendix/multi_dataset_real/roberta_lora_e4_k2/_method_workers/cagrad/hpo/cagrad/trial_runs/local_var_topk_002/cagrad_s3_curve.csv
Loading weights:   0%|          | 0/197 [00:00<?, ?it/s]Loading weights: 100%|██████████| 197/197 [00:00<00:00, 5324.98it/s]
[1mRobertaModel LOAD REPORT[0m from: roberta-base
Key                             | Status     | 
--------------------------------+------------+-
lm_head.layer_norm.bias         | UNEXPECTED | 
lm_head.layer_norm.weight       | UNEXPECTED | 
lm_head.dense.bias              | UNEXPECTED | 
roberta.embeddings.position_ids | UNEXPECTED | 
lm_head.dense.weight            | UNEXPECTED | 
lm_head.bias                    | UNEXPECTED | 
pooler.dense.bias               | MISSING    | 
pooler.dense.weight             | MISSING    | 

[3mNotes:
- UNEXPECTED[3m	:can be ignored when loading from different task/architecture; not ok if you expect identical arch.
- MISSING[3m	:those params were newly initialized because missing from the checkpoint. Consider training on your downstream task.[0m
[step 0001/200] method=baseline_cagrad loss=0.7003 train_acc=nan train_loss=nan val_acc=nan val_loss=nan best=-1.0000
[step 0010/200] method=baseline_cagrad loss=0.6460 train_acc=nan train_loss=nan val_acc=nan val_loss=nan best=-1.0000
[step 0020/200] method=baseline_cagrad loss=0.5967 train_acc=nan train_loss=nan val_acc=nan val_loss=nan best=-1.0000
[step 0030/200] method=baseline_cagrad loss=0.3775 train_acc=nan train_loss=nan val_acc=nan val_loss=nan best=-1.0000
[step 0040/200] method=baseline_cagrad loss=0.0856 train_acc=nan train_loss=nan val_acc=nan val_loss=nan best=-1.0000
[step 0050/200] method=baseline_cagrad loss=0.2009 train_acc=nan train_loss=nan val_acc=nan val_loss=nan best=-1.0000
[step 0060/200] method=baseline_cagrad loss=0.1978 train_acc=nan train_loss=nan val_acc=nan val_loss=nan best=-1.0000
[step 0070/200] method=baseline_cagrad loss=0.2963 train_acc=nan train_loss=nan val_acc=nan val_loss=nan best=-1.0000
[step 0080/200] method=baseline_cagrad loss=0.0559 train_acc=nan train_loss=nan val_acc=nan val_loss=nan best=-1.0000
[step 0090/200] method=baseline_cagrad loss=0.2370 train_acc=nan train_loss=nan val_acc=nan val_loss=nan best=-1.0000
[step 0100/200] method=baseline_cagrad loss=0.1191 train_acc=nan train_loss=nan val_acc=0.9137 val_loss=0.2461 router_H=0.6883 best=0.9137
           router_load=[0.10881048440933228, 0.0262724831700325, 0.4823317229747772, 0.3825855851173401]
[step 0110/200] method=baseline_cagrad loss=0.0860 train_acc=nan train_loss=nan val_acc=0.9137 val_loss=0.2461 router_H=0.6883 best=0.9137
           router_load=[0.10881048440933228, 0.0262724831700325, 0.4823317229747772, 0.3825855851173401]
[step 0120/200] method=baseline_cagrad loss=0.1363 train_acc=nan train_loss=nan val_acc=0.9137 val_loss=0.2461 router_H=0.6883 best=0.9137
           router_load=[0.10881048440933228, 0.0262724831700325, 0.4823317229747772, 0.3825855851173401]
[step 0130/200] method=baseline_cagrad loss=0.1542 train_acc=nan train_loss=nan val_acc=0.9137 val_loss=0.2461 router_H=0.6883 best=0.9137
           router_load=[0.10881048440933228, 0.0262724831700325, 0.4823317229747772, 0.3825855851173401]
[step 0140/200] method=baseline_cagrad loss=0.4083 train_acc=nan train_loss=nan val_acc=0.9137 val_loss=0.2461 router_H=0.6883 best=0.9137
           router_load=[0.10881048440933228, 0.0262724831700325, 0.4823317229747772, 0.3825855851173401]
[step 0150/200] method=baseline_cagrad loss=0.3900 train_acc=nan train_loss=nan val_acc=0.9137 val_loss=0.2461 router_H=0.6883 best=0.9137
           router_load=[0.10881048440933228, 0.0262724831700325, 0.4823317229747772, 0.3825855851173401]
[step 0160/200] method=baseline_cagrad loss=0.1965 train_acc=nan train_loss=nan val_acc=0.9137 val_loss=0.2461 router_H=0.6883 best=0.9137
           router_load=[0.10881048440933228, 0.0262724831700325, 0.4823317229747772, 0.3825855851173401]
[step 0170/200] method=baseline_cagrad loss=0.3567 train_acc=nan train_loss=nan val_acc=0.9137 val_loss=0.2461 router_H=0.6883 best=0.9137
           router_load=[0.10881048440933228, 0.0262724831700325, 0.4823317229747772, 0.3825855851173401]
[step 0180/200] method=baseline_cagrad loss=0.0612 train_acc=nan train_loss=nan val_acc=0.9137 val_loss=0.2461 router_H=0.6883 best=0.9137
           router_load=[0.10881048440933228, 0.0262724831700325, 0.4823317229747772, 0.3825855851173401]
[step 0190/200] method=baseline_cagrad loss=0.3337 train_acc=nan train_loss=nan val_acc=0.9137 val_loss=0.2461 router_H=0.6883 best=0.9137
           router_load=[0.10881048440933228, 0.0262724831700325, 0.4823317229747772, 0.3825855851173401]
[step 0200/200] method=baseline_cagrad loss=0.2375 train_acc=nan train_loss=nan val_acc=0.9272 val_loss=0.2062 router_H=0.6884 best=0.9272
           router_load=[0.10507525503635406, 0.028243763372302055, 0.4220464527606964, 0.44463446736335754]
saved summary -> /root/Optimization/MOE-grad-conflict-routing-appendix2/runs/paper_suite_supplement/appendix/multi_dataset_real/roberta_lora_e4_k2/_method_workers/cagrad/hpo/cagrad/trial_runs/local_var_topk_002/cagrad_s3.json
saved curve -> /root/Optimization/MOE-grad-conflict-routing-appendix2/runs/paper_suite_supplement/appendix/multi_dataset_real/roberta_lora_e4_k2/_method_workers/cagrad/hpo/cagrad/trial_runs/local_var_topk_002/cagrad_s3_curve.csv
