[run] method=cagrad candidate=coord_05_method_baseline_cagrad_inner_lr_002 seed=3 steps=200 gpu=0
[run] cmd=
/root/miniconda3/envs/optimization/bin/python /root/Optimization/MOE-grad-conflict-routing/scripts/run.py --config configs/singletask_cola_real.yaml --set model.backbone_backend=hf --set model.hf_load_pretrained=true --set model.backbone=roberta --set model.hf_pretrained_name=roberta-base --set model.expert_type=ffn --set model.routing_mode=topk --set model.num_experts=4 --set model.top_k=2 --set seed=3 --set method.name=baseline_cagrad --set train.steps=200 --set train.eval_every_steps=50 --set method.baseline_cagrad.c=0.9288277249 --set method.baseline_cagrad.inner_lr=0.1566407295 --set train.grad_clip=1.273448831 --set train.lr=9.799696332e-06 --set train.weight_decay=0.005634744023 --out /root/Optimization/MOE-grad-conflict-routing/runs/paper_suite_supplement/single_task_add_rerun/single_task/roberta_cola_ffn_e4_k2/hpo/cagrad/trial_runs/coord_05_method_baseline_cagrad_inner_lr_002/cagrad_s3.json --curve_out /root/Optimization/MOE-grad-conflict-routing/runs/paper_suite_supplement/single_task_add_rerun/single_task/roberta_cola_ffn_e4_k2/hpo/cagrad/trial_runs/coord_05_method_baseline_cagrad_inner_lr_002/cagrad_s3_curve.csv
Using the latest cached version of the dataset since glue couldn't be found on the Hugging Face Hub (offline mode is enabled).
Found the latest cached dataset configuration 'cola' at /root/.cache/huggingface/datasets/glue/cola/0.0.0/bcdcba79d07bc864c1c254ccfcedcce55bcc9a8c (last modified on Mon Mar 23 09:28:48 2026).
Loading weights:   0%|          | 0/197 [00:00<?, ?it/s]Loading weights: 100%|██████████| 197/197 [00:00<00:00, 9351.58it/s]
[1mRobertaModel LOAD REPORT[0m from: roberta-base
Key                             | Status     | 
--------------------------------+------------+-
lm_head.dense.bias              | UNEXPECTED | 
lm_head.dense.weight            | UNEXPECTED | 
roberta.embeddings.position_ids | UNEXPECTED | 
lm_head.layer_norm.weight       | UNEXPECTED | 
lm_head.bias                    | UNEXPECTED | 
lm_head.layer_norm.bias         | UNEXPECTED | 
pooler.dense.weight             | MISSING    | 
pooler.dense.bias               | MISSING    | 

[3mNotes:
- UNEXPECTED[3m	:can be ignored when loading from different task/architecture; not ok if you expect identical arch.
- MISSING[3m	:those params were newly initialized because missing from the checkpoint. Consider training on your downstream task.[0m
[step 0001/200] method=baseline_cagrad loss=0.6668 train_acc=nan train_loss=nan val_acc=nan val_loss=nan best=-1.0000
[step 0010/200] method=baseline_cagrad loss=0.5548 train_acc=nan train_loss=nan val_acc=nan val_loss=nan best=-1.0000
[step 0020/200] method=baseline_cagrad loss=0.7007 train_acc=nan train_loss=nan val_acc=nan val_loss=nan best=-1.0000
[step 0030/200] method=baseline_cagrad loss=0.6514 train_acc=nan train_loss=nan val_acc=nan val_loss=nan best=-1.0000
[step 0040/200] method=baseline_cagrad loss=0.7361 train_acc=nan train_loss=nan val_acc=nan val_loss=nan best=-1.0000
[step 0050/200] method=baseline_cagrad loss=0.6225 train_acc=0.7044 train_loss=0.5964 val_acc=0.6913 val_loss=0.6175 router_H=0.6489 best=0.6913
           router_load=[0.0, 0.0132902842015028, 0.642610490322113, 0.3440992534160614]
[step 0060/200] method=baseline_cagrad loss=0.5024 train_acc=0.7044 train_loss=0.5964 val_acc=0.6913 val_loss=0.6175 router_H=0.6489 best=0.6913
           router_load=[0.0, 0.0132902842015028, 0.642610490322113, 0.3440992534160614]
[step 0070/200] method=baseline_cagrad loss=0.6192 train_acc=0.7044 train_loss=0.5964 val_acc=0.6913 val_loss=0.6175 router_H=0.6489 best=0.6913
           router_load=[0.0, 0.0132902842015028, 0.642610490322113, 0.3440992534160614]
[step 0080/200] method=baseline_cagrad loss=0.4679 train_acc=0.7044 train_loss=0.5964 val_acc=0.6913 val_loss=0.6175 router_H=0.6489 best=0.6913
           router_load=[0.0, 0.0132902842015028, 0.642610490322113, 0.3440992534160614]
[step 0090/200] method=baseline_cagrad loss=0.5759 train_acc=0.7044 train_loss=0.5964 val_acc=0.6913 val_loss=0.6175 router_H=0.6489 best=0.6913
           router_load=[0.0, 0.0132902842015028, 0.642610490322113, 0.3440992534160614]
[step 0100/200] method=baseline_cagrad loss=0.4551 train_acc=0.7044 train_loss=0.4721 val_acc=0.6913 val_loss=0.5081 router_H=0.6005 best=0.6913
           router_load=[0.0, 0.004119230434298515, 0.6833921074867249, 0.31248849630355835]
[step 0110/200] method=baseline_cagrad loss=0.4075 train_acc=0.7044 train_loss=0.4721 val_acc=0.6913 val_loss=0.5081 router_H=0.6005 best=0.6913
           router_load=[0.0, 0.004119230434298515, 0.6833921074867249, 0.31248849630355835]
[step 0120/200] method=baseline_cagrad loss=0.5151 train_acc=0.7044 train_loss=0.4721 val_acc=0.6913 val_loss=0.5081 router_H=0.6005 best=0.6913
           router_load=[0.0, 0.004119230434298515, 0.6833921074867249, 0.31248849630355835]
[step 0130/200] method=baseline_cagrad loss=0.6413 train_acc=0.7044 train_loss=0.4721 val_acc=0.6913 val_loss=0.5081 router_H=0.6005 best=0.6913
           router_load=[0.0, 0.004119230434298515, 0.6833921074867249, 0.31248849630355835]
[step 0140/200] method=baseline_cagrad loss=0.6068 train_acc=0.7044 train_loss=0.4721 val_acc=0.6913 val_loss=0.5081 router_H=0.6005 best=0.6913
           router_load=[0.0, 0.004119230434298515, 0.6833921074867249, 0.31248849630355835]
[step 0150/200] method=baseline_cagrad loss=0.3109 train_acc=0.7447 train_loss=0.4780 val_acc=0.7325 val_loss=0.5356 router_H=0.4914 best=0.7325
           router_load=[0.0, 0.0249409768730402, 0.7794744372367859, 0.19558456540107727]
[step 0160/200] method=baseline_cagrad loss=0.4795 train_acc=0.7447 train_loss=0.4780 val_acc=0.7325 val_loss=0.5356 router_H=0.4914 best=0.7325
           router_load=[0.0, 0.0249409768730402, 0.7794744372367859, 0.19558456540107727]
[step 0170/200] method=baseline_cagrad loss=0.3093 train_acc=0.7447 train_loss=0.4780 val_acc=0.7325 val_loss=0.5356 router_H=0.4914 best=0.7325
           router_load=[0.0, 0.0249409768730402, 0.7794744372367859, 0.19558456540107727]
[step 0180/200] method=baseline_cagrad loss=0.5477 train_acc=0.7447 train_loss=0.4780 val_acc=0.7325 val_loss=0.5356 router_H=0.4914 best=0.7325
           router_load=[0.0, 0.0249409768730402, 0.7794744372367859, 0.19558456540107727]
[step 0190/200] method=baseline_cagrad loss=0.5505 train_acc=0.7447 train_loss=0.4780 val_acc=0.7325 val_loss=0.5356 router_H=0.4914 best=0.7325
           router_load=[0.0, 0.0249409768730402, 0.7794744372367859, 0.19558456540107727]
[step 0200/200] method=baseline_cagrad loss=0.5810 train_acc=0.8342 train_loss=0.4081 val_acc=0.8006 val_loss=0.4628 router_H=0.5270 best=0.8006
           router_load=[0.0, 0.04100098833441734, 0.7372912764549255, 0.22170774638652802]
saved summary -> /root/Optimization/MOE-grad-conflict-routing/runs/paper_suite_supplement/single_task_add_rerun/single_task/roberta_cola_ffn_e4_k2/hpo/cagrad/trial_runs/coord_05_method_baseline_cagrad_inner_lr_002/cagrad_s3.json
saved curve -> /root/Optimization/MOE-grad-conflict-routing/runs/paper_suite_supplement/single_task_add_rerun/single_task/roberta_cola_ffn_e4_k2/hpo/cagrad/trial_runs/coord_05_method_baseline_cagrad_inner_lr_002/cagrad_s3_curve.csv
