[run] method=ours candidate=coord_01_train_lr_001 seed=3 steps=150 gpu=0
[run] cmd=
/home/zhujjing/anaconda3/envs/moe/bin/python /home/zhujjing/MOE-grad-conflict-routing/scripts/run.py --config configs/singletask_sst2_real.yaml --set model.backbone_backend=hf --set model.hf_load_pretrained=true --set model.hf_local_files_only=true --set model.backbone=deberta --set model.hf_pretrained_name=microsoft/deberta-v3-base --set model.expert_type=lora --set model.routing_mode=topk --set model.num_experts=4 --set model.top_k=2 --set seed=3 --set method.name=ours --set train.steps=150 --set train.eval_every_steps=50 --set method.ours.use_load_norm=true --set method.ours.lambda_align=0.001 --set train.grad_clip=1 --set train.lr=6.093904654e-06 --set train.weight_decay=0.01 --out /home/zhujjing/MOE-grad-conflict-routing/runs/paper_suite/single_gpu/single_task/deberta_sst2_lora_e4_k2_supplement/hpo/ours/trial_runs/coord_01_train_lr_001/ours_s3.json --curve_out /home/zhujjing/MOE-grad-conflict-routing/runs/paper_suite/single_gpu/single_task/deberta_sst2_lora_e4_k2_supplement/hpo/ours/trial_runs/coord_01_train_lr_001/ours_s3_curve.csv
Using the latest cached version of the dataset since glue couldn't be found on the Hugging Face Hub (offline mode is enabled).
Found the latest cached dataset configuration 'sst2' at /home/zhujjing/hf_cache/datasets/glue/sst2/0.0.0/bcdcba79d07bc864c1c254ccfcedcce55bcc9a8c (last modified on Thu Mar 19 15:01:41 2026).
/home/zhujjing/anaconda3/envs/moe/lib/python3.10/site-packages/transformers/utils/hub.py:124: FutureWarning: Using `TRANSFORMERS_CACHE` is deprecated and will be removed in v5 of Transformers. Use `HF_HOME` instead.
  warnings.warn(
/home/zhujjing/anaconda3/envs/moe/lib/python3.10/site-packages/transformers/convert_slow_tokenizer.py:560: UserWarning: The sentencepiece tokenizer that you are converting to a fast tokenizer uses the byte fallback option which is not implemented in the fast tokenizers. In practice this means that the fast version of the tokenizer can produce unknown tokens whereas the sentencepiece version would have converted these unknown tokens into a sequence of byte tokens matching the original piece of text.
  warnings.warn(
[step 0001/150] method=ours loss=0.7860 train_acc=nan train_loss=nan val_acc=nan val_loss=nan best=-1.0000
[step 0010/150] method=ours loss=0.6684 train_acc=nan train_loss=nan val_acc=nan val_loss=nan best=-1.0000
[step 0020/150] method=ours loss=0.6359 train_acc=nan train_loss=nan val_acc=nan val_loss=nan best=-1.0000
[step 0030/150] method=ours loss=0.6761 train_acc=nan train_loss=nan val_acc=nan val_loss=nan best=-1.0000
[step 0040/150] method=ours loss=0.6993 train_acc=nan train_loss=nan val_acc=nan val_loss=nan best=-1.0000
[step 0050/150] method=ours loss=0.7211 train_acc=0.6902 train_loss=0.6215 val_acc=0.7087 val_loss=0.6291 router_H=0.5598 best=0.7087
           router_load=[0.11458560824394226, 0.14028580486774445, 0.7451285123825073, 0.0]
[step 0060/150] method=ours loss=0.5831 train_acc=0.6902 train_loss=0.6215 val_acc=0.7087 val_loss=0.6291 router_H=0.5598 best=0.7087
           router_load=[0.11458560824394226, 0.14028580486774445, 0.7451285123825073, 0.0]
[step 0070/150] method=ours loss=0.6070 train_acc=0.6902 train_loss=0.6215 val_acc=0.7087 val_loss=0.6291 router_H=0.5598 best=0.7087
           router_load=[0.11458560824394226, 0.14028580486774445, 0.7451285123825073, 0.0]
[step 0080/150] method=ours loss=0.4840 train_acc=0.6902 train_loss=0.6215 val_acc=0.7087 val_loss=0.6291 router_H=0.5598 best=0.7087
           router_load=[0.11458560824394226, 0.14028580486774445, 0.7451285123825073, 0.0]
[step 0090/150] method=ours loss=0.4057 train_acc=0.6902 train_loss=0.6215 val_acc=0.7087 val_loss=0.6291 router_H=0.5598 best=0.7087
           router_load=[0.11458560824394226, 0.14028580486774445, 0.7451285123825073, 0.0]
[step 0100/150] method=ours loss=0.3081 train_acc=0.8826 train_loss=0.3689 val_acc=0.8888 val_loss=0.3511 router_H=0.6226 best=0.8888
           router_load=[0.2342190146446228, 0.10956738144159317, 0.6562134623527527, 0.0]
[step 0110/150] method=ours loss=0.4221 train_acc=0.8826 train_loss=0.3689 val_acc=0.8888 val_loss=0.3511 router_H=0.6226 best=0.8888
           router_load=[0.2342190146446228, 0.10956738144159317, 0.6562134623527527, 0.0]
[step 0120/150] method=ours loss=0.4135 train_acc=0.8826 train_loss=0.3689 val_acc=0.8888 val_loss=0.3511 router_H=0.6226 best=0.8888
           router_load=[0.2342190146446228, 0.10956738144159317, 0.6562134623527527, 0.0]
[step 0130/150] method=ours loss=0.2221 train_acc=0.8826 train_loss=0.3689 val_acc=0.8888 val_loss=0.3511 router_H=0.6226 best=0.8888
           router_load=[0.2342190146446228, 0.10956738144159317, 0.6562134623527527, 0.0]
[step 0140/150] method=ours loss=0.4175 train_acc=0.8826 train_loss=0.3689 val_acc=0.8888 val_loss=0.3511 router_H=0.6226 best=0.8888
           router_load=[0.2342190146446228, 0.10956738144159317, 0.6562134623527527, 0.0]
[step 0150/150] method=ours loss=0.2412 train_acc=0.9111 train_loss=0.2535 val_acc=0.9002 val_loss=0.2474 router_H=0.6373 best=0.9002
           router_load=[0.2897454798221588, 0.13038693368434906, 0.5782647728919983, 0.0016029232647269964]
saved summary -> /home/zhujjing/MOE-grad-conflict-routing/runs/paper_suite/single_gpu/single_task/deberta_sst2_lora_e4_k2_supplement/hpo/ours/trial_runs/coord_01_train_lr_001/ours_s3.json
saved curve -> /home/zhujjing/MOE-grad-conflict-routing/runs/paper_suite/single_gpu/single_task/deberta_sst2_lora_e4_k2_supplement/hpo/ours/trial_runs/coord_01_train_lr_001/ours_s3_curve.csv
