[run] method=baseline candidate=local_var_topk_015 seed=2 steps=200 gpu=0
[run] cmd=
/root/miniconda3/envs/optimization/bin/python /root/Optimization/MOE-grad-conflict-routing/scripts/run.py --config configs/singletask_cola_real.yaml --set train.eval_train_fraction=0.1 --set model.backbone_backend=hf --set model.hf_load_pretrained=true --set model.hf_local_files_only=true --set model.backbone=roberta --set model.hf_pretrained_name=roberta-base --set model.expert_type=ffn --set model.routing_mode=topk --set model.num_experts=4 --set model.top_k=2 --set seed=2 --set method.name=baseline_avg --set train.steps=200 --set train.eval_every_steps=100 --set train.grad_clip=1.723562336 --set train.lr=1.2632687e-05 --set train.weight_decay=0.02175375625 --out /root/Optimization/MOE-grad-conflict-routing/runs/paper_suite_supplement/single_task_add_rerun/single_task/roberta_cola_ffn_e4_k2/hpo/baseline/trial_runs/local_var_topk_015/baseline_s2.json --curve_out /root/Optimization/MOE-grad-conflict-routing/runs/paper_suite_supplement/single_task_add_rerun/single_task/roberta_cola_ffn_e4_k2/hpo/baseline/trial_runs/local_var_topk_015/baseline_s2_curve.csv
Using the latest cached version of the dataset since glue couldn't be found on the Hugging Face Hub (offline mode is enabled).
Found the latest cached dataset configuration 'cola' at /root/.cache/huggingface/datasets/glue/cola/0.0.0/bcdcba79d07bc864c1c254ccfcedcce55bcc9a8c (last modified on Thu Mar 26 23:46:11 2026).
Loading weights:   0%|          | 0/197 [00:00<?, ?it/s]Loading weights: 100%|██████████| 197/197 [00:00<00:00, 4184.66it/s]
[1mRobertaModel LOAD REPORT[0m from: roberta-base
Key                             | Status     | 
--------------------------------+------------+-
roberta.embeddings.position_ids | UNEXPECTED | 
lm_head.dense.weight            | UNEXPECTED | 
lm_head.bias                    | UNEXPECTED | 
lm_head.dense.bias              | UNEXPECTED | 
lm_head.layer_norm.weight       | UNEXPECTED | 
lm_head.layer_norm.bias         | UNEXPECTED | 
pooler.dense.bias               | MISSING    | 
pooler.dense.weight             | MISSING    | 

[3mNotes:
- UNEXPECTED[3m	:can be ignored when loading from different task/architecture; not ok if you expect identical arch.
- MISSING[3m	:those params were newly initialized because missing from the checkpoint. Consider training on your downstream task.[0m
[step 0001/200] method=baseline_avg loss=0.6923 train_acc=nan train_loss=nan val_acc=nan val_loss=nan best=-1.0000
[step 0010/200] method=baseline_avg loss=0.5937 train_acc=nan train_loss=nan val_acc=nan val_loss=nan best=-1.0000
[step 0020/200] method=baseline_avg loss=0.6656 train_acc=nan train_loss=nan val_acc=nan val_loss=nan best=-1.0000
[step 0030/200] method=baseline_avg loss=0.5063 train_acc=nan train_loss=nan val_acc=nan val_loss=nan best=-1.0000
[step 0040/200] method=baseline_avg loss=0.4328 train_acc=nan train_loss=nan val_acc=nan val_loss=nan best=-1.0000
[step 0050/200] method=baseline_avg loss=0.5007 train_acc=nan train_loss=nan val_acc=nan val_loss=nan best=-1.0000
[step 0060/200] method=baseline_avg loss=0.5242 train_acc=nan train_loss=nan val_acc=nan val_loss=nan best=-1.0000
[step 0070/200] method=baseline_avg loss=0.5375 train_acc=nan train_loss=nan val_acc=nan val_loss=nan best=-1.0000
[step 0080/200] method=baseline_avg loss=0.5389 train_acc=nan train_loss=nan val_acc=nan val_loss=nan best=-1.0000
[step 0090/200] method=baseline_avg loss=0.6040 train_acc=nan train_loss=nan val_acc=nan val_loss=nan best=-1.0000
[step 0100/200] method=baseline_avg loss=0.5412 train_acc=0.8171 train_loss=0.4567 val_acc=0.7881 val_loss=0.5058 router_H=0.4965 best=0.7881
           router_load=[0.001255359617061913, 0.18161357939243317, 0.09720005840063095, 0.7199309468269348]
[step 0110/200] method=baseline_avg loss=0.5989 train_acc=0.8171 train_loss=0.4567 val_acc=0.7881 val_loss=0.5058 router_H=0.4965 best=0.7881
           router_load=[0.001255359617061913, 0.18161357939243317, 0.09720005840063095, 0.7199309468269348]
[step 0120/200] method=baseline_avg loss=0.5834 train_acc=0.8171 train_loss=0.4567 val_acc=0.7881 val_loss=0.5058 router_H=0.4965 best=0.7881
           router_load=[0.001255359617061913, 0.18161357939243317, 0.09720005840063095, 0.7199309468269348]
[step 0130/200] method=baseline_avg loss=0.4193 train_acc=0.8171 train_loss=0.4567 val_acc=0.7881 val_loss=0.5058 router_H=0.4965 best=0.7881
           router_load=[0.001255359617061913, 0.18161357939243317, 0.09720005840063095, 0.7199309468269348]
[step 0140/200] method=baseline_avg loss=0.4204 train_acc=0.8171 train_loss=0.4567 val_acc=0.7881 val_loss=0.5058 router_H=0.4965 best=0.7881
           router_load=[0.001255359617061913, 0.18161357939243317, 0.09720005840063095, 0.7199309468269348]
[step 0150/200] method=baseline_avg loss=0.4429 train_acc=0.8171 train_loss=0.4567 val_acc=0.7881 val_loss=0.5058 router_H=0.4965 best=0.7881
           router_load=[0.001255359617061913, 0.18161357939243317, 0.09720005840063095, 0.7199309468269348]
[step 0160/200] method=baseline_avg loss=0.3957 train_acc=0.8171 train_loss=0.4567 val_acc=0.7881 val_loss=0.5058 router_H=0.4965 best=0.7881
           router_load=[0.001255359617061913, 0.18161357939243317, 0.09720005840063095, 0.7199309468269348]
[step 0170/200] method=baseline_avg loss=0.6335 train_acc=0.8171 train_loss=0.4567 val_acc=0.7881 val_loss=0.5058 router_H=0.4965 best=0.7881
           router_load=[0.001255359617061913, 0.18161357939243317, 0.09720005840063095, 0.7199309468269348]
[step 0180/200] method=baseline_avg loss=0.4825 train_acc=0.8171 train_loss=0.4567 val_acc=0.7881 val_loss=0.5058 router_H=0.4965 best=0.7881
           router_load=[0.001255359617061913, 0.18161357939243317, 0.09720005840063095, 0.7199309468269348]
[step 0190/200] method=baseline_avg loss=0.5627 train_acc=0.8171 train_loss=0.4567 val_acc=0.7881 val_loss=0.5058 router_H=0.4965 best=0.7881
           router_load=[0.001255359617061913, 0.18161357939243317, 0.09720005840063095, 0.7199309468269348]
[step 0200/200] method=baseline_avg loss=0.8022 train_acc=0.7731 train_loss=0.5227 val_acc=0.7546 val_loss=0.5692 router_H=0.4378 best=0.7881
           router_load=[0.007210667710751295, 0.10702375322580338, 0.09538955986499786, 0.7903758883476257]
saved summary -> /root/Optimization/MOE-grad-conflict-routing/runs/paper_suite_supplement/single_task_add_rerun/single_task/roberta_cola_ffn_e4_k2/hpo/baseline/trial_runs/local_var_topk_015/baseline_s2.json
saved curve -> /root/Optimization/MOE-grad-conflict-routing/runs/paper_suite_supplement/single_task_add_rerun/single_task/roberta_cola_ffn_e4_k2/hpo/baseline/trial_runs/local_var_topk_015/baseline_s2_curve.csv
