[run] method=baseline candidate=local_var_topk_004 seed=2 steps=200 gpu=0
[run] cmd=
/root/miniconda3/envs/optimization/bin/python /root/Optimization/MOE-grad-conflict-routing/scripts/run.py --config configs/singletask_cola_real.yaml --set train.eval_train_fraction=0.1 --set model.backbone_backend=hf --set model.hf_load_pretrained=true --set model.hf_local_files_only=true --set model.backbone=roberta --set model.hf_pretrained_name=roberta-base --set model.expert_type=ffn --set model.routing_mode=topk --set model.num_experts=4 --set model.top_k=2 --set seed=2 --set method.name=baseline_avg --set train.steps=200 --set train.eval_every_steps=100 --set train.grad_clip=1.423562336 --set train.lr=6.316344e-06 --set train.weight_decay=0.03175375625 --out /root/Optimization/MOE-grad-conflict-routing/runs/paper_suite_supplement/single_task_add_rerun/single_task/roberta_cola_ffn_e4_k2/hpo/baseline/trial_runs/local_var_topk_004/baseline_s2.json --curve_out /root/Optimization/MOE-grad-conflict-routing/runs/paper_suite_supplement/single_task_add_rerun/single_task/roberta_cola_ffn_e4_k2/hpo/baseline/trial_runs/local_var_topk_004/baseline_s2_curve.csv
Using the latest cached version of the dataset since glue couldn't be found on the Hugging Face Hub (offline mode is enabled).
Found the latest cached dataset configuration 'cola' at /root/.cache/huggingface/datasets/glue/cola/0.0.0/bcdcba79d07bc864c1c254ccfcedcce55bcc9a8c (last modified on Thu Mar 26 23:46:11 2026).
Loading weights:   0%|          | 0/197 [00:00<?, ?it/s]Loading weights: 100%|██████████| 197/197 [00:00<00:00, 4962.42it/s]
[1mRobertaModel LOAD REPORT[0m from: roberta-base
Key                             | Status     | 
--------------------------------+------------+-
roberta.embeddings.position_ids | UNEXPECTED | 
lm_head.dense.weight            | UNEXPECTED | 
lm_head.layer_norm.weight       | UNEXPECTED | 
lm_head.layer_norm.bias         | UNEXPECTED | 
lm_head.bias                    | UNEXPECTED | 
lm_head.dense.bias              | UNEXPECTED | 
pooler.dense.bias               | MISSING    | 
pooler.dense.weight             | MISSING    | 

[3mNotes:
- UNEXPECTED[3m	:can be ignored when loading from different task/architecture; not ok if you expect identical arch.
- MISSING[3m	:those params were newly initialized because missing from the checkpoint. Consider training on your downstream task.[0m
[step 0001/200] method=baseline_avg loss=0.6977 train_acc=nan train_loss=nan val_acc=nan val_loss=nan best=-1.0000
[step 0010/200] method=baseline_avg loss=0.6271 train_acc=nan train_loss=nan val_acc=nan val_loss=nan best=-1.0000
[step 0020/200] method=baseline_avg loss=0.6371 train_acc=nan train_loss=nan val_acc=nan val_loss=nan best=-1.0000
[step 0030/200] method=baseline_avg loss=0.5337 train_acc=nan train_loss=nan val_acc=nan val_loss=nan best=-1.0000
[step 0040/200] method=baseline_avg loss=0.4821 train_acc=nan train_loss=nan val_acc=nan val_loss=nan best=-1.0000
[step 0050/200] method=baseline_avg loss=0.5172 train_acc=nan train_loss=nan val_acc=nan val_loss=nan best=-1.0000
[step 0060/200] method=baseline_avg loss=0.6120 train_acc=nan train_loss=nan val_acc=nan val_loss=nan best=-1.0000
[step 0070/200] method=baseline_avg loss=0.5850 train_acc=nan train_loss=nan val_acc=nan val_loss=nan best=-1.0000
[step 0080/200] method=baseline_avg loss=0.5174 train_acc=nan train_loss=nan val_acc=nan val_loss=nan best=-1.0000
[step 0090/200] method=baseline_avg loss=0.5605 train_acc=nan train_loss=nan val_acc=nan val_loss=nan best=-1.0000
[step 0100/200] method=baseline_avg loss=0.5740 train_acc=0.7199 train_loss=0.5202 val_acc=0.6913 val_loss=0.5606 router_H=0.4633 best=0.6913
           router_load=[0.03547899052500725, 0.004811867605894804, 0.14247092604637146, 0.8172383308410645]
[step 0110/200] method=baseline_avg loss=0.5767 train_acc=0.7199 train_loss=0.5202 val_acc=0.6913 val_loss=0.5606 router_H=0.4633 best=0.6913
           router_load=[0.03547899052500725, 0.004811867605894804, 0.14247092604637146, 0.8172383308410645]
[step 0120/200] method=baseline_avg loss=0.6131 train_acc=0.7199 train_loss=0.5202 val_acc=0.6913 val_loss=0.5606 router_H=0.4633 best=0.6913
           router_load=[0.03547899052500725, 0.004811867605894804, 0.14247092604637146, 0.8172383308410645]
[step 0130/200] method=baseline_avg loss=0.4353 train_acc=0.7199 train_loss=0.5202 val_acc=0.6913 val_loss=0.5606 router_H=0.4633 best=0.6913
           router_load=[0.03547899052500725, 0.004811867605894804, 0.14247092604637146, 0.8172383308410645]
[step 0140/200] method=baseline_avg loss=0.5354 train_acc=0.7199 train_loss=0.5202 val_acc=0.6913 val_loss=0.5606 router_H=0.4633 best=0.6913
           router_load=[0.03547899052500725, 0.004811867605894804, 0.14247092604637146, 0.8172383308410645]
[step 0150/200] method=baseline_avg loss=0.4202 train_acc=0.7199 train_loss=0.5202 val_acc=0.6913 val_loss=0.5606 router_H=0.4633 best=0.6913
           router_load=[0.03547899052500725, 0.004811867605894804, 0.14247092604637146, 0.8172383308410645]
[step 0160/200] method=baseline_avg loss=0.4520 train_acc=0.7199 train_loss=0.5202 val_acc=0.6913 val_loss=0.5606 router_H=0.4633 best=0.6913
           router_load=[0.03547899052500725, 0.004811867605894804, 0.14247092604637146, 0.8172383308410645]
[step 0170/200] method=baseline_avg loss=0.5250 train_acc=0.7199 train_loss=0.5202 val_acc=0.6913 val_loss=0.5606 router_H=0.4633 best=0.6913
           router_load=[0.03547899052500725, 0.004811867605894804, 0.14247092604637146, 0.8172383308410645]
[step 0180/200] method=baseline_avg loss=0.5071 train_acc=0.7199 train_loss=0.5202 val_acc=0.6913 val_loss=0.5606 router_H=0.4633 best=0.6913
           router_load=[0.03547899052500725, 0.004811867605894804, 0.14247092604637146, 0.8172383308410645]
[step 0190/200] method=baseline_avg loss=0.5084 train_acc=0.7199 train_loss=0.5202 val_acc=0.6913 val_loss=0.5606 router_H=0.4633 best=0.6913
           router_load=[0.03547899052500725, 0.004811867605894804, 0.14247092604637146, 0.8172383308410645]
[step 0200/200] method=baseline_avg loss=0.7016 train_acc=0.7627 train_loss=0.5230 val_acc=0.7670 val_loss=0.5605 router_H=0.4006 best=0.7670
           router_load=[0.0394182987511158, 0.008894002996385098, 0.11091344803571701, 0.8407741785049438]
saved summary -> /root/Optimization/MOE-grad-conflict-routing/runs/paper_suite_supplement/single_task_add_rerun/single_task/roberta_cola_ffn_e4_k2/hpo/baseline/trial_runs/local_var_topk_004/baseline_s2.json
saved curve -> /root/Optimization/MOE-grad-conflict-routing/runs/paper_suite_supplement/single_task_add_rerun/single_task/roberta_cola_ffn_e4_k2/hpo/baseline/trial_runs/local_var_topk_004/baseline_s2_curve.csv
