[run] method=baseline candidate=local_var_topk_014 seed=3 steps=200 gpu=0
[run] cmd=
/root/miniconda3/envs/optimization/bin/python /root/Optimization/MOE-grad-conflict-routing/scripts/run.py --config configs/singletask_cola_real.yaml --set train.eval_train_fraction=0.1 --set model.backbone_backend=hf --set model.hf_load_pretrained=true --set model.hf_local_files_only=true --set model.backbone=roberta --set model.hf_pretrained_name=roberta-base --set model.expert_type=ffn --set model.routing_mode=topk --set model.num_experts=4 --set model.top_k=2 --set seed=3 --set method.name=baseline_avg --set train.steps=200 --set train.eval_every_steps=100 --set train.grad_clip=1.423562336 --set train.lr=1.2632687e-05 --set train.weight_decay=0.04175375625 --out /root/Optimization/MOE-grad-conflict-routing/runs/paper_suite_supplement/single_task_add_rerun/single_task/roberta_cola_ffn_e4_k2/hpo/baseline/trial_runs/local_var_topk_014/baseline_s3.json --curve_out /root/Optimization/MOE-grad-conflict-routing/runs/paper_suite_supplement/single_task_add_rerun/single_task/roberta_cola_ffn_e4_k2/hpo/baseline/trial_runs/local_var_topk_014/baseline_s3_curve.csv
Using the latest cached version of the dataset since glue couldn't be found on the Hugging Face Hub (offline mode is enabled).
Found the latest cached dataset configuration 'cola' at /root/.cache/huggingface/datasets/glue/cola/0.0.0/bcdcba79d07bc864c1c254ccfcedcce55bcc9a8c (last modified on Thu Mar 26 23:46:11 2026).
Loading weights:   0%|          | 0/197 [00:00<?, ?it/s]Loading weights: 100%|██████████| 197/197 [00:00<00:00, 5321.80it/s]
[1mRobertaModel LOAD REPORT[0m from: roberta-base
Key                             | Status     | 
--------------------------------+------------+-
lm_head.dense.weight            | UNEXPECTED | 
lm_head.layer_norm.weight       | UNEXPECTED | 
lm_head.layer_norm.bias         | UNEXPECTED | 
roberta.embeddings.position_ids | UNEXPECTED | 
lm_head.dense.bias              | UNEXPECTED | 
lm_head.bias                    | UNEXPECTED | 
pooler.dense.weight             | MISSING    | 
pooler.dense.bias               | MISSING    | 

[3mNotes:
- UNEXPECTED[3m	:can be ignored when loading from different task/architecture; not ok if you expect identical arch.
- MISSING[3m	:those params were newly initialized because missing from the checkpoint. Consider training on your downstream task.[0m
[step 0001/200] method=baseline_avg loss=0.7134 train_acc=nan train_loss=nan val_acc=nan val_loss=nan best=-1.0000
[step 0010/200] method=baseline_avg loss=0.5626 train_acc=nan train_loss=nan val_acc=nan val_loss=nan best=-1.0000
[step 0020/200] method=baseline_avg loss=0.7153 train_acc=nan train_loss=nan val_acc=nan val_loss=nan best=-1.0000
[step 0030/200] method=baseline_avg loss=0.6634 train_acc=nan train_loss=nan val_acc=nan val_loss=nan best=-1.0000
[step 0040/200] method=baseline_avg loss=0.7403 train_acc=nan train_loss=nan val_acc=nan val_loss=nan best=-1.0000
[step 0050/200] method=baseline_avg loss=0.6863 train_acc=nan train_loss=nan val_acc=nan val_loss=nan best=-1.0000
[step 0060/200] method=baseline_avg loss=0.5126 train_acc=nan train_loss=nan val_acc=nan val_loss=nan best=-1.0000
[step 0070/200] method=baseline_avg loss=0.6030 train_acc=nan train_loss=nan val_acc=nan val_loss=nan best=-1.0000
[step 0080/200] method=baseline_avg loss=0.4717 train_acc=nan train_loss=nan val_acc=nan val_loss=nan best=-1.0000
[step 0090/200] method=baseline_avg loss=0.5819 train_acc=nan train_loss=nan val_acc=nan val_loss=nan best=-1.0000
[step 0100/200] method=baseline_avg loss=0.4704 train_acc=0.7211 train_loss=0.4474 val_acc=0.7200 val_loss=0.5043 router_H=0.5465 best=0.7200
           router_load=[0.0, 0.24052828550338745, 0.7261304259300232, 0.03334112837910652]
[step 0110/200] method=baseline_avg loss=0.4234 train_acc=0.7211 train_loss=0.4474 val_acc=0.7200 val_loss=0.5043 router_H=0.5465 best=0.7200
           router_load=[0.0, 0.24052828550338745, 0.7261304259300232, 0.03334112837910652]
[step 0120/200] method=baseline_avg loss=0.4921 train_acc=0.7211 train_loss=0.4474 val_acc=0.7200 val_loss=0.5043 router_H=0.5465 best=0.7200
           router_load=[0.0, 0.24052828550338745, 0.7261304259300232, 0.03334112837910652]
[step 0130/200] method=baseline_avg loss=0.6294 train_acc=0.7211 train_loss=0.4474 val_acc=0.7200 val_loss=0.5043 router_H=0.5465 best=0.7200
           router_load=[0.0, 0.24052828550338745, 0.7261304259300232, 0.03334112837910652]
[step 0140/200] method=baseline_avg loss=0.6286 train_acc=0.7211 train_loss=0.4474 val_acc=0.7200 val_loss=0.5043 router_H=0.5465 best=0.7200
           router_load=[0.0, 0.24052828550338745, 0.7261304259300232, 0.03334112837910652]
[step 0150/200] method=baseline_avg loss=0.3726 train_acc=0.7211 train_loss=0.4474 val_acc=0.7200 val_loss=0.5043 router_H=0.5465 best=0.7200
           router_load=[0.0, 0.24052828550338745, 0.7261304259300232, 0.03334112837910652]
[step 0160/200] method=baseline_avg loss=0.4635 train_acc=0.7211 train_loss=0.4474 val_acc=0.7200 val_loss=0.5043 router_H=0.5465 best=0.7200
           router_load=[0.0, 0.24052828550338745, 0.7261304259300232, 0.03334112837910652]
[step 0170/200] method=baseline_avg loss=0.3179 train_acc=0.7211 train_loss=0.4474 val_acc=0.7200 val_loss=0.5043 router_H=0.5465 best=0.7200
           router_load=[0.0, 0.24052828550338745, 0.7261304259300232, 0.03334112837910652]
[step 0180/200] method=baseline_avg loss=0.4717 train_acc=0.7211 train_loss=0.4474 val_acc=0.7200 val_loss=0.5043 router_H=0.5465 best=0.7200
           router_load=[0.0, 0.24052828550338745, 0.7261304259300232, 0.03334112837910652]
[step 0190/200] method=baseline_avg loss=0.6543 train_acc=0.7211 train_loss=0.4474 val_acc=0.7200 val_loss=0.5043 router_H=0.5465 best=0.7200
           router_load=[0.0, 0.24052828550338745, 0.7261304259300232, 0.03334112837910652]
[step 0200/200] method=baseline_avg loss=0.6321 train_acc=0.8275 train_loss=0.4145 val_acc=0.7996 val_loss=0.4803 router_H=0.5279 best=0.7996
           router_load=[0.0, 0.28091806173324585, 0.7114666700363159, 0.007614973466843367]
saved summary -> /root/Optimization/MOE-grad-conflict-routing/runs/paper_suite_supplement/single_task_add_rerun/single_task/roberta_cola_ffn_e4_k2/hpo/baseline/trial_runs/local_var_topk_014/baseline_s3.json
saved curve -> /root/Optimization/MOE-grad-conflict-routing/runs/paper_suite_supplement/single_task_add_rerun/single_task/roberta_cola_ffn_e4_k2/hpo/baseline/trial_runs/local_var_topk_014/baseline_s3_curve.csv
