[run] method=baseline candidate=local_var_topk_007 seed=3 steps=200 gpu=0
[run] cmd=
/root/miniconda3/envs/optimization/bin/python /root/Optimization/MOE-grad-conflict-routing/scripts/run.py --config configs/singletask_cola_real.yaml --set train.eval_train_fraction=0.1 --set model.backbone_backend=hf --set model.hf_load_pretrained=true --set model.hf_local_files_only=true --set model.backbone=roberta --set model.hf_pretrained_name=roberta-base --set model.expert_type=ffn --set model.routing_mode=topk --set model.num_experts=4 --set model.top_k=2 --set seed=3 --set method.name=baseline_avg --set train.steps=200 --set train.eval_every_steps=100 --set train.grad_clip=1.723562336 --set train.lr=6.316344e-06 --set train.weight_decay=0.03175375625 --out /root/Optimization/MOE-grad-conflict-routing/runs/paper_suite_supplement/single_task_add_rerun/single_task/roberta_cola_ffn_e4_k2/hpo/baseline/trial_runs/local_var_topk_007/baseline_s3.json --curve_out /root/Optimization/MOE-grad-conflict-routing/runs/paper_suite_supplement/single_task_add_rerun/single_task/roberta_cola_ffn_e4_k2/hpo/baseline/trial_runs/local_var_topk_007/baseline_s3_curve.csv
Using the latest cached version of the dataset since glue couldn't be found on the Hugging Face Hub (offline mode is enabled).
Found the latest cached dataset configuration 'cola' at /root/.cache/huggingface/datasets/glue/cola/0.0.0/bcdcba79d07bc864c1c254ccfcedcce55bcc9a8c (last modified on Thu Mar 26 23:46:11 2026).
Loading weights:   0%|          | 0/197 [00:00<?, ?it/s]Loading weights: 100%|██████████| 197/197 [00:00<00:00, 20056.75it/s]
[1mRobertaModel LOAD REPORT[0m from: roberta-base
Key                             | Status     | 
--------------------------------+------------+-
lm_head.layer_norm.bias         | UNEXPECTED | 
lm_head.layer_norm.weight       | UNEXPECTED | 
roberta.embeddings.position_ids | UNEXPECTED | 
lm_head.dense.weight            | UNEXPECTED | 
lm_head.dense.bias              | UNEXPECTED | 
lm_head.bias                    | UNEXPECTED | 
pooler.dense.bias               | MISSING    | 
pooler.dense.weight             | MISSING    | 

[3mNotes:
- UNEXPECTED[3m	:can be ignored when loading from different task/architecture; not ok if you expect identical arch.
- MISSING[3m	:those params were newly initialized because missing from the checkpoint. Consider training on your downstream task.[0m
[step 0001/200] method=baseline_avg loss=0.7003 train_acc=nan train_loss=nan val_acc=nan val_loss=nan best=-1.0000
[step 0010/200] method=baseline_avg loss=0.6261 train_acc=nan train_loss=nan val_acc=nan val_loss=nan best=-1.0000
[step 0020/200] method=baseline_avg loss=0.6750 train_acc=nan train_loss=nan val_acc=nan val_loss=nan best=-1.0000
[step 0030/200] method=baseline_avg loss=0.6573 train_acc=nan train_loss=nan val_acc=nan val_loss=nan best=-1.0000
[step 0040/200] method=baseline_avg loss=0.7341 train_acc=nan train_loss=nan val_acc=nan val_loss=nan best=-1.0000
[step 0050/200] method=baseline_avg loss=0.6279 train_acc=nan train_loss=nan val_acc=nan val_loss=nan best=-1.0000
[step 0060/200] method=baseline_avg loss=0.5038 train_acc=nan train_loss=nan val_acc=nan val_loss=nan best=-1.0000
[step 0070/200] method=baseline_avg loss=0.5702 train_acc=nan train_loss=nan val_acc=nan val_loss=nan best=-1.0000
[step 0080/200] method=baseline_avg loss=0.4980 train_acc=nan train_loss=nan val_acc=nan val_loss=nan best=-1.0000
[step 0090/200] method=baseline_avg loss=0.5203 train_acc=nan train_loss=nan val_acc=nan val_loss=nan best=-1.0000
[step 0100/200] method=baseline_avg loss=0.4656 train_acc=0.7049 train_loss=0.5187 val_acc=0.6913 val_loss=0.5322 router_H=0.5963 best=0.6913
           router_load=[0.15241605043411255, 0.7028242945671082, 0.0, 0.14475969970226288]
[step 0110/200] method=baseline_avg loss=0.4847 train_acc=0.7049 train_loss=0.5187 val_acc=0.6913 val_loss=0.5322 router_H=0.5963 best=0.6913
           router_load=[0.15241605043411255, 0.7028242945671082, 0.0, 0.14475969970226288]
[step 0120/200] method=baseline_avg loss=0.5421 train_acc=0.7049 train_loss=0.5187 val_acc=0.6913 val_loss=0.5322 router_H=0.5963 best=0.6913
           router_load=[0.15241605043411255, 0.7028242945671082, 0.0, 0.14475969970226288]
[step 0130/200] method=baseline_avg loss=0.6485 train_acc=0.7049 train_loss=0.5187 val_acc=0.6913 val_loss=0.5322 router_H=0.5963 best=0.6913
           router_load=[0.15241605043411255, 0.7028242945671082, 0.0, 0.14475969970226288]
[step 0140/200] method=baseline_avg loss=0.6529 train_acc=0.7049 train_loss=0.5187 val_acc=0.6913 val_loss=0.5322 router_H=0.5963 best=0.6913
           router_load=[0.15241605043411255, 0.7028242945671082, 0.0, 0.14475969970226288]
[step 0150/200] method=baseline_avg loss=0.3508 train_acc=0.7049 train_loss=0.5187 val_acc=0.6913 val_loss=0.5322 router_H=0.5963 best=0.6913
           router_load=[0.15241605043411255, 0.7028242945671082, 0.0, 0.14475969970226288]
[step 0160/200] method=baseline_avg loss=0.5243 train_acc=0.7049 train_loss=0.5187 val_acc=0.6913 val_loss=0.5322 router_H=0.5963 best=0.6913
           router_load=[0.15241605043411255, 0.7028242945671082, 0.0, 0.14475969970226288]
[step 0170/200] method=baseline_avg loss=0.3192 train_acc=0.7049 train_loss=0.5187 val_acc=0.6913 val_loss=0.5322 router_H=0.5963 best=0.6913
           router_load=[0.15241605043411255, 0.7028242945671082, 0.0, 0.14475969970226288]
[step 0180/200] method=baseline_avg loss=0.5618 train_acc=0.7049 train_loss=0.5187 val_acc=0.6913 val_loss=0.5322 router_H=0.5963 best=0.6913
           router_load=[0.15241605043411255, 0.7028242945671082, 0.0, 0.14475969970226288]
[step 0190/200] method=baseline_avg loss=0.5847 train_acc=0.7049 train_loss=0.5187 val_acc=0.6913 val_loss=0.5322 router_H=0.5963 best=0.6913
           router_load=[0.15241605043411255, 0.7028242945671082, 0.0, 0.14475969970226288]
[step 0200/200] method=baseline_avg loss=0.5581 train_acc=0.7465 train_loss=0.4477 val_acc=0.7402 val_loss=0.4834 router_H=0.5093 best=0.7402
           router_load=[0.06119715794920921, 0.7600792050361633, 0.0, 0.17872342467308044]
saved summary -> /root/Optimization/MOE-grad-conflict-routing/runs/paper_suite_supplement/single_task_add_rerun/single_task/roberta_cola_ffn_e4_k2/hpo/baseline/trial_runs/local_var_topk_007/baseline_s3.json
saved curve -> /root/Optimization/MOE-grad-conflict-routing/runs/paper_suite_supplement/single_task_add_rerun/single_task/roberta_cola_ffn_e4_k2/hpo/baseline/trial_runs/local_var_topk_007/baseline_s3_curve.csv
