[run] method=baseline candidate=local_var_topk_004 seed=2 steps=200 gpu=0
[run] cmd=
/root/miniconda3/envs/optimization/bin/python /root/Optimization/MOE-grad-conflict-routing/scripts/run.py --config configs/multitask_glue3_rte_mrpc_cola_real.yaml --set model.backbone_backend=hf --set model.hf_load_pretrained=true --set model.hf_local_files_only=true --set model.backbone=roberta --set model.hf_pretrained_name=roberta-base --set model.routing_mode=topk --set model.expert_type=lora --set model.num_experts=4 --set model.top_k=2 --set model.lora_rank=16 --set model.lora_alpha=16 --set train.eval_train_fraction=0.10 --set train.eval_train_max_batches=-1 --set train.eval_max_batches=-1 --set seed=2 --set method.name=baseline_avg --set train.steps=200 --set train.eval_every_steps=100 --set train.grad_clip=0.9733492507 --set train.lr=1.2775892e-05 --set train.weight_decay=0.0353185872 --out /root/Optimization/MOE-grad-conflict-routing/runs/paper_suite_supplement/appendix/rank/multi_glue3_roberta_r16_lora_e4_k2/hpo/baseline/trial_runs/local_var_topk_004/baseline_s2.json --curve_out /root/Optimization/MOE-grad-conflict-routing/runs/paper_suite_supplement/appendix/rank/multi_glue3_roberta_r16_lora_e4_k2/hpo/baseline/trial_runs/local_var_topk_004/baseline_s2_curve.csv
Using the latest cached version of the dataset since glue couldn't be found on the Hugging Face Hub (offline mode is enabled).
Found the latest cached dataset configuration 'rte' at /root/.cache/huggingface/datasets/glue/rte/0.0.0/bcdcba79d07bc864c1c254ccfcedcce55bcc9a8c (last modified on Thu Mar 26 19:09:12 2026).
Using the latest cached version of the dataset since glue couldn't be found on the Hugging Face Hub (offline mode is enabled).
Found the latest cached dataset configuration 'mrpc' at /root/.cache/huggingface/datasets/glue/mrpc/0.0.0/bcdcba79d07bc864c1c254ccfcedcce55bcc9a8c (last modified on Thu Mar 26 20:11:06 2026).
Using the latest cached version of the dataset since glue couldn't be found on the Hugging Face Hub (offline mode is enabled).
Found the latest cached dataset configuration 'cola' at /root/.cache/huggingface/datasets/glue/cola/0.0.0/bcdcba79d07bc864c1c254ccfcedcce55bcc9a8c (last modified on Thu Mar 26 23:46:11 2026).
Loading weights:   0%|          | 0/197 [00:00<?, ?it/s]Loading weights: 100%|██████████| 197/197 [00:00<00:00, 6513.00it/s]
[1mRobertaModel LOAD REPORT[0m from: roberta-base
Key                             | Status     | 
--------------------------------+------------+-
lm_head.layer_norm.bias         | UNEXPECTED | 
lm_head.dense.weight            | UNEXPECTED | 
lm_head.bias                    | UNEXPECTED | 
lm_head.layer_norm.weight       | UNEXPECTED | 
roberta.embeddings.position_ids | UNEXPECTED | 
lm_head.dense.bias              | UNEXPECTED | 
pooler.dense.weight             | MISSING    | 
pooler.dense.bias               | MISSING    | 

[3mNotes:
- UNEXPECTED[3m	:can be ignored when loading from different task/architecture; not ok if you expect identical arch.
- MISSING[3m	:those params were newly initialized because missing from the checkpoint. Consider training on your downstream task.[0m
[step 0001/200] method=baseline_avg loss=0.6832 train_acc=nan train_loss=nan val_acc=nan val_loss=nan best=-1.0000
[step 0010/200] method=baseline_avg loss=0.6573 train_acc=nan train_loss=nan val_acc=nan val_loss=nan best=-1.0000
[step 0020/200] method=baseline_avg loss=0.6408 train_acc=nan train_loss=nan val_acc=nan val_loss=nan best=-1.0000
[step 0030/200] method=baseline_avg loss=0.6472 train_acc=nan train_loss=nan val_acc=nan val_loss=nan best=-1.0000
[step 0040/200] method=baseline_avg loss=0.7126 train_acc=nan train_loss=nan val_acc=nan val_loss=nan best=-1.0000
[step 0050/200] method=baseline_avg loss=0.6378 train_acc=nan train_loss=nan val_acc=nan val_loss=nan best=-1.0000
[step 0060/200] method=baseline_avg loss=0.6353 train_acc=nan train_loss=nan val_acc=nan val_loss=nan best=-1.0000
[step 0070/200] method=baseline_avg loss=0.5625 train_acc=nan train_loss=nan val_acc=nan val_loss=nan best=-1.0000
[step 0080/200] method=baseline_avg loss=0.5940 train_acc=nan train_loss=nan val_acc=nan val_loss=nan best=-1.0000
[step 0090/200] method=baseline_avg loss=0.6561 train_acc=nan train_loss=nan val_acc=nan val_loss=nan best=-1.0000
[step 0100/200] method=baseline_avg loss=0.6096 train_acc=0.6510 train_loss=0.5932 val_acc=0.6632 val_loss=0.5927 router_H=0.6869 best=0.6632
           router_load=[0.26919496059417725, 0.5406472086906433, 0.03141004592180252, 0.1587478667497635]
[step 0110/200] method=baseline_avg loss=0.6177 train_acc=0.6510 train_loss=0.5932 val_acc=0.6632 val_loss=0.5927 router_H=0.6869 best=0.6632
           router_load=[0.26919496059417725, 0.5406472086906433, 0.03141004592180252, 0.1587478667497635]
[step 0120/200] method=baseline_avg loss=0.5238 train_acc=0.6510 train_loss=0.5932 val_acc=0.6632 val_loss=0.5927 router_H=0.6869 best=0.6632
           router_load=[0.26919496059417725, 0.5406472086906433, 0.03141004592180252, 0.1587478667497635]
[step 0130/200] method=baseline_avg loss=0.5715 train_acc=0.6510 train_loss=0.5932 val_acc=0.6632 val_loss=0.5927 router_H=0.6869 best=0.6632
           router_load=[0.26919496059417725, 0.5406472086906433, 0.03141004592180252, 0.1587478667497635]
[step 0140/200] method=baseline_avg loss=0.5490 train_acc=0.6510 train_loss=0.5932 val_acc=0.6632 val_loss=0.5927 router_H=0.6869 best=0.6632
           router_load=[0.26919496059417725, 0.5406472086906433, 0.03141004592180252, 0.1587478667497635]
[step 0150/200] method=baseline_avg loss=0.5404 train_acc=0.6510 train_loss=0.5932 val_acc=0.6632 val_loss=0.5927 router_H=0.6869 best=0.6632
           router_load=[0.26919496059417725, 0.5406472086906433, 0.03141004592180252, 0.1587478667497635]
[step 0160/200] method=baseline_avg loss=0.6419 train_acc=0.6510 train_loss=0.5932 val_acc=0.6632 val_loss=0.5927 router_H=0.6869 best=0.6632
           router_load=[0.26919496059417725, 0.5406472086906433, 0.03141004592180252, 0.1587478667497635]
[step 0170/200] method=baseline_avg loss=0.6969 train_acc=0.6510 train_loss=0.5932 val_acc=0.6632 val_loss=0.5927 router_H=0.6869 best=0.6632
           router_load=[0.26919496059417725, 0.5406472086906433, 0.03141004592180252, 0.1587478667497635]
[step 0180/200] method=baseline_avg loss=0.7243 train_acc=0.6510 train_loss=0.5932 val_acc=0.6632 val_loss=0.5927 router_H=0.6869 best=0.6632
           router_load=[0.26919496059417725, 0.5406472086906433, 0.03141004592180252, 0.1587478667497635]
[step 0190/200] method=baseline_avg loss=0.5221 train_acc=0.6510 train_loss=0.5932 val_acc=0.6632 val_loss=0.5927 router_H=0.6869 best=0.6632
           router_load=[0.26919496059417725, 0.5406472086906433, 0.03141004592180252, 0.1587478667497635]
[step 0200/200] method=baseline_avg loss=0.5996 train_acc=0.6978 train_loss=0.5382 val_acc=0.6544 val_loss=0.5713 router_H=0.6884 best=0.6632
           router_load=[0.2590983510017395, 0.4978235065937042, 0.04144814610481262, 0.20162995159626007]
saved summary -> /root/Optimization/MOE-grad-conflict-routing/runs/paper_suite_supplement/appendix/rank/multi_glue3_roberta_r16_lora_e4_k2/hpo/baseline/trial_runs/local_var_topk_004/baseline_s2.json
saved curve -> /root/Optimization/MOE-grad-conflict-routing/runs/paper_suite_supplement/appendix/rank/multi_glue3_roberta_r16_lora_e4_k2/hpo/baseline/trial_runs/local_var_topk_004/baseline_s2_curve.csv
