[run] method=baseline candidate=coord_01_train_lr_014 seed=2 steps=150 gpu=0
[run] cmd=
/home/zhujjing/anaconda3/envs/moe/bin/python /home/zhujjing/MOE-grad-conflict-routing/scripts/run.py --config configs/singletask_mrpc_real.yaml --set model.backbone_backend=hf --set model.hf_load_pretrained=true --set model.backbone=deberta --set model.hf_pretrained_name=microsoft/deberta-v3-base --set model.expert_type=lora --set model.routing_mode=topk --set model.num_experts=4 --set model.top_k=2 --set seed=2 --set method.name=baseline_avg --set train.steps=150 --set train.eval_every_steps=50 --set train.grad_clip=1 --set train.lr=5.108296151e-06 --set train.weight_decay=0.01 --out /home/zhujjing/MOE-grad-conflict-routing/runs/paper_suite/single_gpu/single_task/deberta_mrpc_lora_e4_k2/hpo/baseline/trial_runs/coord_01_train_lr_014/baseline_s2.json --curve_out /home/zhujjing/MOE-grad-conflict-routing/runs/paper_suite/single_gpu/single_task/deberta_mrpc_lora_e4_k2/hpo/baseline/trial_runs/coord_01_train_lr_014/baseline_s2_curve.csv
Using the latest cached version of the dataset since glue couldn't be found on the Hugging Face Hub (offline mode is enabled).
Found the latest cached dataset configuration 'mrpc' at /home/zhujjing/hf_cache/datasets/glue/mrpc/0.0.0/bcdcba79d07bc864c1c254ccfcedcce55bcc9a8c (last modified on Thu Mar 19 15:01:06 2026).
/home/zhujjing/anaconda3/envs/moe/lib/python3.10/site-packages/transformers/utils/hub.py:124: FutureWarning: Using `TRANSFORMERS_CACHE` is deprecated and will be removed in v5 of Transformers. Use `HF_HOME` instead.
  warnings.warn(
/home/zhujjing/anaconda3/envs/moe/lib/python3.10/site-packages/transformers/convert_slow_tokenizer.py:560: UserWarning: The sentencepiece tokenizer that you are converting to a fast tokenizer uses the byte fallback option which is not implemented in the fast tokenizers. In practice this means that the fast version of the tokenizer can produce unknown tokens whereas the sentencepiece version would have converted these unknown tokens into a sequence of byte tokens matching the original piece of text.
  warnings.warn(
[step 0001/150] method=baseline_avg loss=1.1679 train_acc=nan train_loss=nan val_acc=nan val_loss=nan best=-1.0000
[step 0010/150] method=baseline_avg loss=0.6727 train_acc=nan train_loss=nan val_acc=nan val_loss=nan best=-1.0000
[step 0020/150] method=baseline_avg loss=0.6958 train_acc=nan train_loss=nan val_acc=nan val_loss=nan best=-1.0000
[step 0030/150] method=baseline_avg loss=0.6931 train_acc=nan train_loss=nan val_acc=nan val_loss=nan best=-1.0000
[step 0040/150] method=baseline_avg loss=0.6432 train_acc=nan train_loss=nan val_acc=nan val_loss=nan best=-1.0000
[step 0050/150] method=baseline_avg loss=0.4684 train_acc=0.7435 train_loss=0.5253 val_acc=0.7402 val_loss=0.5229 router_H=0.6880 best=0.7402
           router_load=[0.038940735161304474, 0.4887099862098694, 0.4421933889389038, 0.030155908316373825]
[step 0060/150] method=baseline_avg loss=0.5403 train_acc=0.7435 train_loss=0.5253 val_acc=0.7402 val_loss=0.5229 router_H=0.6880 best=0.7402
           router_load=[0.038940735161304474, 0.4887099862098694, 0.4421933889389038, 0.030155908316373825]
[step 0070/150] method=baseline_avg loss=0.4177 train_acc=0.7435 train_loss=0.5253 val_acc=0.7402 val_loss=0.5229 router_H=0.6880 best=0.7402
           router_load=[0.038940735161304474, 0.4887099862098694, 0.4421933889389038, 0.030155908316373825]
[step 0080/150] method=baseline_avg loss=0.4494 train_acc=0.7435 train_loss=0.5253 val_acc=0.7402 val_loss=0.5229 router_H=0.6880 best=0.7402
           router_load=[0.038940735161304474, 0.4887099862098694, 0.4421933889389038, 0.030155908316373825]
[step 0090/150] method=baseline_avg loss=0.4862 train_acc=0.7435 train_loss=0.5253 val_acc=0.7402 val_loss=0.5229 router_H=0.6880 best=0.7402
           router_load=[0.038940735161304474, 0.4887099862098694, 0.4421933889389038, 0.030155908316373825]
[step 0100/150] method=baseline_avg loss=0.5159 train_acc=0.7579 train_loss=0.4870 val_acc=0.7451 val_loss=0.4934 router_H=0.6883 best=0.7451
           router_load=[0.06393297761678696, 0.43319571018218994, 0.4743081033229828, 0.02856314182281494]
[step 0110/150] method=baseline_avg loss=0.6851 train_acc=0.7579 train_loss=0.4870 val_acc=0.7451 val_loss=0.4934 router_H=0.6883 best=0.7451
           router_load=[0.06393297761678696, 0.43319571018218994, 0.4743081033229828, 0.02856314182281494]
[step 0120/150] method=baseline_avg loss=0.3773 train_acc=0.7579 train_loss=0.4870 val_acc=0.7451 val_loss=0.4934 router_H=0.6883 best=0.7451
           router_load=[0.06393297761678696, 0.43319571018218994, 0.4743081033229828, 0.02856314182281494]
[step 0130/150] method=baseline_avg loss=0.5888 train_acc=0.7579 train_loss=0.4870 val_acc=0.7451 val_loss=0.4934 router_H=0.6883 best=0.7451
           router_load=[0.06393297761678696, 0.43319571018218994, 0.4743081033229828, 0.02856314182281494]
[step 0140/150] method=baseline_avg loss=0.3923 train_acc=0.7579 train_loss=0.4870 val_acc=0.7451 val_loss=0.4934 router_H=0.6883 best=0.7451
           router_load=[0.06393297761678696, 0.43319571018218994, 0.4743081033229828, 0.02856314182281494]
[step 0150/150] method=baseline_avg loss=0.4742 train_acc=0.7936 train_loss=0.4353 val_acc=0.7696 val_loss=0.4469 router_H=0.6843 best=0.7696
           router_load=[0.07551460713148117, 0.376850962638855, 0.5355483293533325, 0.012086101807653904]
saved summary -> /home/zhujjing/MOE-grad-conflict-routing/runs/paper_suite/single_gpu/single_task/deberta_mrpc_lora_e4_k2/hpo/baseline/trial_runs/coord_01_train_lr_014/baseline_s2.json
saved curve -> /home/zhujjing/MOE-grad-conflict-routing/runs/paper_suite/single_gpu/single_task/deberta_mrpc_lora_e4_k2/hpo/baseline/trial_runs/coord_01_train_lr_014/baseline_s2_curve.csv
