[run] method=cagrad candidate=coord_02_train_weight_decay_008 seed=3 steps=150 gpu=0
[run] cmd=
/home/zhujjing/anaconda3/envs/moe/bin/python /home/zhujjing/MOE-grad-conflict-routing/scripts/run.py --config configs/singletask_rte_real.yaml --set model.backbone_backend=hf --set model.hf_load_pretrained=true --set model.hf_local_files_only=true --set model.backbone=roberta --set model.hf_pretrained_name=roberta-base --set model.expert_type=ffn --set model.routing_mode=topk --set model.num_experts=4 --set model.top_k=2 --set seed=3 --set method.name=baseline_cagrad --set train.steps=150 --set train.eval_every_steps=50 --set method.baseline_cagrad.c=0.4 --set method.baseline_cagrad.inner_lr=0.1 --set train.grad_clip=1 --set train.lr=2.52305587e-05 --set train.weight_decay=0.009265879002 --out /home/zhujjing/MOE-grad-conflict-routing/runs/paper_suite/single_gpu/single_task/roberta_rte_ffn_e4_k2_supplement/hpo/cagrad/trial_runs/coord_02_train_weight_decay_008/cagrad_s3.json --curve_out /home/zhujjing/MOE-grad-conflict-routing/runs/paper_suite/single_gpu/single_task/roberta_rte_ffn_e4_k2_supplement/hpo/cagrad/trial_runs/coord_02_train_weight_decay_008/cagrad_s3_curve.csv
Using the latest cached version of the dataset since glue couldn't be found on the Hugging Face Hub (offline mode is enabled).
Found the latest cached dataset configuration 'rte' at /home/zhujjing/hf_cache/datasets/glue/rte/0.0.0/bcdcba79d07bc864c1c254ccfcedcce55bcc9a8c (last modified on Thu Mar 19 15:00:36 2026).
/home/zhujjing/anaconda3/envs/moe/lib/python3.10/site-packages/transformers/utils/hub.py:124: FutureWarning: Using `TRANSFORMERS_CACHE` is deprecated and will be removed in v5 of Transformers. Use `HF_HOME` instead.
  warnings.warn(
Some weights of RobertaModel were not initialized from the model checkpoint at roberta-base and are newly initialized: ['roberta.pooler.dense.bias', 'roberta.pooler.dense.weight']
You should probably TRAIN this model on a down-stream task to be able to use it for predictions and inference.
[step 0001/150] method=baseline_cagrad loss=0.6908 train_acc=nan train_loss=nan val_acc=nan val_loss=nan best=-1.0000
[step 0010/150] method=baseline_cagrad loss=0.6931 train_acc=nan train_loss=nan val_acc=nan val_loss=nan best=-1.0000
[step 0020/150] method=baseline_cagrad loss=0.6857 train_acc=nan train_loss=nan val_acc=nan val_loss=nan best=-1.0000
[step 0030/150] method=baseline_cagrad loss=0.6779 train_acc=nan train_loss=nan val_acc=nan val_loss=nan best=-1.0000
[step 0040/150] method=baseline_cagrad loss=0.7200 train_acc=nan train_loss=nan val_acc=nan val_loss=nan best=-1.0000
[step 0050/150] method=baseline_cagrad loss=0.6869 train_acc=0.5977 train_loss=0.6506 val_acc=0.5596 val_loss=0.6722 router_H=0.6637 best=0.5596
           router_load=[0.01004884671419859, 0.01477788109332323, 0.5069242119789124, 0.46824911236763]
[step 0060/150] method=baseline_cagrad loss=0.5867 train_acc=0.5977 train_loss=0.6506 val_acc=0.5596 val_loss=0.6722 router_H=0.6637 best=0.5596
           router_load=[0.01004884671419859, 0.01477788109332323, 0.5069242119789124, 0.46824911236763]
[step 0070/150] method=baseline_cagrad loss=0.7179 train_acc=0.5977 train_loss=0.6506 val_acc=0.5596 val_loss=0.6722 router_H=0.6637 best=0.5596
           router_load=[0.01004884671419859, 0.01477788109332323, 0.5069242119789124, 0.46824911236763]
[step 0080/150] method=baseline_cagrad loss=0.6582 train_acc=0.5977 train_loss=0.6506 val_acc=0.5596 val_loss=0.6722 router_H=0.6637 best=0.5596
           router_load=[0.01004884671419859, 0.01477788109332323, 0.5069242119789124, 0.46824911236763]
[step 0090/150] method=baseline_cagrad loss=0.6113 train_acc=0.5977 train_loss=0.6506 val_acc=0.5596 val_loss=0.6722 router_H=0.6637 best=0.5596
           router_load=[0.01004884671419859, 0.01477788109332323, 0.5069242119789124, 0.46824911236763]
[step 0100/150] method=baseline_cagrad loss=0.9607 train_acc=0.6758 train_loss=0.6087 val_acc=0.6354 val_loss=0.6522 router_H=0.5634 best=0.6354
           router_load=[0.19932620227336884, 0.17900250852108002, 0.02675587125122547, 0.5949153900146484]
[step 0110/150] method=baseline_cagrad loss=0.5920 train_acc=0.6758 train_loss=0.6087 val_acc=0.6354 val_loss=0.6522 router_H=0.5634 best=0.6354
           router_load=[0.19932620227336884, 0.17900250852108002, 0.02675587125122547, 0.5949153900146484]
[step 0120/150] method=baseline_cagrad loss=0.7476 train_acc=0.6758 train_loss=0.6087 val_acc=0.6354 val_loss=0.6522 router_H=0.5634 best=0.6354
           router_load=[0.19932620227336884, 0.17900250852108002, 0.02675587125122547, 0.5949153900146484]
[step 0130/150] method=baseline_cagrad loss=0.5456 train_acc=0.6758 train_loss=0.6087 val_acc=0.6354 val_loss=0.6522 router_H=0.5634 best=0.6354
           router_load=[0.19932620227336884, 0.17900250852108002, 0.02675587125122547, 0.5949153900146484]
[step 0140/150] method=baseline_cagrad loss=0.6269 train_acc=0.6758 train_loss=0.6087 val_acc=0.6354 val_loss=0.6522 router_H=0.5634 best=0.6354
           router_load=[0.19932620227336884, 0.17900250852108002, 0.02675587125122547, 0.5949153900146484]
[step 0150/150] method=baseline_cagrad loss=0.5948 train_acc=0.6836 train_loss=0.5942 val_acc=0.6787 val_loss=0.6135 router_H=0.6765 best=0.6787
           router_load=[0.14102497696876526, 0.35450080037117004, 0.0392863005399704, 0.4651879370212555]
saved summary -> /home/zhujjing/MOE-grad-conflict-routing/runs/paper_suite/single_gpu/single_task/roberta_rte_ffn_e4_k2_supplement/hpo/cagrad/trial_runs/coord_02_train_weight_decay_008/cagrad_s3.json
saved curve -> /home/zhujjing/MOE-grad-conflict-routing/runs/paper_suite/single_gpu/single_task/roberta_rte_ffn_e4_k2_supplement/hpo/cagrad/trial_runs/coord_02_train_weight_decay_008/cagrad_s3_curve.csv
