[run] method=cagrad candidate=coord_02_train_weight_decay_009 seed=2 steps=150 gpu=0
[run] cmd=
/home/zhujjing/anaconda3/envs/moe/bin/python /home/zhujjing/MOE-grad-conflict-routing/scripts/run.py --config configs/singletask_rte_real.yaml --set model.backbone_backend=hf --set model.hf_load_pretrained=true --set model.hf_local_files_only=true --set model.backbone=roberta --set model.hf_pretrained_name=roberta-base --set model.expert_type=ffn --set model.routing_mode=topk --set model.num_experts=4 --set model.top_k=2 --set seed=2 --set method.name=baseline_cagrad --set train.steps=150 --set train.eval_every_steps=50 --set method.baseline_cagrad.c=0.4 --set method.baseline_cagrad.inner_lr=0.1 --set train.grad_clip=1 --set train.lr=2.52305587e-05 --set train.weight_decay=0.009393496225 --out /home/zhujjing/MOE-grad-conflict-routing/runs/paper_suite/single_gpu/single_task/roberta_rte_ffn_e4_k2_supplement/hpo/cagrad/trial_runs/coord_02_train_weight_decay_009/cagrad_s2.json --curve_out /home/zhujjing/MOE-grad-conflict-routing/runs/paper_suite/single_gpu/single_task/roberta_rte_ffn_e4_k2_supplement/hpo/cagrad/trial_runs/coord_02_train_weight_decay_009/cagrad_s2_curve.csv
Using the latest cached version of the dataset since glue couldn't be found on the Hugging Face Hub (offline mode is enabled).
Found the latest cached dataset configuration 'rte' at /home/zhujjing/hf_cache/datasets/glue/rte/0.0.0/bcdcba79d07bc864c1c254ccfcedcce55bcc9a8c (last modified on Thu Mar 19 15:00:36 2026).
/home/zhujjing/anaconda3/envs/moe/lib/python3.10/site-packages/transformers/utils/hub.py:124: FutureWarning: Using `TRANSFORMERS_CACHE` is deprecated and will be removed in v5 of Transformers. Use `HF_HOME` instead.
  warnings.warn(
Some weights of RobertaModel were not initialized from the model checkpoint at roberta-base and are newly initialized: ['roberta.pooler.dense.bias', 'roberta.pooler.dense.weight']
You should probably TRAIN this model on a down-stream task to be able to use it for predictions and inference.
[step 0001/150] method=baseline_cagrad loss=0.6985 train_acc=nan train_loss=nan val_acc=nan val_loss=nan best=-1.0000
[step 0010/150] method=baseline_cagrad loss=0.7401 train_acc=nan train_loss=nan val_acc=nan val_loss=nan best=-1.0000
[step 0020/150] method=baseline_cagrad loss=0.6804 train_acc=nan train_loss=nan val_acc=nan val_loss=nan best=-1.0000
[step 0030/150] method=baseline_cagrad loss=0.7106 train_acc=nan train_loss=nan val_acc=nan val_loss=nan best=-1.0000
[step 0040/150] method=baseline_cagrad loss=0.6755 train_acc=nan train_loss=nan val_acc=nan val_loss=nan best=-1.0000
[step 0050/150] method=baseline_cagrad loss=0.5653 train_acc=0.5391 train_loss=0.7031 val_acc=0.5560 val_loss=0.6816 router_H=0.5370 best=0.5560
           router_load=[0.045726228505373, 0.10308950394392014, 0.09759803861379623, 0.7535861730575562]
[step 0060/150] method=baseline_cagrad loss=0.6462 train_acc=0.5391 train_loss=0.7031 val_acc=0.5560 val_loss=0.6816 router_H=0.5370 best=0.5560
           router_load=[0.045726228505373, 0.10308950394392014, 0.09759803861379623, 0.7535861730575562]
[step 0070/150] method=baseline_cagrad loss=0.6578 train_acc=0.5391 train_loss=0.7031 val_acc=0.5560 val_loss=0.6816 router_H=0.5370 best=0.5560
           router_load=[0.045726228505373, 0.10308950394392014, 0.09759803861379623, 0.7535861730575562]
[step 0080/150] method=baseline_cagrad loss=0.6513 train_acc=0.5391 train_loss=0.7031 val_acc=0.5560 val_loss=0.6816 router_H=0.5370 best=0.5560
           router_load=[0.045726228505373, 0.10308950394392014, 0.09759803861379623, 0.7535861730575562]
[step 0090/150] method=baseline_cagrad loss=0.7722 train_acc=0.5391 train_loss=0.7031 val_acc=0.5560 val_loss=0.6816 router_H=0.5370 best=0.5560
           router_load=[0.045726228505373, 0.10308950394392014, 0.09759803861379623, 0.7535861730575562]
[step 0100/150] method=baseline_cagrad loss=0.6116 train_acc=0.7109 train_loss=0.5878 val_acc=0.6823 val_loss=0.6318 router_H=0.6084 best=0.6823
           router_load=[0.13725729286670685, 0.013695280067622662, 0.2060757428407669, 0.6429716944694519]
[step 0110/150] method=baseline_cagrad loss=0.6222 train_acc=0.7109 train_loss=0.5878 val_acc=0.6823 val_loss=0.6318 router_H=0.6084 best=0.6823
           router_load=[0.13725729286670685, 0.013695280067622662, 0.2060757428407669, 0.6429716944694519]
[step 0120/150] method=baseline_cagrad loss=0.5464 train_acc=0.7109 train_loss=0.5878 val_acc=0.6823 val_loss=0.6318 router_H=0.6084 best=0.6823
           router_load=[0.13725729286670685, 0.013695280067622662, 0.2060757428407669, 0.6429716944694519]
[step 0130/150] method=baseline_cagrad loss=0.7019 train_acc=0.7109 train_loss=0.5878 val_acc=0.6823 val_loss=0.6318 router_H=0.6084 best=0.6823
           router_load=[0.13725729286670685, 0.013695280067622662, 0.2060757428407669, 0.6429716944694519]
[step 0140/150] method=baseline_cagrad loss=0.6903 train_acc=0.7109 train_loss=0.5878 val_acc=0.6823 val_loss=0.6318 router_H=0.6084 best=0.6823
           router_load=[0.13725729286670685, 0.013695280067622662, 0.2060757428407669, 0.6429716944694519]
[step 0150/150] method=baseline_cagrad loss=0.6173 train_acc=0.7891 train_loss=0.5597 val_acc=0.6859 val_loss=0.6245 router_H=0.6019 best=0.6859
           router_load=[0.1305633932352066, 0.012987727299332619, 0.16833104193210602, 0.6881178021430969]
saved summary -> /home/zhujjing/MOE-grad-conflict-routing/runs/paper_suite/single_gpu/single_task/roberta_rte_ffn_e4_k2_supplement/hpo/cagrad/trial_runs/coord_02_train_weight_decay_009/cagrad_s2.json
saved curve -> /home/zhujjing/MOE-grad-conflict-routing/runs/paper_suite/single_gpu/single_task/roberta_rte_ffn_e4_k2_supplement/hpo/cagrad/trial_runs/coord_02_train_weight_decay_009/cagrad_s2_curve.csv
