[run] method=cagrad candidate=local_var_topk_061 seed=2 steps=200 gpu=0
[run] cmd=
/root/miniconda3/envs/optimization/bin/python /root/Optimization/MOE-grad-conflict-routing/scripts/run.py --config configs/singletask_cola_real.yaml --set model.backbone_backend=hf --set model.hf_load_pretrained=true --set model.backbone=roberta --set model.hf_pretrained_name=roberta-base --set model.expert_type=lora --set model.routing_mode=topk --set model.num_experts=4 --set model.top_k=2 --set seed=2 --set method.name=baseline_cagrad --set train.steps=200 --set train.eval_every_steps=50 --set method.baseline_cagrad.c=0.2865396522 --set method.baseline_cagrad.inner_lr=0.1824460376 --set train.grad_clip=1.012672082 --set train.lr=1.9599393e-05 --set train.weight_decay=0.01884869601 --out /root/Optimization/MOE-grad-conflict-routing/runs/paper_suite_supplement/single_task_add_rerun/single_task/roberta_cola_lora_e4_k2/hpo/cagrad/trial_runs/local_var_topk_061/cagrad_s2.json --curve_out /root/Optimization/MOE-grad-conflict-routing/runs/paper_suite_supplement/single_task_add_rerun/single_task/roberta_cola_lora_e4_k2/hpo/cagrad/trial_runs/local_var_topk_061/cagrad_s2_curve.csv
Using the latest cached version of the dataset since glue couldn't be found on the Hugging Face Hub (offline mode is enabled).
Found the latest cached dataset configuration 'cola' at /root/.cache/huggingface/datasets/glue/cola/0.0.0/bcdcba79d07bc864c1c254ccfcedcce55bcc9a8c (last modified on Mon Mar 23 09:28:48 2026).
Loading weights:   0%|          | 0/197 [00:00<?, ?it/s]Loading weights: 100%|██████████| 197/197 [00:00<00:00, 4891.07it/s]
[1mRobertaModel LOAD REPORT[0m from: roberta-base
Key                             | Status     | 
--------------------------------+------------+-
lm_head.bias                    | UNEXPECTED | 
roberta.embeddings.position_ids | UNEXPECTED | 
lm_head.dense.bias              | UNEXPECTED | 
lm_head.dense.weight            | UNEXPECTED | 
lm_head.layer_norm.bias         | UNEXPECTED | 
lm_head.layer_norm.weight       | UNEXPECTED | 
pooler.dense.weight             | MISSING    | 
pooler.dense.bias               | MISSING    | 

[3mNotes:
- UNEXPECTED[3m	:can be ignored when loading from different task/architecture; not ok if you expect identical arch.
- MISSING[3m	:those params were newly initialized because missing from the checkpoint. Consider training on your downstream task.[0m
[step 0001/200] method=baseline_cagrad loss=0.6697 train_acc=nan train_loss=nan val_acc=nan val_loss=nan best=-1.0000
[step 0010/200] method=baseline_cagrad loss=0.5095 train_acc=nan train_loss=nan val_acc=nan val_loss=nan best=-1.0000
[step 0020/200] method=baseline_cagrad loss=0.6572 train_acc=nan train_loss=nan val_acc=nan val_loss=nan best=-1.0000
[step 0030/200] method=baseline_cagrad loss=0.5680 train_acc=nan train_loss=nan val_acc=nan val_loss=nan best=-1.0000
[step 0040/200] method=baseline_cagrad loss=0.4000 train_acc=nan train_loss=nan val_acc=nan val_loss=nan best=-1.0000
[step 0050/200] method=baseline_cagrad loss=0.4102 train_acc=0.7613 train_loss=0.4945 val_acc=0.7421 val_loss=0.5236 router_H=0.6865 best=0.7421
           router_load=[0.08027654886245728, 0.34891483187675476, 0.030485527589917183, 0.5403230786323547]
[step 0060/200] method=baseline_cagrad loss=0.4141 train_acc=0.7613 train_loss=0.4945 val_acc=0.7421 val_loss=0.5236 router_H=0.6865 best=0.7421
           router_load=[0.08027654886245728, 0.34891483187675476, 0.030485527589917183, 0.5403230786323547]
[step 0070/200] method=baseline_cagrad loss=0.6158 train_acc=0.7613 train_loss=0.4945 val_acc=0.7421 val_loss=0.5236 router_H=0.6865 best=0.7421
           router_load=[0.08027654886245728, 0.34891483187675476, 0.030485527589917183, 0.5403230786323547]
[step 0080/200] method=baseline_cagrad loss=0.6473 train_acc=0.7613 train_loss=0.4945 val_acc=0.7421 val_loss=0.5236 router_H=0.6865 best=0.7421
           router_load=[0.08027654886245728, 0.34891483187675476, 0.030485527589917183, 0.5403230786323547]
[step 0090/200] method=baseline_cagrad loss=0.5778 train_acc=0.7613 train_loss=0.4945 val_acc=0.7421 val_loss=0.5236 router_H=0.6865 best=0.7421
           router_load=[0.08027654886245728, 0.34891483187675476, 0.030485527589917183, 0.5403230786323547]
[step 0100/200] method=baseline_cagrad loss=0.3449 train_acc=0.8135 train_loss=0.4383 val_acc=0.8044 val_loss=0.4929 router_H=0.6846 best=0.8044
           router_load=[0.020093979313969612, 0.28498879075050354, 0.1414535939693451, 0.5534635782241821]
[step 0110/200] method=baseline_cagrad loss=0.6826 train_acc=0.8135 train_loss=0.4383 val_acc=0.8044 val_loss=0.4929 router_H=0.6846 best=0.8044
           router_load=[0.020093979313969612, 0.28498879075050354, 0.1414535939693451, 0.5534635782241821]
[step 0120/200] method=baseline_cagrad loss=0.5776 train_acc=0.8135 train_loss=0.4383 val_acc=0.8044 val_loss=0.4929 router_H=0.6846 best=0.8044
           router_load=[0.020093979313969612, 0.28498879075050354, 0.1414535939693451, 0.5534635782241821]
[step 0130/200] method=baseline_cagrad loss=0.3740 train_acc=0.8135 train_loss=0.4383 val_acc=0.8044 val_loss=0.4929 router_H=0.6846 best=0.8044
           router_load=[0.020093979313969612, 0.28498879075050354, 0.1414535939693451, 0.5534635782241821]
[step 0140/200] method=baseline_cagrad loss=0.4325 train_acc=0.8135 train_loss=0.4383 val_acc=0.8044 val_loss=0.4929 router_H=0.6846 best=0.8044
           router_load=[0.020093979313969612, 0.28498879075050354, 0.1414535939693451, 0.5534635782241821]
[step 0150/200] method=baseline_cagrad loss=0.7536 train_acc=0.8217 train_loss=0.4030 val_acc=0.7747 val_loss=0.4666 router_H=0.6871 best=0.8044
           router_load=[0.027051961049437523, 0.3238421380519867, 0.10938996821641922, 0.5397160649299622]
[step 0160/200] method=baseline_cagrad loss=0.4019 train_acc=0.8217 train_loss=0.4030 val_acc=0.7747 val_loss=0.4666 router_H=0.6871 best=0.8044
           router_load=[0.027051961049437523, 0.3238421380519867, 0.10938996821641922, 0.5397160649299622]
[step 0170/200] method=baseline_cagrad loss=0.4747 train_acc=0.8217 train_loss=0.4030 val_acc=0.7747 val_loss=0.4666 router_H=0.6871 best=0.8044
           router_load=[0.027051961049437523, 0.3238421380519867, 0.10938996821641922, 0.5397160649299622]
[step 0180/200] method=baseline_cagrad loss=0.5126 train_acc=0.8217 train_loss=0.4030 val_acc=0.7747 val_loss=0.4666 router_H=0.6871 best=0.8044
           router_load=[0.027051961049437523, 0.3238421380519867, 0.10938996821641922, 0.5397160649299622]
[step 0190/200] method=baseline_cagrad loss=0.4851 train_acc=0.8217 train_loss=0.4030 val_acc=0.7747 val_loss=0.4666 router_H=0.6871 best=0.8044
           router_load=[0.027051961049437523, 0.3238421380519867, 0.10938996821641922, 0.5397160649299622]
[step 0200/200] method=baseline_cagrad loss=0.8153 train_acc=0.7858 train_loss=0.4983 val_acc=0.7421 val_loss=0.6133 router_H=0.6853 best=0.8044
           router_load=[0.02012430690228939, 0.35537660121917725, 0.07360793650150299, 0.5508911609649658]
saved summary -> /root/Optimization/MOE-grad-conflict-routing/runs/paper_suite_supplement/single_task_add_rerun/single_task/roberta_cola_lora_e4_k2/hpo/cagrad/trial_runs/local_var_topk_061/cagrad_s2.json
saved curve -> /root/Optimization/MOE-grad-conflict-routing/runs/paper_suite_supplement/single_task_add_rerun/single_task/roberta_cola_lora_e4_k2/hpo/cagrad/trial_runs/local_var_topk_061/cagrad_s2_curve.csv
