[run] method=cagrad candidate=local_var_topk_021 seed=3 steps=200 gpu=0
[run] cmd=
/root/miniconda3/envs/optimization/bin/python /root/Optimization/MOE-grad-conflict-routing/scripts/run.py --config configs/singletask_cola_real.yaml --set train.eval_train_fraction=0.1 --set model.backbone_backend=hf --set model.hf_load_pretrained=true --set model.hf_local_files_only=true --set model.backbone=roberta --set model.hf_pretrained_name=roberta-base --set model.expert_type=lora --set model.routing_mode=topk --set model.num_experts=4 --set model.top_k=2 --set seed=3 --set method.name=baseline_cagrad --set train.steps=200 --set train.eval_every_steps=100 --set method.baseline_cagrad.c=0.246825366 --set method.baseline_cagrad.inner_lr=0.07654088955 --set train.grad_clip=0.9919648274 --set train.lr=4e-05 --set train.weight_decay=0.01 --out /root/Optimization/MOE-grad-conflict-routing/runs/paper_suite_supplement/single_task_add_rerun/single_task/roberta_cola_lora_e4_k2/hpo/cagrad/trial_runs/local_var_topk_021/cagrad_s3.json --curve_out /root/Optimization/MOE-grad-conflict-routing/runs/paper_suite_supplement/single_task_add_rerun/single_task/roberta_cola_lora_e4_k2/hpo/cagrad/trial_runs/local_var_topk_021/cagrad_s3_curve.csv
Using the latest cached version of the dataset since glue couldn't be found on the Hugging Face Hub (offline mode is enabled).
Found the latest cached dataset configuration 'cola' at /root/.cache/huggingface/datasets/glue/cola/0.0.0/bcdcba79d07bc864c1c254ccfcedcce55bcc9a8c (last modified on Thu Mar 26 23:46:11 2026).
Loading weights:   0%|          | 0/197 [00:00<?, ?it/s]Loading weights: 100%|██████████| 197/197 [00:00<00:00, 21019.00it/s]
[1mRobertaModel LOAD REPORT[0m from: roberta-base
Key                             | Status     | 
--------------------------------+------------+-
lm_head.layer_norm.bias         | UNEXPECTED | 
lm_head.dense.bias              | UNEXPECTED | 
roberta.embeddings.position_ids | UNEXPECTED | 
lm_head.dense.weight            | UNEXPECTED | 
lm_head.bias                    | UNEXPECTED | 
lm_head.layer_norm.weight       | UNEXPECTED | 
pooler.dense.weight             | MISSING    | 
pooler.dense.bias               | MISSING    | 

[3mNotes:
- UNEXPECTED[3m	:can be ignored when loading from different task/architecture; not ok if you expect identical arch.
- MISSING[3m	:those params were newly initialized because missing from the checkpoint. Consider training on your downstream task.[0m
[step 0001/200] method=baseline_cagrad loss=0.8142 train_acc=nan train_loss=nan val_acc=nan val_loss=nan best=-1.0000
[step 0010/200] method=baseline_cagrad loss=0.3757 train_acc=nan train_loss=nan val_acc=nan val_loss=nan best=-1.0000
[step 0020/200] method=baseline_cagrad loss=0.6965 train_acc=nan train_loss=nan val_acc=nan val_loss=nan best=-1.0000
[step 0030/200] method=baseline_cagrad loss=0.6863 train_acc=nan train_loss=nan val_acc=nan val_loss=nan best=-1.0000
[step 0040/200] method=baseline_cagrad loss=0.7750 train_acc=nan train_loss=nan val_acc=nan val_loss=nan best=-1.0000
[step 0050/200] method=baseline_cagrad loss=0.6533 train_acc=nan train_loss=nan val_acc=nan val_loss=nan best=-1.0000
[step 0060/200] method=baseline_cagrad loss=0.4723 train_acc=nan train_loss=nan val_acc=nan val_loss=nan best=-1.0000
[step 0070/200] method=baseline_cagrad loss=0.6067 train_acc=nan train_loss=nan val_acc=nan val_loss=nan best=-1.0000
[step 0080/200] method=baseline_cagrad loss=0.4179 train_acc=nan train_loss=nan val_acc=nan val_loss=nan best=-1.0000
[step 0090/200] method=baseline_cagrad loss=0.5707 train_acc=nan train_loss=nan val_acc=nan val_loss=nan best=-1.0000
[step 0100/200] method=baseline_cagrad loss=0.5354 train_acc=0.7454 train_loss=0.5710 val_acc=0.7459 val_loss=0.6306 router_H=0.6871 best=0.7459
           router_load=[0.41886886954307556, 0.39259326457977295, 0.040278371423482895, 0.1482594758272171]
[step 0110/200] method=baseline_cagrad loss=0.4034 train_acc=0.7454 train_loss=0.5710 val_acc=0.7459 val_loss=0.6306 router_H=0.6871 best=0.7459
           router_load=[0.41886886954307556, 0.39259326457977295, 0.040278371423482895, 0.1482594758272171]
[step 0120/200] method=baseline_cagrad loss=0.6387 train_acc=0.7454 train_loss=0.5710 val_acc=0.7459 val_loss=0.6306 router_H=0.6871 best=0.7459
           router_load=[0.41886886954307556, 0.39259326457977295, 0.040278371423482895, 0.1482594758272171]
[step 0130/200] method=baseline_cagrad loss=0.8899 train_acc=0.7454 train_loss=0.5710 val_acc=0.7459 val_loss=0.6306 router_H=0.6871 best=0.7459
           router_load=[0.41886886954307556, 0.39259326457977295, 0.040278371423482895, 0.1482594758272171]
[step 0140/200] method=baseline_cagrad loss=0.4944 train_acc=0.7454 train_loss=0.5710 val_acc=0.7459 val_loss=0.6306 router_H=0.6871 best=0.7459
           router_load=[0.41886886954307556, 0.39259326457977295, 0.040278371423482895, 0.1482594758272171]
[step 0150/200] method=baseline_cagrad loss=0.3694 train_acc=0.7454 train_loss=0.5710 val_acc=0.7459 val_loss=0.6306 router_H=0.6871 best=0.7459
           router_load=[0.41886886954307556, 0.39259326457977295, 0.040278371423482895, 0.1482594758272171]
[step 0160/200] method=baseline_cagrad loss=0.4885 train_acc=0.7454 train_loss=0.5710 val_acc=0.7459 val_loss=0.6306 router_H=0.6871 best=0.7459
           router_load=[0.41886886954307556, 0.39259326457977295, 0.040278371423482895, 0.1482594758272171]
[step 0170/200] method=baseline_cagrad loss=0.4302 train_acc=0.7454 train_loss=0.5710 val_acc=0.7459 val_loss=0.6306 router_H=0.6871 best=0.7459
           router_load=[0.41886886954307556, 0.39259326457977295, 0.040278371423482895, 0.1482594758272171]
[step 0180/200] method=baseline_cagrad loss=0.5597 train_acc=0.7454 train_loss=0.5710 val_acc=0.7459 val_loss=0.6306 router_H=0.6871 best=0.7459
           router_load=[0.41886886954307556, 0.39259326457977295, 0.040278371423482895, 0.1482594758272171]
[step 0190/200] method=baseline_cagrad loss=0.6458 train_acc=0.7454 train_loss=0.5710 val_acc=0.7459 val_loss=0.6306 router_H=0.6871 best=0.7459
           router_load=[0.41886886954307556, 0.39259326457977295, 0.040278371423482895, 0.1482594758272171]
[step 0200/200] method=baseline_cagrad loss=0.6846 train_acc=0.7975 train_loss=0.4320 val_acc=0.7651 val_loss=0.4888 router_H=0.6895 best=0.7651
           router_load=[0.46664005517959595, 0.2672041356563568, 0.01134620700031519, 0.25480958819389343]
saved summary -> /root/Optimization/MOE-grad-conflict-routing/runs/paper_suite_supplement/single_task_add_rerun/single_task/roberta_cola_lora_e4_k2/hpo/cagrad/trial_runs/local_var_topk_021/cagrad_s3.json
saved curve -> /root/Optimization/MOE-grad-conflict-routing/runs/paper_suite_supplement/single_task_add_rerun/single_task/roberta_cola_lora_e4_k2/hpo/cagrad/trial_runs/local_var_topk_021/cagrad_s3_curve.csv
