[run] method=cagrad candidate=local_var_topk_042 seed=2 steps=200 gpu=0
[run] cmd=
/root/miniconda3/envs/optimization/bin/python /root/Optimization/MOE-grad-conflict-routing/scripts/run.py --config configs/singletask_cola_real.yaml --set model.backbone_backend=hf --set model.hf_load_pretrained=true --set model.backbone=roberta --set model.hf_pretrained_name=roberta-base --set model.expert_type=lora --set model.routing_mode=topk --set model.num_experts=4 --set model.top_k=2 --set seed=2 --set method.name=baseline_cagrad --set train.steps=200 --set train.eval_every_steps=50 --set method.baseline_cagrad.c=0.2865396522 --set method.baseline_cagrad.inner_lr=0.09122301878 --set train.grad_clip=1.012672082 --set train.lr=9.799696e-06 --set train.weight_decay=0.02884869601 --out /root/Optimization/MOE-grad-conflict-routing/runs/paper_suite_supplement/single_task_add_rerun/single_task/roberta_cola_lora_e4_k2/hpo/cagrad/trial_runs/local_var_topk_042/cagrad_s2.json --curve_out /root/Optimization/MOE-grad-conflict-routing/runs/paper_suite_supplement/single_task_add_rerun/single_task/roberta_cola_lora_e4_k2/hpo/cagrad/trial_runs/local_var_topk_042/cagrad_s2_curve.csv
Using the latest cached version of the dataset since glue couldn't be found on the Hugging Face Hub (offline mode is enabled).
Found the latest cached dataset configuration 'cola' at /root/.cache/huggingface/datasets/glue/cola/0.0.0/bcdcba79d07bc864c1c254ccfcedcce55bcc9a8c (last modified on Mon Mar 23 09:28:48 2026).
Loading weights:   0%|          | 0/197 [00:00<?, ?it/s]Loading weights: 100%|██████████| 197/197 [00:00<00:00, 2483.31it/s]
[1mRobertaModel LOAD REPORT[0m from: roberta-base
Key                             | Status     | 
--------------------------------+------------+-
roberta.embeddings.position_ids | UNEXPECTED | 
lm_head.dense.bias              | UNEXPECTED | 
lm_head.bias                    | UNEXPECTED | 
lm_head.layer_norm.weight       | UNEXPECTED | 
lm_head.layer_norm.bias         | UNEXPECTED | 
lm_head.dense.weight            | UNEXPECTED | 
pooler.dense.bias               | MISSING    | 
pooler.dense.weight             | MISSING    | 

[3mNotes:
- UNEXPECTED[3m	:can be ignored when loading from different task/architecture; not ok if you expect identical arch.
- MISSING[3m	:those params were newly initialized because missing from the checkpoint. Consider training on your downstream task.[0m
[step 0001/200] method=baseline_cagrad loss=0.6994 train_acc=nan train_loss=nan val_acc=nan val_loss=nan best=-1.0000
[step 0010/200] method=baseline_cagrad loss=0.5663 train_acc=nan train_loss=nan val_acc=nan val_loss=nan best=-1.0000
[step 0020/200] method=baseline_cagrad loss=0.6573 train_acc=nan train_loss=nan val_acc=nan val_loss=nan best=-1.0000
[step 0030/200] method=baseline_cagrad loss=0.4885 train_acc=nan train_loss=nan val_acc=nan val_loss=nan best=-1.0000
[step 0040/200] method=baseline_cagrad loss=0.4719 train_acc=nan train_loss=nan val_acc=nan val_loss=nan best=-1.0000
[step 0050/200] method=baseline_cagrad loss=0.5143 train_acc=0.7044 train_loss=0.5536 val_acc=0.6913 val_loss=0.5686 router_H=0.6911 best=0.6913
           router_load=[0.24110785126686096, 0.0, 0.5265297889709473, 0.2323623150587082]
[step 0060/200] method=baseline_cagrad loss=0.5305 train_acc=0.7044 train_loss=0.5536 val_acc=0.6913 val_loss=0.5686 router_H=0.6911 best=0.6913
           router_load=[0.24110785126686096, 0.0, 0.5265297889709473, 0.2323623150587082]
[step 0070/200] method=baseline_cagrad loss=0.6107 train_acc=0.7044 train_loss=0.5536 val_acc=0.6913 val_loss=0.5686 router_H=0.6911 best=0.6913
           router_load=[0.24110785126686096, 0.0, 0.5265297889709473, 0.2323623150587082]
[step 0080/200] method=baseline_cagrad loss=0.4938 train_acc=0.7044 train_loss=0.5536 val_acc=0.6913 val_loss=0.5686 router_H=0.6911 best=0.6913
           router_load=[0.24110785126686096, 0.0, 0.5265297889709473, 0.2323623150587082]
[step 0090/200] method=baseline_cagrad loss=0.5991 train_acc=0.7044 train_loss=0.5536 val_acc=0.6913 val_loss=0.5686 router_H=0.6911 best=0.6913
           router_load=[0.24110785126686096, 0.0, 0.5265297889709473, 0.2323623150587082]
[step 0100/200] method=baseline_cagrad loss=0.4734 train_acc=0.7856 train_loss=0.4701 val_acc=0.7824 val_loss=0.4992 router_H=0.6903 best=0.7824
           router_load=[0.1839740127325058, 0.0018841961864382029, 0.5160468220710754, 0.2980949878692627]
[step 0110/200] method=baseline_cagrad loss=0.5548 train_acc=0.7856 train_loss=0.4701 val_acc=0.7824 val_loss=0.4992 router_H=0.6903 best=0.7824
           router_load=[0.1839740127325058, 0.0018841961864382029, 0.5160468220710754, 0.2980949878692627]
[step 0120/200] method=baseline_cagrad loss=0.5511 train_acc=0.7856 train_loss=0.4701 val_acc=0.7824 val_loss=0.4992 router_H=0.6903 best=0.7824
           router_load=[0.1839740127325058, 0.0018841961864382029, 0.5160468220710754, 0.2980949878692627]
[step 0130/200] method=baseline_cagrad loss=0.4200 train_acc=0.7856 train_loss=0.4701 val_acc=0.7824 val_loss=0.4992 router_H=0.6903 best=0.7824
           router_load=[0.1839740127325058, 0.0018841961864382029, 0.5160468220710754, 0.2980949878692627]
[step 0140/200] method=baseline_cagrad loss=0.4976 train_acc=0.7856 train_loss=0.4701 val_acc=0.7824 val_loss=0.4992 router_H=0.6903 best=0.7824
           router_load=[0.1839740127325058, 0.0018841961864382029, 0.5160468220710754, 0.2980949878692627]
[step 0150/200] method=baseline_cagrad loss=0.4671 train_acc=0.8228 train_loss=0.4129 val_acc=0.7967 val_loss=0.4590 router_H=0.6906 best=0.7967
           router_load=[0.14416152238845825, 0.00372710102237761, 0.5061169862747192, 0.34599441289901733]
[step 0160/200] method=baseline_cagrad loss=0.3866 train_acc=0.8228 train_loss=0.4129 val_acc=0.7967 val_loss=0.4590 router_H=0.6906 best=0.7967
           router_load=[0.14416152238845825, 0.00372710102237761, 0.5061169862747192, 0.34599441289901733]
[step 0170/200] method=baseline_cagrad loss=0.5611 train_acc=0.8228 train_loss=0.4129 val_acc=0.7967 val_loss=0.4590 router_H=0.6906 best=0.7967
           router_load=[0.14416152238845825, 0.00372710102237761, 0.5061169862747192, 0.34599441289901733]
[step 0180/200] method=baseline_cagrad loss=0.5072 train_acc=0.8228 train_loss=0.4129 val_acc=0.7967 val_loss=0.4590 router_H=0.6906 best=0.7967
           router_load=[0.14416152238845825, 0.00372710102237761, 0.5061169862747192, 0.34599441289901733]
[step 0190/200] method=baseline_cagrad loss=0.4683 train_acc=0.8228 train_loss=0.4129 val_acc=0.7967 val_loss=0.4590 router_H=0.6906 best=0.7967
           router_load=[0.14416152238845825, 0.00372710102237761, 0.5061169862747192, 0.34599441289901733]
[step 0200/200] method=baseline_cagrad loss=0.6927 train_acc=0.7666 train_loss=0.5175 val_acc=0.7546 val_loss=0.5874 router_H=0.6902 best=0.7967
           router_load=[0.19580543041229248, 0.0018350048922002316, 0.5138979554176331, 0.28846171498298645]
saved summary -> /root/Optimization/MOE-grad-conflict-routing/runs/paper_suite_supplement/single_task_add_rerun/single_task/roberta_cola_lora_e4_k2/hpo/cagrad/trial_runs/local_var_topk_042/cagrad_s2.json
saved curve -> /root/Optimization/MOE-grad-conflict-routing/runs/paper_suite_supplement/single_task_add_rerun/single_task/roberta_cola_lora_e4_k2/hpo/cagrad/trial_runs/local_var_topk_042/cagrad_s2_curve.csv
