[run] method=cagrad candidate=local_var_topk_027 seed=2 steps=200 gpu=0
[run] cmd=
/root/miniconda3/envs/optimization/bin/python /root/Optimization/MOE-grad-conflict-routing/scripts/run.py --config configs/singletask_cola_real.yaml --set model.backbone_backend=hf --set model.hf_load_pretrained=true --set model.backbone=roberta --set model.hf_pretrained_name=roberta-base --set model.expert_type=lora --set model.routing_mode=topk --set model.num_experts=4 --set model.top_k=2 --set seed=2 --set method.name=baseline_cagrad --set train.steps=200 --set train.eval_every_steps=50 --set method.baseline_cagrad.c=0.2865396522 --set method.baseline_cagrad.inner_lr=0.09122301878 --set train.grad_clip=0.5 --set train.lr=9.799696e-06 --set train.weight_decay=0.01884869601 --out /root/Optimization/MOE-grad-conflict-routing/runs/paper_suite_supplement/single_task_add_rerun/single_task/roberta_cola_lora_e4_k2/hpo/cagrad/trial_runs/local_var_topk_027/cagrad_s2.json --curve_out /root/Optimization/MOE-grad-conflict-routing/runs/paper_suite_supplement/single_task_add_rerun/single_task/roberta_cola_lora_e4_k2/hpo/cagrad/trial_runs/local_var_topk_027/cagrad_s2_curve.csv
Using the latest cached version of the dataset since glue couldn't be found on the Hugging Face Hub (offline mode is enabled).
Found the latest cached dataset configuration 'cola' at /root/.cache/huggingface/datasets/glue/cola/0.0.0/bcdcba79d07bc864c1c254ccfcedcce55bcc9a8c (last modified on Mon Mar 23 09:28:48 2026).
Loading weights:   0%|          | 0/197 [00:00<?, ?it/s]Loading weights: 100%|██████████| 197/197 [00:00<00:00, 4268.78it/s]
[1mRobertaModel LOAD REPORT[0m from: roberta-base
Key                             | Status     | 
--------------------------------+------------+-
lm_head.dense.weight            | UNEXPECTED | 
lm_head.layer_norm.bias         | UNEXPECTED | 
lm_head.layer_norm.weight       | UNEXPECTED | 
roberta.embeddings.position_ids | UNEXPECTED | 
lm_head.dense.bias              | UNEXPECTED | 
lm_head.bias                    | UNEXPECTED | 
pooler.dense.weight             | MISSING    | 
pooler.dense.bias               | MISSING    | 

[3mNotes:
- UNEXPECTED[3m	:can be ignored when loading from different task/architecture; not ok if you expect identical arch.
- MISSING[3m	:those params were newly initialized because missing from the checkpoint. Consider training on your downstream task.[0m
[step 0001/200] method=baseline_cagrad loss=0.7208 train_acc=nan train_loss=nan val_acc=nan val_loss=nan best=-1.0000
[step 0010/200] method=baseline_cagrad loss=0.5394 train_acc=nan train_loss=nan val_acc=nan val_loss=nan best=-1.0000
[step 0020/200] method=baseline_cagrad loss=0.6525 train_acc=nan train_loss=nan val_acc=nan val_loss=nan best=-1.0000
[step 0030/200] method=baseline_cagrad loss=0.5001 train_acc=nan train_loss=nan val_acc=nan val_loss=nan best=-1.0000
[step 0040/200] method=baseline_cagrad loss=0.4807 train_acc=nan train_loss=nan val_acc=nan val_loss=nan best=-1.0000
[step 0050/200] method=baseline_cagrad loss=0.5318 train_acc=0.7044 train_loss=0.5632 val_acc=0.6913 val_loss=0.5816 router_H=0.6808 best=0.6913
           router_load=[0.29751917719841003, 0.5745441913604736, 0.002648449270054698, 0.12528839707374573]
[step 0060/200] method=baseline_cagrad loss=0.5699 train_acc=0.7044 train_loss=0.5632 val_acc=0.6913 val_loss=0.5816 router_H=0.6808 best=0.6913
           router_load=[0.29751917719841003, 0.5745441913604736, 0.002648449270054698, 0.12528839707374573]
[step 0070/200] method=baseline_cagrad loss=0.5987 train_acc=0.7044 train_loss=0.5632 val_acc=0.6913 val_loss=0.5816 router_H=0.6808 best=0.6913
           router_load=[0.29751917719841003, 0.5745441913604736, 0.002648449270054698, 0.12528839707374573]
[step 0080/200] method=baseline_cagrad loss=0.5080 train_acc=0.7044 train_loss=0.5632 val_acc=0.6913 val_loss=0.5816 router_H=0.6808 best=0.6913
           router_load=[0.29751917719841003, 0.5745441913604736, 0.002648449270054698, 0.12528839707374573]
[step 0090/200] method=baseline_cagrad loss=0.6157 train_acc=0.7044 train_loss=0.5632 val_acc=0.6913 val_loss=0.5816 router_H=0.6808 best=0.6913
           router_load=[0.29751917719841003, 0.5745441913604736, 0.002648449270054698, 0.12528839707374573]
[step 0100/200] method=baseline_cagrad loss=0.4733 train_acc=0.7739 train_loss=0.4841 val_acc=0.7747 val_loss=0.5133 router_H=0.6819 best=0.7747
           router_load=[0.20596931874752045, 0.5570241212844849, 0.03981573134660721, 0.1971907764673233]
[step 0110/200] method=baseline_cagrad loss=0.4923 train_acc=0.7739 train_loss=0.4841 val_acc=0.7747 val_loss=0.5133 router_H=0.6819 best=0.7747
           router_load=[0.20596931874752045, 0.5570241212844849, 0.03981573134660721, 0.1971907764673233]
[step 0120/200] method=baseline_cagrad loss=0.5714 train_acc=0.7739 train_loss=0.4841 val_acc=0.7747 val_loss=0.5133 router_H=0.6819 best=0.7747
           router_load=[0.20596931874752045, 0.5570241212844849, 0.03981573134660721, 0.1971907764673233]
[step 0130/200] method=baseline_cagrad loss=0.4692 train_acc=0.7739 train_loss=0.4841 val_acc=0.7747 val_loss=0.5133 router_H=0.6819 best=0.7747
           router_load=[0.20596931874752045, 0.5570241212844849, 0.03981573134660721, 0.1971907764673233]
[step 0140/200] method=baseline_cagrad loss=0.4576 train_acc=0.7739 train_loss=0.4841 val_acc=0.7747 val_loss=0.5133 router_H=0.6819 best=0.7747
           router_load=[0.20596931874752045, 0.5570241212844849, 0.03981573134660721, 0.1971907764673233]
[step 0150/200] method=baseline_cagrad loss=0.5109 train_acc=0.8118 train_loss=0.4208 val_acc=0.7900 val_loss=0.4677 router_H=0.6834 best=0.7900
           router_load=[0.17411555349826813, 0.5492821335792542, 0.09293077141046524, 0.18367145955562592]
[step 0160/200] method=baseline_cagrad loss=0.3634 train_acc=0.8118 train_loss=0.4208 val_acc=0.7900 val_loss=0.4677 router_H=0.6834 best=0.7900
           router_load=[0.17411555349826813, 0.5492821335792542, 0.09293077141046524, 0.18367145955562592]
[step 0170/200] method=baseline_cagrad loss=0.5905 train_acc=0.8118 train_loss=0.4208 val_acc=0.7900 val_loss=0.4677 router_H=0.6834 best=0.7900
           router_load=[0.17411555349826813, 0.5492821335792542, 0.09293077141046524, 0.18367145955562592]
[step 0180/200] method=baseline_cagrad loss=0.4573 train_acc=0.8118 train_loss=0.4208 val_acc=0.7900 val_loss=0.4677 router_H=0.6834 best=0.7900
           router_load=[0.17411555349826813, 0.5492821335792542, 0.09293077141046524, 0.18367145955562592]
[step 0190/200] method=baseline_cagrad loss=0.4088 train_acc=0.8118 train_loss=0.4208 val_acc=0.7900 val_loss=0.4677 router_H=0.6834 best=0.7900
           router_load=[0.17411555349826813, 0.5492821335792542, 0.09293077141046524, 0.18367145955562592]
[step 0200/200] method=baseline_cagrad loss=0.8745 train_acc=0.7626 train_loss=0.5396 val_acc=0.7488 val_loss=0.6172 router_H=0.6807 best=0.7900
           router_load=[0.09037577360868454, 0.5639936923980713, 0.10643301904201508, 0.23919741809368134]
saved summary -> /root/Optimization/MOE-grad-conflict-routing/runs/paper_suite_supplement/single_task_add_rerun/single_task/roberta_cola_lora_e4_k2/hpo/cagrad/trial_runs/local_var_topk_027/cagrad_s2.json
saved curve -> /root/Optimization/MOE-grad-conflict-routing/runs/paper_suite_supplement/single_task_add_rerun/single_task/roberta_cola_lora_e4_k2/hpo/cagrad/trial_runs/local_var_topk_027/cagrad_s2_curve.csv
