[run] method=cagrad candidate=local_var_topk_076 seed=3 steps=200 gpu=0
[run] cmd=
/root/miniconda3/envs/optimization/bin/python /root/Optimization/MOE-grad-conflict-routing/scripts/run.py --config configs/singletask_cola_real.yaml --set model.backbone_backend=hf --set model.hf_load_pretrained=true --set model.backbone=roberta --set model.hf_pretrained_name=roberta-base --set model.expert_type=lora --set model.routing_mode=topk --set model.num_experts=4 --set model.top_k=2 --set seed=3 --set method.name=baseline_cagrad --set train.steps=200 --set train.eval_every_steps=50 --set method.baseline_cagrad.c=0.2865396522 --set method.baseline_cagrad.inner_lr=0.1824460376 --set train.grad_clip=0.712672082 --set train.lr=1.9599393e-05 --set train.weight_decay=0.03884869601 --out /root/Optimization/MOE-grad-conflict-routing/runs/paper_suite_supplement/single_task_add_rerun/single_task/roberta_cola_lora_e4_k2/hpo/cagrad/trial_runs/local_var_topk_076/cagrad_s3.json --curve_out /root/Optimization/MOE-grad-conflict-routing/runs/paper_suite_supplement/single_task_add_rerun/single_task/roberta_cola_lora_e4_k2/hpo/cagrad/trial_runs/local_var_topk_076/cagrad_s3_curve.csv
Using the latest cached version of the dataset since glue couldn't be found on the Hugging Face Hub (offline mode is enabled).
Found the latest cached dataset configuration 'cola' at /root/.cache/huggingface/datasets/glue/cola/0.0.0/bcdcba79d07bc864c1c254ccfcedcce55bcc9a8c (last modified on Mon Mar 23 09:28:48 2026).
Loading weights:   0%|          | 0/197 [00:00<?, ?it/s]Loading weights: 100%|██████████| 197/197 [00:00<00:00, 12658.41it/s]
[1mRobertaModel LOAD REPORT[0m from: roberta-base
Key                             | Status     | 
--------------------------------+------------+-
lm_head.bias                    | UNEXPECTED | 
lm_head.dense.bias              | UNEXPECTED | 
roberta.embeddings.position_ids | UNEXPECTED | 
lm_head.layer_norm.bias         | UNEXPECTED | 
lm_head.dense.weight            | UNEXPECTED | 
lm_head.layer_norm.weight       | UNEXPECTED | 
pooler.dense.bias               | MISSING    | 
pooler.dense.weight             | MISSING    | 

[3mNotes:
- UNEXPECTED[3m	:can be ignored when loading from different task/architecture; not ok if you expect identical arch.
- MISSING[3m	:those params were newly initialized because missing from the checkpoint. Consider training on your downstream task.[0m
[step 0001/200] method=baseline_cagrad loss=0.9468 train_acc=nan train_loss=nan val_acc=nan val_loss=nan best=-1.0000
[step 0010/200] method=baseline_cagrad loss=0.3912 train_acc=nan train_loss=nan val_acc=nan val_loss=nan best=-1.0000
[step 0020/200] method=baseline_cagrad loss=0.7333 train_acc=nan train_loss=nan val_acc=nan val_loss=nan best=-1.0000
[step 0030/200] method=baseline_cagrad loss=0.6248 train_acc=nan train_loss=nan val_acc=nan val_loss=nan best=-1.0000
[step 0040/200] method=baseline_cagrad loss=0.8064 train_acc=nan train_loss=nan val_acc=nan val_loss=nan best=-1.0000
[step 0050/200] method=baseline_cagrad loss=0.6483 train_acc=0.7044 train_loss=0.5925 val_acc=0.6913 val_loss=0.6280 router_H=0.6897 best=0.6913
           router_load=[0.433570921421051, 0.026698414236307144, 0.01558178011327982, 0.5241489410400391]
[step 0060/200] method=baseline_cagrad loss=0.5891 train_acc=0.7044 train_loss=0.5925 val_acc=0.6913 val_loss=0.6280 router_H=0.6897 best=0.6913
           router_load=[0.433570921421051, 0.026698414236307144, 0.01558178011327982, 0.5241489410400391]
[step 0070/200] method=baseline_cagrad loss=0.6237 train_acc=0.7044 train_loss=0.5925 val_acc=0.6913 val_loss=0.6280 router_H=0.6897 best=0.6913
           router_load=[0.433570921421051, 0.026698414236307144, 0.01558178011327982, 0.5241489410400391]
[step 0080/200] method=baseline_cagrad loss=0.4371 train_acc=0.7044 train_loss=0.5925 val_acc=0.6913 val_loss=0.6280 router_H=0.6897 best=0.6913
           router_load=[0.433570921421051, 0.026698414236307144, 0.01558178011327982, 0.5241489410400391]
[step 0090/200] method=baseline_cagrad loss=0.5939 train_acc=0.7044 train_loss=0.5925 val_acc=0.6913 val_loss=0.6280 router_H=0.6897 best=0.6913
           router_load=[0.433570921421051, 0.026698414236307144, 0.01558178011327982, 0.5241489410400391]
[step 0100/200] method=baseline_cagrad loss=0.5890 train_acc=0.8109 train_loss=0.4313 val_acc=0.7843 val_loss=0.4825 router_H=0.6881 best=0.7843
           router_load=[0.207123801112175, 0.18302786350250244, 0.1552305817604065, 0.45461776852607727]
[step 0110/200] method=baseline_cagrad loss=0.3961 train_acc=0.8109 train_loss=0.4313 val_acc=0.7843 val_loss=0.4825 router_H=0.6881 best=0.7843
           router_load=[0.207123801112175, 0.18302786350250244, 0.1552305817604065, 0.45461776852607727]
[step 0120/200] method=baseline_cagrad loss=0.5029 train_acc=0.8109 train_loss=0.4313 val_acc=0.7843 val_loss=0.4825 router_H=0.6881 best=0.7843
           router_load=[0.207123801112175, 0.18302786350250244, 0.1552305817604065, 0.45461776852607727]
[step 0130/200] method=baseline_cagrad loss=0.7191 train_acc=0.8109 train_loss=0.4313 val_acc=0.7843 val_loss=0.4825 router_H=0.6881 best=0.7843
           router_load=[0.207123801112175, 0.18302786350250244, 0.1552305817604065, 0.45461776852607727]
[step 0140/200] method=baseline_cagrad loss=0.5391 train_acc=0.8109 train_loss=0.4313 val_acc=0.7843 val_loss=0.4825 router_H=0.6881 best=0.7843
           router_load=[0.207123801112175, 0.18302786350250244, 0.1552305817604065, 0.45461776852607727]
[step 0150/200] method=baseline_cagrad loss=0.3043 train_acc=0.7766 train_loss=0.4889 val_acc=0.7469 val_loss=0.5660 router_H=0.6891 best=0.7843
           router_load=[0.34058961272239685, 0.22617411613464355, 0.09545307606458664, 0.3377830982208252]
[step 0160/200] method=baseline_cagrad loss=0.5597 train_acc=0.7766 train_loss=0.4889 val_acc=0.7469 val_loss=0.5660 router_H=0.6891 best=0.7843
           router_load=[0.34058961272239685, 0.22617411613464355, 0.09545307606458664, 0.3377830982208252]
[step 0170/200] method=baseline_cagrad loss=0.3040 train_acc=0.7766 train_loss=0.4889 val_acc=0.7469 val_loss=0.5660 router_H=0.6891 best=0.7843
           router_load=[0.34058961272239685, 0.22617411613464355, 0.09545307606458664, 0.3377830982208252]
[step 0180/200] method=baseline_cagrad loss=0.5914 train_acc=0.7766 train_loss=0.4889 val_acc=0.7469 val_loss=0.5660 router_H=0.6891 best=0.7843
           router_load=[0.34058961272239685, 0.22617411613464355, 0.09545307606458664, 0.3377830982208252]
[step 0190/200] method=baseline_cagrad loss=0.5297 train_acc=0.7766 train_loss=0.4889 val_acc=0.7469 val_loss=0.5660 router_H=0.6891 best=0.7843
           router_load=[0.34058961272239685, 0.22617411613464355, 0.09545307606458664, 0.3377830982208252]
[step 0200/200] method=baseline_cagrad loss=0.6792 train_acc=0.8406 train_loss=0.3866 val_acc=0.8082 val_loss=0.4804 router_H=0.6884 best=0.8082
           router_load=[0.3220396041870117, 0.21235059201717377, 0.16657663881778717, 0.29903319478034973]
saved summary -> /root/Optimization/MOE-grad-conflict-routing/runs/paper_suite_supplement/single_task_add_rerun/single_task/roberta_cola_lora_e4_k2/hpo/cagrad/trial_runs/local_var_topk_076/cagrad_s3.json
saved curve -> /root/Optimization/MOE-grad-conflict-routing/runs/paper_suite_supplement/single_task_add_rerun/single_task/roberta_cola_lora_e4_k2/hpo/cagrad/trial_runs/local_var_topk_076/cagrad_s3_curve.csv
