[run] method=ours candidate=coord_01_train_lr_007 seed=2 steps=200 gpu=0
[run] cmd=
/root/miniconda3/envs/optimization/bin/python /root/Optimization/MOE-grad-conflict-routing/scripts/run.py --config configs/singletask_rte_real.yaml --set model.backbone_backend=hf --set model.hf_load_pretrained=true --set model.backbone=roberta --set model.hf_pretrained_name=roberta-base --set model.expert_type=ffn --set model.routing_mode=topk --set model.num_experts=4 --set model.top_k=2 --set train.lr=2.5551784142791192e-05 --set seed=2 --set method.name=ours --set train.steps=200 --set train.eval_every_steps=50 --set method.ours.use_load_norm=true --set method.ours.lambda_align=0.001 --set train.grad_clip=1 --set train.lr=0.0001740650958 --set train.weight_decay=0.01 --out /root/Optimization/MOE-grad-conflict-routing/runs/paper_suite_supplement/single_task_add_rerun/rerun/roberta_rte_ffn_e4_k2_ours_lr_centered/hpo/ours/trial_runs/coord_01_train_lr_007/ours_s2.json --curve_out /root/Optimization/MOE-grad-conflict-routing/runs/paper_suite_supplement/single_task_add_rerun/rerun/roberta_rte_ffn_e4_k2_ours_lr_centered/hpo/ours/trial_runs/coord_01_train_lr_007/ours_s2_curve.csv
Using the latest cached version of the dataset since glue couldn't be found on the Hugging Face Hub (offline mode is enabled).
Found the latest cached dataset configuration 'rte' at /root/.cache/huggingface/datasets/glue/rte/0.0.0/bcdcba79d07bc864c1c254ccfcedcce55bcc9a8c (last modified on Sun Mar 22 21:39:13 2026).
Loading weights:   0%|          | 0/197 [00:00<?, ?it/s]Loading weights: 100%|██████████| 197/197 [00:00<00:00, 7612.59it/s]
[1mRobertaModel LOAD REPORT[0m from: roberta-base
Key                             | Status     | 
--------------------------------+------------+-
lm_head.dense.weight            | UNEXPECTED | 
lm_head.layer_norm.bias         | UNEXPECTED | 
lm_head.bias                    | UNEXPECTED | 
lm_head.dense.bias              | UNEXPECTED | 
lm_head.layer_norm.weight       | UNEXPECTED | 
roberta.embeddings.position_ids | UNEXPECTED | 
pooler.dense.weight             | MISSING    | 
pooler.dense.bias               | MISSING    | 

[3mNotes:
- UNEXPECTED[3m	:can be ignored when loading from different task/architecture; not ok if you expect identical arch.
- MISSING[3m	:those params were newly initialized because missing from the checkpoint. Consider training on your downstream task.[0m
[step 0001/200] method=ours loss=0.7011 train_acc=nan train_loss=nan val_acc=nan val_loss=nan best=-1.0000
[step 0010/200] method=ours loss=0.6727 train_acc=nan train_loss=nan val_acc=nan val_loss=nan best=-1.0000
[step 0020/200] method=ours loss=0.7164 train_acc=nan train_loss=nan val_acc=nan val_loss=nan best=-1.0000
[step 0030/200] method=ours loss=0.7204 train_acc=nan train_loss=nan val_acc=nan val_loss=nan best=-1.0000
[step 0040/200] method=ours loss=0.6936 train_acc=nan train_loss=nan val_acc=nan val_loss=nan best=-1.0000
[step 0050/200] method=ours loss=0.6512 train_acc=0.5016 train_loss=0.6966 val_acc=0.5271 val_loss=0.6904 router_H=0.6931 best=0.5271
           router_load=[0.5001125931739807, 0.4998873472213745, 0.0, 0.0]
[step 0060/200] method=ours loss=0.6981 train_acc=0.5016 train_loss=0.6966 val_acc=0.5271 val_loss=0.6904 router_H=0.6931 best=0.5271
           router_load=[0.5001125931739807, 0.4998873472213745, 0.0, 0.0]
[step 0070/200] method=ours loss=0.7100 train_acc=0.5016 train_loss=0.6966 val_acc=0.5271 val_loss=0.6904 router_H=0.6931 best=0.5271
           router_load=[0.5001125931739807, 0.4998873472213745, 0.0, 0.0]
[step 0080/200] method=ours loss=0.7817 train_acc=0.5016 train_loss=0.6966 val_acc=0.5271 val_loss=0.6904 router_H=0.6931 best=0.5271
           router_load=[0.5001125931739807, 0.4998873472213745, 0.0, 0.0]
[step 0090/200] method=ours loss=0.7796 train_acc=0.5016 train_loss=0.6966 val_acc=0.5271 val_loss=0.6904 router_H=0.6931 best=0.5271
           router_load=[0.5001125931739807, 0.4998873472213745, 0.0, 0.0]
[step 0100/200] method=ours loss=0.7252 train_acc=0.4984 train_loss=0.7033 val_acc=0.4729 val_loss=0.7132 router_H=0.6930 best=0.5271
           router_load=[0.49285292625427246, 0.5071470737457275, 0.0, 0.0]
[step 0110/200] method=ours loss=0.6617 train_acc=0.4984 train_loss=0.7033 val_acc=0.4729 val_loss=0.7132 router_H=0.6930 best=0.5271
           router_load=[0.49285292625427246, 0.5071470737457275, 0.0, 0.0]
[step 0120/200] method=ours loss=0.6935 train_acc=0.4984 train_loss=0.7033 val_acc=0.4729 val_loss=0.7132 router_H=0.6930 best=0.5271
           router_load=[0.49285292625427246, 0.5071470737457275, 0.0, 0.0]
[step 0130/200] method=ours loss=0.6790 train_acc=0.4984 train_loss=0.7033 val_acc=0.4729 val_loss=0.7132 router_H=0.6930 best=0.5271
           router_load=[0.49285292625427246, 0.5071470737457275, 0.0, 0.0]
[step 0140/200] method=ours loss=0.7031 train_acc=0.4984 train_loss=0.7033 val_acc=0.4729 val_loss=0.7132 router_H=0.6930 best=0.5271
           router_load=[0.49285292625427246, 0.5071470737457275, 0.0, 0.0]
[step 0150/200] method=ours loss=0.7191 train_acc=0.5016 train_loss=0.6968 val_acc=0.5271 val_loss=0.6904 router_H=0.6931 best=0.5271
           router_load=[0.49527400732040405, 0.504725992679596, 0.0, 0.0]
[step 0160/200] method=ours loss=0.6919 train_acc=0.5016 train_loss=0.6968 val_acc=0.5271 val_loss=0.6904 router_H=0.6931 best=0.5271
           router_load=[0.49527400732040405, 0.504725992679596, 0.0, 0.0]
[step 0170/200] method=ours loss=0.6885 train_acc=0.5016 train_loss=0.6968 val_acc=0.5271 val_loss=0.6904 router_H=0.6931 best=0.5271
           router_load=[0.49527400732040405, 0.504725992679596, 0.0, 0.0]
[step 0180/200] method=ours loss=0.7132 train_acc=0.5016 train_loss=0.6968 val_acc=0.5271 val_loss=0.6904 router_H=0.6931 best=0.5271
           router_load=[0.49527400732040405, 0.504725992679596, 0.0, 0.0]
[step 0190/200] method=ours loss=0.6981 train_acc=0.5016 train_loss=0.6968 val_acc=0.5271 val_loss=0.6904 router_H=0.6931 best=0.5271
           router_load=[0.49527400732040405, 0.504725992679596, 0.0, 0.0]
[step 0200/200] method=ours loss=0.7194 train_acc=0.4984 train_loss=0.6933 val_acc=0.4729 val_loss=0.6945 router_H=0.6931 best=0.5271
           router_load=[0.49436163902282715, 0.5056383013725281, 0.0, 0.0]
saved summary -> /root/Optimization/MOE-grad-conflict-routing/runs/paper_suite_supplement/single_task_add_rerun/rerun/roberta_rte_ffn_e4_k2_ours_lr_centered/hpo/ours/trial_runs/coord_01_train_lr_007/ours_s2.json
saved curve -> /root/Optimization/MOE-grad-conflict-routing/runs/paper_suite_supplement/single_task_add_rerun/rerun/roberta_rte_ffn_e4_k2_ours_lr_centered/hpo/ours/trial_runs/coord_01_train_lr_007/ours_s2_curve.csv
