[run] method=ours candidate=coord_01_train_lr_020 seed=3 steps=150 gpu=0
[run] cmd=
/home/zhujjing/anaconda3/envs/moe/bin/python /home/zhujjing/MOE-grad-conflict-routing/scripts/run.py --config configs/singletask_mrpc_real.yaml --set model.backbone_backend=hf --set model.hf_load_pretrained=true --set model.backbone=deberta --set model.hf_pretrained_name=microsoft/deberta-v3-base --set model.expert_type=ffn --set model.routing_mode=topk --set model.num_experts=4 --set model.top_k=2 --set seed=3 --set method.name=ours --set train.steps=150 --set train.eval_every_steps=50 --set method.ours.use_load_norm=true --set method.ours.lambda_align=0.001 --set train.grad_clip=1 --set train.lr=0.0004451561435 --set train.weight_decay=0.01 --out /home/zhujjing/MOE-grad-conflict-routing/runs/paper_suite/single_gpu/single_task/deberta_mrpc_ffn_e4_k2/hpo/ours/trial_runs/coord_01_train_lr_020/ours_s3.json --curve_out /home/zhujjing/MOE-grad-conflict-routing/runs/paper_suite/single_gpu/single_task/deberta_mrpc_ffn_e4_k2/hpo/ours/trial_runs/coord_01_train_lr_020/ours_s3_curve.csv
Using the latest cached version of the dataset since glue couldn't be found on the Hugging Face Hub (offline mode is enabled).
Found the latest cached dataset configuration 'mrpc' at /home/zhujjing/hf_cache/datasets/glue/mrpc/0.0.0/bcdcba79d07bc864c1c254ccfcedcce55bcc9a8c (last modified on Thu Mar 19 15:01:06 2026).
/home/zhujjing/anaconda3/envs/moe/lib/python3.10/site-packages/transformers/utils/hub.py:124: FutureWarning: Using `TRANSFORMERS_CACHE` is deprecated and will be removed in v5 of Transformers. Use `HF_HOME` instead.
  warnings.warn(
/home/zhujjing/anaconda3/envs/moe/lib/python3.10/site-packages/transformers/convert_slow_tokenizer.py:560: UserWarning: The sentencepiece tokenizer that you are converting to a fast tokenizer uses the byte fallback option which is not implemented in the fast tokenizers. In practice this means that the fast version of the tokenizer can produce unknown tokens whereas the sentencepiece version would have converted these unknown tokens into a sequence of byte tokens matching the original piece of text.
  warnings.warn(
[step 0001/150] method=ours loss=0.7003 train_acc=nan train_loss=nan val_acc=nan val_loss=nan best=-1.0000
[step 0010/150] method=ours loss=0.7339 train_acc=nan train_loss=nan val_acc=nan val_loss=nan best=-1.0000
[step 0020/150] method=ours loss=0.8019 train_acc=nan train_loss=nan val_acc=nan val_loss=nan best=-1.0000
[step 0030/150] method=ours loss=0.6100 train_acc=nan train_loss=nan val_acc=nan val_loss=nan best=-1.0000
[step 0040/150] method=ours loss=0.7069 train_acc=nan train_loss=nan val_acc=nan val_loss=nan best=-1.0000
[step 0050/150] method=ours loss=0.5288 train_acc=0.6745 train_loss=0.6319 val_acc=0.6838 val_loss=0.6269 router_H=0.2909 best=0.6838
           router_load=[0.0, 0.08503305912017822, 0.0, 0.9149670600891113]
[step 0060/150] method=ours loss=0.6760 train_acc=0.6745 train_loss=0.6319 val_acc=0.6838 val_loss=0.6269 router_H=0.2909 best=0.6838
           router_load=[0.0, 0.08503305912017822, 0.0, 0.9149670600891113]
[step 0070/150] method=ours loss=0.6658 train_acc=0.6745 train_loss=0.6319 val_acc=0.6838 val_loss=0.6269 router_H=0.2909 best=0.6838
           router_load=[0.0, 0.08503305912017822, 0.0, 0.9149670600891113]
[step 0080/150] method=ours loss=0.9924 train_acc=0.6745 train_loss=0.6319 val_acc=0.6838 val_loss=0.6269 router_H=0.2909 best=0.6838
           router_load=[0.0, 0.08503305912017822, 0.0, 0.9149670600891113]
[step 0090/150] method=ours loss=0.7099 train_acc=0.6745 train_loss=0.6319 val_acc=0.6838 val_loss=0.6269 router_H=0.2909 best=0.6838
           router_load=[0.0, 0.08503305912017822, 0.0, 0.9149670600891113]
[step 0100/150] method=ours loss=0.6886 train_acc=0.6745 train_loss=0.6691 val_acc=0.6838 val_loss=0.6680 router_H=0.2232 best=0.6838
           router_load=[0.0, 0.058620452880859375, 0.0, 0.9413796067237854]
[step 0110/150] method=ours loss=0.7074 train_acc=0.6745 train_loss=0.6691 val_acc=0.6838 val_loss=0.6680 router_H=0.2232 best=0.6838
           router_load=[0.0, 0.058620452880859375, 0.0, 0.9413796067237854]
[step 0120/150] method=ours loss=0.7423 train_acc=0.6745 train_loss=0.6691 val_acc=0.6838 val_loss=0.6680 router_H=0.2232 best=0.6838
           router_load=[0.0, 0.058620452880859375, 0.0, 0.9413796067237854]
[step 0130/150] method=ours loss=0.6695 train_acc=0.6745 train_loss=0.6691 val_acc=0.6838 val_loss=0.6680 router_H=0.2232 best=0.6838
           router_load=[0.0, 0.058620452880859375, 0.0, 0.9413796067237854]
[step 0140/150] method=ours loss=0.6679 train_acc=0.6745 train_loss=0.6691 val_acc=0.6838 val_loss=0.6680 router_H=0.2232 best=0.6838
           router_load=[0.0, 0.058620452880859375, 0.0, 0.9413796067237854]
[step 0150/150] method=ours loss=0.7253 train_acc=0.6745 train_loss=0.6956 val_acc=0.6838 val_loss=0.6810 router_H=0.1858 best=0.6838
           router_load=[0.0, 0.0457317978143692, 0.0, 0.9542683362960815]
saved summary -> /home/zhujjing/MOE-grad-conflict-routing/runs/paper_suite/single_gpu/single_task/deberta_mrpc_ffn_e4_k2/hpo/ours/trial_runs/coord_01_train_lr_020/ours_s3.json
saved curve -> /home/zhujjing/MOE-grad-conflict-routing/runs/paper_suite/single_gpu/single_task/deberta_mrpc_ffn_e4_k2/hpo/ours/trial_runs/coord_01_train_lr_020/ours_s3_curve.csv
