[run] method=cagrad candidate=coord_04_method_baseline_cagrad_c_006 seed=2 steps=150 gpu=0
[run] cmd=
/home/zhujjing/anaconda3/envs/moe/bin/python /home/zhujjing/MOE-grad-conflict-routing/scripts/run.py --config configs/singletask_mrpc_real.yaml --set model.backbone_backend=hf --set model.hf_load_pretrained=true --set model.hf_local_files_only=true --set model.backbone=roberta --set model.hf_pretrained_name=roberta-base --set model.expert_type=lora --set model.routing_mode=topk --set model.num_experts=4 --set model.top_k=2 --set seed=2 --set method.name=baseline_cagrad --set train.steps=150 --set train.eval_every_steps=50 --set method.baseline_cagrad.c=0.9099800661 --set method.baseline_cagrad.inner_lr=0.1 --set train.grad_clip=0.9778028381 --set train.lr=2e-05 --set train.weight_decay=0.003745151078 --out /home/zhujjing/MOE-grad-conflict-routing/runs/paper_suite/single_gpu/single_task/roberta_mrpc_lora_e4_k2_supplement/hpo/cagrad/trial_runs/coord_04_method_baseline_cagrad_c_006/cagrad_s2.json --curve_out /home/zhujjing/MOE-grad-conflict-routing/runs/paper_suite/single_gpu/single_task/roberta_mrpc_lora_e4_k2_supplement/hpo/cagrad/trial_runs/coord_04_method_baseline_cagrad_c_006/cagrad_s2_curve.csv
Using the latest cached version of the dataset since glue couldn't be found on the Hugging Face Hub (offline mode is enabled).
Found the latest cached dataset configuration 'mrpc' at /home/zhujjing/hf_cache/datasets/glue/mrpc/0.0.0/bcdcba79d07bc864c1c254ccfcedcce55bcc9a8c (last modified on Thu Mar 19 15:01:06 2026).
/home/zhujjing/anaconda3/envs/moe/lib/python3.10/site-packages/transformers/utils/hub.py:124: FutureWarning: Using `TRANSFORMERS_CACHE` is deprecated and will be removed in v5 of Transformers. Use `HF_HOME` instead.
  warnings.warn(
Some weights of RobertaModel were not initialized from the model checkpoint at roberta-base and are newly initialized: ['roberta.pooler.dense.bias', 'roberta.pooler.dense.weight']
You should probably TRAIN this model on a down-stream task to be able to use it for predictions and inference.
[step 0001/150] method=baseline_cagrad loss=0.7050 train_acc=nan train_loss=nan val_acc=nan val_loss=nan best=-1.0000
[step 0010/150] method=baseline_cagrad loss=0.6730 train_acc=nan train_loss=nan val_acc=nan val_loss=nan best=-1.0000
[step 0020/150] method=baseline_cagrad loss=0.6095 train_acc=nan train_loss=nan val_acc=nan val_loss=nan best=-1.0000
[step 0030/150] method=baseline_cagrad loss=0.6807 train_acc=nan train_loss=nan val_acc=nan val_loss=nan best=-1.0000
[step 0040/150] method=baseline_cagrad loss=0.5396 train_acc=nan train_loss=nan val_acc=nan val_loss=nan best=-1.0000
[step 0050/150] method=baseline_cagrad loss=0.5399 train_acc=0.7011 train_loss=0.5583 val_acc=0.7304 val_loss=0.5245 router_H=0.6710 best=0.7304
           router_load=[0.0007592971669510007, 0.000890163064468652, 0.39914363622665405, 0.5992069244384766]
[step 0060/150] method=baseline_cagrad loss=0.6112 train_acc=0.7011 train_loss=0.5583 val_acc=0.7304 val_loss=0.5245 router_H=0.6710 best=0.7304
           router_load=[0.0007592971669510007, 0.000890163064468652, 0.39914363622665405, 0.5992069244384766]
[step 0070/150] method=baseline_cagrad loss=0.3892 train_acc=0.7011 train_loss=0.5583 val_acc=0.7304 val_loss=0.5245 router_H=0.6710 best=0.7304
           router_load=[0.0007592971669510007, 0.000890163064468652, 0.39914363622665405, 0.5992069244384766]
[step 0080/150] method=baseline_cagrad loss=0.4313 train_acc=0.7011 train_loss=0.5583 val_acc=0.7304 val_loss=0.5245 router_H=0.6710 best=0.7304
           router_load=[0.0007592971669510007, 0.000890163064468652, 0.39914363622665405, 0.5992069244384766]
[step 0090/150] method=baseline_cagrad loss=0.3802 train_acc=0.7011 train_loss=0.5583 val_acc=0.7304 val_loss=0.5245 router_H=0.6710 best=0.7304
           router_load=[0.0007592971669510007, 0.000890163064468652, 0.39914363622665405, 0.5992069244384766]
[step 0100/150] method=baseline_cagrad loss=0.4958 train_acc=0.7908 train_loss=0.4176 val_acc=0.7843 val_loss=0.4377 router_H=0.6721 best=0.7843
           router_load=[0.0, 0.044257696717977524, 0.3633638620376587, 0.5923784971237183]
[step 0110/150] method=baseline_cagrad loss=0.6901 train_acc=0.7908 train_loss=0.4176 val_acc=0.7843 val_loss=0.4377 router_H=0.6721 best=0.7843
           router_load=[0.0, 0.044257696717977524, 0.3633638620376587, 0.5923784971237183]
[step 0120/150] method=baseline_cagrad loss=0.2647 train_acc=0.7908 train_loss=0.4176 val_acc=0.7843 val_loss=0.4377 router_H=0.6721 best=0.7843
           router_load=[0.0, 0.044257696717977524, 0.3633638620376587, 0.5923784971237183]
[step 0130/150] method=baseline_cagrad loss=0.5327 train_acc=0.7908 train_loss=0.4176 val_acc=0.7843 val_loss=0.4377 router_H=0.6721 best=0.7843
           router_load=[0.0, 0.044257696717977524, 0.3633638620376587, 0.5923784971237183]
[step 0140/150] method=baseline_cagrad loss=0.3291 train_acc=0.7908 train_loss=0.4176 val_acc=0.7843 val_loss=0.4377 router_H=0.6721 best=0.7843
           router_load=[0.0, 0.044257696717977524, 0.3633638620376587, 0.5923784971237183]
[step 0150/150] method=baseline_cagrad loss=0.6106 train_acc=0.8342 train_loss=0.4631 val_acc=0.8431 val_loss=0.4359 router_H=0.6789 best=0.8431
           router_load=[0.0, 0.24363692104816437, 0.18521596491336823, 0.571147084236145]
saved summary -> /home/zhujjing/MOE-grad-conflict-routing/runs/paper_suite/single_gpu/single_task/roberta_mrpc_lora_e4_k2_supplement/hpo/cagrad/trial_runs/coord_04_method_baseline_cagrad_c_006/cagrad_s2.json
saved curve -> /home/zhujjing/MOE-grad-conflict-routing/runs/paper_suite/single_gpu/single_task/roberta_mrpc_lora_e4_k2_supplement/hpo/cagrad/trial_runs/coord_04_method_baseline_cagrad_c_006/cagrad_s2_curve.csv
