[run] method=baseline candidate=local_var_topk_011 seed=3 steps=1000 gpu=0
[run] cmd=
/home/zhujjing/anaconda3/envs/moe/bin/python /home/zhujjing/MOE-grad-conflict-routing/scripts/run.py --config configs/multitask_glue3_rte_mrpc_cola_real.yaml --set model.backbone_backend=hf --set model.hf_load_pretrained=true --set model.hf_local_files_only=true --set model.backbone=deberta --set model.hf_pretrained_name=microsoft/deberta-v3-base --set model.expert_type=lora --set model.routing_mode=topk --set model.num_experts=4 --set model.top_k=2 --set train.eval_train_fraction=0.10 --set train.eval_train_max_batches=-1 --set train.eval_max_batches=-1 --set seed=3 --set method.name=baseline_avg --set train.steps=1000 --set train.eval_every_steps=100 --set train.grad_clip=0.6537451003 --set train.lr=4.0732353e-05 --set train.weight_decay=0.01786324514 --out /home/zhujjing/MOE-grad-conflict-routing/runs/paper_suite/single_gpu/multi_task/glue3_deberta_lora_e4_k2/final/baseline_s3.json --curve_out /home/zhujjing/MOE-grad-conflict-routing/runs/paper_suite/single_gpu/multi_task/glue3_deberta_lora_e4_k2/final/baseline_s3_curve.csv
Using the latest cached version of the dataset since glue couldn't be found on the Hugging Face Hub (offline mode is enabled).
Found the latest cached dataset configuration 'rte' at /home/zhujjing/hf_cache/datasets/glue/rte/0.0.0/bcdcba79d07bc864c1c254ccfcedcce55bcc9a8c (last modified on Thu Mar 19 15:00:36 2026).
/home/zhujjing/anaconda3/envs/moe/lib/python3.10/site-packages/transformers/utils/hub.py:124: FutureWarning: Using `TRANSFORMERS_CACHE` is deprecated and will be removed in v5 of Transformers. Use `HF_HOME` instead.
  warnings.warn(
/home/zhujjing/anaconda3/envs/moe/lib/python3.10/site-packages/transformers/convert_slow_tokenizer.py:560: UserWarning: The sentencepiece tokenizer that you are converting to a fast tokenizer uses the byte fallback option which is not implemented in the fast tokenizers. In practice this means that the fast version of the tokenizer can produce unknown tokens whereas the sentencepiece version would have converted these unknown tokens into a sequence of byte tokens matching the original piece of text.
  warnings.warn(
Using the latest cached version of the dataset since glue couldn't be found on the Hugging Face Hub (offline mode is enabled).
Found the latest cached dataset configuration 'mrpc' at /home/zhujjing/hf_cache/datasets/glue/mrpc/0.0.0/bcdcba79d07bc864c1c254ccfcedcce55bcc9a8c (last modified on Thu Mar 19 15:01:06 2026).
Using the latest cached version of the dataset since glue couldn't be found on the Hugging Face Hub (offline mode is enabled).
Found the latest cached dataset configuration 'cola' at /home/zhujjing/hf_cache/datasets/glue/cola/0.0.0/bcdcba79d07bc864c1c254ccfcedcce55bcc9a8c (last modified on Thu Mar 19 15:02:09 2026).
[step 0001/1000] method=baseline_avg loss=0.6460 train_acc=nan train_loss=nan val_acc=nan val_loss=nan best=-1.0000
[step 0010/1000] method=baseline_avg loss=0.6860 train_acc=nan train_loss=nan val_acc=nan val_loss=nan best=-1.0000
[step 0020/1000] method=baseline_avg loss=0.4840 train_acc=nan train_loss=nan val_acc=nan val_loss=nan best=-1.0000
[step 0030/1000] method=baseline_avg loss=0.6409 train_acc=nan train_loss=nan val_acc=nan val_loss=nan best=-1.0000
[step 0040/1000] method=baseline_avg loss=0.6221 train_acc=nan train_loss=nan val_acc=nan val_loss=nan best=-1.0000
[step 0050/1000] method=baseline_avg loss=0.5596 train_acc=nan train_loss=nan val_acc=nan val_loss=nan best=-1.0000
[step 0060/1000] method=baseline_avg loss=0.5378 train_acc=nan train_loss=nan val_acc=nan val_loss=nan best=-1.0000
[step 0070/1000] method=baseline_avg loss=0.5077 train_acc=nan train_loss=nan val_acc=nan val_loss=nan best=-1.0000
[step 0080/1000] method=baseline_avg loss=0.6989 train_acc=nan train_loss=nan val_acc=nan val_loss=nan best=-1.0000
[step 0090/1000] method=baseline_avg loss=0.4371 train_acc=nan train_loss=nan val_acc=nan val_loss=nan best=-1.0000
[step 0100/1000] method=baseline_avg loss=0.6049 train_acc=0.7608 train_loss=0.4981 val_acc=0.7277 val_loss=0.5325 router_H=0.6196 best=0.7277
           router_load=[0.6137772798538208, 0.16038106381893158, 0.10814983397722244, 0.11769194155931473]
[step 0110/1000] method=baseline_avg loss=0.3146 train_acc=0.7608 train_loss=0.4981 val_acc=0.7277 val_loss=0.5325 router_H=0.6196 best=0.7277
           router_load=[0.6137772798538208, 0.16038106381893158, 0.10814983397722244, 0.11769194155931473]
[step 0120/1000] method=baseline_avg loss=0.4229 train_acc=0.7608 train_loss=0.4981 val_acc=0.7277 val_loss=0.5325 router_H=0.6196 best=0.7277
           router_load=[0.6137772798538208, 0.16038106381893158, 0.10814983397722244, 0.11769194155931473]
[step 0130/1000] method=baseline_avg loss=0.4000 train_acc=0.7608 train_loss=0.4981 val_acc=0.7277 val_loss=0.5325 router_H=0.6196 best=0.7277
           router_load=[0.6137772798538208, 0.16038106381893158, 0.10814983397722244, 0.11769194155931473]
[step 0140/1000] method=baseline_avg loss=0.5009 train_acc=0.7608 train_loss=0.4981 val_acc=0.7277 val_loss=0.5325 router_H=0.6196 best=0.7277
           router_load=[0.6137772798538208, 0.16038106381893158, 0.10814983397722244, 0.11769194155931473]
[step 0150/1000] method=baseline_avg loss=0.5174 train_acc=0.7608 train_loss=0.4981 val_acc=0.7277 val_loss=0.5325 router_H=0.6196 best=0.7277
           router_load=[0.6137772798538208, 0.16038106381893158, 0.10814983397722244, 0.11769194155931473]
[step 0160/1000] method=baseline_avg loss=0.4519 train_acc=0.7608 train_loss=0.4981 val_acc=0.7277 val_loss=0.5325 router_H=0.6196 best=0.7277
           router_load=[0.6137772798538208, 0.16038106381893158, 0.10814983397722244, 0.11769194155931473]
[step 0170/1000] method=baseline_avg loss=0.4702 train_acc=0.7608 train_loss=0.4981 val_acc=0.7277 val_loss=0.5325 router_H=0.6196 best=0.7277
           router_load=[0.6137772798538208, 0.16038106381893158, 0.10814983397722244, 0.11769194155931473]
[step 0180/1000] method=baseline_avg loss=0.6142 train_acc=0.7608 train_loss=0.4981 val_acc=0.7277 val_loss=0.5325 router_H=0.6196 best=0.7277
           router_load=[0.6137772798538208, 0.16038106381893158, 0.10814983397722244, 0.11769194155931473]
[step 0190/1000] method=baseline_avg loss=0.6057 train_acc=0.7608 train_loss=0.4981 val_acc=0.7277 val_loss=0.5325 router_H=0.6196 best=0.7277
           router_load=[0.6137772798538208, 0.16038106381893158, 0.10814983397722244, 0.11769194155931473]
[step 0200/1000] method=baseline_avg loss=0.6147 train_acc=0.8417 train_loss=0.3684 val_acc=0.8085 val_loss=0.4298 router_H=0.5843 best=0.8085
           router_load=[0.7080507874488831, 0.17834384739398956, 0.05494864284992218, 0.05865667760372162]
[step 0210/1000] method=baseline_avg loss=0.6105 train_acc=0.8417 train_loss=0.3684 val_acc=0.8085 val_loss=0.4298 router_H=0.5843 best=0.8085
           router_load=[0.7080507874488831, 0.17834384739398956, 0.05494864284992218, 0.05865667760372162]
[step 0220/1000] method=baseline_avg loss=0.4390 train_acc=0.8417 train_loss=0.3684 val_acc=0.8085 val_loss=0.4298 router_H=0.5843 best=0.8085
           router_load=[0.7080507874488831, 0.17834384739398956, 0.05494864284992218, 0.05865667760372162]
[step 0230/1000] method=baseline_avg loss=0.4916 train_acc=0.8417 train_loss=0.3684 val_acc=0.8085 val_loss=0.4298 router_H=0.5843 best=0.8085
           router_load=[0.7080507874488831, 0.17834384739398956, 0.05494864284992218, 0.05865667760372162]
[step 0240/1000] method=baseline_avg loss=0.4501 train_acc=0.8417 train_loss=0.3684 val_acc=0.8085 val_loss=0.4298 router_H=0.5843 best=0.8085
           router_load=[0.7080507874488831, 0.17834384739398956, 0.05494864284992218, 0.05865667760372162]
[step 0250/1000] method=baseline_avg loss=0.3470 train_acc=0.8417 train_loss=0.3684 val_acc=0.8085 val_loss=0.4298 router_H=0.5843 best=0.8085
           router_load=[0.7080507874488831, 0.17834384739398956, 0.05494864284992218, 0.05865667760372162]
[step 0260/1000] method=baseline_avg loss=0.4433 train_acc=0.8417 train_loss=0.3684 val_acc=0.8085 val_loss=0.4298 router_H=0.5843 best=0.8085
           router_load=[0.7080507874488831, 0.17834384739398956, 0.05494864284992218, 0.05865667760372162]
[step 0270/1000] method=baseline_avg loss=0.3542 train_acc=0.8417 train_loss=0.3684 val_acc=0.8085 val_loss=0.4298 router_H=0.5843 best=0.8085
           router_load=[0.7080507874488831, 0.17834384739398956, 0.05494864284992218, 0.05865667760372162]
[step 0280/1000] method=baseline_avg loss=0.4872 train_acc=0.8417 train_loss=0.3684 val_acc=0.8085 val_loss=0.4298 router_H=0.5843 best=0.8085
           router_load=[0.7080507874488831, 0.17834384739398956, 0.05494864284992218, 0.05865667760372162]
[step 0290/1000] method=baseline_avg loss=0.4501 train_acc=0.8417 train_loss=0.3684 val_acc=0.8085 val_loss=0.4298 router_H=0.5843 best=0.8085
           router_load=[0.7080507874488831, 0.17834384739398956, 0.05494864284992218, 0.05865667760372162]
[step 0300/1000] method=baseline_avg loss=0.3965 train_acc=0.8798 train_loss=0.2950 val_acc=0.8256 val_loss=0.3966 router_H=0.6069 best=0.8256
           router_load=[0.6456801295280457, 0.16707095503807068, 0.08064372092485428, 0.10660502314567566]
[step 0310/1000] method=baseline_avg loss=0.2311 train_acc=0.8798 train_loss=0.2950 val_acc=0.8256 val_loss=0.3966 router_H=0.6069 best=0.8256
           router_load=[0.6456801295280457, 0.16707095503807068, 0.08064372092485428, 0.10660502314567566]
[step 0320/1000] method=baseline_avg loss=0.4890 train_acc=0.8798 train_loss=0.2950 val_acc=0.8256 val_loss=0.3966 router_H=0.6069 best=0.8256
           router_load=[0.6456801295280457, 0.16707095503807068, 0.08064372092485428, 0.10660502314567566]
[step 0330/1000] method=baseline_avg loss=0.1906 train_acc=0.8798 train_loss=0.2950 val_acc=0.8256 val_loss=0.3966 router_H=0.6069 best=0.8256
           router_load=[0.6456801295280457, 0.16707095503807068, 0.08064372092485428, 0.10660502314567566]
[step 0340/1000] method=baseline_avg loss=0.4674 train_acc=0.8798 train_loss=0.2950 val_acc=0.8256 val_loss=0.3966 router_H=0.6069 best=0.8256
           router_load=[0.6456801295280457, 0.16707095503807068, 0.08064372092485428, 0.10660502314567566]
[step 0350/1000] method=baseline_avg loss=0.3618 train_acc=0.8798 train_loss=0.2950 val_acc=0.8256 val_loss=0.3966 router_H=0.6069 best=0.8256
           router_load=[0.6456801295280457, 0.16707095503807068, 0.08064372092485428, 0.10660502314567566]
[step 0360/1000] method=baseline_avg loss=0.3572 train_acc=0.8798 train_loss=0.2950 val_acc=0.8256 val_loss=0.3966 router_H=0.6069 best=0.8256
           router_load=[0.6456801295280457, 0.16707095503807068, 0.08064372092485428, 0.10660502314567566]
[step 0370/1000] method=baseline_avg loss=0.3306 train_acc=0.8798 train_loss=0.2950 val_acc=0.8256 val_loss=0.3966 router_H=0.6069 best=0.8256
           router_load=[0.6456801295280457, 0.16707095503807068, 0.08064372092485428, 0.10660502314567566]
[step 0380/1000] method=baseline_avg loss=0.6137 train_acc=0.8798 train_loss=0.2950 val_acc=0.8256 val_loss=0.3966 router_H=0.6069 best=0.8256
           router_load=[0.6456801295280457, 0.16707095503807068, 0.08064372092485428, 0.10660502314567566]
[step 0390/1000] method=baseline_avg loss=0.4748 train_acc=0.8798 train_loss=0.2950 val_acc=0.8256 val_loss=0.3966 router_H=0.6069 best=0.8256
           router_load=[0.6456801295280457, 0.16707095503807068, 0.08064372092485428, 0.10660502314567566]
[step 0400/1000] method=baseline_avg loss=0.4011 train_acc=0.8981 train_loss=0.2549 val_acc=0.8346 val_loss=0.4095 router_H=0.5879 best=0.8346
           router_load=[0.6478920578956604, 0.15813367068767548, 0.08656492829322815, 0.10740923136472702]
[step 0410/1000] method=baseline_avg loss=0.1512 train_acc=0.8981 train_loss=0.2549 val_acc=0.8346 val_loss=0.4095 router_H=0.5879 best=0.8346
           router_load=[0.6478920578956604, 0.15813367068767548, 0.08656492829322815, 0.10740923136472702]
[step 0420/1000] method=baseline_avg loss=0.5078 train_acc=0.8981 train_loss=0.2549 val_acc=0.8346 val_loss=0.4095 router_H=0.5879 best=0.8346
           router_load=[0.6478920578956604, 0.15813367068767548, 0.08656492829322815, 0.10740923136472702]
[step 0430/1000] method=baseline_avg loss=0.4951 train_acc=0.8981 train_loss=0.2549 val_acc=0.8346 val_loss=0.4095 router_H=0.5879 best=0.8346
           router_load=[0.6478920578956604, 0.15813367068767548, 0.08656492829322815, 0.10740923136472702]
[step 0440/1000] method=baseline_avg loss=0.3979 train_acc=0.8981 train_loss=0.2549 val_acc=0.8346 val_loss=0.4095 router_H=0.5879 best=0.8346
           router_load=[0.6478920578956604, 0.15813367068767548, 0.08656492829322815, 0.10740923136472702]
[step 0450/1000] method=baseline_avg loss=0.2064 train_acc=0.8981 train_loss=0.2549 val_acc=0.8346 val_loss=0.4095 router_H=0.5879 best=0.8346
           router_load=[0.6478920578956604, 0.15813367068767548, 0.08656492829322815, 0.10740923136472702]
[step 0460/1000] method=baseline_avg loss=0.4661 train_acc=0.8981 train_loss=0.2549 val_acc=0.8346 val_loss=0.4095 router_H=0.5879 best=0.8346
           router_load=[0.6478920578956604, 0.15813367068767548, 0.08656492829322815, 0.10740923136472702]
[step 0470/1000] method=baseline_avg loss=0.2587 train_acc=0.8981 train_loss=0.2549 val_acc=0.8346 val_loss=0.4095 router_H=0.5879 best=0.8346
           router_load=[0.6478920578956604, 0.15813367068767548, 0.08656492829322815, 0.10740923136472702]
[step 0480/1000] method=baseline_avg loss=0.2625 train_acc=0.8981 train_loss=0.2549 val_acc=0.8346 val_loss=0.4095 router_H=0.5879 best=0.8346
           router_load=[0.6478920578956604, 0.15813367068767548, 0.08656492829322815, 0.10740923136472702]
[step 0490/1000] method=baseline_avg loss=0.1877 train_acc=0.8981 train_loss=0.2549 val_acc=0.8346 val_loss=0.4095 router_H=0.5879 best=0.8346
           router_load=[0.6478920578956604, 0.15813367068767548, 0.08656492829322815, 0.10740923136472702]
[step 0500/1000] method=baseline_avg loss=0.5236 train_acc=0.9114 train_loss=0.2301 val_acc=0.8481 val_loss=0.4030 router_H=0.6011 best=0.8481
           router_load=[0.6684567928314209, 0.1761595755815506, 0.06008054316043854, 0.0953027606010437]
[step 0510/1000] method=baseline_avg loss=0.2919 train_acc=0.9114 train_loss=0.2301 val_acc=0.8481 val_loss=0.4030 router_H=0.6011 best=0.8481
           router_load=[0.6684567928314209, 0.1761595755815506, 0.06008054316043854, 0.0953027606010437]
[step 0520/1000] method=baseline_avg loss=0.6975 train_acc=0.9114 train_loss=0.2301 val_acc=0.8481 val_loss=0.4030 router_H=0.6011 best=0.8481
           router_load=[0.6684567928314209, 0.1761595755815506, 0.06008054316043854, 0.0953027606010437]
[step 0530/1000] method=baseline_avg loss=0.2413 train_acc=0.9114 train_loss=0.2301 val_acc=0.8481 val_loss=0.4030 router_H=0.6011 best=0.8481
           router_load=[0.6684567928314209, 0.1761595755815506, 0.06008054316043854, 0.0953027606010437]
[step 0540/1000] method=baseline_avg loss=0.3875 train_acc=0.9114 train_loss=0.2301 val_acc=0.8481 val_loss=0.4030 router_H=0.6011 best=0.8481
           router_load=[0.6684567928314209, 0.1761595755815506, 0.06008054316043854, 0.0953027606010437]
[step 0550/1000] method=baseline_avg loss=0.5268 train_acc=0.9114 train_loss=0.2301 val_acc=0.8481 val_loss=0.4030 router_H=0.6011 best=0.8481
           router_load=[0.6684567928314209, 0.1761595755815506, 0.06008054316043854, 0.0953027606010437]
[step 0560/1000] method=baseline_avg loss=0.2932 train_acc=0.9114 train_loss=0.2301 val_acc=0.8481 val_loss=0.4030 router_H=0.6011 best=0.8481
           router_load=[0.6684567928314209, 0.1761595755815506, 0.06008054316043854, 0.0953027606010437]
[step 0570/1000] method=baseline_avg loss=0.2986 train_acc=0.9114 train_loss=0.2301 val_acc=0.8481 val_loss=0.4030 router_H=0.6011 best=0.8481
           router_load=[0.6684567928314209, 0.1761595755815506, 0.06008054316043854, 0.0953027606010437]
[step 0580/1000] method=baseline_avg loss=0.2735 train_acc=0.9114 train_loss=0.2301 val_acc=0.8481 val_loss=0.4030 router_H=0.6011 best=0.8481
           router_load=[0.6684567928314209, 0.1761595755815506, 0.06008054316043854, 0.0953027606010437]
[step 0590/1000] method=baseline_avg loss=0.1927 train_acc=0.9114 train_loss=0.2301 val_acc=0.8481 val_loss=0.4030 router_H=0.6011 best=0.8481
           router_load=[0.6684567928314209, 0.1761595755815506, 0.06008054316043854, 0.0953027606010437]
[step 0600/1000] method=baseline_avg loss=0.2001 train_acc=0.9200 train_loss=0.2005 val_acc=0.8511 val_loss=0.3905 router_H=0.6100 best=0.8511
           router_load=[0.6332237124443054, 0.1521950662136078, 0.07860660552978516, 0.13597486913204193]
[step 0610/1000] method=baseline_avg loss=0.4237 train_acc=0.9200 train_loss=0.2005 val_acc=0.8511 val_loss=0.3905 router_H=0.6100 best=0.8511
           router_load=[0.6332237124443054, 0.1521950662136078, 0.07860660552978516, 0.13597486913204193]
[step 0620/1000] method=baseline_avg loss=0.4377 train_acc=0.9200 train_loss=0.2005 val_acc=0.8511 val_loss=0.3905 router_H=0.6100 best=0.8511
           router_load=[0.6332237124443054, 0.1521950662136078, 0.07860660552978516, 0.13597486913204193]
[step 0630/1000] method=baseline_avg loss=0.1474 train_acc=0.9200 train_loss=0.2005 val_acc=0.8511 val_loss=0.3905 router_H=0.6100 best=0.8511
           router_load=[0.6332237124443054, 0.1521950662136078, 0.07860660552978516, 0.13597486913204193]
[step 0640/1000] method=baseline_avg loss=0.3453 train_acc=0.9200 train_loss=0.2005 val_acc=0.8511 val_loss=0.3905 router_H=0.6100 best=0.8511
           router_load=[0.6332237124443054, 0.1521950662136078, 0.07860660552978516, 0.13597486913204193]
[step 0650/1000] method=baseline_avg loss=0.2058 train_acc=0.9200 train_loss=0.2005 val_acc=0.8511 val_loss=0.3905 router_H=0.6100 best=0.8511
           router_load=[0.6332237124443054, 0.1521950662136078, 0.07860660552978516, 0.13597486913204193]
[step 0660/1000] method=baseline_avg loss=0.3827 train_acc=0.9200 train_loss=0.2005 val_acc=0.8511 val_loss=0.3905 router_H=0.6100 best=0.8511
           router_load=[0.6332237124443054, 0.1521950662136078, 0.07860660552978516, 0.13597486913204193]
[step 0670/1000] method=baseline_avg loss=0.2224 train_acc=0.9200 train_loss=0.2005 val_acc=0.8511 val_loss=0.3905 router_H=0.6100 best=0.8511
           router_load=[0.6332237124443054, 0.1521950662136078, 0.07860660552978516, 0.13597486913204193]
[step 0680/1000] method=baseline_avg loss=0.4631 train_acc=0.9200 train_loss=0.2005 val_acc=0.8511 val_loss=0.3905 router_H=0.6100 best=0.8511
           router_load=[0.6332237124443054, 0.1521950662136078, 0.07860660552978516, 0.13597486913204193]
[step 0690/1000] method=baseline_avg loss=0.1934 train_acc=0.9200 train_loss=0.2005 val_acc=0.8511 val_loss=0.3905 router_H=0.6100 best=0.8511
           router_load=[0.6332237124443054, 0.1521950662136078, 0.07860660552978516, 0.13597486913204193]
[step 0700/1000] method=baseline_avg loss=0.2231 train_acc=0.9381 train_loss=0.1753 val_acc=0.8489 val_loss=0.3959 router_H=0.6143 best=0.8511
           router_load=[0.6026676297187805, 0.09874328970909119, 0.1061742976307869, 0.19241484999656677]
[step 0710/1000] method=baseline_avg loss=0.4476 train_acc=0.9381 train_loss=0.1753 val_acc=0.8489 val_loss=0.3959 router_H=0.6143 best=0.8511
           router_load=[0.6026676297187805, 0.09874328970909119, 0.1061742976307869, 0.19241484999656677]
[step 0720/1000] method=baseline_avg loss=0.3127 train_acc=0.9381 train_loss=0.1753 val_acc=0.8489 val_loss=0.3959 router_H=0.6143 best=0.8511
           router_load=[0.6026676297187805, 0.09874328970909119, 0.1061742976307869, 0.19241484999656677]
[step 0730/1000] method=baseline_avg loss=0.3348 train_acc=0.9381 train_loss=0.1753 val_acc=0.8489 val_loss=0.3959 router_H=0.6143 best=0.8511
           router_load=[0.6026676297187805, 0.09874328970909119, 0.1061742976307869, 0.19241484999656677]
[step 0740/1000] method=baseline_avg loss=0.1608 train_acc=0.9381 train_loss=0.1753 val_acc=0.8489 val_loss=0.3959 router_H=0.6143 best=0.8511
           router_load=[0.6026676297187805, 0.09874328970909119, 0.1061742976307869, 0.19241484999656677]
[step 0750/1000] method=baseline_avg loss=0.2715 train_acc=0.9381 train_loss=0.1753 val_acc=0.8489 val_loss=0.3959 router_H=0.6143 best=0.8511
           router_load=[0.6026676297187805, 0.09874328970909119, 0.1061742976307869, 0.19241484999656677]
[step 0760/1000] method=baseline_avg loss=0.4110 train_acc=0.9381 train_loss=0.1753 val_acc=0.8489 val_loss=0.3959 router_H=0.6143 best=0.8511
           router_load=[0.6026676297187805, 0.09874328970909119, 0.1061742976307869, 0.19241484999656677]
[step 0770/1000] method=baseline_avg loss=0.3423 train_acc=0.9381 train_loss=0.1753 val_acc=0.8489 val_loss=0.3959 router_H=0.6143 best=0.8511
           router_load=[0.6026676297187805, 0.09874328970909119, 0.1061742976307869, 0.19241484999656677]
[step 0780/1000] method=baseline_avg loss=0.2596 train_acc=0.9381 train_loss=0.1753 val_acc=0.8489 val_loss=0.3959 router_H=0.6143 best=0.8511
           router_load=[0.6026676297187805, 0.09874328970909119, 0.1061742976307869, 0.19241484999656677]
[step 0790/1000] method=baseline_avg loss=0.3092 train_acc=0.9381 train_loss=0.1753 val_acc=0.8489 val_loss=0.3959 router_H=0.6143 best=0.8511
           router_load=[0.6026676297187805, 0.09874328970909119, 0.1061742976307869, 0.19241484999656677]
[step 0800/1000] method=baseline_avg loss=0.0709 train_acc=0.9507 train_loss=0.1494 val_acc=0.8584 val_loss=0.4229 router_H=0.5758 best=0.8584
           router_load=[0.6518966555595398, 0.14160487055778503, 0.12553896009922028, 0.08095961064100266]
[step 0810/1000] method=baseline_avg loss=0.4819 train_acc=0.9507 train_loss=0.1494 val_acc=0.8584 val_loss=0.4229 router_H=0.5758 best=0.8584
           router_load=[0.6518966555595398, 0.14160487055778503, 0.12553896009922028, 0.08095961064100266]
[step 0820/1000] method=baseline_avg loss=0.2066 train_acc=0.9507 train_loss=0.1494 val_acc=0.8584 val_loss=0.4229 router_H=0.5758 best=0.8584
           router_load=[0.6518966555595398, 0.14160487055778503, 0.12553896009922028, 0.08095961064100266]
[step 0830/1000] method=baseline_avg loss=0.3327 train_acc=0.9507 train_loss=0.1494 val_acc=0.8584 val_loss=0.4229 router_H=0.5758 best=0.8584
           router_load=[0.6518966555595398, 0.14160487055778503, 0.12553896009922028, 0.08095961064100266]
[step 0840/1000] method=baseline_avg loss=0.3764 train_acc=0.9507 train_loss=0.1494 val_acc=0.8584 val_loss=0.4229 router_H=0.5758 best=0.8584
           router_load=[0.6518966555595398, 0.14160487055778503, 0.12553896009922028, 0.08095961064100266]
[step 0850/1000] method=baseline_avg loss=0.1252 train_acc=0.9507 train_loss=0.1494 val_acc=0.8584 val_loss=0.4229 router_H=0.5758 best=0.8584
           router_load=[0.6518966555595398, 0.14160487055778503, 0.12553896009922028, 0.08095961064100266]
[step 0860/1000] method=baseline_avg loss=0.2970 train_acc=0.9507 train_loss=0.1494 val_acc=0.8584 val_loss=0.4229 router_H=0.5758 best=0.8584
           router_load=[0.6518966555595398, 0.14160487055778503, 0.12553896009922028, 0.08095961064100266]
[step 0870/1000] method=baseline_avg loss=0.2990 train_acc=0.9507 train_loss=0.1494 val_acc=0.8584 val_loss=0.4229 router_H=0.5758 best=0.8584
           router_load=[0.6518966555595398, 0.14160487055778503, 0.12553896009922028, 0.08095961064100266]
[step 0880/1000] method=baseline_avg loss=0.5347 train_acc=0.9507 train_loss=0.1494 val_acc=0.8584 val_loss=0.4229 router_H=0.5758 best=0.8584
           router_load=[0.6518966555595398, 0.14160487055778503, 0.12553896009922028, 0.08095961064100266]
[step 0890/1000] method=baseline_avg loss=0.2116 train_acc=0.9507 train_loss=0.1494 val_acc=0.8584 val_loss=0.4229 router_H=0.5758 best=0.8584
           router_load=[0.6518966555595398, 0.14160487055778503, 0.12553896009922028, 0.08095961064100266]
[step 0900/1000] method=baseline_avg loss=0.1807 train_acc=0.9518 train_loss=0.1370 val_acc=0.8477 val_loss=0.4437 router_H=0.5528 best=0.8584
           router_load=[0.6808608174324036, 0.17089460790157318, 0.10925046354532242, 0.03899417817592621]
[step 0910/1000] method=baseline_avg loss=0.3325 train_acc=0.9518 train_loss=0.1370 val_acc=0.8477 val_loss=0.4437 router_H=0.5528 best=0.8584
           router_load=[0.6808608174324036, 0.17089460790157318, 0.10925046354532242, 0.03899417817592621]
[step 0920/1000] method=baseline_avg loss=0.0514 train_acc=0.9518 train_loss=0.1370 val_acc=0.8477 val_loss=0.4437 router_H=0.5528 best=0.8584
           router_load=[0.6808608174324036, 0.17089460790157318, 0.10925046354532242, 0.03899417817592621]
[step 0930/1000] method=baseline_avg loss=0.0902 train_acc=0.9518 train_loss=0.1370 val_acc=0.8477 val_loss=0.4437 router_H=0.5528 best=0.8584
           router_load=[0.6808608174324036, 0.17089460790157318, 0.10925046354532242, 0.03899417817592621]
[step 0940/1000] method=baseline_avg loss=0.2398 train_acc=0.9518 train_loss=0.1370 val_acc=0.8477 val_loss=0.4437 router_H=0.5528 best=0.8584
           router_load=[0.6808608174324036, 0.17089460790157318, 0.10925046354532242, 0.03899417817592621]
[step 0950/1000] method=baseline_avg loss=0.0316 train_acc=0.9518 train_loss=0.1370 val_acc=0.8477 val_loss=0.4437 router_H=0.5528 best=0.8584
           router_load=[0.6808608174324036, 0.17089460790157318, 0.10925046354532242, 0.03899417817592621]
[step 0960/1000] method=baseline_avg loss=0.3261 train_acc=0.9518 train_loss=0.1370 val_acc=0.8477 val_loss=0.4437 router_H=0.5528 best=0.8584
           router_load=[0.6808608174324036, 0.17089460790157318, 0.10925046354532242, 0.03899417817592621]
[step 0970/1000] method=baseline_avg loss=0.2602 train_acc=0.9518 train_loss=0.1370 val_acc=0.8477 val_loss=0.4437 router_H=0.5528 best=0.8584
           router_load=[0.6808608174324036, 0.17089460790157318, 0.10925046354532242, 0.03899417817592621]
[step 0980/1000] method=baseline_avg loss=0.3200 train_acc=0.9518 train_loss=0.1370 val_acc=0.8477 val_loss=0.4437 router_H=0.5528 best=0.8584
           router_load=[0.6808608174324036, 0.17089460790157318, 0.10925046354532242, 0.03899417817592621]
[step 0990/1000] method=baseline_avg loss=0.2780 train_acc=0.9518 train_loss=0.1370 val_acc=0.8477 val_loss=0.4437 router_H=0.5528 best=0.8584
           router_load=[0.6808608174324036, 0.17089460790157318, 0.10925046354532242, 0.03899417817592621]
[step 1000/1000] method=baseline_avg loss=0.3204 train_acc=0.9519 train_loss=0.1271 val_acc=0.8573 val_loss=0.4487 router_H=0.5635 best=0.8584
           router_load=[0.6391549706459045, 0.12361327558755875, 0.19373862445354462, 0.043493207544088364]
saved summary -> /home/zhujjing/MOE-grad-conflict-routing/runs/paper_suite/single_gpu/multi_task/glue3_deberta_lora_e4_k2/final/baseline_s3.json
saved curve -> /home/zhujjing/MOE-grad-conflict-routing/runs/paper_suite/single_gpu/multi_task/glue3_deberta_lora_e4_k2/final/baseline_s3_curve.csv
