[run] method=ours candidate=coord_02_train_weight_decay_016 seed=11 steps=1000 gpu=0
[run] cmd=
/home/zhujjing/anaconda3/envs/moe/bin/python /home/zhujjing/MOE-grad-conflict-routing/scripts/run.py --config configs/singletask_sst2_real.yaml --set model.backbone_backend=hf --set model.hf_load_pretrained=true --set model.backbone=roberta --set model.hf_pretrained_name=roberta-base --set model.expert_type=lora --set model.routing_mode=topk --set model.num_experts=4 --set model.top_k=2 --set seed=11 --set method.name=ours --set train.steps=1000 --set train.eval_every_steps=50 --set method.ours.use_load_norm=true --set method.ours.lambda_align=0.001 --set train.grad_clip=1 --set train.lr=2e-05 --set train.weight_decay=0.0452861226 --out /home/zhujjing/MOE-grad-conflict-routing/runs/paper_suite/single_gpu/single_task/roberta_sst2_lora_e4_k2/final/ours_s11.json --curve_out /home/zhujjing/MOE-grad-conflict-routing/runs/paper_suite/single_gpu/single_task/roberta_sst2_lora_e4_k2/final/ours_s11_curve.csv
Using the latest cached version of the dataset since glue couldn't be found on the Hugging Face Hub (offline mode is enabled).
Found the latest cached dataset configuration 'sst2' at /home/zhujjing/hf_cache/datasets/glue/sst2/0.0.0/bcdcba79d07bc864c1c254ccfcedcce55bcc9a8c (last modified on Thu Mar 19 15:01:41 2026).
/home/zhujjing/anaconda3/envs/moe/lib/python3.10/site-packages/transformers/utils/hub.py:124: FutureWarning: Using `TRANSFORMERS_CACHE` is deprecated and will be removed in v5 of Transformers. Use `HF_HOME` instead.
  warnings.warn(
Some weights of RobertaModel were not initialized from the model checkpoint at roberta-base and are newly initialized: ['roberta.pooler.dense.bias', 'roberta.pooler.dense.weight']
You should probably TRAIN this model on a down-stream task to be able to use it for predictions and inference.
[step 0001/1000] method=ours loss=0.7099 train_acc=nan train_loss=nan val_acc=nan val_loss=nan best=-1.0000
[step 0010/1000] method=ours loss=0.6338 train_acc=nan train_loss=nan val_acc=nan val_loss=nan best=-1.0000
[step 0020/1000] method=ours loss=0.6568 train_acc=nan train_loss=nan val_acc=nan val_loss=nan best=-1.0000
[step 0030/1000] method=ours loss=0.5876 train_acc=nan train_loss=nan val_acc=nan val_loss=nan best=-1.0000
[step 0040/1000] method=ours loss=0.3724 train_acc=nan train_loss=nan val_acc=nan val_loss=nan best=-1.0000
[step 0050/1000] method=ours loss=0.8249 train_acc=0.8424 train_loss=0.4290 val_acc=0.8394 val_loss=0.4397 router_H=0.6727 best=0.8394
           router_load=[0.01500639971345663, 0.12089823931455612, 0.5909922122955322, 0.2731032967567444]
[step 0060/1000] method=ours loss=0.3546 train_acc=0.8424 train_loss=0.4290 val_acc=0.8394 val_loss=0.4397 router_H=0.6727 best=0.8394
           router_load=[0.01500639971345663, 0.12089823931455612, 0.5909922122955322, 0.2731032967567444]
[step 0070/1000] method=ours loss=0.2249 train_acc=0.8424 train_loss=0.4290 val_acc=0.8394 val_loss=0.4397 router_H=0.6727 best=0.8394
           router_load=[0.01500639971345663, 0.12089823931455612, 0.5909922122955322, 0.2731032967567444]
[step 0080/1000] method=ours loss=0.2565 train_acc=0.8424 train_loss=0.4290 val_acc=0.8394 val_loss=0.4397 router_H=0.6727 best=0.8394
           router_load=[0.01500639971345663, 0.12089823931455612, 0.5909922122955322, 0.2731032967567444]
[step 0090/1000] method=ours loss=0.1198 train_acc=0.8424 train_loss=0.4290 val_acc=0.8394 val_loss=0.4397 router_H=0.6727 best=0.8394
           router_load=[0.01500639971345663, 0.12089823931455612, 0.5909922122955322, 0.2731032967567444]
[step 0100/1000] method=ours loss=0.3091 train_acc=0.8834 train_loss=0.3046 val_acc=0.8784 val_loss=0.3140 router_H=0.6672 best=0.8784
           router_load=[0.005049174651503563, 0.1270633339881897, 0.5957670211791992, 0.2721204161643982]
[step 0110/1000] method=ours loss=0.4643 train_acc=0.8834 train_loss=0.3046 val_acc=0.8784 val_loss=0.3140 router_H=0.6672 best=0.8784
           router_load=[0.005049174651503563, 0.1270633339881897, 0.5957670211791992, 0.2721204161643982]
[step 0120/1000] method=ours loss=0.3674 train_acc=0.8834 train_loss=0.3046 val_acc=0.8784 val_loss=0.3140 router_H=0.6672 best=0.8784
           router_load=[0.005049174651503563, 0.1270633339881897, 0.5957670211791992, 0.2721204161643982]
[step 0130/1000] method=ours loss=0.1873 train_acc=0.8834 train_loss=0.3046 val_acc=0.8784 val_loss=0.3140 router_H=0.6672 best=0.8784
           router_load=[0.005049174651503563, 0.1270633339881897, 0.5957670211791992, 0.2721204161643982]
[step 0140/1000] method=ours loss=0.3975 train_acc=0.8834 train_loss=0.3046 val_acc=0.8784 val_loss=0.3140 router_H=0.6672 best=0.8784
           router_load=[0.005049174651503563, 0.1270633339881897, 0.5957670211791992, 0.2721204161643982]
[step 0150/1000] method=ours loss=0.8259 train_acc=0.8537 train_loss=0.3564 val_acc=0.8165 val_loss=0.4539 router_H=0.6576 best=0.8784
           router_load=[0.0005414076149463654, 0.1450469046831131, 0.62223219871521, 0.23217956721782684]
[step 0160/1000] method=ours loss=0.3078 train_acc=0.8537 train_loss=0.3564 val_acc=0.8165 val_loss=0.4539 router_H=0.6576 best=0.8784
           router_load=[0.0005414076149463654, 0.1450469046831131, 0.62223219871521, 0.23217956721782684]
[step 0170/1000] method=ours loss=0.3565 train_acc=0.8537 train_loss=0.3564 val_acc=0.8165 val_loss=0.4539 router_H=0.6576 best=0.8784
           router_load=[0.0005414076149463654, 0.1450469046831131, 0.62223219871521, 0.23217956721782684]
[step 0180/1000] method=ours loss=0.2447 train_acc=0.8537 train_loss=0.3564 val_acc=0.8165 val_loss=0.4539 router_H=0.6576 best=0.8784
           router_load=[0.0005414076149463654, 0.1450469046831131, 0.62223219871521, 0.23217956721782684]
[step 0190/1000] method=ours loss=0.6298 train_acc=0.8537 train_loss=0.3564 val_acc=0.8165 val_loss=0.4539 router_H=0.6576 best=0.8784
           router_load=[0.0005414076149463654, 0.1450469046831131, 0.62223219871521, 0.23217956721782684]
[step 0200/1000] method=ours loss=0.3285 train_acc=0.9004 train_loss=0.2628 val_acc=0.9037 val_loss=0.2656 router_H=0.6746 best=0.9037
           router_load=[0.002095468807965517, 0.12230699509382248, 0.5848257541656494, 0.2907717525959015]
[step 0210/1000] method=ours loss=0.1419 train_acc=0.9004 train_loss=0.2628 val_acc=0.9037 val_loss=0.2656 router_H=0.6746 best=0.9037
           router_load=[0.002095468807965517, 0.12230699509382248, 0.5848257541656494, 0.2907717525959015]
[step 0220/1000] method=ours loss=0.2546 train_acc=0.9004 train_loss=0.2628 val_acc=0.9037 val_loss=0.2656 router_H=0.6746 best=0.9037
           router_load=[0.002095468807965517, 0.12230699509382248, 0.5848257541656494, 0.2907717525959015]
[step 0230/1000] method=ours loss=0.1098 train_acc=0.9004 train_loss=0.2628 val_acc=0.9037 val_loss=0.2656 router_H=0.6746 best=0.9037
           router_load=[0.002095468807965517, 0.12230699509382248, 0.5848257541656494, 0.2907717525959015]
[step 0240/1000] method=ours loss=0.2918 train_acc=0.9004 train_loss=0.2628 val_acc=0.9037 val_loss=0.2656 router_H=0.6746 best=0.9037
           router_load=[0.002095468807965517, 0.12230699509382248, 0.5848257541656494, 0.2907717525959015]
[step 0250/1000] method=ours loss=0.5880 train_acc=0.9022 train_loss=0.2647 val_acc=0.9106 val_loss=0.2801 router_H=0.6648 best=0.9106
           router_load=[0.007902136072516441, 0.24442161619663239, 0.6021099090576172, 0.14556628465652466]
[step 0260/1000] method=ours loss=0.1432 train_acc=0.9022 train_loss=0.2647 val_acc=0.9106 val_loss=0.2801 router_H=0.6648 best=0.9106
           router_load=[0.007902136072516441, 0.24442161619663239, 0.6021099090576172, 0.14556628465652466]
[step 0270/1000] method=ours loss=0.0845 train_acc=0.9022 train_loss=0.2647 val_acc=0.9106 val_loss=0.2801 router_H=0.6648 best=0.9106
           router_load=[0.007902136072516441, 0.24442161619663239, 0.6021099090576172, 0.14556628465652466]
[step 0280/1000] method=ours loss=0.5160 train_acc=0.9022 train_loss=0.2647 val_acc=0.9106 val_loss=0.2801 router_H=0.6648 best=0.9106
           router_load=[0.007902136072516441, 0.24442161619663239, 0.6021099090576172, 0.14556628465652466]
[step 0290/1000] method=ours loss=0.3170 train_acc=0.9022 train_loss=0.2647 val_acc=0.9106 val_loss=0.2801 router_H=0.6648 best=0.9106
           router_load=[0.007902136072516441, 0.24442161619663239, 0.6021099090576172, 0.14556628465652466]
[step 0300/1000] method=ours loss=0.1819 train_acc=0.9094 train_loss=0.2333 val_acc=0.9163 val_loss=0.2267 router_H=0.6602 best=0.9163
           router_load=[0.001518531353212893, 0.05516868457198143, 0.6001273989677429, 0.3431856036186218]
[step 0310/1000] method=ours loss=0.1692 train_acc=0.9094 train_loss=0.2333 val_acc=0.9163 val_loss=0.2267 router_H=0.6602 best=0.9163
           router_load=[0.001518531353212893, 0.05516868457198143, 0.6001273989677429, 0.3431856036186218]
[step 0320/1000] method=ours loss=0.5081 train_acc=0.9094 train_loss=0.2333 val_acc=0.9163 val_loss=0.2267 router_H=0.6602 best=0.9163
           router_load=[0.001518531353212893, 0.05516868457198143, 0.6001273989677429, 0.3431856036186218]
[step 0330/1000] method=ours loss=0.3736 train_acc=0.9094 train_loss=0.2333 val_acc=0.9163 val_loss=0.2267 router_H=0.6602 best=0.9163
           router_load=[0.001518531353212893, 0.05516868457198143, 0.6001273989677429, 0.3431856036186218]
[step 0340/1000] method=ours loss=0.3480 train_acc=0.9094 train_loss=0.2333 val_acc=0.9163 val_loss=0.2267 router_H=0.6602 best=0.9163
           router_load=[0.001518531353212893, 0.05516868457198143, 0.6001273989677429, 0.3431856036186218]
[step 0350/1000] method=ours loss=0.4601 train_acc=0.8870 train_loss=0.2781 val_acc=0.8796 val_loss=0.2896 router_H=0.6755 best=0.9163
           router_load=[0.0013109169667586684, 0.13323122262954712, 0.5115565061569214, 0.3539011776447296]
[step 0360/1000] method=ours loss=0.0944 train_acc=0.8870 train_loss=0.2781 val_acc=0.8796 val_loss=0.2896 router_H=0.6755 best=0.9163
           router_load=[0.0013109169667586684, 0.13323122262954712, 0.5115565061569214, 0.3539011776447296]
[step 0370/1000] method=ours loss=0.2538 train_acc=0.8870 train_loss=0.2781 val_acc=0.8796 val_loss=0.2896 router_H=0.6755 best=0.9163
           router_load=[0.0013109169667586684, 0.13323122262954712, 0.5115565061569214, 0.3539011776447296]
[step 0380/1000] method=ours loss=0.2563 train_acc=0.8870 train_loss=0.2781 val_acc=0.8796 val_loss=0.2896 router_H=0.6755 best=0.9163
           router_load=[0.0013109169667586684, 0.13323122262954712, 0.5115565061569214, 0.3539011776447296]
[step 0390/1000] method=ours loss=0.2629 train_acc=0.8870 train_loss=0.2781 val_acc=0.8796 val_loss=0.2896 router_H=0.6755 best=0.9163
           router_load=[0.0013109169667586684, 0.13323122262954712, 0.5115565061569214, 0.3539011776447296]
[step 0400/1000] method=ours loss=0.1645 train_acc=0.9113 train_loss=0.2265 val_acc=0.9174 val_loss=0.2362 router_H=0.6693 best=0.9174
           router_load=[0.006273123435676098, 0.13474233448505402, 0.5172703862190247, 0.34171417355537415]
[step 0410/1000] method=ours loss=0.3272 train_acc=0.9113 train_loss=0.2265 val_acc=0.9174 val_loss=0.2362 router_H=0.6693 best=0.9174
           router_load=[0.006273123435676098, 0.13474233448505402, 0.5172703862190247, 0.34171417355537415]
[step 0420/1000] method=ours loss=0.4025 train_acc=0.9113 train_loss=0.2265 val_acc=0.9174 val_loss=0.2362 router_H=0.6693 best=0.9174
           router_load=[0.006273123435676098, 0.13474233448505402, 0.5172703862190247, 0.34171417355537415]
[step 0430/1000] method=ours loss=0.0512 train_acc=0.9113 train_loss=0.2265 val_acc=0.9174 val_loss=0.2362 router_H=0.6693 best=0.9174
           router_load=[0.006273123435676098, 0.13474233448505402, 0.5172703862190247, 0.34171417355537415]
[step 0440/1000] method=ours loss=0.1274 train_acc=0.9113 train_loss=0.2265 val_acc=0.9174 val_loss=0.2362 router_H=0.6693 best=0.9174
           router_load=[0.006273123435676098, 0.13474233448505402, 0.5172703862190247, 0.34171417355537415]
[step 0450/1000] method=ours loss=0.0821 train_acc=0.9166 train_loss=0.2363 val_acc=0.9197 val_loss=0.2515 router_H=0.6611 best=0.9197
           router_load=[0.0024996676947921515, 0.1814509928226471, 0.5870897769927979, 0.22895969450473785]
[step 0460/1000] method=ours loss=0.0507 train_acc=0.9166 train_loss=0.2363 val_acc=0.9197 val_loss=0.2515 router_H=0.6611 best=0.9197
           router_load=[0.0024996676947921515, 0.1814509928226471, 0.5870897769927979, 0.22895969450473785]
[step 0470/1000] method=ours loss=0.0860 train_acc=0.9166 train_loss=0.2363 val_acc=0.9197 val_loss=0.2515 router_H=0.6611 best=0.9197
           router_load=[0.0024996676947921515, 0.1814509928226471, 0.5870897769927979, 0.22895969450473785]
[step 0480/1000] method=ours loss=0.4721 train_acc=0.9166 train_loss=0.2363 val_acc=0.9197 val_loss=0.2515 router_H=0.6611 best=0.9197
           router_load=[0.0024996676947921515, 0.1814509928226471, 0.5870897769927979, 0.22895969450473785]
[step 0490/1000] method=ours loss=0.2783 train_acc=0.9166 train_loss=0.2363 val_acc=0.9197 val_loss=0.2515 router_H=0.6611 best=0.9197
           router_load=[0.0024996676947921515, 0.1814509928226471, 0.5870897769927979, 0.22895969450473785]
[step 0500/1000] method=ours loss=0.1684 train_acc=0.9186 train_loss=0.2165 val_acc=0.9186 val_loss=0.2154 router_H=0.6559 best=0.9197
           router_load=[0.0008496501832269132, 0.18192973732948303, 0.6173419952392578, 0.19987890124320984]
[step 0510/1000] method=ours loss=0.1536 train_acc=0.9186 train_loss=0.2165 val_acc=0.9186 val_loss=0.2154 router_H=0.6559 best=0.9197
           router_load=[0.0008496501832269132, 0.18192973732948303, 0.6173419952392578, 0.19987890124320984]
[step 0520/1000] method=ours loss=0.1823 train_acc=0.9186 train_loss=0.2165 val_acc=0.9186 val_loss=0.2154 router_H=0.6559 best=0.9197
           router_load=[0.0008496501832269132, 0.18192973732948303, 0.6173419952392578, 0.19987890124320984]
[step 0530/1000] method=ours loss=0.5259 train_acc=0.9186 train_loss=0.2165 val_acc=0.9186 val_loss=0.2154 router_H=0.6559 best=0.9197
           router_load=[0.0008496501832269132, 0.18192973732948303, 0.6173419952392578, 0.19987890124320984]
[step 0540/1000] method=ours loss=0.1131 train_acc=0.9186 train_loss=0.2165 val_acc=0.9186 val_loss=0.2154 router_H=0.6559 best=0.9197
           router_load=[0.0008496501832269132, 0.18192973732948303, 0.6173419952392578, 0.19987890124320984]
[step 0550/1000] method=ours loss=0.2750 train_acc=0.9154 train_loss=0.2391 val_acc=0.9071 val_loss=0.2458 router_H=0.6389 best=0.9197
           router_load=[0.007151294033974409, 0.18261989951133728, 0.6457507610321045, 0.16447803378105164]
[step 0560/1000] method=ours loss=0.5112 train_acc=0.9154 train_loss=0.2391 val_acc=0.9071 val_loss=0.2458 router_H=0.6389 best=0.9197
           router_load=[0.007151294033974409, 0.18261989951133728, 0.6457507610321045, 0.16447803378105164]
[step 0570/1000] method=ours loss=0.4511 train_acc=0.9154 train_loss=0.2391 val_acc=0.9071 val_loss=0.2458 router_H=0.6389 best=0.9197
           router_load=[0.007151294033974409, 0.18261989951133728, 0.6457507610321045, 0.16447803378105164]
[step 0580/1000] method=ours loss=0.2680 train_acc=0.9154 train_loss=0.2391 val_acc=0.9071 val_loss=0.2458 router_H=0.6389 best=0.9197
           router_load=[0.007151294033974409, 0.18261989951133728, 0.6457507610321045, 0.16447803378105164]
[step 0590/1000] method=ours loss=0.5217 train_acc=0.9154 train_loss=0.2391 val_acc=0.9071 val_loss=0.2458 router_H=0.6389 best=0.9197
           router_load=[0.007151294033974409, 0.18261989951133728, 0.6457507610321045, 0.16447803378105164]
[step 0600/1000] method=ours loss=0.0742 train_acc=0.9181 train_loss=0.2180 val_acc=0.9197 val_loss=0.2286 router_H=0.6455 best=0.9197
           router_load=[0.011267158202826977, 0.24659888446331024, 0.6461858749389648, 0.09594832360744476]
[step 0610/1000] method=ours loss=0.4381 train_acc=0.9181 train_loss=0.2180 val_acc=0.9197 val_loss=0.2286 router_H=0.6455 best=0.9197
           router_load=[0.011267158202826977, 0.24659888446331024, 0.6461858749389648, 0.09594832360744476]
[step 0620/1000] method=ours loss=0.0373 train_acc=0.9181 train_loss=0.2180 val_acc=0.9197 val_loss=0.2286 router_H=0.6455 best=0.9197
           router_load=[0.011267158202826977, 0.24659888446331024, 0.6461858749389648, 0.09594832360744476]
[step 0630/1000] method=ours loss=0.0696 train_acc=0.9181 train_loss=0.2180 val_acc=0.9197 val_loss=0.2286 router_H=0.6455 best=0.9197
           router_load=[0.011267158202826977, 0.24659888446331024, 0.6461858749389648, 0.09594832360744476]
[step 0640/1000] method=ours loss=0.4486 train_acc=0.9181 train_loss=0.2180 val_acc=0.9197 val_loss=0.2286 router_H=0.6455 best=0.9197
           router_load=[0.011267158202826977, 0.24659888446331024, 0.6461858749389648, 0.09594832360744476]
[step 0650/1000] method=ours loss=0.2351 train_acc=0.9236 train_loss=0.2071 val_acc=0.9289 val_loss=0.2114 router_H=0.6388 best=0.9289
           router_load=[0.024244103580713272, 0.13068702816963196, 0.6496655941009521, 0.19540302455425262]
[step 0660/1000] method=ours loss=0.3760 train_acc=0.9236 train_loss=0.2071 val_acc=0.9289 val_loss=0.2114 router_H=0.6388 best=0.9289
           router_load=[0.024244103580713272, 0.13068702816963196, 0.6496655941009521, 0.19540302455425262]
[step 0670/1000] method=ours loss=0.2973 train_acc=0.9236 train_loss=0.2071 val_acc=0.9289 val_loss=0.2114 router_H=0.6388 best=0.9289
           router_load=[0.024244103580713272, 0.13068702816963196, 0.6496655941009521, 0.19540302455425262]
[step 0680/1000] method=ours loss=0.1466 train_acc=0.9236 train_loss=0.2071 val_acc=0.9289 val_loss=0.2114 router_H=0.6388 best=0.9289
           router_load=[0.024244103580713272, 0.13068702816963196, 0.6496655941009521, 0.19540302455425262]
[step 0690/1000] method=ours loss=0.4072 train_acc=0.9236 train_loss=0.2071 val_acc=0.9289 val_loss=0.2114 router_H=0.6388 best=0.9289
           router_load=[0.024244103580713272, 0.13068702816963196, 0.6496655941009521, 0.19540302455425262]
[step 0700/1000] method=ours loss=0.5123 train_acc=0.9205 train_loss=0.2740 val_acc=0.9163 val_loss=0.3138 router_H=0.6535 best=0.9289
           router_load=[0.09822544455528259, 0.1851508468389511, 0.6254711747169495, 0.09115249663591385]
[step 0710/1000] method=ours loss=0.1952 train_acc=0.9205 train_loss=0.2740 val_acc=0.9163 val_loss=0.3138 router_H=0.6535 best=0.9289
           router_load=[0.09822544455528259, 0.1851508468389511, 0.6254711747169495, 0.09115249663591385]
[step 0720/1000] method=ours loss=0.1184 train_acc=0.9205 train_loss=0.2740 val_acc=0.9163 val_loss=0.3138 router_H=0.6535 best=0.9289
           router_load=[0.09822544455528259, 0.1851508468389511, 0.6254711747169495, 0.09115249663591385]
[step 0730/1000] method=ours loss=0.3564 train_acc=0.9205 train_loss=0.2740 val_acc=0.9163 val_loss=0.3138 router_H=0.6535 best=0.9289
           router_load=[0.09822544455528259, 0.1851508468389511, 0.6254711747169495, 0.09115249663591385]
[step 0740/1000] method=ours loss=0.0613 train_acc=0.9205 train_loss=0.2740 val_acc=0.9163 val_loss=0.3138 router_H=0.6535 best=0.9289
           router_load=[0.09822544455528259, 0.1851508468389511, 0.6254711747169495, 0.09115249663591385]
[step 0750/1000] method=ours loss=0.2685 train_acc=0.9276 train_loss=0.1929 val_acc=0.9243 val_loss=0.2128 router_H=0.6439 best=0.9289
           router_load=[0.042790163308382034, 0.1808176189661026, 0.6430551409721375, 0.133337140083313]
[step 0760/1000] method=ours loss=0.0851 train_acc=0.9276 train_loss=0.1929 val_acc=0.9243 val_loss=0.2128 router_H=0.6439 best=0.9289
           router_load=[0.042790163308382034, 0.1808176189661026, 0.6430551409721375, 0.133337140083313]
[step 0770/1000] method=ours loss=0.0873 train_acc=0.9276 train_loss=0.1929 val_acc=0.9243 val_loss=0.2128 router_H=0.6439 best=0.9289
           router_load=[0.042790163308382034, 0.1808176189661026, 0.6430551409721375, 0.133337140083313]
[step 0780/1000] method=ours loss=0.2203 train_acc=0.9276 train_loss=0.1929 val_acc=0.9243 val_loss=0.2128 router_H=0.6439 best=0.9289
           router_load=[0.042790163308382034, 0.1808176189661026, 0.6430551409721375, 0.133337140083313]
[step 0790/1000] method=ours loss=0.7544 train_acc=0.9276 train_loss=0.1929 val_acc=0.9243 val_loss=0.2128 router_H=0.6439 best=0.9289
           router_load=[0.042790163308382034, 0.1808176189661026, 0.6430551409721375, 0.133337140083313]
[step 0800/1000] method=ours loss=0.2160 train_acc=0.9205 train_loss=0.2479 val_acc=0.9106 val_loss=0.3211 router_H=0.6499 best=0.9289
           router_load=[0.10723190009593964, 0.20031407475471497, 0.6326681971549988, 0.05978585034608841]
[step 0810/1000] method=ours loss=0.1883 train_acc=0.9205 train_loss=0.2479 val_acc=0.9106 val_loss=0.3211 router_H=0.6499 best=0.9289
           router_load=[0.10723190009593964, 0.20031407475471497, 0.6326681971549988, 0.05978585034608841]
[step 0820/1000] method=ours loss=0.3934 train_acc=0.9205 train_loss=0.2479 val_acc=0.9106 val_loss=0.3211 router_H=0.6499 best=0.9289
           router_load=[0.10723190009593964, 0.20031407475471497, 0.6326681971549988, 0.05978585034608841]
[step 0830/1000] method=ours loss=0.4854 train_acc=0.9205 train_loss=0.2479 val_acc=0.9106 val_loss=0.3211 router_H=0.6499 best=0.9289
           router_load=[0.10723190009593964, 0.20031407475471497, 0.6326681971549988, 0.05978585034608841]
[step 0840/1000] method=ours loss=0.0854 train_acc=0.9205 train_loss=0.2479 val_acc=0.9106 val_loss=0.3211 router_H=0.6499 best=0.9289
           router_load=[0.10723190009593964, 0.20031407475471497, 0.6326681971549988, 0.05978585034608841]
[step 0850/1000] method=ours loss=0.3471 train_acc=0.9224 train_loss=0.2616 val_acc=0.9163 val_loss=0.2900 router_H=0.6589 best=0.9289
           router_load=[0.021729594096541405, 0.28352659940719604, 0.5958169102668762, 0.09892679005861282]
[step 0860/1000] method=ours loss=0.3041 train_acc=0.9224 train_loss=0.2616 val_acc=0.9163 val_loss=0.2900 router_H=0.6589 best=0.9289
           router_load=[0.021729594096541405, 0.28352659940719604, 0.5958169102668762, 0.09892679005861282]
[step 0870/1000] method=ours loss=0.3351 train_acc=0.9224 train_loss=0.2616 val_acc=0.9163 val_loss=0.2900 router_H=0.6589 best=0.9289
           router_load=[0.021729594096541405, 0.28352659940719604, 0.5958169102668762, 0.09892679005861282]
[step 0880/1000] method=ours loss=0.1075 train_acc=0.9224 train_loss=0.2616 val_acc=0.9163 val_loss=0.2900 router_H=0.6589 best=0.9289
           router_load=[0.021729594096541405, 0.28352659940719604, 0.5958169102668762, 0.09892679005861282]
[step 0890/1000] method=ours loss=0.1974 train_acc=0.9224 train_loss=0.2616 val_acc=0.9163 val_loss=0.2900 router_H=0.6589 best=0.9289
           router_load=[0.021729594096541405, 0.28352659940719604, 0.5958169102668762, 0.09892679005861282]
[step 0900/1000] method=ours loss=0.0680 train_acc=0.9317 train_loss=0.1931 val_acc=0.9278 val_loss=0.2277 router_H=0.6559 best=0.9289
           router_load=[0.01270029041916132, 0.20144787430763245, 0.6129355430603027, 0.1729162037372589]
[step 0910/1000] method=ours loss=0.2285 train_acc=0.9317 train_loss=0.1931 val_acc=0.9278 val_loss=0.2277 router_H=0.6559 best=0.9289
           router_load=[0.01270029041916132, 0.20144787430763245, 0.6129355430603027, 0.1729162037372589]
[step 0920/1000] method=ours loss=0.1048 train_acc=0.9317 train_loss=0.1931 val_acc=0.9278 val_loss=0.2277 router_H=0.6559 best=0.9289
           router_load=[0.01270029041916132, 0.20144787430763245, 0.6129355430603027, 0.1729162037372589]
[step 0930/1000] method=ours loss=0.1547 train_acc=0.9317 train_loss=0.1931 val_acc=0.9278 val_loss=0.2277 router_H=0.6559 best=0.9289
           router_load=[0.01270029041916132, 0.20144787430763245, 0.6129355430603027, 0.1729162037372589]
[step 0940/1000] method=ours loss=0.6167 train_acc=0.9317 train_loss=0.1931 val_acc=0.9278 val_loss=0.2277 router_H=0.6559 best=0.9289
           router_load=[0.01270029041916132, 0.20144787430763245, 0.6129355430603027, 0.1729162037372589]
[step 0950/1000] method=ours loss=0.4076 train_acc=0.9265 train_loss=0.2127 val_acc=0.9117 val_loss=0.2857 router_H=0.6488 best=0.9289
           router_load=[0.045215800404548645, 0.16335657238960266, 0.625272274017334, 0.16615532338619232]
[step 0960/1000] method=ours loss=0.6812 train_acc=0.9265 train_loss=0.2127 val_acc=0.9117 val_loss=0.2857 router_H=0.6488 best=0.9289
           router_load=[0.045215800404548645, 0.16335657238960266, 0.625272274017334, 0.16615532338619232]
[step 0970/1000] method=ours loss=0.1010 train_acc=0.9265 train_loss=0.2127 val_acc=0.9117 val_loss=0.2857 router_H=0.6488 best=0.9289
           router_load=[0.045215800404548645, 0.16335657238960266, 0.625272274017334, 0.16615532338619232]
[step 0980/1000] method=ours loss=0.1816 train_acc=0.9265 train_loss=0.2127 val_acc=0.9117 val_loss=0.2857 router_H=0.6488 best=0.9289
           router_load=[0.045215800404548645, 0.16335657238960266, 0.625272274017334, 0.16615532338619232]
[step 0990/1000] method=ours loss=0.4244 train_acc=0.9265 train_loss=0.2127 val_acc=0.9117 val_loss=0.2857 router_H=0.6488 best=0.9289
           router_load=[0.045215800404548645, 0.16335657238960266, 0.625272274017334, 0.16615532338619232]
[step 1000/1000] method=ours loss=0.0352 train_acc=0.9177 train_loss=0.2429 val_acc=0.9014 val_loss=0.3370 router_H=0.6528 best=0.9289
           router_load=[0.025161413475871086, 0.19421884417533875, 0.6221809983253479, 0.15843871235847473]
saved summary -> /home/zhujjing/MOE-grad-conflict-routing/runs/paper_suite/single_gpu/single_task/roberta_sst2_lora_e4_k2/final/ours_s11.json
saved curve -> /home/zhujjing/MOE-grad-conflict-routing/runs/paper_suite/single_gpu/single_task/roberta_sst2_lora_e4_k2/final/ours_s11_curve.csv
