[run] method=baseline candidate=coord_01_train_lr_008 seed=3 steps=150 gpu=0
[run] cmd=
/home/zhujjing/anaconda3/envs/moe/bin/python /home/zhujjing/MOE-grad-conflict-routing/scripts/run.py --config configs/singletask_mrpc_real.yaml --set model.backbone_backend=hf --set model.hf_load_pretrained=true --set model.hf_local_files_only=true --set model.backbone=roberta --set model.hf_pretrained_name=roberta-base --set model.expert_type=lora --set model.routing_mode=topk --set model.num_experts=4 --set model.top_k=2 --set seed=3 --set method.name=baseline_avg --set train.steps=150 --set train.eval_every_steps=50 --set train.grad_clip=1 --set train.lr=3.07386945e-05 --set train.weight_decay=0.01 --out /home/zhujjing/MOE-grad-conflict-routing/runs/paper_suite/single_gpu/single_task/roberta_mrpc_lora_e4_k2_supplement/hpo/baseline/trial_runs/coord_01_train_lr_008/baseline_s3.json --curve_out /home/zhujjing/MOE-grad-conflict-routing/runs/paper_suite/single_gpu/single_task/roberta_mrpc_lora_e4_k2_supplement/hpo/baseline/trial_runs/coord_01_train_lr_008/baseline_s3_curve.csv
Using the latest cached version of the dataset since glue couldn't be found on the Hugging Face Hub (offline mode is enabled).
Found the latest cached dataset configuration 'mrpc' at /home/zhujjing/hf_cache/datasets/glue/mrpc/0.0.0/bcdcba79d07bc864c1c254ccfcedcce55bcc9a8c (last modified on Thu Mar 19 15:01:06 2026).
/home/zhujjing/anaconda3/envs/moe/lib/python3.10/site-packages/transformers/utils/hub.py:124: FutureWarning: Using `TRANSFORMERS_CACHE` is deprecated and will be removed in v5 of Transformers. Use `HF_HOME` instead.
  warnings.warn(
Some weights of RobertaModel were not initialized from the model checkpoint at roberta-base and are newly initialized: ['roberta.pooler.dense.bias', 'roberta.pooler.dense.weight']
You should probably TRAIN this model on a down-stream task to be able to use it for predictions and inference.
[step 0001/150] method=baseline_avg loss=0.7101 train_acc=nan train_loss=nan val_acc=nan val_loss=nan best=-1.0000
[step 0010/150] method=baseline_avg loss=0.7560 train_acc=nan train_loss=nan val_acc=nan val_loss=nan best=-1.0000
[step 0020/150] method=baseline_avg loss=0.6493 train_acc=nan train_loss=nan val_acc=nan val_loss=nan best=-1.0000
[step 0030/150] method=baseline_avg loss=0.4947 train_acc=nan train_loss=nan val_acc=nan val_loss=nan best=-1.0000
[step 0040/150] method=baseline_avg loss=0.5465 train_acc=nan train_loss=nan val_acc=nan val_loss=nan best=-1.0000
[step 0050/150] method=baseline_avg loss=0.3702 train_acc=0.7717 train_loss=0.4470 val_acc=0.7721 val_loss=0.4594 router_H=0.6926 best=0.7721
           router_load=[0.4060550034046173, 0.04560767859220505, 0.49679437279701233, 0.05154293775558472]
[step 0060/150] method=baseline_avg loss=0.4435 train_acc=0.7717 train_loss=0.4470 val_acc=0.7721 val_loss=0.4594 router_H=0.6926 best=0.7721
           router_load=[0.4060550034046173, 0.04560767859220505, 0.49679437279701233, 0.05154293775558472]
[step 0070/150] method=baseline_avg loss=0.3691 train_acc=0.7717 train_loss=0.4470 val_acc=0.7721 val_loss=0.4594 router_H=0.6926 best=0.7721
           router_load=[0.4060550034046173, 0.04560767859220505, 0.49679437279701233, 0.05154293775558472]
[step 0080/150] method=baseline_avg loss=0.5443 train_acc=0.7717 train_loss=0.4470 val_acc=0.7721 val_loss=0.4594 router_H=0.6926 best=0.7721
           router_load=[0.4060550034046173, 0.04560767859220505, 0.49679437279701233, 0.05154293775558472]
[step 0090/150] method=baseline_avg loss=0.6204 train_acc=0.7717 train_loss=0.4470 val_acc=0.7721 val_loss=0.4594 router_H=0.6926 best=0.7721
           router_load=[0.4060550034046173, 0.04560767859220505, 0.49679437279701233, 0.05154293775558472]
[step 0100/150] method=baseline_avg loss=0.5104 train_acc=0.8397 train_loss=0.4066 val_acc=0.8284 val_loss=0.3953 router_H=0.6922 best=0.8284
           router_load=[0.378667950630188, 0.1318148672580719, 0.372805655002594, 0.1167115569114685]
[step 0110/150] method=baseline_avg loss=0.4125 train_acc=0.8397 train_loss=0.4066 val_acc=0.8284 val_loss=0.3953 router_H=0.6922 best=0.8284
           router_load=[0.378667950630188, 0.1318148672580719, 0.372805655002594, 0.1167115569114685]
[step 0120/150] method=baseline_avg loss=0.3928 train_acc=0.8397 train_loss=0.4066 val_acc=0.8284 val_loss=0.3953 router_H=0.6922 best=0.8284
           router_load=[0.378667950630188, 0.1318148672580719, 0.372805655002594, 0.1167115569114685]
[step 0130/150] method=baseline_avg loss=0.3782 train_acc=0.8397 train_loss=0.4066 val_acc=0.8284 val_loss=0.3953 router_H=0.6922 best=0.8284
           router_load=[0.378667950630188, 0.1318148672580719, 0.372805655002594, 0.1167115569114685]
[step 0140/150] method=baseline_avg loss=0.5227 train_acc=0.8397 train_loss=0.4066 val_acc=0.8284 val_loss=0.3953 router_H=0.6922 best=0.8284
           router_load=[0.378667950630188, 0.1318148672580719, 0.372805655002594, 0.1167115569114685]
[step 0150/150] method=baseline_avg loss=0.4365 train_acc=0.8832 train_loss=0.3299 val_acc=0.8578 val_loss=0.3672 router_H=0.6926 best=0.8578
           router_load=[0.38654735684394836, 0.06282953917980194, 0.4542265832424164, 0.09639645367860794]
saved summary -> /home/zhujjing/MOE-grad-conflict-routing/runs/paper_suite/single_gpu/single_task/roberta_mrpc_lora_e4_k2_supplement/hpo/baseline/trial_runs/coord_01_train_lr_008/baseline_s3.json
saved curve -> /home/zhujjing/MOE-grad-conflict-routing/runs/paper_suite/single_gpu/single_task/roberta_mrpc_lora_e4_k2_supplement/hpo/baseline/trial_runs/coord_01_train_lr_008/baseline_s3_curve.csv
