[run] method=ours candidate=coord_04_method_ours_lambda_align_002 seed=2 steps=150 gpu=0
[run] cmd=
/home/zhujjing/anaconda3/envs/moe/bin/python /home/zhujjing/MOE-grad-conflict-routing/scripts/run.py --config configs/singletask_rte_real.yaml --set model.backbone_backend=hf --set model.hf_load_pretrained=true --set model.hf_local_files_only=true --set model.backbone=deberta --set model.hf_pretrained_name=microsoft/deberta-v3-base --set model.expert_type=lora --set model.routing_mode=topk --set model.num_experts=4 --set model.top_k=2 --set seed=2 --set method.name=ours --set train.steps=150 --set train.eval_every_steps=50 --set method.ours.use_load_norm=true --set method.ours.lambda_align=0.0002878913241 --set train.grad_clip=0.9740671934 --set train.lr=5.484611636e-05 --set train.weight_decay=0.03963349774 --out /home/zhujjing/MOE-grad-conflict-routing/runs/paper_suite/single_gpu/single_task/deberta_rte_lora_e4_k2_supplement/hpo/ours/trial_runs/coord_04_method_ours_lambda_align_002/ours_s2.json --curve_out /home/zhujjing/MOE-grad-conflict-routing/runs/paper_suite/single_gpu/single_task/deberta_rte_lora_e4_k2_supplement/hpo/ours/trial_runs/coord_04_method_ours_lambda_align_002/ours_s2_curve.csv
Using the latest cached version of the dataset since glue couldn't be found on the Hugging Face Hub (offline mode is enabled).
Found the latest cached dataset configuration 'rte' at /home/zhujjing/hf_cache/datasets/glue/rte/0.0.0/bcdcba79d07bc864c1c254ccfcedcce55bcc9a8c (last modified on Thu Mar 19 15:00:36 2026).
/home/zhujjing/anaconda3/envs/moe/lib/python3.10/site-packages/transformers/utils/hub.py:124: FutureWarning: Using `TRANSFORMERS_CACHE` is deprecated and will be removed in v5 of Transformers. Use `HF_HOME` instead.
  warnings.warn(
/home/zhujjing/anaconda3/envs/moe/lib/python3.10/site-packages/transformers/convert_slow_tokenizer.py:560: UserWarning: The sentencepiece tokenizer that you are converting to a fast tokenizer uses the byte fallback option which is not implemented in the fast tokenizers. In practice this means that the fast version of the tokenizer can produce unknown tokens whereas the sentencepiece version would have converted these unknown tokens into a sequence of byte tokens matching the original piece of text.
  warnings.warn(
[step 0001/150] method=ours loss=0.8022 train_acc=nan train_loss=nan val_acc=nan val_loss=nan best=-1.0000
[step 0010/150] method=ours loss=0.8467 train_acc=nan train_loss=nan val_acc=nan val_loss=nan best=-1.0000
[step 0020/150] method=ours loss=0.6055 train_acc=nan train_loss=nan val_acc=nan val_loss=nan best=-1.0000
[step 0030/150] method=ours loss=0.4766 train_acc=nan train_loss=nan val_acc=nan val_loss=nan best=-1.0000
[step 0040/150] method=ours loss=0.7105 train_acc=nan train_loss=nan val_acc=nan val_loss=nan best=-1.0000
[step 0050/150] method=ours loss=0.6524 train_acc=0.7383 train_loss=0.5373 val_acc=0.6715 val_loss=0.5959 router_H=0.5631 best=0.6715
           router_load=[0.7316837906837463, 0.23866654932498932, 0.0, 0.02964973822236061]
[step 0060/150] method=ours loss=0.5354 train_acc=0.7383 train_loss=0.5373 val_acc=0.6715 val_loss=0.5959 router_H=0.5631 best=0.6715
           router_load=[0.7316837906837463, 0.23866654932498932, 0.0, 0.02964973822236061]
[step 0070/150] method=ours loss=0.6642 train_acc=0.7383 train_loss=0.5373 val_acc=0.6715 val_loss=0.5959 router_H=0.5631 best=0.6715
           router_load=[0.7316837906837463, 0.23866654932498932, 0.0, 0.02964973822236061]
[step 0080/150] method=ours loss=0.4753 train_acc=0.7383 train_loss=0.5373 val_acc=0.6715 val_loss=0.5959 router_H=0.5631 best=0.6715
           router_load=[0.7316837906837463, 0.23866654932498932, 0.0, 0.02964973822236061]
[step 0090/150] method=ours loss=0.3547 train_acc=0.7383 train_loss=0.5373 val_acc=0.6715 val_loss=0.5959 router_H=0.5631 best=0.6715
           router_load=[0.7316837906837463, 0.23866654932498932, 0.0, 0.02964973822236061]
[step 0100/150] method=ours loss=0.3220 train_acc=0.9023 train_loss=0.3219 val_acc=0.7834 val_loss=0.4763 router_H=0.6326 best=0.7834
           router_load=[0.6143739819526672, 0.35700497031211853, 0.0, 0.028620988130569458]
[step 0110/150] method=ours loss=0.4145 train_acc=0.9023 train_loss=0.3219 val_acc=0.7834 val_loss=0.4763 router_H=0.6326 best=0.7834
           router_load=[0.6143739819526672, 0.35700497031211853, 0.0, 0.028620988130569458]
[step 0120/150] method=ours loss=0.3774 train_acc=0.9023 train_loss=0.3219 val_acc=0.7834 val_loss=0.4763 router_H=0.6326 best=0.7834
           router_load=[0.6143739819526672, 0.35700497031211853, 0.0, 0.028620988130569458]
[step 0130/150] method=ours loss=0.6063 train_acc=0.9023 train_loss=0.3219 val_acc=0.7834 val_loss=0.4763 router_H=0.6326 best=0.7834
           router_load=[0.6143739819526672, 0.35700497031211853, 0.0, 0.028620988130569458]
[step 0140/150] method=ours loss=0.8159 train_acc=0.9023 train_loss=0.3219 val_acc=0.7834 val_loss=0.4763 router_H=0.6326 best=0.7834
           router_load=[0.6143739819526672, 0.35700497031211853, 0.0, 0.028620988130569458]
[step 0150/150] method=ours loss=0.6088 train_acc=0.9062 train_loss=0.2413 val_acc=0.8195 val_loss=0.4448 router_H=0.6399 best=0.8195
           router_load=[0.5787873864173889, 0.36709079146385193, 0.0, 0.05412173271179199]
saved summary -> /home/zhujjing/MOE-grad-conflict-routing/runs/paper_suite/single_gpu/single_task/deberta_rte_lora_e4_k2_supplement/hpo/ours/trial_runs/coord_04_method_ours_lambda_align_002/ours_s2.json
saved curve -> /home/zhujjing/MOE-grad-conflict-routing/runs/paper_suite/single_gpu/single_task/deberta_rte_lora_e4_k2_supplement/hpo/ours/trial_runs/coord_04_method_ours_lambda_align_002/ours_s2_curve.csv
