[run] method=ours candidate=coord_04_method_ours_lambda_align_014 seed=3 steps=150 gpu=0
[run] cmd=
/home/zhujjing/anaconda3/envs/moe/bin/python /home/zhujjing/MOE-grad-conflict-routing/scripts/run.py --config configs/singletask_rte_real.yaml --set model.backbone_backend=hf --set model.hf_load_pretrained=true --set model.hf_local_files_only=true --set model.backbone=deberta --set model.hf_pretrained_name=microsoft/deberta-v3-base --set model.expert_type=lora --set model.routing_mode=topk --set model.num_experts=4 --set model.top_k=2 --set seed=3 --set method.name=ours --set train.steps=150 --set train.eval_every_steps=50 --set method.ours.use_load_norm=true --set method.ours.lambda_align=0.0004542517577 --set train.grad_clip=0.9740671934 --set train.lr=5.484611636e-05 --set train.weight_decay=0.03963349774 --out /home/zhujjing/MOE-grad-conflict-routing/runs/paper_suite/single_gpu/single_task/deberta_rte_lora_e4_k2_supplement/hpo/ours/trial_runs/coord_04_method_ours_lambda_align_014/ours_s3.json --curve_out /home/zhujjing/MOE-grad-conflict-routing/runs/paper_suite/single_gpu/single_task/deberta_rte_lora_e4_k2_supplement/hpo/ours/trial_runs/coord_04_method_ours_lambda_align_014/ours_s3_curve.csv
Using the latest cached version of the dataset since glue couldn't be found on the Hugging Face Hub (offline mode is enabled).
Found the latest cached dataset configuration 'rte' at /home/zhujjing/hf_cache/datasets/glue/rte/0.0.0/bcdcba79d07bc864c1c254ccfcedcce55bcc9a8c (last modified on Thu Mar 19 15:00:36 2026).
/home/zhujjing/anaconda3/envs/moe/lib/python3.10/site-packages/transformers/utils/hub.py:124: FutureWarning: Using `TRANSFORMERS_CACHE` is deprecated and will be removed in v5 of Transformers. Use `HF_HOME` instead.
  warnings.warn(
/home/zhujjing/anaconda3/envs/moe/lib/python3.10/site-packages/transformers/convert_slow_tokenizer.py:560: UserWarning: The sentencepiece tokenizer that you are converting to a fast tokenizer uses the byte fallback option which is not implemented in the fast tokenizers. In practice this means that the fast version of the tokenizer can produce unknown tokens whereas the sentencepiece version would have converted these unknown tokens into a sequence of byte tokens matching the original piece of text.
  warnings.warn(
[step 0001/150] method=ours loss=0.7316 train_acc=nan train_loss=nan val_acc=nan val_loss=nan best=-1.0000
[step 0010/150] method=ours loss=0.7085 train_acc=nan train_loss=nan val_acc=nan val_loss=nan best=-1.0000
[step 0020/150] method=ours loss=0.7754 train_acc=nan train_loss=nan val_acc=nan val_loss=nan best=-1.0000
[step 0030/150] method=ours loss=0.6169 train_acc=nan train_loss=nan val_acc=nan val_loss=nan best=-1.0000
[step 0040/150] method=ours loss=0.5466 train_acc=nan train_loss=nan val_acc=nan val_loss=nan best=-1.0000
[step 0050/150] method=ours loss=0.5997 train_acc=0.7578 train_loss=0.5161 val_acc=0.6895 val_loss=0.5895 router_H=0.6543 best=0.6895
           router_load=[0.018671153113245964, 0.13391150534152985, 0.626702070236206, 0.2207154482603073]
[step 0060/150] method=ours loss=0.6425 train_acc=0.7578 train_loss=0.5161 val_acc=0.6895 val_loss=0.5895 router_H=0.6543 best=0.6895
           router_load=[0.018671153113245964, 0.13391150534152985, 0.626702070236206, 0.2207154482603073]
[step 0070/150] method=ours loss=0.7033 train_acc=0.7578 train_loss=0.5161 val_acc=0.6895 val_loss=0.5895 router_H=0.6543 best=0.6895
           router_load=[0.018671153113245964, 0.13391150534152985, 0.626702070236206, 0.2207154482603073]
[step 0080/150] method=ours loss=0.6028 train_acc=0.7578 train_loss=0.5161 val_acc=0.6895 val_loss=0.5895 router_H=0.6543 best=0.6895
           router_load=[0.018671153113245964, 0.13391150534152985, 0.626702070236206, 0.2207154482603073]
[step 0090/150] method=ours loss=0.5423 train_acc=0.7578 train_loss=0.5161 val_acc=0.6895 val_loss=0.5895 router_H=0.6543 best=0.6895
           router_load=[0.018671153113245964, 0.13391150534152985, 0.626702070236206, 0.2207154482603073]
[step 0100/150] method=ours loss=0.8370 train_acc=0.7773 train_loss=0.4296 val_acc=0.6643 val_loss=0.5832 router_H=0.6307 best=0.6895
           router_load=[0.000815626117400825, 0.10859258472919464, 0.6666076183319092, 0.2239842414855957]
[step 0110/150] method=ours loss=0.4774 train_acc=0.7773 train_loss=0.4296 val_acc=0.6643 val_loss=0.5832 router_H=0.6307 best=0.6895
           router_load=[0.000815626117400825, 0.10859258472919464, 0.6666076183319092, 0.2239842414855957]
[step 0120/150] method=ours loss=0.5351 train_acc=0.7773 train_loss=0.4296 val_acc=0.6643 val_loss=0.5832 router_H=0.6307 best=0.6895
           router_load=[0.000815626117400825, 0.10859258472919464, 0.6666076183319092, 0.2239842414855957]
[step 0130/150] method=ours loss=0.5018 train_acc=0.7773 train_loss=0.4296 val_acc=0.6643 val_loss=0.5832 router_H=0.6307 best=0.6895
           router_load=[0.000815626117400825, 0.10859258472919464, 0.6666076183319092, 0.2239842414855957]
[step 0140/150] method=ours loss=0.3423 train_acc=0.7773 train_loss=0.4296 val_acc=0.6643 val_loss=0.5832 router_H=0.6307 best=0.6895
           router_load=[0.000815626117400825, 0.10859258472919464, 0.6666076183319092, 0.2239842414855957]
[step 0150/150] method=ours loss=0.3046 train_acc=0.9141 train_loss=0.2615 val_acc=0.7978 val_loss=0.4275 router_H=0.6514 best=0.7978
           router_load=[0.01614639163017273, 0.11583177000284195, 0.6017225384712219, 0.26629918813705444]
saved summary -> /home/zhujjing/MOE-grad-conflict-routing/runs/paper_suite/single_gpu/single_task/deberta_rte_lora_e4_k2_supplement/hpo/ours/trial_runs/coord_04_method_ours_lambda_align_014/ours_s3.json
saved curve -> /home/zhujjing/MOE-grad-conflict-routing/runs/paper_suite/single_gpu/single_task/deberta_rte_lora_e4_k2_supplement/hpo/ours/trial_runs/coord_04_method_ours_lambda_align_014/ours_s3_curve.csv
