[run] method=ours candidate=local_var_topk_025 seed=3 steps=200 gpu=0
[run] cmd=
/root/miniconda3/envs/optimization/bin/python /root/Optimization/MOE-grad-conflict-routing/scripts/run.py --config configs/singletask_rte_real.yaml --set model.backbone_backend=hf --set model.hf_load_pretrained=true --set model.backbone=roberta --set model.hf_pretrained_name=roberta-base --set model.expert_type=ffn --set model.routing_mode=topk --set model.num_experts=4 --set model.top_k=2 --set train.lr=2.5551784142791192e-05 --set seed=3 --set method.name=ours --set train.steps=200 --set train.eval_every_steps=50 --set method.ours.use_load_norm=true --set method.ours.lambda_align=0.0116630131 --set train.grad_clip=1.169017524 --set train.lr=9.902666e-06 --set train.weight_decay=0.02262791402 --out /root/Optimization/MOE-grad-conflict-routing/runs/paper_suite_supplement/single_task_add_rerun/rerun/roberta_rte_ffn_e4_k2_ours_lr_centered/hpo/ours/trial_runs/local_var_topk_025/ours_s3.json --curve_out /root/Optimization/MOE-grad-conflict-routing/runs/paper_suite_supplement/single_task_add_rerun/rerun/roberta_rte_ffn_e4_k2_ours_lr_centered/hpo/ours/trial_runs/local_var_topk_025/ours_s3_curve.csv
Using the latest cached version of the dataset since glue couldn't be found on the Hugging Face Hub (offline mode is enabled).
Found the latest cached dataset configuration 'rte' at /root/.cache/huggingface/datasets/glue/rte/0.0.0/bcdcba79d07bc864c1c254ccfcedcce55bcc9a8c (last modified on Sun Mar 22 21:39:13 2026).
Loading weights:   0%|          | 0/197 [00:00<?, ?it/s]Loading weights: 100%|██████████| 197/197 [00:00<00:00, 6018.18it/s]
[1mRobertaModel LOAD REPORT[0m from: roberta-base
Key                             | Status     | 
--------------------------------+------------+-
lm_head.bias                    | UNEXPECTED | 
lm_head.layer_norm.bias         | UNEXPECTED | 
lm_head.layer_norm.weight       | UNEXPECTED | 
lm_head.dense.bias              | UNEXPECTED | 
roberta.embeddings.position_ids | UNEXPECTED | 
lm_head.dense.weight            | UNEXPECTED | 
pooler.dense.bias               | MISSING    | 
pooler.dense.weight             | MISSING    | 

[3mNotes:
- UNEXPECTED[3m	:can be ignored when loading from different task/architecture; not ok if you expect identical arch.
- MISSING[3m	:those params were newly initialized because missing from the checkpoint. Consider training on your downstream task.[0m
[step 0001/200] method=ours loss=0.6923 train_acc=nan train_loss=nan val_acc=nan val_loss=nan best=-1.0000
[step 0010/200] method=ours loss=0.6684 train_acc=nan train_loss=nan val_acc=nan val_loss=nan best=-1.0000
[step 0020/200] method=ours loss=0.7201 train_acc=nan train_loss=nan val_acc=nan val_loss=nan best=-1.0000
[step 0030/200] method=ours loss=0.6656 train_acc=nan train_loss=nan val_acc=nan val_loss=nan best=-1.0000
[step 0040/200] method=ours loss=0.6605 train_acc=nan train_loss=nan val_acc=nan val_loss=nan best=-1.0000
[step 0050/200] method=ours loss=0.6651 train_acc=0.5052 train_loss=0.6910 val_acc=0.5162 val_loss=0.6919 router_H=0.6898 best=0.5162
           router_load=[0.5343050360679626, 0.07620126008987427, 0.04078762233257294, 0.3487060070037842]
[step 0060/200] method=ours loss=0.7068 train_acc=0.5052 train_loss=0.6910 val_acc=0.5162 val_loss=0.6919 router_H=0.6898 best=0.5162
           router_load=[0.5343050360679626, 0.07620126008987427, 0.04078762233257294, 0.3487060070037842]
[step 0070/200] method=ours loss=0.7087 train_acc=0.5052 train_loss=0.6910 val_acc=0.5162 val_loss=0.6919 router_H=0.6898 best=0.5162
           router_load=[0.5343050360679626, 0.07620126008987427, 0.04078762233257294, 0.3487060070037842]
[step 0080/200] method=ours loss=0.6818 train_acc=0.5052 train_loss=0.6910 val_acc=0.5162 val_loss=0.6919 router_H=0.6898 best=0.5162
           router_load=[0.5343050360679626, 0.07620126008987427, 0.04078762233257294, 0.3487060070037842]
[step 0090/200] method=ours loss=0.6734 train_acc=0.5052 train_loss=0.6910 val_acc=0.5162 val_loss=0.6919 router_H=0.6898 best=0.5162
           router_load=[0.5343050360679626, 0.07620126008987427, 0.04078762233257294, 0.3487060070037842]
[step 0100/200] method=ours loss=0.6414 train_acc=0.6418 train_loss=0.6485 val_acc=0.6282 val_loss=0.6534 router_H=0.6536 best=0.6282
           router_load=[0.6347351670265198, 0.1258934885263443, 0.040716204792261124, 0.19865520298480988]
[step 0110/200] method=ours loss=0.5836 train_acc=0.6418 train_loss=0.6485 val_acc=0.6282 val_loss=0.6534 router_H=0.6536 best=0.6282
           router_load=[0.6347351670265198, 0.1258934885263443, 0.040716204792261124, 0.19865520298480988]
[step 0120/200] method=ours loss=0.6898 train_acc=0.6418 train_loss=0.6485 val_acc=0.6282 val_loss=0.6534 router_H=0.6536 best=0.6282
           router_load=[0.6347351670265198, 0.1258934885263443, 0.040716204792261124, 0.19865520298480988]
[step 0130/200] method=ours loss=0.6460 train_acc=0.6418 train_loss=0.6485 val_acc=0.6282 val_loss=0.6534 router_H=0.6536 best=0.6282
           router_load=[0.6347351670265198, 0.1258934885263443, 0.040716204792261124, 0.19865520298480988]
[step 0140/200] method=ours loss=0.6312 train_acc=0.6418 train_loss=0.6485 val_acc=0.6282 val_loss=0.6534 router_H=0.6536 best=0.6282
           router_load=[0.6347351670265198, 0.1258934885263443, 0.040716204792261124, 0.19865520298480988]
[step 0150/200] method=ours loss=0.7453 train_acc=0.6719 train_loss=0.6121 val_acc=0.6101 val_loss=0.6559 router_H=0.5912 best=0.6282
           router_load=[0.7088985443115234, 0.09556703269481659, 0.05118977278470993, 0.14434471726417542]
[step 0160/200] method=ours loss=0.6367 train_acc=0.6719 train_loss=0.6121 val_acc=0.6101 val_loss=0.6559 router_H=0.5912 best=0.6282
           router_load=[0.7088985443115234, 0.09556703269481659, 0.05118977278470993, 0.14434471726417542]
[step 0170/200] method=ours loss=0.6025 train_acc=0.6719 train_loss=0.6121 val_acc=0.6101 val_loss=0.6559 router_H=0.5912 best=0.6282
           router_load=[0.7088985443115234, 0.09556703269481659, 0.05118977278470993, 0.14434471726417542]
[step 0180/200] method=ours loss=0.7138 train_acc=0.6719 train_loss=0.6121 val_acc=0.6101 val_loss=0.6559 router_H=0.5912 best=0.6282
           router_load=[0.7088985443115234, 0.09556703269481659, 0.05118977278470993, 0.14434471726417542]
[step 0190/200] method=ours loss=0.6353 train_acc=0.6719 train_loss=0.6121 val_acc=0.6101 val_loss=0.6559 router_H=0.5912 best=0.6282
           router_load=[0.7088985443115234, 0.09556703269481659, 0.05118977278470993, 0.14434471726417542]
[step 0200/200] method=ours loss=0.4988 train_acc=0.7562 train_loss=0.5120 val_acc=0.6859 val_loss=0.5694 router_H=0.5977 best=0.6859
           router_load=[0.6545473337173462, 0.02203119732439518, 0.009536023251712322, 0.3138854503631592]
saved summary -> /root/Optimization/MOE-grad-conflict-routing/runs/paper_suite_supplement/single_task_add_rerun/rerun/roberta_rte_ffn_e4_k2_ours_lr_centered/hpo/ours/trial_runs/local_var_topk_025/ours_s3.json
saved curve -> /root/Optimization/MOE-grad-conflict-routing/runs/paper_suite_supplement/single_task_add_rerun/rerun/roberta_rte_ffn_e4_k2_ours_lr_centered/hpo/ours/trial_runs/local_var_topk_025/ours_s3_curve.csv
