[run] method=ours candidate=local_var_topk_023 seed=2 steps=200 gpu=0
[run] cmd=
/root/miniconda3/envs/optimization/bin/python /root/Optimization/MOE-grad-conflict-routing/scripts/run.py --config configs/singletask_rte_real.yaml --set model.backbone_backend=hf --set model.hf_load_pretrained=true --set model.backbone=roberta --set model.hf_pretrained_name=roberta-base --set model.expert_type=ffn --set model.routing_mode=topk --set model.num_experts=4 --set model.top_k=2 --set train.lr=2.5551784142791192e-05 --set seed=2 --set method.name=ours --set train.steps=200 --set train.eval_every_steps=50 --set method.ours.use_load_norm=true --set method.ours.lambda_align=0.02332602621 --set train.grad_clip=1.169017524 --set train.lr=9.902666e-06 --set train.weight_decay=0.01262791402 --out /root/Optimization/MOE-grad-conflict-routing/runs/paper_suite_supplement/single_task_add_rerun/rerun/roberta_rte_ffn_e4_k2_ours_lr_centered/hpo/ours/trial_runs/local_var_topk_023/ours_s2.json --curve_out /root/Optimization/MOE-grad-conflict-routing/runs/paper_suite_supplement/single_task_add_rerun/rerun/roberta_rte_ffn_e4_k2_ours_lr_centered/hpo/ours/trial_runs/local_var_topk_023/ours_s2_curve.csv
Using the latest cached version of the dataset since glue couldn't be found on the Hugging Face Hub (offline mode is enabled).
Found the latest cached dataset configuration 'rte' at /root/.cache/huggingface/datasets/glue/rte/0.0.0/bcdcba79d07bc864c1c254ccfcedcce55bcc9a8c (last modified on Sun Mar 22 21:39:13 2026).
Loading weights:   0%|          | 0/197 [00:00<?, ?it/s]Loading weights: 100%|██████████| 197/197 [00:00<00:00, 3635.51it/s]
[1mRobertaModel LOAD REPORT[0m from: roberta-base
Key                             | Status     | 
--------------------------------+------------+-
lm_head.layer_norm.weight       | UNEXPECTED | 
roberta.embeddings.position_ids | UNEXPECTED | 
lm_head.layer_norm.bias         | UNEXPECTED | 
lm_head.bias                    | UNEXPECTED | 
lm_head.dense.bias              | UNEXPECTED | 
lm_head.dense.weight            | UNEXPECTED | 
pooler.dense.weight             | MISSING    | 
pooler.dense.bias               | MISSING    | 

[3mNotes:
- UNEXPECTED[3m	:can be ignored when loading from different task/architecture; not ok if you expect identical arch.
- MISSING[3m	:those params were newly initialized because missing from the checkpoint. Consider training on your downstream task.[0m
[step 0001/200] method=ours loss=0.6882 train_acc=nan train_loss=nan val_acc=nan val_loss=nan best=-1.0000
[step 0010/200] method=ours loss=0.7027 train_acc=nan train_loss=nan val_acc=nan val_loss=nan best=-1.0000
[step 0020/200] method=ours loss=0.6850 train_acc=nan train_loss=nan val_acc=nan val_loss=nan best=-1.0000
[step 0030/200] method=ours loss=0.6971 train_acc=nan train_loss=nan val_acc=nan val_loss=nan best=-1.0000
[step 0040/200] method=ours loss=0.6855 train_acc=nan train_loss=nan val_acc=nan val_loss=nan best=-1.0000
[step 0050/200] method=ours loss=0.6618 train_acc=0.5016 train_loss=0.6885 val_acc=0.5271 val_loss=0.6864 router_H=0.6835 best=0.5271
           router_load=[0.43226999044418335, 0.0, 0.0, 0.5677300095558167]
[step 0060/200] method=ours loss=0.6856 train_acc=0.5016 train_loss=0.6885 val_acc=0.5271 val_loss=0.6864 router_H=0.6835 best=0.5271
           router_load=[0.43226999044418335, 0.0, 0.0, 0.5677300095558167]
[step 0070/200] method=ours loss=0.6738 train_acc=0.5016 train_loss=0.6885 val_acc=0.5271 val_loss=0.6864 router_H=0.6835 best=0.5271
           router_load=[0.43226999044418335, 0.0, 0.0, 0.5677300095558167]
[step 0080/200] method=ours loss=0.6707 train_acc=0.5016 train_loss=0.6885 val_acc=0.5271 val_loss=0.6864 router_H=0.6835 best=0.5271
           router_load=[0.43226999044418335, 0.0, 0.0, 0.5677300095558167]
[step 0090/200] method=ours loss=0.6996 train_acc=0.5016 train_loss=0.6885 val_acc=0.5271 val_loss=0.6864 router_H=0.6835 best=0.5271
           router_load=[0.43226999044418335, 0.0, 0.0, 0.5677300095558167]
[step 0100/200] method=ours loss=0.6492 train_acc=0.6574 train_loss=0.6577 val_acc=0.6173 val_loss=0.6593 router_H=0.6768 best=0.6173
           router_load=[0.2513873279094696, 0.16444426774978638, 0.0, 0.5841684341430664]
[step 0110/200] method=ours loss=0.6637 train_acc=0.6574 train_loss=0.6577 val_acc=0.6173 val_loss=0.6593 router_H=0.6768 best=0.6173
           router_load=[0.2513873279094696, 0.16444426774978638, 0.0, 0.5841684341430664]
[step 0120/200] method=ours loss=0.6444 train_acc=0.6574 train_loss=0.6577 val_acc=0.6173 val_loss=0.6593 router_H=0.6768 best=0.6173
           router_load=[0.2513873279094696, 0.16444426774978638, 0.0, 0.5841684341430664]
[step 0130/200] method=ours loss=0.6174 train_acc=0.6574 train_loss=0.6577 val_acc=0.6173 val_loss=0.6593 router_H=0.6768 best=0.6173
           router_load=[0.2513873279094696, 0.16444426774978638, 0.0, 0.5841684341430664]
[step 0140/200] method=ours loss=0.5713 train_acc=0.6574 train_loss=0.6577 val_acc=0.6173 val_loss=0.6593 router_H=0.6768 best=0.6173
           router_load=[0.2513873279094696, 0.16444426774978638, 0.0, 0.5841684341430664]
[step 0150/200] method=ours loss=0.6249 train_acc=0.6831 train_loss=0.6163 val_acc=0.6498 val_loss=0.6370 router_H=0.6845 best=0.6498
           router_load=[0.16314956545829773, 0.28063949942588806, 0.0, 0.5562108159065247]
[step 0160/200] method=ours loss=0.6607 train_acc=0.6831 train_loss=0.6163 val_acc=0.6498 val_loss=0.6370 router_H=0.6845 best=0.6498
           router_load=[0.16314956545829773, 0.28063949942588806, 0.0, 0.5562108159065247]
[step 0170/200] method=ours loss=0.5165 train_acc=0.6831 train_loss=0.6163 val_acc=0.6498 val_loss=0.6370 router_H=0.6845 best=0.6498
           router_load=[0.16314956545829773, 0.28063949942588806, 0.0, 0.5562108159065247]
[step 0180/200] method=ours loss=0.6181 train_acc=0.6831 train_loss=0.6163 val_acc=0.6498 val_loss=0.6370 router_H=0.6845 best=0.6498
           router_load=[0.16314956545829773, 0.28063949942588806, 0.0, 0.5562108159065247]
[step 0190/200] method=ours loss=0.5320 train_acc=0.6831 train_loss=0.6163 val_acc=0.6498 val_loss=0.6370 router_H=0.6845 best=0.6498
           router_load=[0.16314956545829773, 0.28063949942588806, 0.0, 0.5562108159065247]
[step 0200/200] method=ours loss=0.7380 train_acc=0.7679 train_loss=0.4973 val_acc=0.6895 val_loss=0.6057 router_H=0.6141 best=0.6895
           router_load=[0.2906796336174011, 0.035353172570466995, 0.003283816622570157, 0.6706834435462952]
saved summary -> /root/Optimization/MOE-grad-conflict-routing/runs/paper_suite_supplement/single_task_add_rerun/rerun/roberta_rte_ffn_e4_k2_ours_lr_centered/hpo/ours/trial_runs/local_var_topk_023/ours_s2.json
saved curve -> /root/Optimization/MOE-grad-conflict-routing/runs/paper_suite_supplement/single_task_add_rerun/rerun/roberta_rte_ffn_e4_k2_ours_lr_centered/hpo/ours/trial_runs/local_var_topk_023/ours_s2_curve.csv
