[run] method=ours candidate=local_var_topk_022 seed=3 steps=200 gpu=0
[run] cmd=
/root/miniconda3/envs/optimization/bin/python /root/Optimization/MOE-grad-conflict-routing/scripts/run.py --config configs/singletask_rte_real.yaml --set model.backbone_backend=hf --set model.hf_load_pretrained=true --set model.backbone=roberta --set model.hf_pretrained_name=roberta-base --set model.expert_type=ffn --set model.routing_mode=topk --set model.num_experts=4 --set model.top_k=2 --set train.lr=2.5551784142791192e-05 --set seed=3 --set method.name=ours --set train.steps=200 --set train.eval_every_steps=50 --set method.ours.use_load_norm=true --set method.ours.lambda_align=0.0116630131 --set train.grad_clip=1.169017524 --set train.lr=9.902666e-06 --set train.weight_decay=0.01262791402 --out /root/Optimization/MOE-grad-conflict-routing/runs/paper_suite_supplement/single_task_add_rerun/rerun/roberta_rte_ffn_e4_k2_ours_lr_centered/hpo/ours/trial_runs/local_var_topk_022/ours_s3.json --curve_out /root/Optimization/MOE-grad-conflict-routing/runs/paper_suite_supplement/single_task_add_rerun/rerun/roberta_rte_ffn_e4_k2_ours_lr_centered/hpo/ours/trial_runs/local_var_topk_022/ours_s3_curve.csv
Using the latest cached version of the dataset since glue couldn't be found on the Hugging Face Hub (offline mode is enabled).
Found the latest cached dataset configuration 'rte' at /root/.cache/huggingface/datasets/glue/rte/0.0.0/bcdcba79d07bc864c1c254ccfcedcce55bcc9a8c (last modified on Sun Mar 22 21:39:13 2026).
Loading weights:   0%|          | 0/197 [00:00<?, ?it/s]Loading weights: 100%|██████████| 197/197 [00:00<00:00, 5305.67it/s]
[1mRobertaModel LOAD REPORT[0m from: roberta-base
Key                             | Status     | 
--------------------------------+------------+-
lm_head.layer_norm.weight       | UNEXPECTED | 
lm_head.dense.weight            | UNEXPECTED | 
roberta.embeddings.position_ids | UNEXPECTED | 
lm_head.layer_norm.bias         | UNEXPECTED | 
lm_head.dense.bias              | UNEXPECTED | 
lm_head.bias                    | UNEXPECTED | 
pooler.dense.weight             | MISSING    | 
pooler.dense.bias               | MISSING    | 

[3mNotes:
- UNEXPECTED[3m	:can be ignored when loading from different task/architecture; not ok if you expect identical arch.
- MISSING[3m	:those params were newly initialized because missing from the checkpoint. Consider training on your downstream task.[0m
[step 0001/200] method=ours loss=0.6947 train_acc=nan train_loss=nan val_acc=nan val_loss=nan best=-1.0000
[step 0010/200] method=ours loss=0.7007 train_acc=nan train_loss=nan val_acc=nan val_loss=nan best=-1.0000
[step 0020/200] method=ours loss=0.6903 train_acc=nan train_loss=nan val_acc=nan val_loss=nan best=-1.0000
[step 0030/200] method=ours loss=0.6834 train_acc=nan train_loss=nan val_acc=nan val_loss=nan best=-1.0000
[step 0040/200] method=ours loss=0.6648 train_acc=nan train_loss=nan val_acc=nan val_loss=nan best=-1.0000
[step 0050/200] method=ours loss=0.6847 train_acc=0.5032 train_loss=0.6904 val_acc=0.4765 val_loss=0.6964 router_H=0.6782 best=0.4765
           router_load=[0.32322949171066284, 0.5848075151443481, 0.0919630378484726, 0.0]
[step 0060/200] method=ours loss=0.6934 train_acc=0.5032 train_loss=0.6904 val_acc=0.4765 val_loss=0.6964 router_H=0.6782 best=0.4765
           router_load=[0.32322949171066284, 0.5848075151443481, 0.0919630378484726, 0.0]
[step 0070/200] method=ours loss=0.6982 train_acc=0.5032 train_loss=0.6904 val_acc=0.4765 val_loss=0.6964 router_H=0.6782 best=0.4765
           router_load=[0.32322949171066284, 0.5848075151443481, 0.0919630378484726, 0.0]
[step 0080/200] method=ours loss=0.6548 train_acc=0.5032 train_loss=0.6904 val_acc=0.4765 val_loss=0.6964 router_H=0.6782 best=0.4765
           router_load=[0.32322949171066284, 0.5848075151443481, 0.0919630378484726, 0.0]
[step 0090/200] method=ours loss=0.6176 train_acc=0.5032 train_loss=0.6904 val_acc=0.4765 val_loss=0.6964 router_H=0.6782 best=0.4765
           router_load=[0.32322949171066284, 0.5848075151443481, 0.0919630378484726, 0.0]
[step 0100/200] method=ours loss=0.6946 train_acc=0.6618 train_loss=0.6270 val_acc=0.6354 val_loss=0.6419 router_H=0.6285 best=0.6354
           router_load=[0.14662522077560425, 0.6698329448699951, 0.18354187905788422, 0.0]
[step 0110/200] method=ours loss=0.5745 train_acc=0.6618 train_loss=0.6270 val_acc=0.6354 val_loss=0.6419 router_H=0.6285 best=0.6354
           router_load=[0.14662522077560425, 0.6698329448699951, 0.18354187905788422, 0.0]
[step 0120/200] method=ours loss=0.6928 train_acc=0.6618 train_loss=0.6270 val_acc=0.6354 val_loss=0.6419 router_H=0.6285 best=0.6354
           router_load=[0.14662522077560425, 0.6698329448699951, 0.18354187905788422, 0.0]
[step 0130/200] method=ours loss=0.6523 train_acc=0.6618 train_loss=0.6270 val_acc=0.6354 val_loss=0.6419 router_H=0.6285 best=0.6354
           router_load=[0.14662522077560425, 0.6698329448699951, 0.18354187905788422, 0.0]
[step 0140/200] method=ours loss=0.6089 train_acc=0.6618 train_loss=0.6270 val_acc=0.6354 val_loss=0.6419 router_H=0.6285 best=0.6354
           router_load=[0.14662522077560425, 0.6698329448699951, 0.18354187905788422, 0.0]
[step 0150/200] method=ours loss=0.6628 train_acc=0.7329 train_loss=0.5735 val_acc=0.6968 val_loss=0.6152 router_H=0.6324 best=0.6968
           router_load=[0.23605544865131378, 0.6654528975486755, 0.09849166125059128, 0.0]
[step 0160/200] method=ours loss=0.6603 train_acc=0.7329 train_loss=0.5735 val_acc=0.6968 val_loss=0.6152 router_H=0.6324 best=0.6968
           router_load=[0.23605544865131378, 0.6654528975486755, 0.09849166125059128, 0.0]
[step 0170/200] method=ours loss=0.5871 train_acc=0.7329 train_loss=0.5735 val_acc=0.6968 val_loss=0.6152 router_H=0.6324 best=0.6968
           router_load=[0.23605544865131378, 0.6654528975486755, 0.09849166125059128, 0.0]
[step 0180/200] method=ours loss=0.6017 train_acc=0.7329 train_loss=0.5735 val_acc=0.6968 val_loss=0.6152 router_H=0.6324 best=0.6968
           router_load=[0.23605544865131378, 0.6654528975486755, 0.09849166125059128, 0.0]
[step 0190/200] method=ours loss=0.6859 train_acc=0.7329 train_loss=0.5735 val_acc=0.6968 val_loss=0.6152 router_H=0.6324 best=0.6968
           router_load=[0.23605544865131378, 0.6654528975486755, 0.09849166125059128, 0.0]
[step 0200/200] method=ours loss=0.3938 train_acc=0.7606 train_loss=0.5020 val_acc=0.7004 val_loss=0.5752 router_H=0.5547 best=0.7004
           router_load=[0.1894257515668869, 0.7435568571090698, 0.06701719015836716, 0.0]
saved summary -> /root/Optimization/MOE-grad-conflict-routing/runs/paper_suite_supplement/single_task_add_rerun/rerun/roberta_rte_ffn_e4_k2_ours_lr_centered/hpo/ours/trial_runs/local_var_topk_022/ours_s3.json
saved curve -> /root/Optimization/MOE-grad-conflict-routing/runs/paper_suite_supplement/single_task_add_rerun/rerun/roberta_rte_ffn_e4_k2_ours_lr_centered/hpo/ours/trial_runs/local_var_topk_022/ours_s3_curve.csv
