[run] method=ours candidate=local_var_topk_031 seed=2 steps=200 gpu=0
[run] cmd=
/root/miniconda3/envs/optimization/bin/python /root/Optimization/MOE-grad-conflict-routing/scripts/run.py --config configs/singletask_rte_real.yaml --set model.backbone_backend=hf --set model.hf_load_pretrained=true --set model.backbone=roberta --set model.hf_pretrained_name=roberta-base --set model.expert_type=ffn --set model.routing_mode=topk --set model.num_experts=4 --set model.top_k=2 --set train.lr=2.5551784142791192e-05 --set seed=2 --set method.name=ours --set train.steps=200 --set train.eval_every_steps=50 --set method.ours.use_load_norm=true --set method.ours.lambda_align=0.0116630131 --set train.grad_clip=0.5690175238 --set train.lr=1.9805331e-05 --set train.weight_decay=0.01262791402 --out /root/Optimization/MOE-grad-conflict-routing/runs/paper_suite_supplement/single_task_add_rerun/rerun/roberta_rte_ffn_e4_k2_ours_lr_centered/hpo/ours/trial_runs/local_var_topk_031/ours_s2.json --curve_out /root/Optimization/MOE-grad-conflict-routing/runs/paper_suite_supplement/single_task_add_rerun/rerun/roberta_rte_ffn_e4_k2_ours_lr_centered/hpo/ours/trial_runs/local_var_topk_031/ours_s2_curve.csv
Using the latest cached version of the dataset since glue couldn't be found on the Hugging Face Hub (offline mode is enabled).
Found the latest cached dataset configuration 'rte' at /root/.cache/huggingface/datasets/glue/rte/0.0.0/bcdcba79d07bc864c1c254ccfcedcce55bcc9a8c (last modified on Sun Mar 22 21:39:13 2026).
Loading weights:   0%|          | 0/197 [00:00<?, ?it/s]Loading weights: 100%|██████████| 197/197 [00:00<00:00, 7165.96it/s]
[1mRobertaModel LOAD REPORT[0m from: roberta-base
Key                             | Status     | 
--------------------------------+------------+-
lm_head.bias                    | UNEXPECTED | 
lm_head.layer_norm.weight       | UNEXPECTED | 
roberta.embeddings.position_ids | UNEXPECTED | 
lm_head.dense.weight            | UNEXPECTED | 
lm_head.dense.bias              | UNEXPECTED | 
lm_head.layer_norm.bias         | UNEXPECTED | 
pooler.dense.weight             | MISSING    | 
pooler.dense.bias               | MISSING    | 

[3mNotes:
- UNEXPECTED[3m	:can be ignored when loading from different task/architecture; not ok if you expect identical arch.
- MISSING[3m	:those params were newly initialized because missing from the checkpoint. Consider training on your downstream task.[0m
[step 0001/200] method=ours loss=0.6930 train_acc=nan train_loss=nan val_acc=nan val_loss=nan best=-1.0000
[step 0010/200] method=ours loss=0.7210 train_acc=nan train_loss=nan val_acc=nan val_loss=nan best=-1.0000
[step 0020/200] method=ours loss=0.6799 train_acc=nan train_loss=nan val_acc=nan val_loss=nan best=-1.0000
[step 0030/200] method=ours loss=0.6905 train_acc=nan train_loss=nan val_acc=nan val_loss=nan best=-1.0000
[step 0040/200] method=ours loss=0.6956 train_acc=nan train_loss=nan val_acc=nan val_loss=nan best=-1.0000
[step 0050/200] method=ours loss=0.5603 train_acc=0.5016 train_loss=0.6891 val_acc=0.5271 val_loss=0.6804 router_H=0.6721 best=0.5271
           router_load=[0.0044664740562438965, 0.5795589685440063, 0.14462746679782867, 0.2713470458984375]
[step 0060/200] method=ours loss=0.6894 train_acc=0.5016 train_loss=0.6891 val_acc=0.5271 val_loss=0.6804 router_H=0.6721 best=0.5271
           router_load=[0.0044664740562438965, 0.5795589685440063, 0.14462746679782867, 0.2713470458984375]
[step 0070/200] method=ours loss=0.6983 train_acc=0.5016 train_loss=0.6891 val_acc=0.5271 val_loss=0.6804 router_H=0.6721 best=0.5271
           router_load=[0.0044664740562438965, 0.5795589685440063, 0.14462746679782867, 0.2713470458984375]
[step 0080/200] method=ours loss=0.7136 train_acc=0.5016 train_loss=0.6891 val_acc=0.5271 val_loss=0.6804 router_H=0.6721 best=0.5271
           router_load=[0.0044664740562438965, 0.5795589685440063, 0.14462746679782867, 0.2713470458984375]
[step 0090/200] method=ours loss=0.7252 train_acc=0.5016 train_loss=0.6891 val_acc=0.5271 val_loss=0.6804 router_H=0.6721 best=0.5271
           router_load=[0.0044664740562438965, 0.5795589685440063, 0.14462746679782867, 0.2713470458984375]
[step 0100/200] method=ours loss=0.6871 train_acc=0.6422 train_loss=0.6465 val_acc=0.5921 val_loss=0.6644 router_H=0.6795 best=0.5921
           router_load=[0.006935909856110811, 0.5082047581672668, 0.0, 0.48485931754112244]
[step 0110/200] method=ours loss=0.6493 train_acc=0.6422 train_loss=0.6465 val_acc=0.5921 val_loss=0.6644 router_H=0.6795 best=0.5921
           router_load=[0.006935909856110811, 0.5082047581672668, 0.0, 0.48485931754112244]
[step 0120/200] method=ours loss=0.6008 train_acc=0.6422 train_loss=0.6465 val_acc=0.5921 val_loss=0.6644 router_H=0.6795 best=0.5921
           router_load=[0.006935909856110811, 0.5082047581672668, 0.0, 0.48485931754112244]
[step 0130/200] method=ours loss=0.6157 train_acc=0.6422 train_loss=0.6465 val_acc=0.5921 val_loss=0.6644 router_H=0.6795 best=0.5921
           router_load=[0.006935909856110811, 0.5082047581672668, 0.0, 0.48485931754112244]
[step 0140/200] method=ours loss=0.7289 train_acc=0.6422 train_loss=0.6465 val_acc=0.5921 val_loss=0.6644 router_H=0.6795 best=0.5921
           router_load=[0.006935909856110811, 0.5082047581672668, 0.0, 0.48485931754112244]
[step 0150/200] method=ours loss=0.5670 train_acc=0.7261 train_loss=0.5845 val_acc=0.6751 val_loss=0.6134 router_H=0.5819 best=0.6751
           router_load=[0.019694583490490913, 0.6602830290794373, 0.0, 0.32002249360084534]
[step 0160/200] method=ours loss=0.6245 train_acc=0.7261 train_loss=0.5845 val_acc=0.6751 val_loss=0.6134 router_H=0.5819 best=0.6751
           router_load=[0.019694583490490913, 0.6602830290794373, 0.0, 0.32002249360084534]
[step 0170/200] method=ours loss=0.4036 train_acc=0.7261 train_loss=0.5845 val_acc=0.6751 val_loss=0.6134 router_H=0.5819 best=0.6751
           router_load=[0.019694583490490913, 0.6602830290794373, 0.0, 0.32002249360084534]
[step 0180/200] method=ours loss=0.4999 train_acc=0.7261 train_loss=0.5845 val_acc=0.6751 val_loss=0.6134 router_H=0.5819 best=0.6751
           router_load=[0.019694583490490913, 0.6602830290794373, 0.0, 0.32002249360084534]
[step 0190/200] method=ours loss=0.6039 train_acc=0.7261 train_loss=0.5845 val_acc=0.6751 val_loss=0.6134 router_H=0.5819 best=0.6751
           router_load=[0.019694583490490913, 0.6602830290794373, 0.0, 0.32002249360084534]
[step 0200/200] method=ours loss=0.5788 train_acc=0.8040 train_loss=0.4378 val_acc=0.7473 val_loss=0.5221 router_H=0.5297 best=0.7473
           router_load=[0.03883133456110954, 0.48298877477645874, 0.0, 0.4781798720359802]
saved summary -> /root/Optimization/MOE-grad-conflict-routing/runs/paper_suite_supplement/single_task_add_rerun/rerun/roberta_rte_ffn_e4_k2_ours_lr_centered/hpo/ours/trial_runs/local_var_topk_031/ours_s2.json
saved curve -> /root/Optimization/MOE-grad-conflict-routing/runs/paper_suite_supplement/single_task_add_rerun/rerun/roberta_rte_ffn_e4_k2_ours_lr_centered/hpo/ours/trial_runs/local_var_topk_031/ours_s2_curve.csv
