[run] method=ours candidate=coord_03_train_grad_clip_011 seed=2 steps=150 gpu=0
[run] cmd=
/home/zhujjing/anaconda3/envs/moe/bin/python /home/zhujjing/MOE-grad-conflict-routing/scripts/run.py --config configs/singletask_sst2_real.yaml --set model.backbone_backend=hf --set model.hf_load_pretrained=true --set model.backbone=roberta --set model.hf_pretrained_name=roberta-base --set model.expert_type=ffn --set model.routing_mode=topk --set model.num_experts=4 --set model.top_k=2 --set seed=2 --set method.name=ours --set train.steps=150 --set train.eval_every_steps=50 --set method.ours.use_load_norm=true --set method.ours.lambda_align=0.001 --set train.grad_clip=0.8709011209 --set train.lr=2.166929843e-05 --set train.weight_decay=0.01547655633 --out /home/zhujjing/MOE-grad-conflict-routing/runs/paper_suite/single_gpu/single_task/roberta_sst2_ffn_e4_k2/hpo/ours/trial_runs/coord_03_train_grad_clip_011/ours_s2.json --curve_out /home/zhujjing/MOE-grad-conflict-routing/runs/paper_suite/single_gpu/single_task/roberta_sst2_ffn_e4_k2/hpo/ours/trial_runs/coord_03_train_grad_clip_011/ours_s2_curve.csv
Using the latest cached version of the dataset since glue couldn't be found on the Hugging Face Hub (offline mode is enabled).
Found the latest cached dataset configuration 'sst2' at /home/zhujjing/hf_cache/datasets/glue/sst2/0.0.0/bcdcba79d07bc864c1c254ccfcedcce55bcc9a8c (last modified on Thu Mar 19 15:01:41 2026).
/home/zhujjing/anaconda3/envs/moe/lib/python3.10/site-packages/transformers/utils/hub.py:124: FutureWarning: Using `TRANSFORMERS_CACHE` is deprecated and will be removed in v5 of Transformers. Use `HF_HOME` instead.
  warnings.warn(
Some weights of RobertaModel were not initialized from the model checkpoint at roberta-base and are newly initialized: ['roberta.pooler.dense.bias', 'roberta.pooler.dense.weight']
You should probably TRAIN this model on a down-stream task to be able to use it for predictions and inference.
[step 0001/150] method=ours loss=0.6703 train_acc=nan train_loss=nan val_acc=nan val_loss=nan best=-1.0000
[step 0010/150] method=ours loss=0.7182 train_acc=nan train_loss=nan val_acc=nan val_loss=nan best=-1.0000
[step 0020/150] method=ours loss=0.6040 train_acc=nan train_loss=nan val_acc=nan val_loss=nan best=-1.0000
[step 0030/150] method=ours loss=0.5220 train_acc=nan train_loss=nan val_acc=nan val_loss=nan best=-1.0000
[step 0040/150] method=ours loss=0.2482 train_acc=nan train_loss=nan val_acc=nan val_loss=nan best=-1.0000
[step 0050/150] method=ours loss=0.2233 train_acc=0.8721 train_loss=0.3678 val_acc=0.8670 val_loss=0.4050 router_H=0.3886 best=0.8670
           router_load=[0.06557159125804901, 0.3078630864620209, 0.004807989578694105, 0.6217573881149292]
[step 0060/150] method=ours loss=0.2547 train_acc=0.8721 train_loss=0.3678 val_acc=0.8670 val_loss=0.4050 router_H=0.3886 best=0.8670
           router_load=[0.06557159125804901, 0.3078630864620209, 0.004807989578694105, 0.6217573881149292]
[step 0070/150] method=ours loss=0.2664 train_acc=0.8721 train_loss=0.3678 val_acc=0.8670 val_loss=0.4050 router_H=0.3886 best=0.8670
           router_load=[0.06557159125804901, 0.3078630864620209, 0.004807989578694105, 0.6217573881149292]
[step 0080/150] method=ours loss=0.4833 train_acc=0.8721 train_loss=0.3678 val_acc=0.8670 val_loss=0.4050 router_H=0.3886 best=0.8670
           router_load=[0.06557159125804901, 0.3078630864620209, 0.004807989578694105, 0.6217573881149292]
[step 0090/150] method=ours loss=0.4882 train_acc=0.8721 train_loss=0.3678 val_acc=0.8670 val_loss=0.4050 router_H=0.3886 best=0.8670
           router_load=[0.06557159125804901, 0.3078630864620209, 0.004807989578694105, 0.6217573881149292]
[step 0100/150] method=ours loss=0.6825 train_acc=0.7673 train_loss=0.5418 val_acc=0.7362 val_loss=0.5959 router_H=0.3539 best=0.8670
           router_load=[0.002774554770439863, 0.1295126974582672, 0.03312966972589493, 0.8345829248428345]
[step 0110/150] method=ours loss=0.3614 train_acc=0.7673 train_loss=0.5418 val_acc=0.7362 val_loss=0.5959 router_H=0.3539 best=0.8670
           router_load=[0.002774554770439863, 0.1295126974582672, 0.03312966972589493, 0.8345829248428345]
[step 0120/150] method=ours loss=0.3915 train_acc=0.7673 train_loss=0.5418 val_acc=0.7362 val_loss=0.5959 router_H=0.3539 best=0.8670
           router_load=[0.002774554770439863, 0.1295126974582672, 0.03312966972589493, 0.8345829248428345]
[step 0130/150] method=ours loss=0.3982 train_acc=0.7673 train_loss=0.5418 val_acc=0.7362 val_loss=0.5959 router_H=0.3539 best=0.8670
           router_load=[0.002774554770439863, 0.1295126974582672, 0.03312966972589493, 0.8345829248428345]
[step 0140/150] method=ours loss=0.5667 train_acc=0.7673 train_loss=0.5418 val_acc=0.7362 val_loss=0.5959 router_H=0.3539 best=0.8670
           router_load=[0.002774554770439863, 0.1295126974582672, 0.03312966972589493, 0.8345829248428345]
[step 0150/150] method=ours loss=0.4019 train_acc=0.8908 train_loss=0.3023 val_acc=0.9060 val_loss=0.2770 router_H=0.5543 best=0.9060
           router_load=[0.00023231668455991894, 0.26786577701568604, 0.08225291967391968, 0.6496490240097046]
saved summary -> /home/zhujjing/MOE-grad-conflict-routing/runs/paper_suite/single_gpu/single_task/roberta_sst2_ffn_e4_k2/hpo/ours/trial_runs/coord_03_train_grad_clip_011/ours_s2.json
saved curve -> /home/zhujjing/MOE-grad-conflict-routing/runs/paper_suite/single_gpu/single_task/roberta_sst2_ffn_e4_k2/hpo/ours/trial_runs/coord_03_train_grad_clip_011/ours_s2_curve.csv
