[run] method=ours candidate=coord_03_train_grad_clip_017 seed=3 steps=150 gpu=0
[run] cmd=
/home/zhujjing/anaconda3/envs/moe/bin/python /home/zhujjing/MOE-grad-conflict-routing/scripts/run.py --config configs/singletask_sst2_real.yaml --set model.backbone_backend=hf --set model.hf_load_pretrained=true --set model.backbone=roberta --set model.hf_pretrained_name=roberta-base --set model.expert_type=ffn --set model.routing_mode=topk --set model.num_experts=4 --set model.top_k=2 --set seed=3 --set method.name=ours --set train.steps=150 --set train.eval_every_steps=50 --set method.ours.use_load_norm=true --set method.ours.lambda_align=0.001 --set train.grad_clip=0.8874671569 --set train.lr=2.166929843e-05 --set train.weight_decay=0.01547655633 --out /home/zhujjing/MOE-grad-conflict-routing/runs/paper_suite/single_gpu/single_task/roberta_sst2_ffn_e4_k2/hpo/ours/trial_runs/coord_03_train_grad_clip_017/ours_s3.json --curve_out /home/zhujjing/MOE-grad-conflict-routing/runs/paper_suite/single_gpu/single_task/roberta_sst2_ffn_e4_k2/hpo/ours/trial_runs/coord_03_train_grad_clip_017/ours_s3_curve.csv
Using the latest cached version of the dataset since glue couldn't be found on the Hugging Face Hub (offline mode is enabled).
Found the latest cached dataset configuration 'sst2' at /home/zhujjing/hf_cache/datasets/glue/sst2/0.0.0/bcdcba79d07bc864c1c254ccfcedcce55bcc9a8c (last modified on Thu Mar 19 15:01:41 2026).
/home/zhujjing/anaconda3/envs/moe/lib/python3.10/site-packages/transformers/utils/hub.py:124: FutureWarning: Using `TRANSFORMERS_CACHE` is deprecated and will be removed in v5 of Transformers. Use `HF_HOME` instead.
  warnings.warn(
Some weights of RobertaModel were not initialized from the model checkpoint at roberta-base and are newly initialized: ['roberta.pooler.dense.bias', 'roberta.pooler.dense.weight']
You should probably TRAIN this model on a down-stream task to be able to use it for predictions and inference.
[step 0001/150] method=ours loss=0.7129 train_acc=nan train_loss=nan val_acc=nan val_loss=nan best=-1.0000
[step 0010/150] method=ours loss=0.6582 train_acc=nan train_loss=nan val_acc=nan val_loss=nan best=-1.0000
[step 0020/150] method=ours loss=0.5970 train_acc=nan train_loss=nan val_acc=nan val_loss=nan best=-1.0000
[step 0030/150] method=ours loss=0.5404 train_acc=nan train_loss=nan val_acc=nan val_loss=nan best=-1.0000
[step 0040/150] method=ours loss=0.6427 train_acc=nan train_loss=nan val_acc=nan val_loss=nan best=-1.0000
[step 0050/150] method=ours loss=0.5594 train_acc=0.8576 train_loss=0.3670 val_acc=0.8406 val_loss=0.3838 router_H=0.3017 best=0.8406
           router_load=[0.9013482928276062, 0.017022332176566124, 0.052673548460006714, 0.028955671936273575]
[step 0060/150] method=ours loss=0.5705 train_acc=0.8576 train_loss=0.3670 val_acc=0.8406 val_loss=0.3838 router_H=0.3017 best=0.8406
           router_load=[0.9013482928276062, 0.017022332176566124, 0.052673548460006714, 0.028955671936273575]
[step 0070/150] method=ours loss=0.4612 train_acc=0.8576 train_loss=0.3670 val_acc=0.8406 val_loss=0.3838 router_H=0.3017 best=0.8406
           router_load=[0.9013482928276062, 0.017022332176566124, 0.052673548460006714, 0.028955671936273575]
[step 0080/150] method=ours loss=0.3179 train_acc=0.8576 train_loss=0.3670 val_acc=0.8406 val_loss=0.3838 router_H=0.3017 best=0.8406
           router_load=[0.9013482928276062, 0.017022332176566124, 0.052673548460006714, 0.028955671936273575]
[step 0090/150] method=ours loss=0.2936 train_acc=0.8576 train_loss=0.3670 val_acc=0.8406 val_loss=0.3838 router_H=0.3017 best=0.8406
           router_load=[0.9013482928276062, 0.017022332176566124, 0.052673548460006714, 0.028955671936273575]
[step 0100/150] method=ours loss=0.5242 train_acc=0.8711 train_loss=0.3647 val_acc=0.8807 val_loss=0.3120 router_H=0.2946 best=0.8807
           router_load=[0.9065317511558533, 0.007341085933148861, 0.04171993210911751, 0.04440712183713913]
[step 0110/150] method=ours loss=0.3669 train_acc=0.8711 train_loss=0.3647 val_acc=0.8807 val_loss=0.3120 router_H=0.2946 best=0.8807
           router_load=[0.9065317511558533, 0.007341085933148861, 0.04171993210911751, 0.04440712183713913]
[step 0120/150] method=ours loss=0.4063 train_acc=0.8711 train_loss=0.3647 val_acc=0.8807 val_loss=0.3120 router_H=0.2946 best=0.8807
           router_load=[0.9065317511558533, 0.007341085933148861, 0.04171993210911751, 0.04440712183713913]
[step 0130/150] method=ours loss=0.5175 train_acc=0.8711 train_loss=0.3647 val_acc=0.8807 val_loss=0.3120 router_H=0.2946 best=0.8807
           router_load=[0.9065317511558533, 0.007341085933148861, 0.04171993210911751, 0.04440712183713913]
[step 0140/150] method=ours loss=0.1713 train_acc=0.8711 train_loss=0.3647 val_acc=0.8807 val_loss=0.3120 router_H=0.2946 best=0.8807
           router_load=[0.9065317511558533, 0.007341085933148861, 0.04171993210911751, 0.04440712183713913]
[step 0150/150] method=ours loss=0.2454 train_acc=0.8900 train_loss=0.3457 val_acc=0.9037 val_loss=0.2925 router_H=0.3077 best=0.9037
           router_load=[0.892301619052887, 0.014785295352339745, 0.021420694887638092, 0.07149253040552139]
saved summary -> /home/zhujjing/MOE-grad-conflict-routing/runs/paper_suite/single_gpu/single_task/roberta_sst2_ffn_e4_k2/hpo/ours/trial_runs/coord_03_train_grad_clip_017/ours_s3.json
saved curve -> /home/zhujjing/MOE-grad-conflict-routing/runs/paper_suite/single_gpu/single_task/roberta_sst2_ffn_e4_k2/hpo/ours/trial_runs/coord_03_train_grad_clip_017/ours_s3_curve.csv
