[probe] phase=baseline:coord:train.weight_decay gpu=0
[probe] cmd=
/root/miniconda3/envs/optimization/bin/python /root/Optimization/MOE-grad-conflict-routing/scripts/run.py --config configs/singletask_cola_real.yaml --set train.eval_train_fraction=0.1 --set model.backbone_backend=hf --set model.hf_load_pretrained=true --set model.hf_local_files_only=true --set model.backbone=roberta --set model.hf_pretrained_name=roberta-base --set model.expert_type=lora --set model.routing_mode=topk --set model.num_experts=4 --set model.top_k=2 --set seed=2 --set method.name=baseline_avg --set train.steps=100 --set train.eval_every_steps=0 --set train.grad_clip=1 --set train.lr=1.263268742e-05 --set train.weight_decay=0.01 --out /tmp/moe_probe_nr3xixgn/probe_summary.json --curve_out /tmp/moe_probe_nr3xixgn/probe_curve.csv
Using the latest cached version of the dataset since glue couldn't be found on the Hugging Face Hub (offline mode is enabled).
Found the latest cached dataset configuration 'cola' at /root/.cache/huggingface/datasets/glue/cola/0.0.0/bcdcba79d07bc864c1c254ccfcedcce55bcc9a8c (last modified on Mon Mar 23 09:28:48 2026).
Loading weights:   0%|          | 0/197 [00:00<?, ?it/s]Loading weights: 100%|██████████| 197/197 [00:00<00:00, 12602.04it/s]
[1mRobertaModel LOAD REPORT[0m from: roberta-base
Key                             | Status     | 
--------------------------------+------------+-
lm_head.dense.bias              | UNEXPECTED | 
lm_head.layer_norm.bias         | UNEXPECTED | 
lm_head.layer_norm.weight       | UNEXPECTED | 
roberta.embeddings.position_ids | UNEXPECTED | 
lm_head.bias                    | UNEXPECTED | 
lm_head.dense.weight            | UNEXPECTED | 
pooler.dense.bias               | MISSING    | 
pooler.dense.weight             | MISSING    | 

[3mNotes:
- UNEXPECTED[3m	:can be ignored when loading from different task/architecture; not ok if you expect identical arch.
- MISSING[3m	:those params were newly initialized because missing from the checkpoint. Consider training on your downstream task.[0m
[step 0001/100] method=baseline_avg loss=0.6943 train_acc=nan train_loss=nan val_acc=nan val_loss=nan best=-1.0000
[step 0010/100] method=baseline_avg loss=0.5200 train_acc=nan train_loss=nan val_acc=nan val_loss=nan best=-1.0000
[step 0020/100] method=baseline_avg loss=0.6843 train_acc=nan train_loss=nan val_acc=nan val_loss=nan best=-1.0000
[step 0030/100] method=baseline_avg loss=0.5464 train_acc=nan train_loss=nan val_acc=nan val_loss=nan best=-1.0000
[step 0040/100] method=baseline_avg loss=0.4579 train_acc=nan train_loss=nan val_acc=nan val_loss=nan best=-1.0000
[step 0050/100] method=baseline_avg loss=0.4931 train_acc=nan train_loss=nan val_acc=nan val_loss=nan best=-1.0000
[step 0060/100] method=baseline_avg loss=0.4963 train_acc=nan train_loss=nan val_acc=nan val_loss=nan best=-1.0000
[step 0070/100] method=baseline_avg loss=0.5319 train_acc=nan train_loss=nan val_acc=nan val_loss=nan best=-1.0000
[step 0080/100] method=baseline_avg loss=0.4960 train_acc=nan train_loss=nan val_acc=nan val_loss=nan best=-1.0000
[step 0090/100] method=baseline_avg loss=0.5861 train_acc=nan train_loss=nan val_acc=nan val_loss=nan best=-1.0000
[step 0100/100] method=baseline_avg loss=0.4914 train_acc=0.8275 train_loss=0.4293 val_acc=0.8044 val_loss=0.4907 router_H=0.6218 best=0.8044
           router_load=[0.6727728843688965, 0.12292809784412384, 0.053770262748003006, 0.15052877366542816]
saved summary -> /tmp/moe_probe_nr3xixgn/probe_summary.json
saved curve -> /tmp/moe_probe_nr3xixgn/probe_curve.csv
