
[method] ours -> ours
[ours:coord:train.lr] launch jobs=24 gpus=[0]
[progress] [------------------------]   0.00% phase=- jobs=0/24 failed=0 eta=n/a event=plan_add
[progress] [------------------------]   0.00% phase=ours:coord:train.lr jobs=0/24 failed=0 eta=n/a event=phase_start
[ours:coord:train.lr] group launch jobs=24 slots={0: 1}
[progress] [#-----------------------]   4.17% phase=ours:coord:train.lr jobs=1/24 failed=0 eta=03:10:32 event=job_done
[progress] [##----------------------]   8.33% phase=ours:coord:train.lr jobs=2/24 failed=0 eta=03:04:13 event=job_done
[progress] [###---------------------]  12.50% phase=ours:coord:train.lr jobs=3/24 failed=0 eta=02:56:46 event=job_done
[progress] [####--------------------]  16.67% phase=ours:coord:train.lr jobs=4/24 failed=0 eta=02:45:08 event=job_done
[progress] [#####-------------------]  20.83% phase=ours:coord:train.lr jobs=5/24 failed=0 eta=02:34:34 event=job_done
[progress] [######------------------]  25.00% phase=ours:coord:train.lr jobs=6/24 failed=0 eta=02:27:17 event=job_done
[progress] [#######-----------------]  29.17% phase=ours:coord:train.lr jobs=7/24 failed=0 eta=02:18:34 event=job_done
[progress] [########----------------]  33.33% phase=ours:coord:train.lr jobs=8/24 failed=0 eta=02:10:58 event=job_done
[progress] [#########---------------]  37.50% phase=ours:coord:train.lr jobs=9/24 failed=0 eta=02:02:43 event=job_done
[progress] [##########--------------]  41.67% phase=ours:coord:train.lr jobs=10/24 failed=0 eta=01:54:38 event=job_done
[progress] [###########-------------]  45.83% phase=ours:coord:train.lr jobs=11/24 failed=0 eta=01:46:23 event=job_done
[progress] [############------------]  50.00% phase=ours:coord:train.lr jobs=12/24 failed=0 eta=01:38:28 event=job_done
[progress] [#############-----------]  54.17% phase=ours:coord:train.lr jobs=13/24 failed=0 eta=01:30:51 event=job_done
[progress] [##############----------]  58.33% phase=ours:coord:train.lr jobs=14/24 failed=0 eta=01:22:43 event=job_done
[progress] [###############---------]  62.50% phase=ours:coord:train.lr jobs=15/24 failed=0 eta=01:14:14 event=job_done
[progress] [################--------]  66.67% phase=ours:coord:train.lr jobs=16/24 failed=0 eta=01:05:56 event=job_done
[progress] [#################-------]  70.83% phase=ours:coord:train.lr jobs=17/24 failed=0 eta=00:57:33 event=job_done
[progress] [##################------]  75.00% phase=ours:coord:train.lr jobs=18/24 failed=0 eta=00:49:21 event=job_done
[progress] [###################-----]  79.17% phase=ours:coord:train.lr jobs=19/24 failed=0 eta=00:41:13 event=job_done
[progress] [####################----]  83.33% phase=ours:coord:train.lr jobs=20/24 failed=0 eta=00:32:45 event=job_done
[progress] [#####################---]  87.50% phase=ours:coord:train.lr jobs=21/24 failed=0 eta=00:24:38 event=job_done
[progress] [######################--]  91.67% phase=ours:coord:train.lr jobs=22/24 failed=0 eta=00:16:27 event=job_done
[progress] [#######################-]  95.83% phase=ours:coord:train.lr jobs=23/24 failed=0 eta=00:08:13 event=job_done
[progress] [########################] 100.00% phase=ours:coord:train.lr jobs=24/24 failed=0 eta=n/a event=job_done
[progress] [########################] 100.00% phase=- jobs=24/24 failed=0 eta=n/a event=phase_end
[ours:coord:train.weight_decay] launch jobs=24 gpus=[0]
[progress] [############------------]  50.00% phase=- jobs=24/48 failed=0 eta=03:17:59 event=plan_add
[progress] [############------------]  50.00% phase=ours:coord:train.weight_decay jobs=24/48 failed=0 eta=03:17:59 event=phase_start
[ours:coord:train.weight_decay] group launch jobs=24 slots={0: 1}
[progress] [############------------]  52.08% phase=ours:coord:train.weight_decay jobs=25/48 failed=0 eta=03:09:54 event=job_done
[progress] [#############-----------]  54.17% phase=ours:coord:train.weight_decay jobs=26/48 failed=0 eta=03:00:59 event=job_done
[progress] [##############----------]  56.25% phase=ours:coord:train.weight_decay jobs=27/48 failed=0 eta=02:52:37 event=job_done
[progress] [##############----------]  58.33% phase=ours:coord:train.weight_decay jobs=28/48 failed=0 eta=02:44:44 event=job_done
[progress] [##############----------]  60.42% phase=ours:coord:train.weight_decay jobs=29/48 failed=0 eta=02:36:25 event=job_done
[progress] [###############---------]  62.50% phase=ours:coord:train.weight_decay jobs=30/48 failed=0 eta=02:28:16 event=job_done
[progress] [###############---------]  64.58% phase=ours:coord:train.weight_decay jobs=31/48 failed=0 eta=02:19:54 event=job_done
[progress] [################--------]  66.67% phase=ours:coord:train.weight_decay jobs=32/48 failed=0 eta=02:11:41 event=job_done
[progress] [################--------]  68.75% phase=ours:coord:train.weight_decay jobs=33/48 failed=0 eta=02:03:39 event=job_done
[progress] [#################-------]  70.83% phase=ours:coord:train.weight_decay jobs=34/48 failed=0 eta=01:55:27 event=job_done
[progress] [##################------]  72.92% phase=ours:coord:train.weight_decay jobs=35/48 failed=0 eta=01:47:13 event=job_done
[progress] [##################------]  75.00% phase=ours:coord:train.weight_decay jobs=36/48 failed=0 eta=01:38:49 event=job_done
[progress] [##################------]  77.08% phase=ours:coord:train.weight_decay jobs=37/48 failed=0 eta=01:30:26 event=job_done
[progress] [###################-----]  79.17% phase=ours:coord:train.weight_decay jobs=38/48 failed=0 eta=01:22:22 event=job_done
[progress] [####################----]  81.25% phase=ours:coord:train.weight_decay jobs=39/48 failed=0 eta=01:14:04 event=job_done
[progress] [####################----]  83.33% phase=ours:coord:train.weight_decay jobs=40/48 failed=0 eta=01:05:57 event=job_done
[progress] [####################----]  85.42% phase=ours:coord:train.weight_decay jobs=41/48 failed=0 eta=00:57:43 event=job_done
[progress] [#####################---]  87.50% phase=ours:coord:train.weight_decay jobs=42/48 failed=0 eta=00:49:30 event=job_done
[progress] [######################--]  89.58% phase=ours:coord:train.weight_decay jobs=43/48 failed=0 eta=00:41:14 event=job_done
[progress] [######################--]  91.67% phase=ours:coord:train.weight_decay jobs=44/48 failed=0 eta=00:32:59 event=job_done
[progress] [######################--]  93.75% phase=ours:coord:train.weight_decay jobs=45/48 failed=0 eta=00:24:44 event=job_done
[progress] [#######################-]  95.83% phase=ours:coord:train.weight_decay jobs=46/48 failed=0 eta=00:16:30 event=job_done
[progress] [########################]  97.92% phase=ours:coord:train.weight_decay jobs=47/48 failed=0 eta=00:08:13 event=job_done
[progress] [########################] 100.00% phase=ours:coord:train.weight_decay jobs=48/48 failed=0 eta=n/a event=job_done
[progress] [########################] 100.00% phase=- jobs=48/48 failed=0 eta=n/a event=phase_end
[ours:coord:train.grad_clip] launch jobs=24 gpus=[0]
[progress] [################--------]  66.67% phase=- jobs=48/72 failed=0 eta=03:17:13 event=plan_add
[progress] [################--------]  66.67% phase=ours:coord:train.grad_clip jobs=48/72 failed=0 eta=03:17:13 event=phase_start
[ours:coord:train.grad_clip] group launch jobs=24 slots={0: 1}
[progress] [################--------]  68.06% phase=ours:coord:train.grad_clip jobs=49/72 failed=0 eta=03:09:46 event=job_done
[progress] [#################-------]  69.44% phase=ours:coord:train.grad_clip jobs=50/72 failed=0 eta=03:02:24 event=job_done
[progress] [#################-------]  70.83% phase=ours:coord:train.grad_clip jobs=51/72 failed=0 eta=02:54:53 event=job_done
[progress] [#################-------]  72.22% phase=ours:coord:train.grad_clip jobs=52/72 failed=0 eta=02:47:10 event=job_done
[progress] [##################------]  73.61% phase=ours:coord:train.grad_clip jobs=53/72 failed=0 eta=02:39:20 event=job_done
[progress] [##################------]  75.00% phase=ours:coord:train.grad_clip jobs=54/72 failed=0 eta=02:31:34 event=job_done
[progress] [##################------]  76.39% phase=ours:coord:train.grad_clip jobs=55/72 failed=0 eta=02:23:41 event=job_done
[progress] [###################-----]  77.78% phase=ours:coord:train.grad_clip jobs=56/72 failed=0 eta=02:15:39 event=job_done
[progress] [###################-----]  79.17% phase=ours:coord:train.grad_clip jobs=57/72 failed=0 eta=02:07:31 event=job_done
[progress] [###################-----]  80.56% phase=ours:coord:train.grad_clip jobs=58/72 failed=0 eta=01:59:12 event=job_done
[progress] [####################----]  81.94% phase=ours:coord:train.grad_clip jobs=59/72 failed=0 eta=01:51:02 event=job_done
[progress] [####################----]  83.33% phase=ours:coord:train.grad_clip jobs=60/72 failed=0 eta=01:42:54 event=job_done
[progress] [####################----]  84.72% phase=ours:coord:train.grad_clip jobs=61/72 failed=0 eta=01:34:40 event=job_done
[progress] [#####################---]  86.11% phase=ours:coord:train.grad_clip jobs=62/72 failed=0 eta=01:26:20 event=job_done
[progress] [#####################---]  87.50% phase=ours:coord:train.grad_clip jobs=63/72 failed=0 eta=01:17:57 event=job_done
[progress] [#####################---]  88.89% phase=ours:coord:train.grad_clip jobs=64/72 failed=0 eta=01:09:29 event=job_done
[progress] [######################--]  90.28% phase=ours:coord:train.grad_clip jobs=65/72 failed=0 eta=01:00:59 event=job_done
[progress] [######################--]  91.67% phase=ours:coord:train.grad_clip jobs=66/72 failed=0 eta=00:52:25 event=job_done
[progress] [######################--]  93.06% phase=ours:coord:train.grad_clip jobs=67/72 failed=0 eta=00:43:45 event=job_done
[progress] [#######################-]  94.44% phase=ours:coord:train.grad_clip jobs=68/72 failed=0 eta=00:35:04 event=job_done
[progress] [#######################-]  95.83% phase=ours:coord:train.grad_clip jobs=69/72 failed=0 eta=00:26:21 event=job_done
[progress] [#######################-]  97.22% phase=ours:coord:train.grad_clip jobs=70/72 failed=0 eta=00:17:36 event=job_done
[progress] [########################]  98.61% phase=ours:coord:train.grad_clip jobs=71/72 failed=0 eta=00:08:49 event=job_done
[progress] [########################] 100.00% phase=ours:coord:train.grad_clip jobs=72/72 failed=0 eta=n/a event=job_done
[progress] [########################] 100.00% phase=- jobs=72/72 failed=0 eta=n/a event=phase_end
[ours:coord:method.ours.lambda_align] launch jobs=24 gpus=[0]
[progress] [##################------]  75.00% phase=- jobs=72/96 failed=0 eta=03:32:27 event=plan_add
[progress] [##################------]  75.00% phase=ours:coord:method.ours.lambda_align jobs=72/96 failed=0 eta=03:32:27 event=phase_start
[ours:coord:method.ours.lambda_align] group launch jobs=24 slots={0: 1}
[progress] [##################------]  76.04% phase=ours:coord:method.ours.lambda_align jobs=73/96 failed=0 eta=03:23:58 event=job_done
[progress] [##################------]  77.08% phase=ours:coord:method.ours.lambda_align jobs=74/96 failed=0 eta=03:15:35 event=job_done
[progress] [###################-----]  78.12% phase=ours:coord:method.ours.lambda_align jobs=75/96 failed=0 eta=03:07:00 event=job_done
[progress] [###################-----]  79.17% phase=ours:coord:method.ours.lambda_align jobs=76/96 failed=0 eta=02:58:29 event=job_done
[progress] [###################-----]  80.21% phase=ours:coord:method.ours.lambda_align jobs=77/96 failed=0 eta=02:49:44 event=job_done
[progress] [####################----]  81.25% phase=ours:coord:method.ours.lambda_align jobs=78/96 failed=0 eta=02:40:58 event=job_done
[progress] [####################----]  82.29% phase=ours:coord:method.ours.lambda_align jobs=79/96 failed=0 eta=02:32:01 event=job_done
[progress] [####################----]  83.33% phase=ours:coord:method.ours.lambda_align jobs=80/96 failed=0 eta=02:23:10 event=job_done
[progress] [####################----]  84.38% phase=ours:coord:method.ours.lambda_align jobs=81/96 failed=0 eta=02:14:18 event=job_done
[progress] [####################----]  85.42% phase=ours:coord:method.ours.lambda_align jobs=82/96 failed=0 eta=02:05:28 event=job_done
[progress] [#####################---]  86.46% phase=ours:coord:method.ours.lambda_align jobs=83/96 failed=0 eta=01:56:37 event=job_done
[progress] [#####################---]  87.50% phase=ours:coord:method.ours.lambda_align jobs=84/96 failed=0 eta=01:47:49 event=job_done
[progress] [#####################---]  88.54% phase=ours:coord:method.ours.lambda_align jobs=85/96 failed=0 eta=01:38:59 event=job_done
[progress] [######################--]  89.58% phase=ours:coord:method.ours.lambda_align jobs=86/96 failed=0 eta=01:30:00 event=job_done
[progress] [######################--]  90.62% phase=ours:coord:method.ours.lambda_align jobs=87/96 failed=0 eta=01:21:04 event=job_done
[progress] [######################--]  91.67% phase=ours:coord:method.ours.lambda_align jobs=88/96 failed=0 eta=01:12:07 event=job_done
[progress] [######################--]  92.71% phase=ours:coord:method.ours.lambda_align jobs=89/96 failed=0 eta=01:03:07 event=job_done
[progress] [######################--]  93.75% phase=ours:coord:method.ours.lambda_align jobs=90/96 failed=0 eta=00:54:08 event=job_done
[progress] [#######################-]  94.79% phase=ours:coord:method.ours.lambda_align jobs=91/96 failed=0 eta=00:45:07 event=job_done
[progress] [#######################-]  95.83% phase=ours:coord:method.ours.lambda_align jobs=92/96 failed=0 eta=00:36:07 event=job_done
[progress] [#######################-]  96.88% phase=ours:coord:method.ours.lambda_align jobs=93/96 failed=0 eta=00:27:07 event=job_done
[progress] [########################]  97.92% phase=ours:coord:method.ours.lambda_align jobs=94/96 failed=0 eta=00:18:05 event=job_done
[progress] [########################]  98.96% phase=ours:coord:method.ours.lambda_align jobs=95/96 failed=0 eta=00:09:03 event=job_done
[progress] [########################] 100.00% phase=ours:coord:method.ours.lambda_align jobs=96/96 failed=0 eta=n/a event=job_done
[progress] [########################] 100.00% phase=- jobs=96/96 failed=0 eta=n/a event=phase_end
[ours:local_var_topk] launch jobs=52 gpus=[0]
[progress] [################--------]  64.86% phase=- jobs=96/148 failed=0 eta=07:51:01 event=plan_add
[progress] [################--------]  64.86% phase=ours:local_var_topk jobs=96/148 failed=0 eta=07:51:01 event=phase_start
[ours:local_var_topk] group launch jobs=52 slots={0: 1}
[progress] [################--------]  65.54% phase=ours:local_var_topk jobs=97/148 failed=0 eta=07:42:08 event=job_done
[progress] [################--------]  66.22% phase=ours:local_var_topk jobs=98/148 failed=0 eta=07:33:27 event=job_done
[progress] [################--------]  66.89% phase=ours:local_var_topk jobs=99/148 failed=0 eta=07:24:29 event=job_done
[progress] [################--------]  67.57% phase=ours:local_var_topk jobs=100/148 failed=0 eta=07:14:55 event=job_done
[progress] [################--------]  68.24% phase=ours:local_var_topk jobs=101/148 failed=0 eta=07:06:05 event=job_done
[progress] [#################-------]  68.92% phase=ours:local_var_topk jobs=102/148 failed=0 eta=06:57:14 event=job_done
[progress] [#################-------]  69.59% phase=ours:local_var_topk jobs=103/148 failed=0 eta=06:48:25 event=job_done
[progress] [#################-------]  70.27% phase=ours:local_var_topk jobs=104/148 failed=0 eta=06:39:44 event=job_done
[progress] [#################-------]  70.95% phase=ours:local_var_topk jobs=105/148 failed=0 eta=06:30:39 event=job_done
[progress] [#################-------]  71.62% phase=ours:local_var_topk jobs=106/148 failed=0 eta=06:21:47 event=job_done
[progress] [#################-------]  72.30% phase=ours:local_var_topk jobs=107/148 failed=0 eta=06:12:59 event=job_done
[progress] [##################------]  72.97% phase=ours:local_var_topk jobs=108/148 failed=0 eta=06:04:14 event=job_done
[progress] [##################------]  73.65% phase=ours:local_var_topk jobs=109/148 failed=0 eta=05:55:33 event=job_done
[progress] [##################------]  74.32% phase=ours:local_var_topk jobs=110/148 failed=0 eta=05:46:15 event=job_done
[progress] [##################------]  75.00% phase=ours:local_var_topk jobs=111/148 failed=0 eta=05:37:33 event=job_done
[progress] [##################------]  75.68% phase=ours:local_var_topk jobs=112/148 failed=0 eta=05:28:36 event=job_done
[progress] [##################------]  76.35% phase=ours:local_var_topk jobs=113/148 failed=0 eta=05:19:42 event=job_done
[progress] [##################------]  77.03% phase=ours:local_var_topk jobs=114/148 failed=0 eta=05:10:52 event=job_done
[progress] [###################-----]  77.70% phase=ours:local_var_topk jobs=115/148 failed=0 eta=05:01:57 event=job_done
[progress] [###################-----]  78.38% phase=ours:local_var_topk jobs=116/148 failed=0 eta=04:52:52 event=job_done
[progress] [###################-----]  79.05% phase=ours:local_var_topk jobs=117/148 failed=0 eta=04:43:59 event=job_done
[progress] [###################-----]  79.73% phase=ours:local_var_topk jobs=118/148 failed=0 eta=04:35:00 event=job_done
[progress] [###################-----]  80.41% phase=ours:local_var_topk jobs=119/148 failed=0 eta=04:25:53 event=job_done
[progress] [###################-----]  81.08% phase=ours:local_var_topk jobs=120/148 failed=0 eta=04:16:34 event=job_done
[progress] [####################----]  81.76% phase=ours:local_var_topk jobs=121/148 failed=0 eta=04:07:28 event=job_done
[progress] [####################----]  82.43% phase=ours:local_var_topk jobs=122/148 failed=0 eta=03:58:19 event=job_done
[progress] [####################----]  83.11% phase=ours:local_var_topk jobs=123/148 failed=0 eta=03:49:17 event=job_done
[progress] [####################----]  83.78% phase=ours:local_var_topk jobs=124/148 failed=0 eta=03:40:11 event=job_done
[progress] [####################----]  84.46% phase=ours:local_var_topk jobs=125/148 failed=0 eta=03:31:04 event=job_done
[progress] [####################----]  85.14% phase=ours:local_var_topk jobs=126/148 failed=0 eta=03:21:51 event=job_done
[progress] [#####################---]  85.81% phase=ours:local_var_topk jobs=127/148 failed=0 eta=03:12:42 event=job_done
[progress] [#####################---]  86.49% phase=ours:local_var_topk jobs=128/148 failed=0 eta=03:03:27 event=job_done
[progress] [#####################---]  87.16% phase=ours:local_var_topk jobs=129/148 failed=0 eta=02:54:13 event=job_done
[progress] [#####################---]  87.84% phase=ours:local_var_topk jobs=130/148 failed=0 eta=02:45:00 event=job_done
[progress] [#####################---]  88.51% phase=ours:local_var_topk jobs=131/148 failed=0 eta=02:35:43 event=job_done
[progress] [#####################---]  89.19% phase=ours:local_var_topk jobs=132/148 failed=0 eta=02:26:26 event=job_done
[progress] [######################--]  89.86% phase=ours:local_var_topk jobs=133/148 failed=0 eta=02:17:09 event=job_done
[progress] [######################--]  90.54% phase=ours:local_var_topk jobs=134/148 failed=0 eta=02:07:53 event=job_done
[progress] [######################--]  91.22% phase=ours:local_var_topk jobs=135/148 failed=0 eta=01:58:40 event=job_done
[progress] [######################--]  91.89% phase=ours:local_var_topk jobs=136/148 failed=0 eta=01:49:26 event=job_done
[progress] [######################--]  92.57% phase=ours:local_var_topk jobs=137/148 failed=0 eta=01:40:16 event=job_done
[progress] [######################--]  93.24% phase=ours:local_var_topk jobs=138/148 failed=0 eta=01:31:06 event=job_done
[progress] [#######################-]  93.92% phase=ours:local_var_topk jobs=139/148 failed=0 eta=01:21:57 event=job_done
[progress] [#######################-]  94.59% phase=ours:local_var_topk jobs=140/148 failed=0 eta=01:12:49 event=job_done
[progress] [#######################-]  95.27% phase=ours:local_var_topk jobs=141/148 failed=0 eta=01:03:38 event=job_done
[progress] [#######################-]  95.95% phase=ours:local_var_topk jobs=142/148 failed=0 eta=00:54:29 event=job_done
[progress] [#######################-]  96.62% phase=ours:local_var_topk jobs=143/148 failed=0 eta=00:45:23 event=job_done
[progress] [#######################-]  97.30% phase=ours:local_var_topk jobs=144/148 failed=0 eta=00:36:16 event=job_done
[progress] [########################]  97.97% phase=ours:local_var_topk jobs=145/148 failed=0 eta=00:27:11 event=job_done
[progress] [########################]  98.65% phase=ours:local_var_topk jobs=146/148 failed=0 eta=00:18:07 event=job_done
[progress] [########################]  99.32% phase=ours:local_var_topk jobs=147/148 failed=0 eta=00:09:03 event=job_done
[progress] [########################] 100.00% phase=ours:local_var_topk jobs=148/148 failed=0 eta=n/a event=job_done
[progress] [########################] 100.00% phase=- jobs=148/148 failed=0 eta=n/a event=phase_end
[final:ours] launch jobs=5 gpus=[0]
[progress] [#######################-]  96.73% phase=- jobs=148/153 failed=0 eta=00:45:15 event=plan_add
[progress] [#######################-]  96.73% phase=final:ours jobs=148/153 failed=0 eta=00:45:15 event=phase_start
[final:ours] group launch jobs=5 slots={0: 1}
[progress] [#######################-]  97.39% phase=final:ours jobs=149/153 failed=0 eta=00:37:09 event=job_done
[progress] [########################]  98.04% phase=final:ours jobs=150/153 failed=0 eta=00:28:36 event=job_done
[progress] [########################]  98.69% phase=final:ours jobs=151/153 failed=0 eta=00:19:33 event=job_done
[progress] [########################]  99.35% phase=final:ours jobs=152/153 failed=0 eta=00:10:01 event=job_done
[progress] [########################] 100.00% phase=final:ours jobs=153/153 failed=0 eta=n/a event=job_done
[progress] [########################] 100.00% phase=- jobs=153/153 failed=0 eta=n/a event=phase_end
[progress] [########################] 100.00% phase=- jobs=153/153 failed=0 eta=n/a event=pipeline_done

[pipeline done] out_dir=/root/Optimization/MOE-grad-conflict-routing-appendix2/runs/paper_suite_server3/experiment4/multi_task/glue3_deberta_lora_e4_k2/_method_workers/ours
[hpo best] /root/Optimization/MOE-grad-conflict-routing-appendix2/runs/paper_suite_server3/experiment4/multi_task/glue3_deberta_lora_e4_k2/_method_workers/ours/hpo/best_configs.json
[final agg] /root/Optimization/MOE-grad-conflict-routing-appendix2/runs/paper_suite_server3/experiment4/multi_task/glue3_deberta_lora_e4_k2/_method_workers/ours/final/final_agg.csv
[progress] /root/Optimization/MOE-grad-conflict-routing-appendix2/runs/paper_suite_server3/experiment4/multi_task/glue3_deberta_lora_e4_k2/_method_workers/ours/status/progress.json
[gpu logs] /root/Optimization/MOE-grad-conflict-routing-appendix2/runs/paper_suite_server3/experiment4/multi_task/glue3_deberta_lora_e4_k2/_method_workers/ours/logs/gpu
[worker failures] /root/Optimization/MOE-grad-conflict-routing-appendix2/runs/paper_suite_server3/experiment4/multi_task/glue3_deberta_lora_e4_k2/_method_workers/ours/status/worker_failures.jsonl
