[run] method=ours candidate=coord_02_train_weight_decay_004 seed=2 steps=150 gpu=0
[run] cmd=
/home/zhujjing/anaconda3/envs/moe/bin/python /home/zhujjing/MOE-grad-conflict-routing/scripts/run.py --config configs/singletask_mrpc_real.yaml --set model.backbone_backend=hf --set model.hf_load_pretrained=true --set model.backbone=deberta --set model.hf_pretrained_name=microsoft/deberta-v3-base --set model.expert_type=lora --set model.routing_mode=topk --set model.num_experts=4 --set model.top_k=2 --set seed=2 --set method.name=ours --set train.steps=150 --set train.eval_every_steps=50 --set method.ours.use_load_norm=true --set method.ours.lambda_align=0.001 --set train.grad_clip=1 --set train.lr=5.484611636e-05 --set train.weight_decay=0.0343855891 --out /home/zhujjing/MOE-grad-conflict-routing/runs/paper_suite/single_gpu/single_task/deberta_mrpc_lora_e4_k2/hpo/ours/trial_runs/coord_02_train_weight_decay_004/ours_s2.json --curve_out /home/zhujjing/MOE-grad-conflict-routing/runs/paper_suite/single_gpu/single_task/deberta_mrpc_lora_e4_k2/hpo/ours/trial_runs/coord_02_train_weight_decay_004/ours_s2_curve.csv
Using the latest cached version of the dataset since glue couldn't be found on the Hugging Face Hub (offline mode is enabled).
Found the latest cached dataset configuration 'mrpc' at /home/zhujjing/hf_cache/datasets/glue/mrpc/0.0.0/bcdcba79d07bc864c1c254ccfcedcce55bcc9a8c (last modified on Thu Mar 19 15:01:06 2026).
/home/zhujjing/anaconda3/envs/moe/lib/python3.10/site-packages/transformers/utils/hub.py:124: FutureWarning: Using `TRANSFORMERS_CACHE` is deprecated and will be removed in v5 of Transformers. Use `HF_HOME` instead.
  warnings.warn(
/home/zhujjing/anaconda3/envs/moe/lib/python3.10/site-packages/transformers/convert_slow_tokenizer.py:560: UserWarning: The sentencepiece tokenizer that you are converting to a fast tokenizer uses the byte fallback option which is not implemented in the fast tokenizers. In practice this means that the fast version of the tokenizer can produce unknown tokens whereas the sentencepiece version would have converted these unknown tokens into a sequence of byte tokens matching the original piece of text.
  warnings.warn(
[step 0001/150] method=ours loss=0.9928 train_acc=nan train_loss=nan val_acc=nan val_loss=nan best=-1.0000
[step 0010/150] method=ours loss=0.7208 train_acc=nan train_loss=nan val_acc=nan val_loss=nan best=-1.0000
[step 0020/150] method=ours loss=0.5211 train_acc=nan train_loss=nan val_acc=nan val_loss=nan best=-1.0000
[step 0030/150] method=ours loss=0.5461 train_acc=nan train_loss=nan val_acc=nan val_loss=nan best=-1.0000
[step 0040/150] method=ours loss=0.5475 train_acc=nan train_loss=nan val_acc=nan val_loss=nan best=-1.0000
[step 0050/150] method=ours loss=0.4618 train_acc=0.8064 train_loss=0.4442 val_acc=0.7990 val_loss=0.4511 router_H=0.6879 best=0.7990
           router_load=[0.0, 0.46610701084136963, 0.016333291307091713, 0.5175597071647644]
[step 0060/150] method=ours loss=0.4051 train_acc=0.8064 train_loss=0.4442 val_acc=0.7990 val_loss=0.4511 router_H=0.6879 best=0.7990
           router_load=[0.0, 0.46610701084136963, 0.016333291307091713, 0.5175597071647644]
[step 0070/150] method=ours loss=0.2945 train_acc=0.8064 train_loss=0.4442 val_acc=0.7990 val_loss=0.4511 router_H=0.6879 best=0.7990
           router_load=[0.0, 0.46610701084136963, 0.016333291307091713, 0.5175597071647644]
[step 0080/150] method=ours loss=0.4660 train_acc=0.8064 train_loss=0.4442 val_acc=0.7990 val_loss=0.4511 router_H=0.6879 best=0.7990
           router_load=[0.0, 0.46610701084136963, 0.016333291307091713, 0.5175597071647644]
[step 0090/150] method=ours loss=0.9321 train_acc=0.8064 train_loss=0.4442 val_acc=0.7990 val_loss=0.4511 router_H=0.6879 best=0.7990
           router_load=[0.0, 0.46610701084136963, 0.016333291307091713, 0.5175597071647644]
[step 0100/150] method=ours loss=0.2934 train_acc=0.8760 train_loss=0.3085 val_acc=0.8505 val_loss=0.3303 router_H=0.6819 best=0.8505
           router_load=[0.0, 0.5200514197349548, 0.021221214905381203, 0.4587274491786957]
[step 0110/150] method=ours loss=0.5135 train_acc=0.8760 train_loss=0.3085 val_acc=0.8505 val_loss=0.3303 router_H=0.6819 best=0.8505
           router_load=[0.0, 0.5200514197349548, 0.021221214905381203, 0.4587274491786957]
[step 0120/150] method=ours loss=0.2208 train_acc=0.8760 train_loss=0.3085 val_acc=0.8505 val_loss=0.3303 router_H=0.6819 best=0.8505
           router_load=[0.0, 0.5200514197349548, 0.021221214905381203, 0.4587274491786957]
[step 0130/150] method=ours loss=0.3570 train_acc=0.8760 train_loss=0.3085 val_acc=0.8505 val_loss=0.3303 router_H=0.6819 best=0.8505
           router_load=[0.0, 0.5200514197349548, 0.021221214905381203, 0.4587274491786957]
[step 0140/150] method=ours loss=0.2998 train_acc=0.8760 train_loss=0.3085 val_acc=0.8505 val_loss=0.3303 router_H=0.6819 best=0.8505
           router_load=[0.0, 0.5200514197349548, 0.021221214905381203, 0.4587274491786957]
[step 0150/150] method=ours loss=0.8541 train_acc=0.8274 train_loss=0.4434 val_acc=0.7892 val_loss=0.5379 router_H=0.6863 best=0.8505
           router_load=[0.0, 0.5255593061447144, 0.3045462369918823, 0.16989435255527496]
saved summary -> /home/zhujjing/MOE-grad-conflict-routing/runs/paper_suite/single_gpu/single_task/deberta_mrpc_lora_e4_k2/hpo/ours/trial_runs/coord_02_train_weight_decay_004/ours_s2.json
saved curve -> /home/zhujjing/MOE-grad-conflict-routing/runs/paper_suite/single_gpu/single_task/deberta_mrpc_lora_e4_k2/hpo/ours/trial_runs/coord_02_train_weight_decay_004/ours_s2_curve.csv
