[run] method=baseline candidate=coord_01_train_lr_003 seed=2 steps=200 gpu=0
[run] cmd=
/root/miniconda3/envs/optimization/bin/python /root/Optimization/MOE-grad-conflict-routing-appendix2/scripts/run.py --config configs/multitask_glue3_rte_mrpc_cola_real.yaml --set model.backbone_backend=hf --set model.hf_load_pretrained=true --set model.hf_local_files_only=1 --set model.backbone=roberta --set model.hf_pretrained_name=roberta-base --set model.routing_mode=topk --set model.expert_type=lora --set model.num_experts=4 --set model.top_k=2 --set model.lora_rank=32 --set model.lora_alpha=32 --set train.eval_train_fraction=0.10 --set train.eval_train_max_batches=-1 --set train.eval_max_batches=-1 --set train.eval_val_fraction=0.2 --set train.skip_train_eval=true --set seed=2 --set method.name=baseline_avg --set train.steps=200 --set train.eval_every_steps=100 --set train.grad_clip=1 --set train.lr=6.110024421e-06 --set train.weight_decay=0.01 --out /root/Optimization/MOE-grad-conflict-routing-appendix2/runs/paper_suite_supplement/appendix/rank/multi_glue3_roberta_r32_lora_e4_k2/_method_workers/baseline/hpo/baseline/trial_runs/coord_01_train_lr_003/baseline_s2.json --curve_out /root/Optimization/MOE-grad-conflict-routing-appendix2/runs/paper_suite_supplement/appendix/rank/multi_glue3_roberta_r32_lora_e4_k2/_method_workers/baseline/hpo/baseline/trial_runs/coord_01_train_lr_003/baseline_s2_curve.csv
Using the latest cached version of the dataset since glue couldn't be found on the Hugging Face Hub (offline mode is enabled).
Found the latest cached dataset configuration 'rte' at /root/.cache/huggingface/datasets/glue/rte/0.0.0/bcdcba79d07bc864c1c254ccfcedcce55bcc9a8c (last modified on Thu Mar 26 19:09:12 2026).
Using the latest cached version of the dataset since glue couldn't be found on the Hugging Face Hub (offline mode is enabled).
Found the latest cached dataset configuration 'mrpc' at /root/.cache/huggingface/datasets/glue/mrpc/0.0.0/bcdcba79d07bc864c1c254ccfcedcce55bcc9a8c (last modified on Thu Mar 26 20:11:06 2026).
Using the latest cached version of the dataset since glue couldn't be found on the Hugging Face Hub (offline mode is enabled).
Found the latest cached dataset configuration 'cola' at /root/.cache/huggingface/datasets/glue/cola/0.0.0/bcdcba79d07bc864c1c254ccfcedcce55bcc9a8c (last modified on Thu Mar 26 23:46:11 2026).
Loading weights:   0%|          | 0/197 [00:00<?, ?it/s]Loading weights: 100%|██████████| 197/197 [00:00<00:00, 2766.03it/s]
[1mRobertaModel LOAD REPORT[0m from: roberta-base
Key                             | Status     | 
--------------------------------+------------+-
lm_head.layer_norm.weight       | UNEXPECTED | 
lm_head.layer_norm.bias         | UNEXPECTED | 
roberta.embeddings.position_ids | UNEXPECTED | 
lm_head.bias                    | UNEXPECTED | 
lm_head.dense.weight            | UNEXPECTED | 
lm_head.dense.bias              | UNEXPECTED | 
pooler.dense.weight             | MISSING    | 
pooler.dense.bias               | MISSING    | 

[3mNotes:
- UNEXPECTED[3m	:can be ignored when loading from different task/architecture; not ok if you expect identical arch.
- MISSING[3m	:those params were newly initialized because missing from the checkpoint. Consider training on your downstream task.[0m
[step 0001/200] method=baseline_avg loss=0.6795 train_acc=nan train_loss=nan val_acc=nan val_loss=nan best=-1.0000
[step 0010/200] method=baseline_avg loss=0.6558 train_acc=nan train_loss=nan val_acc=nan val_loss=nan best=-1.0000
[step 0020/200] method=baseline_avg loss=0.6518 train_acc=nan train_loss=nan val_acc=nan val_loss=nan best=-1.0000
[step 0030/200] method=baseline_avg loss=0.6751 train_acc=nan train_loss=nan val_acc=nan val_loss=nan best=-1.0000
[step 0040/200] method=baseline_avg loss=0.7497 train_acc=nan train_loss=nan val_acc=nan val_loss=nan best=-1.0000
[step 0050/200] method=baseline_avg loss=0.6457 train_acc=nan train_loss=nan val_acc=nan val_loss=nan best=-1.0000
[step 0060/200] method=baseline_avg loss=0.6812 train_acc=nan train_loss=nan val_acc=nan val_loss=nan best=-1.0000
[step 0070/200] method=baseline_avg loss=0.5776 train_acc=nan train_loss=nan val_acc=nan val_loss=nan best=-1.0000
[step 0080/200] method=baseline_avg loss=0.6575 train_acc=nan train_loss=nan val_acc=nan val_loss=nan best=-1.0000
[step 0090/200] method=baseline_avg loss=0.6551 train_acc=nan train_loss=nan val_acc=nan val_loss=nan best=-1.0000
[step 0100/200] method=baseline_avg loss=0.6406 train_acc=nan train_loss=nan val_acc=0.6559 val_loss=0.6131 router_H=0.6721 best=0.6559
           router_load=[0.001034617074765265, 0.5956438183784485, 0.349956214427948, 0.05336539447307587]
[step 0110/200] method=baseline_avg loss=0.6416 train_acc=nan train_loss=nan val_acc=0.6559 val_loss=0.6131 router_H=0.6721 best=0.6559
           router_load=[0.001034617074765265, 0.5956438183784485, 0.349956214427948, 0.05336539447307587]
[step 0120/200] method=baseline_avg loss=0.5290 train_acc=nan train_loss=nan val_acc=0.6559 val_loss=0.6131 router_H=0.6721 best=0.6559
           router_load=[0.001034617074765265, 0.5956438183784485, 0.349956214427948, 0.05336539447307587]
[step 0130/200] method=baseline_avg loss=0.5045 train_acc=nan train_loss=nan val_acc=0.6559 val_loss=0.6131 router_H=0.6721 best=0.6559
           router_load=[0.001034617074765265, 0.5956438183784485, 0.349956214427948, 0.05336539447307587]
[step 0140/200] method=baseline_avg loss=0.6007 train_acc=nan train_loss=nan val_acc=0.6559 val_loss=0.6131 router_H=0.6721 best=0.6559
           router_load=[0.001034617074765265, 0.5956438183784485, 0.349956214427948, 0.05336539447307587]
[step 0150/200] method=baseline_avg loss=0.5475 train_acc=nan train_loss=nan val_acc=0.6559 val_loss=0.6131 router_H=0.6721 best=0.6559
           router_load=[0.001034617074765265, 0.5956438183784485, 0.349956214427948, 0.05336539447307587]
[step 0160/200] method=baseline_avg loss=0.6475 train_acc=nan train_loss=nan val_acc=0.6559 val_loss=0.6131 router_H=0.6721 best=0.6559
           router_load=[0.001034617074765265, 0.5956438183784485, 0.349956214427948, 0.05336539447307587]
[step 0170/200] method=baseline_avg loss=0.6530 train_acc=nan train_loss=nan val_acc=0.6559 val_loss=0.6131 router_H=0.6721 best=0.6559
           router_load=[0.001034617074765265, 0.5956438183784485, 0.349956214427948, 0.05336539447307587]
[step 0180/200] method=baseline_avg loss=0.6444 train_acc=nan train_loss=nan val_acc=0.6559 val_loss=0.6131 router_H=0.6721 best=0.6559
           router_load=[0.001034617074765265, 0.5956438183784485, 0.349956214427948, 0.05336539447307587]
[step 0190/200] method=baseline_avg loss=0.5770 train_acc=nan train_loss=nan val_acc=0.6559 val_loss=0.6131 router_H=0.6721 best=0.6559
           router_load=[0.001034617074765265, 0.5956438183784485, 0.349956214427948, 0.05336539447307587]
[step 0200/200] method=baseline_avg loss=0.5667 train_acc=nan train_loss=nan val_acc=0.6411 val_loss=0.5812 router_H=0.6680 best=0.6559
           router_load=[0.006960999220609665, 0.6012028455734253, 0.30570635199546814, 0.08612973988056183]
saved summary -> /root/Optimization/MOE-grad-conflict-routing-appendix2/runs/paper_suite_supplement/appendix/rank/multi_glue3_roberta_r32_lora_e4_k2/_method_workers/baseline/hpo/baseline/trial_runs/coord_01_train_lr_003/baseline_s2.json
saved curve -> /root/Optimization/MOE-grad-conflict-routing-appendix2/runs/paper_suite_supplement/appendix/rank/multi_glue3_roberta_r32_lora_e4_k2/_method_workers/baseline/hpo/baseline/trial_runs/coord_01_train_lr_003/baseline_s2_curve.csv
