[run] method=ours candidate=coord_02_train_weight_decay_002 seed=3 steps=150 gpu=0
[run] cmd=
/home/zhujjing/anaconda3/envs/moe/bin/python /home/zhujjing/MOE-grad-conflict-routing/scripts/run.py --config configs/singletask_sst2_real.yaml --set model.backbone_backend=hf --set model.hf_load_pretrained=true --set model.backbone=roberta --set model.hf_pretrained_name=roberta-base --set model.expert_type=ffn --set model.routing_mode=topk --set model.num_experts=4 --set model.top_k=2 --set seed=3 --set method.name=ours --set train.steps=150 --set train.eval_every_steps=50 --set method.ours.use_load_norm=true --set method.ours.lambda_align=0.001 --set train.grad_clip=1 --set train.lr=2.166929843e-05 --set train.weight_decay=0.002820878098 --out /home/zhujjing/MOE-grad-conflict-routing/runs/paper_suite/single_gpu/single_task/roberta_sst2_ffn_e4_k2/hpo/ours/trial_runs/coord_02_train_weight_decay_002/ours_s3.json --curve_out /home/zhujjing/MOE-grad-conflict-routing/runs/paper_suite/single_gpu/single_task/roberta_sst2_ffn_e4_k2/hpo/ours/trial_runs/coord_02_train_weight_decay_002/ours_s3_curve.csv
Using the latest cached version of the dataset since glue couldn't be found on the Hugging Face Hub (offline mode is enabled).
Found the latest cached dataset configuration 'sst2' at /home/zhujjing/hf_cache/datasets/glue/sst2/0.0.0/bcdcba79d07bc864c1c254ccfcedcce55bcc9a8c (last modified on Thu Mar 19 15:01:41 2026).
/home/zhujjing/anaconda3/envs/moe/lib/python3.10/site-packages/transformers/utils/hub.py:124: FutureWarning: Using `TRANSFORMERS_CACHE` is deprecated and will be removed in v5 of Transformers. Use `HF_HOME` instead.
  warnings.warn(
Some weights of RobertaModel were not initialized from the model checkpoint at roberta-base and are newly initialized: ['roberta.pooler.dense.bias', 'roberta.pooler.dense.weight']
You should probably TRAIN this model on a down-stream task to be able to use it for predictions and inference.
[step 0001/150] method=ours loss=0.7259 train_acc=nan train_loss=nan val_acc=nan val_loss=nan best=-1.0000
[step 0010/150] method=ours loss=0.6420 train_acc=nan train_loss=nan val_acc=nan val_loss=nan best=-1.0000
[step 0020/150] method=ours loss=0.5727 train_acc=nan train_loss=nan val_acc=nan val_loss=nan best=-1.0000
[step 0030/150] method=ours loss=0.4803 train_acc=nan train_loss=nan val_acc=nan val_loss=nan best=-1.0000
[step 0040/150] method=ours loss=0.5029 train_acc=nan train_loss=nan val_acc=nan val_loss=nan best=-1.0000
[step 0050/150] method=ours loss=0.5281 train_acc=0.8331 train_loss=0.4035 val_acc=0.7878 val_loss=0.4513 router_H=0.6509 best=0.7878
           router_load=[0.36829954385757446, 0.00031276579829864204, 0.6313876509666443, 0.0]
[step 0060/150] method=ours loss=0.4529 train_acc=0.8331 train_loss=0.4035 val_acc=0.7878 val_loss=0.4513 router_H=0.6509 best=0.7878
           router_load=[0.36829954385757446, 0.00031276579829864204, 0.6313876509666443, 0.0]
[step 0070/150] method=ours loss=0.6633 train_acc=0.8331 train_loss=0.4035 val_acc=0.7878 val_loss=0.4513 router_H=0.6509 best=0.7878
           router_load=[0.36829954385757446, 0.00031276579829864204, 0.6313876509666443, 0.0]
[step 0080/150] method=ours loss=0.2671 train_acc=0.8331 train_loss=0.4035 val_acc=0.7878 val_loss=0.4513 router_H=0.6509 best=0.7878
           router_load=[0.36829954385757446, 0.00031276579829864204, 0.6313876509666443, 0.0]
[step 0090/150] method=ours loss=0.2019 train_acc=0.8331 train_loss=0.4035 val_acc=0.7878 val_loss=0.4513 router_H=0.6509 best=0.7878
           router_load=[0.36829954385757446, 0.00031276579829864204, 0.6313876509666443, 0.0]
[step 0100/150] method=ours loss=0.3787 train_acc=0.8720 train_loss=0.3349 val_acc=0.8911 val_loss=0.2919 router_H=0.4562 best=0.8911
           router_load=[0.17185504734516144, 0.00740762148052454, 0.8189800977706909, 0.0017574022058397532]
[step 0110/150] method=ours loss=0.4029 train_acc=0.8720 train_loss=0.3349 val_acc=0.8911 val_loss=0.2919 router_H=0.4562 best=0.8911
           router_load=[0.17185504734516144, 0.00740762148052454, 0.8189800977706909, 0.0017574022058397532]
[step 0120/150] method=ours loss=0.3895 train_acc=0.8720 train_loss=0.3349 val_acc=0.8911 val_loss=0.2919 router_H=0.4562 best=0.8911
           router_load=[0.17185504734516144, 0.00740762148052454, 0.8189800977706909, 0.0017574022058397532]
[step 0130/150] method=ours loss=0.4539 train_acc=0.8720 train_loss=0.3349 val_acc=0.8911 val_loss=0.2919 router_H=0.4562 best=0.8911
           router_load=[0.17185504734516144, 0.00740762148052454, 0.8189800977706909, 0.0017574022058397532]
[step 0140/150] method=ours loss=0.2117 train_acc=0.8720 train_loss=0.3349 val_acc=0.8911 val_loss=0.2919 router_H=0.4562 best=0.8911
           router_load=[0.17185504734516144, 0.00740762148052454, 0.8189800977706909, 0.0017574022058397532]
[step 0150/150] method=ours loss=0.2211 train_acc=0.8823 train_loss=0.2884 val_acc=0.9083 val_loss=0.2417 router_H=0.4118 best=0.9083
           router_load=[0.13938741385936737, 0.0027913071680814028, 0.8406405448913574, 0.017180541530251503]
saved summary -> /home/zhujjing/MOE-grad-conflict-routing/runs/paper_suite/single_gpu/single_task/roberta_sst2_ffn_e4_k2/hpo/ours/trial_runs/coord_02_train_weight_decay_002/ours_s3.json
saved curve -> /home/zhujjing/MOE-grad-conflict-routing/runs/paper_suite/single_gpu/single_task/roberta_sst2_ffn_e4_k2/hpo/ours/trial_runs/coord_02_train_weight_decay_002/ours_s3_curve.csv
