[run] method=ours candidate=coord_02_train_weight_decay_018 seed=2 steps=150 gpu=0
[run] cmd=
/home/zhujjing/anaconda3/envs/moe/bin/python /home/zhujjing/MOE-grad-conflict-routing/scripts/run.py --config configs/singletask_sst2_real.yaml --set model.backbone_backend=hf --set model.hf_load_pretrained=true --set model.backbone=roberta --set model.hf_pretrained_name=roberta-base --set model.expert_type=ffn --set model.routing_mode=topk --set model.num_experts=4 --set model.top_k=2 --set seed=2 --set method.name=ours --set train.steps=150 --set train.eval_every_steps=50 --set method.ours.use_load_norm=true --set method.ours.lambda_align=0.001 --set train.grad_clip=1 --set train.lr=2.166929843e-05 --set train.weight_decay=0.005140241552 --out /home/zhujjing/MOE-grad-conflict-routing/runs/paper_suite/single_gpu/single_task/roberta_sst2_ffn_e4_k2/hpo/ours/trial_runs/coord_02_train_weight_decay_018/ours_s2.json --curve_out /home/zhujjing/MOE-grad-conflict-routing/runs/paper_suite/single_gpu/single_task/roberta_sst2_ffn_e4_k2/hpo/ours/trial_runs/coord_02_train_weight_decay_018/ours_s2_curve.csv
Using the latest cached version of the dataset since glue couldn't be found on the Hugging Face Hub (offline mode is enabled).
Found the latest cached dataset configuration 'sst2' at /home/zhujjing/hf_cache/datasets/glue/sst2/0.0.0/bcdcba79d07bc864c1c254ccfcedcce55bcc9a8c (last modified on Thu Mar 19 15:01:41 2026).
/home/zhujjing/anaconda3/envs/moe/lib/python3.10/site-packages/transformers/utils/hub.py:124: FutureWarning: Using `TRANSFORMERS_CACHE` is deprecated and will be removed in v5 of Transformers. Use `HF_HOME` instead.
  warnings.warn(
Some weights of RobertaModel were not initialized from the model checkpoint at roberta-base and are newly initialized: ['roberta.pooler.dense.bias', 'roberta.pooler.dense.weight']
You should probably TRAIN this model on a down-stream task to be able to use it for predictions and inference.
[step 0001/150] method=ours loss=0.7043 train_acc=nan train_loss=nan val_acc=nan val_loss=nan best=-1.0000
[step 0010/150] method=ours loss=0.7157 train_acc=nan train_loss=nan val_acc=nan val_loss=nan best=-1.0000
[step 0020/150] method=ours loss=0.6411 train_acc=nan train_loss=nan val_acc=nan val_loss=nan best=-1.0000
[step 0030/150] method=ours loss=0.6343 train_acc=nan train_loss=nan val_acc=nan val_loss=nan best=-1.0000
[step 0040/150] method=ours loss=0.2730 train_acc=nan train_loss=nan val_acc=nan val_loss=nan best=-1.0000
[step 0050/150] method=ours loss=0.3338 train_acc=0.8725 train_loss=0.3522 val_acc=0.8658 val_loss=0.3810 router_H=0.4384 best=0.8658
           router_load=[0.8375148773193359, 0.020390022546052933, 0.061634842306375504, 0.08046019822359085]
[step 0060/150] method=ours loss=0.2774 train_acc=0.8725 train_loss=0.3522 val_acc=0.8658 val_loss=0.3810 router_H=0.4384 best=0.8658
           router_load=[0.8375148773193359, 0.020390022546052933, 0.061634842306375504, 0.08046019822359085]
[step 0070/150] method=ours loss=0.5186 train_acc=0.8725 train_loss=0.3522 val_acc=0.8658 val_loss=0.3810 router_H=0.4384 best=0.8658
           router_load=[0.8375148773193359, 0.020390022546052933, 0.061634842306375504, 0.08046019822359085]
[step 0080/150] method=ours loss=0.6408 train_acc=0.8725 train_loss=0.3522 val_acc=0.8658 val_loss=0.3810 router_H=0.4384 best=0.8658
           router_load=[0.8375148773193359, 0.020390022546052933, 0.061634842306375504, 0.08046019822359085]
[step 0090/150] method=ours loss=0.1857 train_acc=0.8725 train_loss=0.3522 val_acc=0.8658 val_loss=0.3810 router_H=0.4384 best=0.8658
           router_load=[0.8375148773193359, 0.020390022546052933, 0.061634842306375504, 0.08046019822359085]
[step 0100/150] method=ours loss=0.5832 train_acc=0.7976 train_loss=0.4765 val_acc=0.7580 val_loss=0.5850 router_H=0.4358 best=0.8658
           router_load=[0.8384130597114563, 0.0002045457949861884, 0.15424013137817383, 0.007142286282032728]
[step 0110/150] method=ours loss=0.4594 train_acc=0.7976 train_loss=0.4765 val_acc=0.7580 val_loss=0.5850 router_H=0.4358 best=0.8658
           router_load=[0.8384130597114563, 0.0002045457949861884, 0.15424013137817383, 0.007142286282032728]
[step 0120/150] method=ours loss=0.9143 train_acc=0.7976 train_loss=0.4765 val_acc=0.7580 val_loss=0.5850 router_H=0.4358 best=0.8658
           router_load=[0.8384130597114563, 0.0002045457949861884, 0.15424013137817383, 0.007142286282032728]
[step 0130/150] method=ours loss=0.3220 train_acc=0.7976 train_loss=0.4765 val_acc=0.7580 val_loss=0.5850 router_H=0.4358 best=0.8658
           router_load=[0.8384130597114563, 0.0002045457949861884, 0.15424013137817383, 0.007142286282032728]
[step 0140/150] method=ours loss=0.4514 train_acc=0.7976 train_loss=0.4765 val_acc=0.7580 val_loss=0.5850 router_H=0.4358 best=0.8658
           router_load=[0.8384130597114563, 0.0002045457949861884, 0.15424013137817383, 0.007142286282032728]
[step 0150/150] method=ours loss=0.4475 train_acc=0.8904 train_loss=0.2863 val_acc=0.8933 val_loss=0.2911 router_H=0.3450 best=0.8933
           router_load=[0.8890857696533203, 0.019285501912236214, 0.02929026447236538, 0.06233827397227287]
saved summary -> /home/zhujjing/MOE-grad-conflict-routing/runs/paper_suite/single_gpu/single_task/roberta_sst2_ffn_e4_k2/hpo/ours/trial_runs/coord_02_train_weight_decay_018/ours_s2.json
saved curve -> /home/zhujjing/MOE-grad-conflict-routing/runs/paper_suite/single_gpu/single_task/roberta_sst2_ffn_e4_k2/hpo/ours/trial_runs/coord_02_train_weight_decay_018/ours_s2_curve.csv
