[run] method=baseline candidate=coord_03_train_grad_clip_024 seed=2 steps=150 gpu=0
[run] cmd=
/home/zhujjing/anaconda3/envs/moe/bin/python /home/zhujjing/MOE-grad-conflict-routing/scripts/run.py --config configs/singletask_rte_real.yaml --set model.backbone_backend=hf --set model.hf_load_pretrained=true --set model.backbone=deberta --set model.hf_pretrained_name=microsoft/deberta-v3-base --set model.expert_type=lora --set model.routing_mode=topk --set model.num_experts=4 --set model.top_k=2 --set seed=2 --set method.name=baseline_avg --set train.steps=150 --set train.eval_every_steps=50 --set train.grad_clip=1.872120212 --set train.lr=4.073235309e-05 --set train.weight_decay=0.004430866959 --out /home/zhujjing/MOE-grad-conflict-routing/runs/paper_suite/single_gpu/single_task/deberta_rte_lora_e4_k2/hpo/baseline/trial_runs/coord_03_train_grad_clip_024/baseline_s2.json --curve_out /home/zhujjing/MOE-grad-conflict-routing/runs/paper_suite/single_gpu/single_task/deberta_rte_lora_e4_k2/hpo/baseline/trial_runs/coord_03_train_grad_clip_024/baseline_s2_curve.csv
Using the latest cached version of the dataset since glue couldn't be found on the Hugging Face Hub (offline mode is enabled).
Found the latest cached dataset configuration 'rte' at /home/zhujjing/hf_cache/datasets/glue/rte/0.0.0/bcdcba79d07bc864c1c254ccfcedcce55bcc9a8c (last modified on Thu Mar 19 15:00:36 2026).
/home/zhujjing/anaconda3/envs/moe/lib/python3.10/site-packages/transformers/utils/hub.py:124: FutureWarning: Using `TRANSFORMERS_CACHE` is deprecated and will be removed in v5 of Transformers. Use `HF_HOME` instead.
  warnings.warn(
/home/zhujjing/anaconda3/envs/moe/lib/python3.10/site-packages/transformers/convert_slow_tokenizer.py:560: UserWarning: The sentencepiece tokenizer that you are converting to a fast tokenizer uses the byte fallback option which is not implemented in the fast tokenizers. In practice this means that the fast version of the tokenizer can produce unknown tokens whereas the sentencepiece version would have converted these unknown tokens into a sequence of byte tokens matching the original piece of text.
  warnings.warn(
[step 0001/150] method=baseline_avg loss=0.7781 train_acc=nan train_loss=nan val_acc=nan val_loss=nan best=-1.0000
[step 0010/150] method=baseline_avg loss=0.9292 train_acc=nan train_loss=nan val_acc=nan val_loss=nan best=-1.0000
[step 0020/150] method=baseline_avg loss=0.7067 train_acc=nan train_loss=nan val_acc=nan val_loss=nan best=-1.0000
[step 0030/150] method=baseline_avg loss=0.5884 train_acc=nan train_loss=nan val_acc=nan val_loss=nan best=-1.0000
[step 0040/150] method=baseline_avg loss=0.6699 train_acc=nan train_loss=nan val_acc=nan val_loss=nan best=-1.0000
[step 0050/150] method=baseline_avg loss=0.5235 train_acc=0.7129 train_loss=0.5869 val_acc=0.6318 val_loss=0.6515 router_H=0.6885 best=0.6318
           router_load=[0.0, 0.5022004842758179, 0.0, 0.4977995455265045]
[step 0060/150] method=baseline_avg loss=0.5332 train_acc=0.7129 train_loss=0.5869 val_acc=0.6318 val_loss=0.6515 router_H=0.6885 best=0.6318
           router_load=[0.0, 0.5022004842758179, 0.0, 0.4977995455265045]
[step 0070/150] method=baseline_avg loss=0.5845 train_acc=0.7129 train_loss=0.5869 val_acc=0.6318 val_loss=0.6515 router_H=0.6885 best=0.6318
           router_load=[0.0, 0.5022004842758179, 0.0, 0.4977995455265045]
[step 0080/150] method=baseline_avg loss=0.4924 train_acc=0.7129 train_loss=0.5869 val_acc=0.6318 val_loss=0.6515 router_H=0.6885 best=0.6318
           router_load=[0.0, 0.5022004842758179, 0.0, 0.4977995455265045]
[step 0090/150] method=baseline_avg loss=0.4308 train_acc=0.7129 train_loss=0.5869 val_acc=0.6318 val_loss=0.6515 router_H=0.6885 best=0.6318
           router_load=[0.0, 0.5022004842758179, 0.0, 0.4977995455265045]
[step 0100/150] method=baseline_avg loss=0.5400 train_acc=0.8434 train_loss=0.4105 val_acc=0.7401 val_loss=0.5082 router_H=0.6880 best=0.7401
           router_load=[0.0, 0.48455673456192017, 0.0, 0.5154433250427246]
[step 0110/150] method=baseline_avg loss=0.4845 train_acc=0.8434 train_loss=0.4105 val_acc=0.7401 val_loss=0.5082 router_H=0.6880 best=0.7401
           router_load=[0.0, 0.48455673456192017, 0.0, 0.5154433250427246]
[step 0120/150] method=baseline_avg loss=0.3503 train_acc=0.8434 train_loss=0.4105 val_acc=0.7401 val_loss=0.5082 router_H=0.6880 best=0.7401
           router_load=[0.0, 0.48455673456192017, 0.0, 0.5154433250427246]
[step 0130/150] method=baseline_avg loss=0.5740 train_acc=0.8434 train_loss=0.4105 val_acc=0.7401 val_loss=0.5082 router_H=0.6880 best=0.7401
           router_load=[0.0, 0.48455673456192017, 0.0, 0.5154433250427246]
[step 0140/150] method=baseline_avg loss=0.5813 train_acc=0.8434 train_loss=0.4105 val_acc=0.7401 val_loss=0.5082 router_H=0.6880 best=0.7401
           router_load=[0.0, 0.48455673456192017, 0.0, 0.5154433250427246]
[step 0150/150] method=baseline_avg loss=0.6712 train_acc=0.8936 train_loss=0.2884 val_acc=0.7545 val_loss=0.4804 router_H=0.6814 best=0.7545
           router_load=[0.0, 0.5433312654495239, 0.0, 0.4566686451435089]
saved summary -> /home/zhujjing/MOE-grad-conflict-routing/runs/paper_suite/single_gpu/single_task/deberta_rte_lora_e4_k2/hpo/baseline/trial_runs/coord_03_train_grad_clip_024/baseline_s2.json
saved curve -> /home/zhujjing/MOE-grad-conflict-routing/runs/paper_suite/single_gpu/single_task/deberta_rte_lora_e4_k2/hpo/baseline/trial_runs/coord_03_train_grad_clip_024/baseline_s2_curve.csv
