[run] method=baseline candidate=coord_03_train_grad_clip_022 seed=2 steps=150 gpu=0
[run] cmd=
/home/zhujjing/anaconda3/envs/moe/bin/python /home/zhujjing/MOE-grad-conflict-routing/scripts/run.py --config configs/singletask_rte_real.yaml --set model.backbone_backend=hf --set model.hf_load_pretrained=true --set model.backbone=deberta --set model.hf_pretrained_name=microsoft/deberta-v3-base --set model.expert_type=lora --set model.routing_mode=topk --set model.num_experts=4 --set model.top_k=2 --set seed=2 --set method.name=baseline_avg --set train.steps=150 --set train.eval_every_steps=50 --set train.grad_clip=1.893864488 --set train.lr=4.073235309e-05 --set train.weight_decay=0.004430866959 --out /home/zhujjing/MOE-grad-conflict-routing/runs/paper_suite/single_gpu/single_task/deberta_rte_lora_e4_k2/hpo/baseline/trial_runs/coord_03_train_grad_clip_022/baseline_s2.json --curve_out /home/zhujjing/MOE-grad-conflict-routing/runs/paper_suite/single_gpu/single_task/deberta_rte_lora_e4_k2/hpo/baseline/trial_runs/coord_03_train_grad_clip_022/baseline_s2_curve.csv
Using the latest cached version of the dataset since glue couldn't be found on the Hugging Face Hub (offline mode is enabled).
Found the latest cached dataset configuration 'rte' at /home/zhujjing/hf_cache/datasets/glue/rte/0.0.0/bcdcba79d07bc864c1c254ccfcedcce55bcc9a8c (last modified on Thu Mar 19 15:00:36 2026).
/home/zhujjing/anaconda3/envs/moe/lib/python3.10/site-packages/transformers/utils/hub.py:124: FutureWarning: Using `TRANSFORMERS_CACHE` is deprecated and will be removed in v5 of Transformers. Use `HF_HOME` instead.
  warnings.warn(
/home/zhujjing/anaconda3/envs/moe/lib/python3.10/site-packages/transformers/convert_slow_tokenizer.py:560: UserWarning: The sentencepiece tokenizer that you are converting to a fast tokenizer uses the byte fallback option which is not implemented in the fast tokenizers. In practice this means that the fast version of the tokenizer can produce unknown tokens whereas the sentencepiece version would have converted these unknown tokens into a sequence of byte tokens matching the original piece of text.
  warnings.warn(
[step 0001/150] method=baseline_avg loss=0.6639 train_acc=nan train_loss=nan val_acc=nan val_loss=nan best=-1.0000
[step 0010/150] method=baseline_avg loss=0.8859 train_acc=nan train_loss=nan val_acc=nan val_loss=nan best=-1.0000
[step 0020/150] method=baseline_avg loss=0.7089 train_acc=nan train_loss=nan val_acc=nan val_loss=nan best=-1.0000
[step 0030/150] method=baseline_avg loss=0.5912 train_acc=nan train_loss=nan val_acc=nan val_loss=nan best=-1.0000
[step 0040/150] method=baseline_avg loss=0.6838 train_acc=nan train_loss=nan val_acc=nan val_loss=nan best=-1.0000
[step 0050/150] method=baseline_avg loss=0.7349 train_acc=0.7494 train_loss=0.5180 val_acc=0.7040 val_loss=0.5758 router_H=0.6786 best=0.7040
           router_load=[0.0, 0.004138000309467316, 0.43008387088775635, 0.5657780766487122]
[step 0060/150] method=baseline_avg loss=0.5059 train_acc=0.7494 train_loss=0.5180 val_acc=0.7040 val_loss=0.5758 router_H=0.6786 best=0.7040
           router_load=[0.0, 0.004138000309467316, 0.43008387088775635, 0.5657780766487122]
[step 0070/150] method=baseline_avg loss=0.6466 train_acc=0.7494 train_loss=0.5180 val_acc=0.7040 val_loss=0.5758 router_H=0.6786 best=0.7040
           router_load=[0.0, 0.004138000309467316, 0.43008387088775635, 0.5657780766487122]
[step 0080/150] method=baseline_avg loss=0.4927 train_acc=0.7494 train_loss=0.5180 val_acc=0.7040 val_loss=0.5758 router_H=0.6786 best=0.7040
           router_load=[0.0, 0.004138000309467316, 0.43008387088775635, 0.5657780766487122]
[step 0090/150] method=baseline_avg loss=0.3468 train_acc=0.7494 train_loss=0.5180 val_acc=0.7040 val_loss=0.5758 router_H=0.6786 best=0.7040
           router_load=[0.0, 0.004138000309467316, 0.43008387088775635, 0.5657780766487122]
[step 0100/150] method=baseline_avg loss=0.4548 train_acc=0.8639 train_loss=0.3719 val_acc=0.8014 val_loss=0.4598 router_H=0.6406 best=0.8014
           router_load=[0.0024554836563766003, 0.05764056369662285, 0.2882692217826843, 0.6516346335411072]
[step 0110/150] method=baseline_avg loss=0.3976 train_acc=0.8639 train_loss=0.3719 val_acc=0.8014 val_loss=0.4598 router_H=0.6406 best=0.8014
           router_load=[0.0024554836563766003, 0.05764056369662285, 0.2882692217826843, 0.6516346335411072]
[step 0120/150] method=baseline_avg loss=0.1909 train_acc=0.8639 train_loss=0.3719 val_acc=0.8014 val_loss=0.4598 router_H=0.6406 best=0.8014
           router_load=[0.0024554836563766003, 0.05764056369662285, 0.2882692217826843, 0.6516346335411072]
[step 0130/150] method=baseline_avg loss=0.5916 train_acc=0.8639 train_loss=0.3719 val_acc=0.8014 val_loss=0.4598 router_H=0.6406 best=0.8014
           router_load=[0.0024554836563766003, 0.05764056369662285, 0.2882692217826843, 0.6516346335411072]
[step 0140/150] method=baseline_avg loss=0.6255 train_acc=0.8639 train_loss=0.3719 val_acc=0.8014 val_loss=0.4598 router_H=0.6406 best=0.8014
           router_load=[0.0024554836563766003, 0.05764056369662285, 0.2882692217826843, 0.6516346335411072]
[step 0150/150] method=baseline_avg loss=0.6720 train_acc=0.8952 train_loss=0.2762 val_acc=0.7978 val_loss=0.4614 router_H=0.6370 best=0.8014
           router_load=[0.005945212207734585, 0.19772422313690186, 0.14201387763023376, 0.6543166041374207]
saved summary -> /home/zhujjing/MOE-grad-conflict-routing/runs/paper_suite/single_gpu/single_task/deberta_rte_lora_e4_k2/hpo/baseline/trial_runs/coord_03_train_grad_clip_022/baseline_s2.json
saved curve -> /home/zhujjing/MOE-grad-conflict-routing/runs/paper_suite/single_gpu/single_task/deberta_rte_lora_e4_k2/hpo/baseline/trial_runs/coord_03_train_grad_clip_022/baseline_s2_curve.csv
