[run] method=cagrad candidate=coord_05_method_baseline_cagrad_inner_lr_002 seed=2 steps=150 gpu=0
[run] cmd=
/home/zhujjing/anaconda3/envs/moe/bin/python /home/zhujjing/MOE-grad-conflict-routing/scripts/run.py --config configs/singletask_rte_real.yaml --set model.backbone_backend=hf --set model.hf_load_pretrained=true --set model.hf_local_files_only=true --set model.backbone=deberta --set model.hf_pretrained_name=microsoft/deberta-v3-base --set model.expert_type=lora --set model.routing_mode=topk --set model.num_experts=4 --set model.top_k=2 --set seed=2 --set method.name=baseline_cagrad --set train.steps=150 --set train.eval_every_steps=50 --set method.baseline_cagrad.c=0.4811638322 --set method.baseline_cagrad.inner_lr=0.1566407295 --set train.grad_clip=1.016176527 --set train.lr=4.460286243e-05 --set train.weight_decay=0.0003465461751 --out /home/zhujjing/MOE-grad-conflict-routing/runs/paper_suite/single_gpu/single_task/deberta_rte_lora_e4_k2_supplement/hpo/cagrad/trial_runs/coord_05_method_baseline_cagrad_inner_lr_002/cagrad_s2.json --curve_out /home/zhujjing/MOE-grad-conflict-routing/runs/paper_suite/single_gpu/single_task/deberta_rte_lora_e4_k2_supplement/hpo/cagrad/trial_runs/coord_05_method_baseline_cagrad_inner_lr_002/cagrad_s2_curve.csv
Using the latest cached version of the dataset since glue couldn't be found on the Hugging Face Hub (offline mode is enabled).
Found the latest cached dataset configuration 'rte' at /home/zhujjing/hf_cache/datasets/glue/rte/0.0.0/bcdcba79d07bc864c1c254ccfcedcce55bcc9a8c (last modified on Thu Mar 19 15:00:36 2026).
/home/zhujjing/anaconda3/envs/moe/lib/python3.10/site-packages/transformers/utils/hub.py:124: FutureWarning: Using `TRANSFORMERS_CACHE` is deprecated and will be removed in v5 of Transformers. Use `HF_HOME` instead.
  warnings.warn(
/home/zhujjing/anaconda3/envs/moe/lib/python3.10/site-packages/transformers/convert_slow_tokenizer.py:560: UserWarning: The sentencepiece tokenizer that you are converting to a fast tokenizer uses the byte fallback option which is not implemented in the fast tokenizers. In practice this means that the fast version of the tokenizer can produce unknown tokens whereas the sentencepiece version would have converted these unknown tokens into a sequence of byte tokens matching the original piece of text.
  warnings.warn(
[step 0001/150] method=baseline_cagrad loss=0.7347 train_acc=nan train_loss=nan val_acc=nan val_loss=nan best=-1.0000
[step 0010/150] method=baseline_cagrad loss=0.9401 train_acc=nan train_loss=nan val_acc=nan val_loss=nan best=-1.0000
[step 0020/150] method=baseline_cagrad loss=0.6420 train_acc=nan train_loss=nan val_acc=nan val_loss=nan best=-1.0000
[step 0030/150] method=baseline_cagrad loss=0.6128 train_acc=nan train_loss=nan val_acc=nan val_loss=nan best=-1.0000
[step 0040/150] method=baseline_cagrad loss=0.5526 train_acc=nan train_loss=nan val_acc=nan val_loss=nan best=-1.0000
[step 0050/150] method=baseline_cagrad loss=0.6701 train_acc=0.7852 train_loss=0.5178 val_acc=0.7148 val_loss=0.5697 router_H=0.6811 best=0.7148
           router_load=[0.08002579212188721, 0.3983907401561737, 0.036616601049900055, 0.484966903924942]
[step 0060/150] method=baseline_cagrad loss=0.4820 train_acc=0.7852 train_loss=0.5178 val_acc=0.7148 val_loss=0.5697 router_H=0.6811 best=0.7148
           router_load=[0.08002579212188721, 0.3983907401561737, 0.036616601049900055, 0.484966903924942]
[step 0070/150] method=baseline_cagrad loss=0.6146 train_acc=0.7852 train_loss=0.5178 val_acc=0.7148 val_loss=0.5697 router_H=0.6811 best=0.7148
           router_load=[0.08002579212188721, 0.3983907401561737, 0.036616601049900055, 0.484966903924942]
[step 0080/150] method=baseline_cagrad loss=0.7441 train_acc=0.7852 train_loss=0.5178 val_acc=0.7148 val_loss=0.5697 router_H=0.6811 best=0.7148
           router_load=[0.08002579212188721, 0.3983907401561737, 0.036616601049900055, 0.484966903924942]
[step 0090/150] method=baseline_cagrad loss=0.5337 train_acc=0.7852 train_loss=0.5178 val_acc=0.7148 val_loss=0.5697 router_H=0.6811 best=0.7148
           router_load=[0.08002579212188721, 0.3983907401561737, 0.036616601049900055, 0.484966903924942]
[step 0100/150] method=baseline_cagrad loss=0.5178 train_acc=0.8477 train_loss=0.4191 val_acc=0.7581 val_loss=0.5140 router_H=0.6845 best=0.7581
           router_load=[0.1482902616262436, 0.37555843591690063, 0.1823740452528, 0.2937772870063782]
[step 0110/150] method=baseline_cagrad loss=0.5347 train_acc=0.8477 train_loss=0.4191 val_acc=0.7581 val_loss=0.5140 router_H=0.6845 best=0.7581
           router_load=[0.1482902616262436, 0.37555843591690063, 0.1823740452528, 0.2937772870063782]
[step 0120/150] method=baseline_cagrad loss=0.3148 train_acc=0.8477 train_loss=0.4191 val_acc=0.7581 val_loss=0.5140 router_H=0.6845 best=0.7581
           router_load=[0.1482902616262436, 0.37555843591690063, 0.1823740452528, 0.2937772870063782]
[step 0130/150] method=baseline_cagrad loss=0.6561 train_acc=0.8477 train_loss=0.4191 val_acc=0.7581 val_loss=0.5140 router_H=0.6845 best=0.7581
           router_load=[0.1482902616262436, 0.37555843591690063, 0.1823740452528, 0.2937772870063782]
[step 0140/150] method=baseline_cagrad loss=0.6863 train_acc=0.8477 train_loss=0.4191 val_acc=0.7581 val_loss=0.5140 router_H=0.6845 best=0.7581
           router_load=[0.1482902616262436, 0.37555843591690063, 0.1823740452528, 0.2937772870063782]
[step 0150/150] method=baseline_cagrad loss=0.5384 train_acc=0.9375 train_loss=0.2310 val_acc=0.8123 val_loss=0.4360 router_H=0.6857 best=0.8123
           router_load=[0.02581659145653248, 0.37354886531829834, 0.42501771450042725, 0.17561683058738708]
saved summary -> /home/zhujjing/MOE-grad-conflict-routing/runs/paper_suite/single_gpu/single_task/deberta_rte_lora_e4_k2_supplement/hpo/cagrad/trial_runs/coord_05_method_baseline_cagrad_inner_lr_002/cagrad_s2.json
saved curve -> /home/zhujjing/MOE-grad-conflict-routing/runs/paper_suite/single_gpu/single_task/deberta_rte_lora_e4_k2_supplement/hpo/cagrad/trial_runs/coord_05_method_baseline_cagrad_inner_lr_002/cagrad_s2_curve.csv
