[run] method=cagrad candidate=coord_05_method_baseline_cagrad_inner_lr_015 seed=3 steps=150 gpu=0
[run] cmd=
/home/zhujjing/anaconda3/envs/moe/bin/python /home/zhujjing/MOE-grad-conflict-routing/scripts/run.py --config configs/singletask_rte_real.yaml --set model.backbone_backend=hf --set model.hf_load_pretrained=true --set model.hf_local_files_only=true --set model.backbone=deberta --set model.hf_pretrained_name=microsoft/deberta-v3-base --set model.expert_type=lora --set model.routing_mode=topk --set model.num_experts=4 --set model.top_k=2 --set seed=3 --set method.name=baseline_cagrad --set train.steps=150 --set train.eval_every_steps=50 --set method.baseline_cagrad.c=0.4811638322 --set method.baseline_cagrad.inner_lr=0.1550854002 --set train.grad_clip=1.016176527 --set train.lr=4.460286243e-05 --set train.weight_decay=0.0003465461751 --out /home/zhujjing/MOE-grad-conflict-routing/runs/paper_suite/single_gpu/single_task/deberta_rte_lora_e4_k2_supplement/hpo/cagrad/trial_runs/coord_05_method_baseline_cagrad_inner_lr_015/cagrad_s3.json --curve_out /home/zhujjing/MOE-grad-conflict-routing/runs/paper_suite/single_gpu/single_task/deberta_rte_lora_e4_k2_supplement/hpo/cagrad/trial_runs/coord_05_method_baseline_cagrad_inner_lr_015/cagrad_s3_curve.csv
Using the latest cached version of the dataset since glue couldn't be found on the Hugging Face Hub (offline mode is enabled).
Found the latest cached dataset configuration 'rte' at /home/zhujjing/hf_cache/datasets/glue/rte/0.0.0/bcdcba79d07bc864c1c254ccfcedcce55bcc9a8c (last modified on Thu Mar 19 15:00:36 2026).
/home/zhujjing/anaconda3/envs/moe/lib/python3.10/site-packages/transformers/utils/hub.py:124: FutureWarning: Using `TRANSFORMERS_CACHE` is deprecated and will be removed in v5 of Transformers. Use `HF_HOME` instead.
  warnings.warn(
/home/zhujjing/anaconda3/envs/moe/lib/python3.10/site-packages/transformers/convert_slow_tokenizer.py:560: UserWarning: The sentencepiece tokenizer that you are converting to a fast tokenizer uses the byte fallback option which is not implemented in the fast tokenizers. In practice this means that the fast version of the tokenizer can produce unknown tokens whereas the sentencepiece version would have converted these unknown tokens into a sequence of byte tokens matching the original piece of text.
  warnings.warn(
[step 0001/150] method=baseline_cagrad loss=0.7358 train_acc=nan train_loss=nan val_acc=nan val_loss=nan best=-1.0000
[step 0010/150] method=baseline_cagrad loss=0.7160 train_acc=nan train_loss=nan val_acc=nan val_loss=nan best=-1.0000
[step 0020/150] method=baseline_cagrad loss=0.6629 train_acc=nan train_loss=nan val_acc=nan val_loss=nan best=-1.0000
[step 0030/150] method=baseline_cagrad loss=0.5860 train_acc=nan train_loss=nan val_acc=nan val_loss=nan best=-1.0000
[step 0040/150] method=baseline_cagrad loss=0.7190 train_acc=nan train_loss=nan val_acc=nan val_loss=nan best=-1.0000
[step 0050/150] method=baseline_cagrad loss=0.6117 train_acc=0.7539 train_loss=0.5472 val_acc=0.6859 val_loss=0.6014 router_H=0.6568 best=0.6859
           router_load=[0.05364825949072838, 0.0, 0.32523444294929504, 0.621117353439331]
[step 0060/150] method=baseline_cagrad loss=0.5452 train_acc=0.7539 train_loss=0.5472 val_acc=0.6859 val_loss=0.6014 router_H=0.6568 best=0.6859
           router_load=[0.05364825949072838, 0.0, 0.32523444294929504, 0.621117353439331]
[step 0070/150] method=baseline_cagrad loss=0.6943 train_acc=0.7539 train_loss=0.5472 val_acc=0.6859 val_loss=0.6014 router_H=0.6568 best=0.6859
           router_load=[0.05364825949072838, 0.0, 0.32523444294929504, 0.621117353439331]
[step 0080/150] method=baseline_cagrad loss=0.3745 train_acc=0.7539 train_loss=0.5472 val_acc=0.6859 val_loss=0.6014 router_H=0.6568 best=0.6859
           router_load=[0.05364825949072838, 0.0, 0.32523444294929504, 0.621117353439331]
[step 0090/150] method=baseline_cagrad loss=0.6660 train_acc=0.7539 train_loss=0.5472 val_acc=0.6859 val_loss=0.6014 router_H=0.6568 best=0.6859
           router_load=[0.05364825949072838, 0.0, 0.32523444294929504, 0.621117353439331]
[step 0100/150] method=baseline_cagrad loss=0.8913 train_acc=0.8594 train_loss=0.3579 val_acc=0.7617 val_loss=0.5135 router_H=0.6377 best=0.7617
           router_load=[0.06013220176100731, 0.0039943489246070385, 0.2889373302459717, 0.6469359993934631]
[step 0110/150] method=baseline_cagrad loss=0.6218 train_acc=0.8594 train_loss=0.3579 val_acc=0.7617 val_loss=0.5135 router_H=0.6377 best=0.7617
           router_load=[0.06013220176100731, 0.0039943489246070385, 0.2889373302459717, 0.6469359993934631]
[step 0120/150] method=baseline_cagrad loss=0.4386 train_acc=0.8594 train_loss=0.3579 val_acc=0.7617 val_loss=0.5135 router_H=0.6377 best=0.7617
           router_load=[0.06013220176100731, 0.0039943489246070385, 0.2889373302459717, 0.6469359993934631]
[step 0130/150] method=baseline_cagrad loss=0.5103 train_acc=0.8594 train_loss=0.3579 val_acc=0.7617 val_loss=0.5135 router_H=0.6377 best=0.7617
           router_load=[0.06013220176100731, 0.0039943489246070385, 0.2889373302459717, 0.6469359993934631]
[step 0140/150] method=baseline_cagrad loss=0.3134 train_acc=0.8594 train_loss=0.3579 val_acc=0.7617 val_loss=0.5135 router_H=0.6377 best=0.7617
           router_load=[0.06013220176100731, 0.0039943489246070385, 0.2889373302459717, 0.6469359993934631]
[step 0150/150] method=baseline_cagrad loss=0.3462 train_acc=0.9219 train_loss=0.2503 val_acc=0.8159 val_loss=0.4377 router_H=0.5963 best=0.8159
           router_load=[0.16067621111869812, 0.009234440512955189, 0.12509866058826447, 0.7049906849861145]
saved summary -> /home/zhujjing/MOE-grad-conflict-routing/runs/paper_suite/single_gpu/single_task/deberta_rte_lora_e4_k2_supplement/hpo/cagrad/trial_runs/coord_05_method_baseline_cagrad_inner_lr_015/cagrad_s3.json
saved curve -> /home/zhujjing/MOE-grad-conflict-routing/runs/paper_suite/single_gpu/single_task/deberta_rte_lora_e4_k2_supplement/hpo/cagrad/trial_runs/coord_05_method_baseline_cagrad_inner_lr_015/cagrad_s3_curve.csv
