[run] method=cagrad candidate=coord_05_method_baseline_cagrad_inner_lr_011 seed=2 steps=150 gpu=0
[run] cmd=
/home/zhujjing/anaconda3/envs/moe/bin/python /home/zhujjing/MOE-grad-conflict-routing/scripts/run.py --config configs/singletask_rte_real.yaml --set model.backbone_backend=hf --set model.hf_load_pretrained=true --set model.hf_local_files_only=true --set model.backbone=deberta --set model.hf_pretrained_name=microsoft/deberta-v3-base --set model.expert_type=lora --set model.routing_mode=topk --set model.num_experts=4 --set model.top_k=2 --set seed=2 --set method.name=baseline_cagrad --set train.steps=150 --set train.eval_every_steps=50 --set method.baseline_cagrad.c=0.4811638322 --set method.baseline_cagrad.inner_lr=0.3592481994 --set train.grad_clip=1.016176527 --set train.lr=4.460286243e-05 --set train.weight_decay=0.0003465461751 --out /home/zhujjing/MOE-grad-conflict-routing/runs/paper_suite/single_gpu/single_task/deberta_rte_lora_e4_k2_supplement/hpo/cagrad/trial_runs/coord_05_method_baseline_cagrad_inner_lr_011/cagrad_s2.json --curve_out /home/zhujjing/MOE-grad-conflict-routing/runs/paper_suite/single_gpu/single_task/deberta_rte_lora_e4_k2_supplement/hpo/cagrad/trial_runs/coord_05_method_baseline_cagrad_inner_lr_011/cagrad_s2_curve.csv
Using the latest cached version of the dataset since glue couldn't be found on the Hugging Face Hub (offline mode is enabled).
Found the latest cached dataset configuration 'rte' at /home/zhujjing/hf_cache/datasets/glue/rte/0.0.0/bcdcba79d07bc864c1c254ccfcedcce55bcc9a8c (last modified on Thu Mar 19 15:00:36 2026).
/home/zhujjing/anaconda3/envs/moe/lib/python3.10/site-packages/transformers/utils/hub.py:124: FutureWarning: Using `TRANSFORMERS_CACHE` is deprecated and will be removed in v5 of Transformers. Use `HF_HOME` instead.
  warnings.warn(
/home/zhujjing/anaconda3/envs/moe/lib/python3.10/site-packages/transformers/convert_slow_tokenizer.py:560: UserWarning: The sentencepiece tokenizer that you are converting to a fast tokenizer uses the byte fallback option which is not implemented in the fast tokenizers. In practice this means that the fast version of the tokenizer can produce unknown tokens whereas the sentencepiece version would have converted these unknown tokens into a sequence of byte tokens matching the original piece of text.
  warnings.warn(
[step 0001/150] method=baseline_cagrad loss=0.7854 train_acc=nan train_loss=nan val_acc=nan val_loss=nan best=-1.0000
[step 0010/150] method=baseline_cagrad loss=0.9083 train_acc=nan train_loss=nan val_acc=nan val_loss=nan best=-1.0000
[step 0020/150] method=baseline_cagrad loss=0.6578 train_acc=nan train_loss=nan val_acc=nan val_loss=nan best=-1.0000
[step 0030/150] method=baseline_cagrad loss=0.6654 train_acc=nan train_loss=nan val_acc=nan val_loss=nan best=-1.0000
[step 0040/150] method=baseline_cagrad loss=0.7018 train_acc=nan train_loss=nan val_acc=nan val_loss=nan best=-1.0000
[step 0050/150] method=baseline_cagrad loss=0.6552 train_acc=0.7539 train_loss=0.5221 val_acc=0.7148 val_loss=0.5783 router_H=0.6770 best=0.7148
           router_load=[0.0, 0.5707964301109314, 0.0, 0.42920374870300293]
[step 0060/150] method=baseline_cagrad loss=0.5425 train_acc=0.7539 train_loss=0.5221 val_acc=0.7148 val_loss=0.5783 router_H=0.6770 best=0.7148
           router_load=[0.0, 0.5707964301109314, 0.0, 0.42920374870300293]
[step 0070/150] method=baseline_cagrad loss=0.6360 train_acc=0.7539 train_loss=0.5221 val_acc=0.7148 val_loss=0.5783 router_H=0.6770 best=0.7148
           router_load=[0.0, 0.5707964301109314, 0.0, 0.42920374870300293]
[step 0080/150] method=baseline_cagrad loss=0.6000 train_acc=0.7539 train_loss=0.5221 val_acc=0.7148 val_loss=0.5783 router_H=0.6770 best=0.7148
           router_load=[0.0, 0.5707964301109314, 0.0, 0.42920374870300293]
[step 0090/150] method=baseline_cagrad loss=0.3584 train_acc=0.7539 train_loss=0.5221 val_acc=0.7148 val_loss=0.5783 router_H=0.6770 best=0.7148
           router_load=[0.0, 0.5707964301109314, 0.0, 0.42920374870300293]
[step 0100/150] method=baseline_cagrad loss=0.5258 train_acc=0.8320 train_loss=0.4451 val_acc=0.7834 val_loss=0.5045 router_H=0.6881 best=0.7834
           router_load=[0.0, 0.49508243799209595, 0.0, 0.5049175024032593]
[step 0110/150] method=baseline_cagrad loss=0.5020 train_acc=0.8320 train_loss=0.4451 val_acc=0.7834 val_loss=0.5045 router_H=0.6881 best=0.7834
           router_load=[0.0, 0.49508243799209595, 0.0, 0.5049175024032593]
[step 0120/150] method=baseline_cagrad loss=0.2979 train_acc=0.8320 train_loss=0.4451 val_acc=0.7834 val_loss=0.5045 router_H=0.6881 best=0.7834
           router_load=[0.0, 0.49508243799209595, 0.0, 0.5049175024032593]
[step 0130/150] method=baseline_cagrad loss=0.5208 train_acc=0.8320 train_loss=0.4451 val_acc=0.7834 val_loss=0.5045 router_H=0.6881 best=0.7834
           router_load=[0.0, 0.49508243799209595, 0.0, 0.5049175024032593]
[step 0140/150] method=baseline_cagrad loss=0.6080 train_acc=0.8320 train_loss=0.4451 val_acc=0.7834 val_loss=0.5045 router_H=0.6881 best=0.7834
           router_load=[0.0, 0.49508243799209595, 0.0, 0.5049175024032593]
[step 0150/150] method=baseline_cagrad loss=0.5561 train_acc=0.8906 train_loss=0.2441 val_acc=0.8303 val_loss=0.4255 router_H=0.6842 best=0.8303
           router_load=[0.0, 0.5320506691932678, 0.0, 0.46794945001602173]
saved summary -> /home/zhujjing/MOE-grad-conflict-routing/runs/paper_suite/single_gpu/single_task/deberta_rte_lora_e4_k2_supplement/hpo/cagrad/trial_runs/coord_05_method_baseline_cagrad_inner_lr_011/cagrad_s2.json
saved curve -> /home/zhujjing/MOE-grad-conflict-routing/runs/paper_suite/single_gpu/single_task/deberta_rte_lora_e4_k2_supplement/hpo/cagrad/trial_runs/coord_05_method_baseline_cagrad_inner_lr_011/cagrad_s2_curve.csv
