[run] method=ours candidate=local_var_topk_010 seed=3 steps=150 gpu=0
[run] cmd=
/home/zhujjing/anaconda3/envs/moe/bin/python /home/zhujjing/MOE-grad-conflict-routing/scripts/run.py --config configs/singletask_sst2_real.yaml --set model.backbone_backend=hf --set model.hf_load_pretrained=true --set model.backbone=roberta --set model.hf_pretrained_name=roberta-base --set model.expert_type=ffn --set model.routing_mode=topk --set model.num_experts=4 --set model.top_k=2 --set seed=3 --set method.name=ours --set train.steps=150 --set train.eval_every_steps=50 --set method.ours.use_load_norm=true --set method.ours.lambda_align=1e-05 --set train.grad_clip=0.6534831993 --set train.lr=2.1669298e-05 --set train.weight_decay=0.01547655633 --out /home/zhujjing/MOE-grad-conflict-routing/runs/paper_suite/single_gpu/single_task/roberta_sst2_ffn_e4_k2/hpo/ours/trial_runs/local_var_topk_010/ours_s3.json --curve_out /home/zhujjing/MOE-grad-conflict-routing/runs/paper_suite/single_gpu/single_task/roberta_sst2_ffn_e4_k2/hpo/ours/trial_runs/local_var_topk_010/ours_s3_curve.csv
Using the latest cached version of the dataset since glue couldn't be found on the Hugging Face Hub (offline mode is enabled).
Found the latest cached dataset configuration 'sst2' at /home/zhujjing/hf_cache/datasets/glue/sst2/0.0.0/bcdcba79d07bc864c1c254ccfcedcce55bcc9a8c (last modified on Thu Mar 19 15:01:41 2026).
/home/zhujjing/anaconda3/envs/moe/lib/python3.10/site-packages/transformers/utils/hub.py:124: FutureWarning: Using `TRANSFORMERS_CACHE` is deprecated and will be removed in v5 of Transformers. Use `HF_HOME` instead.
  warnings.warn(
Some weights of RobertaModel were not initialized from the model checkpoint at roberta-base and are newly initialized: ['roberta.pooler.dense.bias', 'roberta.pooler.dense.weight']
You should probably TRAIN this model on a down-stream task to be able to use it for predictions and inference.
[step 0001/150] method=ours loss=0.6969 train_acc=nan train_loss=nan val_acc=nan val_loss=nan best=-1.0000
[step 0010/150] method=ours loss=0.6560 train_acc=nan train_loss=nan val_acc=nan val_loss=nan best=-1.0000
[step 0020/150] method=ours loss=0.5998 train_acc=nan train_loss=nan val_acc=nan val_loss=nan best=-1.0000
[step 0030/150] method=ours loss=0.5972 train_acc=nan train_loss=nan val_acc=nan val_loss=nan best=-1.0000
[step 0040/150] method=ours loss=0.6917 train_acc=nan train_loss=nan val_acc=nan val_loss=nan best=-1.0000
[step 0050/150] method=ours loss=0.6313 train_acc=0.8428 train_loss=0.4017 val_acc=0.8085 val_loss=0.4603 router_H=0.4136 best=0.8085
           router_load=[0.6258003115653992, 0.283383846282959, 0.014393470250070095, 0.07642242312431335]
[step 0060/150] method=ours loss=0.5969 train_acc=0.8428 train_loss=0.4017 val_acc=0.8085 val_loss=0.4603 router_H=0.4136 best=0.8085
           router_load=[0.6258003115653992, 0.283383846282959, 0.014393470250070095, 0.07642242312431335]
[step 0070/150] method=ours loss=0.5426 train_acc=0.8428 train_loss=0.4017 val_acc=0.8085 val_loss=0.4603 router_H=0.4136 best=0.8085
           router_load=[0.6258003115653992, 0.283383846282959, 0.014393470250070095, 0.07642242312431335]
[step 0080/150] method=ours loss=0.3561 train_acc=0.8428 train_loss=0.4017 val_acc=0.8085 val_loss=0.4603 router_H=0.4136 best=0.8085
           router_load=[0.6258003115653992, 0.283383846282959, 0.014393470250070095, 0.07642242312431335]
[step 0090/150] method=ours loss=0.2408 train_acc=0.8428 train_loss=0.4017 val_acc=0.8085 val_loss=0.4603 router_H=0.4136 best=0.8085
           router_load=[0.6258003115653992, 0.283383846282959, 0.014393470250070095, 0.07642242312431335]
[step 0100/150] method=ours loss=0.4041 train_acc=0.8602 train_loss=0.4193 val_acc=0.8658 val_loss=0.4213 router_H=0.3722 best=0.8658
           router_load=[0.728065013885498, 0.25922662019729614, 0.010731465183198452, 0.0019769337959587574]
[step 0110/150] method=ours loss=0.1669 train_acc=0.8602 train_loss=0.4193 val_acc=0.8658 val_loss=0.4213 router_H=0.3722 best=0.8658
           router_load=[0.728065013885498, 0.25922662019729614, 0.010731465183198452, 0.0019769337959587574]
[step 0120/150] method=ours loss=0.5299 train_acc=0.8602 train_loss=0.4193 val_acc=0.8658 val_loss=0.4213 router_H=0.3722 best=0.8658
           router_load=[0.728065013885498, 0.25922662019729614, 0.010731465183198452, 0.0019769337959587574]
[step 0130/150] method=ours loss=0.5840 train_acc=0.8602 train_loss=0.4193 val_acc=0.8658 val_loss=0.4213 router_H=0.3722 best=0.8658
           router_load=[0.728065013885498, 0.25922662019729614, 0.010731465183198452, 0.0019769337959587574]
[step 0140/150] method=ours loss=0.1334 train_acc=0.8602 train_loss=0.4193 val_acc=0.8658 val_loss=0.4213 router_H=0.3722 best=0.8658
           router_load=[0.728065013885498, 0.25922662019729614, 0.010731465183198452, 0.0019769337959587574]
[step 0150/150] method=ours loss=0.2163 train_acc=0.8687 train_loss=0.3480 val_acc=0.8899 val_loss=0.3065 router_H=0.3127 best=0.8899
           router_load=[0.4620835483074188, 0.5212642550468445, 0.015028620138764381, 0.0016237107338383794]
saved summary -> /home/zhujjing/MOE-grad-conflict-routing/runs/paper_suite/single_gpu/single_task/roberta_sst2_ffn_e4_k2/hpo/ours/trial_runs/local_var_topk_010/ours_s3.json
saved curve -> /home/zhujjing/MOE-grad-conflict-routing/runs/paper_suite/single_gpu/single_task/roberta_sst2_ffn_e4_k2/hpo/ours/trial_runs/local_var_topk_010/ours_s3_curve.csv
