[run] method=baseline candidate=coord_02_train_weight_decay_018 seed=3 steps=200 gpu=0
[run] cmd=
/root/miniconda3/envs/optimization/bin/python /root/Optimization/MOE-grad-conflict-routing/scripts/run.py --config configs/singletask_cola_real.yaml --set model.backbone_backend=hf --set model.hf_load_pretrained=true --set model.backbone=roberta --set model.hf_pretrained_name=roberta-base --set model.expert_type=lora --set model.routing_mode=topk --set model.num_experts=4 --set model.top_k=2 --set seed=3 --set method.name=baseline_avg --set train.steps=200 --set train.eval_every_steps=50 --set train.grad_clip=1 --set train.lr=1.263268742e-05 --set train.weight_decay=0.01471133122 --out /root/Optimization/MOE-grad-conflict-routing/runs/paper_suite_supplement/single_task_add_rerun/single_task/roberta_cola_lora_e4_k2/hpo/baseline/trial_runs/coord_02_train_weight_decay_018/baseline_s3.json --curve_out /root/Optimization/MOE-grad-conflict-routing/runs/paper_suite_supplement/single_task_add_rerun/single_task/roberta_cola_lora_e4_k2/hpo/baseline/trial_runs/coord_02_train_weight_decay_018/baseline_s3_curve.csv
Using the latest cached version of the dataset since glue couldn't be found on the Hugging Face Hub (offline mode is enabled).
Found the latest cached dataset configuration 'cola' at /root/.cache/huggingface/datasets/glue/cola/0.0.0/bcdcba79d07bc864c1c254ccfcedcce55bcc9a8c (last modified on Sun Mar 22 21:46:35 2026).
Loading weights:   0%|          | 0/197 [00:00<?, ?it/s]Loading weights: 100%|██████████| 197/197 [00:00<00:00, 6285.92it/s]
[1mRobertaModel LOAD REPORT[0m from: roberta-base
Key                             | Status     | 
--------------------------------+------------+-
lm_head.dense.weight            | UNEXPECTED | 
lm_head.layer_norm.weight       | UNEXPECTED | 
lm_head.bias                    | UNEXPECTED | 
lm_head.layer_norm.bias         | UNEXPECTED | 
lm_head.dense.bias              | UNEXPECTED | 
roberta.embeddings.position_ids | UNEXPECTED | 
pooler.dense.weight             | MISSING    | 
pooler.dense.bias               | MISSING    | 

[3mNotes:
- UNEXPECTED[3m	:can be ignored when loading from different task/architecture; not ok if you expect identical arch.
- MISSING[3m	:those params were newly initialized because missing from the checkpoint. Consider training on your downstream task.[0m
[step 0001/200] method=baseline_avg loss=0.6366 train_acc=nan train_loss=nan val_acc=nan val_loss=nan best=-1.0000
[step 0010/200] method=baseline_avg loss=0.4407 train_acc=nan train_loss=nan val_acc=nan val_loss=nan best=-1.0000
[step 0020/200] method=baseline_avg loss=0.7717 train_acc=nan train_loss=nan val_acc=nan val_loss=nan best=-1.0000
[step 0030/200] method=baseline_avg loss=0.6762 train_acc=nan train_loss=nan val_acc=nan val_loss=nan best=-1.0000
[step 0040/200] method=baseline_avg loss=0.7075 train_acc=nan train_loss=nan val_acc=nan val_loss=nan best=-1.0000
[step 0050/200] method=baseline_avg loss=0.6456 train_acc=0.7044 train_loss=0.5937 val_acc=0.6913 val_loss=0.6189 router_H=0.6313 best=0.6913
           router_load=[0.3083893954753876, 0.0019253920763731003, 0.019005347043275833, 0.6706801056861877]
[step 0060/200] method=baseline_avg loss=0.5211 train_acc=0.7044 train_loss=0.5937 val_acc=0.6913 val_loss=0.6189 router_H=0.6313 best=0.6913
           router_load=[0.3083893954753876, 0.0019253920763731003, 0.019005347043275833, 0.6706801056861877]
[step 0070/200] method=baseline_avg loss=0.5971 train_acc=0.7044 train_loss=0.5937 val_acc=0.6913 val_loss=0.6189 router_H=0.6313 best=0.6913
           router_load=[0.3083893954753876, 0.0019253920763731003, 0.019005347043275833, 0.6706801056861877]
[step 0080/200] method=baseline_avg loss=0.4965 train_acc=0.7044 train_loss=0.5937 val_acc=0.6913 val_loss=0.6189 router_H=0.6313 best=0.6913
           router_load=[0.3083893954753876, 0.0019253920763731003, 0.019005347043275833, 0.6706801056861877]
[step 0090/200] method=baseline_avg loss=0.5575 train_acc=0.7044 train_loss=0.5937 val_acc=0.6913 val_loss=0.6189 router_H=0.6313 best=0.6913
           router_load=[0.3083893954753876, 0.0019253920763731003, 0.019005347043275833, 0.6706801056861877]
[step 0100/200] method=baseline_avg loss=0.4619 train_acc=0.7909 train_loss=0.4590 val_acc=0.7728 val_loss=0.5158 router_H=0.6202 best=0.7728
           router_load=[0.17353898286819458, 0.004694932606071234, 0.14375251531600952, 0.6780133843421936]
[step 0110/200] method=baseline_avg loss=0.4879 train_acc=0.7909 train_loss=0.4590 val_acc=0.7728 val_loss=0.5158 router_H=0.6202 best=0.7728
           router_load=[0.17353898286819458, 0.004694932606071234, 0.14375251531600952, 0.6780133843421936]
[step 0120/200] method=baseline_avg loss=0.5776 train_acc=0.7909 train_loss=0.4590 val_acc=0.7728 val_loss=0.5158 router_H=0.6202 best=0.7728
           router_load=[0.17353898286819458, 0.004694932606071234, 0.14375251531600952, 0.6780133843421936]
[step 0130/200] method=baseline_avg loss=0.6806 train_acc=0.7909 train_loss=0.4590 val_acc=0.7728 val_loss=0.5158 router_H=0.6202 best=0.7728
           router_load=[0.17353898286819458, 0.004694932606071234, 0.14375251531600952, 0.6780133843421936]
[step 0140/200] method=baseline_avg loss=0.6753 train_acc=0.7909 train_loss=0.4590 val_acc=0.7728 val_loss=0.5158 router_H=0.6202 best=0.7728
           router_load=[0.17353898286819458, 0.004694932606071234, 0.14375251531600952, 0.6780133843421936]
[step 0150/200] method=baseline_avg loss=0.3364 train_acc=0.7937 train_loss=0.4447 val_acc=0.7766 val_loss=0.5006 router_H=0.6184 best=0.7766
           router_load=[0.13988083600997925, 0.002068470697849989, 0.1736355423927307, 0.6844151616096497]
[step 0160/200] method=baseline_avg loss=0.4781 train_acc=0.7937 train_loss=0.4447 val_acc=0.7766 val_loss=0.5006 router_H=0.6184 best=0.7766
           router_load=[0.13988083600997925, 0.002068470697849989, 0.1736355423927307, 0.6844151616096497]
[step 0170/200] method=baseline_avg loss=0.3362 train_acc=0.7937 train_loss=0.4447 val_acc=0.7766 val_loss=0.5006 router_H=0.6184 best=0.7766
           router_load=[0.13988083600997925, 0.002068470697849989, 0.1736355423927307, 0.6844151616096497]
[step 0180/200] method=baseline_avg loss=0.5525 train_acc=0.7937 train_loss=0.4447 val_acc=0.7766 val_loss=0.5006 router_H=0.6184 best=0.7766
           router_load=[0.13988083600997925, 0.002068470697849989, 0.1736355423927307, 0.6844151616096497]
[step 0190/200] method=baseline_avg loss=0.6151 train_acc=0.7937 train_loss=0.4447 val_acc=0.7766 val_loss=0.5006 router_H=0.6184 best=0.7766
           router_load=[0.13988083600997925, 0.002068470697849989, 0.1736355423927307, 0.6844151616096497]
[step 0200/200] method=baseline_avg loss=0.6026 train_acc=0.8403 train_loss=0.3886 val_acc=0.8025 val_loss=0.4577 router_H=0.6222 best=0.8025
           router_load=[0.13193123042583466, 0.005460110027343035, 0.18302473425865173, 0.6795842051506042]
saved summary -> /root/Optimization/MOE-grad-conflict-routing/runs/paper_suite_supplement/single_task_add_rerun/single_task/roberta_cola_lora_e4_k2/hpo/baseline/trial_runs/coord_02_train_weight_decay_018/baseline_s3.json
saved curve -> /root/Optimization/MOE-grad-conflict-routing/runs/paper_suite_supplement/single_task_add_rerun/single_task/roberta_cola_lora_e4_k2/hpo/baseline/trial_runs/coord_02_train_weight_decay_018/baseline_s3_curve.csv
