[run] method=baseline candidate=coord_01_train_lr_007 seed=2 steps=150 gpu=0
[run] cmd=
/home/zhujjing/anaconda3/envs/moe/bin/python /home/zhujjing/MOE-grad-conflict-routing/scripts/run.py --config configs/singletask_rte_real.yaml --set model.backbone_backend=hf --set model.hf_load_pretrained=true --set model.hf_local_files_only=true --set model.backbone=deberta --set model.hf_pretrained_name=microsoft/deberta-v3-base --set model.expert_type=lora --set model.routing_mode=topk --set model.num_experts=4 --set model.top_k=2 --set seed=2 --set method.name=baseline_avg --set train.steps=150 --set train.eval_every_steps=50 --set train.grad_clip=1 --set train.lr=4.073235309e-05 --set train.weight_decay=0.01 --out /home/zhujjing/MOE-grad-conflict-routing/runs/paper_suite/single_gpu/single_task/deberta_rte_lora_e4_k2_supplement/hpo/baseline/trial_runs/coord_01_train_lr_007/baseline_s2.json --curve_out /home/zhujjing/MOE-grad-conflict-routing/runs/paper_suite/single_gpu/single_task/deberta_rte_lora_e4_k2_supplement/hpo/baseline/trial_runs/coord_01_train_lr_007/baseline_s2_curve.csv
Using the latest cached version of the dataset since glue couldn't be found on the Hugging Face Hub (offline mode is enabled).
Found the latest cached dataset configuration 'rte' at /home/zhujjing/hf_cache/datasets/glue/rte/0.0.0/bcdcba79d07bc864c1c254ccfcedcce55bcc9a8c (last modified on Thu Mar 19 15:00:36 2026).
/home/zhujjing/anaconda3/envs/moe/lib/python3.10/site-packages/transformers/utils/hub.py:124: FutureWarning: Using `TRANSFORMERS_CACHE` is deprecated and will be removed in v5 of Transformers. Use `HF_HOME` instead.
  warnings.warn(
/home/zhujjing/anaconda3/envs/moe/lib/python3.10/site-packages/transformers/convert_slow_tokenizer.py:560: UserWarning: The sentencepiece tokenizer that you are converting to a fast tokenizer uses the byte fallback option which is not implemented in the fast tokenizers. In practice this means that the fast version of the tokenizer can produce unknown tokens whereas the sentencepiece version would have converted these unknown tokens into a sequence of byte tokens matching the original piece of text.
  warnings.warn(
[step 0001/150] method=baseline_avg loss=0.8614 train_acc=nan train_loss=nan val_acc=nan val_loss=nan best=-1.0000
[step 0010/150] method=baseline_avg loss=0.9531 train_acc=nan train_loss=nan val_acc=nan val_loss=nan best=-1.0000
[step 0020/150] method=baseline_avg loss=0.6719 train_acc=nan train_loss=nan val_acc=nan val_loss=nan best=-1.0000
[step 0030/150] method=baseline_avg loss=0.5352 train_acc=nan train_loss=nan val_acc=nan val_loss=nan best=-1.0000
[step 0040/150] method=baseline_avg loss=0.7246 train_acc=nan train_loss=nan val_acc=nan val_loss=nan best=-1.0000
[step 0050/150] method=baseline_avg loss=0.6469 train_acc=0.7578 train_loss=0.5547 val_acc=0.7184 val_loss=0.5723 router_H=0.5977 best=0.7184
           router_load=[0.7071182131767273, 0.02124052494764328, 0.015359251759946346, 0.2562820017337799]
[step 0060/150] method=baseline_avg loss=0.5061 train_acc=0.7578 train_loss=0.5547 val_acc=0.7184 val_loss=0.5723 router_H=0.5977 best=0.7184
           router_load=[0.7071182131767273, 0.02124052494764328, 0.015359251759946346, 0.2562820017337799]
[step 0070/150] method=baseline_avg loss=0.6201 train_acc=0.7578 train_loss=0.5547 val_acc=0.7184 val_loss=0.5723 router_H=0.5977 best=0.7184
           router_load=[0.7071182131767273, 0.02124052494764328, 0.015359251759946346, 0.2562820017337799]
[step 0080/150] method=baseline_avg loss=0.5815 train_acc=0.7578 train_loss=0.5547 val_acc=0.7184 val_loss=0.5723 router_H=0.5977 best=0.7184
           router_load=[0.7071182131767273, 0.02124052494764328, 0.015359251759946346, 0.2562820017337799]
[step 0090/150] method=baseline_avg loss=0.3939 train_acc=0.7578 train_loss=0.5547 val_acc=0.7184 val_loss=0.5723 router_H=0.5977 best=0.7184
           router_load=[0.7071182131767273, 0.02124052494764328, 0.015359251759946346, 0.2562820017337799]
[step 0100/150] method=baseline_avg loss=0.5447 train_acc=0.8320 train_loss=0.4294 val_acc=0.7581 val_loss=0.5112 router_H=0.5841 best=0.7581
           router_load=[0.7219527959823608, 0.05064549669623375, 0.009082083590328693, 0.2183196246623993]
[step 0110/150] method=baseline_avg loss=0.4683 train_acc=0.8320 train_loss=0.4294 val_acc=0.7581 val_loss=0.5112 router_H=0.5841 best=0.7581
           router_load=[0.7219527959823608, 0.05064549669623375, 0.009082083590328693, 0.2183196246623993]
[step 0120/150] method=baseline_avg loss=0.2853 train_acc=0.8320 train_loss=0.4294 val_acc=0.7581 val_loss=0.5112 router_H=0.5841 best=0.7581
           router_load=[0.7219527959823608, 0.05064549669623375, 0.009082083590328693, 0.2183196246623993]
[step 0130/150] method=baseline_avg loss=0.5465 train_acc=0.8320 train_loss=0.4294 val_acc=0.7581 val_loss=0.5112 router_H=0.5841 best=0.7581
           router_load=[0.7219527959823608, 0.05064549669623375, 0.009082083590328693, 0.2183196246623993]
[step 0140/150] method=baseline_avg loss=0.5327 train_acc=0.8320 train_loss=0.4294 val_acc=0.7581 val_loss=0.5112 router_H=0.5841 best=0.7581
           router_load=[0.7219527959823608, 0.05064549669623375, 0.009082083590328693, 0.2183196246623993]
[step 0150/150] method=baseline_avg loss=0.5763 train_acc=0.9336 train_loss=0.2340 val_acc=0.8159 val_loss=0.4201 router_H=0.5937 best=0.8159
           router_load=[0.6937599182128906, 0.006732617039233446, 0.014656095765531063, 0.2848513722419739]
saved summary -> /home/zhujjing/MOE-grad-conflict-routing/runs/paper_suite/single_gpu/single_task/deberta_rte_lora_e4_k2_supplement/hpo/baseline/trial_runs/coord_01_train_lr_007/baseline_s2.json
saved curve -> /home/zhujjing/MOE-grad-conflict-routing/runs/paper_suite/single_gpu/single_task/deberta_rte_lora_e4_k2_supplement/hpo/baseline/trial_runs/coord_01_train_lr_007/baseline_s2_curve.csv
