[run] method=ours candidate=local_var_topk_031 seed=3 steps=1000 gpu=0
[run] cmd=
/root/miniconda3/envs/optimization/bin/python /root/Optimization/MOE-grad-conflict-routing/scripts/run.py --config configs/singletask_rte_real.yaml --set model.backbone_backend=hf --set model.hf_load_pretrained=true --set model.backbone=roberta --set model.hf_pretrained_name=roberta-base --set model.expert_type=ffn --set model.routing_mode=topk --set model.num_experts=4 --set model.top_k=2 --set train.lr=2.5551784142791192e-05 --set seed=3 --set method.name=ours --set train.steps=1000 --set train.eval_every_steps=50 --set method.ours.use_load_norm=true --set method.ours.lambda_align=0.0116630131 --set train.grad_clip=0.5690175238 --set train.lr=1.9805331e-05 --set train.weight_decay=0.01262791402 --out /root/Optimization/MOE-grad-conflict-routing/runs/paper_suite_supplement/single_task_add_rerun/rerun/roberta_rte_ffn_e4_k2_ours_lr_centered/final/ours_s3.json --curve_out /root/Optimization/MOE-grad-conflict-routing/runs/paper_suite_supplement/single_task_add_rerun/rerun/roberta_rte_ffn_e4_k2_ours_lr_centered/final/ours_s3_curve.csv
Using the latest cached version of the dataset since glue couldn't be found on the Hugging Face Hub (offline mode is enabled).
Found the latest cached dataset configuration 'rte' at /root/.cache/huggingface/datasets/glue/rte/0.0.0/bcdcba79d07bc864c1c254ccfcedcce55bcc9a8c (last modified on Sun Mar 22 21:39:13 2026).
Loading weights:   0%|          | 0/197 [00:00<?, ?it/s]Loading weights: 100%|██████████| 197/197 [00:00<00:00, 6241.67it/s]
[1mRobertaModel LOAD REPORT[0m from: roberta-base
Key                             | Status     | 
--------------------------------+------------+-
roberta.embeddings.position_ids | UNEXPECTED | 
lm_head.bias                    | UNEXPECTED | 
lm_head.dense.bias              | UNEXPECTED | 
lm_head.layer_norm.weight       | UNEXPECTED | 
lm_head.dense.weight            | UNEXPECTED | 
lm_head.layer_norm.bias         | UNEXPECTED | 
pooler.dense.weight             | MISSING    | 
pooler.dense.bias               | MISSING    | 

[3mNotes:
- UNEXPECTED[3m	:can be ignored when loading from different task/architecture; not ok if you expect identical arch.
- MISSING[3m	:those params were newly initialized because missing from the checkpoint. Consider training on your downstream task.[0m
[step 0001/1000] method=ours loss=0.6984 train_acc=nan train_loss=nan val_acc=nan val_loss=nan best=-1.0000
[step 0010/1000] method=ours loss=0.7036 train_acc=nan train_loss=nan val_acc=nan val_loss=nan best=-1.0000
[step 0020/1000] method=ours loss=0.6826 train_acc=nan train_loss=nan val_acc=nan val_loss=nan best=-1.0000
[step 0030/1000] method=ours loss=0.6656 train_acc=nan train_loss=nan val_acc=nan val_loss=nan best=-1.0000
[step 0040/1000] method=ours loss=0.6361 train_acc=nan train_loss=nan val_acc=nan val_loss=nan best=-1.0000
[step 0050/1000] method=ours loss=0.6607 train_acc=0.6197 train_loss=0.6589 val_acc=0.5848 val_loss=0.6670 router_H=0.5660 best=0.5848
           router_load=[0.034486040472984314, 0.7394323348999023, 0.17436887323856354, 0.05171274021267891]
[step 0060/1000] method=ours loss=0.5884 train_acc=0.6197 train_loss=0.6589 val_acc=0.5848 val_loss=0.6670 router_H=0.5660 best=0.5848
           router_load=[0.034486040472984314, 0.7394323348999023, 0.17436887323856354, 0.05171274021267891]
[step 0070/1000] method=ours loss=0.6709 train_acc=0.6197 train_loss=0.6589 val_acc=0.5848 val_loss=0.6670 router_H=0.5660 best=0.5848
           router_load=[0.034486040472984314, 0.7394323348999023, 0.17436887323856354, 0.05171274021267891]
[step 0080/1000] method=ours loss=0.5226 train_acc=0.6197 train_loss=0.6589 val_acc=0.5848 val_loss=0.6670 router_H=0.5660 best=0.5848
           router_load=[0.034486040472984314, 0.7394323348999023, 0.17436887323856354, 0.05171274021267891]
[step 0090/1000] method=ours loss=0.6092 train_acc=0.6197 train_loss=0.6589 val_acc=0.5848 val_loss=0.6670 router_H=0.5660 best=0.5848
           router_load=[0.034486040472984314, 0.7394323348999023, 0.17436887323856354, 0.05171274021267891]
[step 0100/1000] method=ours loss=0.7636 train_acc=0.7470 train_loss=0.5486 val_acc=0.6823 val_loss=0.6008 router_H=0.3887 best=0.6823
           router_load=[0.03518533706665039, 0.8112374544143677, 0.1430937796831131, 0.010483377613127232]
[step 0110/1000] method=ours loss=0.5476 train_acc=0.7470 train_loss=0.5486 val_acc=0.6823 val_loss=0.6008 router_H=0.3887 best=0.6823
           router_load=[0.03518533706665039, 0.8112374544143677, 0.1430937796831131, 0.010483377613127232]
[step 0120/1000] method=ours loss=0.6090 train_acc=0.7470 train_loss=0.5486 val_acc=0.6823 val_loss=0.6008 router_H=0.3887 best=0.6823
           router_load=[0.03518533706665039, 0.8112374544143677, 0.1430937796831131, 0.010483377613127232]
[step 0130/1000] method=ours loss=0.6880 train_acc=0.7470 train_loss=0.5486 val_acc=0.6823 val_loss=0.6008 router_H=0.3887 best=0.6823
           router_load=[0.03518533706665039, 0.8112374544143677, 0.1430937796831131, 0.010483377613127232]
[step 0140/1000] method=ours loss=0.5424 train_acc=0.7470 train_loss=0.5486 val_acc=0.6823 val_loss=0.6008 router_H=0.3887 best=0.6823
           router_load=[0.03518533706665039, 0.8112374544143677, 0.1430937796831131, 0.010483377613127232]
[step 0150/1000] method=ours loss=0.5778 train_acc=0.7365 train_loss=0.5230 val_acc=0.6859 val_loss=0.5827 router_H=0.5787 best=0.6859
           router_load=[0.18077588081359863, 0.6508830785751343, 0.1548488289117813, 0.01349209900945425]
[step 0160/1000] method=ours loss=0.6179 train_acc=0.7365 train_loss=0.5230 val_acc=0.6859 val_loss=0.5827 router_H=0.5787 best=0.6859
           router_load=[0.18077588081359863, 0.6508830785751343, 0.1548488289117813, 0.01349209900945425]
[step 0170/1000] method=ours loss=0.4597 train_acc=0.7365 train_loss=0.5230 val_acc=0.6859 val_loss=0.5827 router_H=0.5787 best=0.6859
           router_load=[0.18077588081359863, 0.6508830785751343, 0.1548488289117813, 0.01349209900945425]
[step 0180/1000] method=ours loss=0.9774 train_acc=0.7365 train_loss=0.5230 val_acc=0.6859 val_loss=0.5827 router_H=0.5787 best=0.6859
           router_load=[0.18077588081359863, 0.6508830785751343, 0.1548488289117813, 0.01349209900945425]
[step 0190/1000] method=ours loss=0.6184 train_acc=0.7365 train_loss=0.5230 val_acc=0.6859 val_loss=0.5827 router_H=0.5787 best=0.6859
           router_load=[0.18077588081359863, 0.6508830785751343, 0.1548488289117813, 0.01349209900945425]
[step 0200/1000] method=ours loss=0.4086 train_acc=0.8096 train_loss=0.4392 val_acc=0.6895 val_loss=0.6029 router_H=0.4932 best=0.6895
           router_load=[0.04611872881650925, 0.6689119935035706, 0.27605950832366943, 0.008909889496862888]
[step 0210/1000] method=ours loss=0.5564 train_acc=0.8096 train_loss=0.4392 val_acc=0.6895 val_loss=0.6029 router_H=0.4932 best=0.6895
           router_load=[0.04611872881650925, 0.6689119935035706, 0.27605950832366943, 0.008909889496862888]
[step 0220/1000] method=ours loss=0.6521 train_acc=0.8096 train_loss=0.4392 val_acc=0.6895 val_loss=0.6029 router_H=0.4932 best=0.6895
           router_load=[0.04611872881650925, 0.6689119935035706, 0.27605950832366943, 0.008909889496862888]
[step 0230/1000] method=ours loss=0.4318 train_acc=0.8096 train_loss=0.4392 val_acc=0.6895 val_loss=0.6029 router_H=0.4932 best=0.6895
           router_load=[0.04611872881650925, 0.6689119935035706, 0.27605950832366943, 0.008909889496862888]
[step 0240/1000] method=ours loss=0.4063 train_acc=0.8096 train_loss=0.4392 val_acc=0.6895 val_loss=0.6029 router_H=0.4932 best=0.6895
           router_load=[0.04611872881650925, 0.6689119935035706, 0.27605950832366943, 0.008909889496862888]
[step 0250/1000] method=ours loss=0.5432 train_acc=0.7695 train_loss=0.4740 val_acc=0.7112 val_loss=0.5791 router_H=0.3874 best=0.7112
           router_load=[0.07468094676733017, 0.8257154822349548, 0.0991390123963356, 0.0004645287408493459]
[step 0260/1000] method=ours loss=0.6032 train_acc=0.7695 train_loss=0.4740 val_acc=0.7112 val_loss=0.5791 router_H=0.3874 best=0.7112
           router_load=[0.07468094676733017, 0.8257154822349548, 0.0991390123963356, 0.0004645287408493459]
[step 0270/1000] method=ours loss=0.6508 train_acc=0.7695 train_loss=0.4740 val_acc=0.7112 val_loss=0.5791 router_H=0.3874 best=0.7112
           router_load=[0.07468094676733017, 0.8257154822349548, 0.0991390123963356, 0.0004645287408493459]
[step 0280/1000] method=ours loss=0.6065 train_acc=0.7695 train_loss=0.4740 val_acc=0.7112 val_loss=0.5791 router_H=0.3874 best=0.7112
           router_load=[0.07468094676733017, 0.8257154822349548, 0.0991390123963356, 0.0004645287408493459]
[step 0290/1000] method=ours loss=0.6622 train_acc=0.7695 train_loss=0.4740 val_acc=0.7112 val_loss=0.5791 router_H=0.3874 best=0.7112
           router_load=[0.07468094676733017, 0.8257154822349548, 0.0991390123963356, 0.0004645287408493459]
[step 0300/1000] method=ours loss=0.4485 train_acc=0.8466 train_loss=0.4225 val_acc=0.7148 val_loss=0.6018 router_H=0.6023 best=0.7148
           router_load=[0.14626409113407135, 0.6565224528312683, 0.19721348583698273, 0.0]
[step 0310/1000] method=ours loss=0.3386 train_acc=0.8466 train_loss=0.4225 val_acc=0.7148 val_loss=0.6018 router_H=0.6023 best=0.7148
           router_load=[0.14626409113407135, 0.6565224528312683, 0.19721348583698273, 0.0]
[step 0320/1000] method=ours loss=0.4104 train_acc=0.8466 train_loss=0.4225 val_acc=0.7148 val_loss=0.6018 router_H=0.6023 best=0.7148
           router_load=[0.14626409113407135, 0.6565224528312683, 0.19721348583698273, 0.0]
[step 0330/1000] method=ours loss=0.2830 train_acc=0.8466 train_loss=0.4225 val_acc=0.7148 val_loss=0.6018 router_H=0.6023 best=0.7148
           router_load=[0.14626409113407135, 0.6565224528312683, 0.19721348583698273, 0.0]
[step 0340/1000] method=ours loss=0.3293 train_acc=0.8466 train_loss=0.4225 val_acc=0.7148 val_loss=0.6018 router_H=0.6023 best=0.7148
           router_load=[0.14626409113407135, 0.6565224528312683, 0.19721348583698273, 0.0]
[step 0350/1000] method=ours loss=0.2727 train_acc=0.9064 train_loss=0.2562 val_acc=0.7401 val_loss=0.6050 router_H=0.4324 best=0.7401
           router_load=[0.03675956279039383, 0.6707171201705933, 0.2776937484741211, 0.014829639345407486]
[step 0360/1000] method=ours loss=0.2373 train_acc=0.9064 train_loss=0.2562 val_acc=0.7401 val_loss=0.6050 router_H=0.4324 best=0.7401
           router_load=[0.03675956279039383, 0.6707171201705933, 0.2776937484741211, 0.014829639345407486]
[step 0370/1000] method=ours loss=0.1793 train_acc=0.9064 train_loss=0.2562 val_acc=0.7401 val_loss=0.6050 router_H=0.4324 best=0.7401
           router_load=[0.03675956279039383, 0.6707171201705933, 0.2776937484741211, 0.014829639345407486]
[step 0380/1000] method=ours loss=0.5408 train_acc=0.9064 train_loss=0.2562 val_acc=0.7401 val_loss=0.6050 router_H=0.4324 best=0.7401
           router_load=[0.03675956279039383, 0.6707171201705933, 0.2776937484741211, 0.014829639345407486]
[step 0390/1000] method=ours loss=0.1432 train_acc=0.9064 train_loss=0.2562 val_acc=0.7401 val_loss=0.6050 router_H=0.4324 best=0.7401
           router_load=[0.03675956279039383, 0.6707171201705933, 0.2776937484741211, 0.014829639345407486]
[step 0400/1000] method=ours loss=0.5277 train_acc=0.9201 train_loss=0.2285 val_acc=0.7473 val_loss=0.6349 router_H=0.4126 best=0.7473
           router_load=[0.027583133429288864, 0.6078190207481384, 0.3423020541667938, 0.02229580469429493]
[step 0410/1000] method=ours loss=0.2834 train_acc=0.9201 train_loss=0.2285 val_acc=0.7473 val_loss=0.6349 router_H=0.4126 best=0.7473
           router_load=[0.027583133429288864, 0.6078190207481384, 0.3423020541667938, 0.02229580469429493]
[step 0420/1000] method=ours loss=0.2120 train_acc=0.9201 train_loss=0.2285 val_acc=0.7473 val_loss=0.6349 router_H=0.4126 best=0.7473
           router_load=[0.027583133429288864, 0.6078190207481384, 0.3423020541667938, 0.02229580469429493]
[step 0430/1000] method=ours loss=0.4470 train_acc=0.9201 train_loss=0.2285 val_acc=0.7473 val_loss=0.6349 router_H=0.4126 best=0.7473
           router_load=[0.027583133429288864, 0.6078190207481384, 0.3423020541667938, 0.02229580469429493]
[step 0440/1000] method=ours loss=0.6228 train_acc=0.9201 train_loss=0.2285 val_acc=0.7473 val_loss=0.6349 router_H=0.4126 best=0.7473
           router_load=[0.027583133429288864, 0.6078190207481384, 0.3423020541667938, 0.02229580469429493]
[step 0450/1000] method=ours loss=0.4646 train_acc=0.9333 train_loss=0.1893 val_acc=0.7617 val_loss=0.5610 router_H=0.3803 best=0.7617
           router_load=[0.03902791813015938, 0.7270120978355408, 0.20191211998462677, 0.03204783424735069]
[step 0460/1000] method=ours loss=0.5806 train_acc=0.9333 train_loss=0.1893 val_acc=0.7617 val_loss=0.5610 router_H=0.3803 best=0.7617
           router_load=[0.03902791813015938, 0.7270120978355408, 0.20191211998462677, 0.03204783424735069]
[step 0470/1000] method=ours loss=0.2860 train_acc=0.9333 train_loss=0.1893 val_acc=0.7617 val_loss=0.5610 router_H=0.3803 best=0.7617
           router_load=[0.03902791813015938, 0.7270120978355408, 0.20191211998462677, 0.03204783424735069]
[step 0480/1000] method=ours loss=0.2748 train_acc=0.9333 train_loss=0.1893 val_acc=0.7617 val_loss=0.5610 router_H=0.3803 best=0.7617
           router_load=[0.03902791813015938, 0.7270120978355408, 0.20191211998462677, 0.03204783424735069]
[step 0490/1000] method=ours loss=0.4661 train_acc=0.9333 train_loss=0.1893 val_acc=0.7617 val_loss=0.5610 router_H=0.3803 best=0.7617
           router_load=[0.03902791813015938, 0.7270120978355408, 0.20191211998462677, 0.03204783424735069]
[step 0500/1000] method=ours loss=0.0453 train_acc=0.9446 train_loss=0.1875 val_acc=0.7473 val_loss=0.9754 router_H=0.3041 best=0.7617
           router_load=[0.020783331245183945, 0.6154767870903015, 0.36168429255485535, 0.002055592369288206]
[step 0510/1000] method=ours loss=0.1298 train_acc=0.9446 train_loss=0.1875 val_acc=0.7473 val_loss=0.9754 router_H=0.3041 best=0.7617
           router_load=[0.020783331245183945, 0.6154767870903015, 0.36168429255485535, 0.002055592369288206]
[step 0520/1000] method=ours loss=0.5504 train_acc=0.9446 train_loss=0.1875 val_acc=0.7473 val_loss=0.9754 router_H=0.3041 best=0.7617
           router_load=[0.020783331245183945, 0.6154767870903015, 0.36168429255485535, 0.002055592369288206]
[step 0530/1000] method=ours loss=0.0377 train_acc=0.9446 train_loss=0.1875 val_acc=0.7473 val_loss=0.9754 router_H=0.3041 best=0.7617
           router_load=[0.020783331245183945, 0.6154767870903015, 0.36168429255485535, 0.002055592369288206]
[step 0540/1000] method=ours loss=0.5709 train_acc=0.9446 train_loss=0.1875 val_acc=0.7473 val_loss=0.9754 router_H=0.3041 best=0.7617
           router_load=[0.020783331245183945, 0.6154767870903015, 0.36168429255485535, 0.002055592369288206]
[step 0550/1000] method=ours loss=0.6501 train_acc=0.9526 train_loss=0.1594 val_acc=0.7401 val_loss=0.8983 router_H=0.3009 best=0.7617
           router_load=[0.0016092631267383695, 0.6690855026245117, 0.32694798707962036, 0.002357280580326915]
[step 0560/1000] method=ours loss=0.4599 train_acc=0.9526 train_loss=0.1594 val_acc=0.7401 val_loss=0.8983 router_H=0.3009 best=0.7617
           router_load=[0.0016092631267383695, 0.6690855026245117, 0.32694798707962036, 0.002357280580326915]
[step 0570/1000] method=ours loss=0.1142 train_acc=0.9526 train_loss=0.1594 val_acc=0.7401 val_loss=0.8983 router_H=0.3009 best=0.7617
           router_load=[0.0016092631267383695, 0.6690855026245117, 0.32694798707962036, 0.002357280580326915]
[step 0580/1000] method=ours loss=0.1745 train_acc=0.9526 train_loss=0.1594 val_acc=0.7401 val_loss=0.8983 router_H=0.3009 best=0.7617
           router_load=[0.0016092631267383695, 0.6690855026245117, 0.32694798707962036, 0.002357280580326915]
[step 0590/1000] method=ours loss=0.2068 train_acc=0.9526 train_loss=0.1594 val_acc=0.7401 val_loss=0.8983 router_H=0.3009 best=0.7617
           router_load=[0.0016092631267383695, 0.6690855026245117, 0.32694798707962036, 0.002357280580326915]
[step 0600/1000] method=ours loss=0.1890 train_acc=0.9305 train_loss=0.2299 val_acc=0.7256 val_loss=1.0768 router_H=0.2963 best=0.7617
           router_load=[0.0070005739107728004, 0.7766758799552917, 0.2101200819015503, 0.006203519646078348]
[step 0610/1000] method=ours loss=0.7566 train_acc=0.9305 train_loss=0.2299 val_acc=0.7256 val_loss=1.0768 router_H=0.2963 best=0.7617
           router_load=[0.0070005739107728004, 0.7766758799552917, 0.2101200819015503, 0.006203519646078348]
[step 0620/1000] method=ours loss=0.0496 train_acc=0.9305 train_loss=0.2299 val_acc=0.7256 val_loss=1.0768 router_H=0.2963 best=0.7617
           router_load=[0.0070005739107728004, 0.7766758799552917, 0.2101200819015503, 0.006203519646078348]
[step 0630/1000] method=ours loss=0.0120 train_acc=0.9305 train_loss=0.2299 val_acc=0.7256 val_loss=1.0768 router_H=0.2963 best=0.7617
           router_load=[0.0070005739107728004, 0.7766758799552917, 0.2101200819015503, 0.006203519646078348]
[step 0640/1000] method=ours loss=0.0115 train_acc=0.9305 train_loss=0.2299 val_acc=0.7256 val_loss=1.0768 router_H=0.2963 best=0.7617
           router_load=[0.0070005739107728004, 0.7766758799552917, 0.2101200819015503, 0.006203519646078348]
[step 0650/1000] method=ours loss=0.1762 train_acc=0.9743 train_loss=0.1085 val_acc=0.7509 val_loss=1.1981 router_H=0.2787 best=0.7617
           router_load=[0.0006845464231446385, 0.6252956390380859, 0.363362580537796, 0.01065724529325962]
[step 0660/1000] method=ours loss=0.1860 train_acc=0.9743 train_loss=0.1085 val_acc=0.7509 val_loss=1.1981 router_H=0.2787 best=0.7617
           router_load=[0.0006845464231446385, 0.6252956390380859, 0.363362580537796, 0.01065724529325962]
[step 0670/1000] method=ours loss=0.1727 train_acc=0.9743 train_loss=0.1085 val_acc=0.7509 val_loss=1.1981 router_H=0.2787 best=0.7617
           router_load=[0.0006845464231446385, 0.6252956390380859, 0.363362580537796, 0.01065724529325962]
[step 0680/1000] method=ours loss=0.0067 train_acc=0.9743 train_loss=0.1085 val_acc=0.7509 val_loss=1.1981 router_H=0.2787 best=0.7617
           router_load=[0.0006845464231446385, 0.6252956390380859, 0.363362580537796, 0.01065724529325962]
[step 0690/1000] method=ours loss=0.2152 train_acc=0.9743 train_loss=0.1085 val_acc=0.7509 val_loss=1.1981 router_H=0.2787 best=0.7617
           router_load=[0.0006845464231446385, 0.6252956390380859, 0.363362580537796, 0.01065724529325962]
[step 0700/1000] method=ours loss=0.8299 train_acc=0.9763 train_loss=0.0962 val_acc=0.7509 val_loss=1.3928 router_H=0.2334 best=0.7617
           router_load=[0.0034861774183809757, 0.5399064421653748, 0.44293829798698425, 0.01366910245269537]
[step 0710/1000] method=ours loss=0.2871 train_acc=0.9763 train_loss=0.0962 val_acc=0.7509 val_loss=1.3928 router_H=0.2334 best=0.7617
           router_load=[0.0034861774183809757, 0.5399064421653748, 0.44293829798698425, 0.01366910245269537]
[step 0720/1000] method=ours loss=0.1342 train_acc=0.9763 train_loss=0.0962 val_acc=0.7509 val_loss=1.3928 router_H=0.2334 best=0.7617
           router_load=[0.0034861774183809757, 0.5399064421653748, 0.44293829798698425, 0.01366910245269537]
[step 0730/1000] method=ours loss=0.2950 train_acc=0.9763 train_loss=0.0962 val_acc=0.7509 val_loss=1.3928 router_H=0.2334 best=0.7617
           router_load=[0.0034861774183809757, 0.5399064421653748, 0.44293829798698425, 0.01366910245269537]
[step 0740/1000] method=ours loss=0.3243 train_acc=0.9763 train_loss=0.0962 val_acc=0.7509 val_loss=1.3928 router_H=0.2334 best=0.7617
           router_load=[0.0034861774183809757, 0.5399064421653748, 0.44293829798698425, 0.01366910245269537]
[step 0750/1000] method=ours loss=0.1628 train_acc=0.9739 train_loss=0.0966 val_acc=0.7473 val_loss=1.1153 router_H=0.3135 best=0.7617
           router_load=[0.0048940712586045265, 0.6939874291419983, 0.29924023151397705, 0.0018783831037580967]
[step 0760/1000] method=ours loss=0.0247 train_acc=0.9739 train_loss=0.0966 val_acc=0.7473 val_loss=1.1153 router_H=0.3135 best=0.7617
           router_load=[0.0048940712586045265, 0.6939874291419983, 0.29924023151397705, 0.0018783831037580967]
[step 0770/1000] method=ours loss=0.5578 train_acc=0.9739 train_loss=0.0966 val_acc=0.7473 val_loss=1.1153 router_H=0.3135 best=0.7617
           router_load=[0.0048940712586045265, 0.6939874291419983, 0.29924023151397705, 0.0018783831037580967]
[step 0780/1000] method=ours loss=0.3174 train_acc=0.9739 train_loss=0.0966 val_acc=0.7473 val_loss=1.1153 router_H=0.3135 best=0.7617
           router_load=[0.0048940712586045265, 0.6939874291419983, 0.29924023151397705, 0.0018783831037580967]
[step 0790/1000] method=ours loss=0.3840 train_acc=0.9739 train_loss=0.0966 val_acc=0.7473 val_loss=1.1153 router_H=0.3135 best=0.7617
           router_load=[0.0048940712586045265, 0.6939874291419983, 0.29924023151397705, 0.0018783831037580967]
[step 0800/1000] method=ours loss=0.0067 train_acc=0.9835 train_loss=0.0673 val_acc=0.7581 val_loss=1.2860 router_H=0.2825 best=0.7617
           router_load=[0.012153609655797482, 0.684973418712616, 0.3018142282962799, 0.0010587413562461734]
[step 0810/1000] method=ours loss=0.5048 train_acc=0.9835 train_loss=0.0673 val_acc=0.7581 val_loss=1.2860 router_H=0.2825 best=0.7617
           router_load=[0.012153609655797482, 0.684973418712616, 0.3018142282962799, 0.0010587413562461734]
[step 0820/1000] method=ours loss=0.0022 train_acc=0.9835 train_loss=0.0673 val_acc=0.7581 val_loss=1.2860 router_H=0.2825 best=0.7617
           router_load=[0.012153609655797482, 0.684973418712616, 0.3018142282962799, 0.0010587413562461734]
[step 0830/1000] method=ours loss=0.0083 train_acc=0.9835 train_loss=0.0673 val_acc=0.7581 val_loss=1.2860 router_H=0.2825 best=0.7617
           router_load=[0.012153609655797482, 0.684973418712616, 0.3018142282962799, 0.0010587413562461734]
[step 0840/1000] method=ours loss=0.0823 train_acc=0.9835 train_loss=0.0673 val_acc=0.7581 val_loss=1.2860 router_H=0.2825 best=0.7617
           router_load=[0.012153609655797482, 0.684973418712616, 0.3018142282962799, 0.0010587413562461734]
[step 0850/1000] method=ours loss=0.4509 train_acc=0.9851 train_loss=0.0738 val_acc=0.7256 val_loss=1.4136 router_H=0.2397 best=0.7617
           router_load=[0.04605080559849739, 0.6536252498626709, 0.29790064692497253, 0.002423336962237954]
[step 0860/1000] method=ours loss=0.3329 train_acc=0.9851 train_loss=0.0738 val_acc=0.7256 val_loss=1.4136 router_H=0.2397 best=0.7617
           router_load=[0.04605080559849739, 0.6536252498626709, 0.29790064692497253, 0.002423336962237954]
[step 0870/1000] method=ours loss=0.0570 train_acc=0.9851 train_loss=0.0738 val_acc=0.7256 val_loss=1.4136 router_H=0.2397 best=0.7617
           router_load=[0.04605080559849739, 0.6536252498626709, 0.29790064692497253, 0.002423336962237954]
[step 0880/1000] method=ours loss=0.2409 train_acc=0.9851 train_loss=0.0738 val_acc=0.7256 val_loss=1.4136 router_H=0.2397 best=0.7617
           router_load=[0.04605080559849739, 0.6536252498626709, 0.29790064692497253, 0.002423336962237954]
[step 0890/1000] method=ours loss=0.3547 train_acc=0.9851 train_loss=0.0738 val_acc=0.7256 val_loss=1.4136 router_H=0.2397 best=0.7617
           router_load=[0.04605080559849739, 0.6536252498626709, 0.29790064692497253, 0.002423336962237954]
[step 0900/1000] method=ours loss=0.0031 train_acc=0.9867 train_loss=0.0599 val_acc=0.7762 val_loss=1.2550 router_H=0.2244 best=0.7762
           router_load=[0.004433056339621544, 0.5678762793540955, 0.4208835959434509, 0.006807027384638786]
[step 0910/1000] method=ours loss=0.0217 train_acc=0.9867 train_loss=0.0599 val_acc=0.7762 val_loss=1.2550 router_H=0.2244 best=0.7762
           router_load=[0.004433056339621544, 0.5678762793540955, 0.4208835959434509, 0.006807027384638786]
[step 0920/1000] method=ours loss=0.6282 train_acc=0.9867 train_loss=0.0599 val_acc=0.7762 val_loss=1.2550 router_H=0.2244 best=0.7762
           router_load=[0.004433056339621544, 0.5678762793540955, 0.4208835959434509, 0.006807027384638786]
[step 0930/1000] method=ours loss=0.0031 train_acc=0.9867 train_loss=0.0599 val_acc=0.7762 val_loss=1.2550 router_H=0.2244 best=0.7762
           router_load=[0.004433056339621544, 0.5678762793540955, 0.4208835959434509, 0.006807027384638786]
[step 0940/1000] method=ours loss=0.0026 train_acc=0.9867 train_loss=0.0599 val_acc=0.7762 val_loss=1.2550 router_H=0.2244 best=0.7762
           router_load=[0.004433056339621544, 0.5678762793540955, 0.4208835959434509, 0.006807027384638786]
[step 0950/1000] method=ours loss=0.0012 train_acc=0.9880 train_loss=0.0606 val_acc=0.7545 val_loss=1.5976 router_H=0.1859 best=0.7762
           router_load=[0.0026469214353710413, 0.4974386692047119, 0.4954296350479126, 0.004484838806092739]
[step 0960/1000] method=ours loss=0.3480 train_acc=0.9880 train_loss=0.0606 val_acc=0.7545 val_loss=1.5976 router_H=0.1859 best=0.7762
           router_load=[0.0026469214353710413, 0.4974386692047119, 0.4954296350479126, 0.004484838806092739]
[step 0970/1000] method=ours loss=0.0027 train_acc=0.9880 train_loss=0.0606 val_acc=0.7545 val_loss=1.5976 router_H=0.1859 best=0.7762
           router_load=[0.0026469214353710413, 0.4974386692047119, 0.4954296350479126, 0.004484838806092739]
[step 0980/1000] method=ours loss=0.0012 train_acc=0.9880 train_loss=0.0606 val_acc=0.7545 val_loss=1.5976 router_H=0.1859 best=0.7762
           router_load=[0.0026469214353710413, 0.4974386692047119, 0.4954296350479126, 0.004484838806092739]
[step 0990/1000] method=ours loss=0.2782 train_acc=0.9880 train_loss=0.0606 val_acc=0.7545 val_loss=1.5976 router_H=0.1859 best=0.7762
           router_load=[0.0026469214353710413, 0.4974386692047119, 0.4954296350479126, 0.004484838806092739]
[step 1000/1000] method=ours loss=0.0034 train_acc=0.9892 train_loss=0.0587 val_acc=0.7545 val_loss=1.6566 router_H=0.1855 best=0.7762
           router_load=[0.005154963117092848, 0.49356746673583984, 0.4955917000770569, 0.005685911979526281]
saved summary -> /root/Optimization/MOE-grad-conflict-routing/runs/paper_suite_supplement/single_task_add_rerun/rerun/roberta_rte_ffn_e4_k2_ours_lr_centered/final/ours_s3.json
saved curve -> /root/Optimization/MOE-grad-conflict-routing/runs/paper_suite_supplement/single_task_add_rerun/rerun/roberta_rte_ffn_e4_k2_ours_lr_centered/final/ours_s3_curve.csv
