[run] method=baseline candidate=coord_03_anchor seed=2 steps=150 gpu=0
[run] cmd=
/home/zhujjing/anaconda3/envs/moe/bin/python /home/zhujjing/MOE-grad-conflict-routing/scripts/run.py --config configs/singletask_rte_real.yaml --set model.backbone_backend=hf --set model.hf_load_pretrained=true --set model.backbone=deberta --set model.hf_pretrained_name=microsoft/deberta-v3-base --set model.expert_type=ffn --set model.routing_mode=topk --set model.num_experts=4 --set model.top_k=2 --set seed=2 --set method.name=baseline_avg --set train.steps=150 --set train.eval_every_steps=50 --set train.grad_clip=1 --set train.lr=2.555178414e-05 --set train.weight_decay=0.04603734299 --out /home/zhujjing/MOE-grad-conflict-routing/runs/paper_suite/single_gpu/single_task/deberta_rte_ffn_e4_k2/hpo/baseline/trial_runs/coord_03_anchor/baseline_s2.json --curve_out /home/zhujjing/MOE-grad-conflict-routing/runs/paper_suite/single_gpu/single_task/deberta_rte_ffn_e4_k2/hpo/baseline/trial_runs/coord_03_anchor/baseline_s2_curve.csv
Using the latest cached version of the dataset since glue couldn't be found on the Hugging Face Hub (offline mode is enabled).
Found the latest cached dataset configuration 'rte' at /home/zhujjing/hf_cache/datasets/glue/rte/0.0.0/bcdcba79d07bc864c1c254ccfcedcce55bcc9a8c (last modified on Thu Mar 19 15:00:36 2026).
/home/zhujjing/anaconda3/envs/moe/lib/python3.10/site-packages/transformers/utils/hub.py:124: FutureWarning: Using `TRANSFORMERS_CACHE` is deprecated and will be removed in v5 of Transformers. Use `HF_HOME` instead.
  warnings.warn(
/home/zhujjing/anaconda3/envs/moe/lib/python3.10/site-packages/transformers/convert_slow_tokenizer.py:560: UserWarning: The sentencepiece tokenizer that you are converting to a fast tokenizer uses the byte fallback option which is not implemented in the fast tokenizers. In practice this means that the fast version of the tokenizer can produce unknown tokens whereas the sentencepiece version would have converted these unknown tokens into a sequence of byte tokens matching the original piece of text.
  warnings.warn(
[step 0001/150] method=baseline_avg loss=0.7195 train_acc=nan train_loss=nan val_acc=nan val_loss=nan best=-1.0000
[step 0010/150] method=baseline_avg loss=0.8158 train_acc=nan train_loss=nan val_acc=nan val_loss=nan best=-1.0000
[step 0020/150] method=baseline_avg loss=0.6987 train_acc=nan train_loss=nan val_acc=nan val_loss=nan best=-1.0000
[step 0030/150] method=baseline_avg loss=0.5931 train_acc=nan train_loss=nan val_acc=nan val_loss=nan best=-1.0000
[step 0040/150] method=baseline_avg loss=0.6639 train_acc=nan train_loss=nan val_acc=nan val_loss=nan best=-1.0000
[step 0050/150] method=baseline_avg loss=0.4459 train_acc=0.7020 train_loss=0.6072 val_acc=0.6498 val_loss=0.6285 router_H=0.6551 best=0.6498
           router_load=[0.012787849642336369, 0.12428691238164902, 0.2657422721385956, 0.5971828699111938]
[step 0060/150] method=baseline_avg loss=0.5247 train_acc=0.7020 train_loss=0.6072 val_acc=0.6498 val_loss=0.6285 router_H=0.6551 best=0.6498
           router_load=[0.012787849642336369, 0.12428691238164902, 0.2657422721385956, 0.5971828699111938]
[step 0070/150] method=baseline_avg loss=0.5728 train_acc=0.7020 train_loss=0.6072 val_acc=0.6498 val_loss=0.6285 router_H=0.6551 best=0.6498
           router_load=[0.012787849642336369, 0.12428691238164902, 0.2657422721385956, 0.5971828699111938]
[step 0080/150] method=baseline_avg loss=0.4029 train_acc=0.7020 train_loss=0.6072 val_acc=0.6498 val_loss=0.6285 router_H=0.6551 best=0.6498
           router_load=[0.012787849642336369, 0.12428691238164902, 0.2657422721385956, 0.5971828699111938]
[step 0090/150] method=baseline_avg loss=0.5051 train_acc=0.7020 train_loss=0.6072 val_acc=0.6498 val_loss=0.6285 router_H=0.6551 best=0.6498
           router_load=[0.012787849642336369, 0.12428691238164902, 0.2657422721385956, 0.5971828699111938]
[step 0100/150] method=baseline_avg loss=0.4825 train_acc=0.8498 train_loss=0.3810 val_acc=0.7653 val_loss=0.4828 router_H=0.6430 best=0.7653
           router_load=[0.01646757498383522, 0.15055184066295624, 0.2621341049671173, 0.5708465576171875]
[step 0110/150] method=baseline_avg loss=0.4477 train_acc=0.8498 train_loss=0.3810 val_acc=0.7653 val_loss=0.4828 router_H=0.6430 best=0.7653
           router_load=[0.01646757498383522, 0.15055184066295624, 0.2621341049671173, 0.5708465576171875]
[step 0120/150] method=baseline_avg loss=0.4859 train_acc=0.8498 train_loss=0.3810 val_acc=0.7653 val_loss=0.4828 router_H=0.6430 best=0.7653
           router_load=[0.01646757498383522, 0.15055184066295624, 0.2621341049671173, 0.5708465576171875]
[step 0130/150] method=baseline_avg loss=0.5209 train_acc=0.8498 train_loss=0.3810 val_acc=0.7653 val_loss=0.4828 router_H=0.6430 best=0.7653
           router_load=[0.01646757498383522, 0.15055184066295624, 0.2621341049671173, 0.5708465576171875]
[step 0140/150] method=baseline_avg loss=0.8319 train_acc=0.8498 train_loss=0.3810 val_acc=0.7653 val_loss=0.4828 router_H=0.6430 best=0.7653
           router_load=[0.01646757498383522, 0.15055184066295624, 0.2621341049671173, 0.5708465576171875]
[step 0150/150] method=baseline_avg loss=0.4344 train_acc=0.9104 train_loss=0.2797 val_acc=0.8303 val_loss=0.4215 router_H=0.5869 best=0.8303
           router_load=[0.04077455401420593, 0.09372903406620026, 0.261269211769104, 0.6042271852493286]
saved summary -> /home/zhujjing/MOE-grad-conflict-routing/runs/paper_suite/single_gpu/single_task/deberta_rte_ffn_e4_k2/hpo/baseline/trial_runs/coord_03_anchor/baseline_s2.json
saved curve -> /home/zhujjing/MOE-grad-conflict-routing/runs/paper_suite/single_gpu/single_task/deberta_rte_ffn_e4_k2/hpo/baseline/trial_runs/coord_03_anchor/baseline_s2_curve.csv
