[run] method=ours candidate=coord_03_train_grad_clip_001 seed=2 steps=200 gpu=0
[run] cmd=
/root/miniconda3/envs/optimization/bin/python /root/Optimization/MOE-grad-conflict-routing-appendix2/scripts/run.py --config configs/multitask_textcls_local_sst2_imdb_yelp_amazon_real.yaml --set model.backbone_backend=hf --set model.hf_load_pretrained=true --set model.hf_local_files_only=true --set model.routing_mode=topk --set model.expert_type=lora --set model.num_experts=4 --set model.top_k=2 --set data.train_size=20000 --set data.val_size=4000 --set model.backbone=roberta --set model.hf_pretrained_name=roberta-base --set train.eval_val_fraction=0.2 --set train.skip_train_eval=true --set seed=2 --set method.name=ours --set train.steps=200 --set train.eval_every_steps=100 --set method.ours.use_load_norm=true --set method.ours.lambda_align=0.001 --set train.grad_clip=0.9733492507 --set train.lr=2.555178414e-05 --set train.weight_decay=0.006765903978 --out /root/Optimization/MOE-grad-conflict-routing-appendix2/runs/paper_suite_supplement/appendix/multi_dataset_real/roberta_lora_e4_k2_sst2_imdb_yelp_amazon/_method_workers/ours/hpo/ours/trial_runs/coord_03_train_grad_clip_001/ours_s2.json --curve_out /root/Optimization/MOE-grad-conflict-routing-appendix2/runs/paper_suite_supplement/appendix/multi_dataset_real/roberta_lora_e4_k2_sst2_imdb_yelp_amazon/_method_workers/ours/hpo/ours/trial_runs/coord_03_train_grad_clip_001/ours_s2_curve.csv
Loading weights:   0%|          | 0/197 [00:00<?, ?it/s]Loading weights: 100%|██████████| 197/197 [00:00<00:00, 20578.75it/s]
[1mRobertaModel LOAD REPORT[0m from: roberta-base
Key                             | Status     | 
--------------------------------+------------+-
lm_head.layer_norm.weight       | UNEXPECTED | 
lm_head.bias                    | UNEXPECTED | 
lm_head.layer_norm.bias         | UNEXPECTED | 
lm_head.dense.bias              | UNEXPECTED | 
roberta.embeddings.position_ids | UNEXPECTED | 
lm_head.dense.weight            | UNEXPECTED | 
pooler.dense.bias               | MISSING    | 
pooler.dense.weight             | MISSING    | 

[3mNotes:
- UNEXPECTED[3m	:can be ignored when loading from different task/architecture; not ok if you expect identical arch.
- MISSING[3m	:those params were newly initialized because missing from the checkpoint. Consider training on your downstream task.[0m
[step 0001/200] method=ours loss=0.7485 train_acc=nan train_loss=nan val_acc=nan val_loss=nan best=-1.0000
[step 0010/200] method=ours loss=0.6358 train_acc=nan train_loss=nan val_acc=nan val_loss=nan best=-1.0000
[step 0020/200] method=ours loss=0.2624 train_acc=nan train_loss=nan val_acc=nan val_loss=nan best=-1.0000
[step 0030/200] method=ours loss=0.2782 train_acc=nan train_loss=nan val_acc=nan val_loss=nan best=-1.0000
[step 0040/200] method=ours loss=0.1358 train_acc=nan train_loss=nan val_acc=nan val_loss=nan best=-1.0000
[step 0050/200] method=ours loss=0.1794 train_acc=nan train_loss=nan val_acc=nan val_loss=nan best=-1.0000
[step 0060/200] method=ours loss=0.4737 train_acc=nan train_loss=nan val_acc=nan val_loss=nan best=-1.0000
[step 0070/200] method=ours loss=0.3443 train_acc=nan train_loss=nan val_acc=nan val_loss=nan best=-1.0000
[step 0080/200] method=ours loss=0.3320 train_acc=nan train_loss=nan val_acc=nan val_loss=nan best=-1.0000
[step 0090/200] method=ours loss=0.1892 train_acc=nan train_loss=nan val_acc=nan val_loss=nan best=-1.0000
[step 0100/200] method=ours loss=0.3792 train_acc=nan train_loss=nan val_acc=0.9064 val_loss=0.2706 router_H=0.6836 best=0.9064
           router_load=[0.3975503146648407, 0.3062441945075989, 0.293438583612442, 0.0027666136156767607]
[step 0110/200] method=ours loss=0.2277 train_acc=nan train_loss=nan val_acc=0.9064 val_loss=0.2706 router_H=0.6836 best=0.9064
           router_load=[0.3975503146648407, 0.3062441945075989, 0.293438583612442, 0.0027666136156767607]
[step 0120/200] method=ours loss=0.3871 train_acc=nan train_loss=nan val_acc=0.9064 val_loss=0.2706 router_H=0.6836 best=0.9064
           router_load=[0.3975503146648407, 0.3062441945075989, 0.293438583612442, 0.0027666136156767607]
[step 0130/200] method=ours loss=0.2166 train_acc=nan train_loss=nan val_acc=0.9064 val_loss=0.2706 router_H=0.6836 best=0.9064
           router_load=[0.3975503146648407, 0.3062441945075989, 0.293438583612442, 0.0027666136156767607]
[step 0140/200] method=ours loss=0.4098 train_acc=nan train_loss=nan val_acc=0.9064 val_loss=0.2706 router_H=0.6836 best=0.9064
           router_load=[0.3975503146648407, 0.3062441945075989, 0.293438583612442, 0.0027666136156767607]
[step 0150/200] method=ours loss=0.3069 train_acc=nan train_loss=nan val_acc=0.9064 val_loss=0.2706 router_H=0.6836 best=0.9064
           router_load=[0.3975503146648407, 0.3062441945075989, 0.293438583612442, 0.0027666136156767607]
[step 0160/200] method=ours loss=0.2487 train_acc=nan train_loss=nan val_acc=0.9064 val_loss=0.2706 router_H=0.6836 best=0.9064
           router_load=[0.3975503146648407, 0.3062441945075989, 0.293438583612442, 0.0027666136156767607]
[step 0170/200] method=ours loss=0.1576 train_acc=nan train_loss=nan val_acc=0.9064 val_loss=0.2706 router_H=0.6836 best=0.9064
           router_load=[0.3975503146648407, 0.3062441945075989, 0.293438583612442, 0.0027666136156767607]
[step 0180/200] method=ours loss=0.2532 train_acc=nan train_loss=nan val_acc=0.9064 val_loss=0.2706 router_H=0.6836 best=0.9064
           router_load=[0.3975503146648407, 0.3062441945075989, 0.293438583612442, 0.0027666136156767607]
[step 0190/200] method=ours loss=0.2962 train_acc=nan train_loss=nan val_acc=0.9064 val_loss=0.2706 router_H=0.6836 best=0.9064
           router_load=[0.3975503146648407, 0.3062441945075989, 0.293438583612442, 0.0027666136156767607]
[step 0200/200] method=ours loss=0.1553 train_acc=nan train_loss=nan val_acc=0.9179 val_loss=0.2064 router_H=0.6788 best=0.9179
           router_load=[0.41373610496520996, 0.2549675405025482, 0.3280552327632904, 0.0032412477303296328]
saved summary -> /root/Optimization/MOE-grad-conflict-routing-appendix2/runs/paper_suite_supplement/appendix/multi_dataset_real/roberta_lora_e4_k2_sst2_imdb_yelp_amazon/_method_workers/ours/hpo/ours/trial_runs/coord_03_train_grad_clip_001/ours_s2.json
saved curve -> /root/Optimization/MOE-grad-conflict-routing-appendix2/runs/paper_suite_supplement/appendix/multi_dataset_real/roberta_lora_e4_k2_sst2_imdb_yelp_amazon/_method_workers/ours/hpo/ours/trial_runs/coord_03_train_grad_clip_001/ours_s2_curve.csv
