[run] method=baseline candidate=coord_02_train_weight_decay_026 seed=5 steps=1000 gpu=0
[run] cmd=
/home/zhujjing/anaconda3/envs/moe/bin/python /home/zhujjing/MOE-grad-conflict-routing/scripts/run.py --config configs/singletask_rte_real.yaml --set model.backbone_backend=hf --set model.hf_load_pretrained=true --set model.backbone=deberta --set model.hf_pretrained_name=microsoft/deberta-v3-base --set model.expert_type=ffn --set model.routing_mode=topk --set model.num_experts=4 --set model.top_k=2 --set seed=5 --set method.name=baseline_avg --set train.steps=1000 --set train.eval_every_steps=50 --set train.grad_clip=1 --set train.lr=2.555178414e-05 --set train.weight_decay=0.04603734299 --out /home/zhujjing/MOE-grad-conflict-routing/runs/paper_suite/single_gpu/single_task/deberta_rte_ffn_e4_k2/final/baseline_s5.json --curve_out /home/zhujjing/MOE-grad-conflict-routing/runs/paper_suite/single_gpu/single_task/deberta_rte_ffn_e4_k2/final/baseline_s5_curve.csv
Using the latest cached version of the dataset since glue couldn't be found on the Hugging Face Hub (offline mode is enabled).
Found the latest cached dataset configuration 'rte' at /home/zhujjing/hf_cache/datasets/glue/rte/0.0.0/bcdcba79d07bc864c1c254ccfcedcce55bcc9a8c (last modified on Thu Mar 19 15:00:36 2026).
/home/zhujjing/anaconda3/envs/moe/lib/python3.10/site-packages/transformers/utils/hub.py:124: FutureWarning: Using `TRANSFORMERS_CACHE` is deprecated and will be removed in v5 of Transformers. Use `HF_HOME` instead.
  warnings.warn(
/home/zhujjing/anaconda3/envs/moe/lib/python3.10/site-packages/transformers/convert_slow_tokenizer.py:560: UserWarning: The sentencepiece tokenizer that you are converting to a fast tokenizer uses the byte fallback option which is not implemented in the fast tokenizers. In practice this means that the fast version of the tokenizer can produce unknown tokens whereas the sentencepiece version would have converted these unknown tokens into a sequence of byte tokens matching the original piece of text.
  warnings.warn(
[step 0001/1000] method=baseline_avg loss=0.6816 train_acc=nan train_loss=nan val_acc=nan val_loss=nan best=-1.0000
[step 0010/1000] method=baseline_avg loss=0.6484 train_acc=nan train_loss=nan val_acc=nan val_loss=nan best=-1.0000
[step 0020/1000] method=baseline_avg loss=0.6376 train_acc=nan train_loss=nan val_acc=nan val_loss=nan best=-1.0000
[step 0030/1000] method=baseline_avg loss=0.5974 train_acc=nan train_loss=nan val_acc=nan val_loss=nan best=-1.0000
[step 0040/1000] method=baseline_avg loss=0.5453 train_acc=nan train_loss=nan val_acc=nan val_loss=nan best=-1.0000
[step 0050/1000] method=baseline_avg loss=0.4558 train_acc=0.7020 train_loss=0.5867 val_acc=0.6643 val_loss=0.6055 router_H=0.6098 best=0.6643
           router_load=[0.01652074232697487, 0.33205127716064453, 0.6463901400566101, 0.005037879571318626]
[step 0060/1000] method=baseline_avg loss=0.5850 train_acc=0.7020 train_loss=0.5867 val_acc=0.6643 val_loss=0.6055 router_H=0.6098 best=0.6643
           router_load=[0.01652074232697487, 0.33205127716064453, 0.6463901400566101, 0.005037879571318626]
[step 0070/1000] method=baseline_avg loss=0.5696 train_acc=0.7020 train_loss=0.5867 val_acc=0.6643 val_loss=0.6055 router_H=0.6098 best=0.6643
           router_load=[0.01652074232697487, 0.33205127716064453, 0.6463901400566101, 0.005037879571318626]
[step 0080/1000] method=baseline_avg loss=0.6349 train_acc=0.7020 train_loss=0.5867 val_acc=0.6643 val_loss=0.6055 router_H=0.6098 best=0.6643
           router_load=[0.01652074232697487, 0.33205127716064453, 0.6463901400566101, 0.005037879571318626]
[step 0090/1000] method=baseline_avg loss=0.7982 train_acc=0.7020 train_loss=0.5867 val_acc=0.6643 val_loss=0.6055 router_H=0.6098 best=0.6643
           router_load=[0.01652074232697487, 0.33205127716064453, 0.6463901400566101, 0.005037879571318626]
[step 0100/1000] method=baseline_avg loss=0.4202 train_acc=0.8627 train_loss=0.3421 val_acc=0.7942 val_loss=0.4784 router_H=0.6001 best=0.7942
           router_load=[0.019697528332471848, 0.4217641353607178, 0.5252202153205872, 0.03331810235977173]
[step 0110/1000] method=baseline_avg loss=0.5943 train_acc=0.8627 train_loss=0.3421 val_acc=0.7942 val_loss=0.4784 router_H=0.6001 best=0.7942
           router_load=[0.019697528332471848, 0.4217641353607178, 0.5252202153205872, 0.03331810235977173]
[step 0120/1000] method=baseline_avg loss=0.5056 train_acc=0.8627 train_loss=0.3421 val_acc=0.7942 val_loss=0.4784 router_H=0.6001 best=0.7942
           router_load=[0.019697528332471848, 0.4217641353607178, 0.5252202153205872, 0.03331810235977173]
[step 0130/1000] method=baseline_avg loss=1.0160 train_acc=0.8627 train_loss=0.3421 val_acc=0.7942 val_loss=0.4784 router_H=0.6001 best=0.7942
           router_load=[0.019697528332471848, 0.4217641353607178, 0.5252202153205872, 0.03331810235977173]
[step 0140/1000] method=baseline_avg loss=0.3632 train_acc=0.8627 train_loss=0.3421 val_acc=0.7942 val_loss=0.4784 router_H=0.6001 best=0.7942
           router_load=[0.019697528332471848, 0.4217641353607178, 0.5252202153205872, 0.03331810235977173]
[step 0150/1000] method=baseline_avg loss=0.5678 train_acc=0.9237 train_loss=0.2429 val_acc=0.8339 val_loss=0.4197 router_H=0.5950 best=0.8339
           router_load=[0.06088891625404358, 0.35215672850608826, 0.547703742980957, 0.03925048187375069]
[step 0160/1000] method=baseline_avg loss=0.3582 train_acc=0.9237 train_loss=0.2429 val_acc=0.8339 val_loss=0.4197 router_H=0.5950 best=0.8339
           router_load=[0.06088891625404358, 0.35215672850608826, 0.547703742980957, 0.03925048187375069]
[step 0170/1000] method=baseline_avg loss=0.5323 train_acc=0.9237 train_loss=0.2429 val_acc=0.8339 val_loss=0.4197 router_H=0.5950 best=0.8339
           router_load=[0.06088891625404358, 0.35215672850608826, 0.547703742980957, 0.03925048187375069]
[step 0180/1000] method=baseline_avg loss=0.3726 train_acc=0.9237 train_loss=0.2429 val_acc=0.8339 val_loss=0.4197 router_H=0.5950 best=0.8339
           router_load=[0.06088891625404358, 0.35215672850608826, 0.547703742980957, 0.03925048187375069]
[step 0190/1000] method=baseline_avg loss=0.1395 train_acc=0.9237 train_loss=0.2429 val_acc=0.8339 val_loss=0.4197 router_H=0.5950 best=0.8339
           router_load=[0.06088891625404358, 0.35215672850608826, 0.547703742980957, 0.03925048187375069]
[step 0200/1000] method=baseline_avg loss=0.0264 train_acc=0.9213 train_loss=0.2589 val_acc=0.8051 val_loss=0.6639 router_H=0.4671 best=0.8339
           router_load=[0.03625540807843208, 0.30921152234077454, 0.625550389289856, 0.02898271009325981]
[step 0210/1000] method=baseline_avg loss=0.8030 train_acc=0.9213 train_loss=0.2589 val_acc=0.8051 val_loss=0.6639 router_H=0.4671 best=0.8339
           router_load=[0.03625540807843208, 0.30921152234077454, 0.625550389289856, 0.02898271009325981]
[step 0220/1000] method=baseline_avg loss=0.4263 train_acc=0.9213 train_loss=0.2589 val_acc=0.8051 val_loss=0.6639 router_H=0.4671 best=0.8339
           router_load=[0.03625540807843208, 0.30921152234077454, 0.625550389289856, 0.02898271009325981]
[step 0230/1000] method=baseline_avg loss=0.1147 train_acc=0.9213 train_loss=0.2589 val_acc=0.8051 val_loss=0.6639 router_H=0.4671 best=0.8339
           router_load=[0.03625540807843208, 0.30921152234077454, 0.625550389289856, 0.02898271009325981]
[step 0240/1000] method=baseline_avg loss=0.1446 train_acc=0.9213 train_loss=0.2589 val_acc=0.8051 val_loss=0.6639 router_H=0.4671 best=0.8339
           router_load=[0.03625540807843208, 0.30921152234077454, 0.625550389289856, 0.02898271009325981]
[step 0250/1000] method=baseline_avg loss=0.4513 train_acc=0.9438 train_loss=0.1682 val_acc=0.8231 val_loss=0.5359 router_H=0.5130 best=0.8339
           router_load=[0.055156730115413666, 0.28594648838043213, 0.6206536293029785, 0.0382431298494339]
[step 0260/1000] method=baseline_avg loss=0.0876 train_acc=0.9438 train_loss=0.1682 val_acc=0.8231 val_loss=0.5359 router_H=0.5130 best=0.8339
           router_load=[0.055156730115413666, 0.28594648838043213, 0.6206536293029785, 0.0382431298494339]
[step 0270/1000] method=baseline_avg loss=0.2785 train_acc=0.9438 train_loss=0.1682 val_acc=0.8231 val_loss=0.5359 router_H=0.5130 best=0.8339
           router_load=[0.055156730115413666, 0.28594648838043213, 0.6206536293029785, 0.0382431298494339]
[step 0280/1000] method=baseline_avg loss=0.1592 train_acc=0.9438 train_loss=0.1682 val_acc=0.8231 val_loss=0.5359 router_H=0.5130 best=0.8339
           router_load=[0.055156730115413666, 0.28594648838043213, 0.6206536293029785, 0.0382431298494339]
[step 0290/1000] method=baseline_avg loss=0.0813 train_acc=0.9438 train_loss=0.1682 val_acc=0.8231 val_loss=0.5359 router_H=0.5130 best=0.8339
           router_load=[0.055156730115413666, 0.28594648838043213, 0.6206536293029785, 0.0382431298494339]
[step 0300/1000] method=baseline_avg loss=0.4327 train_acc=0.9675 train_loss=0.1128 val_acc=0.8159 val_loss=0.4857 router_H=0.5273 best=0.8339
           router_load=[0.04544398561120033, 0.3481190800666809, 0.579424262046814, 0.02701282501220703]
[step 0310/1000] method=baseline_avg loss=0.0624 train_acc=0.9675 train_loss=0.1128 val_acc=0.8159 val_loss=0.4857 router_H=0.5273 best=0.8339
           router_load=[0.04544398561120033, 0.3481190800666809, 0.579424262046814, 0.02701282501220703]
[step 0320/1000] method=baseline_avg loss=0.0572 train_acc=0.9675 train_loss=0.1128 val_acc=0.8159 val_loss=0.4857 router_H=0.5273 best=0.8339
           router_load=[0.04544398561120033, 0.3481190800666809, 0.579424262046814, 0.02701282501220703]
[step 0330/1000] method=baseline_avg loss=0.0041 train_acc=0.9675 train_loss=0.1128 val_acc=0.8159 val_loss=0.4857 router_H=0.5273 best=0.8339
           router_load=[0.04544398561120033, 0.3481190800666809, 0.579424262046814, 0.02701282501220703]
[step 0340/1000] method=baseline_avg loss=0.0527 train_acc=0.9675 train_loss=0.1128 val_acc=0.8159 val_loss=0.4857 router_H=0.5273 best=0.8339
           router_load=[0.04544398561120033, 0.3481190800666809, 0.579424262046814, 0.02701282501220703]
[step 0350/1000] method=baseline_avg loss=0.5690 train_acc=0.9691 train_loss=0.1129 val_acc=0.8231 val_loss=0.7876 router_H=0.4627 best=0.8339
           router_load=[0.03900407999753952, 0.32863685488700867, 0.5682381391525269, 0.06412099301815033]
[step 0360/1000] method=baseline_avg loss=0.0135 train_acc=0.9691 train_loss=0.1129 val_acc=0.8231 val_loss=0.7876 router_H=0.4627 best=0.8339
           router_load=[0.03900407999753952, 0.32863685488700867, 0.5682381391525269, 0.06412099301815033]
[step 0370/1000] method=baseline_avg loss=0.0160 train_acc=0.9691 train_loss=0.1129 val_acc=0.8231 val_loss=0.7876 router_H=0.4627 best=0.8339
           router_load=[0.03900407999753952, 0.32863685488700867, 0.5682381391525269, 0.06412099301815033]
[step 0380/1000] method=baseline_avg loss=0.3138 train_acc=0.9691 train_loss=0.1129 val_acc=0.8231 val_loss=0.7876 router_H=0.4627 best=0.8339
           router_load=[0.03900407999753952, 0.32863685488700867, 0.5682381391525269, 0.06412099301815033]
[step 0390/1000] method=baseline_avg loss=0.0009 train_acc=0.9691 train_loss=0.1129 val_acc=0.8231 val_loss=0.7876 router_H=0.4627 best=0.8339
           router_load=[0.03900407999753952, 0.32863685488700867, 0.5682381391525269, 0.06412099301815033]
[step 0400/1000] method=baseline_avg loss=0.1510 train_acc=0.9141 train_loss=0.3667 val_acc=0.7292 val_loss=1.5530 router_H=0.3797 best=0.8339
           router_load=[0.04130870848894119, 0.21862930059432983, 0.7285431623458862, 0.011518709361553192]
[step 0410/1000] method=baseline_avg loss=0.2539 train_acc=0.9141 train_loss=0.3667 val_acc=0.7292 val_loss=1.5530 router_H=0.3797 best=0.8339
           router_load=[0.04130870848894119, 0.21862930059432983, 0.7285431623458862, 0.011518709361553192]
[step 0420/1000] method=baseline_avg loss=0.0067 train_acc=0.9141 train_loss=0.3667 val_acc=0.7292 val_loss=1.5530 router_H=0.3797 best=0.8339
           router_load=[0.04130870848894119, 0.21862930059432983, 0.7285431623458862, 0.011518709361553192]
[step 0430/1000] method=baseline_avg loss=0.0132 train_acc=0.9141 train_loss=0.3667 val_acc=0.7292 val_loss=1.5530 router_H=0.3797 best=0.8339
           router_load=[0.04130870848894119, 0.21862930059432983, 0.7285431623458862, 0.011518709361553192]
[step 0440/1000] method=baseline_avg loss=0.0023 train_acc=0.9141 train_loss=0.3667 val_acc=0.7292 val_loss=1.5530 router_H=0.3797 best=0.8339
           router_load=[0.04130870848894119, 0.21862930059432983, 0.7285431623458862, 0.011518709361553192]
[step 0450/1000] method=baseline_avg loss=0.0353 train_acc=0.9871 train_loss=0.0458 val_acc=0.8195 val_loss=0.6379 router_H=0.4320 best=0.8339
           router_load=[0.02753085270524025, 0.389565110206604, 0.5657128691673279, 0.017191190272569656]
[step 0460/1000] method=baseline_avg loss=0.3515 train_acc=0.9871 train_loss=0.0458 val_acc=0.8195 val_loss=0.6379 router_H=0.4320 best=0.8339
           router_load=[0.02753085270524025, 0.389565110206604, 0.5657128691673279, 0.017191190272569656]
[step 0470/1000] method=baseline_avg loss=0.0456 train_acc=0.9871 train_loss=0.0458 val_acc=0.8195 val_loss=0.6379 router_H=0.4320 best=0.8339
           router_load=[0.02753085270524025, 0.389565110206604, 0.5657128691673279, 0.017191190272569656]
[step 0480/1000] method=baseline_avg loss=0.2100 train_acc=0.9871 train_loss=0.0458 val_acc=0.8195 val_loss=0.6379 router_H=0.4320 best=0.8339
           router_load=[0.02753085270524025, 0.389565110206604, 0.5657128691673279, 0.017191190272569656]
[step 0490/1000] method=baseline_avg loss=0.0009 train_acc=0.9871 train_loss=0.0458 val_acc=0.8195 val_loss=0.6379 router_H=0.4320 best=0.8339
           router_load=[0.02753085270524025, 0.389565110206604, 0.5657128691673279, 0.017191190272569656]
[step 0500/1000] method=baseline_avg loss=0.0574 train_acc=0.9896 train_loss=0.0378 val_acc=0.8231 val_loss=0.9269 router_H=0.3586 best=0.8339
           router_load=[0.019614549353718758, 0.3887553811073303, 0.5592424869537354, 0.03238755092024803]
[step 0510/1000] method=baseline_avg loss=0.6000 train_acc=0.9896 train_loss=0.0378 val_acc=0.8231 val_loss=0.9269 router_H=0.3586 best=0.8339
           router_load=[0.019614549353718758, 0.3887553811073303, 0.5592424869537354, 0.03238755092024803]
[step 0520/1000] method=baseline_avg loss=0.3578 train_acc=0.9896 train_loss=0.0378 val_acc=0.8231 val_loss=0.9269 router_H=0.3586 best=0.8339
           router_load=[0.019614549353718758, 0.3887553811073303, 0.5592424869537354, 0.03238755092024803]
[step 0530/1000] method=baseline_avg loss=0.2096 train_acc=0.9896 train_loss=0.0378 val_acc=0.8231 val_loss=0.9269 router_H=0.3586 best=0.8339
           router_load=[0.019614549353718758, 0.3887553811073303, 0.5592424869537354, 0.03238755092024803]
[step 0540/1000] method=baseline_avg loss=0.0436 train_acc=0.9896 train_loss=0.0378 val_acc=0.8231 val_loss=0.9269 router_H=0.3586 best=0.8339
           router_load=[0.019614549353718758, 0.3887553811073303, 0.5592424869537354, 0.03238755092024803]
[step 0550/1000] method=baseline_avg loss=0.0454 train_acc=0.9876 train_loss=0.0461 val_acc=0.7978 val_loss=1.0156 router_H=0.3741 best=0.8339
           router_load=[0.0200759656727314, 0.3654651343822479, 0.5903947353363037, 0.02406417205929756]
[step 0560/1000] method=baseline_avg loss=0.0676 train_acc=0.9876 train_loss=0.0461 val_acc=0.7978 val_loss=1.0156 router_H=0.3741 best=0.8339
           router_load=[0.0200759656727314, 0.3654651343822479, 0.5903947353363037, 0.02406417205929756]
[step 0570/1000] method=baseline_avg loss=0.0017 train_acc=0.9876 train_loss=0.0461 val_acc=0.7978 val_loss=1.0156 router_H=0.3741 best=0.8339
           router_load=[0.0200759656727314, 0.3654651343822479, 0.5903947353363037, 0.02406417205929756]
[step 0580/1000] method=baseline_avg loss=0.0063 train_acc=0.9876 train_loss=0.0461 val_acc=0.7978 val_loss=1.0156 router_H=0.3741 best=0.8339
           router_load=[0.0200759656727314, 0.3654651343822479, 0.5903947353363037, 0.02406417205929756]
[step 0590/1000] method=baseline_avg loss=0.0649 train_acc=0.9876 train_loss=0.0461 val_acc=0.7978 val_loss=1.0156 router_H=0.3741 best=0.8339
           router_load=[0.0200759656727314, 0.3654651343822479, 0.5903947353363037, 0.02406417205929756]
[step 0600/1000] method=baseline_avg loss=0.1222 train_acc=0.9928 train_loss=0.0249 val_acc=0.8159 val_loss=0.8868 router_H=0.3684 best=0.8339
           router_load=[0.016652753576636314, 0.3552634119987488, 0.6113719940185547, 0.01671183481812477]
[step 0610/1000] method=baseline_avg loss=0.2261 train_acc=0.9928 train_loss=0.0249 val_acc=0.8159 val_loss=0.8868 router_H=0.3684 best=0.8339
           router_load=[0.016652753576636314, 0.3552634119987488, 0.6113719940185547, 0.01671183481812477]
[step 0620/1000] method=baseline_avg loss=0.0018 train_acc=0.9928 train_loss=0.0249 val_acc=0.8159 val_loss=0.8868 router_H=0.3684 best=0.8339
           router_load=[0.016652753576636314, 0.3552634119987488, 0.6113719940185547, 0.01671183481812477]
[step 0630/1000] method=baseline_avg loss=0.0003 train_acc=0.9928 train_loss=0.0249 val_acc=0.8159 val_loss=0.8868 router_H=0.3684 best=0.8339
           router_load=[0.016652753576636314, 0.3552634119987488, 0.6113719940185547, 0.01671183481812477]
[step 0640/1000] method=baseline_avg loss=0.2723 train_acc=0.9928 train_loss=0.0249 val_acc=0.8159 val_loss=0.8868 router_H=0.3684 best=0.8339
           router_load=[0.016652753576636314, 0.3552634119987488, 0.6113719940185547, 0.01671183481812477]
[step 0650/1000] method=baseline_avg loss=0.0153 train_acc=0.9908 train_loss=0.0492 val_acc=0.8123 val_loss=1.1984 router_H=0.3332 best=0.8339
           router_load=[0.02087419107556343, 0.3628482222557068, 0.5968713164329529, 0.01940624788403511]
[step 0660/1000] method=baseline_avg loss=0.0001 train_acc=0.9908 train_loss=0.0492 val_acc=0.8123 val_loss=1.1984 router_H=0.3332 best=0.8339
           router_load=[0.02087419107556343, 0.3628482222557068, 0.5968713164329529, 0.01940624788403511]
[step 0670/1000] method=baseline_avg loss=0.1468 train_acc=0.9908 train_loss=0.0492 val_acc=0.8123 val_loss=1.1984 router_H=0.3332 best=0.8339
           router_load=[0.02087419107556343, 0.3628482222557068, 0.5968713164329529, 0.01940624788403511]
[step 0680/1000] method=baseline_avg loss=0.0001 train_acc=0.9908 train_loss=0.0492 val_acc=0.8123 val_loss=1.1984 router_H=0.3332 best=0.8339
           router_load=[0.02087419107556343, 0.3628482222557068, 0.5968713164329529, 0.01940624788403511]
[step 0690/1000] method=baseline_avg loss=0.0237 train_acc=0.9908 train_loss=0.0492 val_acc=0.8123 val_loss=1.1984 router_H=0.3332 best=0.8339
           router_load=[0.02087419107556343, 0.3628482222557068, 0.5968713164329529, 0.01940624788403511]
[step 0700/1000] method=baseline_avg loss=0.0013 train_acc=0.9964 train_loss=0.0198 val_acc=0.8267 val_loss=1.0954 router_H=0.3251 best=0.8339
           router_load=[0.017273511737585068, 0.36955690383911133, 0.5942268371582031, 0.018942829221487045]
[step 0710/1000] method=baseline_avg loss=0.0009 train_acc=0.9964 train_loss=0.0198 val_acc=0.8267 val_loss=1.0954 router_H=0.3251 best=0.8339
           router_load=[0.017273511737585068, 0.36955690383911133, 0.5942268371582031, 0.018942829221487045]
[step 0720/1000] method=baseline_avg loss=0.0009 train_acc=0.9964 train_loss=0.0198 val_acc=0.8267 val_loss=1.0954 router_H=0.3251 best=0.8339
           router_load=[0.017273511737585068, 0.36955690383911133, 0.5942268371582031, 0.018942829221487045]
[step 0730/1000] method=baseline_avg loss=0.3368 train_acc=0.9964 train_loss=0.0198 val_acc=0.8267 val_loss=1.0954 router_H=0.3251 best=0.8339
           router_load=[0.017273511737585068, 0.36955690383911133, 0.5942268371582031, 0.018942829221487045]
[step 0740/1000] method=baseline_avg loss=0.0002 train_acc=0.9964 train_loss=0.0198 val_acc=0.8267 val_loss=1.0954 router_H=0.3251 best=0.8339
           router_load=[0.017273511737585068, 0.36955690383911133, 0.5942268371582031, 0.018942829221487045]
[step 0750/1000] method=baseline_avg loss=0.0022 train_acc=0.9988 train_loss=0.0022 val_acc=0.8303 val_loss=0.9931 router_H=0.3274 best=0.8339
           router_load=[0.006044010166078806, 0.46443143486976624, 0.5009171366691589, 0.028607405722141266]
[step 0760/1000] method=baseline_avg loss=0.0090 train_acc=0.9988 train_loss=0.0022 val_acc=0.8303 val_loss=0.9931 router_H=0.3274 best=0.8339
           router_load=[0.006044010166078806, 0.46443143486976624, 0.5009171366691589, 0.028607405722141266]
[step 0770/1000] method=baseline_avg loss=0.0813 train_acc=0.9988 train_loss=0.0022 val_acc=0.8303 val_loss=0.9931 router_H=0.3274 best=0.8339
           router_load=[0.006044010166078806, 0.46443143486976624, 0.5009171366691589, 0.028607405722141266]
[step 0780/1000] method=baseline_avg loss=0.0007 train_acc=0.9988 train_loss=0.0022 val_acc=0.8303 val_loss=0.9931 router_H=0.3274 best=0.8339
           router_load=[0.006044010166078806, 0.46443143486976624, 0.5009171366691589, 0.028607405722141266]
[step 0790/1000] method=baseline_avg loss=0.0001 train_acc=0.9988 train_loss=0.0022 val_acc=0.8303 val_loss=0.9931 router_H=0.3274 best=0.8339
           router_load=[0.006044010166078806, 0.46443143486976624, 0.5009171366691589, 0.028607405722141266]
[step 0800/1000] method=baseline_avg loss=0.0001 train_acc=0.9940 train_loss=0.0163 val_acc=0.8267 val_loss=1.1217 router_H=0.2966 best=0.8339
           router_load=[0.01737082004547119, 0.35951629281044006, 0.6039409041404724, 0.019171951338648796]
[step 0810/1000] method=baseline_avg loss=0.0089 train_acc=0.9940 train_loss=0.0163 val_acc=0.8267 val_loss=1.1217 router_H=0.2966 best=0.8339
           router_load=[0.01737082004547119, 0.35951629281044006, 0.6039409041404724, 0.019171951338648796]
[step 0820/1000] method=baseline_avg loss=0.0001 train_acc=0.9940 train_loss=0.0163 val_acc=0.8267 val_loss=1.1217 router_H=0.2966 best=0.8339
           router_load=[0.01737082004547119, 0.35951629281044006, 0.6039409041404724, 0.019171951338648796]
[step 0830/1000] method=baseline_avg loss=0.0001 train_acc=0.9940 train_loss=0.0163 val_acc=0.8267 val_loss=1.1217 router_H=0.2966 best=0.8339
           router_load=[0.01737082004547119, 0.35951629281044006, 0.6039409041404724, 0.019171951338648796]
[step 0840/1000] method=baseline_avg loss=0.0001 train_acc=0.9940 train_loss=0.0163 val_acc=0.8267 val_loss=1.1217 router_H=0.2966 best=0.8339
           router_load=[0.01737082004547119, 0.35951629281044006, 0.6039409041404724, 0.019171951338648796]
[step 0850/1000] method=baseline_avg loss=0.0054 train_acc=1.0000 train_loss=0.0002 val_acc=0.8339 val_loss=1.2270 router_H=0.2986 best=0.8339
           router_load=[0.014589794911444187, 0.4261835217475891, 0.5339594483375549, 0.025267217308282852]
[step 0860/1000] method=baseline_avg loss=0.0001 train_acc=1.0000 train_loss=0.0002 val_acc=0.8339 val_loss=1.2270 router_H=0.2986 best=0.8339
           router_load=[0.014589794911444187, 0.4261835217475891, 0.5339594483375549, 0.025267217308282852]
[step 0870/1000] method=baseline_avg loss=0.0000 train_acc=1.0000 train_loss=0.0002 val_acc=0.8339 val_loss=1.2270 router_H=0.2986 best=0.8339
           router_load=[0.014589794911444187, 0.4261835217475891, 0.5339594483375549, 0.025267217308282852]
[step 0880/1000] method=baseline_avg loss=0.0010 train_acc=1.0000 train_loss=0.0002 val_acc=0.8339 val_loss=1.2270 router_H=0.2986 best=0.8339
           router_load=[0.014589794911444187, 0.4261835217475891, 0.5339594483375549, 0.025267217308282852]
[step 0890/1000] method=baseline_avg loss=0.0010 train_acc=1.0000 train_loss=0.0002 val_acc=0.8339 val_loss=1.2270 router_H=0.2986 best=0.8339
           router_load=[0.014589794911444187, 0.4261835217475891, 0.5339594483375549, 0.025267217308282852]
[step 0900/1000] method=baseline_avg loss=0.0002 train_acc=0.9996 train_loss=0.0018 val_acc=0.8412 val_loss=1.1709 router_H=0.3020 best=0.8412
           router_load=[0.016286134719848633, 0.40187889337539673, 0.5517551302909851, 0.030079862102866173]
[step 0910/1000] method=baseline_avg loss=0.0001 train_acc=0.9996 train_loss=0.0018 val_acc=0.8412 val_loss=1.1709 router_H=0.3020 best=0.8412
           router_load=[0.016286134719848633, 0.40187889337539673, 0.5517551302909851, 0.030079862102866173]
[step 0920/1000] method=baseline_avg loss=0.0001 train_acc=0.9996 train_loss=0.0018 val_acc=0.8412 val_loss=1.1709 router_H=0.3020 best=0.8412
           router_load=[0.016286134719848633, 0.40187889337539673, 0.5517551302909851, 0.030079862102866173]
[step 0930/1000] method=baseline_avg loss=0.0001 train_acc=0.9996 train_loss=0.0018 val_acc=0.8412 val_loss=1.1709 router_H=0.3020 best=0.8412
           router_load=[0.016286134719848633, 0.40187889337539673, 0.5517551302909851, 0.030079862102866173]
[step 0940/1000] method=baseline_avg loss=0.0006 train_acc=0.9996 train_loss=0.0018 val_acc=0.8412 val_loss=1.1709 router_H=0.3020 best=0.8412
           router_load=[0.016286134719848633, 0.40187889337539673, 0.5517551302909851, 0.030079862102866173]
[step 0950/1000] method=baseline_avg loss=0.0037 train_acc=0.9988 train_loss=0.0059 val_acc=0.8412 val_loss=1.2316 router_H=0.2930 best=0.8412
           router_load=[0.014992056414484978, 0.42838168144226074, 0.5266860723495483, 0.029940271750092506]
[step 0960/1000] method=baseline_avg loss=0.0012 train_acc=0.9988 train_loss=0.0059 val_acc=0.8412 val_loss=1.2316 router_H=0.2930 best=0.8412
           router_load=[0.014992056414484978, 0.42838168144226074, 0.5266860723495483, 0.029940271750092506]
[step 0970/1000] method=baseline_avg loss=0.0003 train_acc=0.9988 train_loss=0.0059 val_acc=0.8412 val_loss=1.2316 router_H=0.2930 best=0.8412
           router_load=[0.014992056414484978, 0.42838168144226074, 0.5266860723495483, 0.029940271750092506]
[step 0980/1000] method=baseline_avg loss=0.0000 train_acc=0.9988 train_loss=0.0059 val_acc=0.8412 val_loss=1.2316 router_H=0.2930 best=0.8412
           router_load=[0.014992056414484978, 0.42838168144226074, 0.5266860723495483, 0.029940271750092506]
[step 0990/1000] method=baseline_avg loss=0.0013 train_acc=0.9988 train_loss=0.0059 val_acc=0.8412 val_loss=1.2316 router_H=0.2930 best=0.8412
           router_load=[0.014992056414484978, 0.42838168144226074, 0.5266860723495483, 0.029940271750092506]
[step 1000/1000] method=baseline_avg loss=0.2862 train_acc=0.9992 train_loss=0.0052 val_acc=0.8484 val_loss=1.2208 router_H=0.2855 best=0.8484
           router_load=[0.015977397561073303, 0.4417508542537689, 0.5096695423126221, 0.03260217607021332]
saved summary -> /home/zhujjing/MOE-grad-conflict-routing/runs/paper_suite/single_gpu/single_task/deberta_rte_ffn_e4_k2/final/baseline_s5.json
saved curve -> /home/zhujjing/MOE-grad-conflict-routing/runs/paper_suite/single_gpu/single_task/deberta_rte_ffn_e4_k2/final/baseline_s5_curve.csv
