[run] method=baseline candidate=local_var_topk_017 seed=11 steps=1000 gpu=0
[run] cmd=
/root/miniconda3/envs/optimization/bin/python /root/Optimization/MOE-grad-conflict-routing-appendix2/scripts/run.py --config configs/multitask_glue3_rte_mrpc_cola_real.yaml --set model.backbone_backend=hf --set model.hf_load_pretrained=true --set model.hf_local_files_only=1 --set model.backbone=roberta --set model.hf_pretrained_name=roberta-base --set model.routing_mode=topk --set model.expert_type=lora --set model.num_experts=4 --set model.top_k=2 --set model.lora_rank=32 --set model.lora_alpha=32 --set train.eval_train_fraction=0.10 --set train.eval_train_max_batches=-1 --set train.eval_max_batches=-1 --set seed=11 --set method.name=baseline_avg --set train.steps=1000 --set train.eval_every_steps=100 --set train.grad_clip=0.9972133521 --set train.lr=2e-05 --set train.weight_decay=0.01786324514 --out /root/Optimization/MOE-grad-conflict-routing-appendix2/runs/paper_suite_supplement/appendix/rank/multi_glue3_roberta_r32_lora_e4_k2/_method_workers/baseline/final/baseline_s11.json --curve_out /root/Optimization/MOE-grad-conflict-routing-appendix2/runs/paper_suite_supplement/appendix/rank/multi_glue3_roberta_r32_lora_e4_k2/_method_workers/baseline/final/baseline_s11_curve.csv
Using the latest cached version of the dataset since glue couldn't be found on the Hugging Face Hub (offline mode is enabled).
Found the latest cached dataset configuration 'rte' at /root/.cache/huggingface/datasets/glue/rte/0.0.0/bcdcba79d07bc864c1c254ccfcedcce55bcc9a8c (last modified on Thu Mar 26 19:09:12 2026).
Using the latest cached version of the dataset since glue couldn't be found on the Hugging Face Hub (offline mode is enabled).
Found the latest cached dataset configuration 'mrpc' at /root/.cache/huggingface/datasets/glue/mrpc/0.0.0/bcdcba79d07bc864c1c254ccfcedcce55bcc9a8c (last modified on Thu Mar 26 20:11:06 2026).
Using the latest cached version of the dataset since glue couldn't be found on the Hugging Face Hub (offline mode is enabled).
Found the latest cached dataset configuration 'cola' at /root/.cache/huggingface/datasets/glue/cola/0.0.0/bcdcba79d07bc864c1c254ccfcedcce55bcc9a8c (last modified on Thu Mar 26 23:46:11 2026).
Loading weights:   0%|          | 0/197 [00:00<?, ?it/s]Loading weights: 100%|██████████| 197/197 [00:00<00:00, 7949.57it/s]
[1mRobertaModel LOAD REPORT[0m from: roberta-base
Key                             | Status     | 
--------------------------------+------------+-
lm_head.layer_norm.bias         | UNEXPECTED | 
lm_head.dense.bias              | UNEXPECTED | 
lm_head.dense.weight            | UNEXPECTED | 
lm_head.layer_norm.weight       | UNEXPECTED | 
lm_head.bias                    | UNEXPECTED | 
roberta.embeddings.position_ids | UNEXPECTED | 
pooler.dense.bias               | MISSING    | 
pooler.dense.weight             | MISSING    | 

[3mNotes:
- UNEXPECTED[3m	:can be ignored when loading from different task/architecture; not ok if you expect identical arch.
- MISSING[3m	:those params were newly initialized because missing from the checkpoint. Consider training on your downstream task.[0m
[step 0001/1000] method=baseline_avg loss=0.6964 train_acc=nan train_loss=nan val_acc=nan val_loss=nan best=-1.0000
[step 0010/1000] method=baseline_avg loss=0.6009 train_acc=nan train_loss=nan val_acc=nan val_loss=nan best=-1.0000
[step 0020/1000] method=baseline_avg loss=0.7184 train_acc=nan train_loss=nan val_acc=nan val_loss=nan best=-1.0000
[step 0030/1000] method=baseline_avg loss=0.7481 train_acc=nan train_loss=nan val_acc=nan val_loss=nan best=-1.0000
[step 0040/1000] method=baseline_avg loss=0.5914 train_acc=nan train_loss=nan val_acc=nan val_loss=nan best=-1.0000
[step 0050/1000] method=baseline_avg loss=0.5160 train_acc=nan train_loss=nan val_acc=nan val_loss=nan best=-1.0000
[step 0060/1000] method=baseline_avg loss=0.5240 train_acc=nan train_loss=nan val_acc=nan val_loss=nan best=-1.0000
[step 0070/1000] method=baseline_avg loss=0.6271 train_acc=nan train_loss=nan val_acc=nan val_loss=nan best=-1.0000
[step 0080/1000] method=baseline_avg loss=0.6094 train_acc=nan train_loss=nan val_acc=nan val_loss=nan best=-1.0000
[step 0090/1000] method=baseline_avg loss=0.5140 train_acc=nan train_loss=nan val_acc=nan val_loss=nan best=-1.0000
[step 0100/1000] method=baseline_avg loss=0.5740 train_acc=0.6736 train_loss=0.5902 val_acc=0.6631 val_loss=0.6111 router_H=0.6574 best=0.6631
           router_load=[0.13932669162750244, 0.17862385511398315, 0.05603310838341713, 0.6260163187980652]
[step 0110/1000] method=baseline_avg loss=0.7940 train_acc=0.6736 train_loss=0.5902 val_acc=0.6631 val_loss=0.6111 router_H=0.6574 best=0.6631
           router_load=[0.13932669162750244, 0.17862385511398315, 0.05603310838341713, 0.6260163187980652]
[step 0120/1000] method=baseline_avg loss=0.6688 train_acc=0.6736 train_loss=0.5902 val_acc=0.6631 val_loss=0.6111 router_H=0.6574 best=0.6631
           router_load=[0.13932669162750244, 0.17862385511398315, 0.05603310838341713, 0.6260163187980652]
[step 0130/1000] method=baseline_avg loss=0.5560 train_acc=0.6736 train_loss=0.5902 val_acc=0.6631 val_loss=0.6111 router_H=0.6574 best=0.6631
           router_load=[0.13932669162750244, 0.17862385511398315, 0.05603310838341713, 0.6260163187980652]
[step 0140/1000] method=baseline_avg loss=0.6435 train_acc=0.6736 train_loss=0.5902 val_acc=0.6631 val_loss=0.6111 router_H=0.6574 best=0.6631
           router_load=[0.13932669162750244, 0.17862385511398315, 0.05603310838341713, 0.6260163187980652]
[step 0150/1000] method=baseline_avg loss=0.5984 train_acc=0.6736 train_loss=0.5902 val_acc=0.6631 val_loss=0.6111 router_H=0.6574 best=0.6631
           router_load=[0.13932669162750244, 0.17862385511398315, 0.05603310838341713, 0.6260163187980652]
[step 0160/1000] method=baseline_avg loss=0.5872 train_acc=0.6736 train_loss=0.5902 val_acc=0.6631 val_loss=0.6111 router_H=0.6574 best=0.6631
           router_load=[0.13932669162750244, 0.17862385511398315, 0.05603310838341713, 0.6260163187980652]
[step 0170/1000] method=baseline_avg loss=0.5022 train_acc=0.6736 train_loss=0.5902 val_acc=0.6631 val_loss=0.6111 router_H=0.6574 best=0.6631
           router_load=[0.13932669162750244, 0.17862385511398315, 0.05603310838341713, 0.6260163187980652]
[step 0180/1000] method=baseline_avg loss=0.3996 train_acc=0.6736 train_loss=0.5902 val_acc=0.6631 val_loss=0.6111 router_H=0.6574 best=0.6631
           router_load=[0.13932669162750244, 0.17862385511398315, 0.05603310838341713, 0.6260163187980652]
[step 0190/1000] method=baseline_avg loss=0.7030 train_acc=0.6736 train_loss=0.5902 val_acc=0.6631 val_loss=0.6111 router_H=0.6574 best=0.6631
           router_load=[0.13932669162750244, 0.17862385511398315, 0.05603310838341713, 0.6260163187980652]
[step 0200/1000] method=baseline_avg loss=0.5611 train_acc=0.6862 train_loss=0.5502 val_acc=0.6772 val_loss=0.5678 router_H=0.6663 best=0.6772
           router_load=[0.13839586079120636, 0.19737282395362854, 0.0560140535235405, 0.6082168817520142]
[step 0210/1000] method=baseline_avg loss=0.5209 train_acc=0.6862 train_loss=0.5502 val_acc=0.6772 val_loss=0.5678 router_H=0.6663 best=0.6772
           router_load=[0.13839586079120636, 0.19737282395362854, 0.0560140535235405, 0.6082168817520142]
[step 0220/1000] method=baseline_avg loss=0.5677 train_acc=0.6862 train_loss=0.5502 val_acc=0.6772 val_loss=0.5678 router_H=0.6663 best=0.6772
           router_load=[0.13839586079120636, 0.19737282395362854, 0.0560140535235405, 0.6082168817520142]
[step 0230/1000] method=baseline_avg loss=0.6285 train_acc=0.6862 train_loss=0.5502 val_acc=0.6772 val_loss=0.5678 router_H=0.6663 best=0.6772
           router_load=[0.13839586079120636, 0.19737282395362854, 0.0560140535235405, 0.6082168817520142]
[step 0240/1000] method=baseline_avg loss=0.5559 train_acc=0.6862 train_loss=0.5502 val_acc=0.6772 val_loss=0.5678 router_H=0.6663 best=0.6772
           router_load=[0.13839586079120636, 0.19737282395362854, 0.0560140535235405, 0.6082168817520142]
[step 0250/1000] method=baseline_avg loss=0.4765 train_acc=0.6862 train_loss=0.5502 val_acc=0.6772 val_loss=0.5678 router_H=0.6663 best=0.6772
           router_load=[0.13839586079120636, 0.19737282395362854, 0.0560140535235405, 0.6082168817520142]
[step 0260/1000] method=baseline_avg loss=0.6013 train_acc=0.6862 train_loss=0.5502 val_acc=0.6772 val_loss=0.5678 router_H=0.6663 best=0.6772
           router_load=[0.13839586079120636, 0.19737282395362854, 0.0560140535235405, 0.6082168817520142]
[step 0270/1000] method=baseline_avg loss=0.5248 train_acc=0.6862 train_loss=0.5502 val_acc=0.6772 val_loss=0.5678 router_H=0.6663 best=0.6772
           router_load=[0.13839586079120636, 0.19737282395362854, 0.0560140535235405, 0.6082168817520142]
[step 0280/1000] method=baseline_avg loss=0.6084 train_acc=0.6862 train_loss=0.5502 val_acc=0.6772 val_loss=0.5678 router_H=0.6663 best=0.6772
           router_load=[0.13839586079120636, 0.19737282395362854, 0.0560140535235405, 0.6082168817520142]
[step 0290/1000] method=baseline_avg loss=0.5917 train_acc=0.6862 train_loss=0.5502 val_acc=0.6772 val_loss=0.5678 router_H=0.6663 best=0.6772
           router_load=[0.13839586079120636, 0.19737282395362854, 0.0560140535235405, 0.6082168817520142]
[step 0300/1000] method=baseline_avg loss=0.5359 train_acc=0.7579 train_loss=0.5160 val_acc=0.7163 val_loss=0.5296 router_H=0.6786 best=0.7163
           router_load=[0.18796207010746002, 0.19702692329883575, 0.04892745986580849, 0.5660832524299622]
[step 0310/1000] method=baseline_avg loss=0.4949 train_acc=0.7579 train_loss=0.5160 val_acc=0.7163 val_loss=0.5296 router_H=0.6786 best=0.7163
           router_load=[0.18796207010746002, 0.19702692329883575, 0.04892745986580849, 0.5660832524299622]
[step 0320/1000] method=baseline_avg loss=0.5249 train_acc=0.7579 train_loss=0.5160 val_acc=0.7163 val_loss=0.5296 router_H=0.6786 best=0.7163
           router_load=[0.18796207010746002, 0.19702692329883575, 0.04892745986580849, 0.5660832524299622]
[step 0330/1000] method=baseline_avg loss=0.5106 train_acc=0.7579 train_loss=0.5160 val_acc=0.7163 val_loss=0.5296 router_H=0.6786 best=0.7163
           router_load=[0.18796207010746002, 0.19702692329883575, 0.04892745986580849, 0.5660832524299622]
[step 0340/1000] method=baseline_avg loss=0.4136 train_acc=0.7579 train_loss=0.5160 val_acc=0.7163 val_loss=0.5296 router_H=0.6786 best=0.7163
           router_load=[0.18796207010746002, 0.19702692329883575, 0.04892745986580849, 0.5660832524299622]
[step 0350/1000] method=baseline_avg loss=0.5983 train_acc=0.7579 train_loss=0.5160 val_acc=0.7163 val_loss=0.5296 router_H=0.6786 best=0.7163
           router_load=[0.18796207010746002, 0.19702692329883575, 0.04892745986580849, 0.5660832524299622]
[step 0360/1000] method=baseline_avg loss=0.5885 train_acc=0.7579 train_loss=0.5160 val_acc=0.7163 val_loss=0.5296 router_H=0.6786 best=0.7163
           router_load=[0.18796207010746002, 0.19702692329883575, 0.04892745986580849, 0.5660832524299622]
[step 0370/1000] method=baseline_avg loss=0.3495 train_acc=0.7579 train_loss=0.5160 val_acc=0.7163 val_loss=0.5296 router_H=0.6786 best=0.7163
           router_load=[0.18796207010746002, 0.19702692329883575, 0.04892745986580849, 0.5660832524299622]
[step 0380/1000] method=baseline_avg loss=0.4380 train_acc=0.7579 train_loss=0.5160 val_acc=0.7163 val_loss=0.5296 router_H=0.6786 best=0.7163
           router_load=[0.18796207010746002, 0.19702692329883575, 0.04892745986580849, 0.5660832524299622]
[step 0390/1000] method=baseline_avg loss=0.4648 train_acc=0.7579 train_loss=0.5160 val_acc=0.7163 val_loss=0.5296 router_H=0.6786 best=0.7163
           router_load=[0.18796207010746002, 0.19702692329883575, 0.04892745986580849, 0.5660832524299622]
[step 0400/1000] method=baseline_avg loss=0.2464 train_acc=0.7160 train_loss=0.5454 val_acc=0.6718 val_loss=0.6286 router_H=0.6836 best=0.7163
           router_load=[0.12361861765384674, 0.3088388442993164, 0.05266708508133888, 0.5148756504058838]
[step 0410/1000] method=baseline_avg loss=0.3595 train_acc=0.7160 train_loss=0.5454 val_acc=0.6718 val_loss=0.6286 router_H=0.6836 best=0.7163
           router_load=[0.12361861765384674, 0.3088388442993164, 0.05266708508133888, 0.5148756504058838]
[step 0420/1000] method=baseline_avg loss=0.3549 train_acc=0.7160 train_loss=0.5454 val_acc=0.6718 val_loss=0.6286 router_H=0.6836 best=0.7163
           router_load=[0.12361861765384674, 0.3088388442993164, 0.05266708508133888, 0.5148756504058838]
[step 0430/1000] method=baseline_avg loss=0.5734 train_acc=0.7160 train_loss=0.5454 val_acc=0.6718 val_loss=0.6286 router_H=0.6836 best=0.7163
           router_load=[0.12361861765384674, 0.3088388442993164, 0.05266708508133888, 0.5148756504058838]
[step 0440/1000] method=baseline_avg loss=0.5125 train_acc=0.7160 train_loss=0.5454 val_acc=0.6718 val_loss=0.6286 router_H=0.6836 best=0.7163
           router_load=[0.12361861765384674, 0.3088388442993164, 0.05266708508133888, 0.5148756504058838]
[step 0450/1000] method=baseline_avg loss=0.4419 train_acc=0.7160 train_loss=0.5454 val_acc=0.6718 val_loss=0.6286 router_H=0.6836 best=0.7163
           router_load=[0.12361861765384674, 0.3088388442993164, 0.05266708508133888, 0.5148756504058838]
[step 0460/1000] method=baseline_avg loss=0.4464 train_acc=0.7160 train_loss=0.5454 val_acc=0.6718 val_loss=0.6286 router_H=0.6836 best=0.7163
           router_load=[0.12361861765384674, 0.3088388442993164, 0.05266708508133888, 0.5148756504058838]
[step 0470/1000] method=baseline_avg loss=0.5660 train_acc=0.7160 train_loss=0.5454 val_acc=0.6718 val_loss=0.6286 router_H=0.6836 best=0.7163
           router_load=[0.12361861765384674, 0.3088388442993164, 0.05266708508133888, 0.5148756504058838]
[step 0480/1000] method=baseline_avg loss=0.3556 train_acc=0.7160 train_loss=0.5454 val_acc=0.6718 val_loss=0.6286 router_H=0.6836 best=0.7163
           router_load=[0.12361861765384674, 0.3088388442993164, 0.05266708508133888, 0.5148756504058838]
[step 0490/1000] method=baseline_avg loss=0.3788 train_acc=0.7160 train_loss=0.5454 val_acc=0.6718 val_loss=0.6286 router_H=0.6836 best=0.7163
           router_load=[0.12361861765384674, 0.3088388442993164, 0.05266708508133888, 0.5148756504058838]
[step 0500/1000] method=baseline_avg loss=0.6899 train_acc=0.8223 train_loss=0.4220 val_acc=0.7594 val_loss=0.4813 router_H=0.6795 best=0.7594
           router_load=[0.14829695224761963, 0.23503659665584564, 0.07099092751741409, 0.5456756949424744]
[step 0510/1000] method=baseline_avg loss=0.4630 train_acc=0.8223 train_loss=0.4220 val_acc=0.7594 val_loss=0.4813 router_H=0.6795 best=0.7594
           router_load=[0.14829695224761963, 0.23503659665584564, 0.07099092751741409, 0.5456756949424744]
[step 0520/1000] method=baseline_avg loss=0.4500 train_acc=0.8223 train_loss=0.4220 val_acc=0.7594 val_loss=0.4813 router_H=0.6795 best=0.7594
           router_load=[0.14829695224761963, 0.23503659665584564, 0.07099092751741409, 0.5456756949424744]
[step 0530/1000] method=baseline_avg loss=0.5938 train_acc=0.8223 train_loss=0.4220 val_acc=0.7594 val_loss=0.4813 router_H=0.6795 best=0.7594
           router_load=[0.14829695224761963, 0.23503659665584564, 0.07099092751741409, 0.5456756949424744]
[step 0540/1000] method=baseline_avg loss=0.5600 train_acc=0.8223 train_loss=0.4220 val_acc=0.7594 val_loss=0.4813 router_H=0.6795 best=0.7594
           router_load=[0.14829695224761963, 0.23503659665584564, 0.07099092751741409, 0.5456756949424744]
[step 0550/1000] method=baseline_avg loss=0.4797 train_acc=0.8223 train_loss=0.4220 val_acc=0.7594 val_loss=0.4813 router_H=0.6795 best=0.7594
           router_load=[0.14829695224761963, 0.23503659665584564, 0.07099092751741409, 0.5456756949424744]
[step 0560/1000] method=baseline_avg loss=0.4493 train_acc=0.8223 train_loss=0.4220 val_acc=0.7594 val_loss=0.4813 router_H=0.6795 best=0.7594
           router_load=[0.14829695224761963, 0.23503659665584564, 0.07099092751741409, 0.5456756949424744]
[step 0570/1000] method=baseline_avg loss=0.7619 train_acc=0.8223 train_loss=0.4220 val_acc=0.7594 val_loss=0.4813 router_H=0.6795 best=0.7594
           router_load=[0.14829695224761963, 0.23503659665584564, 0.07099092751741409, 0.5456756949424744]
[step 0580/1000] method=baseline_avg loss=0.5203 train_acc=0.8223 train_loss=0.4220 val_acc=0.7594 val_loss=0.4813 router_H=0.6795 best=0.7594
           router_load=[0.14829695224761963, 0.23503659665584564, 0.07099092751741409, 0.5456756949424744]
[step 0590/1000] method=baseline_avg loss=0.3789 train_acc=0.8223 train_loss=0.4220 val_acc=0.7594 val_loss=0.4813 router_H=0.6795 best=0.7594
           router_load=[0.14829695224761963, 0.23503659665584564, 0.07099092751741409, 0.5456756949424744]
[step 0600/1000] method=baseline_avg loss=0.4288 train_acc=0.8153 train_loss=0.3956 val_acc=0.7741 val_loss=0.4739 router_H=0.6770 best=0.7741
           router_load=[0.12766827642917633, 0.25568529963493347, 0.05574331432580948, 0.5609034299850464]
[step 0610/1000] method=baseline_avg loss=0.2500 train_acc=0.8153 train_loss=0.3956 val_acc=0.7741 val_loss=0.4739 router_H=0.6770 best=0.7741
           router_load=[0.12766827642917633, 0.25568529963493347, 0.05574331432580948, 0.5609034299850464]
[step 0620/1000] method=baseline_avg loss=0.4437 train_acc=0.8153 train_loss=0.3956 val_acc=0.7741 val_loss=0.4739 router_H=0.6770 best=0.7741
           router_load=[0.12766827642917633, 0.25568529963493347, 0.05574331432580948, 0.5609034299850464]
[step 0630/1000] method=baseline_avg loss=0.4557 train_acc=0.8153 train_loss=0.3956 val_acc=0.7741 val_loss=0.4739 router_H=0.6770 best=0.7741
           router_load=[0.12766827642917633, 0.25568529963493347, 0.05574331432580948, 0.5609034299850464]
[step 0640/1000] method=baseline_avg loss=0.2904 train_acc=0.8153 train_loss=0.3956 val_acc=0.7741 val_loss=0.4739 router_H=0.6770 best=0.7741
           router_load=[0.12766827642917633, 0.25568529963493347, 0.05574331432580948, 0.5609034299850464]
[step 0650/1000] method=baseline_avg loss=0.6133 train_acc=0.8153 train_loss=0.3956 val_acc=0.7741 val_loss=0.4739 router_H=0.6770 best=0.7741
           router_load=[0.12766827642917633, 0.25568529963493347, 0.05574331432580948, 0.5609034299850464]
[step 0660/1000] method=baseline_avg loss=0.3483 train_acc=0.8153 train_loss=0.3956 val_acc=0.7741 val_loss=0.4739 router_H=0.6770 best=0.7741
           router_load=[0.12766827642917633, 0.25568529963493347, 0.05574331432580948, 0.5609034299850464]
[step 0670/1000] method=baseline_avg loss=0.5166 train_acc=0.8153 train_loss=0.3956 val_acc=0.7741 val_loss=0.4739 router_H=0.6770 best=0.7741
           router_load=[0.12766827642917633, 0.25568529963493347, 0.05574331432580948, 0.5609034299850464]
[step 0680/1000] method=baseline_avg loss=0.4397 train_acc=0.8153 train_loss=0.3956 val_acc=0.7741 val_loss=0.4739 router_H=0.6770 best=0.7741
           router_load=[0.12766827642917633, 0.25568529963493347, 0.05574331432580948, 0.5609034299850464]
[step 0690/1000] method=baseline_avg loss=0.4530 train_acc=0.8153 train_loss=0.3956 val_acc=0.7741 val_loss=0.4739 router_H=0.6770 best=0.7741
           router_load=[0.12766827642917633, 0.25568529963493347, 0.05574331432580948, 0.5609034299850464]
[step 0700/1000] method=baseline_avg loss=0.3902 train_acc=0.8530 train_loss=0.3371 val_acc=0.7826 val_loss=0.4724 router_H=0.6784 best=0.7826
           router_load=[0.14970903098583221, 0.2691154181957245, 0.03168726712465286, 0.5494880676269531]
[step 0710/1000] method=baseline_avg loss=0.5888 train_acc=0.8530 train_loss=0.3371 val_acc=0.7826 val_loss=0.4724 router_H=0.6784 best=0.7826
           router_load=[0.14970903098583221, 0.2691154181957245, 0.03168726712465286, 0.5494880676269531]
[step 0720/1000] method=baseline_avg loss=0.6039 train_acc=0.8530 train_loss=0.3371 val_acc=0.7826 val_loss=0.4724 router_H=0.6784 best=0.7826
           router_load=[0.14970903098583221, 0.2691154181957245, 0.03168726712465286, 0.5494880676269531]
[step 0730/1000] method=baseline_avg loss=0.5598 train_acc=0.8530 train_loss=0.3371 val_acc=0.7826 val_loss=0.4724 router_H=0.6784 best=0.7826
           router_load=[0.14970903098583221, 0.2691154181957245, 0.03168726712465286, 0.5494880676269531]
[step 0740/1000] method=baseline_avg loss=0.3719 train_acc=0.8530 train_loss=0.3371 val_acc=0.7826 val_loss=0.4724 router_H=0.6784 best=0.7826
           router_load=[0.14970903098583221, 0.2691154181957245, 0.03168726712465286, 0.5494880676269531]
[step 0750/1000] method=baseline_avg loss=0.6037 train_acc=0.8530 train_loss=0.3371 val_acc=0.7826 val_loss=0.4724 router_H=0.6784 best=0.7826
           router_load=[0.14970903098583221, 0.2691154181957245, 0.03168726712465286, 0.5494880676269531]
[step 0760/1000] method=baseline_avg loss=0.5449 train_acc=0.8530 train_loss=0.3371 val_acc=0.7826 val_loss=0.4724 router_H=0.6784 best=0.7826
           router_load=[0.14970903098583221, 0.2691154181957245, 0.03168726712465286, 0.5494880676269531]
[step 0770/1000] method=baseline_avg loss=0.3754 train_acc=0.8530 train_loss=0.3371 val_acc=0.7826 val_loss=0.4724 router_H=0.6784 best=0.7826
           router_load=[0.14970903098583221, 0.2691154181957245, 0.03168726712465286, 0.5494880676269531]
[step 0780/1000] method=baseline_avg loss=0.6267 train_acc=0.8530 train_loss=0.3371 val_acc=0.7826 val_loss=0.4724 router_H=0.6784 best=0.7826
           router_load=[0.14970903098583221, 0.2691154181957245, 0.03168726712465286, 0.5494880676269531]
[step 0790/1000] method=baseline_avg loss=0.4484 train_acc=0.8530 train_loss=0.3371 val_acc=0.7826 val_loss=0.4724 router_H=0.6784 best=0.7826
           router_load=[0.14970903098583221, 0.2691154181957245, 0.03168726712465286, 0.5494880676269531]
[step 0800/1000] method=baseline_avg loss=0.7176 train_acc=0.8610 train_loss=0.3249 val_acc=0.7948 val_loss=0.4660 router_H=0.6802 best=0.7948
           router_load=[0.10834382474422455, 0.2980131208896637, 0.10401714593172073, 0.4896255433559418]
[step 0810/1000] method=baseline_avg loss=0.5188 train_acc=0.8610 train_loss=0.3249 val_acc=0.7948 val_loss=0.4660 router_H=0.6802 best=0.7948
           router_load=[0.10834382474422455, 0.2980131208896637, 0.10401714593172073, 0.4896255433559418]
[step 0820/1000] method=baseline_avg loss=0.3142 train_acc=0.8610 train_loss=0.3249 val_acc=0.7948 val_loss=0.4660 router_H=0.6802 best=0.7948
           router_load=[0.10834382474422455, 0.2980131208896637, 0.10401714593172073, 0.4896255433559418]
[step 0830/1000] method=baseline_avg loss=0.3451 train_acc=0.8610 train_loss=0.3249 val_acc=0.7948 val_loss=0.4660 router_H=0.6802 best=0.7948
           router_load=[0.10834382474422455, 0.2980131208896637, 0.10401714593172073, 0.4896255433559418]
[step 0840/1000] method=baseline_avg loss=0.4452 train_acc=0.8610 train_loss=0.3249 val_acc=0.7948 val_loss=0.4660 router_H=0.6802 best=0.7948
           router_load=[0.10834382474422455, 0.2980131208896637, 0.10401714593172073, 0.4896255433559418]
[step 0850/1000] method=baseline_avg loss=0.3585 train_acc=0.8610 train_loss=0.3249 val_acc=0.7948 val_loss=0.4660 router_H=0.6802 best=0.7948
           router_load=[0.10834382474422455, 0.2980131208896637, 0.10401714593172073, 0.4896255433559418]
[step 0860/1000] method=baseline_avg loss=0.5252 train_acc=0.8610 train_loss=0.3249 val_acc=0.7948 val_loss=0.4660 router_H=0.6802 best=0.7948
           router_load=[0.10834382474422455, 0.2980131208896637, 0.10401714593172073, 0.4896255433559418]
[step 0870/1000] method=baseline_avg loss=0.8993 train_acc=0.8610 train_loss=0.3249 val_acc=0.7948 val_loss=0.4660 router_H=0.6802 best=0.7948
           router_load=[0.10834382474422455, 0.2980131208896637, 0.10401714593172073, 0.4896255433559418]
[step 0880/1000] method=baseline_avg loss=0.3822 train_acc=0.8610 train_loss=0.3249 val_acc=0.7948 val_loss=0.4660 router_H=0.6802 best=0.7948
           router_load=[0.10834382474422455, 0.2980131208896637, 0.10401714593172073, 0.4896255433559418]
[step 0890/1000] method=baseline_avg loss=0.4008 train_acc=0.8610 train_loss=0.3249 val_acc=0.7948 val_loss=0.4660 router_H=0.6802 best=0.7948
           router_load=[0.10834382474422455, 0.2980131208896637, 0.10401714593172073, 0.4896255433559418]
[step 0900/1000] method=baseline_avg loss=0.3714 train_acc=0.8905 train_loss=0.2981 val_acc=0.7930 val_loss=0.4336 router_H=0.6795 best=0.7948
           router_load=[0.11133159697055817, 0.27956047654151917, 0.07060395926237106, 0.538503885269165]
[step 0910/1000] method=baseline_avg loss=0.5519 train_acc=0.8905 train_loss=0.2981 val_acc=0.7930 val_loss=0.4336 router_H=0.6795 best=0.7948
           router_load=[0.11133159697055817, 0.27956047654151917, 0.07060395926237106, 0.538503885269165]
[step 0920/1000] method=baseline_avg loss=0.5993 train_acc=0.8905 train_loss=0.2981 val_acc=0.7930 val_loss=0.4336 router_H=0.6795 best=0.7948
           router_load=[0.11133159697055817, 0.27956047654151917, 0.07060395926237106, 0.538503885269165]
[step 0930/1000] method=baseline_avg loss=0.4263 train_acc=0.8905 train_loss=0.2981 val_acc=0.7930 val_loss=0.4336 router_H=0.6795 best=0.7948
           router_load=[0.11133159697055817, 0.27956047654151917, 0.07060395926237106, 0.538503885269165]
[step 0940/1000] method=baseline_avg loss=0.3025 train_acc=0.8905 train_loss=0.2981 val_acc=0.7930 val_loss=0.4336 router_H=0.6795 best=0.7948
           router_load=[0.11133159697055817, 0.27956047654151917, 0.07060395926237106, 0.538503885269165]
[step 0950/1000] method=baseline_avg loss=0.2873 train_acc=0.8905 train_loss=0.2981 val_acc=0.7930 val_loss=0.4336 router_H=0.6795 best=0.7948
           router_load=[0.11133159697055817, 0.27956047654151917, 0.07060395926237106, 0.538503885269165]
[step 0960/1000] method=baseline_avg loss=0.4964 train_acc=0.8905 train_loss=0.2981 val_acc=0.7930 val_loss=0.4336 router_H=0.6795 best=0.7948
           router_load=[0.11133159697055817, 0.27956047654151917, 0.07060395926237106, 0.538503885269165]
[step 0970/1000] method=baseline_avg loss=0.4121 train_acc=0.8905 train_loss=0.2981 val_acc=0.7930 val_loss=0.4336 router_H=0.6795 best=0.7948
           router_load=[0.11133159697055817, 0.27956047654151917, 0.07060395926237106, 0.538503885269165]
[step 0980/1000] method=baseline_avg loss=0.3892 train_acc=0.8905 train_loss=0.2981 val_acc=0.7930 val_loss=0.4336 router_H=0.6795 best=0.7948
           router_load=[0.11133159697055817, 0.27956047654151917, 0.07060395926237106, 0.538503885269165]
[step 0990/1000] method=baseline_avg loss=0.3299 train_acc=0.8905 train_loss=0.2981 val_acc=0.7930 val_loss=0.4336 router_H=0.6795 best=0.7948
           router_load=[0.11133159697055817, 0.27956047654151917, 0.07060395926237106, 0.538503885269165]
[step 1000/1000] method=baseline_avg loss=0.4499 train_acc=0.9151 train_loss=0.2451 val_acc=0.8094 val_loss=0.4543 router_H=0.6804 best=0.8094
           router_load=[0.0812465026974678, 0.34541699290275574, 0.07999353110790253, 0.49334314465522766]
saved summary -> /root/Optimization/MOE-grad-conflict-routing-appendix2/runs/paper_suite_supplement/appendix/rank/multi_glue3_roberta_r32_lora_e4_k2/_method_workers/baseline/final/baseline_s11.json
saved curve -> /root/Optimization/MOE-grad-conflict-routing-appendix2/runs/paper_suite_supplement/appendix/rank/multi_glue3_roberta_r32_lora_e4_k2/_method_workers/baseline/final/baseline_s11_curve.csv
