[run] method=ours candidate=coord_02_train_weight_decay_000 seed=2 steps=200 gpu=0
[run] cmd=
/root/miniconda3/envs/optimization/bin/python /root/Optimization/MOE-grad-conflict-routing/scripts/run.py --config configs/multitask_glue3_rte_mrpc_cola_real.yaml --set model.backbone_backend=hf --set model.hf_load_pretrained=true --set model.hf_local_files_only=true --set model.backbone=roberta --set model.hf_pretrained_name=roberta-base --set model.routing_mode=topk --set model.expert_type=lora --set model.num_experts=4 --set model.top_k=2 --set model.lora_rank=32 --set model.lora_alpha=32 --set train.eval_train_fraction=0.10 --set train.eval_train_max_batches=-1 --set train.eval_max_batches=-1 --set seed=2 --set method.name=ours --set train.steps=200 --set train.eval_every_steps=100 --set method.ours.use_load_norm=true --set method.ours.lambda_align=0.001 --set train.grad_clip=1 --set train.lr=1.693101775e-05 --set train.weight_decay=0.003745151078 --out /root/Optimization/MOE-grad-conflict-routing/runs/paper_suite_supplement/appendix/rank/multi_glue3_roberta_r32_lora_e4_k2/hpo/ours/trial_runs/coord_02_train_weight_decay_000/ours_s2.json --curve_out /root/Optimization/MOE-grad-conflict-routing/runs/paper_suite_supplement/appendix/rank/multi_glue3_roberta_r32_lora_e4_k2/hpo/ours/trial_runs/coord_02_train_weight_decay_000/ours_s2_curve.csv
Using the latest cached version of the dataset since glue couldn't be found on the Hugging Face Hub (offline mode is enabled).
Found the latest cached dataset configuration 'rte' at /root/.cache/huggingface/datasets/glue/rte/0.0.0/bcdcba79d07bc864c1c254ccfcedcce55bcc9a8c (last modified on Thu Mar 26 19:09:12 2026).
Using the latest cached version of the dataset since glue couldn't be found on the Hugging Face Hub (offline mode is enabled).
Found the latest cached dataset configuration 'mrpc' at /root/.cache/huggingface/datasets/glue/mrpc/0.0.0/bcdcba79d07bc864c1c254ccfcedcce55bcc9a8c (last modified on Thu Mar 26 20:11:06 2026).
Using the latest cached version of the dataset since glue couldn't be found on the Hugging Face Hub (offline mode is enabled).
Found the latest cached dataset configuration 'cola' at /root/.cache/huggingface/datasets/glue/cola/0.0.0/bcdcba79d07bc864c1c254ccfcedcce55bcc9a8c (last modified on Thu Mar 26 23:46:11 2026).
Loading weights:   0%|          | 0/197 [00:00<?, ?it/s]Loading weights: 100%|██████████| 197/197 [00:00<00:00, 5309.52it/s]
[1mRobertaModel LOAD REPORT[0m from: roberta-base
Key                             | Status     | 
--------------------------------+------------+-
lm_head.bias                    | UNEXPECTED | 
lm_head.dense.weight            | UNEXPECTED | 
roberta.embeddings.position_ids | UNEXPECTED | 
lm_head.layer_norm.weight       | UNEXPECTED | 
lm_head.dense.bias              | UNEXPECTED | 
lm_head.layer_norm.bias         | UNEXPECTED | 
pooler.dense.weight             | MISSING    | 
pooler.dense.bias               | MISSING    | 

[3mNotes:
- UNEXPECTED[3m	:can be ignored when loading from different task/architecture; not ok if you expect identical arch.
- MISSING[3m	:those params were newly initialized because missing from the checkpoint. Consider training on your downstream task.[0m
[step 0001/200] method=ours loss=0.6853 train_acc=nan train_loss=nan val_acc=nan val_loss=nan best=-1.0000
[step 0010/200] method=ours loss=0.6388 train_acc=nan train_loss=nan val_acc=nan val_loss=nan best=-1.0000
[step 0020/200] method=ours loss=0.6343 train_acc=nan train_loss=nan val_acc=nan val_loss=nan best=-1.0000
[step 0030/200] method=ours loss=0.6146 train_acc=nan train_loss=nan val_acc=nan val_loss=nan best=-1.0000
[step 0040/200] method=ours loss=0.7405 train_acc=nan train_loss=nan val_acc=nan val_loss=nan best=-1.0000
[step 0050/200] method=ours loss=0.6091 train_acc=nan train_loss=nan val_acc=nan val_loss=nan best=-1.0000
[step 0060/200] method=ours loss=0.6097 train_acc=nan train_loss=nan val_acc=nan val_loss=nan best=-1.0000
[step 0070/200] method=ours loss=0.5760 train_acc=nan train_loss=nan val_acc=nan val_loss=nan best=-1.0000
[step 0080/200] method=ours loss=0.5932 train_acc=nan train_loss=nan val_acc=nan val_loss=nan best=-1.0000
[step 0090/200] method=ours loss=0.6171 train_acc=nan train_loss=nan val_acc=nan val_loss=nan best=-1.0000
[step 0100/200] method=ours loss=0.5857 train_acc=0.6534 train_loss=0.5851 val_acc=0.6466 val_loss=0.5907 router_H=0.6612 best=0.6466
           router_load=[0.6200523972511292, 0.0919114500284195, 0.06717651337385178, 0.22085949778556824]
[step 0110/200] method=ours loss=0.5904 train_acc=0.6534 train_loss=0.5851 val_acc=0.6466 val_loss=0.5907 router_H=0.6612 best=0.6466
           router_load=[0.6200523972511292, 0.0919114500284195, 0.06717651337385178, 0.22085949778556824]
[step 0120/200] method=ours loss=0.5015 train_acc=0.6534 train_loss=0.5851 val_acc=0.6466 val_loss=0.5907 router_H=0.6612 best=0.6466
           router_load=[0.6200523972511292, 0.0919114500284195, 0.06717651337385178, 0.22085949778556824]
[step 0130/200] method=ours loss=0.6004 train_acc=0.6534 train_loss=0.5851 val_acc=0.6466 val_loss=0.5907 router_H=0.6612 best=0.6466
           router_load=[0.6200523972511292, 0.0919114500284195, 0.06717651337385178, 0.22085949778556824]
[step 0140/200] method=ours loss=0.6453 train_acc=0.6534 train_loss=0.5851 val_acc=0.6466 val_loss=0.5907 router_H=0.6612 best=0.6466
           router_load=[0.6200523972511292, 0.0919114500284195, 0.06717651337385178, 0.22085949778556824]
[step 0150/200] method=ours loss=0.5047 train_acc=0.6534 train_loss=0.5851 val_acc=0.6466 val_loss=0.5907 router_H=0.6612 best=0.6466
           router_load=[0.6200523972511292, 0.0919114500284195, 0.06717651337385178, 0.22085949778556824]
[step 0160/200] method=ours loss=0.6515 train_acc=0.6534 train_loss=0.5851 val_acc=0.6466 val_loss=0.5907 router_H=0.6612 best=0.6466
           router_load=[0.6200523972511292, 0.0919114500284195, 0.06717651337385178, 0.22085949778556824]
[step 0170/200] method=ours loss=0.6956 train_acc=0.6534 train_loss=0.5851 val_acc=0.6466 val_loss=0.5907 router_H=0.6612 best=0.6466
           router_load=[0.6200523972511292, 0.0919114500284195, 0.06717651337385178, 0.22085949778556824]
[step 0180/200] method=ours loss=0.8003 train_acc=0.6534 train_loss=0.5851 val_acc=0.6466 val_loss=0.5907 router_H=0.6612 best=0.6466
           router_load=[0.6200523972511292, 0.0919114500284195, 0.06717651337385178, 0.22085949778556824]
[step 0190/200] method=ours loss=0.4720 train_acc=0.6534 train_loss=0.5851 val_acc=0.6466 val_loss=0.5907 router_H=0.6612 best=0.6466
           router_load=[0.6200523972511292, 0.0919114500284195, 0.06717651337385178, 0.22085949778556824]
[step 0200/200] method=ours loss=0.5676 train_acc=0.7138 train_loss=0.5401 val_acc=0.6814 val_loss=0.5621 router_H=0.6769 best=0.6814
           router_load=[0.5622783303260803, 0.04354469105601311, 0.19320958852767944, 0.20096729695796967]
saved summary -> /root/Optimization/MOE-grad-conflict-routing/runs/paper_suite_supplement/appendix/rank/multi_glue3_roberta_r32_lora_e4_k2/hpo/ours/trial_runs/coord_02_train_weight_decay_000/ours_s2.json
saved curve -> /root/Optimization/MOE-grad-conflict-routing/runs/paper_suite_supplement/appendix/rank/multi_glue3_roberta_r32_lora_e4_k2/hpo/ours/trial_runs/coord_02_train_weight_decay_000/ours_s2_curve.csv
