[run] method=baseline candidate=coord_02_train_weight_decay_018 seed=3 steps=150 gpu=0
[run] cmd=
/home/zhujjing/anaconda3/envs/moe/bin/python /home/zhujjing/MOE-grad-conflict-routing/scripts/run.py --config configs/singletask_sst2_real.yaml --set model.backbone_backend=hf --set model.hf_load_pretrained=true --set model.hf_local_files_only=true --set model.backbone=deberta --set model.hf_pretrained_name=microsoft/deberta-v3-base --set model.expert_type=lora --set model.routing_mode=topk --set model.num_experts=4 --set model.top_k=2 --set seed=3 --set method.name=baseline_avg --set train.steps=150 --set train.eval_every_steps=50 --set train.grad_clip=1 --set train.lr=3.07386945e-05 --set train.weight_decay=0.01471133122 --out /home/zhujjing/MOE-grad-conflict-routing/runs/paper_suite/single_gpu/single_task/deberta_sst2_lora_e4_k2_supplement/hpo/baseline/trial_runs/coord_02_train_weight_decay_018/baseline_s3.json --curve_out /home/zhujjing/MOE-grad-conflict-routing/runs/paper_suite/single_gpu/single_task/deberta_sst2_lora_e4_k2_supplement/hpo/baseline/trial_runs/coord_02_train_weight_decay_018/baseline_s3_curve.csv
Using the latest cached version of the dataset since glue couldn't be found on the Hugging Face Hub (offline mode is enabled).
Found the latest cached dataset configuration 'sst2' at /home/zhujjing/hf_cache/datasets/glue/sst2/0.0.0/bcdcba79d07bc864c1c254ccfcedcce55bcc9a8c (last modified on Thu Mar 19 15:01:41 2026).
/home/zhujjing/anaconda3/envs/moe/lib/python3.10/site-packages/transformers/utils/hub.py:124: FutureWarning: Using `TRANSFORMERS_CACHE` is deprecated and will be removed in v5 of Transformers. Use `HF_HOME` instead.
  warnings.warn(
/home/zhujjing/anaconda3/envs/moe/lib/python3.10/site-packages/transformers/convert_slow_tokenizer.py:560: UserWarning: The sentencepiece tokenizer that you are converting to a fast tokenizer uses the byte fallback option which is not implemented in the fast tokenizers. In practice this means that the fast version of the tokenizer can produce unknown tokens whereas the sentencepiece version would have converted these unknown tokens into a sequence of byte tokens matching the original piece of text.
  warnings.warn(
[step 0001/150] method=baseline_avg loss=0.6179 train_acc=nan train_loss=nan val_acc=nan val_loss=nan best=-1.0000
[step 0010/150] method=baseline_avg loss=0.5977 train_acc=nan train_loss=nan val_acc=nan val_loss=nan best=-1.0000
[step 0020/150] method=baseline_avg loss=0.4436 train_acc=nan train_loss=nan val_acc=nan val_loss=nan best=-1.0000
[step 0030/150] method=baseline_avg loss=0.5012 train_acc=nan train_loss=nan val_acc=nan val_loss=nan best=-1.0000
[step 0040/150] method=baseline_avg loss=0.4057 train_acc=nan train_loss=nan val_acc=nan val_loss=nan best=-1.0000
[step 0050/150] method=baseline_avg loss=0.5250 train_acc=0.8677 train_loss=0.3198 val_acc=0.8532 val_loss=0.3520 router_H=0.6828 best=0.8532
           router_load=[0.436875581741333, 0.016922682523727417, 0.03095076233148575, 0.5152509212493896]
[step 0060/150] method=baseline_avg loss=0.4118 train_acc=0.8677 train_loss=0.3198 val_acc=0.8532 val_loss=0.3520 router_H=0.6828 best=0.8532
           router_load=[0.436875581741333, 0.016922682523727417, 0.03095076233148575, 0.5152509212493896]
[step 0070/150] method=baseline_avg loss=0.3309 train_acc=0.8677 train_loss=0.3198 val_acc=0.8532 val_loss=0.3520 router_H=0.6828 best=0.8532
           router_load=[0.436875581741333, 0.016922682523727417, 0.03095076233148575, 0.5152509212493896]
[step 0080/150] method=baseline_avg loss=0.1819 train_acc=0.8677 train_loss=0.3198 val_acc=0.8532 val_loss=0.3520 router_H=0.6828 best=0.8532
           router_load=[0.436875581741333, 0.016922682523727417, 0.03095076233148575, 0.5152509212493896]
[step 0090/150] method=baseline_avg loss=0.3084 train_acc=0.8677 train_loss=0.3198 val_acc=0.8532 val_loss=0.3520 router_H=0.6828 best=0.8532
           router_load=[0.436875581741333, 0.016922682523727417, 0.03095076233148575, 0.5152509212493896]
[step 0100/150] method=baseline_avg loss=0.1126 train_acc=0.9123 train_loss=0.2566 val_acc=0.9209 val_loss=0.2487 router_H=0.6811 best=0.9209
           router_load=[0.4409111440181732, 0.0058127399533987045, 0.03013509139418602, 0.5231409668922424]
[step 0110/150] method=baseline_avg loss=0.6715 train_acc=0.9123 train_loss=0.2566 val_acc=0.9209 val_loss=0.2487 router_H=0.6811 best=0.9209
           router_load=[0.4409111440181732, 0.0058127399533987045, 0.03013509139418602, 0.5231409668922424]
[step 0120/150] method=baseline_avg loss=0.6507 train_acc=0.9123 train_loss=0.2566 val_acc=0.9209 val_loss=0.2487 router_H=0.6811 best=0.9209
           router_load=[0.4409111440181732, 0.0058127399533987045, 0.03013509139418602, 0.5231409668922424]
[step 0130/150] method=baseline_avg loss=0.3757 train_acc=0.9123 train_loss=0.2566 val_acc=0.9209 val_loss=0.2487 router_H=0.6811 best=0.9209
           router_load=[0.4409111440181732, 0.0058127399533987045, 0.03013509139418602, 0.5231409668922424]
[step 0140/150] method=baseline_avg loss=0.1930 train_acc=0.9123 train_loss=0.2566 val_acc=0.9209 val_loss=0.2487 router_H=0.6811 best=0.9209
           router_load=[0.4409111440181732, 0.0058127399533987045, 0.03013509139418602, 0.5231409668922424]
[step 0150/150] method=baseline_avg loss=0.3471 train_acc=0.9130 train_loss=0.2537 val_acc=0.9174 val_loss=0.2630 router_H=0.6848 best=0.9209
           router_load=[0.20378847420215607, 0.01461163442581892, 0.2810416519641876, 0.500558078289032]
saved summary -> /home/zhujjing/MOE-grad-conflict-routing/runs/paper_suite/single_gpu/single_task/deberta_sst2_lora_e4_k2_supplement/hpo/baseline/trial_runs/coord_02_train_weight_decay_018/baseline_s3.json
saved curve -> /home/zhujjing/MOE-grad-conflict-routing/runs/paper_suite/single_gpu/single_task/deberta_sst2_lora_e4_k2_supplement/hpo/baseline/trial_runs/coord_02_train_weight_decay_018/baseline_s3_curve.csv
