[run] method=baseline candidate=coord_02_train_weight_decay_026 seed=2 steps=150 gpu=0
[run] cmd=
/home/zhujjing/anaconda3/envs/moe/bin/python /home/zhujjing/MOE-grad-conflict-routing/scripts/run.py --config configs/singletask_sst2_real.yaml --set model.backbone_backend=hf --set model.hf_load_pretrained=true --set model.hf_local_files_only=true --set model.backbone=deberta --set model.hf_pretrained_name=microsoft/deberta-v3-base --set model.expert_type=lora --set model.routing_mode=topk --set model.num_experts=4 --set model.top_k=2 --set seed=2 --set method.name=baseline_avg --set train.steps=150 --set train.eval_every_steps=50 --set train.grad_clip=1 --set train.lr=3.07386945e-05 --set train.weight_decay=0.04603734299 --out /home/zhujjing/MOE-grad-conflict-routing/runs/paper_suite/single_gpu/single_task/deberta_sst2_lora_e4_k2_supplement/hpo/baseline/trial_runs/coord_02_train_weight_decay_026/baseline_s2.json --curve_out /home/zhujjing/MOE-grad-conflict-routing/runs/paper_suite/single_gpu/single_task/deberta_sst2_lora_e4_k2_supplement/hpo/baseline/trial_runs/coord_02_train_weight_decay_026/baseline_s2_curve.csv
Using the latest cached version of the dataset since glue couldn't be found on the Hugging Face Hub (offline mode is enabled).
Found the latest cached dataset configuration 'sst2' at /home/zhujjing/hf_cache/datasets/glue/sst2/0.0.0/bcdcba79d07bc864c1c254ccfcedcce55bcc9a8c (last modified on Thu Mar 19 15:01:41 2026).
/home/zhujjing/anaconda3/envs/moe/lib/python3.10/site-packages/transformers/utils/hub.py:124: FutureWarning: Using `TRANSFORMERS_CACHE` is deprecated and will be removed in v5 of Transformers. Use `HF_HOME` instead.
  warnings.warn(
/home/zhujjing/anaconda3/envs/moe/lib/python3.10/site-packages/transformers/convert_slow_tokenizer.py:560: UserWarning: The sentencepiece tokenizer that you are converting to a fast tokenizer uses the byte fallback option which is not implemented in the fast tokenizers. In practice this means that the fast version of the tokenizer can produce unknown tokens whereas the sentencepiece version would have converted these unknown tokens into a sequence of byte tokens matching the original piece of text.
  warnings.warn(
[step 0001/150] method=baseline_avg loss=0.6660 train_acc=nan train_loss=nan val_acc=nan val_loss=nan best=-1.0000
[step 0010/150] method=baseline_avg loss=0.6351 train_acc=nan train_loss=nan val_acc=nan val_loss=nan best=-1.0000
[step 0020/150] method=baseline_avg loss=0.4224 train_acc=nan train_loss=nan val_acc=nan val_loss=nan best=-1.0000
[step 0030/150] method=baseline_avg loss=0.2480 train_acc=nan train_loss=nan val_acc=nan val_loss=nan best=-1.0000
[step 0040/150] method=baseline_avg loss=0.3312 train_acc=nan train_loss=nan val_acc=nan val_loss=nan best=-1.0000
[step 0050/150] method=baseline_avg loss=0.2693 train_acc=0.8996 train_loss=0.2742 val_acc=0.8750 val_loss=0.3413 router_H=0.6804 best=0.8750
           router_load=[0.47502219676971436, 0.4574388563632965, 0.0005925403092987835, 0.06694654375314713]
[step 0060/150] method=baseline_avg loss=0.4747 train_acc=0.8996 train_loss=0.2742 val_acc=0.8750 val_loss=0.3413 router_H=0.6804 best=0.8750
           router_load=[0.47502219676971436, 0.4574388563632965, 0.0005925403092987835, 0.06694654375314713]
[step 0070/150] method=baseline_avg loss=0.4336 train_acc=0.8996 train_loss=0.2742 val_acc=0.8750 val_loss=0.3413 router_H=0.6804 best=0.8750
           router_load=[0.47502219676971436, 0.4574388563632965, 0.0005925403092987835, 0.06694654375314713]
[step 0080/150] method=baseline_avg loss=0.3335 train_acc=0.8996 train_loss=0.2742 val_acc=0.8750 val_loss=0.3413 router_H=0.6804 best=0.8750
           router_load=[0.47502219676971436, 0.4574388563632965, 0.0005925403092987835, 0.06694654375314713]
[step 0090/150] method=baseline_avg loss=0.1777 train_acc=0.8996 train_loss=0.2742 val_acc=0.8750 val_loss=0.3413 router_H=0.6804 best=0.8750
           router_load=[0.47502219676971436, 0.4574388563632965, 0.0005925403092987835, 0.06694654375314713]
[step 0100/150] method=baseline_avg loss=0.1142 train_acc=0.9163 train_loss=0.2555 val_acc=0.9083 val_loss=0.2749 router_H=0.6792 best=0.9083
           router_load=[0.3498598635196686, 0.4747602045536041, 0.0048034656792879105, 0.17057651281356812]
[step 0110/150] method=baseline_avg loss=0.2042 train_acc=0.9163 train_loss=0.2555 val_acc=0.9083 val_loss=0.2749 router_H=0.6792 best=0.9083
           router_load=[0.3498598635196686, 0.4747602045536041, 0.0048034656792879105, 0.17057651281356812]
[step 0120/150] method=baseline_avg loss=0.3336 train_acc=0.9163 train_loss=0.2555 val_acc=0.9083 val_loss=0.2749 router_H=0.6792 best=0.9083
           router_load=[0.3498598635196686, 0.4747602045536041, 0.0048034656792879105, 0.17057651281356812]
[step 0130/150] method=baseline_avg loss=0.2669 train_acc=0.9163 train_loss=0.2555 val_acc=0.9083 val_loss=0.2749 router_H=0.6792 best=0.9083
           router_load=[0.3498598635196686, 0.4747602045536041, 0.0048034656792879105, 0.17057651281356812]
[step 0140/150] method=baseline_avg loss=0.2326 train_acc=0.9163 train_loss=0.2555 val_acc=0.9083 val_loss=0.2749 router_H=0.6792 best=0.9083
           router_load=[0.3498598635196686, 0.4747602045536041, 0.0048034656792879105, 0.17057651281356812]
[step 0150/150] method=baseline_avg loss=0.2268 train_acc=0.9209 train_loss=0.2343 val_acc=0.9186 val_loss=0.2295 router_H=0.6797 best=0.9186
           router_load=[0.2553696036338806, 0.5388104319572449, 0.0017041780520230532, 0.20411571860313416]
saved summary -> /home/zhujjing/MOE-grad-conflict-routing/runs/paper_suite/single_gpu/single_task/deberta_sst2_lora_e4_k2_supplement/hpo/baseline/trial_runs/coord_02_train_weight_decay_026/baseline_s2.json
saved curve -> /home/zhujjing/MOE-grad-conflict-routing/runs/paper_suite/single_gpu/single_task/deberta_sst2_lora_e4_k2_supplement/hpo/baseline/trial_runs/coord_02_train_weight_decay_026/baseline_s2_curve.csv
