[run] method=baseline candidate=coord_02_train_weight_decay_005 seed=2 steps=150 gpu=0
[run] cmd=
/home/zhujjing/anaconda3/envs/moe/bin/python /home/zhujjing/MOE-grad-conflict-routing/scripts/run.py --config configs/singletask_sst2_real.yaml --set model.backbone_backend=hf --set model.hf_load_pretrained=true --set model.hf_local_files_only=true --set model.backbone=deberta --set model.hf_pretrained_name=microsoft/deberta-v3-base --set model.expert_type=lora --set model.routing_mode=topk --set model.num_experts=4 --set model.top_k=2 --set seed=2 --set method.name=baseline_avg --set train.steps=150 --set train.eval_every_steps=50 --set train.grad_clip=1 --set train.lr=3.07386945e-05 --set train.weight_decay=0.01546097608 --out /home/zhujjing/MOE-grad-conflict-routing/runs/paper_suite/single_gpu/single_task/deberta_sst2_lora_e4_k2_supplement/hpo/baseline/trial_runs/coord_02_train_weight_decay_005/baseline_s2.json --curve_out /home/zhujjing/MOE-grad-conflict-routing/runs/paper_suite/single_gpu/single_task/deberta_sst2_lora_e4_k2_supplement/hpo/baseline/trial_runs/coord_02_train_weight_decay_005/baseline_s2_curve.csv
Using the latest cached version of the dataset since glue couldn't be found on the Hugging Face Hub (offline mode is enabled).
Found the latest cached dataset configuration 'sst2' at /home/zhujjing/hf_cache/datasets/glue/sst2/0.0.0/bcdcba79d07bc864c1c254ccfcedcce55bcc9a8c (last modified on Thu Mar 19 15:01:41 2026).
/home/zhujjing/anaconda3/envs/moe/lib/python3.10/site-packages/transformers/utils/hub.py:124: FutureWarning: Using `TRANSFORMERS_CACHE` is deprecated and will be removed in v5 of Transformers. Use `HF_HOME` instead.
  warnings.warn(
/home/zhujjing/anaconda3/envs/moe/lib/python3.10/site-packages/transformers/convert_slow_tokenizer.py:560: UserWarning: The sentencepiece tokenizer that you are converting to a fast tokenizer uses the byte fallback option which is not implemented in the fast tokenizers. In practice this means that the fast version of the tokenizer can produce unknown tokens whereas the sentencepiece version would have converted these unknown tokens into a sequence of byte tokens matching the original piece of text.
  warnings.warn(
[step 0001/150] method=baseline_avg loss=0.5406 train_acc=nan train_loss=nan val_acc=nan val_loss=nan best=-1.0000
[step 0010/150] method=baseline_avg loss=0.6927 train_acc=nan train_loss=nan val_acc=nan val_loss=nan best=-1.0000
[step 0020/150] method=baseline_avg loss=0.2586 train_acc=nan train_loss=nan val_acc=nan val_loss=nan best=-1.0000
[step 0030/150] method=baseline_avg loss=0.4098 train_acc=nan train_loss=nan val_acc=nan val_loss=nan best=-1.0000
[step 0040/150] method=baseline_avg loss=0.1429 train_acc=nan train_loss=nan val_acc=nan val_loss=nan best=-1.0000
[step 0050/150] method=baseline_avg loss=0.1596 train_acc=0.8189 train_loss=0.4512 val_acc=0.6709 val_loss=0.7735 router_H=0.6599 best=0.6709
           router_load=[0.35236477851867676, 0.06433967500925064, 0.013147981837391853, 0.5701473951339722]
[step 0060/150] method=baseline_avg loss=0.2576 train_acc=0.8189 train_loss=0.4512 val_acc=0.6709 val_loss=0.7735 router_H=0.6599 best=0.6709
           router_load=[0.35236477851867676, 0.06433967500925064, 0.013147981837391853, 0.5701473951339722]
[step 0070/150] method=baseline_avg loss=0.4591 train_acc=0.8189 train_loss=0.4512 val_acc=0.6709 val_loss=0.7735 router_H=0.6599 best=0.6709
           router_load=[0.35236477851867676, 0.06433967500925064, 0.013147981837391853, 0.5701473951339722]
[step 0080/150] method=baseline_avg loss=0.5511 train_acc=0.8189 train_loss=0.4512 val_acc=0.6709 val_loss=0.7735 router_H=0.6599 best=0.6709
           router_load=[0.35236477851867676, 0.06433967500925064, 0.013147981837391853, 0.5701473951339722]
[step 0090/150] method=baseline_avg loss=0.1613 train_acc=0.8189 train_loss=0.4512 val_acc=0.6709 val_loss=0.7735 router_H=0.6599 best=0.6709
           router_load=[0.35236477851867676, 0.06433967500925064, 0.013147981837391853, 0.5701473951339722]
[step 0100/150] method=baseline_avg loss=0.3411 train_acc=0.8894 train_loss=0.3228 val_acc=0.8429 val_loss=0.4190 router_H=0.6812 best=0.8429
           router_load=[0.33084991574287415, 0.11171814054250717, 0.06856955587863922, 0.4888623356819153]
[step 0110/150] method=baseline_avg loss=0.2124 train_acc=0.8894 train_loss=0.3228 val_acc=0.8429 val_loss=0.4190 router_H=0.6812 best=0.8429
           router_load=[0.33084991574287415, 0.11171814054250717, 0.06856955587863922, 0.4888623356819153]
[step 0120/150] method=baseline_avg loss=0.2057 train_acc=0.8894 train_loss=0.3228 val_acc=0.8429 val_loss=0.4190 router_H=0.6812 best=0.8429
           router_load=[0.33084991574287415, 0.11171814054250717, 0.06856955587863922, 0.4888623356819153]
[step 0130/150] method=baseline_avg loss=0.2999 train_acc=0.8894 train_loss=0.3228 val_acc=0.8429 val_loss=0.4190 router_H=0.6812 best=0.8429
           router_load=[0.33084991574287415, 0.11171814054250717, 0.06856955587863922, 0.4888623356819153]
[step 0140/150] method=baseline_avg loss=0.5731 train_acc=0.8894 train_loss=0.3228 val_acc=0.8429 val_loss=0.4190 router_H=0.6812 best=0.8429
           router_load=[0.33084991574287415, 0.11171814054250717, 0.06856955587863922, 0.4888623356819153]
[step 0150/150] method=baseline_avg loss=0.2709 train_acc=0.9207 train_loss=0.2218 val_acc=0.9266 val_loss=0.2203 router_H=0.6698 best=0.9266
           router_load=[0.22328874468803406, 0.15686628222465515, 0.2402212917804718, 0.37962374091148376]
saved summary -> /home/zhujjing/MOE-grad-conflict-routing/runs/paper_suite/single_gpu/single_task/deberta_sst2_lora_e4_k2_supplement/hpo/baseline/trial_runs/coord_02_train_weight_decay_005/baseline_s2.json
saved curve -> /home/zhujjing/MOE-grad-conflict-routing/runs/paper_suite/single_gpu/single_task/deberta_sst2_lora_e4_k2_supplement/hpo/baseline/trial_runs/coord_02_train_weight_decay_005/baseline_s2_curve.csv
