[run] method=baseline candidate=coord_03_train_grad_clip_004 seed=2 steps=150 gpu=0
[run] cmd=
/home/zhujjing/anaconda3/envs/moe/bin/python /home/zhujjing/MOE-grad-conflict-routing/scripts/run.py --config configs/singletask_sst2_real.yaml --set model.backbone_backend=hf --set model.hf_load_pretrained=true --set model.backbone=deberta --set model.hf_pretrained_name=microsoft/deberta-v3-base --set model.expert_type=lora --set model.routing_mode=topk --set model.num_experts=4 --set model.top_k=2 --set seed=2 --set method.name=baseline_avg --set train.steps=150 --set train.eval_every_steps=50 --set train.grad_clip=0.9537451003 --set train.lr=4.073235309e-05 --set train.weight_decay=0.04394047402 --out /home/zhujjing/MOE-grad-conflict-routing/runs/paper_suite/single_gpu/single_task/deberta_sst2_lora_e4_k2/hpo/baseline/trial_runs/coord_03_train_grad_clip_004/baseline_s2.json --curve_out /home/zhujjing/MOE-grad-conflict-routing/runs/paper_suite/single_gpu/single_task/deberta_sst2_lora_e4_k2/hpo/baseline/trial_runs/coord_03_train_grad_clip_004/baseline_s2_curve.csv
Using the latest cached version of the dataset since glue couldn't be found on the Hugging Face Hub (offline mode is enabled).
Found the latest cached dataset configuration 'sst2' at /home/zhujjing/hf_cache/datasets/glue/sst2/0.0.0/bcdcba79d07bc864c1c254ccfcedcce55bcc9a8c (last modified on Thu Mar 19 15:01:41 2026).
/home/zhujjing/anaconda3/envs/moe/lib/python3.10/site-packages/transformers/utils/hub.py:124: FutureWarning: Using `TRANSFORMERS_CACHE` is deprecated and will be removed in v5 of Transformers. Use `HF_HOME` instead.
  warnings.warn(
/home/zhujjing/anaconda3/envs/moe/lib/python3.10/site-packages/transformers/convert_slow_tokenizer.py:560: UserWarning: The sentencepiece tokenizer that you are converting to a fast tokenizer uses the byte fallback option which is not implemented in the fast tokenizers. In practice this means that the fast version of the tokenizer can produce unknown tokens whereas the sentencepiece version would have converted these unknown tokens into a sequence of byte tokens matching the original piece of text.
  warnings.warn(
[step 0001/150] method=baseline_avg loss=0.7867 train_acc=nan train_loss=nan val_acc=nan val_loss=nan best=-1.0000
[step 0010/150] method=baseline_avg loss=0.6079 train_acc=nan train_loss=nan val_acc=nan val_loss=nan best=-1.0000
[step 0020/150] method=baseline_avg loss=0.2235 train_acc=nan train_loss=nan val_acc=nan val_loss=nan best=-1.0000
[step 0030/150] method=baseline_avg loss=0.1956 train_acc=nan train_loss=nan val_acc=nan val_loss=nan best=-1.0000
[step 0040/150] method=baseline_avg loss=0.0834 train_acc=nan train_loss=nan val_acc=nan val_loss=nan best=-1.0000
[step 0050/150] method=baseline_avg loss=0.0805 train_acc=0.8200 train_loss=0.6314 val_acc=0.7683 val_loss=0.8698 router_H=0.6831 best=0.7683
           router_load=[0.4230548143386841, 0.006329357624053955, 0.3716025650501251, 0.19901302456855774]
[step 0060/150] method=baseline_avg loss=0.1802 train_acc=0.8200 train_loss=0.6314 val_acc=0.7683 val_loss=0.8698 router_H=0.6831 best=0.7683
           router_load=[0.4230548143386841, 0.006329357624053955, 0.3716025650501251, 0.19901302456855774]
[step 0070/150] method=baseline_avg loss=0.7204 train_acc=0.8200 train_loss=0.6314 val_acc=0.7683 val_loss=0.8698 router_H=0.6831 best=0.7683
           router_load=[0.4230548143386841, 0.006329357624053955, 0.3716025650501251, 0.19901302456855774]
[step 0080/150] method=baseline_avg loss=0.5005 train_acc=0.8200 train_loss=0.6314 val_acc=0.7683 val_loss=0.8698 router_H=0.6831 best=0.7683
           router_load=[0.4230548143386841, 0.006329357624053955, 0.3716025650501251, 0.19901302456855774]
[step 0090/150] method=baseline_avg loss=0.3400 train_acc=0.8200 train_loss=0.6314 val_acc=0.7683 val_loss=0.8698 router_H=0.6831 best=0.7683
           router_load=[0.4230548143386841, 0.006329357624053955, 0.3716025650501251, 0.19901302456855774]
[step 0100/150] method=baseline_avg loss=0.2456 train_acc=0.8810 train_loss=0.3872 val_acc=0.9002 val_loss=0.3336 router_H=0.6781 best=0.9002
           router_load=[0.19362817704677582, 0.011202803812921047, 0.5078941583633423, 0.2872748374938965]
[step 0110/150] method=baseline_avg loss=0.1787 train_acc=0.8810 train_loss=0.3872 val_acc=0.9002 val_loss=0.3336 router_H=0.6781 best=0.9002
           router_load=[0.19362817704677582, 0.011202803812921047, 0.5078941583633423, 0.2872748374938965]
[step 0120/150] method=baseline_avg loss=0.1181 train_acc=0.8810 train_loss=0.3872 val_acc=0.9002 val_loss=0.3336 router_H=0.6781 best=0.9002
           router_load=[0.19362817704677582, 0.011202803812921047, 0.5078941583633423, 0.2872748374938965]
[step 0130/150] method=baseline_avg loss=0.2380 train_acc=0.8810 train_loss=0.3872 val_acc=0.9002 val_loss=0.3336 router_H=0.6781 best=0.9002
           router_load=[0.19362817704677582, 0.011202803812921047, 0.5078941583633423, 0.2872748374938965]
[step 0140/150] method=baseline_avg loss=0.1975 train_acc=0.8810 train_loss=0.3872 val_acc=0.9002 val_loss=0.3336 router_H=0.6781 best=0.9002
           router_load=[0.19362817704677582, 0.011202803812921047, 0.5078941583633423, 0.2872748374938965]
[step 0150/150] method=baseline_avg loss=0.3113 train_acc=0.9219 train_loss=0.2069 val_acc=0.9255 val_loss=0.2016 router_H=0.6759 best=0.9255
           router_load=[0.1511964052915573, 0.0020359002519398928, 0.5025048851966858, 0.3442627787590027]
saved summary -> /home/zhujjing/MOE-grad-conflict-routing/runs/paper_suite/single_gpu/single_task/deberta_sst2_lora_e4_k2/hpo/baseline/trial_runs/coord_03_train_grad_clip_004/baseline_s2.json
saved curve -> /home/zhujjing/MOE-grad-conflict-routing/runs/paper_suite/single_gpu/single_task/deberta_sst2_lora_e4_k2/hpo/baseline/trial_runs/coord_03_train_grad_clip_004/baseline_s2_curve.csv
