[run] method=cagrad candidate=coord_01_train_lr_011 seed=2 steps=150 gpu=0
[run] cmd=
/home/zhujjing/anaconda3/envs/moe/bin/python /home/zhujjing/MOE-grad-conflict-routing/scripts/run.py --config configs/singletask_rte_real.yaml --set model.backbone_backend=hf --set model.hf_load_pretrained=true --set model.backbone=deberta --set model.hf_pretrained_name=microsoft/deberta-v3-base --set model.expert_type=lora --set model.routing_mode=topk --set model.num_experts=4 --set model.top_k=2 --set seed=2 --set method.name=baseline_cagrad --set train.steps=150 --set train.eval_every_steps=50 --set method.baseline_cagrad.c=0.4 --set method.baseline_cagrad.inner_lr=0.1 --set train.grad_clip=1 --set train.lr=2.310879692e-06 --set train.weight_decay=0.01 --out /home/zhujjing/MOE-grad-conflict-routing/runs/paper_suite/single_gpu/single_task/deberta_rte_lora_e4_k2/hpo/cagrad/trial_runs/coord_01_train_lr_011/cagrad_s2.json --curve_out /home/zhujjing/MOE-grad-conflict-routing/runs/paper_suite/single_gpu/single_task/deberta_rte_lora_e4_k2/hpo/cagrad/trial_runs/coord_01_train_lr_011/cagrad_s2_curve.csv
Using the latest cached version of the dataset since glue couldn't be found on the Hugging Face Hub (offline mode is enabled).
Found the latest cached dataset configuration 'rte' at /home/zhujjing/hf_cache/datasets/glue/rte/0.0.0/bcdcba79d07bc864c1c254ccfcedcce55bcc9a8c (last modified on Thu Mar 19 15:00:36 2026).
/home/zhujjing/anaconda3/envs/moe/lib/python3.10/site-packages/transformers/utils/hub.py:124: FutureWarning: Using `TRANSFORMERS_CACHE` is deprecated and will be removed in v5 of Transformers. Use `HF_HOME` instead.
  warnings.warn(
/home/zhujjing/anaconda3/envs/moe/lib/python3.10/site-packages/transformers/convert_slow_tokenizer.py:560: UserWarning: The sentencepiece tokenizer that you are converting to a fast tokenizer uses the byte fallback option which is not implemented in the fast tokenizers. In practice this means that the fast version of the tokenizer can produce unknown tokens whereas the sentencepiece version would have converted these unknown tokens into a sequence of byte tokens matching the original piece of text.
  warnings.warn(
[step 0001/150] method=baseline_cagrad loss=0.7797 train_acc=nan train_loss=nan val_acc=nan val_loss=nan best=-1.0000
[step 0010/150] method=baseline_cagrad loss=0.7597 train_acc=nan train_loss=nan val_acc=nan val_loss=nan best=-1.0000
[step 0020/150] method=baseline_cagrad loss=0.7020 train_acc=nan train_loss=nan val_acc=nan val_loss=nan best=-1.0000
[step 0030/150] method=baseline_cagrad loss=0.6527 train_acc=nan train_loss=nan val_acc=nan val_loss=nan best=-1.0000
[step 0040/150] method=baseline_cagrad loss=0.7219 train_acc=nan train_loss=nan val_acc=nan val_loss=nan best=-1.0000
[step 0050/150] method=baseline_cagrad loss=0.6827 train_acc=0.5398 train_loss=0.6881 val_acc=0.5523 val_loss=0.6873 router_H=0.6701 best=0.5523
           router_load=[0.018100125715136528, 0.0, 0.3895110487937927, 0.5923888087272644]
[step 0060/150] method=baseline_cagrad loss=0.7003 train_acc=0.5398 train_loss=0.6881 val_acc=0.5523 val_loss=0.6873 router_H=0.6701 best=0.5523
           router_load=[0.018100125715136528, 0.0, 0.3895110487937927, 0.5923888087272644]
[step 0070/150] method=baseline_cagrad loss=0.6673 train_acc=0.5398 train_loss=0.6881 val_acc=0.5523 val_loss=0.6873 router_H=0.6701 best=0.5523
           router_load=[0.018100125715136528, 0.0, 0.3895110487937927, 0.5923888087272644]
[step 0080/150] method=baseline_cagrad loss=0.6789 train_acc=0.5398 train_loss=0.6881 val_acc=0.5523 val_loss=0.6873 router_H=0.6701 best=0.5523
           router_load=[0.018100125715136528, 0.0, 0.3895110487937927, 0.5923888087272644]
[step 0090/150] method=baseline_cagrad loss=0.6662 train_acc=0.5398 train_loss=0.6881 val_acc=0.5523 val_loss=0.6873 router_H=0.6701 best=0.5523
           router_load=[0.018100125715136528, 0.0, 0.3895110487937927, 0.5923888087272644]
[step 0100/150] method=baseline_cagrad loss=0.6663 train_acc=0.6040 train_loss=0.6674 val_acc=0.6209 val_loss=0.6712 router_H=0.6736 best=0.6209
           router_load=[0.010998401790857315, 0.0, 0.40877747535705566, 0.5802240371704102]
[step 0110/150] method=baseline_cagrad loss=0.6644 train_acc=0.6040 train_loss=0.6674 val_acc=0.6209 val_loss=0.6712 router_H=0.6736 best=0.6209
           router_load=[0.010998401790857315, 0.0, 0.40877747535705566, 0.5802240371704102]
[step 0120/150] method=baseline_cagrad loss=0.7333 train_acc=0.6040 train_loss=0.6674 val_acc=0.6209 val_loss=0.6712 router_H=0.6736 best=0.6209
           router_load=[0.010998401790857315, 0.0, 0.40877747535705566, 0.5802240371704102]
[step 0130/150] method=baseline_cagrad loss=0.6331 train_acc=0.6040 train_loss=0.6674 val_acc=0.6209 val_loss=0.6712 router_H=0.6736 best=0.6209
           router_load=[0.010998401790857315, 0.0, 0.40877747535705566, 0.5802240371704102]
[step 0140/150] method=baseline_cagrad loss=0.5881 train_acc=0.6040 train_loss=0.6674 val_acc=0.6209 val_loss=0.6712 router_H=0.6736 best=0.6209
           router_load=[0.010998401790857315, 0.0, 0.40877747535705566, 0.5802240371704102]
[step 0150/150] method=baseline_cagrad loss=0.6285 train_acc=0.6490 train_loss=0.6492 val_acc=0.6426 val_loss=0.6574 router_H=0.6782 best=0.6426
           router_load=[0.00830483715981245, 0.0, 0.4289272427558899, 0.5627678036689758]
saved summary -> /home/zhujjing/MOE-grad-conflict-routing/runs/paper_suite/single_gpu/single_task/deberta_rte_lora_e4_k2/hpo/cagrad/trial_runs/coord_01_train_lr_011/cagrad_s2.json
saved curve -> /home/zhujjing/MOE-grad-conflict-routing/runs/paper_suite/single_gpu/single_task/deberta_rte_lora_e4_k2/hpo/cagrad/trial_runs/coord_01_train_lr_011/cagrad_s2_curve.csv
