[run] method=ours candidate=coord_01_train_lr_018 seed=2 steps=150 gpu=0
[run] cmd=
/home/zhujjing/anaconda3/envs/moe/bin/python /home/zhujjing/MOE-grad-conflict-routing/scripts/run.py --config configs/singletask_rte_real.yaml --set model.backbone_backend=hf --set model.hf_load_pretrained=true --set model.backbone=deberta --set model.hf_pretrained_name=microsoft/deberta-v3-base --set model.expert_type=ffn --set model.routing_mode=topk --set model.num_experts=4 --set model.top_k=2 --set seed=2 --set method.name=ours --set train.steps=150 --set train.eval_every_steps=50 --set method.ours.use_load_norm=true --set method.ours.lambda_align=0.001 --set train.grad_clip=1 --set train.lr=0.001770869151 --set train.weight_decay=0.01 --out /home/zhujjing/MOE-grad-conflict-routing/runs/paper_suite/single_gpu/single_task/deberta_rte_ffn_e4_k2/hpo/ours/trial_runs/coord_01_train_lr_018/ours_s2.json --curve_out /home/zhujjing/MOE-grad-conflict-routing/runs/paper_suite/single_gpu/single_task/deberta_rte_ffn_e4_k2/hpo/ours/trial_runs/coord_01_train_lr_018/ours_s2_curve.csv
Using the latest cached version of the dataset since glue couldn't be found on the Hugging Face Hub (offline mode is enabled).
Found the latest cached dataset configuration 'rte' at /home/zhujjing/hf_cache/datasets/glue/rte/0.0.0/bcdcba79d07bc864c1c254ccfcedcce55bcc9a8c (last modified on Thu Mar 19 15:00:36 2026).
/home/zhujjing/anaconda3/envs/moe/lib/python3.10/site-packages/transformers/utils/hub.py:124: FutureWarning: Using `TRANSFORMERS_CACHE` is deprecated and will be removed in v5 of Transformers. Use `HF_HOME` instead.
  warnings.warn(
/home/zhujjing/anaconda3/envs/moe/lib/python3.10/site-packages/transformers/convert_slow_tokenizer.py:560: UserWarning: The sentencepiece tokenizer that you are converting to a fast tokenizer uses the byte fallback option which is not implemented in the fast tokenizers. In practice this means that the fast version of the tokenizer can produce unknown tokens whereas the sentencepiece version would have converted these unknown tokens into a sequence of byte tokens matching the original piece of text.
  warnings.warn(
[step 0001/150] method=ours loss=0.7074 train_acc=nan train_loss=nan val_acc=nan val_loss=nan best=-1.0000
[step 0010/150] method=ours loss=0.6530 train_acc=nan train_loss=nan val_acc=nan val_loss=nan best=-1.0000
[step 0020/150] method=ours loss=0.9713 train_acc=nan train_loss=nan val_acc=nan val_loss=nan best=-1.0000
[step 0030/150] method=ours loss=0.7607 train_acc=nan train_loss=nan val_acc=nan val_loss=nan best=-1.0000
[step 0040/150] method=ours loss=0.6276 train_acc=nan train_loss=nan val_acc=nan val_loss=nan best=-1.0000
[step 0050/150] method=ours loss=0.5818 train_acc=0.5016 train_loss=1.5192 val_acc=0.5271 val_loss=1.4155 router_H=0.0848 best=0.5271
           router_load=[0.0, 0.01666819490492344, 0.0, 0.9833317995071411]
[step 0060/150] method=ours loss=0.6966 train_acc=0.5016 train_loss=1.5192 val_acc=0.5271 val_loss=1.4155 router_H=0.0848 best=0.5271
           router_load=[0.0, 0.01666819490492344, 0.0, 0.9833317995071411]
[step 0070/150] method=ours loss=0.7110 train_acc=0.5016 train_loss=1.5192 val_acc=0.5271 val_loss=1.4155 router_H=0.0848 best=0.5271
           router_load=[0.0, 0.01666819490492344, 0.0, 0.9833317995071411]
[step 0080/150] method=ours loss=0.8288 train_acc=0.5016 train_loss=1.5192 val_acc=0.5271 val_loss=1.4155 router_H=0.0848 best=0.5271
           router_load=[0.0, 0.01666819490492344, 0.0, 0.9833317995071411]
[step 0090/150] method=ours loss=0.7687 train_acc=0.5016 train_loss=1.5192 val_acc=0.5271 val_loss=1.4155 router_H=0.0848 best=0.5271
           router_load=[0.0, 0.01666819490492344, 0.0, 0.9833317995071411]
[step 0100/150] method=ours loss=0.7129 train_acc=0.4984 train_loss=0.6993 val_acc=0.4729 val_loss=0.7070 router_H=0.0342 best=0.5271
           router_load=[0.0, 0.0055183484219014645, 0.0, 0.9944818019866943]
[step 0110/150] method=ours loss=0.6803 train_acc=0.4984 train_loss=0.6993 val_acc=0.4729 val_loss=0.7070 router_H=0.0342 best=0.5271
           router_load=[0.0, 0.0055183484219014645, 0.0, 0.9944818019866943]
[step 0120/150] method=ours loss=0.6891 train_acc=0.4984 train_loss=0.6993 val_acc=0.4729 val_loss=0.7070 router_H=0.0342 best=0.5271
           router_load=[0.0, 0.0055183484219014645, 0.0, 0.9944818019866943]
[step 0130/150] method=ours loss=0.6631 train_acc=0.4984 train_loss=0.6993 val_acc=0.4729 val_loss=0.7070 router_H=0.0342 best=0.5271
           router_load=[0.0, 0.0055183484219014645, 0.0, 0.9944818019866943]
[step 0140/150] method=ours loss=0.6606 train_acc=0.4984 train_loss=0.6993 val_acc=0.4729 val_loss=0.7070 router_H=0.0342 best=0.5271
           router_load=[0.0, 0.0055183484219014645, 0.0, 0.9944818019866943]
[step 0150/150] method=ours loss=0.8657 train_acc=0.5016 train_loss=0.7392 val_acc=0.5271 val_loss=0.7170 router_H=0.0209 best=0.5271
           router_load=[0.0, 0.0030764639377593994, 0.0, 0.996923565864563]
saved summary -> /home/zhujjing/MOE-grad-conflict-routing/runs/paper_suite/single_gpu/single_task/deberta_rte_ffn_e4_k2/hpo/ours/trial_runs/coord_01_train_lr_018/ours_s2.json
saved curve -> /home/zhujjing/MOE-grad-conflict-routing/runs/paper_suite/single_gpu/single_task/deberta_rte_ffn_e4_k2/hpo/ours/trial_runs/coord_01_train_lr_018/ours_s2_curve.csv
