[run] method=ours candidate=local_var_topk_021 seed=3 steps=150 gpu=0
[run] cmd=
/home/zhujjing/anaconda3/envs/moe/bin/python /home/zhujjing/MOE-grad-conflict-routing/scripts/run.py --config configs/singletask_sst2_real.yaml --set model.backbone_backend=hf --set model.hf_load_pretrained=true --set model.backbone=roberta --set model.hf_pretrained_name=roberta-base --set model.expert_type=lora --set model.routing_mode=topk --set model.num_experts=4 --set model.top_k=2 --set seed=3 --set method.name=ours --set train.steps=150 --set train.eval_every_steps=50 --set method.ours.use_load_norm=true --set method.ours.lambda_align=6.6447459e-05 --set train.grad_clip=0.5039649002 --set train.lr=4e-05 --set train.weight_decay=0.0452861226 --out /home/zhujjing/MOE-grad-conflict-routing/runs/paper_suite/single_gpu/single_task/roberta_sst2_lora_e4_k2/hpo/ours/trial_runs/local_var_topk_021/ours_s3.json --curve_out /home/zhujjing/MOE-grad-conflict-routing/runs/paper_suite/single_gpu/single_task/roberta_sst2_lora_e4_k2/hpo/ours/trial_runs/local_var_topk_021/ours_s3_curve.csv
Using the latest cached version of the dataset since glue couldn't be found on the Hugging Face Hub (offline mode is enabled).
Found the latest cached dataset configuration 'sst2' at /home/zhujjing/hf_cache/datasets/glue/sst2/0.0.0/bcdcba79d07bc864c1c254ccfcedcce55bcc9a8c (last modified on Thu Mar 19 15:01:41 2026).
/home/zhujjing/anaconda3/envs/moe/lib/python3.10/site-packages/transformers/utils/hub.py:124: FutureWarning: Using `TRANSFORMERS_CACHE` is deprecated and will be removed in v5 of Transformers. Use `HF_HOME` instead.
  warnings.warn(
Some weights of RobertaModel were not initialized from the model checkpoint at roberta-base and are newly initialized: ['roberta.pooler.dense.bias', 'roberta.pooler.dense.weight']
You should probably TRAIN this model on a down-stream task to be able to use it for predictions and inference.
[step 0001/150] method=ours loss=0.7085 train_acc=nan train_loss=nan val_acc=nan val_loss=nan best=-1.0000
[step 0010/150] method=ours loss=0.6369 train_acc=nan train_loss=nan val_acc=nan val_loss=nan best=-1.0000
[step 0020/150] method=ours loss=0.4342 train_acc=nan train_loss=nan val_acc=nan val_loss=nan best=-1.0000
[step 0030/150] method=ours loss=0.4472 train_acc=nan train_loss=nan val_acc=nan val_loss=nan best=-1.0000
[step 0040/150] method=ours loss=1.0450 train_acc=nan train_loss=nan val_acc=nan val_loss=nan best=-1.0000
[step 0050/150] method=ours loss=0.4612 train_acc=0.8497 train_loss=0.3798 val_acc=0.8635 val_loss=0.3711 router_H=0.6811 best=0.8635
           router_load=[0.27908673882484436, 0.5727827548980713, 0.1481305956840515, 0.0]
[step 0060/150] method=ours loss=0.5597 train_acc=0.8497 train_loss=0.3798 val_acc=0.8635 val_loss=0.3711 router_H=0.6811 best=0.8635
           router_load=[0.27908673882484436, 0.5727827548980713, 0.1481305956840515, 0.0]
[step 0070/150] method=ours loss=0.3545 train_acc=0.8497 train_loss=0.3798 val_acc=0.8635 val_loss=0.3711 router_H=0.6811 best=0.8635
           router_load=[0.27908673882484436, 0.5727827548980713, 0.1481305956840515, 0.0]
[step 0080/150] method=ours loss=0.2642 train_acc=0.8497 train_loss=0.3798 val_acc=0.8635 val_loss=0.3711 router_H=0.6811 best=0.8635
           router_load=[0.27908673882484436, 0.5727827548980713, 0.1481305956840515, 0.0]
[step 0090/150] method=ours loss=0.3834 train_acc=0.8497 train_loss=0.3798 val_acc=0.8635 val_loss=0.3711 router_H=0.6811 best=0.8635
           router_load=[0.27908673882484436, 0.5727827548980713, 0.1481305956840515, 0.0]
[step 0100/150] method=ours loss=0.3398 train_acc=0.8821 train_loss=0.2923 val_acc=0.9083 val_loss=0.2418 router_H=0.6856 best=0.9083
           router_load=[0.3438236117362976, 0.5481488704681396, 0.1065046489238739, 0.001522890175692737]
[step 0110/150] method=ours loss=0.2977 train_acc=0.8821 train_loss=0.2923 val_acc=0.9083 val_loss=0.2418 router_H=0.6856 best=0.9083
           router_load=[0.3438236117362976, 0.5481488704681396, 0.1065046489238739, 0.001522890175692737]
[step 0120/150] method=ours loss=0.3116 train_acc=0.8821 train_loss=0.2923 val_acc=0.9083 val_loss=0.2418 router_H=0.6856 best=0.9083
           router_load=[0.3438236117362976, 0.5481488704681396, 0.1065046489238739, 0.001522890175692737]
[step 0130/150] method=ours loss=0.5067 train_acc=0.8821 train_loss=0.2923 val_acc=0.9083 val_loss=0.2418 router_H=0.6856 best=0.9083
           router_load=[0.3438236117362976, 0.5481488704681396, 0.1065046489238739, 0.001522890175692737]
[step 0140/150] method=ours loss=0.2404 train_acc=0.8821 train_loss=0.2923 val_acc=0.9083 val_loss=0.2418 router_H=0.6856 best=0.9083
           router_load=[0.3438236117362976, 0.5481488704681396, 0.1065046489238739, 0.001522890175692737]
[step 0150/150] method=ours loss=0.2037 train_acc=0.8933 train_loss=0.2789 val_acc=0.9151 val_loss=0.2293 router_H=0.6859 best=0.9151
           router_load=[0.39219048619270325, 0.5447137355804443, 0.06309567391872406, 0.0]
saved summary -> /home/zhujjing/MOE-grad-conflict-routing/runs/paper_suite/single_gpu/single_task/roberta_sst2_lora_e4_k2/hpo/ours/trial_runs/local_var_topk_021/ours_s3.json
saved curve -> /home/zhujjing/MOE-grad-conflict-routing/runs/paper_suite/single_gpu/single_task/roberta_sst2_lora_e4_k2/hpo/ours/trial_runs/local_var_topk_021/ours_s3_curve.csv
