[run] method=baseline candidate=coord_01_train_lr_008 seed=2 steps=200 gpu=0
[run] cmd=
/root/miniconda3/envs/optimization/bin/python /root/Optimization/MOE-grad-conflict-routing-appendix2/scripts/run.py --config configs/multitask_glue4_real.yaml --set model.backbone_backend=hf --set model.hf_load_pretrained=true --set model.hf_local_files_only=1 --set model.backbone=roberta --set model.hf_pretrained_name=roberta-base --set model.routing_mode=topk --set model.expert_type=lora --set model.num_experts=6 --set model.top_k=3 --set train.eval_train_fraction=0.10 --set train.eval_train_max_batches=-1 --set train.eval_max_batches=-1 --set train.eval_val_fraction=0.2 --set train.skip_train_eval=true --set seed=2 --set method.name=baseline_avg --set train.steps=200 --set train.eval_every_steps=100 --set train.grad_clip=1 --set train.lr=3.07386945e-05 --set train.weight_decay=0 --out /root/Optimization/MOE-grad-conflict-routing-appendix2/runs/paper_suite_supplement/appendix/more_expert/glue4_roberta_lora_e6_k3/_method_workers/baseline/hpo/baseline/trial_runs/coord_01_train_lr_008/baseline_s2.json --curve_out /root/Optimization/MOE-grad-conflict-routing-appendix2/runs/paper_suite_supplement/appendix/more_expert/glue4_roberta_lora_e6_k3/_method_workers/baseline/hpo/baseline/trial_runs/coord_01_train_lr_008/baseline_s2_curve.csv
Using the latest cached version of the dataset since glue couldn't be found on the Hugging Face Hub (offline mode is enabled).
Found the latest cached dataset configuration 'rte' at /root/.cache/huggingface/datasets/glue/rte/0.0.0/bcdcba79d07bc864c1c254ccfcedcce55bcc9a8c (last modified on Thu Mar 26 19:09:12 2026).
Using the latest cached version of the dataset since glue couldn't be found on the Hugging Face Hub (offline mode is enabled).
Found the latest cached dataset configuration 'mrpc' at /root/.cache/huggingface/datasets/glue/mrpc/0.0.0/bcdcba79d07bc864c1c254ccfcedcce55bcc9a8c (last modified on Thu Mar 26 20:11:06 2026).
Using the latest cached version of the dataset since glue couldn't be found on the Hugging Face Hub (offline mode is enabled).
Found the latest cached dataset configuration 'sst2' at /root/.cache/huggingface/datasets/glue/sst2/0.0.0/bcdcba79d07bc864c1c254ccfcedcce55bcc9a8c (last modified on Fri Mar 27 01:56:24 2026).
Using the latest cached version of the dataset since glue couldn't be found on the Hugging Face Hub (offline mode is enabled).
Found the latest cached dataset configuration 'cola' at /root/.cache/huggingface/datasets/glue/cola/0.0.0/bcdcba79d07bc864c1c254ccfcedcce55bcc9a8c (last modified on Thu Mar 26 23:46:11 2026).
Loading weights:   0%|          | 0/197 [00:00<?, ?it/s]Loading weights: 100%|██████████| 197/197 [00:00<00:00, 2852.28it/s]
[1mRobertaModel LOAD REPORT[0m from: roberta-base
Key                             | Status     | 
--------------------------------+------------+-
lm_head.layer_norm.weight       | UNEXPECTED | 
lm_head.bias                    | UNEXPECTED | 
lm_head.dense.weight            | UNEXPECTED | 
lm_head.dense.bias              | UNEXPECTED | 
roberta.embeddings.position_ids | UNEXPECTED | 
lm_head.layer_norm.bias         | UNEXPECTED | 
pooler.dense.bias               | MISSING    | 
pooler.dense.weight             | MISSING    | 

[3mNotes:
- UNEXPECTED[3m	:can be ignored when loading from different task/architecture; not ok if you expect identical arch.
- MISSING[3m	:those params were newly initialized because missing from the checkpoint. Consider training on your downstream task.[0m
[step 0001/200] method=baseline_avg loss=0.6776 train_acc=nan train_loss=nan val_acc=nan val_loss=nan best=-1.0000
[step 0010/200] method=baseline_avg loss=0.6687 train_acc=nan train_loss=nan val_acc=nan val_loss=nan best=-1.0000
[step 0020/200] method=baseline_avg loss=0.5942 train_acc=nan train_loss=nan val_acc=nan val_loss=nan best=-1.0000
[step 0030/200] method=baseline_avg loss=0.6128 train_acc=nan train_loss=nan val_acc=nan val_loss=nan best=-1.0000
[step 0040/200] method=baseline_avg loss=0.5692 train_acc=nan train_loss=nan val_acc=nan val_loss=nan best=-1.0000
[step 0050/200] method=baseline_avg loss=0.6224 train_acc=nan train_loss=nan val_acc=nan val_loss=nan best=-1.0000
[step 0060/200] method=baseline_avg loss=0.4966 train_acc=nan train_loss=nan val_acc=nan val_loss=nan best=-1.0000
[step 0070/200] method=baseline_avg loss=0.5956 train_acc=nan train_loss=nan val_acc=nan val_loss=nan best=-1.0000
[step 0080/200] method=baseline_avg loss=0.5140 train_acc=nan train_loss=nan val_acc=nan val_loss=nan best=-1.0000
[step 0090/200] method=baseline_avg loss=0.4904 train_acc=nan train_loss=nan val_acc=nan val_loss=nan best=-1.0000
[step 0100/200] method=baseline_avg loss=0.5051 train_acc=nan train_loss=nan val_acc=0.6788 val_loss=0.5391 router_H=1.0869 best=0.6788
           router_load=[0.03794769197702408, 0.17542129755020142, 0.3436422646045685, 0.19485506415367126, 0.11383531987667084, 0.1342983841896057]
[step 0110/200] method=baseline_avg loss=0.4725 train_acc=nan train_loss=nan val_acc=0.6788 val_loss=0.5391 router_H=1.0869 best=0.6788
           router_load=[0.03794769197702408, 0.17542129755020142, 0.3436422646045685, 0.19485506415367126, 0.11383531987667084, 0.1342983841896057]
[step 0120/200] method=baseline_avg loss=0.5288 train_acc=nan train_loss=nan val_acc=0.6788 val_loss=0.5391 router_H=1.0869 best=0.6788
           router_load=[0.03794769197702408, 0.17542129755020142, 0.3436422646045685, 0.19485506415367126, 0.11383531987667084, 0.1342983841896057]
[step 0130/200] method=baseline_avg loss=0.4462 train_acc=nan train_loss=nan val_acc=0.6788 val_loss=0.5391 router_H=1.0869 best=0.6788
           router_load=[0.03794769197702408, 0.17542129755020142, 0.3436422646045685, 0.19485506415367126, 0.11383531987667084, 0.1342983841896057]
[step 0140/200] method=baseline_avg loss=0.4686 train_acc=nan train_loss=nan val_acc=0.6788 val_loss=0.5391 router_H=1.0869 best=0.6788
           router_load=[0.03794769197702408, 0.17542129755020142, 0.3436422646045685, 0.19485506415367126, 0.11383531987667084, 0.1342983841896057]
[step 0150/200] method=baseline_avg loss=0.5925 train_acc=nan train_loss=nan val_acc=0.6788 val_loss=0.5391 router_H=1.0869 best=0.6788
           router_load=[0.03794769197702408, 0.17542129755020142, 0.3436422646045685, 0.19485506415367126, 0.11383531987667084, 0.1342983841896057]
[step 0160/200] method=baseline_avg loss=0.5061 train_acc=nan train_loss=nan val_acc=0.6788 val_loss=0.5391 router_H=1.0869 best=0.6788
           router_load=[0.03794769197702408, 0.17542129755020142, 0.3436422646045685, 0.19485506415367126, 0.11383531987667084, 0.1342983841896057]
[step 0170/200] method=baseline_avg loss=0.4556 train_acc=nan train_loss=nan val_acc=0.6788 val_loss=0.5391 router_H=1.0869 best=0.6788
           router_load=[0.03794769197702408, 0.17542129755020142, 0.3436422646045685, 0.19485506415367126, 0.11383531987667084, 0.1342983841896057]
[step 0180/200] method=baseline_avg loss=0.3798 train_acc=nan train_loss=nan val_acc=0.6788 val_loss=0.5391 router_H=1.0869 best=0.6788
           router_load=[0.03794769197702408, 0.17542129755020142, 0.3436422646045685, 0.19485506415367126, 0.11383531987667084, 0.1342983841896057]
[step 0190/200] method=baseline_avg loss=0.3823 train_acc=nan train_loss=nan val_acc=0.6788 val_loss=0.5391 router_H=1.0869 best=0.6788
           router_load=[0.03794769197702408, 0.17542129755020142, 0.3436422646045685, 0.19485506415367126, 0.11383531987667084, 0.1342983841896057]
[step 0200/200] method=baseline_avg loss=0.4231 train_acc=nan train_loss=nan val_acc=0.7701 val_loss=0.4753 router_H=1.0816 best=0.7701
           router_load=[0.07389703392982483, 0.2521704435348511, 0.3090352416038513, 0.17809928953647614, 0.09714566171169281, 0.08965238928794861]
saved summary -> /root/Optimization/MOE-grad-conflict-routing-appendix2/runs/paper_suite_supplement/appendix/more_expert/glue4_roberta_lora_e6_k3/_method_workers/baseline/hpo/baseline/trial_runs/coord_01_train_lr_008/baseline_s2.json
saved curve -> /root/Optimization/MOE-grad-conflict-routing-appendix2/runs/paper_suite_supplement/appendix/more_expert/glue4_roberta_lora_e6_k3/_method_workers/baseline/hpo/baseline/trial_runs/coord_01_train_lr_008/baseline_s2_curve.csv
