[run] method=cagrad candidate=coord_05_method_baseline_cagrad_inner_lr_000 seed=2 steps=150 gpu=0
[run] cmd=
/home/zhujjing/anaconda3/envs/moe/bin/python /home/zhujjing/MOE-grad-conflict-routing/scripts/run.py --config configs/singletask_sst2_real.yaml --set model.backbone_backend=hf --set model.hf_load_pretrained=true --set model.backbone=roberta --set model.hf_pretrained_name=roberta-base --set model.expert_type=ffn --set model.routing_mode=topk --set model.num_experts=4 --set model.top_k=2 --set seed=2 --set method.name=baseline_cagrad --set train.steps=150 --set train.eval_every_steps=50 --set method.baseline_cagrad.c=0.6535281282 --set method.baseline_cagrad.inner_lr=0.07815593766 --set train.grad_clip=1.594082469 --set train.lr=2.410351909e-05 --set train.weight_decay=0.01 --out /home/zhujjing/MOE-grad-conflict-routing/runs/paper_suite/single_gpu/single_task/roberta_sst2_ffn_e4_k2/hpo/cagrad/trial_runs/coord_05_method_baseline_cagrad_inner_lr_000/cagrad_s2.json --curve_out /home/zhujjing/MOE-grad-conflict-routing/runs/paper_suite/single_gpu/single_task/roberta_sst2_ffn_e4_k2/hpo/cagrad/trial_runs/coord_05_method_baseline_cagrad_inner_lr_000/cagrad_s2_curve.csv
Using the latest cached version of the dataset since glue couldn't be found on the Hugging Face Hub (offline mode is enabled).
Found the latest cached dataset configuration 'sst2' at /home/zhujjing/hf_cache/datasets/glue/sst2/0.0.0/bcdcba79d07bc864c1c254ccfcedcce55bcc9a8c (last modified on Thu Mar 19 15:01:41 2026).
/home/zhujjing/anaconda3/envs/moe/lib/python3.10/site-packages/transformers/utils/hub.py:124: FutureWarning: Using `TRANSFORMERS_CACHE` is deprecated and will be removed in v5 of Transformers. Use `HF_HOME` instead.
  warnings.warn(
Some weights of RobertaModel were not initialized from the model checkpoint at roberta-base and are newly initialized: ['roberta.pooler.dense.bias', 'roberta.pooler.dense.weight']
You should probably TRAIN this model on a down-stream task to be able to use it for predictions and inference.
[step 0001/150] method=baseline_cagrad loss=0.6679 train_acc=nan train_loss=nan val_acc=nan val_loss=nan best=-1.0000
[step 0010/150] method=baseline_cagrad loss=0.7211 train_acc=nan train_loss=nan val_acc=nan val_loss=nan best=-1.0000
[step 0020/150] method=baseline_cagrad loss=0.5520 train_acc=nan train_loss=nan val_acc=nan val_loss=nan best=-1.0000
[step 0030/150] method=baseline_cagrad loss=0.7827 train_acc=nan train_loss=nan val_acc=nan val_loss=nan best=-1.0000
[step 0040/150] method=baseline_cagrad loss=0.3143 train_acc=nan train_loss=nan val_acc=nan val_loss=nan best=-1.0000
[step 0050/150] method=baseline_cagrad loss=0.4672 train_acc=0.8565 train_loss=0.3998 val_acc=0.8119 val_loss=0.5428 router_H=0.3657 best=0.8119
           router_load=[0.03304258733987808, 0.0482722669839859, 0.8544663786888123, 0.0642186775803566]
[step 0060/150] method=baseline_cagrad loss=0.1652 train_acc=0.8565 train_loss=0.3998 val_acc=0.8119 val_loss=0.5428 router_H=0.3657 best=0.8119
           router_load=[0.03304258733987808, 0.0482722669839859, 0.8544663786888123, 0.0642186775803566]
[step 0070/150] method=baseline_cagrad loss=0.4162 train_acc=0.8565 train_loss=0.3998 val_acc=0.8119 val_loss=0.5428 router_H=0.3657 best=0.8119
           router_load=[0.03304258733987808, 0.0482722669839859, 0.8544663786888123, 0.0642186775803566]
[step 0080/150] method=baseline_cagrad loss=0.9830 train_acc=0.8565 train_loss=0.3998 val_acc=0.8119 val_loss=0.5428 router_H=0.3657 best=0.8119
           router_load=[0.03304258733987808, 0.0482722669839859, 0.8544663786888123, 0.0642186775803566]
[step 0090/150] method=baseline_cagrad loss=0.3550 train_acc=0.8565 train_loss=0.3998 val_acc=0.8119 val_loss=0.5428 router_H=0.3657 best=0.8119
           router_load=[0.03304258733987808, 0.0482722669839859, 0.8544663786888123, 0.0642186775803566]
[step 0100/150] method=baseline_cagrad loss=0.5487 train_acc=0.8295 train_loss=0.3943 val_acc=0.8028 val_loss=0.4285 router_H=0.4188 best=0.8119
           router_load=[0.004569549113512039, 0.046764347702264786, 0.8422662019729614, 0.10639964789152145]
[step 0110/150] method=baseline_cagrad loss=0.3170 train_acc=0.8295 train_loss=0.3943 val_acc=0.8028 val_loss=0.4285 router_H=0.4188 best=0.8119
           router_load=[0.004569549113512039, 0.046764347702264786, 0.8422662019729614, 0.10639964789152145]
[step 0120/150] method=baseline_cagrad loss=0.5649 train_acc=0.8295 train_loss=0.3943 val_acc=0.8028 val_loss=0.4285 router_H=0.4188 best=0.8119
           router_load=[0.004569549113512039, 0.046764347702264786, 0.8422662019729614, 0.10639964789152145]
[step 0130/150] method=baseline_cagrad loss=0.2184 train_acc=0.8295 train_loss=0.3943 val_acc=0.8028 val_loss=0.4285 router_H=0.4188 best=0.8119
           router_load=[0.004569549113512039, 0.046764347702264786, 0.8422662019729614, 0.10639964789152145]
[step 0140/150] method=baseline_cagrad loss=0.3706 train_acc=0.8295 train_loss=0.3943 val_acc=0.8028 val_loss=0.4285 router_H=0.4188 best=0.8119
           router_load=[0.004569549113512039, 0.046764347702264786, 0.8422662019729614, 0.10639964789152145]
[step 0150/150] method=baseline_cagrad loss=0.4933 train_acc=0.8943 train_loss=0.2778 val_acc=0.9037 val_loss=0.2689 router_H=0.4370 best=0.9037
           router_load=[0.0, 0.008742007426917553, 0.8051585555076599, 0.18609927594661713]
saved summary -> /home/zhujjing/MOE-grad-conflict-routing/runs/paper_suite/single_gpu/single_task/roberta_sst2_ffn_e4_k2/hpo/cagrad/trial_runs/coord_05_method_baseline_cagrad_inner_lr_000/cagrad_s2.json
saved curve -> /home/zhujjing/MOE-grad-conflict-routing/runs/paper_suite/single_gpu/single_task/roberta_sst2_ffn_e4_k2/hpo/cagrad/trial_runs/coord_05_method_baseline_cagrad_inner_lr_000/cagrad_s2_curve.csv
