[run] method=cagrad candidate=coord_02_train_weight_decay_012 seed=3 steps=150 gpu=0
[run] cmd=
/home/zhujjing/anaconda3/envs/moe/bin/python /home/zhujjing/MOE-grad-conflict-routing/scripts/run.py --config configs/singletask_rte_real.yaml --set model.backbone_backend=hf --set model.hf_load_pretrained=true --set model.backbone=deberta --set model.hf_pretrained_name=microsoft/deberta-v3-base --set model.expert_type=ffn --set model.routing_mode=topk --set model.num_experts=4 --set model.top_k=2 --set seed=3 --set method.name=baseline_cagrad --set train.steps=150 --set train.eval_every_steps=50 --set method.baseline_cagrad.c=0.4 --set method.baseline_cagrad.inner_lr=0.1 --set train.grad_clip=1 --set train.lr=2e-05 --set train.weight_decay=0.02884869601 --out /home/zhujjing/MOE-grad-conflict-routing/runs/paper_suite/single_gpu/single_task/deberta_rte_ffn_e4_k2/hpo/cagrad/trial_runs/coord_02_train_weight_decay_012/cagrad_s3.json --curve_out /home/zhujjing/MOE-grad-conflict-routing/runs/paper_suite/single_gpu/single_task/deberta_rte_ffn_e4_k2/hpo/cagrad/trial_runs/coord_02_train_weight_decay_012/cagrad_s3_curve.csv
Using the latest cached version of the dataset since glue couldn't be found on the Hugging Face Hub (offline mode is enabled).
Found the latest cached dataset configuration 'rte' at /home/zhujjing/hf_cache/datasets/glue/rte/0.0.0/bcdcba79d07bc864c1c254ccfcedcce55bcc9a8c (last modified on Thu Mar 19 15:00:36 2026).
/home/zhujjing/anaconda3/envs/moe/lib/python3.10/site-packages/transformers/utils/hub.py:124: FutureWarning: Using `TRANSFORMERS_CACHE` is deprecated and will be removed in v5 of Transformers. Use `HF_HOME` instead.
  warnings.warn(
/home/zhujjing/anaconda3/envs/moe/lib/python3.10/site-packages/transformers/convert_slow_tokenizer.py:560: UserWarning: The sentencepiece tokenizer that you are converting to a fast tokenizer uses the byte fallback option which is not implemented in the fast tokenizers. In practice this means that the fast version of the tokenizer can produce unknown tokens whereas the sentencepiece version would have converted these unknown tokens into a sequence of byte tokens matching the original piece of text.
  warnings.warn(
[step 0001/150] method=baseline_cagrad loss=0.7001 train_acc=nan train_loss=nan val_acc=nan val_loss=nan best=-1.0000
[step 0010/150] method=baseline_cagrad loss=0.7007 train_acc=nan train_loss=nan val_acc=nan val_loss=nan best=-1.0000
[step 0020/150] method=baseline_cagrad loss=0.6535 train_acc=nan train_loss=nan val_acc=nan val_loss=nan best=-1.0000
[step 0030/150] method=baseline_cagrad loss=0.6142 train_acc=nan train_loss=nan val_acc=nan val_loss=nan best=-1.0000
[step 0040/150] method=baseline_cagrad loss=0.5845 train_acc=nan train_loss=nan val_acc=nan val_loss=nan best=-1.0000
[step 0050/150] method=baseline_cagrad loss=0.5752 train_acc=0.7293 train_loss=0.5560 val_acc=0.7148 val_loss=0.5793 router_H=0.4901 best=0.7148
           router_load=[0.8032661080360413, 0.007433287799358368, 0.17315278947353363, 0.01614774949848652]
[step 0060/150] method=baseline_cagrad loss=0.4642 train_acc=0.7293 train_loss=0.5560 val_acc=0.7148 val_loss=0.5793 router_H=0.4901 best=0.7148
           router_load=[0.8032661080360413, 0.007433287799358368, 0.17315278947353363, 0.01614774949848652]
[step 0070/150] method=baseline_cagrad loss=0.6818 train_acc=0.7293 train_loss=0.5560 val_acc=0.7148 val_loss=0.5793 router_H=0.4901 best=0.7148
           router_load=[0.8032661080360413, 0.007433287799358368, 0.17315278947353363, 0.01614774949848652]
[step 0080/150] method=baseline_cagrad loss=0.4526 train_acc=0.7293 train_loss=0.5560 val_acc=0.7148 val_loss=0.5793 router_H=0.4901 best=0.7148
           router_load=[0.8032661080360413, 0.007433287799358368, 0.17315278947353363, 0.01614774949848652]
[step 0090/150] method=baseline_cagrad loss=0.5306 train_acc=0.7293 train_loss=0.5560 val_acc=0.7148 val_loss=0.5793 router_H=0.4901 best=0.7148
           router_load=[0.8032661080360413, 0.007433287799358368, 0.17315278947353363, 0.01614774949848652]
[step 0100/150] method=baseline_cagrad loss=0.6720 train_acc=0.8024 train_loss=0.4178 val_acc=0.7292 val_loss=0.5459 router_H=0.4182 best=0.7292
           router_load=[0.8496285676956177, 0.0075109489262104034, 0.1045297160744667, 0.03833074867725372]
[step 0110/150] method=baseline_cagrad loss=0.3609 train_acc=0.8024 train_loss=0.4178 val_acc=0.7292 val_loss=0.5459 router_H=0.4182 best=0.7292
           router_load=[0.8496285676956177, 0.0075109489262104034, 0.1045297160744667, 0.03833074867725372]
[step 0120/150] method=baseline_cagrad loss=0.4894 train_acc=0.8024 train_loss=0.4178 val_acc=0.7292 val_loss=0.5459 router_H=0.4182 best=0.7292
           router_load=[0.8496285676956177, 0.0075109489262104034, 0.1045297160744667, 0.03833074867725372]
[step 0130/150] method=baseline_cagrad loss=0.4281 train_acc=0.8024 train_loss=0.4178 val_acc=0.7292 val_loss=0.5459 router_H=0.4182 best=0.7292
           router_load=[0.8496285676956177, 0.0075109489262104034, 0.1045297160744667, 0.03833074867725372]
[step 0140/150] method=baseline_cagrad loss=0.2996 train_acc=0.8024 train_loss=0.4178 val_acc=0.7292 val_loss=0.5459 router_H=0.4182 best=0.7292
           router_load=[0.8496285676956177, 0.0075109489262104034, 0.1045297160744667, 0.03833074867725372]
[step 0150/150] method=baseline_cagrad loss=0.2711 train_acc=0.8450 train_loss=0.3578 val_acc=0.7437 val_loss=0.5218 router_H=0.5560 best=0.7437
           router_load=[0.7326394319534302, 0.003009376348927617, 0.2545158267021179, 0.00983529631048441]
saved summary -> /home/zhujjing/MOE-grad-conflict-routing/runs/paper_suite/single_gpu/single_task/deberta_rte_ffn_e4_k2/hpo/cagrad/trial_runs/coord_02_train_weight_decay_012/cagrad_s3.json
saved curve -> /home/zhujjing/MOE-grad-conflict-routing/runs/paper_suite/single_gpu/single_task/deberta_rte_ffn_e4_k2/hpo/cagrad/trial_runs/coord_02_train_weight_decay_012/cagrad_s3_curve.csv
