[run] method=cagrad candidate=coord_05_method_baseline_cagrad_inner_lr_011 seed=2 steps=200 gpu=0
[run] cmd=
/root/miniconda3/envs/optimization/bin/python /root/Optimization/MOE-grad-conflict-routing/scripts/run.py --config configs/singletask_cola_real.yaml --set model.backbone_backend=hf --set model.hf_load_pretrained=true --set model.backbone=roberta --set model.hf_pretrained_name=roberta-base --set model.expert_type=lora --set model.routing_mode=topk --set model.num_experts=4 --set model.top_k=2 --set seed=2 --set method.name=baseline_cagrad --set train.steps=200 --set train.eval_every_steps=50 --set method.baseline_cagrad.c=0.2865396522 --set method.baseline_cagrad.inner_lr=0.3592481994 --set train.grad_clip=0.712672082 --set train.lr=9.799696332e-06 --set train.weight_decay=0.02884869601 --out /root/Optimization/MOE-grad-conflict-routing/runs/paper_suite_supplement/single_task_add_rerun/single_task/roberta_cola_lora_e4_k2/hpo/cagrad/trial_runs/coord_05_method_baseline_cagrad_inner_lr_011/cagrad_s2.json --curve_out /root/Optimization/MOE-grad-conflict-routing/runs/paper_suite_supplement/single_task_add_rerun/single_task/roberta_cola_lora_e4_k2/hpo/cagrad/trial_runs/coord_05_method_baseline_cagrad_inner_lr_011/cagrad_s2_curve.csv
Using the latest cached version of the dataset since glue couldn't be found on the Hugging Face Hub (offline mode is enabled).
Found the latest cached dataset configuration 'cola' at /root/.cache/huggingface/datasets/glue/cola/0.0.0/bcdcba79d07bc864c1c254ccfcedcce55bcc9a8c (last modified on Sun Mar 22 21:46:35 2026).
Loading weights:   0%|          | 0/197 [00:00<?, ?it/s]Loading weights: 100%|██████████| 197/197 [00:00<00:00, 4295.63it/s]
[1mRobertaModel LOAD REPORT[0m from: roberta-base
Key                             | Status     | 
--------------------------------+------------+-
lm_head.dense.weight            | UNEXPECTED | 
lm_head.layer_norm.weight       | UNEXPECTED | 
roberta.embeddings.position_ids | UNEXPECTED | 
lm_head.bias                    | UNEXPECTED | 
lm_head.dense.bias              | UNEXPECTED | 
lm_head.layer_norm.bias         | UNEXPECTED | 
pooler.dense.weight             | MISSING    | 
pooler.dense.bias               | MISSING    | 

[3mNotes:
- UNEXPECTED[3m	:can be ignored when loading from different task/architecture; not ok if you expect identical arch.
- MISSING[3m	:those params were newly initialized because missing from the checkpoint. Consider training on your downstream task.[0m
[step 0001/200] method=baseline_cagrad loss=0.7147 train_acc=nan train_loss=nan val_acc=nan val_loss=nan best=-1.0000
[step 0010/200] method=baseline_cagrad loss=0.5525 train_acc=nan train_loss=nan val_acc=nan val_loss=nan best=-1.0000
[step 0020/200] method=baseline_cagrad loss=0.6857 train_acc=nan train_loss=nan val_acc=nan val_loss=nan best=-1.0000
[step 0030/200] method=baseline_cagrad loss=0.5172 train_acc=nan train_loss=nan val_acc=nan val_loss=nan best=-1.0000
[step 0040/200] method=baseline_cagrad loss=0.4682 train_acc=nan train_loss=nan val_acc=nan val_loss=nan best=-1.0000
[step 0050/200] method=baseline_cagrad loss=0.4844 train_acc=0.7044 train_loss=0.5477 val_acc=0.6913 val_loss=0.5670 router_H=0.6809 best=0.6913
           router_load=[0.4261716306209564, 0.0, 0.0004144507402088493, 0.5734139680862427]
[step 0060/200] method=baseline_cagrad loss=0.5510 train_acc=0.7044 train_loss=0.5477 val_acc=0.6913 val_loss=0.5670 router_H=0.6809 best=0.6913
           router_load=[0.4261716306209564, 0.0, 0.0004144507402088493, 0.5734139680862427]
[step 0070/200] method=baseline_cagrad loss=0.5725 train_acc=0.7044 train_loss=0.5477 val_acc=0.6913 val_loss=0.5670 router_H=0.6809 best=0.6913
           router_load=[0.4261716306209564, 0.0, 0.0004144507402088493, 0.5734139680862427]
[step 0080/200] method=baseline_cagrad loss=0.4863 train_acc=0.7044 train_loss=0.5477 val_acc=0.6913 val_loss=0.5670 router_H=0.6809 best=0.6913
           router_load=[0.4261716306209564, 0.0, 0.0004144507402088493, 0.5734139680862427]
[step 0090/200] method=baseline_cagrad loss=0.6115 train_acc=0.7044 train_loss=0.5477 val_acc=0.6913 val_loss=0.5670 router_H=0.6809 best=0.6913
           router_load=[0.4261716306209564, 0.0, 0.0004144507402088493, 0.5734139680862427]
[step 0100/200] method=baseline_cagrad loss=0.4569 train_acc=0.7891 train_loss=0.4580 val_acc=0.7756 val_loss=0.4987 router_H=0.6715 best=0.7756
           router_load=[0.4109155237674713, 0.0, 0.00042069295886904, 0.5886638164520264]
[step 0110/200] method=baseline_cagrad loss=0.5359 train_acc=0.7891 train_loss=0.4580 val_acc=0.7756 val_loss=0.4987 router_H=0.6715 best=0.7756
           router_load=[0.4109155237674713, 0.0, 0.00042069295886904, 0.5886638164520264]
[step 0120/200] method=baseline_cagrad loss=0.6241 train_acc=0.7891 train_loss=0.4580 val_acc=0.7756 val_loss=0.4987 router_H=0.6715 best=0.7756
           router_load=[0.4109155237674713, 0.0, 0.00042069295886904, 0.5886638164520264]
[step 0130/200] method=baseline_cagrad loss=0.4056 train_acc=0.7891 train_loss=0.4580 val_acc=0.7756 val_loss=0.4987 router_H=0.6715 best=0.7756
           router_load=[0.4109155237674713, 0.0, 0.00042069295886904, 0.5886638164520264]
[step 0140/200] method=baseline_cagrad loss=0.4649 train_acc=0.7891 train_loss=0.4580 val_acc=0.7756 val_loss=0.4987 router_H=0.6715 best=0.7756
           router_load=[0.4109155237674713, 0.0, 0.00042069295886904, 0.5886638164520264]
[step 0150/200] method=baseline_cagrad loss=0.4123 train_acc=0.8172 train_loss=0.4216 val_acc=0.7891 val_loss=0.4841 router_H=0.6714 best=0.7891
           router_load=[0.4119414985179901, 0.0, 0.0008993559167720377, 0.5871593356132507]
[step 0160/200] method=baseline_cagrad loss=0.3663 train_acc=0.8172 train_loss=0.4216 val_acc=0.7891 val_loss=0.4841 router_H=0.6714 best=0.7891
           router_load=[0.4119414985179901, 0.0, 0.0008993559167720377, 0.5871593356132507]
[step 0170/200] method=baseline_cagrad loss=0.4973 train_acc=0.8172 train_loss=0.4216 val_acc=0.7891 val_loss=0.4841 router_H=0.6714 best=0.7891
           router_load=[0.4119414985179901, 0.0, 0.0008993559167720377, 0.5871593356132507]
[step 0180/200] method=baseline_cagrad loss=0.4378 train_acc=0.8172 train_loss=0.4216 val_acc=0.7891 val_loss=0.4841 router_H=0.6714 best=0.7891
           router_load=[0.4119414985179901, 0.0, 0.0008993559167720377, 0.5871593356132507]
[step 0190/200] method=baseline_cagrad loss=0.4872 train_acc=0.8172 train_loss=0.4216 val_acc=0.7891 val_loss=0.4841 router_H=0.6714 best=0.7891
           router_load=[0.4119414985179901, 0.0, 0.0008993559167720377, 0.5871593356132507]
[step 0200/200] method=baseline_cagrad loss=0.7949 train_acc=0.7750 train_loss=0.5402 val_acc=0.7546 val_loss=0.6318 router_H=0.6605 best=0.7891
           router_load=[0.38470450043678284, 0.0, 0.0, 0.6152956485748291]
saved summary -> /root/Optimization/MOE-grad-conflict-routing/runs/paper_suite_supplement/single_task_add_rerun/single_task/roberta_cola_lora_e4_k2/hpo/cagrad/trial_runs/coord_05_method_baseline_cagrad_inner_lr_011/cagrad_s2.json
saved curve -> /root/Optimization/MOE-grad-conflict-routing/runs/paper_suite_supplement/single_task_add_rerun/single_task/roberta_cola_lora_e4_k2/hpo/cagrad/trial_runs/coord_05_method_baseline_cagrad_inner_lr_011/cagrad_s2_curve.csv
