[run] method=baseline candidate=coord_03_train_grad_clip_013 seed=3 steps=150 gpu=0
[run] cmd=
/home/zhujjing/anaconda3/envs/moe/bin/python /home/zhujjing/MOE-grad-conflict-routing/scripts/run.py --config configs/singletask_rte_real.yaml --set model.backbone_backend=hf --set model.hf_load_pretrained=true --set model.backbone=deberta --set model.hf_pretrained_name=microsoft/deberta-v3-base --set model.expert_type=lora --set model.routing_mode=topk --set model.num_experts=4 --set model.top_k=2 --set seed=3 --set method.name=baseline_avg --set train.steps=150 --set train.eval_every_steps=50 --set train.grad_clip=0.7891724795 --set train.lr=4.073235309e-05 --set train.weight_decay=0.004430866959 --out /home/zhujjing/MOE-grad-conflict-routing/runs/paper_suite/single_gpu/single_task/deberta_rte_lora_e4_k2/hpo/baseline/trial_runs/coord_03_train_grad_clip_013/baseline_s3.json --curve_out /home/zhujjing/MOE-grad-conflict-routing/runs/paper_suite/single_gpu/single_task/deberta_rte_lora_e4_k2/hpo/baseline/trial_runs/coord_03_train_grad_clip_013/baseline_s3_curve.csv
Using the latest cached version of the dataset since glue couldn't be found on the Hugging Face Hub (offline mode is enabled).
Found the latest cached dataset configuration 'rte' at /home/zhujjing/hf_cache/datasets/glue/rte/0.0.0/bcdcba79d07bc864c1c254ccfcedcce55bcc9a8c (last modified on Thu Mar 19 15:00:36 2026).
/home/zhujjing/anaconda3/envs/moe/lib/python3.10/site-packages/transformers/utils/hub.py:124: FutureWarning: Using `TRANSFORMERS_CACHE` is deprecated and will be removed in v5 of Transformers. Use `HF_HOME` instead.
  warnings.warn(
/home/zhujjing/anaconda3/envs/moe/lib/python3.10/site-packages/transformers/convert_slow_tokenizer.py:560: UserWarning: The sentencepiece tokenizer that you are converting to a fast tokenizer uses the byte fallback option which is not implemented in the fast tokenizers. In practice this means that the fast version of the tokenizer can produce unknown tokens whereas the sentencepiece version would have converted these unknown tokens into a sequence of byte tokens matching the original piece of text.
  warnings.warn(
[step 0001/150] method=baseline_avg loss=0.7215 train_acc=nan train_loss=nan val_acc=nan val_loss=nan best=-1.0000
[step 0010/150] method=baseline_avg loss=0.6788 train_acc=nan train_loss=nan val_acc=nan val_loss=nan best=-1.0000
[step 0020/150] method=baseline_avg loss=0.6312 train_acc=nan train_loss=nan val_acc=nan val_loss=nan best=-1.0000
[step 0030/150] method=baseline_avg loss=0.6084 train_acc=nan train_loss=nan val_acc=nan val_loss=nan best=-1.0000
[step 0040/150] method=baseline_avg loss=0.7295 train_acc=nan train_loss=nan val_acc=nan val_loss=nan best=-1.0000
[step 0050/150] method=baseline_avg loss=0.5861 train_acc=0.7530 train_loss=0.5517 val_acc=0.6751 val_loss=0.6019 router_H=0.6537 best=0.6751
           router_load=[0.3791101276874542, 0.0016667349264025688, 0.6192231178283691, 0.0]
[step 0060/150] method=baseline_avg loss=0.4314 train_acc=0.7530 train_loss=0.5517 val_acc=0.6751 val_loss=0.6019 router_H=0.6537 best=0.6751
           router_load=[0.3791101276874542, 0.0016667349264025688, 0.6192231178283691, 0.0]
[step 0070/150] method=baseline_avg loss=0.7017 train_acc=0.7530 train_loss=0.5517 val_acc=0.6751 val_loss=0.6019 router_H=0.6537 best=0.6751
           router_load=[0.3791101276874542, 0.0016667349264025688, 0.6192231178283691, 0.0]
[step 0080/150] method=baseline_avg loss=0.3999 train_acc=0.7530 train_loss=0.5517 val_acc=0.6751 val_loss=0.6019 router_H=0.6537 best=0.6751
           router_load=[0.3791101276874542, 0.0016667349264025688, 0.6192231178283691, 0.0]
[step 0090/150] method=baseline_avg loss=0.5416 train_acc=0.7530 train_loss=0.5517 val_acc=0.6751 val_loss=0.6019 router_H=0.6537 best=0.6751
           router_load=[0.3791101276874542, 0.0016667349264025688, 0.6192231178283691, 0.0]
[step 0100/150] method=baseline_avg loss=0.8317 train_acc=0.8024 train_loss=0.4251 val_acc=0.7256 val_loss=0.5452 router_H=0.5776 best=0.7256
           router_load=[0.2763234078884125, 0.006890691351145506, 0.7124935388565063, 0.004292462486773729]
[step 0110/150] method=baseline_avg loss=0.3977 train_acc=0.8024 train_loss=0.4251 val_acc=0.7256 val_loss=0.5452 router_H=0.5776 best=0.7256
           router_load=[0.2763234078884125, 0.006890691351145506, 0.7124935388565063, 0.004292462486773729]
[step 0120/150] method=baseline_avg loss=0.5252 train_acc=0.8024 train_loss=0.4251 val_acc=0.7256 val_loss=0.5452 router_H=0.5776 best=0.7256
           router_load=[0.2763234078884125, 0.006890691351145506, 0.7124935388565063, 0.004292462486773729]
[step 0130/150] method=baseline_avg loss=0.4888 train_acc=0.8024 train_loss=0.4251 val_acc=0.7256 val_loss=0.5452 router_H=0.5776 best=0.7256
           router_load=[0.2763234078884125, 0.006890691351145506, 0.7124935388565063, 0.004292462486773729]
[step 0140/150] method=baseline_avg loss=0.3011 train_acc=0.8024 train_loss=0.4251 val_acc=0.7256 val_loss=0.5452 router_H=0.5776 best=0.7256
           router_load=[0.2763234078884125, 0.006890691351145506, 0.7124935388565063, 0.004292462486773729]
[step 0150/150] method=baseline_avg loss=0.2196 train_acc=0.8711 train_loss=0.3135 val_acc=0.7690 val_loss=0.4821 router_H=0.6377 best=0.7690
           router_load=[0.43289461731910706, 0.14042063057422638, 0.42443835735321045, 0.0022463651839643717]
saved summary -> /home/zhujjing/MOE-grad-conflict-routing/runs/paper_suite/single_gpu/single_task/deberta_rte_lora_e4_k2/hpo/baseline/trial_runs/coord_03_train_grad_clip_013/baseline_s3.json
saved curve -> /home/zhujjing/MOE-grad-conflict-routing/runs/paper_suite/single_gpu/single_task/deberta_rte_lora_e4_k2/hpo/baseline/trial_runs/coord_03_train_grad_clip_013/baseline_s3_curve.csv
