[run] method=cagrad candidate=local_var_topk_006 seed=2 steps=150 gpu=0
[run] cmd=
/home/zhujjing/anaconda3/envs/moe/bin/python /home/zhujjing/MOE-grad-conflict-routing/scripts/run.py --config configs/singletask_mrpc_real.yaml --set model.backbone_backend=hf --set model.hf_load_pretrained=true --set model.backbone=deberta --set model.hf_pretrained_name=microsoft/deberta-v3-base --set model.expert_type=lora --set model.routing_mode=topk --set model.num_experts=4 --set model.top_k=2 --set seed=2 --set method.name=baseline_cagrad --set train.steps=150 --set train.eval_every_steps=50 --set method.baseline_cagrad.c=0.9099800661 --set method.baseline_cagrad.inner_lr=0.03907796883 --set train.grad_clip=1.958271302 --set train.lr=3.9243202e-05 --set train.weight_decay=0.01566577443 --out /home/zhujjing/MOE-grad-conflict-routing/runs/paper_suite/single_gpu/single_task/deberta_mrpc_lora_e4_k2/hpo/cagrad/trial_runs/local_var_topk_006/cagrad_s2.json --curve_out /home/zhujjing/MOE-grad-conflict-routing/runs/paper_suite/single_gpu/single_task/deberta_mrpc_lora_e4_k2/hpo/cagrad/trial_runs/local_var_topk_006/cagrad_s2_curve.csv
Using the latest cached version of the dataset since glue couldn't be found on the Hugging Face Hub (offline mode is enabled).
Found the latest cached dataset configuration 'mrpc' at /home/zhujjing/hf_cache/datasets/glue/mrpc/0.0.0/bcdcba79d07bc864c1c254ccfcedcce55bcc9a8c (last modified on Thu Mar 19 15:01:06 2026).
/home/zhujjing/anaconda3/envs/moe/lib/python3.10/site-packages/transformers/utils/hub.py:124: FutureWarning: Using `TRANSFORMERS_CACHE` is deprecated and will be removed in v5 of Transformers. Use `HF_HOME` instead.
  warnings.warn(
/home/zhujjing/anaconda3/envs/moe/lib/python3.10/site-packages/transformers/convert_slow_tokenizer.py:560: UserWarning: The sentencepiece tokenizer that you are converting to a fast tokenizer uses the byte fallback option which is not implemented in the fast tokenizers. In practice this means that the fast version of the tokenizer can produce unknown tokens whereas the sentencepiece version would have converted these unknown tokens into a sequence of byte tokens matching the original piece of text.
  warnings.warn(
[step 0001/150] method=baseline_cagrad loss=0.6913 train_acc=nan train_loss=nan val_acc=nan val_loss=nan best=-1.0000
[step 0010/150] method=baseline_cagrad loss=0.6976 train_acc=nan train_loss=nan val_acc=nan val_loss=nan best=-1.0000
[step 0020/150] method=baseline_cagrad loss=0.5098 train_acc=nan train_loss=nan val_acc=nan val_loss=nan best=-1.0000
[step 0030/150] method=baseline_cagrad loss=0.5527 train_acc=nan train_loss=nan val_acc=nan val_loss=nan best=-1.0000
[step 0040/150] method=baseline_cagrad loss=0.4375 train_acc=nan train_loss=nan val_acc=nan val_loss=nan best=-1.0000
[step 0050/150] method=baseline_cagrad loss=0.4716 train_acc=0.7983 train_loss=0.4334 val_acc=0.7917 val_loss=0.4354 router_H=0.6853 best=0.7917
           router_load=[0.4205226004123688, 0.04447013884782791, 0.0, 0.5350072383880615]
[step 0060/150] method=baseline_cagrad loss=0.4235 train_acc=0.7983 train_loss=0.4334 val_acc=0.7917 val_loss=0.4354 router_H=0.6853 best=0.7917
           router_load=[0.4205226004123688, 0.04447013884782791, 0.0, 0.5350072383880615]
[step 0070/150] method=baseline_cagrad loss=0.4087 train_acc=0.7983 train_loss=0.4334 val_acc=0.7917 val_loss=0.4354 router_H=0.6853 best=0.7917
           router_load=[0.4205226004123688, 0.04447013884782791, 0.0, 0.5350072383880615]
[step 0080/150] method=baseline_cagrad loss=0.3195 train_acc=0.7983 train_loss=0.4334 val_acc=0.7917 val_loss=0.4354 router_H=0.6853 best=0.7917
           router_load=[0.4205226004123688, 0.04447013884782791, 0.0, 0.5350072383880615]
[step 0090/150] method=baseline_cagrad loss=0.4197 train_acc=0.7983 train_loss=0.4334 val_acc=0.7917 val_loss=0.4354 router_H=0.6853 best=0.7917
           router_load=[0.4205226004123688, 0.04447013884782791, 0.0, 0.5350072383880615]
[step 0100/150] method=baseline_cagrad loss=0.2118 train_acc=0.8511 train_loss=0.3330 val_acc=0.8211 val_loss=0.3947 router_H=0.6610 best=0.8211
           router_load=[0.5326436161994934, 0.028195040300488472, 0.0, 0.4391613304615021]
[step 0110/150] method=baseline_cagrad loss=0.3531 train_acc=0.8511 train_loss=0.3330 val_acc=0.8211 val_loss=0.3947 router_H=0.6610 best=0.8211
           router_load=[0.5326436161994934, 0.028195040300488472, 0.0, 0.4391613304615021]
[step 0120/150] method=baseline_cagrad loss=0.3837 train_acc=0.8511 train_loss=0.3330 val_acc=0.8211 val_loss=0.3947 router_H=0.6610 best=0.8211
           router_load=[0.5326436161994934, 0.028195040300488472, 0.0, 0.4391613304615021]
[step 0130/150] method=baseline_cagrad loss=0.4112 train_acc=0.8511 train_loss=0.3330 val_acc=0.8211 val_loss=0.3947 router_H=0.6610 best=0.8211
           router_load=[0.5326436161994934, 0.028195040300488472, 0.0, 0.4391613304615021]
[step 0140/150] method=baseline_cagrad loss=0.1832 train_acc=0.8511 train_loss=0.3330 val_acc=0.8211 val_loss=0.3947 router_H=0.6610 best=0.8211
           router_load=[0.5326436161994934, 0.028195040300488472, 0.0, 0.4391613304615021]
[step 0150/150] method=baseline_cagrad loss=1.1081 train_acc=0.8811 train_loss=0.3581 val_acc=0.8407 val_loss=0.4685 router_H=0.5902 best=0.8407
           router_load=[0.5964252352714539, 0.035642318427562714, 0.0016897344030439854, 0.3662426471710205]
saved summary -> /home/zhujjing/MOE-grad-conflict-routing/runs/paper_suite/single_gpu/single_task/deberta_mrpc_lora_e4_k2/hpo/cagrad/trial_runs/local_var_topk_006/cagrad_s2.json
saved curve -> /home/zhujjing/MOE-grad-conflict-routing/runs/paper_suite/single_gpu/single_task/deberta_mrpc_lora_e4_k2/hpo/cagrad/trial_runs/local_var_topk_006/cagrad_s2_curve.csv
