[run] method=ours candidate=local_var_topk_024 seed=2 steps=200 gpu=0
[run] cmd=
/root/miniconda3/envs/optimization/bin/python /root/Optimization/MOE-grad-conflict-routing-appendix2/scripts/run.py --config configs/multitask_textcls_local_sst2_yelp_amazon_real.yaml --set model.backbone_backend=hf --set model.hf_load_pretrained=true --set model.hf_local_files_only=1 --set model.backbone=roberta --set model.hf_pretrained_name=roberta-base --set model.expert_type=lora --set model.routing_mode=topk --set model.num_experts=4 --set model.top_k=2 --set data.train_size=20000 --set data.val_size=4000 --set train.eval_val_fraction=0.2 --set train.skip_train_eval=true --set seed=2 --set method.name=ours --set train.steps=200 --set train.eval_every_steps=100 --set method.ours.use_load_norm=true --set method.ours.lambda_align=2.779214658e-05 --set train.grad_clip=0.7 --set train.lr=5.1103568e-05 --set train.weight_decay=0.0453185872 --out /root/Optimization/MOE-grad-conflict-routing-appendix2/runs/paper_suite_supplement/appendix/multi_dataset_real/roberta_lora_e4_k2/_method_workers/ours/hpo/ours/trial_runs/local_var_topk_024/ours_s2.json --curve_out /root/Optimization/MOE-grad-conflict-routing-appendix2/runs/paper_suite_supplement/appendix/multi_dataset_real/roberta_lora_e4_k2/_method_workers/ours/hpo/ours/trial_runs/local_var_topk_024/ours_s2_curve.csv
Loading weights:   0%|          | 0/197 [00:00<?, ?it/s]Loading weights: 100%|██████████| 197/197 [00:00<00:00, 2390.64it/s]
[1mRobertaModel LOAD REPORT[0m from: roberta-base
Key                             | Status     | 
--------------------------------+------------+-
lm_head.layer_norm.bias         | UNEXPECTED | 
lm_head.layer_norm.weight       | UNEXPECTED | 
lm_head.dense.weight            | UNEXPECTED | 
lm_head.dense.bias              | UNEXPECTED | 
lm_head.bias                    | UNEXPECTED | 
roberta.embeddings.position_ids | UNEXPECTED | 
pooler.dense.bias               | MISSING    | 
pooler.dense.weight             | MISSING    | 

[3mNotes:
- UNEXPECTED[3m	:can be ignored when loading from different task/architecture; not ok if you expect identical arch.
- MISSING[3m	:those params were newly initialized because missing from the checkpoint. Consider training on your downstream task.[0m
[step 0001/200] method=ours loss=0.7158 train_acc=nan train_loss=nan val_acc=nan val_loss=nan best=-1.0000
[step 0010/200] method=ours loss=0.7867 train_acc=nan train_loss=nan val_acc=nan val_loss=nan best=-1.0000
[step 0020/200] method=ours loss=0.3731 train_acc=nan train_loss=nan val_acc=nan val_loss=nan best=-1.0000
[step 0030/200] method=ours loss=0.3309 train_acc=nan train_loss=nan val_acc=nan val_loss=nan best=-1.0000
[step 0040/200] method=ours loss=0.5800 train_acc=nan train_loss=nan val_acc=nan val_loss=nan best=-1.0000
[step 0050/200] method=ours loss=0.3177 train_acc=nan train_loss=nan val_acc=nan val_loss=nan best=-1.0000
[step 0060/200] method=ours loss=0.2067 train_acc=nan train_loss=nan val_acc=nan val_loss=nan best=-1.0000
[step 0070/200] method=ours loss=0.3401 train_acc=nan train_loss=nan val_acc=nan val_loss=nan best=-1.0000
[step 0080/200] method=ours loss=0.5229 train_acc=nan train_loss=nan val_acc=nan val_loss=nan best=-1.0000
[step 0090/200] method=ours loss=0.2188 train_acc=nan train_loss=nan val_acc=nan val_loss=nan best=-1.0000
[step 0100/200] method=ours loss=0.3629 train_acc=nan train_loss=nan val_acc=0.8975 val_loss=0.2731 router_H=0.6780 best=0.8975
           router_load=[0.272310733795166, 0.28950291872024536, 0.31471946835517883, 0.12346676737070084]
[step 0110/200] method=ours loss=0.2751 train_acc=nan train_loss=nan val_acc=0.8975 val_loss=0.2731 router_H=0.6780 best=0.8975
           router_load=[0.272310733795166, 0.28950291872024536, 0.31471946835517883, 0.12346676737070084]
[step 0120/200] method=ours loss=0.1112 train_acc=nan train_loss=nan val_acc=0.8975 val_loss=0.2731 router_H=0.6780 best=0.8975
           router_load=[0.272310733795166, 0.28950291872024536, 0.31471946835517883, 0.12346676737070084]
[step 0130/200] method=ours loss=0.4717 train_acc=nan train_loss=nan val_acc=0.8975 val_loss=0.2731 router_H=0.6780 best=0.8975
           router_load=[0.272310733795166, 0.28950291872024536, 0.31471946835517883, 0.12346676737070084]
[step 0140/200] method=ours loss=0.5524 train_acc=nan train_loss=nan val_acc=0.8975 val_loss=0.2731 router_H=0.6780 best=0.8975
           router_load=[0.272310733795166, 0.28950291872024536, 0.31471946835517883, 0.12346676737070084]
[step 0150/200] method=ours loss=0.2237 train_acc=nan train_loss=nan val_acc=0.8975 val_loss=0.2731 router_H=0.6780 best=0.8975
           router_load=[0.272310733795166, 0.28950291872024536, 0.31471946835517883, 0.12346676737070084]
[step 0160/200] method=ours loss=0.4073 train_acc=nan train_loss=nan val_acc=0.8975 val_loss=0.2731 router_H=0.6780 best=0.8975
           router_load=[0.272310733795166, 0.28950291872024536, 0.31471946835517883, 0.12346676737070084]
[step 0170/200] method=ours loss=0.1474 train_acc=nan train_loss=nan val_acc=0.8975 val_loss=0.2731 router_H=0.6780 best=0.8975
           router_load=[0.272310733795166, 0.28950291872024536, 0.31471946835517883, 0.12346676737070084]
[step 0180/200] method=ours loss=0.2788 train_acc=nan train_loss=nan val_acc=0.8975 val_loss=0.2731 router_H=0.6780 best=0.8975
           router_load=[0.272310733795166, 0.28950291872024536, 0.31471946835517883, 0.12346676737070084]
[step 0190/200] method=ours loss=0.3436 train_acc=nan train_loss=nan val_acc=0.8975 val_loss=0.2731 router_H=0.6780 best=0.8975
           router_load=[0.272310733795166, 0.28950291872024536, 0.31471946835517883, 0.12346676737070084]
[step 0200/200] method=ours loss=0.2567 train_acc=nan train_loss=nan val_acc=0.8916 val_loss=0.3179 router_H=0.6495 best=0.8975
           router_load=[0.2820010483264923, 0.1475573182106018, 0.4519280195236206, 0.11851351708173752]
saved summary -> /root/Optimization/MOE-grad-conflict-routing-appendix2/runs/paper_suite_supplement/appendix/multi_dataset_real/roberta_lora_e4_k2/_method_workers/ours/hpo/ours/trial_runs/local_var_topk_024/ours_s2.json
saved curve -> /root/Optimization/MOE-grad-conflict-routing-appendix2/runs/paper_suite_supplement/appendix/multi_dataset_real/roberta_lora_e4_k2/_method_workers/ours/hpo/ours/trial_runs/local_var_topk_024/ours_s2_curve.csv
