[run] method=cagrad candidate=coord_04_method_baseline_cagrad_c_009 seed=7 steps=1000 gpu=0
[run] cmd=
/home/zhujjing/anaconda3/envs/moe/bin/python /home/zhujjing/MOE-grad-conflict-routing/scripts/run.py --config configs/multitask_glue3_rte_mrpc_cola_real.yaml --set model.backbone_backend=hf --set model.hf_load_pretrained=true --set model.hf_local_files_only=true --set model.backbone=deberta --set model.hf_pretrained_name=microsoft/deberta-v3-base --set model.expert_type=lora --set model.routing_mode=topk --set model.num_experts=4 --set model.top_k=2 --set train.eval_train_fraction=0.10 --set train.eval_train_max_batches=-1 --set train.eval_max_batches=-1 --set seed=7 --set method.name=baseline_cagrad --set train.steps=1000 --set train.eval_every_steps=100 --set method.baseline_cagrad.c=0.9288277249 --set method.baseline_cagrad.inner_lr=0.1 --set train.grad_clip=1.273448831 --set train.lr=4.460286243e-05 --set train.weight_decay=0.0003465461751 --out /home/zhujjing/MOE-grad-conflict-routing/runs/paper_suite/single_gpu/multi_task/glue3_deberta_lora_e4_k2/final/cagrad_s7.json --curve_out /home/zhujjing/MOE-grad-conflict-routing/runs/paper_suite/single_gpu/multi_task/glue3_deberta_lora_e4_k2/final/cagrad_s7_curve.csv
Using the latest cached version of the dataset since glue couldn't be found on the Hugging Face Hub (offline mode is enabled).
Found the latest cached dataset configuration 'rte' at /home/zhujjing/hf_cache/datasets/glue/rte/0.0.0/bcdcba79d07bc864c1c254ccfcedcce55bcc9a8c (last modified on Thu Mar 19 15:00:36 2026).
/home/zhujjing/anaconda3/envs/moe/lib/python3.10/site-packages/transformers/utils/hub.py:124: FutureWarning: Using `TRANSFORMERS_CACHE` is deprecated and will be removed in v5 of Transformers. Use `HF_HOME` instead.
  warnings.warn(
/home/zhujjing/anaconda3/envs/moe/lib/python3.10/site-packages/transformers/convert_slow_tokenizer.py:560: UserWarning: The sentencepiece tokenizer that you are converting to a fast tokenizer uses the byte fallback option which is not implemented in the fast tokenizers. In practice this means that the fast version of the tokenizer can produce unknown tokens whereas the sentencepiece version would have converted these unknown tokens into a sequence of byte tokens matching the original piece of text.
  warnings.warn(
Using the latest cached version of the dataset since glue couldn't be found on the Hugging Face Hub (offline mode is enabled).
Found the latest cached dataset configuration 'mrpc' at /home/zhujjing/hf_cache/datasets/glue/mrpc/0.0.0/bcdcba79d07bc864c1c254ccfcedcce55bcc9a8c (last modified on Thu Mar 19 15:01:06 2026).
Using the latest cached version of the dataset since glue couldn't be found on the Hugging Face Hub (offline mode is enabled).
Found the latest cached dataset configuration 'cola' at /home/zhujjing/hf_cache/datasets/glue/cola/0.0.0/bcdcba79d07bc864c1c254ccfcedcce55bcc9a8c (last modified on Thu Mar 19 15:02:09 2026).
[step 0001/1000] method=baseline_cagrad loss=0.7426 train_acc=nan train_loss=nan val_acc=nan val_loss=nan best=-1.0000
[step 0010/1000] method=baseline_cagrad loss=0.6879 train_acc=nan train_loss=nan val_acc=nan val_loss=nan best=-1.0000
[step 0020/1000] method=baseline_cagrad loss=0.7344 train_acc=nan train_loss=nan val_acc=nan val_loss=nan best=-1.0000
[step 0030/1000] method=baseline_cagrad loss=0.5619 train_acc=nan train_loss=nan val_acc=nan val_loss=nan best=-1.0000
[step 0040/1000] method=baseline_cagrad loss=0.5368 train_acc=nan train_loss=nan val_acc=nan val_loss=nan best=-1.0000
[step 0050/1000] method=baseline_cagrad loss=0.5093 train_acc=nan train_loss=nan val_acc=nan val_loss=nan best=-1.0000
[step 0060/1000] method=baseline_cagrad loss=0.6963 train_acc=nan train_loss=nan val_acc=nan val_loss=nan best=-1.0000
[step 0070/1000] method=baseline_cagrad loss=0.7083 train_acc=nan train_loss=nan val_acc=nan val_loss=nan best=-1.0000
[step 0080/1000] method=baseline_cagrad loss=0.4882 train_acc=nan train_loss=nan val_acc=nan val_loss=nan best=-1.0000
[step 0090/1000] method=baseline_cagrad loss=0.5673 train_acc=nan train_loss=nan val_acc=nan val_loss=nan best=-1.0000
[step 0100/1000] method=baseline_cagrad loss=0.5216 train_acc=0.7250 train_loss=0.5649 val_acc=0.7132 val_loss=0.6202 router_H=0.6535 best=0.7132
           router_load=[0.03855830058455467, 0.2997349500656128, 0.5025427937507629, 0.1591639369726181]
[step 0110/1000] method=baseline_cagrad loss=1.0402 train_acc=0.7250 train_loss=0.5649 val_acc=0.7132 val_loss=0.6202 router_H=0.6535 best=0.7132
           router_load=[0.03855830058455467, 0.2997349500656128, 0.5025427937507629, 0.1591639369726181]
[step 0120/1000] method=baseline_cagrad loss=0.6036 train_acc=0.7250 train_loss=0.5649 val_acc=0.7132 val_loss=0.6202 router_H=0.6535 best=0.7132
           router_load=[0.03855830058455467, 0.2997349500656128, 0.5025427937507629, 0.1591639369726181]
[step 0130/1000] method=baseline_cagrad loss=0.4622 train_acc=0.7250 train_loss=0.5649 val_acc=0.7132 val_loss=0.6202 router_H=0.6535 best=0.7132
           router_load=[0.03855830058455467, 0.2997349500656128, 0.5025427937507629, 0.1591639369726181]
[step 0140/1000] method=baseline_cagrad loss=0.4654 train_acc=0.7250 train_loss=0.5649 val_acc=0.7132 val_loss=0.6202 router_H=0.6535 best=0.7132
           router_load=[0.03855830058455467, 0.2997349500656128, 0.5025427937507629, 0.1591639369726181]
[step 0150/1000] method=baseline_cagrad loss=0.5140 train_acc=0.7250 train_loss=0.5649 val_acc=0.7132 val_loss=0.6202 router_H=0.6535 best=0.7132
           router_load=[0.03855830058455467, 0.2997349500656128, 0.5025427937507629, 0.1591639369726181]
[step 0160/1000] method=baseline_cagrad loss=0.3935 train_acc=0.7250 train_loss=0.5649 val_acc=0.7132 val_loss=0.6202 router_H=0.6535 best=0.7132
           router_load=[0.03855830058455467, 0.2997349500656128, 0.5025427937507629, 0.1591639369726181]
[step 0170/1000] method=baseline_cagrad loss=0.4282 train_acc=0.7250 train_loss=0.5649 val_acc=0.7132 val_loss=0.6202 router_H=0.6535 best=0.7132
           router_load=[0.03855830058455467, 0.2997349500656128, 0.5025427937507629, 0.1591639369726181]
[step 0180/1000] method=baseline_cagrad loss=0.3614 train_acc=0.7250 train_loss=0.5649 val_acc=0.7132 val_loss=0.6202 router_H=0.6535 best=0.7132
           router_load=[0.03855830058455467, 0.2997349500656128, 0.5025427937507629, 0.1591639369726181]
[step 0190/1000] method=baseline_cagrad loss=0.3530 train_acc=0.7250 train_loss=0.5649 val_acc=0.7132 val_loss=0.6202 router_H=0.6535 best=0.7132
           router_load=[0.03855830058455467, 0.2997349500656128, 0.5025427937507629, 0.1591639369726181]
[step 0200/1000] method=baseline_cagrad loss=0.6265 train_acc=0.8249 train_loss=0.3796 val_acc=0.8092 val_loss=0.4433 router_H=0.6716 best=0.8092
           router_load=[0.01314107421785593, 0.40336325764656067, 0.3719464838504791, 0.21154950559139252]
[step 0210/1000] method=baseline_cagrad loss=0.5116 train_acc=0.8249 train_loss=0.3796 val_acc=0.8092 val_loss=0.4433 router_H=0.6716 best=0.8092
           router_load=[0.01314107421785593, 0.40336325764656067, 0.3719464838504791, 0.21154950559139252]
[step 0220/1000] method=baseline_cagrad loss=0.2774 train_acc=0.8249 train_loss=0.3796 val_acc=0.8092 val_loss=0.4433 router_H=0.6716 best=0.8092
           router_load=[0.01314107421785593, 0.40336325764656067, 0.3719464838504791, 0.21154950559139252]
[step 0230/1000] method=baseline_cagrad loss=0.6324 train_acc=0.8249 train_loss=0.3796 val_acc=0.8092 val_loss=0.4433 router_H=0.6716 best=0.8092
           router_load=[0.01314107421785593, 0.40336325764656067, 0.3719464838504791, 0.21154950559139252]
[step 0240/1000] method=baseline_cagrad loss=0.3174 train_acc=0.8249 train_loss=0.3796 val_acc=0.8092 val_loss=0.4433 router_H=0.6716 best=0.8092
           router_load=[0.01314107421785593, 0.40336325764656067, 0.3719464838504791, 0.21154950559139252]
[step 0250/1000] method=baseline_cagrad loss=0.4029 train_acc=0.8249 train_loss=0.3796 val_acc=0.8092 val_loss=0.4433 router_H=0.6716 best=0.8092
           router_load=[0.01314107421785593, 0.40336325764656067, 0.3719464838504791, 0.21154950559139252]
[step 0260/1000] method=baseline_cagrad loss=0.5298 train_acc=0.8249 train_loss=0.3796 val_acc=0.8092 val_loss=0.4433 router_H=0.6716 best=0.8092
           router_load=[0.01314107421785593, 0.40336325764656067, 0.3719464838504791, 0.21154950559139252]
[step 0270/1000] method=baseline_cagrad loss=0.3949 train_acc=0.8249 train_loss=0.3796 val_acc=0.8092 val_loss=0.4433 router_H=0.6716 best=0.8092
           router_load=[0.01314107421785593, 0.40336325764656067, 0.3719464838504791, 0.21154950559139252]
[step 0280/1000] method=baseline_cagrad loss=0.5539 train_acc=0.8249 train_loss=0.3796 val_acc=0.8092 val_loss=0.4433 router_H=0.6716 best=0.8092
           router_load=[0.01314107421785593, 0.40336325764656067, 0.3719464838504791, 0.21154950559139252]
[step 0290/1000] method=baseline_cagrad loss=0.4543 train_acc=0.8249 train_loss=0.3796 val_acc=0.8092 val_loss=0.4433 router_H=0.6716 best=0.8092
           router_load=[0.01314107421785593, 0.40336325764656067, 0.3719464838504791, 0.21154950559139252]
[step 0300/1000] method=baseline_cagrad loss=0.5107 train_acc=0.8807 train_loss=0.3132 val_acc=0.8228 val_loss=0.3839 router_H=0.6609 best=0.8228
           router_load=[0.035877376794815063, 0.3165743350982666, 0.4625694453716278, 0.184978649020195]
[step 0310/1000] method=baseline_cagrad loss=0.4895 train_acc=0.8807 train_loss=0.3132 val_acc=0.8228 val_loss=0.3839 router_H=0.6609 best=0.8228
           router_load=[0.035877376794815063, 0.3165743350982666, 0.4625694453716278, 0.184978649020195]
[step 0320/1000] method=baseline_cagrad loss=0.2871 train_acc=0.8807 train_loss=0.3132 val_acc=0.8228 val_loss=0.3839 router_H=0.6609 best=0.8228
           router_load=[0.035877376794815063, 0.3165743350982666, 0.4625694453716278, 0.184978649020195]
[step 0330/1000] method=baseline_cagrad loss=0.2594 train_acc=0.8807 train_loss=0.3132 val_acc=0.8228 val_loss=0.3839 router_H=0.6609 best=0.8228
           router_load=[0.035877376794815063, 0.3165743350982666, 0.4625694453716278, 0.184978649020195]
[step 0340/1000] method=baseline_cagrad loss=0.3616 train_acc=0.8807 train_loss=0.3132 val_acc=0.8228 val_loss=0.3839 router_H=0.6609 best=0.8228
           router_load=[0.035877376794815063, 0.3165743350982666, 0.4625694453716278, 0.184978649020195]
[step 0350/1000] method=baseline_cagrad loss=0.3570 train_acc=0.8807 train_loss=0.3132 val_acc=0.8228 val_loss=0.3839 router_H=0.6609 best=0.8228
           router_load=[0.035877376794815063, 0.3165743350982666, 0.4625694453716278, 0.184978649020195]
[step 0360/1000] method=baseline_cagrad loss=0.2581 train_acc=0.8807 train_loss=0.3132 val_acc=0.8228 val_loss=0.3839 router_H=0.6609 best=0.8228
           router_load=[0.035877376794815063, 0.3165743350982666, 0.4625694453716278, 0.184978649020195]
[step 0370/1000] method=baseline_cagrad loss=0.3481 train_acc=0.8807 train_loss=0.3132 val_acc=0.8228 val_loss=0.3839 router_H=0.6609 best=0.8228
           router_load=[0.035877376794815063, 0.3165743350982666, 0.4625694453716278, 0.184978649020195]
[step 0380/1000] method=baseline_cagrad loss=0.4630 train_acc=0.8807 train_loss=0.3132 val_acc=0.8228 val_loss=0.3839 router_H=0.6609 best=0.8228
           router_load=[0.035877376794815063, 0.3165743350982666, 0.4625694453716278, 0.184978649020195]
[step 0390/1000] method=baseline_cagrad loss=0.2031 train_acc=0.8807 train_loss=0.3132 val_acc=0.8228 val_loss=0.3839 router_H=0.6609 best=0.8228
           router_load=[0.035877376794815063, 0.3165743350982666, 0.4625694453716278, 0.184978649020195]
[step 0400/1000] method=baseline_cagrad loss=0.7004 train_acc=0.8898 train_loss=0.2752 val_acc=0.8200 val_loss=0.4025 router_H=0.6529 best=0.8228
           router_load=[0.04049935191869736, 0.2590605914592743, 0.4710962176322937, 0.22934405505657196]
[step 0410/1000] method=baseline_cagrad loss=0.5940 train_acc=0.8898 train_loss=0.2752 val_acc=0.8200 val_loss=0.4025 router_H=0.6529 best=0.8228
           router_load=[0.04049935191869736, 0.2590605914592743, 0.4710962176322937, 0.22934405505657196]
[step 0420/1000] method=baseline_cagrad loss=0.5113 train_acc=0.8898 train_loss=0.2752 val_acc=0.8200 val_loss=0.4025 router_H=0.6529 best=0.8228
           router_load=[0.04049935191869736, 0.2590605914592743, 0.4710962176322937, 0.22934405505657196]
[step 0430/1000] method=baseline_cagrad loss=0.4501 train_acc=0.8898 train_loss=0.2752 val_acc=0.8200 val_loss=0.4025 router_H=0.6529 best=0.8228
           router_load=[0.04049935191869736, 0.2590605914592743, 0.4710962176322937, 0.22934405505657196]
[step 0440/1000] method=baseline_cagrad loss=0.2694 train_acc=0.8898 train_loss=0.2752 val_acc=0.8200 val_loss=0.4025 router_H=0.6529 best=0.8228
           router_load=[0.04049935191869736, 0.2590605914592743, 0.4710962176322937, 0.22934405505657196]
[step 0450/1000] method=baseline_cagrad loss=0.3779 train_acc=0.8898 train_loss=0.2752 val_acc=0.8200 val_loss=0.4025 router_H=0.6529 best=0.8228
           router_load=[0.04049935191869736, 0.2590605914592743, 0.4710962176322937, 0.22934405505657196]
[step 0460/1000] method=baseline_cagrad loss=0.6555 train_acc=0.8898 train_loss=0.2752 val_acc=0.8200 val_loss=0.4025 router_H=0.6529 best=0.8228
           router_load=[0.04049935191869736, 0.2590605914592743, 0.4710962176322937, 0.22934405505657196]
[step 0470/1000] method=baseline_cagrad loss=0.5099 train_acc=0.8898 train_loss=0.2752 val_acc=0.8200 val_loss=0.4025 router_H=0.6529 best=0.8228
           router_load=[0.04049935191869736, 0.2590605914592743, 0.4710962176322937, 0.22934405505657196]
[step 0480/1000] method=baseline_cagrad loss=0.4054 train_acc=0.8898 train_loss=0.2752 val_acc=0.8200 val_loss=0.4025 router_H=0.6529 best=0.8228
           router_load=[0.04049935191869736, 0.2590605914592743, 0.4710962176322937, 0.22934405505657196]
[step 0490/1000] method=baseline_cagrad loss=0.1443 train_acc=0.8898 train_loss=0.2752 val_acc=0.8200 val_loss=0.4025 router_H=0.6529 best=0.8228
           router_load=[0.04049935191869736, 0.2590605914592743, 0.4710962176322937, 0.22934405505657196]
[step 0500/1000] method=baseline_cagrad loss=0.3597 train_acc=0.9079 train_loss=0.2550 val_acc=0.8211 val_loss=0.4920 router_H=0.6325 best=0.8228
           router_load=[0.014314870350062847, 0.26546305418014526, 0.38046184182167053, 0.33976036310195923]
[step 0510/1000] method=baseline_cagrad loss=0.3776 train_acc=0.9079 train_loss=0.2550 val_acc=0.8211 val_loss=0.4920 router_H=0.6325 best=0.8228
           router_load=[0.014314870350062847, 0.26546305418014526, 0.38046184182167053, 0.33976036310195923]
[step 0520/1000] method=baseline_cagrad loss=0.3345 train_acc=0.9079 train_loss=0.2550 val_acc=0.8211 val_loss=0.4920 router_H=0.6325 best=0.8228
           router_load=[0.014314870350062847, 0.26546305418014526, 0.38046184182167053, 0.33976036310195923]
[step 0530/1000] method=baseline_cagrad loss=0.5297 train_acc=0.9079 train_loss=0.2550 val_acc=0.8211 val_loss=0.4920 router_H=0.6325 best=0.8228
           router_load=[0.014314870350062847, 0.26546305418014526, 0.38046184182167053, 0.33976036310195923]
[step 0540/1000] method=baseline_cagrad loss=0.2561 train_acc=0.9079 train_loss=0.2550 val_acc=0.8211 val_loss=0.4920 router_H=0.6325 best=0.8228
           router_load=[0.014314870350062847, 0.26546305418014526, 0.38046184182167053, 0.33976036310195923]
[step 0550/1000] method=baseline_cagrad loss=0.1863 train_acc=0.9079 train_loss=0.2550 val_acc=0.8211 val_loss=0.4920 router_H=0.6325 best=0.8228
           router_load=[0.014314870350062847, 0.26546305418014526, 0.38046184182167053, 0.33976036310195923]
[step 0560/1000] method=baseline_cagrad loss=0.5132 train_acc=0.9079 train_loss=0.2550 val_acc=0.8211 val_loss=0.4920 router_H=0.6325 best=0.8228
           router_load=[0.014314870350062847, 0.26546305418014526, 0.38046184182167053, 0.33976036310195923]
[step 0570/1000] method=baseline_cagrad loss=0.1878 train_acc=0.9079 train_loss=0.2550 val_acc=0.8211 val_loss=0.4920 router_H=0.6325 best=0.8228
           router_load=[0.014314870350062847, 0.26546305418014526, 0.38046184182167053, 0.33976036310195923]
[step 0580/1000] method=baseline_cagrad loss=0.2692 train_acc=0.9079 train_loss=0.2550 val_acc=0.8211 val_loss=0.4920 router_H=0.6325 best=0.8228
           router_load=[0.014314870350062847, 0.26546305418014526, 0.38046184182167053, 0.33976036310195923]
[step 0590/1000] method=baseline_cagrad loss=0.3014 train_acc=0.9079 train_loss=0.2550 val_acc=0.8211 val_loss=0.4920 router_H=0.6325 best=0.8228
           router_load=[0.014314870350062847, 0.26546305418014526, 0.38046184182167053, 0.33976036310195923]
[step 0600/1000] method=baseline_cagrad loss=0.5441 train_acc=0.9015 train_loss=0.2530 val_acc=0.8248 val_loss=0.4546 router_H=0.6212 best=0.8248
           router_load=[0.010826589539647102, 0.23915427923202515, 0.4187944233417511, 0.33122485876083374]
[step 0610/1000] method=baseline_cagrad loss=0.3296 train_acc=0.9015 train_loss=0.2530 val_acc=0.8248 val_loss=0.4546 router_H=0.6212 best=0.8248
           router_load=[0.010826589539647102, 0.23915427923202515, 0.4187944233417511, 0.33122485876083374]
[step 0620/1000] method=baseline_cagrad loss=0.2950 train_acc=0.9015 train_loss=0.2530 val_acc=0.8248 val_loss=0.4546 router_H=0.6212 best=0.8248
           router_load=[0.010826589539647102, 0.23915427923202515, 0.4187944233417511, 0.33122485876083374]
[step 0630/1000] method=baseline_cagrad loss=0.1059 train_acc=0.9015 train_loss=0.2530 val_acc=0.8248 val_loss=0.4546 router_H=0.6212 best=0.8248
           router_load=[0.010826589539647102, 0.23915427923202515, 0.4187944233417511, 0.33122485876083374]
[step 0640/1000] method=baseline_cagrad loss=0.4631 train_acc=0.9015 train_loss=0.2530 val_acc=0.8248 val_loss=0.4546 router_H=0.6212 best=0.8248
           router_load=[0.010826589539647102, 0.23915427923202515, 0.4187944233417511, 0.33122485876083374]
[step 0650/1000] method=baseline_cagrad loss=0.2294 train_acc=0.9015 train_loss=0.2530 val_acc=0.8248 val_loss=0.4546 router_H=0.6212 best=0.8248
           router_load=[0.010826589539647102, 0.23915427923202515, 0.4187944233417511, 0.33122485876083374]
[step 0660/1000] method=baseline_cagrad loss=0.1569 train_acc=0.9015 train_loss=0.2530 val_acc=0.8248 val_loss=0.4546 router_H=0.6212 best=0.8248
           router_load=[0.010826589539647102, 0.23915427923202515, 0.4187944233417511, 0.33122485876083374]
[step 0670/1000] method=baseline_cagrad loss=0.3846 train_acc=0.9015 train_loss=0.2530 val_acc=0.8248 val_loss=0.4546 router_H=0.6212 best=0.8248
           router_load=[0.010826589539647102, 0.23915427923202515, 0.4187944233417511, 0.33122485876083374]
[step 0680/1000] method=baseline_cagrad loss=0.2189 train_acc=0.9015 train_loss=0.2530 val_acc=0.8248 val_loss=0.4546 router_H=0.6212 best=0.8248
           router_load=[0.010826589539647102, 0.23915427923202515, 0.4187944233417511, 0.33122485876083374]
[step 0690/1000] method=baseline_cagrad loss=0.1159 train_acc=0.9015 train_loss=0.2530 val_acc=0.8248 val_loss=0.4546 router_H=0.6212 best=0.8248
           router_load=[0.010826589539647102, 0.23915427923202515, 0.4187944233417511, 0.33122485876083374]
[step 0700/1000] method=baseline_cagrad loss=0.2850 train_acc=0.9285 train_loss=0.1876 val_acc=0.8463 val_loss=0.4674 router_H=0.6241 best=0.8463
           router_load=[0.009343083016574383, 0.30941513180732727, 0.3231586813926697, 0.35808297991752625]
[step 0710/1000] method=baseline_cagrad loss=0.6176 train_acc=0.9285 train_loss=0.1876 val_acc=0.8463 val_loss=0.4674 router_H=0.6241 best=0.8463
           router_load=[0.009343083016574383, 0.30941513180732727, 0.3231586813926697, 0.35808297991752625]
[step 0720/1000] method=baseline_cagrad loss=0.1734 train_acc=0.9285 train_loss=0.1876 val_acc=0.8463 val_loss=0.4674 router_H=0.6241 best=0.8463
           router_load=[0.009343083016574383, 0.30941513180732727, 0.3231586813926697, 0.35808297991752625]
[step 0730/1000] method=baseline_cagrad loss=0.3974 train_acc=0.9285 train_loss=0.1876 val_acc=0.8463 val_loss=0.4674 router_H=0.6241 best=0.8463
           router_load=[0.009343083016574383, 0.30941513180732727, 0.3231586813926697, 0.35808297991752625]
[step 0740/1000] method=baseline_cagrad loss=0.4094 train_acc=0.9285 train_loss=0.1876 val_acc=0.8463 val_loss=0.4674 router_H=0.6241 best=0.8463
           router_load=[0.009343083016574383, 0.30941513180732727, 0.3231586813926697, 0.35808297991752625]
[step 0750/1000] method=baseline_cagrad loss=0.1559 train_acc=0.9285 train_loss=0.1876 val_acc=0.8463 val_loss=0.4674 router_H=0.6241 best=0.8463
           router_load=[0.009343083016574383, 0.30941513180732727, 0.3231586813926697, 0.35808297991752625]
[step 0760/1000] method=baseline_cagrad loss=0.4451 train_acc=0.9285 train_loss=0.1876 val_acc=0.8463 val_loss=0.4674 router_H=0.6241 best=0.8463
           router_load=[0.009343083016574383, 0.30941513180732727, 0.3231586813926697, 0.35808297991752625]
[step 0770/1000] method=baseline_cagrad loss=0.1959 train_acc=0.9285 train_loss=0.1876 val_acc=0.8463 val_loss=0.4674 router_H=0.6241 best=0.8463
           router_load=[0.009343083016574383, 0.30941513180732727, 0.3231586813926697, 0.35808297991752625]
[step 0780/1000] method=baseline_cagrad loss=0.3507 train_acc=0.9285 train_loss=0.1876 val_acc=0.8463 val_loss=0.4674 router_H=0.6241 best=0.8463
           router_load=[0.009343083016574383, 0.30941513180732727, 0.3231586813926697, 0.35808297991752625]
[step 0790/1000] method=baseline_cagrad loss=0.2919 train_acc=0.9285 train_loss=0.1876 val_acc=0.8463 val_loss=0.4674 router_H=0.6241 best=0.8463
           router_load=[0.009343083016574383, 0.30941513180732727, 0.3231586813926697, 0.35808297991752625]
[step 0800/1000] method=baseline_cagrad loss=0.2919 train_acc=0.9445 train_loss=0.1651 val_acc=0.8224 val_loss=0.5407 router_H=0.6392 best=0.8463
           router_load=[0.005441576708108187, 0.3407055139541626, 0.2721741497516632, 0.3816787600517273]
[step 0810/1000] method=baseline_cagrad loss=0.1886 train_acc=0.9445 train_loss=0.1651 val_acc=0.8224 val_loss=0.5407 router_H=0.6392 best=0.8463
           router_load=[0.005441576708108187, 0.3407055139541626, 0.2721741497516632, 0.3816787600517273]
[step 0820/1000] method=baseline_cagrad loss=0.4251 train_acc=0.9445 train_loss=0.1651 val_acc=0.8224 val_loss=0.5407 router_H=0.6392 best=0.8463
           router_load=[0.005441576708108187, 0.3407055139541626, 0.2721741497516632, 0.3816787600517273]
[step 0830/1000] method=baseline_cagrad loss=0.4036 train_acc=0.9445 train_loss=0.1651 val_acc=0.8224 val_loss=0.5407 router_H=0.6392 best=0.8463
           router_load=[0.005441576708108187, 0.3407055139541626, 0.2721741497516632, 0.3816787600517273]
[step 0840/1000] method=baseline_cagrad loss=0.4085 train_acc=0.9445 train_loss=0.1651 val_acc=0.8224 val_loss=0.5407 router_H=0.6392 best=0.8463
           router_load=[0.005441576708108187, 0.3407055139541626, 0.2721741497516632, 0.3816787600517273]
[step 0850/1000] method=baseline_cagrad loss=0.5442 train_acc=0.9445 train_loss=0.1651 val_acc=0.8224 val_loss=0.5407 router_H=0.6392 best=0.8463
           router_load=[0.005441576708108187, 0.3407055139541626, 0.2721741497516632, 0.3816787600517273]
[step 0860/1000] method=baseline_cagrad loss=0.2151 train_acc=0.9445 train_loss=0.1651 val_acc=0.8224 val_loss=0.5407 router_H=0.6392 best=0.8463
           router_load=[0.005441576708108187, 0.3407055139541626, 0.2721741497516632, 0.3816787600517273]
[step 0870/1000] method=baseline_cagrad loss=0.2183 train_acc=0.9445 train_loss=0.1651 val_acc=0.8224 val_loss=0.5407 router_H=0.6392 best=0.8463
           router_load=[0.005441576708108187, 0.3407055139541626, 0.2721741497516632, 0.3816787600517273]
[step 0880/1000] method=baseline_cagrad loss=0.0849 train_acc=0.9445 train_loss=0.1651 val_acc=0.8224 val_loss=0.5407 router_H=0.6392 best=0.8463
           router_load=[0.005441576708108187, 0.3407055139541626, 0.2721741497516632, 0.3816787600517273]
[step 0890/1000] method=baseline_cagrad loss=0.2621 train_acc=0.9445 train_loss=0.1651 val_acc=0.8224 val_loss=0.5407 router_H=0.6392 best=0.8463
           router_load=[0.005441576708108187, 0.3407055139541626, 0.2721741497516632, 0.3816787600517273]
[step 0900/1000] method=baseline_cagrad loss=0.3983 train_acc=0.9570 train_loss=0.1243 val_acc=0.8450 val_loss=0.4267 router_H=0.6367 best=0.8463
           router_load=[0.006253027357161045, 0.3577924072742462, 0.2842663526535034, 0.35168853402137756]
[step 0910/1000] method=baseline_cagrad loss=0.1393 train_acc=0.9570 train_loss=0.1243 val_acc=0.8450 val_loss=0.4267 router_H=0.6367 best=0.8463
           router_load=[0.006253027357161045, 0.3577924072742462, 0.2842663526535034, 0.35168853402137756]
[step 0920/1000] method=baseline_cagrad loss=0.1411 train_acc=0.9570 train_loss=0.1243 val_acc=0.8450 val_loss=0.4267 router_H=0.6367 best=0.8463
           router_load=[0.006253027357161045, 0.3577924072742462, 0.2842663526535034, 0.35168853402137756]
[step 0930/1000] method=baseline_cagrad loss=0.0459 train_acc=0.9570 train_loss=0.1243 val_acc=0.8450 val_loss=0.4267 router_H=0.6367 best=0.8463
           router_load=[0.006253027357161045, 0.3577924072742462, 0.2842663526535034, 0.35168853402137756]
[step 0940/1000] method=baseline_cagrad loss=0.1224 train_acc=0.9570 train_loss=0.1243 val_acc=0.8450 val_loss=0.4267 router_H=0.6367 best=0.8463
           router_load=[0.006253027357161045, 0.3577924072742462, 0.2842663526535034, 0.35168853402137756]
[step 0950/1000] method=baseline_cagrad loss=0.2257 train_acc=0.9570 train_loss=0.1243 val_acc=0.8450 val_loss=0.4267 router_H=0.6367 best=0.8463
           router_load=[0.006253027357161045, 0.3577924072742462, 0.2842663526535034, 0.35168853402137756]
[step 0960/1000] method=baseline_cagrad loss=0.2004 train_acc=0.9570 train_loss=0.1243 val_acc=0.8450 val_loss=0.4267 router_H=0.6367 best=0.8463
           router_load=[0.006253027357161045, 0.3577924072742462, 0.2842663526535034, 0.35168853402137756]
[step 0970/1000] method=baseline_cagrad loss=0.0464 train_acc=0.9570 train_loss=0.1243 val_acc=0.8450 val_loss=0.4267 router_H=0.6367 best=0.8463
           router_load=[0.006253027357161045, 0.3577924072742462, 0.2842663526535034, 0.35168853402137756]
[step 0980/1000] method=baseline_cagrad loss=0.5025 train_acc=0.9570 train_loss=0.1243 val_acc=0.8450 val_loss=0.4267 router_H=0.6367 best=0.8463
           router_load=[0.006253027357161045, 0.3577924072742462, 0.2842663526535034, 0.35168853402137756]
[step 0990/1000] method=baseline_cagrad loss=0.2954 train_acc=0.9570 train_loss=0.1243 val_acc=0.8450 val_loss=0.4267 router_H=0.6367 best=0.8463
           router_load=[0.006253027357161045, 0.3577924072742462, 0.2842663526535034, 0.35168853402137756]
[step 1000/1000] method=baseline_cagrad loss=0.2150 train_acc=0.9609 train_loss=0.1237 val_acc=0.8434 val_loss=0.4894 router_H=0.6411 best=0.8463
           router_load=[0.008490346372127533, 0.36515578627586365, 0.24878451228141785, 0.37756919860839844]
saved summary -> /home/zhujjing/MOE-grad-conflict-routing/runs/paper_suite/single_gpu/multi_task/glue3_deberta_lora_e4_k2/final/cagrad_s7.json
saved curve -> /home/zhujjing/MOE-grad-conflict-routing/runs/paper_suite/single_gpu/multi_task/glue3_deberta_lora_e4_k2/final/cagrad_s7_curve.csv
