[run] method=cagrad candidate=coord_03_train_grad_clip_014 seed=2 steps=150 gpu=0
[run] cmd=
/home/zhujjing/anaconda3/envs/moe/bin/python /home/zhujjing/MOE-grad-conflict-routing/scripts/run.py --config configs/singletask_mrpc_real.yaml --set model.backbone_backend=hf --set model.hf_load_pretrained=true --set model.backbone=deberta --set model.hf_pretrained_name=microsoft/deberta-v3-base --set model.expert_type=ffn --set model.routing_mode=topk --set model.num_experts=4 --set model.top_k=2 --set seed=2 --set method.name=baseline_cagrad --set train.steps=150 --set train.eval_every_steps=50 --set method.baseline_cagrad.c=0.4 --set method.baseline_cagrad.inner_lr=0.1 --set train.grad_clip=0.712672082 --set train.lr=7.848640431e-05 --set train.weight_decay=0.002198300522 --out /home/zhujjing/MOE-grad-conflict-routing/runs/paper_suite/single_gpu/single_task/deberta_mrpc_ffn_e4_k2/hpo/cagrad/trial_runs/coord_03_train_grad_clip_014/cagrad_s2.json --curve_out /home/zhujjing/MOE-grad-conflict-routing/runs/paper_suite/single_gpu/single_task/deberta_mrpc_ffn_e4_k2/hpo/cagrad/trial_runs/coord_03_train_grad_clip_014/cagrad_s2_curve.csv
Using the latest cached version of the dataset since glue couldn't be found on the Hugging Face Hub (offline mode is enabled).
Found the latest cached dataset configuration 'mrpc' at /home/zhujjing/hf_cache/datasets/glue/mrpc/0.0.0/bcdcba79d07bc864c1c254ccfcedcce55bcc9a8c (last modified on Thu Mar 19 15:01:06 2026).
/home/zhujjing/anaconda3/envs/moe/lib/python3.10/site-packages/transformers/utils/hub.py:124: FutureWarning: Using `TRANSFORMERS_CACHE` is deprecated and will be removed in v5 of Transformers. Use `HF_HOME` instead.
  warnings.warn(
/home/zhujjing/anaconda3/envs/moe/lib/python3.10/site-packages/transformers/convert_slow_tokenizer.py:560: UserWarning: The sentencepiece tokenizer that you are converting to a fast tokenizer uses the byte fallback option which is not implemented in the fast tokenizers. In practice this means that the fast version of the tokenizer can produce unknown tokens whereas the sentencepiece version would have converted these unknown tokens into a sequence of byte tokens matching the original piece of text.
  warnings.warn(
[step 0001/150] method=baseline_cagrad loss=0.7184 train_acc=nan train_loss=nan val_acc=nan val_loss=nan best=-1.0000
[step 0010/150] method=baseline_cagrad loss=0.7213 train_acc=nan train_loss=nan val_acc=nan val_loss=nan best=-1.0000
[step 0020/150] method=baseline_cagrad loss=0.5426 train_acc=nan train_loss=nan val_acc=nan val_loss=nan best=-1.0000
[step 0030/150] method=baseline_cagrad loss=0.5521 train_acc=nan train_loss=nan val_acc=nan val_loss=nan best=-1.0000
[step 0040/150] method=baseline_cagrad loss=0.4816 train_acc=nan train_loss=nan val_acc=nan val_loss=nan best=-1.0000
[step 0050/150] method=baseline_cagrad loss=0.4098 train_acc=0.7944 train_loss=0.4331 val_acc=0.7917 val_loss=0.4376 router_H=0.6116 best=0.7917
           router_load=[0.016205482184886932, 0.0, 0.3169659674167633, 0.666828453540802]
[step 0060/150] method=baseline_cagrad loss=0.4296 train_acc=0.7944 train_loss=0.4331 val_acc=0.7917 val_loss=0.4376 router_H=0.6116 best=0.7917
           router_load=[0.016205482184886932, 0.0, 0.3169659674167633, 0.666828453540802]
[step 0070/150] method=baseline_cagrad loss=0.3809 train_acc=0.7944 train_loss=0.4331 val_acc=0.7917 val_loss=0.4376 router_H=0.6116 best=0.7917
           router_load=[0.016205482184886932, 0.0, 0.3169659674167633, 0.666828453540802]
[step 0080/150] method=baseline_cagrad loss=0.2542 train_acc=0.7944 train_loss=0.4331 val_acc=0.7917 val_loss=0.4376 router_H=0.6116 best=0.7917
           router_load=[0.016205482184886932, 0.0, 0.3169659674167633, 0.666828453540802]
[step 0090/150] method=baseline_cagrad loss=0.3307 train_acc=0.7944 train_loss=0.4331 val_acc=0.7917 val_loss=0.4376 router_H=0.6116 best=0.7917
           router_load=[0.016205482184886932, 0.0, 0.3169659674167633, 0.666828453540802]
[step 0100/150] method=baseline_cagrad loss=0.2337 train_acc=0.8844 train_loss=0.2631 val_acc=0.8725 val_loss=0.3050 router_H=0.4256 best=0.8725
           router_load=[0.03665206953883171, 0.0, 0.15357321500778198, 0.80977463722229]
[step 0110/150] method=baseline_cagrad loss=0.4128 train_acc=0.8844 train_loss=0.2631 val_acc=0.8725 val_loss=0.3050 router_H=0.4256 best=0.8725
           router_load=[0.03665206953883171, 0.0, 0.15357321500778198, 0.80977463722229]
[step 0120/150] method=baseline_cagrad loss=0.5389 train_acc=0.8844 train_loss=0.2631 val_acc=0.8725 val_loss=0.3050 router_H=0.4256 best=0.8725
           router_load=[0.03665206953883171, 0.0, 0.15357321500778198, 0.80977463722229]
[step 0130/150] method=baseline_cagrad loss=0.3934 train_acc=0.8844 train_loss=0.2631 val_acc=0.8725 val_loss=0.3050 router_H=0.4256 best=0.8725
           router_load=[0.03665206953883171, 0.0, 0.15357321500778198, 0.80977463722229]
[step 0140/150] method=baseline_cagrad loss=0.5138 train_acc=0.8844 train_loss=0.2631 val_acc=0.8725 val_loss=0.3050 router_H=0.4256 best=0.8725
           router_load=[0.03665206953883171, 0.0, 0.15357321500778198, 0.80977463722229]
[step 0150/150] method=baseline_cagrad loss=0.6198 train_acc=0.8222 train_loss=0.3797 val_acc=0.8015 val_loss=0.4565 router_H=0.3758 best=0.8725
           router_load=[0.0868319422006607, 0.0, 0.04669122025370598, 0.8664767742156982]
saved summary -> /home/zhujjing/MOE-grad-conflict-routing/runs/paper_suite/single_gpu/single_task/deberta_mrpc_ffn_e4_k2/hpo/cagrad/trial_runs/coord_03_train_grad_clip_014/cagrad_s2.json
saved curve -> /home/zhujjing/MOE-grad-conflict-routing/runs/paper_suite/single_gpu/single_task/deberta_mrpc_ffn_e4_k2/hpo/cagrad/trial_runs/coord_03_train_grad_clip_014/cagrad_s2_curve.csv
