[run] method=cagrad candidate=local_var_topk_024 seed=2 steps=1000 gpu=0
[run] cmd=
/home/zhujjing/anaconda3/envs/moe/bin/python /home/zhujjing/MOE-grad-conflict-routing/scripts/run.py --config configs/singletask_rte_real.yaml --set model.backbone_backend=hf --set model.hf_load_pretrained=true --set model.backbone=deberta --set model.hf_pretrained_name=microsoft/deberta-v3-base --set model.expert_type=ffn --set model.routing_mode=topk --set model.num_experts=4 --set model.top_k=2 --set seed=2 --set method.name=baseline_cagrad --set train.steps=1000 --set train.eval_every_steps=50 --set method.baseline_cagrad.c=0.69392653 --set method.baseline_cagrad.inner_lr=0.2 --set train.grad_clip=1.19532768 --set train.lr=4e-05 --set train.weight_decay=0.01536478282 --out /home/zhujjing/MOE-grad-conflict-routing/runs/paper_suite/single_gpu/single_task/deberta_rte_ffn_e4_k2/final/cagrad_s2.json --curve_out /home/zhujjing/MOE-grad-conflict-routing/runs/paper_suite/single_gpu/single_task/deberta_rte_ffn_e4_k2/final/cagrad_s2_curve.csv
Using the latest cached version of the dataset since glue couldn't be found on the Hugging Face Hub (offline mode is enabled).
Found the latest cached dataset configuration 'rte' at /home/zhujjing/hf_cache/datasets/glue/rte/0.0.0/bcdcba79d07bc864c1c254ccfcedcce55bcc9a8c (last modified on Thu Mar 19 15:00:36 2026).
/home/zhujjing/anaconda3/envs/moe/lib/python3.10/site-packages/transformers/utils/hub.py:124: FutureWarning: Using `TRANSFORMERS_CACHE` is deprecated and will be removed in v5 of Transformers. Use `HF_HOME` instead.
  warnings.warn(
/home/zhujjing/anaconda3/envs/moe/lib/python3.10/site-packages/transformers/convert_slow_tokenizer.py:560: UserWarning: The sentencepiece tokenizer that you are converting to a fast tokenizer uses the byte fallback option which is not implemented in the fast tokenizers. In practice this means that the fast version of the tokenizer can produce unknown tokens whereas the sentencepiece version would have converted these unknown tokens into a sequence of byte tokens matching the original piece of text.
  warnings.warn(
[step 0001/1000] method=baseline_cagrad loss=0.7004 train_acc=nan train_loss=nan val_acc=nan val_loss=nan best=-1.0000
[step 0010/1000] method=baseline_cagrad loss=0.8781 train_acc=nan train_loss=nan val_acc=nan val_loss=nan best=-1.0000
[step 0020/1000] method=baseline_cagrad loss=0.7786 train_acc=nan train_loss=nan val_acc=nan val_loss=nan best=-1.0000
[step 0030/1000] method=baseline_cagrad loss=0.6324 train_acc=nan train_loss=nan val_acc=nan val_loss=nan best=-1.0000
[step 0040/1000] method=baseline_cagrad loss=0.7004 train_acc=nan train_loss=nan val_acc=nan val_loss=nan best=-1.0000
[step 0050/1000] method=baseline_cagrad loss=0.6499 train_acc=0.7614 train_loss=0.5266 val_acc=0.7292 val_loss=0.5632 router_H=0.6726 best=0.7292
           router_load=[0.4220191538333893, 0.0, 0.5779809951782227, 0.0]
[step 0060/1000] method=baseline_cagrad loss=0.5184 train_acc=0.7614 train_loss=0.5266 val_acc=0.7292 val_loss=0.5632 router_H=0.6726 best=0.7292
           router_load=[0.4220191538333893, 0.0, 0.5779809951782227, 0.0]
[step 0070/1000] method=baseline_cagrad loss=0.6017 train_acc=0.7614 train_loss=0.5266 val_acc=0.7292 val_loss=0.5632 router_H=0.6726 best=0.7292
           router_load=[0.4220191538333893, 0.0, 0.5779809951782227, 0.0]
[step 0080/1000] method=baseline_cagrad loss=0.6642 train_acc=0.7614 train_loss=0.5266 val_acc=0.7292 val_loss=0.5632 router_H=0.6726 best=0.7292
           router_load=[0.4220191538333893, 0.0, 0.5779809951782227, 0.0]
[step 0090/1000] method=baseline_cagrad loss=0.4764 train_acc=0.7614 train_loss=0.5266 val_acc=0.7292 val_loss=0.5632 router_H=0.6726 best=0.7292
           router_load=[0.4220191538333893, 0.0, 0.5779809951782227, 0.0]
[step 0100/1000] method=baseline_cagrad loss=0.4815 train_acc=0.8695 train_loss=0.3673 val_acc=0.7942 val_loss=0.4603 router_H=0.6774 best=0.7942
           router_load=[0.4393704831600189, 0.0014212960377335548, 0.5592082142829895, 0.0]
[step 0110/1000] method=baseline_cagrad loss=0.4096 train_acc=0.8695 train_loss=0.3673 val_acc=0.7942 val_loss=0.4603 router_H=0.6774 best=0.7942
           router_load=[0.4393704831600189, 0.0014212960377335548, 0.5592082142829895, 0.0]
[step 0120/1000] method=baseline_cagrad loss=0.2651 train_acc=0.8695 train_loss=0.3673 val_acc=0.7942 val_loss=0.4603 router_H=0.6774 best=0.7942
           router_load=[0.4393704831600189, 0.0014212960377335548, 0.5592082142829895, 0.0]
[step 0130/1000] method=baseline_cagrad loss=0.7982 train_acc=0.8695 train_loss=0.3673 val_acc=0.7942 val_loss=0.4603 router_H=0.6774 best=0.7942
           router_load=[0.4393704831600189, 0.0014212960377335548, 0.5592082142829895, 0.0]
[step 0140/1000] method=baseline_cagrad loss=0.7266 train_acc=0.8695 train_loss=0.3673 val_acc=0.7942 val_loss=0.4603 router_H=0.6774 best=0.7942
           router_load=[0.4393704831600189, 0.0014212960377335548, 0.5592082142829895, 0.0]
[step 0150/1000] method=baseline_cagrad loss=0.6566 train_acc=0.9173 train_loss=0.2464 val_acc=0.7978 val_loss=0.4278 router_H=0.6571 best=0.7978
           router_load=[0.38765567541122437, 0.0012330556055530906, 0.5973920822143555, 0.013719242997467518]
[step 0160/1000] method=baseline_cagrad loss=0.3406 train_acc=0.9173 train_loss=0.2464 val_acc=0.7978 val_loss=0.4278 router_H=0.6571 best=0.7978
           router_load=[0.38765567541122437, 0.0012330556055530906, 0.5973920822143555, 0.013719242997467518]
[step 0170/1000] method=baseline_cagrad loss=0.3458 train_acc=0.9173 train_loss=0.2464 val_acc=0.7978 val_loss=0.4278 router_H=0.6571 best=0.7978
           router_load=[0.38765567541122437, 0.0012330556055530906, 0.5973920822143555, 0.013719242997467518]
[step 0180/1000] method=baseline_cagrad loss=0.3913 train_acc=0.9173 train_loss=0.2464 val_acc=0.7978 val_loss=0.4278 router_H=0.6571 best=0.7978
           router_load=[0.38765567541122437, 0.0012330556055530906, 0.5973920822143555, 0.013719242997467518]
[step 0190/1000] method=baseline_cagrad loss=0.4175 train_acc=0.9173 train_loss=0.2464 val_acc=0.7978 val_loss=0.4278 router_H=0.6571 best=0.7978
           router_load=[0.38765567541122437, 0.0012330556055530906, 0.5973920822143555, 0.013719242997467518]
[step 0200/1000] method=baseline_cagrad loss=0.3046 train_acc=0.9430 train_loss=0.1558 val_acc=0.8484 val_loss=0.3994 router_H=0.6269 best=0.8484
           router_load=[0.4142063558101654, 0.00168054539244622, 0.5841131210327148, 0.0]
[step 0210/1000] method=baseline_cagrad loss=0.1756 train_acc=0.9430 train_loss=0.1558 val_acc=0.8484 val_loss=0.3994 router_H=0.6269 best=0.8484
           router_load=[0.4142063558101654, 0.00168054539244622, 0.5841131210327148, 0.0]
[step 0220/1000] method=baseline_cagrad loss=0.0952 train_acc=0.9430 train_loss=0.1558 val_acc=0.8484 val_loss=0.3994 router_H=0.6269 best=0.8484
           router_load=[0.4142063558101654, 0.00168054539244622, 0.5841131210327148, 0.0]
[step 0230/1000] method=baseline_cagrad loss=0.2175 train_acc=0.9430 train_loss=0.1558 val_acc=0.8484 val_loss=0.3994 router_H=0.6269 best=0.8484
           router_load=[0.4142063558101654, 0.00168054539244622, 0.5841131210327148, 0.0]
[step 0240/1000] method=baseline_cagrad loss=0.1913 train_acc=0.9430 train_loss=0.1558 val_acc=0.8484 val_loss=0.3994 router_H=0.6269 best=0.8484
           router_load=[0.4142063558101654, 0.00168054539244622, 0.5841131210327148, 0.0]
[step 0250/1000] method=baseline_cagrad loss=0.1798 train_acc=0.9590 train_loss=0.1396 val_acc=0.8267 val_loss=0.6126 router_H=0.5725 best=0.8484
           router_load=[0.573228657245636, 0.006354056764394045, 0.41543376445770264, 0.004983541555702686]
[step 0260/1000] method=baseline_cagrad loss=0.3531 train_acc=0.9590 train_loss=0.1396 val_acc=0.8267 val_loss=0.6126 router_H=0.5725 best=0.8484
           router_load=[0.573228657245636, 0.006354056764394045, 0.41543376445770264, 0.004983541555702686]
[step 0270/1000] method=baseline_cagrad loss=0.4673 train_acc=0.9590 train_loss=0.1396 val_acc=0.8267 val_loss=0.6126 router_H=0.5725 best=0.8484
           router_load=[0.573228657245636, 0.006354056764394045, 0.41543376445770264, 0.004983541555702686]
[step 0280/1000] method=baseline_cagrad loss=0.2492 train_acc=0.9590 train_loss=0.1396 val_acc=0.8267 val_loss=0.6126 router_H=0.5725 best=0.8484
           router_load=[0.573228657245636, 0.006354056764394045, 0.41543376445770264, 0.004983541555702686]
[step 0290/1000] method=baseline_cagrad loss=0.4585 train_acc=0.9590 train_loss=0.1396 val_acc=0.8267 val_loss=0.6126 router_H=0.5725 best=0.8484
           router_load=[0.573228657245636, 0.006354056764394045, 0.41543376445770264, 0.004983541555702686]
[step 0300/1000] method=baseline_cagrad loss=0.0337 train_acc=0.9775 train_loss=0.0670 val_acc=0.8520 val_loss=0.3820 router_H=0.6114 best=0.8520
           router_load=[0.4857994019985199, 0.001202189945615828, 0.5129983425140381, 0.0]
[step 0310/1000] method=baseline_cagrad loss=0.4407 train_acc=0.9775 train_loss=0.0670 val_acc=0.8520 val_loss=0.3820 router_H=0.6114 best=0.8520
           router_load=[0.4857994019985199, 0.001202189945615828, 0.5129983425140381, 0.0]
[step 0320/1000] method=baseline_cagrad loss=0.1401 train_acc=0.9775 train_loss=0.0670 val_acc=0.8520 val_loss=0.3820 router_H=0.6114 best=0.8520
           router_load=[0.4857994019985199, 0.001202189945615828, 0.5129983425140381, 0.0]
[step 0330/1000] method=baseline_cagrad loss=0.0572 train_acc=0.9775 train_loss=0.0670 val_acc=0.8520 val_loss=0.3820 router_H=0.6114 best=0.8520
           router_load=[0.4857994019985199, 0.001202189945615828, 0.5129983425140381, 0.0]
[step 0340/1000] method=baseline_cagrad loss=0.3460 train_acc=0.9775 train_loss=0.0670 val_acc=0.8520 val_loss=0.3820 router_H=0.6114 best=0.8520
           router_load=[0.4857994019985199, 0.001202189945615828, 0.5129983425140381, 0.0]
[step 0350/1000] method=baseline_cagrad loss=0.0145 train_acc=0.9867 train_loss=0.0355 val_acc=0.8845 val_loss=0.5012 router_H=0.5432 best=0.8845
           router_load=[0.49959197640419006, 0.003825726918876171, 0.4935525953769684, 0.0030296919867396355]
[step 0360/1000] method=baseline_cagrad loss=0.1699 train_acc=0.9867 train_loss=0.0355 val_acc=0.8845 val_loss=0.5012 router_H=0.5432 best=0.8845
           router_load=[0.49959197640419006, 0.003825726918876171, 0.4935525953769684, 0.0030296919867396355]
[step 0370/1000] method=baseline_cagrad loss=0.2049 train_acc=0.9867 train_loss=0.0355 val_acc=0.8845 val_loss=0.5012 router_H=0.5432 best=0.8845
           router_load=[0.49959197640419006, 0.003825726918876171, 0.4935525953769684, 0.0030296919867396355]
[step 0380/1000] method=baseline_cagrad loss=0.0009 train_acc=0.9867 train_loss=0.0355 val_acc=0.8845 val_loss=0.5012 router_H=0.5432 best=0.8845
           router_load=[0.49959197640419006, 0.003825726918876171, 0.4935525953769684, 0.0030296919867396355]
[step 0390/1000] method=baseline_cagrad loss=0.0337 train_acc=0.9867 train_loss=0.0355 val_acc=0.8845 val_loss=0.5012 router_H=0.5432 best=0.8845
           router_load=[0.49959197640419006, 0.003825726918876171, 0.4935525953769684, 0.0030296919867396355]
[step 0400/1000] method=baseline_cagrad loss=0.0487 train_acc=0.9743 train_loss=0.0876 val_acc=0.8195 val_loss=0.8414 router_H=0.5319 best=0.8845
           router_load=[0.42707377672195435, 0.0034466132055968046, 0.5495121479034424, 0.019967438653111458]
[step 0410/1000] method=baseline_cagrad loss=0.3475 train_acc=0.9743 train_loss=0.0876 val_acc=0.8195 val_loss=0.8414 router_H=0.5319 best=0.8845
           router_load=[0.42707377672195435, 0.0034466132055968046, 0.5495121479034424, 0.019967438653111458]
[step 0420/1000] method=baseline_cagrad loss=0.1307 train_acc=0.9743 train_loss=0.0876 val_acc=0.8195 val_loss=0.8414 router_H=0.5319 best=0.8845
           router_load=[0.42707377672195435, 0.0034466132055968046, 0.5495121479034424, 0.019967438653111458]
[step 0430/1000] method=baseline_cagrad loss=0.0323 train_acc=0.9743 train_loss=0.0876 val_acc=0.8195 val_loss=0.8414 router_H=0.5319 best=0.8845
           router_load=[0.42707377672195435, 0.0034466132055968046, 0.5495121479034424, 0.019967438653111458]
[step 0440/1000] method=baseline_cagrad loss=0.0211 train_acc=0.9743 train_loss=0.0876 val_acc=0.8195 val_loss=0.8414 router_H=0.5319 best=0.8845
           router_load=[0.42707377672195435, 0.0034466132055968046, 0.5495121479034424, 0.019967438653111458]
[step 0450/1000] method=baseline_cagrad loss=0.2658 train_acc=0.9799 train_loss=0.0690 val_acc=0.8267 val_loss=0.8609 router_H=0.5125 best=0.8845
           router_load=[0.41349345445632935, 0.0013415749417617917, 0.5676458477973938, 0.01751912757754326]
[step 0460/1000] method=baseline_cagrad loss=0.3793 train_acc=0.9799 train_loss=0.0690 val_acc=0.8267 val_loss=0.8609 router_H=0.5125 best=0.8845
           router_load=[0.41349345445632935, 0.0013415749417617917, 0.5676458477973938, 0.01751912757754326]
[step 0470/1000] method=baseline_cagrad loss=0.0012 train_acc=0.9799 train_loss=0.0690 val_acc=0.8267 val_loss=0.8609 router_H=0.5125 best=0.8845
           router_load=[0.41349345445632935, 0.0013415749417617917, 0.5676458477973938, 0.01751912757754326]
[step 0480/1000] method=baseline_cagrad loss=0.0006 train_acc=0.9799 train_loss=0.0690 val_acc=0.8267 val_loss=0.8609 router_H=0.5125 best=0.8845
           router_load=[0.41349345445632935, 0.0013415749417617917, 0.5676458477973938, 0.01751912757754326]
[step 0490/1000] method=baseline_cagrad loss=0.3944 train_acc=0.9799 train_loss=0.0690 val_acc=0.8267 val_loss=0.8609 router_H=0.5125 best=0.8845
           router_load=[0.41349345445632935, 0.0013415749417617917, 0.5676458477973938, 0.01751912757754326]
[step 0500/1000] method=baseline_cagrad loss=0.2964 train_acc=0.9823 train_loss=0.0619 val_acc=0.8195 val_loss=1.0460 router_H=0.4640 best=0.8845
           router_load=[0.6005557775497437, 0.0057749198749661446, 0.38487887382507324, 0.00879035983234644]
[step 0510/1000] method=baseline_cagrad loss=0.1409 train_acc=0.9823 train_loss=0.0619 val_acc=0.8195 val_loss=1.0460 router_H=0.4640 best=0.8845
           router_load=[0.6005557775497437, 0.0057749198749661446, 0.38487887382507324, 0.00879035983234644]
[step 0520/1000] method=baseline_cagrad loss=0.1258 train_acc=0.9823 train_loss=0.0619 val_acc=0.8195 val_loss=1.0460 router_H=0.4640 best=0.8845
           router_load=[0.6005557775497437, 0.0057749198749661446, 0.38487887382507324, 0.00879035983234644]
[step 0530/1000] method=baseline_cagrad loss=0.0359 train_acc=0.9823 train_loss=0.0619 val_acc=0.8195 val_loss=1.0460 router_H=0.4640 best=0.8845
           router_load=[0.6005557775497437, 0.0057749198749661446, 0.38487887382507324, 0.00879035983234644]
[step 0540/1000] method=baseline_cagrad loss=0.0054 train_acc=0.9823 train_loss=0.0619 val_acc=0.8195 val_loss=1.0460 router_H=0.4640 best=0.8845
           router_load=[0.6005557775497437, 0.0057749198749661446, 0.38487887382507324, 0.00879035983234644]
[step 0550/1000] method=baseline_cagrad loss=0.0003 train_acc=0.9880 train_loss=0.0476 val_acc=0.8231 val_loss=1.0046 router_H=0.4557 best=0.8845
           router_load=[0.4960790276527405, 0.006003139074891806, 0.48872679471969604, 0.009191098622977734]
[step 0560/1000] method=baseline_cagrad loss=0.0005 train_acc=0.9880 train_loss=0.0476 val_acc=0.8231 val_loss=1.0046 router_H=0.4557 best=0.8845
           router_load=[0.4960790276527405, 0.006003139074891806, 0.48872679471969604, 0.009191098622977734]
[step 0570/1000] method=baseline_cagrad loss=0.0104 train_acc=0.9880 train_loss=0.0476 val_acc=0.8231 val_loss=1.0046 router_H=0.4557 best=0.8845
           router_load=[0.4960790276527405, 0.006003139074891806, 0.48872679471969604, 0.009191098622977734]
[step 0580/1000] method=baseline_cagrad loss=0.1300 train_acc=0.9880 train_loss=0.0476 val_acc=0.8231 val_loss=1.0046 router_H=0.4557 best=0.8845
           router_load=[0.4960790276527405, 0.006003139074891806, 0.48872679471969604, 0.009191098622977734]
[step 0590/1000] method=baseline_cagrad loss=0.4378 train_acc=0.9880 train_loss=0.0476 val_acc=0.8231 val_loss=1.0046 router_H=0.4557 best=0.8845
           router_load=[0.4960790276527405, 0.006003139074891806, 0.48872679471969604, 0.009191098622977734]
[step 0600/1000] method=baseline_cagrad loss=0.2659 train_acc=0.9880 train_loss=0.0370 val_acc=0.8592 val_loss=0.6437 router_H=0.5505 best=0.8845
           router_load=[0.46936625242233276, 0.10212289541959763, 0.4237385392189026, 0.004772242624312639]
[step 0610/1000] method=baseline_cagrad loss=0.1324 train_acc=0.9880 train_loss=0.0370 val_acc=0.8592 val_loss=0.6437 router_H=0.5505 best=0.8845
           router_load=[0.46936625242233276, 0.10212289541959763, 0.4237385392189026, 0.004772242624312639]
[step 0620/1000] method=baseline_cagrad loss=0.0110 train_acc=0.9880 train_loss=0.0370 val_acc=0.8592 val_loss=0.6437 router_H=0.5505 best=0.8845
           router_load=[0.46936625242233276, 0.10212289541959763, 0.4237385392189026, 0.004772242624312639]
[step 0630/1000] method=baseline_cagrad loss=0.0009 train_acc=0.9880 train_loss=0.0370 val_acc=0.8592 val_loss=0.6437 router_H=0.5505 best=0.8845
           router_load=[0.46936625242233276, 0.10212289541959763, 0.4237385392189026, 0.004772242624312639]
[step 0640/1000] method=baseline_cagrad loss=0.1398 train_acc=0.9880 train_loss=0.0370 val_acc=0.8592 val_loss=0.6437 router_H=0.5505 best=0.8845
           router_load=[0.46936625242233276, 0.10212289541959763, 0.4237385392189026, 0.004772242624312639]
[step 0650/1000] method=baseline_cagrad loss=0.0003 train_acc=0.9964 train_loss=0.0105 val_acc=0.8375 val_loss=0.9692 router_H=0.4659 best=0.8845
           router_load=[0.48001396656036377, 0.007760101929306984, 0.5015072226524353, 0.010718820616602898]
[step 0660/1000] method=baseline_cagrad loss=0.0015 train_acc=0.9964 train_loss=0.0105 val_acc=0.8375 val_loss=0.9692 router_H=0.4659 best=0.8845
           router_load=[0.48001396656036377, 0.007760101929306984, 0.5015072226524353, 0.010718820616602898]
[step 0670/1000] method=baseline_cagrad loss=0.4300 train_acc=0.9964 train_loss=0.0105 val_acc=0.8375 val_loss=0.9692 router_H=0.4659 best=0.8845
           router_load=[0.48001396656036377, 0.007760101929306984, 0.5015072226524353, 0.010718820616602898]
[step 0680/1000] method=baseline_cagrad loss=0.2763 train_acc=0.9964 train_loss=0.0105 val_acc=0.8375 val_loss=0.9692 router_H=0.4659 best=0.8845
           router_load=[0.48001396656036377, 0.007760101929306984, 0.5015072226524353, 0.010718820616602898]
[step 0690/1000] method=baseline_cagrad loss=0.0593 train_acc=0.9964 train_loss=0.0105 val_acc=0.8375 val_loss=0.9692 router_H=0.4659 best=0.8845
           router_load=[0.48001396656036377, 0.007760101929306984, 0.5015072226524353, 0.010718820616602898]
[step 0700/1000] method=baseline_cagrad loss=0.0223 train_acc=0.9952 train_loss=0.0137 val_acc=0.8412 val_loss=1.0043 router_H=0.4474 best=0.8845
           router_load=[0.42098408937454224, 0.009196335449814796, 0.5559972524642944, 0.013822362758219242]
[step 0710/1000] method=baseline_cagrad loss=0.0009 train_acc=0.9952 train_loss=0.0137 val_acc=0.8412 val_loss=1.0043 router_H=0.4474 best=0.8845
           router_load=[0.42098408937454224, 0.009196335449814796, 0.5559972524642944, 0.013822362758219242]
[step 0720/1000] method=baseline_cagrad loss=0.0001 train_acc=0.9952 train_loss=0.0137 val_acc=0.8412 val_loss=1.0043 router_H=0.4474 best=0.8845
           router_load=[0.42098408937454224, 0.009196335449814796, 0.5559972524642944, 0.013822362758219242]
[step 0730/1000] method=baseline_cagrad loss=0.0003 train_acc=0.9952 train_loss=0.0137 val_acc=0.8412 val_loss=1.0043 router_H=0.4474 best=0.8845
           router_load=[0.42098408937454224, 0.009196335449814796, 0.5559972524642944, 0.013822362758219242]
[step 0740/1000] method=baseline_cagrad loss=0.0006 train_acc=0.9952 train_loss=0.0137 val_acc=0.8412 val_loss=1.0043 router_H=0.4474 best=0.8845
           router_load=[0.42098408937454224, 0.009196335449814796, 0.5559972524642944, 0.013822362758219242]
[step 0750/1000] method=baseline_cagrad loss=0.0628 train_acc=0.9948 train_loss=0.0178 val_acc=0.8556 val_loss=0.9186 router_H=0.4324 best=0.8845
           router_load=[0.5559016466140747, 0.014256855472922325, 0.42672601342201233, 0.0031154491007328033]
[step 0760/1000] method=baseline_cagrad loss=0.0001 train_acc=0.9948 train_loss=0.0178 val_acc=0.8556 val_loss=0.9186 router_H=0.4324 best=0.8845
           router_load=[0.5559016466140747, 0.014256855472922325, 0.42672601342201233, 0.0031154491007328033]
[step 0770/1000] method=baseline_cagrad loss=0.0040 train_acc=0.9948 train_loss=0.0178 val_acc=0.8556 val_loss=0.9186 router_H=0.4324 best=0.8845
           router_load=[0.5559016466140747, 0.014256855472922325, 0.42672601342201233, 0.0031154491007328033]
[step 0780/1000] method=baseline_cagrad loss=0.0001 train_acc=0.9948 train_loss=0.0178 val_acc=0.8556 val_loss=0.9186 router_H=0.4324 best=0.8845
           router_load=[0.5559016466140747, 0.014256855472922325, 0.42672601342201233, 0.0031154491007328033]
[step 0790/1000] method=baseline_cagrad loss=0.0002 train_acc=0.9948 train_loss=0.0178 val_acc=0.8556 val_loss=0.9186 router_H=0.4324 best=0.8845
           router_load=[0.5559016466140747, 0.014256855472922325, 0.42672601342201233, 0.0031154491007328033]
[step 0800/1000] method=baseline_cagrad loss=0.0001 train_acc=0.9968 train_loss=0.0092 val_acc=0.8736 val_loss=1.0114 router_H=0.3931 best=0.8845
           router_load=[0.4316709637641907, 0.009046603925526142, 0.542143702507019, 0.017138764262199402]
[step 0810/1000] method=baseline_cagrad loss=0.0005 train_acc=0.9968 train_loss=0.0092 val_acc=0.8736 val_loss=1.0114 router_H=0.3931 best=0.8845
           router_load=[0.4316709637641907, 0.009046603925526142, 0.542143702507019, 0.017138764262199402]
[step 0820/1000] method=baseline_cagrad loss=0.4107 train_acc=0.9968 train_loss=0.0092 val_acc=0.8736 val_loss=1.0114 router_H=0.3931 best=0.8845
           router_load=[0.4316709637641907, 0.009046603925526142, 0.542143702507019, 0.017138764262199402]
[step 0830/1000] method=baseline_cagrad loss=0.0001 train_acc=0.9968 train_loss=0.0092 val_acc=0.8736 val_loss=1.0114 router_H=0.3931 best=0.8845
           router_load=[0.4316709637641907, 0.009046603925526142, 0.542143702507019, 0.017138764262199402]
[step 0840/1000] method=baseline_cagrad loss=0.0000 train_acc=0.9968 train_loss=0.0092 val_acc=0.8736 val_loss=1.0114 router_H=0.3931 best=0.8845
           router_load=[0.4316709637641907, 0.009046603925526142, 0.542143702507019, 0.017138764262199402]
[step 0850/1000] method=baseline_cagrad loss=0.0147 train_acc=0.9992 train_loss=0.0057 val_acc=0.8520 val_loss=1.0580 router_H=0.3706 best=0.8845
           router_load=[0.47610849142074585, 0.007365607190877199, 0.49573856592178345, 0.02078728750348091]
[step 0860/1000] method=baseline_cagrad loss=0.0002 train_acc=0.9992 train_loss=0.0057 val_acc=0.8520 val_loss=1.0580 router_H=0.3706 best=0.8845
           router_load=[0.47610849142074585, 0.007365607190877199, 0.49573856592178345, 0.02078728750348091]
[step 0870/1000] method=baseline_cagrad loss=0.0003 train_acc=0.9992 train_loss=0.0057 val_acc=0.8520 val_loss=1.0580 router_H=0.3706 best=0.8845
           router_load=[0.47610849142074585, 0.007365607190877199, 0.49573856592178345, 0.02078728750348091]
[step 0880/1000] method=baseline_cagrad loss=0.0235 train_acc=0.9992 train_loss=0.0057 val_acc=0.8520 val_loss=1.0580 router_H=0.3706 best=0.8845
           router_load=[0.47610849142074585, 0.007365607190877199, 0.49573856592178345, 0.02078728750348091]
[step 0890/1000] method=baseline_cagrad loss=0.0000 train_acc=0.9992 train_loss=0.0057 val_acc=0.8520 val_loss=1.0580 router_H=0.3706 best=0.8845
           router_load=[0.47610849142074585, 0.007365607190877199, 0.49573856592178345, 0.02078728750348091]
[step 0900/1000] method=baseline_cagrad loss=0.0001 train_acc=0.9976 train_loss=0.0062 val_acc=0.8556 val_loss=1.1570 router_H=0.3490 best=0.8845
           router_load=[0.41153445839881897, 0.00815916620194912, 0.5465033650398254, 0.03380296751856804]
[step 0910/1000] method=baseline_cagrad loss=0.0004 train_acc=0.9976 train_loss=0.0062 val_acc=0.8556 val_loss=1.1570 router_H=0.3490 best=0.8845
           router_load=[0.41153445839881897, 0.00815916620194912, 0.5465033650398254, 0.03380296751856804]
[step 0920/1000] method=baseline_cagrad loss=0.0001 train_acc=0.9976 train_loss=0.0062 val_acc=0.8556 val_loss=1.1570 router_H=0.3490 best=0.8845
           router_load=[0.41153445839881897, 0.00815916620194912, 0.5465033650398254, 0.03380296751856804]
[step 0930/1000] method=baseline_cagrad loss=0.0001 train_acc=0.9976 train_loss=0.0062 val_acc=0.8556 val_loss=1.1570 router_H=0.3490 best=0.8845
           router_load=[0.41153445839881897, 0.00815916620194912, 0.5465033650398254, 0.03380296751856804]
[step 0940/1000] method=baseline_cagrad loss=0.0001 train_acc=0.9976 train_loss=0.0062 val_acc=0.8556 val_loss=1.1570 router_H=0.3490 best=0.8845
           router_load=[0.41153445839881897, 0.00815916620194912, 0.5465033650398254, 0.03380296751856804]
[step 0950/1000] method=baseline_cagrad loss=0.0030 train_acc=1.0000 train_loss=0.0003 val_acc=0.8448 val_loss=1.0405 router_H=0.3588 best=0.8845
           router_load=[0.4239059090614319, 0.004884007852524519, 0.5475176572799683, 0.023692358285188675]
[step 0960/1000] method=baseline_cagrad loss=0.0286 train_acc=1.0000 train_loss=0.0003 val_acc=0.8448 val_loss=1.0405 router_H=0.3588 best=0.8845
           router_load=[0.4239059090614319, 0.004884007852524519, 0.5475176572799683, 0.023692358285188675]
[step 0970/1000] method=baseline_cagrad loss=0.0000 train_acc=1.0000 train_loss=0.0003 val_acc=0.8448 val_loss=1.0405 router_H=0.3588 best=0.8845
           router_load=[0.4239059090614319, 0.004884007852524519, 0.5475176572799683, 0.023692358285188675]
[step 0980/1000] method=baseline_cagrad loss=0.0000 train_acc=1.0000 train_loss=0.0003 val_acc=0.8448 val_loss=1.0405 router_H=0.3588 best=0.8845
           router_load=[0.4239059090614319, 0.004884007852524519, 0.5475176572799683, 0.023692358285188675]
[step 0990/1000] method=baseline_cagrad loss=0.2254 train_acc=1.0000 train_loss=0.0003 val_acc=0.8448 val_loss=1.0405 router_H=0.3588 best=0.8845
           router_load=[0.4239059090614319, 0.004884007852524519, 0.5475176572799683, 0.023692358285188675]
[step 1000/1000] method=baseline_cagrad loss=0.0079 train_acc=0.9988 train_loss=0.0039 val_acc=0.8484 val_loss=1.0857 router_H=0.3149 best=0.8845
           router_load=[0.4772227108478546, 0.005398840643465519, 0.5041349530220032, 0.01324347872287035]
saved summary -> /home/zhujjing/MOE-grad-conflict-routing/runs/paper_suite/single_gpu/single_task/deberta_rte_ffn_e4_k2/final/cagrad_s2.json
saved curve -> /home/zhujjing/MOE-grad-conflict-routing/runs/paper_suite/single_gpu/single_task/deberta_rte_ffn_e4_k2/final/cagrad_s2_curve.csv
