[run] method=baseline candidate=coord_02_train_weight_decay_011 seed=5 steps=1000 gpu=0
[run] cmd=
/root/miniconda3/envs/optimization/bin/python /root/Optimization/MOE-grad-conflict-routing/scripts/run.py --config configs/singletask_cola_real.yaml --set model.backbone_backend=hf --set model.hf_load_pretrained=true --set model.backbone=roberta --set model.hf_pretrained_name=roberta-base --set model.expert_type=lora --set model.routing_mode=topk --set model.num_experts=4 --set model.top_k=2 --set seed=5 --set method.name=baseline_avg --set train.steps=1000 --set train.eval_every_steps=50 --set train.grad_clip=1 --set train.lr=1.263268742e-05 --set train.weight_decay=0.01108226147 --out /root/Optimization/MOE-grad-conflict-routing/runs/paper_suite_supplement/single_task_add_rerun/single_task/roberta_cola_lora_e4_k2/final/baseline_s5.json --curve_out /root/Optimization/MOE-grad-conflict-routing/runs/paper_suite_supplement/single_task_add_rerun/single_task/roberta_cola_lora_e4_k2/final/baseline_s5_curve.csv
Using the latest cached version of the dataset since glue couldn't be found on the Hugging Face Hub (offline mode is enabled).
Found the latest cached dataset configuration 'cola' at /root/.cache/huggingface/datasets/glue/cola/0.0.0/bcdcba79d07bc864c1c254ccfcedcce55bcc9a8c (last modified on Mon Mar 23 09:28:48 2026).
Loading weights:   0%|          | 0/197 [00:00<?, ?it/s]Loading weights: 100%|██████████| 197/197 [00:00<00:00, 2762.62it/s]
[1mRobertaModel LOAD REPORT[0m from: roberta-base
Key                             | Status     | 
--------------------------------+------------+-
lm_head.layer_norm.bias         | UNEXPECTED | 
lm_head.bias                    | UNEXPECTED | 
roberta.embeddings.position_ids | UNEXPECTED | 
lm_head.dense.weight            | UNEXPECTED | 
lm_head.dense.bias              | UNEXPECTED | 
lm_head.layer_norm.weight       | UNEXPECTED | 
pooler.dense.bias               | MISSING    | 
pooler.dense.weight             | MISSING    | 

[3mNotes:
- UNEXPECTED[3m	:can be ignored when loading from different task/architecture; not ok if you expect identical arch.
- MISSING[3m	:those params were newly initialized because missing from the checkpoint. Consider training on your downstream task.[0m
[step 0001/1000] method=baseline_avg loss=0.7187 train_acc=nan train_loss=nan val_acc=nan val_loss=nan best=-1.0000
[step 0010/1000] method=baseline_avg loss=0.6429 train_acc=nan train_loss=nan val_acc=nan val_loss=nan best=-1.0000
[step 0020/1000] method=baseline_avg loss=0.6977 train_acc=nan train_loss=nan val_acc=nan val_loss=nan best=-1.0000
[step 0030/1000] method=baseline_avg loss=0.5404 train_acc=nan train_loss=nan val_acc=nan val_loss=nan best=-1.0000
[step 0040/1000] method=baseline_avg loss=0.5172 train_acc=nan train_loss=nan val_acc=nan val_loss=nan best=-1.0000
[step 0050/1000] method=baseline_avg loss=0.2859 train_acc=0.7044 train_loss=0.5790 val_acc=0.6913 val_loss=0.6105 router_H=0.6696 best=0.6913
           router_load=[0.00031878266599960625, 0.6013931035995483, 0.3149653375148773, 0.08332280814647675]
[step 0060/1000] method=baseline_avg loss=0.4809 train_acc=0.7044 train_loss=0.5790 val_acc=0.6913 val_loss=0.6105 router_H=0.6696 best=0.6913
           router_load=[0.00031878266599960625, 0.6013931035995483, 0.3149653375148773, 0.08332280814647675]
[step 0070/1000] method=baseline_avg loss=0.5941 train_acc=0.7044 train_loss=0.5790 val_acc=0.6913 val_loss=0.6105 router_H=0.6696 best=0.6913
           router_load=[0.00031878266599960625, 0.6013931035995483, 0.3149653375148773, 0.08332280814647675]
[step 0080/1000] method=baseline_avg loss=0.3417 train_acc=0.7044 train_loss=0.5790 val_acc=0.6913 val_loss=0.6105 router_H=0.6696 best=0.6913
           router_load=[0.00031878266599960625, 0.6013931035995483, 0.3149653375148773, 0.08332280814647675]
[step 0090/1000] method=baseline_avg loss=0.4064 train_acc=0.7044 train_loss=0.5790 val_acc=0.6913 val_loss=0.6105 router_H=0.6696 best=0.6913
           router_load=[0.00031878266599960625, 0.6013931035995483, 0.3149653375148773, 0.08332280814647675]
[step 0100/1000] method=baseline_avg loss=0.4195 train_acc=0.7568 train_loss=0.6135 val_acc=0.7459 val_loss=0.6916 router_H=0.6649 best=0.7459
           router_load=[0.004984743427485228, 0.6120665669441223, 0.21080750226974487, 0.1721409559249878]
[step 0110/1000] method=baseline_avg loss=0.4609 train_acc=0.7568 train_loss=0.6135 val_acc=0.7459 val_loss=0.6916 router_H=0.6649 best=0.7459
           router_load=[0.004984743427485228, 0.6120665669441223, 0.21080750226974487, 0.1721409559249878]
[step 0120/1000] method=baseline_avg loss=0.4436 train_acc=0.7568 train_loss=0.6135 val_acc=0.7459 val_loss=0.6916 router_H=0.6649 best=0.7459
           router_load=[0.004984743427485228, 0.6120665669441223, 0.21080750226974487, 0.1721409559249878]
[step 0130/1000] method=baseline_avg loss=0.4766 train_acc=0.7568 train_loss=0.6135 val_acc=0.7459 val_loss=0.6916 router_H=0.6649 best=0.7459
           router_load=[0.004984743427485228, 0.6120665669441223, 0.21080750226974487, 0.1721409559249878]
[step 0140/1000] method=baseline_avg loss=0.5616 train_acc=0.7568 train_loss=0.6135 val_acc=0.7459 val_loss=0.6916 router_H=0.6649 best=0.7459
           router_load=[0.004984743427485228, 0.6120665669441223, 0.21080750226974487, 0.1721409559249878]
[step 0150/1000] method=baseline_avg loss=0.5321 train_acc=0.8142 train_loss=0.4310 val_acc=0.7795 val_loss=0.4973 router_H=0.6684 best=0.7795
           router_load=[0.000659689016174525, 0.6053818464279175, 0.26006725430488586, 0.13389132916927338]
[step 0160/1000] method=baseline_avg loss=0.4821 train_acc=0.8142 train_loss=0.4310 val_acc=0.7795 val_loss=0.4973 router_H=0.6684 best=0.7795
           router_load=[0.000659689016174525, 0.6053818464279175, 0.26006725430488586, 0.13389132916927338]
[step 0170/1000] method=baseline_avg loss=0.5064 train_acc=0.8142 train_loss=0.4310 val_acc=0.7795 val_loss=0.4973 router_H=0.6684 best=0.7795
           router_load=[0.000659689016174525, 0.6053818464279175, 0.26006725430488586, 0.13389132916927338]
[step 0180/1000] method=baseline_avg loss=0.5074 train_acc=0.8142 train_loss=0.4310 val_acc=0.7795 val_loss=0.4973 router_H=0.6684 best=0.7795
           router_load=[0.000659689016174525, 0.6053818464279175, 0.26006725430488586, 0.13389132916927338]
[step 0190/1000] method=baseline_avg loss=0.3353 train_acc=0.8142 train_loss=0.4310 val_acc=0.7795 val_loss=0.4973 router_H=0.6684 best=0.7795
           router_load=[0.000659689016174525, 0.6053818464279175, 0.26006725430488586, 0.13389132916927338]
[step 0200/1000] method=baseline_avg loss=0.2240 train_acc=0.7943 train_loss=0.5301 val_acc=0.7661 val_loss=0.6586 router_H=0.6720 best=0.7795
           router_load=[0.002542058937251568, 0.5973872542381287, 0.16106748580932617, 0.23900341987609863]
[step 0210/1000] method=baseline_avg loss=0.5710 train_acc=0.7943 train_loss=0.5301 val_acc=0.7661 val_loss=0.6586 router_H=0.6720 best=0.7795
           router_load=[0.002542058937251568, 0.5973872542381287, 0.16106748580932617, 0.23900341987609863]
[step 0220/1000] method=baseline_avg loss=0.5185 train_acc=0.7943 train_loss=0.5301 val_acc=0.7661 val_loss=0.6586 router_H=0.6720 best=0.7795
           router_load=[0.002542058937251568, 0.5973872542381287, 0.16106748580932617, 0.23900341987609863]
[step 0230/1000] method=baseline_avg loss=0.2719 train_acc=0.7943 train_loss=0.5301 val_acc=0.7661 val_loss=0.6586 router_H=0.6720 best=0.7795
           router_load=[0.002542058937251568, 0.5973872542381287, 0.16106748580932617, 0.23900341987609863]
[step 0240/1000] method=baseline_avg loss=0.4229 train_acc=0.7943 train_loss=0.5301 val_acc=0.7661 val_loss=0.6586 router_H=0.6720 best=0.7795
           router_load=[0.002542058937251568, 0.5973872542381287, 0.16106748580932617, 0.23900341987609863]
[step 0250/1000] method=baseline_avg loss=0.6716 train_acc=0.8455 train_loss=0.3768 val_acc=0.7987 val_loss=0.4816 router_H=0.6716 best=0.7987
           router_load=[0.00033912534127011895, 0.5989112854003906, 0.24599578976631165, 0.15475375950336456]
[step 0260/1000] method=baseline_avg loss=0.6825 train_acc=0.8455 train_loss=0.3768 val_acc=0.7987 val_loss=0.4816 router_H=0.6716 best=0.7987
           router_load=[0.00033912534127011895, 0.5989112854003906, 0.24599578976631165, 0.15475375950336456]
[step 0270/1000] method=baseline_avg loss=0.2984 train_acc=0.8455 train_loss=0.3768 val_acc=0.7987 val_loss=0.4816 router_H=0.6716 best=0.7987
           router_load=[0.00033912534127011895, 0.5989112854003906, 0.24599578976631165, 0.15475375950336456]
[step 0280/1000] method=baseline_avg loss=0.4292 train_acc=0.8455 train_loss=0.3768 val_acc=0.7987 val_loss=0.4816 router_H=0.6716 best=0.7987
           router_load=[0.00033912534127011895, 0.5989112854003906, 0.24599578976631165, 0.15475375950336456]
[step 0290/1000] method=baseline_avg loss=0.6878 train_acc=0.8455 train_loss=0.3768 val_acc=0.7987 val_loss=0.4816 router_H=0.6716 best=0.7987
           router_load=[0.00033912534127011895, 0.5989112854003906, 0.24599578976631165, 0.15475375950336456]
[step 0300/1000] method=baseline_avg loss=0.4098 train_acc=0.7928 train_loss=0.5025 val_acc=0.7728 val_loss=0.6032 router_H=0.6728 best=0.7987
           router_load=[0.0003422801964916289, 0.5959679484367371, 0.1928035467863083, 0.2108861356973648]
[step 0310/1000] method=baseline_avg loss=0.4883 train_acc=0.7928 train_loss=0.5025 val_acc=0.7728 val_loss=0.6032 router_H=0.6728 best=0.7987
           router_load=[0.0003422801964916289, 0.5959679484367371, 0.1928035467863083, 0.2108861356973648]
[step 0320/1000] method=baseline_avg loss=0.4038 train_acc=0.7928 train_loss=0.5025 val_acc=0.7728 val_loss=0.6032 router_H=0.6728 best=0.7987
           router_load=[0.0003422801964916289, 0.5959679484367371, 0.1928035467863083, 0.2108861356973648]
[step 0330/1000] method=baseline_avg loss=0.9094 train_acc=0.7928 train_loss=0.5025 val_acc=0.7728 val_loss=0.6032 router_H=0.6728 best=0.7987
           router_load=[0.0003422801964916289, 0.5959679484367371, 0.1928035467863083, 0.2108861356973648]
[step 0340/1000] method=baseline_avg loss=0.3631 train_acc=0.7928 train_loss=0.5025 val_acc=0.7728 val_loss=0.6032 router_H=0.6728 best=0.7987
           router_load=[0.0003422801964916289, 0.5959679484367371, 0.1928035467863083, 0.2108861356973648]
[step 0350/1000] method=baseline_avg loss=0.3377 train_acc=0.8482 train_loss=0.3757 val_acc=0.7967 val_loss=0.5092 router_H=0.6732 best=0.7987
           router_load=[0.0, 0.5944490432739258, 0.17963118851184845, 0.225919708609581]
[step 0360/1000] method=baseline_avg loss=0.2096 train_acc=0.8482 train_loss=0.3757 val_acc=0.7967 val_loss=0.5092 router_H=0.6732 best=0.7987
           router_load=[0.0, 0.5944490432739258, 0.17963118851184845, 0.225919708609581]
[step 0370/1000] method=baseline_avg loss=0.4770 train_acc=0.8482 train_loss=0.3757 val_acc=0.7967 val_loss=0.5092 router_H=0.6732 best=0.7987
           router_load=[0.0, 0.5944490432739258, 0.17963118851184845, 0.225919708609581]
[step 0380/1000] method=baseline_avg loss=0.1750 train_acc=0.8482 train_loss=0.3757 val_acc=0.7967 val_loss=0.5092 router_H=0.6732 best=0.7987
           router_load=[0.0, 0.5944490432739258, 0.17963118851184845, 0.225919708609581]
[step 0390/1000] method=baseline_avg loss=0.4129 train_acc=0.8482 train_loss=0.3757 val_acc=0.7967 val_loss=0.5092 router_H=0.6732 best=0.7987
           router_load=[0.0, 0.5944490432739258, 0.17963118851184845, 0.225919708609581]
[step 0400/1000] method=baseline_avg loss=0.6226 train_acc=0.8524 train_loss=0.4006 val_acc=0.8006 val_loss=0.5947 router_H=0.6716 best=0.8006
           router_load=[0.00029985542641952634, 0.5962631106376648, 0.09788673371076584, 0.3055504262447357]
[step 0410/1000] method=baseline_avg loss=0.5044 train_acc=0.8524 train_loss=0.4006 val_acc=0.8006 val_loss=0.5947 router_H=0.6716 best=0.8006
           router_load=[0.00029985542641952634, 0.5962631106376648, 0.09788673371076584, 0.3055504262447357]
[step 0420/1000] method=baseline_avg loss=0.2308 train_acc=0.8524 train_loss=0.4006 val_acc=0.8006 val_loss=0.5947 router_H=0.6716 best=0.8006
           router_load=[0.00029985542641952634, 0.5962631106376648, 0.09788673371076584, 0.3055504262447357]
[step 0430/1000] method=baseline_avg loss=0.2838 train_acc=0.8524 train_loss=0.4006 val_acc=0.8006 val_loss=0.5947 router_H=0.6716 best=0.8006
           router_load=[0.00029985542641952634, 0.5962631106376648, 0.09788673371076584, 0.3055504262447357]
[step 0440/1000] method=baseline_avg loss=0.4472 train_acc=0.8524 train_loss=0.4006 val_acc=0.8006 val_loss=0.5947 router_H=0.6716 best=0.8006
           router_load=[0.00029985542641952634, 0.5962631106376648, 0.09788673371076584, 0.3055504262447357]
[step 0450/1000] method=baseline_avg loss=0.2480 train_acc=0.8538 train_loss=0.3716 val_acc=0.7919 val_loss=0.5329 router_H=0.6707 best=0.8006
           router_load=[0.0006712088361382484, 0.6007794141769409, 0.15915751457214355, 0.23939190804958344]
[step 0460/1000] method=baseline_avg loss=0.4836 train_acc=0.8538 train_loss=0.3716 val_acc=0.7919 val_loss=0.5329 router_H=0.6707 best=0.8006
           router_load=[0.0006712088361382484, 0.6007794141769409, 0.15915751457214355, 0.23939190804958344]
[step 0470/1000] method=baseline_avg loss=0.6375 train_acc=0.8538 train_loss=0.3716 val_acc=0.7919 val_loss=0.5329 router_H=0.6707 best=0.8006
           router_load=[0.0006712088361382484, 0.6007794141769409, 0.15915751457214355, 0.23939190804958344]
[step 0480/1000] method=baseline_avg loss=0.3452 train_acc=0.8538 train_loss=0.3716 val_acc=0.7919 val_loss=0.5329 router_H=0.6707 best=0.8006
           router_load=[0.0006712088361382484, 0.6007794141769409, 0.15915751457214355, 0.23939190804958344]
[step 0490/1000] method=baseline_avg loss=0.3552 train_acc=0.8538 train_loss=0.3716 val_acc=0.7919 val_loss=0.5329 router_H=0.6707 best=0.8006
           router_load=[0.0006712088361382484, 0.6007794141769409, 0.15915751457214355, 0.23939190804958344]
[step 0500/1000] method=baseline_avg loss=0.4016 train_acc=0.8631 train_loss=0.3504 val_acc=0.7939 val_loss=0.5156 router_H=0.6677 best=0.8006
           router_load=[0.0003420525463297963, 0.6074174046516418, 0.17062856256961823, 0.22161199152469635]
[step 0510/1000] method=baseline_avg loss=0.4139 train_acc=0.8631 train_loss=0.3504 val_acc=0.7939 val_loss=0.5156 router_H=0.6677 best=0.8006
           router_load=[0.0003420525463297963, 0.6074174046516418, 0.17062856256961823, 0.22161199152469635]
[step 0520/1000] method=baseline_avg loss=0.2877 train_acc=0.8631 train_loss=0.3504 val_acc=0.7939 val_loss=0.5156 router_H=0.6677 best=0.8006
           router_load=[0.0003420525463297963, 0.6074174046516418, 0.17062856256961823, 0.22161199152469635]
[step 0530/1000] method=baseline_avg loss=0.3824 train_acc=0.8631 train_loss=0.3504 val_acc=0.7939 val_loss=0.5156 router_H=0.6677 best=0.8006
           router_load=[0.0003420525463297963, 0.6074174046516418, 0.17062856256961823, 0.22161199152469635]
[step 0540/1000] method=baseline_avg loss=0.6689 train_acc=0.8631 train_loss=0.3504 val_acc=0.7939 val_loss=0.5156 router_H=0.6677 best=0.8006
           router_load=[0.0003420525463297963, 0.6074174046516418, 0.17062856256961823, 0.22161199152469635]
[step 0550/1000] method=baseline_avg loss=0.1281 train_acc=0.8880 train_loss=0.3110 val_acc=0.8198 val_loss=0.5207 router_H=0.6660 best=0.8198
           router_load=[0.0006703425315208733, 0.6111050248146057, 0.14306145906448364, 0.2451632022857666]
[step 0560/1000] method=baseline_avg loss=0.3341 train_acc=0.8880 train_loss=0.3110 val_acc=0.8198 val_loss=0.5207 router_H=0.6660 best=0.8198
           router_load=[0.0006703425315208733, 0.6111050248146057, 0.14306145906448364, 0.2451632022857666]
[step 0570/1000] method=baseline_avg loss=0.3096 train_acc=0.8880 train_loss=0.3110 val_acc=0.8198 val_loss=0.5207 router_H=0.6660 best=0.8198
           router_load=[0.0006703425315208733, 0.6111050248146057, 0.14306145906448364, 0.2451632022857666]
[step 0580/1000] method=baseline_avg loss=0.6574 train_acc=0.8880 train_loss=0.3110 val_acc=0.8198 val_loss=0.5207 router_H=0.6660 best=0.8198
           router_load=[0.0006703425315208733, 0.6111050248146057, 0.14306145906448364, 0.2451632022857666]
[step 0590/1000] method=baseline_avg loss=0.2966 train_acc=0.8880 train_loss=0.3110 val_acc=0.8198 val_loss=0.5207 router_H=0.6660 best=0.8198
           router_load=[0.0006703425315208733, 0.6111050248146057, 0.14306145906448364, 0.2451632022857666]
[step 0600/1000] method=baseline_avg loss=0.6913 train_acc=0.8559 train_loss=0.3644 val_acc=0.7939 val_loss=0.5835 router_H=0.6737 best=0.8198
           router_load=[0.0, 0.5912247896194458, 0.10890190303325653, 0.29987311363220215]
[step 0610/1000] method=baseline_avg loss=0.2379 train_acc=0.8559 train_loss=0.3644 val_acc=0.7939 val_loss=0.5835 router_H=0.6737 best=0.8198
           router_load=[0.0, 0.5912247896194458, 0.10890190303325653, 0.29987311363220215]
[step 0620/1000] method=baseline_avg loss=0.1772 train_acc=0.8559 train_loss=0.3644 val_acc=0.7939 val_loss=0.5835 router_H=0.6737 best=0.8198
           router_load=[0.0, 0.5912247896194458, 0.10890190303325653, 0.29987311363220215]
[step 0630/1000] method=baseline_avg loss=0.0529 train_acc=0.8559 train_loss=0.3644 val_acc=0.7939 val_loss=0.5835 router_H=0.6737 best=0.8198
           router_load=[0.0, 0.5912247896194458, 0.10890190303325653, 0.29987311363220215]
[step 0640/1000] method=baseline_avg loss=0.2672 train_acc=0.8559 train_loss=0.3644 val_acc=0.7939 val_loss=0.5835 router_H=0.6737 best=0.8198
           router_load=[0.0, 0.5912247896194458, 0.10890190303325653, 0.29987311363220215]
[step 0650/1000] method=baseline_avg loss=0.3223 train_acc=0.9140 train_loss=0.2399 val_acc=0.8274 val_loss=0.4869 router_H=0.6623 best=0.8274
           router_load=[0.0003203308442607522, 0.6165180802345276, 0.1652735471725464, 0.2178879976272583]
[step 0660/1000] method=baseline_avg loss=0.4553 train_acc=0.9140 train_loss=0.2399 val_acc=0.8274 val_loss=0.4869 router_H=0.6623 best=0.8274
           router_load=[0.0003203308442607522, 0.6165180802345276, 0.1652735471725464, 0.2178879976272583]
[step 0670/1000] method=baseline_avg loss=0.3006 train_acc=0.9140 train_loss=0.2399 val_acc=0.8274 val_loss=0.4869 router_H=0.6623 best=0.8274
           router_load=[0.0003203308442607522, 0.6165180802345276, 0.1652735471725464, 0.2178879976272583]
[step 0680/1000] method=baseline_avg loss=0.3782 train_acc=0.9140 train_loss=0.2399 val_acc=0.8274 val_loss=0.4869 router_H=0.6623 best=0.8274
           router_load=[0.0003203308442607522, 0.6165180802345276, 0.1652735471725464, 0.2178879976272583]
[step 0690/1000] method=baseline_avg loss=0.2789 train_acc=0.9140 train_loss=0.2399 val_acc=0.8274 val_loss=0.4869 router_H=0.6623 best=0.8274
           router_load=[0.0003203308442607522, 0.6165180802345276, 0.1652735471725464, 0.2178879976272583]
[step 0700/1000] method=baseline_avg loss=0.2183 train_acc=0.9049 train_loss=0.2514 val_acc=0.8236 val_loss=0.4482 router_H=0.6675 best=0.8274
           router_load=[0.00035831567947752774, 0.6059272289276123, 0.18804045021533966, 0.20567400753498077]
[step 0710/1000] method=baseline_avg loss=0.7116 train_acc=0.9049 train_loss=0.2514 val_acc=0.8236 val_loss=0.4482 router_H=0.6675 best=0.8274
           router_load=[0.00035831567947752774, 0.6059272289276123, 0.18804045021533966, 0.20567400753498077]
[step 0720/1000] method=baseline_avg loss=0.1801 train_acc=0.9049 train_loss=0.2514 val_acc=0.8236 val_loss=0.4482 router_H=0.6675 best=0.8274
           router_load=[0.00035831567947752774, 0.6059272289276123, 0.18804045021533966, 0.20567400753498077]
[step 0730/1000] method=baseline_avg loss=0.7605 train_acc=0.9049 train_loss=0.2514 val_acc=0.8236 val_loss=0.4482 router_H=0.6675 best=0.8274
           router_load=[0.00035831567947752774, 0.6059272289276123, 0.18804045021533966, 0.20567400753498077]
[step 0740/1000] method=baseline_avg loss=0.6329 train_acc=0.9049 train_loss=0.2514 val_acc=0.8236 val_loss=0.4482 router_H=0.6675 best=0.8274
           router_load=[0.00035831567947752774, 0.6059272289276123, 0.18804045021533966, 0.20567400753498077]
[step 0750/1000] method=baseline_avg loss=0.1517 train_acc=0.9056 train_loss=0.2609 val_acc=0.8169 val_loss=0.5113 router_H=0.6657 best=0.8274
           router_load=[0.0010634423233568668, 0.6099316477775574, 0.14360861480236053, 0.24539639055728912]
[step 0760/1000] method=baseline_avg loss=0.0934 train_acc=0.9056 train_loss=0.2609 val_acc=0.8169 val_loss=0.5113 router_H=0.6657 best=0.8274
           router_load=[0.0010634423233568668, 0.6099316477775574, 0.14360861480236053, 0.24539639055728912]
[step 0770/1000] method=baseline_avg loss=0.5191 train_acc=0.9056 train_loss=0.2609 val_acc=0.8169 val_loss=0.5113 router_H=0.6657 best=0.8274
           router_load=[0.0010634423233568668, 0.6099316477775574, 0.14360861480236053, 0.24539639055728912]
[step 0780/1000] method=baseline_avg loss=0.1933 train_acc=0.9056 train_loss=0.2609 val_acc=0.8169 val_loss=0.5113 router_H=0.6657 best=0.8274
           router_load=[0.0010634423233568668, 0.6099316477775574, 0.14360861480236053, 0.24539639055728912]
[step 0790/1000] method=baseline_avg loss=0.1572 train_acc=0.9056 train_loss=0.2609 val_acc=0.8169 val_loss=0.5113 router_H=0.6657 best=0.8274
           router_load=[0.0010634423233568668, 0.6099316477775574, 0.14360861480236053, 0.24539639055728912]
[step 0800/1000] method=baseline_avg loss=0.2611 train_acc=0.8723 train_loss=0.3148 val_acc=0.8025 val_loss=0.5637 router_H=0.6711 best=0.8274
           router_load=[0.0, 0.5972974300384521, 0.13461342453956604, 0.2680891156196594]
[step 0810/1000] method=baseline_avg loss=0.1293 train_acc=0.8723 train_loss=0.3148 val_acc=0.8025 val_loss=0.5637 router_H=0.6711 best=0.8274
           router_load=[0.0, 0.5972974300384521, 0.13461342453956604, 0.2680891156196594]
[step 0820/1000] method=baseline_avg loss=0.1432 train_acc=0.8723 train_loss=0.3148 val_acc=0.8025 val_loss=0.5637 router_H=0.6711 best=0.8274
           router_load=[0.0, 0.5972974300384521, 0.13461342453956604, 0.2680891156196594]
[step 0830/1000] method=baseline_avg loss=0.2836 train_acc=0.8723 train_loss=0.3148 val_acc=0.8025 val_loss=0.5637 router_H=0.6711 best=0.8274
           router_load=[0.0, 0.5972974300384521, 0.13461342453956604, 0.2680891156196594]
[step 0840/1000] method=baseline_avg loss=0.5548 train_acc=0.8723 train_loss=0.3148 val_acc=0.8025 val_loss=0.5637 router_H=0.6711 best=0.8274
           router_load=[0.0, 0.5972974300384521, 0.13461342453956604, 0.2680891156196594]
[step 0850/1000] method=baseline_avg loss=0.2544 train_acc=0.9253 train_loss=0.2186 val_acc=0.8188 val_loss=0.5234 router_H=0.6645 best=0.8274
           router_load=[0.001102111185900867, 0.6107004880905151, 0.14063669741153717, 0.24756072461605072]
[step 0860/1000] method=baseline_avg loss=0.1077 train_acc=0.9253 train_loss=0.2186 val_acc=0.8188 val_loss=0.5234 router_H=0.6645 best=0.8274
           router_load=[0.001102111185900867, 0.6107004880905151, 0.14063669741153717, 0.24756072461605072]
[step 0870/1000] method=baseline_avg loss=0.4994 train_acc=0.9253 train_loss=0.2186 val_acc=0.8188 val_loss=0.5234 router_H=0.6645 best=0.8274
           router_load=[0.001102111185900867, 0.6107004880905151, 0.14063669741153717, 0.24756072461605072]
[step 0880/1000] method=baseline_avg loss=0.1410 train_acc=0.9253 train_loss=0.2186 val_acc=0.8188 val_loss=0.5234 router_H=0.6645 best=0.8274
           router_load=[0.001102111185900867, 0.6107004880905151, 0.14063669741153717, 0.24756072461605072]
[step 0890/1000] method=baseline_avg loss=0.1485 train_acc=0.9253 train_loss=0.2186 val_acc=0.8188 val_loss=0.5234 router_H=0.6645 best=0.8274
           router_load=[0.001102111185900867, 0.6107004880905151, 0.14063669741153717, 0.24756072461605072]
[step 0900/1000] method=baseline_avg loss=0.1508 train_acc=0.9270 train_loss=0.2102 val_acc=0.8293 val_loss=0.4837 router_H=0.6645 best=0.8293
           router_load=[0.0014471642207354307, 0.6101512312889099, 0.1294841170310974, 0.25891751050949097]
[step 0910/1000] method=baseline_avg loss=0.0799 train_acc=0.9270 train_loss=0.2102 val_acc=0.8293 val_loss=0.4837 router_H=0.6645 best=0.8293
           router_load=[0.0014471642207354307, 0.6101512312889099, 0.1294841170310974, 0.25891751050949097]
[step 0920/1000] method=baseline_avg loss=0.0289 train_acc=0.9270 train_loss=0.2102 val_acc=0.8293 val_loss=0.4837 router_H=0.6645 best=0.8293
           router_load=[0.0014471642207354307, 0.6101512312889099, 0.1294841170310974, 0.25891751050949097]
[step 0930/1000] method=baseline_avg loss=0.3564 train_acc=0.9270 train_loss=0.2102 val_acc=0.8293 val_loss=0.4837 router_H=0.6645 best=0.8293
           router_load=[0.0014471642207354307, 0.6101512312889099, 0.1294841170310974, 0.25891751050949097]
[step 0940/1000] method=baseline_avg loss=0.4350 train_acc=0.9270 train_loss=0.2102 val_acc=0.8293 val_loss=0.4837 router_H=0.6645 best=0.8293
           router_load=[0.0014471642207354307, 0.6101512312889099, 0.1294841170310974, 0.25891751050949097]
[step 0950/1000] method=baseline_avg loss=0.2943 train_acc=0.9318 train_loss=0.1993 val_acc=0.8341 val_loss=0.4382 router_H=0.6739 best=0.8341
           router_load=[0.0, 0.5889304280281067, 0.18968182802200317, 0.22138789296150208]
[step 0960/1000] method=baseline_avg loss=0.2077 train_acc=0.9318 train_loss=0.1993 val_acc=0.8341 val_loss=0.4382 router_H=0.6739 best=0.8341
           router_load=[0.0, 0.5889304280281067, 0.18968182802200317, 0.22138789296150208]
[step 0970/1000] method=baseline_avg loss=0.4151 train_acc=0.9318 train_loss=0.1993 val_acc=0.8341 val_loss=0.4382 router_H=0.6739 best=0.8341
           router_load=[0.0, 0.5889304280281067, 0.18968182802200317, 0.22138789296150208]
[step 0980/1000] method=baseline_avg loss=0.3106 train_acc=0.9318 train_loss=0.1993 val_acc=0.8341 val_loss=0.4382 router_H=0.6739 best=0.8341
           router_load=[0.0, 0.5889304280281067, 0.18968182802200317, 0.22138789296150208]
[step 0990/1000] method=baseline_avg loss=0.4155 train_acc=0.9318 train_loss=0.1993 val_acc=0.8341 val_loss=0.4382 router_H=0.6739 best=0.8341
           router_load=[0.0, 0.5889304280281067, 0.18968182802200317, 0.22138789296150208]
[step 1000/1000] method=baseline_avg loss=0.4622 train_acc=0.9379 train_loss=0.1848 val_acc=0.8408 val_loss=0.5039 router_H=0.6690 best=0.8408
           router_load=[0.0004066161054652184, 0.5997999310493469, 0.17555201053619385, 0.22424140572547913]
saved summary -> /root/Optimization/MOE-grad-conflict-routing/runs/paper_suite_supplement/single_task_add_rerun/single_task/roberta_cola_lora_e4_k2/final/baseline_s5.json
saved curve -> /root/Optimization/MOE-grad-conflict-routing/runs/paper_suite_supplement/single_task_add_rerun/single_task/roberta_cola_lora_e4_k2/final/baseline_s5_curve.csv
