[run] method=baseline candidate=coord_02_train_weight_decay_011 seed=7 steps=1000 gpu=0
[run] cmd=
/root/miniconda3/envs/optimization/bin/python /root/Optimization/MOE-grad-conflict-routing/scripts/run.py --config configs/singletask_cola_real.yaml --set model.backbone_backend=hf --set model.hf_load_pretrained=true --set model.backbone=roberta --set model.hf_pretrained_name=roberta-base --set model.expert_type=lora --set model.routing_mode=topk --set model.num_experts=4 --set model.top_k=2 --set seed=7 --set method.name=baseline_avg --set train.steps=1000 --set train.eval_every_steps=50 --set train.grad_clip=1 --set train.lr=1.263268742e-05 --set train.weight_decay=0.01108226147 --out /root/Optimization/MOE-grad-conflict-routing/runs/paper_suite_supplement/single_task_add_rerun/single_task/roberta_cola_lora_e4_k2/final/baseline_s7.json --curve_out /root/Optimization/MOE-grad-conflict-routing/runs/paper_suite_supplement/single_task_add_rerun/single_task/roberta_cola_lora_e4_k2/final/baseline_s7_curve.csv
Using the latest cached version of the dataset since glue couldn't be found on the Hugging Face Hub (offline mode is enabled).
Found the latest cached dataset configuration 'cola' at /root/.cache/huggingface/datasets/glue/cola/0.0.0/bcdcba79d07bc864c1c254ccfcedcce55bcc9a8c (last modified on Mon Mar 23 09:28:48 2026).
Loading weights:   0%|          | 0/197 [00:00<?, ?it/s]Loading weights: 100%|██████████| 197/197 [00:00<00:00, 2531.00it/s]
[1mRobertaModel LOAD REPORT[0m from: roberta-base
Key                             | Status     | 
--------------------------------+------------+-
lm_head.layer_norm.bias         | UNEXPECTED | 
lm_head.bias                    | UNEXPECTED | 
lm_head.dense.bias              | UNEXPECTED | 
lm_head.dense.weight            | UNEXPECTED | 
roberta.embeddings.position_ids | UNEXPECTED | 
lm_head.layer_norm.weight       | UNEXPECTED | 
pooler.dense.weight             | MISSING    | 
pooler.dense.bias               | MISSING    | 

[3mNotes:
- UNEXPECTED[3m	:can be ignored when loading from different task/architecture; not ok if you expect identical arch.
- MISSING[3m	:those params were newly initialized because missing from the checkpoint. Consider training on your downstream task.[0m
[step 0001/1000] method=baseline_avg loss=0.6898 train_acc=nan train_loss=nan val_acc=nan val_loss=nan best=-1.0000
[step 0010/1000] method=baseline_avg loss=0.6916 train_acc=nan train_loss=nan val_acc=nan val_loss=nan best=-1.0000
[step 0020/1000] method=baseline_avg loss=0.4435 train_acc=nan train_loss=nan val_acc=nan val_loss=nan best=-1.0000
[step 0030/1000] method=baseline_avg loss=0.8164 train_acc=nan train_loss=nan val_acc=nan val_loss=nan best=-1.0000
[step 0040/1000] method=baseline_avg loss=0.6159 train_acc=nan train_loss=nan val_acc=nan val_loss=nan best=-1.0000
[step 0050/1000] method=baseline_avg loss=0.4910 train_acc=0.7044 train_loss=0.5950 val_acc=0.6913 val_loss=0.6261 router_H=0.6897 best=0.6913
           router_load=[0.0, 0.1170927882194519, 0.5248301029205322, 0.3580770492553711]
[step 0060/1000] method=baseline_avg loss=0.6528 train_acc=0.7044 train_loss=0.5950 val_acc=0.6913 val_loss=0.6261 router_H=0.6897 best=0.6913
           router_load=[0.0, 0.1170927882194519, 0.5248301029205322, 0.3580770492553711]
[step 0070/1000] method=baseline_avg loss=0.4952 train_acc=0.7044 train_loss=0.5950 val_acc=0.6913 val_loss=0.6261 router_H=0.6897 best=0.6913
           router_load=[0.0, 0.1170927882194519, 0.5248301029205322, 0.3580770492553711]
[step 0080/1000] method=baseline_avg loss=0.7933 train_acc=0.7044 train_loss=0.5950 val_acc=0.6913 val_loss=0.6261 router_H=0.6897 best=0.6913
           router_load=[0.0, 0.1170927882194519, 0.5248301029205322, 0.3580770492553711]
[step 0090/1000] method=baseline_avg loss=0.5319 train_acc=0.7044 train_loss=0.5950 val_acc=0.6913 val_loss=0.6261 router_H=0.6897 best=0.6913
           router_load=[0.0, 0.1170927882194519, 0.5248301029205322, 0.3580770492553711]
[step 0100/1000] method=baseline_avg loss=0.5782 train_acc=0.7626 train_loss=0.5002 val_acc=0.7565 val_loss=0.5532 router_H=0.6896 best=0.7565
           router_load=[0.0, 0.1005888283252716, 0.5222076177597046, 0.37720364332199097]
[step 0110/1000] method=baseline_avg loss=0.4498 train_acc=0.7626 train_loss=0.5002 val_acc=0.7565 val_loss=0.5532 router_H=0.6896 best=0.7565
           router_load=[0.0, 0.1005888283252716, 0.5222076177597046, 0.37720364332199097]
[step 0120/1000] method=baseline_avg loss=0.4987 train_acc=0.7626 train_loss=0.5002 val_acc=0.7565 val_loss=0.5532 router_H=0.6896 best=0.7565
           router_load=[0.0, 0.1005888283252716, 0.5222076177597046, 0.37720364332199097]
[step 0130/1000] method=baseline_avg loss=0.5897 train_acc=0.7626 train_loss=0.5002 val_acc=0.7565 val_loss=0.5532 router_H=0.6896 best=0.7565
           router_load=[0.0, 0.1005888283252716, 0.5222076177597046, 0.37720364332199097]
[step 0140/1000] method=baseline_avg loss=0.4386 train_acc=0.7626 train_loss=0.5002 val_acc=0.7565 val_loss=0.5532 router_H=0.6896 best=0.7565
           router_load=[0.0, 0.1005888283252716, 0.5222076177597046, 0.37720364332199097]
[step 0150/1000] method=baseline_avg loss=0.5222 train_acc=0.8221 train_loss=0.4204 val_acc=0.7833 val_loss=0.4848 router_H=0.6907 best=0.7833
           router_load=[0.0, 0.12713207304477692, 0.48208537697792053, 0.39078253507614136]
[step 0160/1000] method=baseline_avg loss=0.4004 train_acc=0.8221 train_loss=0.4204 val_acc=0.7833 val_loss=0.4848 router_H=0.6907 best=0.7833
           router_load=[0.0, 0.12713207304477692, 0.48208537697792053, 0.39078253507614136]
[step 0170/1000] method=baseline_avg loss=0.4834 train_acc=0.8221 train_loss=0.4204 val_acc=0.7833 val_loss=0.4848 router_H=0.6907 best=0.7833
           router_load=[0.0, 0.12713207304477692, 0.48208537697792053, 0.39078253507614136]
[step 0180/1000] method=baseline_avg loss=0.5365 train_acc=0.8221 train_loss=0.4204 val_acc=0.7833 val_loss=0.4848 router_H=0.6907 best=0.7833
           router_load=[0.0, 0.12713207304477692, 0.48208537697792053, 0.39078253507614136]
[step 0190/1000] method=baseline_avg loss=0.3473 train_acc=0.8221 train_loss=0.4204 val_acc=0.7833 val_loss=0.4848 router_H=0.6907 best=0.7833
           router_load=[0.0, 0.12713207304477692, 0.48208537697792053, 0.39078253507614136]
[step 0200/1000] method=baseline_avg loss=0.6997 train_acc=0.8366 train_loss=0.3898 val_acc=0.7891 val_loss=0.4490 router_H=0.6908 best=0.7891
           router_load=[0.0, 0.13683904707431793, 0.4871646761894226, 0.3759962022304535]
[step 0210/1000] method=baseline_avg loss=0.4875 train_acc=0.8366 train_loss=0.3898 val_acc=0.7891 val_loss=0.4490 router_H=0.6908 best=0.7891
           router_load=[0.0, 0.13683904707431793, 0.4871646761894226, 0.3759962022304535]
[step 0220/1000] method=baseline_avg loss=0.4647 train_acc=0.8366 train_loss=0.3898 val_acc=0.7891 val_loss=0.4490 router_H=0.6908 best=0.7891
           router_load=[0.0, 0.13683904707431793, 0.4871646761894226, 0.3759962022304535]
[step 0230/1000] method=baseline_avg loss=0.7682 train_acc=0.8366 train_loss=0.3898 val_acc=0.7891 val_loss=0.4490 router_H=0.6908 best=0.7891
           router_load=[0.0, 0.13683904707431793, 0.4871646761894226, 0.3759962022304535]
[step 0240/1000] method=baseline_avg loss=0.5381 train_acc=0.8366 train_loss=0.3898 val_acc=0.7891 val_loss=0.4490 router_H=0.6908 best=0.7891
           router_load=[0.0, 0.13683904707431793, 0.4871646761894226, 0.3759962022304535]
[step 0250/1000] method=baseline_avg loss=0.4051 train_acc=0.8475 train_loss=0.3739 val_acc=0.7919 val_loss=0.4455 router_H=0.6912 best=0.7919
           router_load=[0.0, 0.2004700005054474, 0.44033530354499817, 0.359194815158844]
[step 0260/1000] method=baseline_avg loss=0.7273 train_acc=0.8475 train_loss=0.3739 val_acc=0.7919 val_loss=0.4455 router_H=0.6912 best=0.7919
           router_load=[0.0, 0.2004700005054474, 0.44033530354499817, 0.359194815158844]
[step 0270/1000] method=baseline_avg loss=0.5785 train_acc=0.8475 train_loss=0.3739 val_acc=0.7919 val_loss=0.4455 router_H=0.6912 best=0.7919
           router_load=[0.0, 0.2004700005054474, 0.44033530354499817, 0.359194815158844]
[step 0280/1000] method=baseline_avg loss=0.5968 train_acc=0.8475 train_loss=0.3739 val_acc=0.7919 val_loss=0.4455 router_H=0.6912 best=0.7919
           router_load=[0.0, 0.2004700005054474, 0.44033530354499817, 0.359194815158844]
[step 0290/1000] method=baseline_avg loss=0.4913 train_acc=0.8475 train_loss=0.3739 val_acc=0.7919 val_loss=0.4455 router_H=0.6912 best=0.7919
           router_load=[0.0, 0.2004700005054474, 0.44033530354499817, 0.359194815158844]
[step 0300/1000] method=baseline_avg loss=0.7720 train_acc=0.8528 train_loss=0.3615 val_acc=0.8025 val_loss=0.4624 router_H=0.6910 best=0.8025
           router_load=[0.0, 0.15873436629772186, 0.4654600918292999, 0.37580543756484985]
[step 0310/1000] method=baseline_avg loss=0.3356 train_acc=0.8528 train_loss=0.3615 val_acc=0.8025 val_loss=0.4624 router_H=0.6910 best=0.8025
           router_load=[0.0, 0.15873436629772186, 0.4654600918292999, 0.37580543756484985]
[step 0320/1000] method=baseline_avg loss=0.5335 train_acc=0.8528 train_loss=0.3615 val_acc=0.8025 val_loss=0.4624 router_H=0.6910 best=0.8025
           router_load=[0.0, 0.15873436629772186, 0.4654600918292999, 0.37580543756484985]
[step 0330/1000] method=baseline_avg loss=0.6053 train_acc=0.8528 train_loss=0.3615 val_acc=0.8025 val_loss=0.4624 router_H=0.6910 best=0.8025
           router_load=[0.0, 0.15873436629772186, 0.4654600918292999, 0.37580543756484985]
[step 0340/1000] method=baseline_avg loss=0.5752 train_acc=0.8528 train_loss=0.3615 val_acc=0.8025 val_loss=0.4624 router_H=0.6910 best=0.8025
           router_load=[0.0, 0.15873436629772186, 0.4654600918292999, 0.37580543756484985]
[step 0350/1000] method=baseline_avg loss=0.4405 train_acc=0.8370 train_loss=0.4081 val_acc=0.8025 val_loss=0.5262 router_H=0.6915 best=0.8025
           router_load=[0.0, 0.22302155196666718, 0.4261365830898285, 0.35084185004234314]
[step 0360/1000] method=baseline_avg loss=0.3247 train_acc=0.8370 train_loss=0.4081 val_acc=0.8025 val_loss=0.5262 router_H=0.6915 best=0.8025
           router_load=[0.0, 0.22302155196666718, 0.4261365830898285, 0.35084185004234314]
[step 0370/1000] method=baseline_avg loss=0.6234 train_acc=0.8370 train_loss=0.4081 val_acc=0.8025 val_loss=0.5262 router_H=0.6915 best=0.8025
           router_load=[0.0, 0.22302155196666718, 0.4261365830898285, 0.35084185004234314]
[step 0380/1000] method=baseline_avg loss=0.1642 train_acc=0.8370 train_loss=0.4081 val_acc=0.8025 val_loss=0.5262 router_H=0.6915 best=0.8025
           router_load=[0.0, 0.22302155196666718, 0.4261365830898285, 0.35084185004234314]
[step 0390/1000] method=baseline_avg loss=0.5588 train_acc=0.8370 train_loss=0.4081 val_acc=0.8025 val_loss=0.5262 router_H=0.6915 best=0.8025
           router_load=[0.0, 0.22302155196666718, 0.4261365830898285, 0.35084185004234314]
[step 0400/1000] method=baseline_avg loss=0.5351 train_acc=0.8450 train_loss=0.3579 val_acc=0.7987 val_loss=0.4532 router_H=0.6909 best=0.8025
           router_load=[0.0, 0.13995133340358734, 0.494815468788147, 0.36523330211639404]
[step 0410/1000] method=baseline_avg loss=0.3318 train_acc=0.8450 train_loss=0.3579 val_acc=0.7987 val_loss=0.4532 router_H=0.6909 best=0.8025
           router_load=[0.0, 0.13995133340358734, 0.494815468788147, 0.36523330211639404]
[step 0420/1000] method=baseline_avg loss=0.3311 train_acc=0.8450 train_loss=0.3579 val_acc=0.7987 val_loss=0.4532 router_H=0.6909 best=0.8025
           router_load=[0.0, 0.13995133340358734, 0.494815468788147, 0.36523330211639404]
[step 0430/1000] method=baseline_avg loss=0.3564 train_acc=0.8450 train_loss=0.3579 val_acc=0.7987 val_loss=0.4532 router_H=0.6909 best=0.8025
           router_load=[0.0, 0.13995133340358734, 0.494815468788147, 0.36523330211639404]
[step 0440/1000] method=baseline_avg loss=0.3874 train_acc=0.8450 train_loss=0.3579 val_acc=0.7987 val_loss=0.4532 router_H=0.6909 best=0.8025
           router_load=[0.0, 0.13995133340358734, 0.494815468788147, 0.36523330211639404]
[step 0450/1000] method=baseline_avg loss=0.4020 train_acc=0.8915 train_loss=0.3015 val_acc=0.8111 val_loss=0.4240 router_H=0.6906 best=0.8111
           router_load=[0.0, 0.16835403442382812, 0.5018031001091003, 0.3298429548740387]
[step 0460/1000] method=baseline_avg loss=0.4175 train_acc=0.8915 train_loss=0.3015 val_acc=0.8111 val_loss=0.4240 router_H=0.6906 best=0.8111
           router_load=[0.0, 0.16835403442382812, 0.5018031001091003, 0.3298429548740387]
[step 0470/1000] method=baseline_avg loss=0.4317 train_acc=0.8915 train_loss=0.3015 val_acc=0.8111 val_loss=0.4240 router_H=0.6906 best=0.8111
           router_load=[0.0, 0.16835403442382812, 0.5018031001091003, 0.3298429548740387]
[step 0480/1000] method=baseline_avg loss=0.5388 train_acc=0.8915 train_loss=0.3015 val_acc=0.8111 val_loss=0.4240 router_H=0.6906 best=0.8111
           router_load=[0.0, 0.16835403442382812, 0.5018031001091003, 0.3298429548740387]
[step 0490/1000] method=baseline_avg loss=0.7319 train_acc=0.8915 train_loss=0.3015 val_acc=0.8111 val_loss=0.4240 router_H=0.6906 best=0.8111
           router_load=[0.0, 0.16835403442382812, 0.5018031001091003, 0.3298429548740387]
[step 0500/1000] method=baseline_avg loss=0.2862 train_acc=0.8965 train_loss=0.2721 val_acc=0.8274 val_loss=0.4117 router_H=0.6911 best=0.8274
           router_load=[0.0, 0.23872560262680054, 0.4716491401195526, 0.28962525725364685]
[step 0510/1000] method=baseline_avg loss=0.5115 train_acc=0.8965 train_loss=0.2721 val_acc=0.8274 val_loss=0.4117 router_H=0.6911 best=0.8274
           router_load=[0.0, 0.23872560262680054, 0.4716491401195526, 0.28962525725364685]
[step 0520/1000] method=baseline_avg loss=0.5045 train_acc=0.8965 train_loss=0.2721 val_acc=0.8274 val_loss=0.4117 router_H=0.6911 best=0.8274
           router_load=[0.0, 0.23872560262680054, 0.4716491401195526, 0.28962525725364685]
[step 0530/1000] method=baseline_avg loss=0.2300 train_acc=0.8965 train_loss=0.2721 val_acc=0.8274 val_loss=0.4117 router_H=0.6911 best=0.8274
           router_load=[0.0, 0.23872560262680054, 0.4716491401195526, 0.28962525725364685]
[step 0540/1000] method=baseline_avg loss=0.4346 train_acc=0.8965 train_loss=0.2721 val_acc=0.8274 val_loss=0.4117 router_H=0.6911 best=0.8274
           router_load=[0.0, 0.23872560262680054, 0.4716491401195526, 0.28962525725364685]
[step 0550/1000] method=baseline_avg loss=0.3122 train_acc=0.9012 train_loss=0.2624 val_acc=0.8284 val_loss=0.4490 router_H=0.6912 best=0.8284
           router_load=[0.0, 0.18459756672382355, 0.44857606291770935, 0.36682647466659546]
[step 0560/1000] method=baseline_avg loss=0.0839 train_acc=0.9012 train_loss=0.2624 val_acc=0.8284 val_loss=0.4490 router_H=0.6912 best=0.8284
           router_load=[0.0, 0.18459756672382355, 0.44857606291770935, 0.36682647466659546]
[step 0570/1000] method=baseline_avg loss=0.6215 train_acc=0.9012 train_loss=0.2624 val_acc=0.8284 val_loss=0.4490 router_H=0.6912 best=0.8284
           router_load=[0.0, 0.18459756672382355, 0.44857606291770935, 0.36682647466659546]
[step 0580/1000] method=baseline_avg loss=0.4330 train_acc=0.9012 train_loss=0.2624 val_acc=0.8284 val_loss=0.4490 router_H=0.6912 best=0.8284
           router_load=[0.0, 0.18459756672382355, 0.44857606291770935, 0.36682647466659546]
[step 0590/1000] method=baseline_avg loss=0.4678 train_acc=0.9012 train_loss=0.2624 val_acc=0.8284 val_loss=0.4490 router_H=0.6912 best=0.8284
           router_load=[0.0, 0.18459756672382355, 0.44857606291770935, 0.36682647466659546]
[step 0600/1000] method=baseline_avg loss=0.1627 train_acc=0.8868 train_loss=0.3264 val_acc=0.8102 val_loss=0.6117 router_H=0.6910 best=0.8284
           router_load=[0.0, 0.27774688601493835, 0.4299299716949463, 0.29232314229011536]
[step 0610/1000] method=baseline_avg loss=0.3215 train_acc=0.8868 train_loss=0.3264 val_acc=0.8102 val_loss=0.6117 router_H=0.6910 best=0.8284
           router_load=[0.0, 0.27774688601493835, 0.4299299716949463, 0.29232314229011536]
[step 0620/1000] method=baseline_avg loss=0.2309 train_acc=0.8868 train_loss=0.3264 val_acc=0.8102 val_loss=0.6117 router_H=0.6910 best=0.8284
           router_load=[0.0, 0.27774688601493835, 0.4299299716949463, 0.29232314229011536]
[step 0630/1000] method=baseline_avg loss=0.2017 train_acc=0.8868 train_loss=0.3264 val_acc=0.8102 val_loss=0.6117 router_H=0.6910 best=0.8284
           router_load=[0.0, 0.27774688601493835, 0.4299299716949463, 0.29232314229011536]
[step 0640/1000] method=baseline_avg loss=0.1555 train_acc=0.8868 train_loss=0.3264 val_acc=0.8102 val_loss=0.6117 router_H=0.6910 best=0.8284
           router_load=[0.0, 0.27774688601493835, 0.4299299716949463, 0.29232314229011536]
[step 0650/1000] method=baseline_avg loss=0.7242 train_acc=0.8912 train_loss=0.2947 val_acc=0.8207 val_loss=0.5285 router_H=0.6909 best=0.8284
           router_load=[0.0, 0.2369532436132431, 0.4582958221435547, 0.3047509491443634]
[step 0660/1000] method=baseline_avg loss=0.1842 train_acc=0.8912 train_loss=0.2947 val_acc=0.8207 val_loss=0.5285 router_H=0.6909 best=0.8284
           router_load=[0.0, 0.2369532436132431, 0.4582958221435547, 0.3047509491443634]
[step 0670/1000] method=baseline_avg loss=0.4818 train_acc=0.8912 train_loss=0.2947 val_acc=0.8207 val_loss=0.5285 router_H=0.6909 best=0.8284
           router_load=[0.0, 0.2369532436132431, 0.4582958221435547, 0.3047509491443634]
[step 0680/1000] method=baseline_avg loss=0.2939 train_acc=0.8912 train_loss=0.2947 val_acc=0.8207 val_loss=0.5285 router_H=0.6909 best=0.8284
           router_load=[0.0, 0.2369532436132431, 0.4582958221435547, 0.3047509491443634]
[step 0690/1000] method=baseline_avg loss=0.2580 train_acc=0.8912 train_loss=0.2947 val_acc=0.8207 val_loss=0.5285 router_H=0.6909 best=0.8284
           router_load=[0.0, 0.2369532436132431, 0.4582958221435547, 0.3047509491443634]
[step 0700/1000] method=baseline_avg loss=0.1408 train_acc=0.8994 train_loss=0.2758 val_acc=0.8217 val_loss=0.5207 router_H=0.6906 best=0.8284
           router_load=[0.0, 0.2300603836774826, 0.48187631368637085, 0.28806325793266296]
[step 0710/1000] method=baseline_avg loss=0.1348 train_acc=0.8994 train_loss=0.2758 val_acc=0.8217 val_loss=0.5207 router_H=0.6906 best=0.8284
           router_load=[0.0, 0.2300603836774826, 0.48187631368637085, 0.28806325793266296]
[step 0720/1000] method=baseline_avg loss=0.2179 train_acc=0.8994 train_loss=0.2758 val_acc=0.8217 val_loss=0.5207 router_H=0.6906 best=0.8284
           router_load=[0.0, 0.2300603836774826, 0.48187631368637085, 0.28806325793266296]
[step 0730/1000] method=baseline_avg loss=0.3766 train_acc=0.8994 train_loss=0.2758 val_acc=0.8217 val_loss=0.5207 router_H=0.6906 best=0.8284
           router_load=[0.0, 0.2300603836774826, 0.48187631368637085, 0.28806325793266296]
[step 0740/1000] method=baseline_avg loss=0.1281 train_acc=0.8994 train_loss=0.2758 val_acc=0.8217 val_loss=0.5207 router_H=0.6906 best=0.8284
           router_load=[0.0, 0.2300603836774826, 0.48187631368637085, 0.28806325793266296]
[step 0750/1000] method=baseline_avg loss=0.3875 train_acc=0.9143 train_loss=0.2352 val_acc=0.8236 val_loss=0.4482 router_H=0.6909 best=0.8284
           router_load=[0.0, 0.25700944662094116, 0.4407024681568146, 0.30228811502456665]
[step 0760/1000] method=baseline_avg loss=0.2931 train_acc=0.9143 train_loss=0.2352 val_acc=0.8236 val_loss=0.4482 router_H=0.6909 best=0.8284
           router_load=[0.0, 0.25700944662094116, 0.4407024681568146, 0.30228811502456665]
[step 0770/1000] method=baseline_avg loss=0.5020 train_acc=0.9143 train_loss=0.2352 val_acc=0.8236 val_loss=0.4482 router_H=0.6909 best=0.8284
           router_load=[0.0, 0.25700944662094116, 0.4407024681568146, 0.30228811502456665]
[step 0780/1000] method=baseline_avg loss=0.1119 train_acc=0.9143 train_loss=0.2352 val_acc=0.8236 val_loss=0.4482 router_H=0.6909 best=0.8284
           router_load=[0.0, 0.25700944662094116, 0.4407024681568146, 0.30228811502456665]
[step 0790/1000] method=baseline_avg loss=0.3969 train_acc=0.9143 train_loss=0.2352 val_acc=0.8236 val_loss=0.4482 router_H=0.6909 best=0.8284
           router_load=[0.0, 0.25700944662094116, 0.4407024681568146, 0.30228811502456665]
[step 0800/1000] method=baseline_avg loss=0.2716 train_acc=0.9288 train_loss=0.2037 val_acc=0.8217 val_loss=0.4709 router_H=0.6906 best=0.8284
           router_load=[0.0, 0.3389629125595093, 0.3942018151283264, 0.2668352425098419]
[step 0810/1000] method=baseline_avg loss=0.3316 train_acc=0.9288 train_loss=0.2037 val_acc=0.8217 val_loss=0.4709 router_H=0.6906 best=0.8284
           router_load=[0.0, 0.3389629125595093, 0.3942018151283264, 0.2668352425098419]
[step 0820/1000] method=baseline_avg loss=0.4013 train_acc=0.9288 train_loss=0.2037 val_acc=0.8217 val_loss=0.4709 router_H=0.6906 best=0.8284
           router_load=[0.0, 0.3389629125595093, 0.3942018151283264, 0.2668352425098419]
[step 0830/1000] method=baseline_avg loss=0.1706 train_acc=0.9288 train_loss=0.2037 val_acc=0.8217 val_loss=0.4709 router_H=0.6906 best=0.8284
           router_load=[0.0, 0.3389629125595093, 0.3942018151283264, 0.2668352425098419]
[step 0840/1000] method=baseline_avg loss=0.1219 train_acc=0.9288 train_loss=0.2037 val_acc=0.8217 val_loss=0.4709 router_H=0.6906 best=0.8284
           router_load=[0.0, 0.3389629125595093, 0.3942018151283264, 0.2668352425098419]
[step 0850/1000] method=baseline_avg loss=0.2319 train_acc=0.9187 train_loss=0.2257 val_acc=0.8332 val_loss=0.4641 router_H=0.6908 best=0.8332
           router_load=[0.0, 0.3435043394565582, 0.39346596598625183, 0.2630296051502228]
[step 0860/1000] method=baseline_avg loss=0.1987 train_acc=0.9187 train_loss=0.2257 val_acc=0.8332 val_loss=0.4641 router_H=0.6908 best=0.8332
           router_load=[0.0, 0.3435043394565582, 0.39346596598625183, 0.2630296051502228]
[step 0870/1000] method=baseline_avg loss=0.2382 train_acc=0.9187 train_loss=0.2257 val_acc=0.8332 val_loss=0.4641 router_H=0.6908 best=0.8332
           router_load=[0.0, 0.3435043394565582, 0.39346596598625183, 0.2630296051502228]
[step 0880/1000] method=baseline_avg loss=0.1528 train_acc=0.9187 train_loss=0.2257 val_acc=0.8332 val_loss=0.4641 router_H=0.6908 best=0.8332
           router_load=[0.0, 0.3435043394565582, 0.39346596598625183, 0.2630296051502228]
[step 0890/1000] method=baseline_avg loss=0.2471 train_acc=0.9187 train_loss=0.2257 val_acc=0.8332 val_loss=0.4641 router_H=0.6908 best=0.8332
           router_load=[0.0, 0.3435043394565582, 0.39346596598625183, 0.2630296051502228]
[step 0900/1000] method=baseline_avg loss=0.7103 train_acc=0.9370 train_loss=0.1737 val_acc=0.8418 val_loss=0.4374 router_H=0.6902 best=0.8418
           router_load=[0.0, 0.3846968412399292, 0.352460116147995, 0.26284295320510864]
[step 0910/1000] method=baseline_avg loss=0.3190 train_acc=0.9370 train_loss=0.1737 val_acc=0.8418 val_loss=0.4374 router_H=0.6902 best=0.8418
           router_load=[0.0, 0.3846968412399292, 0.352460116147995, 0.26284295320510864]
[step 0920/1000] method=baseline_avg loss=0.1712 train_acc=0.9370 train_loss=0.1737 val_acc=0.8418 val_loss=0.4374 router_H=0.6902 best=0.8418
           router_load=[0.0, 0.3846968412399292, 0.352460116147995, 0.26284295320510864]
[step 0930/1000] method=baseline_avg loss=0.2186 train_acc=0.9370 train_loss=0.1737 val_acc=0.8418 val_loss=0.4374 router_H=0.6902 best=0.8418
           router_load=[0.0, 0.3846968412399292, 0.352460116147995, 0.26284295320510864]
[step 0940/1000] method=baseline_avg loss=0.2211 train_acc=0.9370 train_loss=0.1737 val_acc=0.8418 val_loss=0.4374 router_H=0.6902 best=0.8418
           router_load=[0.0, 0.3846968412399292, 0.352460116147995, 0.26284295320510864]
[step 0950/1000] method=baseline_avg loss=0.3491 train_acc=0.9323 train_loss=0.1831 val_acc=0.8370 val_loss=0.4545 router_H=0.6904 best=0.8418
           router_load=[0.0, 0.3192969858646393, 0.39653825759887695, 0.28416454792022705]
[step 0960/1000] method=baseline_avg loss=0.1837 train_acc=0.9323 train_loss=0.1831 val_acc=0.8370 val_loss=0.4545 router_H=0.6904 best=0.8418
           router_load=[0.0, 0.3192969858646393, 0.39653825759887695, 0.28416454792022705]
[step 0970/1000] method=baseline_avg loss=0.3339 train_acc=0.9323 train_loss=0.1831 val_acc=0.8370 val_loss=0.4545 router_H=0.6904 best=0.8418
           router_load=[0.0, 0.3192969858646393, 0.39653825759887695, 0.28416454792022705]
[step 0980/1000] method=baseline_avg loss=0.3003 train_acc=0.9323 train_loss=0.1831 val_acc=0.8370 val_loss=0.4545 router_H=0.6904 best=0.8418
           router_load=[0.0, 0.3192969858646393, 0.39653825759887695, 0.28416454792022705]
[step 0990/1000] method=baseline_avg loss=0.3971 train_acc=0.9323 train_loss=0.1831 val_acc=0.8370 val_loss=0.4545 router_H=0.6904 best=0.8418
           router_load=[0.0, 0.3192969858646393, 0.39653825759887695, 0.28416454792022705]
[step 1000/1000] method=baseline_avg loss=0.3105 train_acc=0.8911 train_loss=0.2666 val_acc=0.7996 val_loss=0.5770 router_H=0.6906 best=0.8418
           router_load=[0.0, 0.3030192255973816, 0.3910166621208191, 0.3059641718864441]
saved summary -> /root/Optimization/MOE-grad-conflict-routing/runs/paper_suite_supplement/single_task_add_rerun/single_task/roberta_cola_lora_e4_k2/final/baseline_s7.json
saved curve -> /root/Optimization/MOE-grad-conflict-routing/runs/paper_suite_supplement/single_task_add_rerun/single_task/roberta_cola_lora_e4_k2/final/baseline_s7_curve.csv
