[run] method=baseline candidate=coord_02_train_weight_decay_017 seed=3 steps=150 gpu=0
[run] cmd=
/home/zhujjing/anaconda3/envs/moe/bin/python /home/zhujjing/MOE-grad-conflict-routing/scripts/run.py --config configs/singletask_mrpc_real.yaml --set model.backbone_backend=hf --set model.hf_load_pretrained=true --set model.backbone=deberta --set model.hf_pretrained_name=microsoft/deberta-v3-base --set model.expert_type=ffn --set model.routing_mode=topk --set model.num_experts=4 --set model.top_k=2 --set seed=3 --set method.name=baseline_avg --set train.steps=150 --set train.eval_every_steps=50 --set train.grad_clip=1 --set train.lr=0.0001112973657 --set train.weight_decay=0.04458013788 --out /home/zhujjing/MOE-grad-conflict-routing/runs/paper_suite/single_gpu/single_task/deberta_mrpc_ffn_e4_k2/hpo/baseline/trial_runs/coord_02_train_weight_decay_017/baseline_s3.json --curve_out /home/zhujjing/MOE-grad-conflict-routing/runs/paper_suite/single_gpu/single_task/deberta_mrpc_ffn_e4_k2/hpo/baseline/trial_runs/coord_02_train_weight_decay_017/baseline_s3_curve.csv
Using the latest cached version of the dataset since glue couldn't be found on the Hugging Face Hub (offline mode is enabled).
Found the latest cached dataset configuration 'mrpc' at /home/zhujjing/hf_cache/datasets/glue/mrpc/0.0.0/bcdcba79d07bc864c1c254ccfcedcce55bcc9a8c (last modified on Thu Mar 19 15:01:06 2026).
/home/zhujjing/anaconda3/envs/moe/lib/python3.10/site-packages/transformers/utils/hub.py:124: FutureWarning: Using `TRANSFORMERS_CACHE` is deprecated and will be removed in v5 of Transformers. Use `HF_HOME` instead.
  warnings.warn(
/home/zhujjing/anaconda3/envs/moe/lib/python3.10/site-packages/transformers/convert_slow_tokenizer.py:560: UserWarning: The sentencepiece tokenizer that you are converting to a fast tokenizer uses the byte fallback option which is not implemented in the fast tokenizers. In practice this means that the fast version of the tokenizer can produce unknown tokens whereas the sentencepiece version would have converted these unknown tokens into a sequence of byte tokens matching the original piece of text.
  warnings.warn(
[step 0001/150] method=baseline_avg loss=0.6905 train_acc=nan train_loss=nan val_acc=nan val_loss=nan best=-1.0000
[step 0010/150] method=baseline_avg loss=0.6188 train_acc=nan train_loss=nan val_acc=nan val_loss=nan best=-1.0000
[step 0020/150] method=baseline_avg loss=0.4648 train_acc=nan train_loss=nan val_acc=nan val_loss=nan best=-1.0000
[step 0030/150] method=baseline_avg loss=0.9317 train_acc=nan train_loss=nan val_acc=nan val_loss=nan best=-1.0000
[step 0040/150] method=baseline_avg loss=0.6699 train_acc=nan train_loss=nan val_acc=nan val_loss=nan best=-1.0000
[step 0050/150] method=baseline_avg loss=0.3819 train_acc=0.7206 train_loss=0.6599 val_acc=0.7181 val_loss=0.6598 router_H=0.6630 best=0.7181
           router_load=[0.383420467376709, 0.0, 0.6012768149375916, 0.015302744694054127]
[step 0060/150] method=baseline_avg loss=0.6628 train_acc=0.7206 train_loss=0.6599 val_acc=0.7181 val_loss=0.6598 router_H=0.6630 best=0.7181
           router_load=[0.383420467376709, 0.0, 0.6012768149375916, 0.015302744694054127]
[step 0070/150] method=baseline_avg loss=0.7558 train_acc=0.7206 train_loss=0.6599 val_acc=0.7181 val_loss=0.6598 router_H=0.6630 best=0.7181
           router_load=[0.383420467376709, 0.0, 0.6012768149375916, 0.015302744694054127]
[step 0080/150] method=baseline_avg loss=0.7658 train_acc=0.7206 train_loss=0.6599 val_acc=0.7181 val_loss=0.6598 router_H=0.6630 best=0.7181
           router_load=[0.383420467376709, 0.0, 0.6012768149375916, 0.015302744694054127]
[step 0090/150] method=baseline_avg loss=0.7495 train_acc=0.7206 train_loss=0.6599 val_acc=0.7181 val_loss=0.6598 router_H=0.6630 best=0.7181
           router_load=[0.383420467376709, 0.0, 0.6012768149375916, 0.015302744694054127]
[step 0100/150] method=baseline_avg loss=0.7028 train_acc=0.6745 train_loss=0.6545 val_acc=0.6838 val_loss=0.6458 router_H=0.6726 best=0.7181
           router_load=[0.39900898933410645, 0.0, 0.6009910106658936, 0.0]
[step 0110/150] method=baseline_avg loss=0.6772 train_acc=0.6745 train_loss=0.6545 val_acc=0.6838 val_loss=0.6458 router_H=0.6726 best=0.7181
           router_load=[0.39900898933410645, 0.0, 0.6009910106658936, 0.0]
[step 0120/150] method=baseline_avg loss=0.7087 train_acc=0.6745 train_loss=0.6545 val_acc=0.6838 val_loss=0.6458 router_H=0.6726 best=0.7181
           router_load=[0.39900898933410645, 0.0, 0.6009910106658936, 0.0]
[step 0130/150] method=baseline_avg loss=0.6738 train_acc=0.6745 train_loss=0.6545 val_acc=0.6838 val_loss=0.6458 router_H=0.6726 best=0.7181
           router_load=[0.39900898933410645, 0.0, 0.6009910106658936, 0.0]
[step 0140/150] method=baseline_avg loss=0.6294 train_acc=0.6745 train_loss=0.6545 val_acc=0.6838 val_loss=0.6458 router_H=0.6726 best=0.7181
           router_load=[0.39900898933410645, 0.0, 0.6009910106658936, 0.0]
[step 0150/150] method=baseline_avg loss=0.6596 train_acc=0.6745 train_loss=0.6318 val_acc=0.6838 val_loss=0.6250 router_H=0.6743 best=0.7181
           router_load=[0.40331754088401794, 0.0, 0.5966824293136597, 0.0]
saved summary -> /home/zhujjing/MOE-grad-conflict-routing/runs/paper_suite/single_gpu/single_task/deberta_mrpc_ffn_e4_k2/hpo/baseline/trial_runs/coord_02_train_weight_decay_017/baseline_s3.json
saved curve -> /home/zhujjing/MOE-grad-conflict-routing/runs/paper_suite/single_gpu/single_task/deberta_mrpc_ffn_e4_k2/hpo/baseline/trial_runs/coord_02_train_weight_decay_017/baseline_s3_curve.csv
