[run] method=cagrad candidate=coord_04_method_baseline_cagrad_c_014 seed=2 steps=200 gpu=0
[run] cmd=
/root/miniconda3/envs/optimization/bin/python /root/Optimization/MOE-grad-conflict-routing/scripts/run.py --config configs/singletask_cola_real.yaml --set model.backbone_backend=hf --set model.hf_load_pretrained=true --set model.backbone=roberta --set model.hf_pretrained_name=roberta-base --set model.expert_type=ffn --set model.routing_mode=topk --set model.num_experts=4 --set model.top_k=2 --set seed=2 --set method.name=baseline_cagrad --set train.steps=200 --set train.eval_every_steps=50 --set method.baseline_cagrad.c=0.365336098 --set method.baseline_cagrad.inner_lr=0.1 --set train.grad_clip=1.273448831 --set train.lr=9.799696332e-06 --set train.weight_decay=0.005634744023 --out /root/Optimization/MOE-grad-conflict-routing/runs/paper_suite_supplement/single_task_add_rerun/single_task/roberta_cola_ffn_e4_k2/hpo/cagrad/trial_runs/coord_04_method_baseline_cagrad_c_014/cagrad_s2.json --curve_out /root/Optimization/MOE-grad-conflict-routing/runs/paper_suite_supplement/single_task_add_rerun/single_task/roberta_cola_ffn_e4_k2/hpo/cagrad/trial_runs/coord_04_method_baseline_cagrad_c_014/cagrad_s2_curve.csv
Using the latest cached version of the dataset since glue couldn't be found on the Hugging Face Hub (offline mode is enabled).
Found the latest cached dataset configuration 'cola' at /root/.cache/huggingface/datasets/glue/cola/0.0.0/bcdcba79d07bc864c1c254ccfcedcce55bcc9a8c (last modified on Mon Mar 23 09:28:48 2026).
Loading weights:   0%|          | 0/197 [00:00<?, ?it/s]Loading weights: 100%|██████████| 197/197 [00:00<00:00, 2470.27it/s]
[1mRobertaModel LOAD REPORT[0m from: roberta-base
Key                             | Status     | 
--------------------------------+------------+-
roberta.embeddings.position_ids | UNEXPECTED | 
lm_head.dense.weight            | UNEXPECTED | 
lm_head.dense.bias              | UNEXPECTED | 
lm_head.layer_norm.bias         | UNEXPECTED | 
lm_head.layer_norm.weight       | UNEXPECTED | 
lm_head.bias                    | UNEXPECTED | 
pooler.dense.weight             | MISSING    | 
pooler.dense.bias               | MISSING    | 

[3mNotes:
- UNEXPECTED[3m	:can be ignored when loading from different task/architecture; not ok if you expect identical arch.
- MISSING[3m	:those params were newly initialized because missing from the checkpoint. Consider training on your downstream task.[0m
[step 0001/200] method=baseline_cagrad loss=0.6843 train_acc=nan train_loss=nan val_acc=nan val_loss=nan best=-1.0000
[step 0010/200] method=baseline_cagrad loss=0.6138 train_acc=nan train_loss=nan val_acc=nan val_loss=nan best=-1.0000
[step 0020/200] method=baseline_cagrad loss=0.6496 train_acc=nan train_loss=nan val_acc=nan val_loss=nan best=-1.0000
[step 0030/200] method=baseline_cagrad loss=0.5299 train_acc=nan train_loss=nan val_acc=nan val_loss=nan best=-1.0000
[step 0040/200] method=baseline_cagrad loss=0.4799 train_acc=nan train_loss=nan val_acc=nan val_loss=nan best=-1.0000
[step 0050/200] method=baseline_cagrad loss=0.5045 train_acc=0.7044 train_loss=0.5556 val_acc=0.6913 val_loss=0.5725 router_H=0.6875 best=0.6913
           router_load=[0.0, 0.5428473353385925, 0.45498037338256836, 0.002172317123040557]
[step 0060/200] method=baseline_cagrad loss=0.5744 train_acc=0.7044 train_loss=0.5556 val_acc=0.6913 val_loss=0.5725 router_H=0.6875 best=0.6913
           router_load=[0.0, 0.5428473353385925, 0.45498037338256836, 0.002172317123040557]
[step 0070/200] method=baseline_cagrad loss=0.5539 train_acc=0.7044 train_loss=0.5556 val_acc=0.6913 val_loss=0.5725 router_H=0.6875 best=0.6913
           router_load=[0.0, 0.5428473353385925, 0.45498037338256836, 0.002172317123040557]
[step 0080/200] method=baseline_cagrad loss=0.5420 train_acc=0.7044 train_loss=0.5556 val_acc=0.6913 val_loss=0.5725 router_H=0.6875 best=0.6913
           router_load=[0.0, 0.5428473353385925, 0.45498037338256836, 0.002172317123040557]
[step 0090/200] method=baseline_cagrad loss=0.5665 train_acc=0.7044 train_loss=0.5556 val_acc=0.6913 val_loss=0.5725 router_H=0.6875 best=0.6913
           router_load=[0.0, 0.5428473353385925, 0.45498037338256836, 0.002172317123040557]
[step 0100/200] method=baseline_cagrad loss=0.5684 train_acc=0.7044 train_loss=0.5055 val_acc=0.6913 val_loss=0.5387 router_H=0.6824 best=0.6913
           router_load=[0.0, 0.5658301711082458, 0.43247318267822266, 0.0016964867245405912]
[step 0110/200] method=baseline_cagrad loss=0.5421 train_acc=0.7044 train_loss=0.5055 val_acc=0.6913 val_loss=0.5387 router_H=0.6824 best=0.6913
           router_load=[0.0, 0.5658301711082458, 0.43247318267822266, 0.0016964867245405912]
[step 0120/200] method=baseline_cagrad loss=0.6525 train_acc=0.7044 train_loss=0.5055 val_acc=0.6913 val_loss=0.5387 router_H=0.6824 best=0.6913
           router_load=[0.0, 0.5658301711082458, 0.43247318267822266, 0.0016964867245405912]
[step 0130/200] method=baseline_cagrad loss=0.4681 train_acc=0.7044 train_loss=0.5055 val_acc=0.6913 val_loss=0.5387 router_H=0.6824 best=0.6913
           router_load=[0.0, 0.5658301711082458, 0.43247318267822266, 0.0016964867245405912]
[step 0140/200] method=baseline_cagrad loss=0.5375 train_acc=0.7044 train_loss=0.5055 val_acc=0.6913 val_loss=0.5387 router_H=0.6824 best=0.6913
           router_load=[0.0, 0.5658301711082458, 0.43247318267822266, 0.0016964867245405912]
[step 0150/200] method=baseline_cagrad loss=0.4694 train_acc=0.7856 train_loss=0.4509 val_acc=0.7756 val_loss=0.5028 router_H=0.6693 best=0.7756
           router_load=[0.0011349822161719203, 0.6013152003288269, 0.39387112855911255, 0.003678665030747652]
[step 0160/200] method=baseline_cagrad loss=0.3926 train_acc=0.7856 train_loss=0.4509 val_acc=0.7756 val_loss=0.5028 router_H=0.6693 best=0.7756
           router_load=[0.0011349822161719203, 0.6013152003288269, 0.39387112855911255, 0.003678665030747652]
[step 0170/200] method=baseline_cagrad loss=0.7024 train_acc=0.7856 train_loss=0.4509 val_acc=0.7756 val_loss=0.5028 router_H=0.6693 best=0.7756
           router_load=[0.0011349822161719203, 0.6013152003288269, 0.39387112855911255, 0.003678665030747652]
[step 0180/200] method=baseline_cagrad loss=0.6038 train_acc=0.7856 train_loss=0.4509 val_acc=0.7756 val_loss=0.5028 router_H=0.6693 best=0.7756
           router_load=[0.0011349822161719203, 0.6013152003288269, 0.39387112855911255, 0.003678665030747652]
[step 0190/200] method=baseline_cagrad loss=0.4685 train_acc=0.7856 train_loss=0.4509 val_acc=0.7756 val_loss=0.5028 router_H=0.6693 best=0.7756
           router_load=[0.0011349822161719203, 0.6013152003288269, 0.39387112855911255, 0.003678665030747652]
[step 0200/200] method=baseline_cagrad loss=0.7624 train_acc=0.7741 train_loss=0.5066 val_acc=0.7603 val_loss=0.5679 router_H=0.6693 best=0.7756
           router_load=[0.0010927518596872687, 0.6034417152404785, 0.39397135376930237, 0.0014941365225240588]
saved summary -> /root/Optimization/MOE-grad-conflict-routing/runs/paper_suite_supplement/single_task_add_rerun/single_task/roberta_cola_ffn_e4_k2/hpo/cagrad/trial_runs/coord_04_method_baseline_cagrad_c_014/cagrad_s2.json
saved curve -> /root/Optimization/MOE-grad-conflict-routing/runs/paper_suite_supplement/single_task_add_rerun/single_task/roberta_cola_ffn_e4_k2/hpo/cagrad/trial_runs/coord_04_method_baseline_cagrad_c_014/cagrad_s2_curve.csv
