[run] method=baseline candidate=coord_01_train_lr_017 seed=2 steps=200 gpu=0
[run] cmd=
/root/miniconda3/envs/optimization/bin/python /root/Optimization/MOE-grad-conflict-routing/scripts/run.py --config configs/singletask_cola_real.yaml --set model.backbone_backend=hf --set model.hf_load_pretrained=true --set model.backbone=roberta --set model.hf_pretrained_name=roberta-base --set model.expert_type=ffn --set model.routing_mode=topk --set model.num_experts=4 --set model.top_k=2 --set seed=2 --set method.name=baseline_avg --set train.steps=200 --set train.eval_every_steps=50 --set train.grad_clip=1 --set train.lr=0.00122558473 --set train.weight_decay=0.01 --out /root/Optimization/MOE-grad-conflict-routing/runs/paper_suite_supplement/single_task_add_rerun/single_task/roberta_cola_ffn_e4_k2/hpo/baseline/trial_runs/coord_01_train_lr_017/baseline_s2.json --curve_out /root/Optimization/MOE-grad-conflict-routing/runs/paper_suite_supplement/single_task_add_rerun/single_task/roberta_cola_ffn_e4_k2/hpo/baseline/trial_runs/coord_01_train_lr_017/baseline_s2_curve.csv
Using the latest cached version of the dataset since glue couldn't be found on the Hugging Face Hub (offline mode is enabled).
Found the latest cached dataset configuration 'cola' at /root/.cache/huggingface/datasets/glue/cola/0.0.0/bcdcba79d07bc864c1c254ccfcedcce55bcc9a8c (last modified on Mon Mar 23 09:28:48 2026).
Loading weights:   0%|          | 0/197 [00:00<?, ?it/s]Loading weights: 100%|██████████| 197/197 [00:00<00:00, 12780.98it/s]
[1mRobertaModel LOAD REPORT[0m from: roberta-base
Key                             | Status     | 
--------------------------------+------------+-
lm_head.layer_norm.bias         | UNEXPECTED | 
lm_head.layer_norm.weight       | UNEXPECTED | 
lm_head.bias                    | UNEXPECTED | 
roberta.embeddings.position_ids | UNEXPECTED | 
lm_head.dense.weight            | UNEXPECTED | 
lm_head.dense.bias              | UNEXPECTED | 
pooler.dense.bias               | MISSING    | 
pooler.dense.weight             | MISSING    | 

[3mNotes:
- UNEXPECTED[3m	:can be ignored when loading from different task/architecture; not ok if you expect identical arch.
- MISSING[3m	:those params were newly initialized because missing from the checkpoint. Consider training on your downstream task.[0m
[step 0001/200] method=baseline_avg loss=0.6905 train_acc=nan train_loss=nan val_acc=nan val_loss=nan best=-1.0000
[step 0010/200] method=baseline_avg loss=0.5714 train_acc=nan train_loss=nan val_acc=nan val_loss=nan best=-1.0000
[step 0020/200] method=baseline_avg loss=0.7464 train_acc=nan train_loss=nan val_acc=nan val_loss=nan best=-1.0000
[step 0030/200] method=baseline_avg loss=0.5747 train_acc=nan train_loss=nan val_acc=nan val_loss=nan best=-1.0000
[step 0040/200] method=baseline_avg loss=0.5569 train_acc=nan train_loss=nan val_acc=nan val_loss=nan best=-1.0000
[step 0050/200] method=baseline_avg loss=0.6383 train_acc=0.7044 train_loss=0.6105 val_acc=0.6913 val_loss=0.6198 router_H=0.3826 best=0.6913
           router_load=[0.0, 0.0, 0.12804220616817474, 0.8719574809074402]
[step 0060/200] method=baseline_avg loss=0.7067 train_acc=0.7044 train_loss=0.6105 val_acc=0.6913 val_loss=0.6198 router_H=0.3826 best=0.6913
           router_load=[0.0, 0.0, 0.12804220616817474, 0.8719574809074402]
[step 0070/200] method=baseline_avg loss=0.6644 train_acc=0.7044 train_loss=0.6105 val_acc=0.6913 val_loss=0.6198 router_H=0.3826 best=0.6913
           router_load=[0.0, 0.0, 0.12804220616817474, 0.8719574809074402]
[step 0080/200] method=baseline_avg loss=0.5674 train_acc=0.7044 train_loss=0.6105 val_acc=0.6913 val_loss=0.6198 router_H=0.3826 best=0.6913
           router_load=[0.0, 0.0, 0.12804220616817474, 0.8719574809074402]
[step 0090/200] method=baseline_avg loss=0.6293 train_acc=0.7044 train_loss=0.6105 val_acc=0.6913 val_loss=0.6198 router_H=0.3826 best=0.6913
           router_load=[0.0, 0.0, 0.12804220616817474, 0.8719574809074402]
[step 0100/200] method=baseline_avg loss=0.6735 train_acc=0.7044 train_loss=0.6326 val_acc=0.6913 val_loss=0.6378 router_H=0.1182 best=0.6913
           router_load=[0.0, 0.0, 0.025351466611027718, 0.9746478796005249]
[step 0110/200] method=baseline_avg loss=0.6833 train_acc=0.7044 train_loss=0.6326 val_acc=0.6913 val_loss=0.6378 router_H=0.1182 best=0.6913
           router_load=[0.0, 0.0, 0.025351466611027718, 0.9746478796005249]
[step 0120/200] method=baseline_avg loss=0.8207 train_acc=0.7044 train_loss=0.6326 val_acc=0.6913 val_loss=0.6378 router_H=0.1182 best=0.6913
           router_load=[0.0, 0.0, 0.025351466611027718, 0.9746478796005249]
[step 0130/200] method=baseline_avg loss=0.6250 train_acc=0.7044 train_loss=0.6326 val_acc=0.6913 val_loss=0.6378 router_H=0.1182 best=0.6913
           router_load=[0.0, 0.0, 0.025351466611027718, 0.9746478796005249]
[step 0140/200] method=baseline_avg loss=1.0197 train_acc=0.7044 train_loss=0.6326 val_acc=0.6913 val_loss=0.6378 router_H=0.1182 best=0.6913
           router_load=[0.0, 0.0, 0.025351466611027718, 0.9746478796005249]
[step 0150/200] method=baseline_avg loss=0.5476 train_acc=0.7044 train_loss=0.6093 val_acc=0.6913 val_loss=0.6228 router_H=0.1061 best=0.6913
           router_load=[0.0, 0.0, 0.022092023864388466, 0.9779068827629089]
[step 0160/200] method=baseline_avg loss=0.6432 train_acc=0.7044 train_loss=0.6093 val_acc=0.6913 val_loss=0.6228 router_H=0.1061 best=0.6913
           router_load=[0.0, 0.0, 0.022092023864388466, 0.9779068827629089]
[step 0170/200] method=baseline_avg loss=0.7715 train_acc=0.7044 train_loss=0.6093 val_acc=0.6913 val_loss=0.6228 router_H=0.1061 best=0.6913
           router_load=[0.0, 0.0, 0.022092023864388466, 0.9779068827629089]
[step 0180/200] method=baseline_avg loss=0.7893 train_acc=0.7044 train_loss=0.6093 val_acc=0.6913 val_loss=0.6228 router_H=0.1061 best=0.6913
           router_load=[0.0, 0.0, 0.022092023864388466, 0.9779068827629089]
[step 0190/200] method=baseline_avg loss=0.6622 train_acc=0.7044 train_loss=0.6093 val_acc=0.6913 val_loss=0.6228 router_H=0.1061 best=0.6913
           router_load=[0.0, 0.0, 0.022092023864388466, 0.9779068827629089]
[step 0200/200] method=baseline_avg loss=1.0119 train_acc=0.7044 train_loss=0.6099 val_acc=0.6913 val_loss=0.6241 router_H=0.0769 best=0.6913
           router_load=[0.0, 0.0, 0.014776594936847687, 0.985222339630127]
saved summary -> /root/Optimization/MOE-grad-conflict-routing/runs/paper_suite_supplement/single_task_add_rerun/single_task/roberta_cola_ffn_e4_k2/hpo/baseline/trial_runs/coord_01_train_lr_017/baseline_s2.json
saved curve -> /root/Optimization/MOE-grad-conflict-routing/runs/paper_suite_supplement/single_task_add_rerun/single_task/roberta_cola_ffn_e4_k2/hpo/baseline/trial_runs/coord_01_train_lr_017/baseline_s2_curve.csv
