[run] method=baseline candidate=coord_01_train_lr_020 seed=3 steps=200 gpu=0
[run] cmd=
/root/miniconda3/envs/optimization/bin/python /root/Optimization/MOE-grad-conflict-routing/scripts/run.py --config configs/singletask_cola_real.yaml --set model.backbone_backend=hf --set model.hf_load_pretrained=true --set model.backbone=roberta --set model.hf_pretrained_name=roberta-base --set model.expert_type=ffn --set model.routing_mode=topk --set model.num_experts=4 --set model.top_k=2 --set seed=3 --set method.name=baseline_avg --set train.steps=200 --set train.eval_every_steps=50 --set train.grad_clip=1 --set train.lr=0.0002896784134 --set train.weight_decay=0.01 --out /root/Optimization/MOE-grad-conflict-routing/runs/paper_suite_supplement/single_task_add_rerun/single_task/roberta_cola_ffn_e4_k2/hpo/baseline/trial_runs/coord_01_train_lr_020/baseline_s3.json --curve_out /root/Optimization/MOE-grad-conflict-routing/runs/paper_suite_supplement/single_task_add_rerun/single_task/roberta_cola_ffn_e4_k2/hpo/baseline/trial_runs/coord_01_train_lr_020/baseline_s3_curve.csv
Using the latest cached version of the dataset since glue couldn't be found on the Hugging Face Hub (offline mode is enabled).
Found the latest cached dataset configuration 'cola' at /root/.cache/huggingface/datasets/glue/cola/0.0.0/bcdcba79d07bc864c1c254ccfcedcce55bcc9a8c (last modified on Mon Mar 23 09:28:48 2026).
Loading weights:   0%|          | 0/197 [00:00<?, ?it/s]Loading weights: 100%|██████████| 197/197 [00:00<00:00, 20883.53it/s]
[1mRobertaModel LOAD REPORT[0m from: roberta-base
Key                             | Status     | 
--------------------------------+------------+-
lm_head.dense.bias              | UNEXPECTED | 
lm_head.bias                    | UNEXPECTED | 
lm_head.dense.weight            | UNEXPECTED | 
lm_head.layer_norm.bias         | UNEXPECTED | 
roberta.embeddings.position_ids | UNEXPECTED | 
lm_head.layer_norm.weight       | UNEXPECTED | 
pooler.dense.bias               | MISSING    | 
pooler.dense.weight             | MISSING    | 

[3mNotes:
- UNEXPECTED[3m	:can be ignored when loading from different task/architecture; not ok if you expect identical arch.
- MISSING[3m	:those params were newly initialized because missing from the checkpoint. Consider training on your downstream task.[0m
[step 0001/200] method=baseline_avg loss=0.6817 train_acc=nan train_loss=nan val_acc=nan val_loss=nan best=-1.0000
[step 0010/200] method=baseline_avg loss=0.4024 train_acc=nan train_loss=nan val_acc=nan val_loss=nan best=-1.0000
[step 0020/200] method=baseline_avg loss=0.7190 train_acc=nan train_loss=nan val_acc=nan val_loss=nan best=-1.0000
[step 0030/200] method=baseline_avg loss=0.7483 train_acc=nan train_loss=nan val_acc=nan val_loss=nan best=-1.0000
[step 0040/200] method=baseline_avg loss=0.7011 train_acc=nan train_loss=nan val_acc=nan val_loss=nan best=-1.0000
[step 0050/200] method=baseline_avg loss=0.6843 train_acc=0.7044 train_loss=0.6202 val_acc=0.6913 val_loss=0.6371 router_H=0.6908 best=0.6913
           router_load=[0.0, 0.4660746455192566, 0.0, 0.5339255332946777]
[step 0060/200] method=baseline_avg loss=0.5643 train_acc=0.7044 train_loss=0.6202 val_acc=0.6913 val_loss=0.6371 router_H=0.6908 best=0.6913
           router_load=[0.0, 0.4660746455192566, 0.0, 0.5339255332946777]
[step 0070/200] method=baseline_avg loss=0.6315 train_acc=0.7044 train_loss=0.6202 val_acc=0.6913 val_loss=0.6371 router_H=0.6908 best=0.6913
           router_load=[0.0, 0.4660746455192566, 0.0, 0.5339255332946777]
[step 0080/200] method=baseline_avg loss=0.5225 train_acc=0.7044 train_loss=0.6202 val_acc=0.6913 val_loss=0.6371 router_H=0.6908 best=0.6913
           router_load=[0.0, 0.4660746455192566, 0.0, 0.5339255332946777]
[step 0090/200] method=baseline_avg loss=0.6374 train_acc=0.7044 train_loss=0.6202 val_acc=0.6913 val_loss=0.6371 router_H=0.6908 best=0.6913
           router_load=[0.0, 0.4660746455192566, 0.0, 0.5339255332946777]
[step 0100/200] method=baseline_avg loss=0.5411 train_acc=0.7044 train_loss=0.6216 val_acc=0.6913 val_loss=0.6284 router_H=0.6913 best=0.6913
           router_load=[0.0, 0.53007572889328, 0.0, 0.4699242413043976]
[step 0110/200] method=baseline_avg loss=0.4859 train_acc=0.7044 train_loss=0.6216 val_acc=0.6913 val_loss=0.6284 router_H=0.6913 best=0.6913
           router_load=[0.0, 0.53007572889328, 0.0, 0.4699242413043976]
[step 0120/200] method=baseline_avg loss=0.6353 train_acc=0.7044 train_loss=0.6216 val_acc=0.6913 val_loss=0.6284 router_H=0.6913 best=0.6913
           router_load=[0.0, 0.53007572889328, 0.0, 0.4699242413043976]
[step 0130/200] method=baseline_avg loss=0.6738 train_acc=0.7044 train_loss=0.6216 val_acc=0.6913 val_loss=0.6284 router_H=0.6913 best=0.6913
           router_load=[0.0, 0.53007572889328, 0.0, 0.4699242413043976]
[step 0140/200] method=baseline_avg loss=0.5707 train_acc=0.7044 train_loss=0.6216 val_acc=0.6913 val_loss=0.6284 router_H=0.6913 best=0.6913
           router_load=[0.0, 0.53007572889328, 0.0, 0.4699242413043976]
[step 0150/200] method=baseline_avg loss=0.5466 train_acc=0.7044 train_loss=0.6083 val_acc=0.6913 val_loss=0.6185 router_H=0.6611 best=0.6913
           router_load=[0.0, 0.0, 0.3740529716014862, 0.6259466409683228]
[step 0160/200] method=baseline_avg loss=0.6235 train_acc=0.7044 train_loss=0.6083 val_acc=0.6913 val_loss=0.6185 router_H=0.6611 best=0.6913
           router_load=[0.0, 0.0, 0.3740529716014862, 0.6259466409683228]
[step 0170/200] method=baseline_avg loss=0.5018 train_acc=0.7044 train_loss=0.6083 val_acc=0.6913 val_loss=0.6185 router_H=0.6611 best=0.6913
           router_load=[0.0, 0.0, 0.3740529716014862, 0.6259466409683228]
[step 0180/200] method=baseline_avg loss=0.6137 train_acc=0.7044 train_loss=0.6083 val_acc=0.6913 val_loss=0.6185 router_H=0.6611 best=0.6913
           router_load=[0.0, 0.0, 0.3740529716014862, 0.6259466409683228]
[step 0190/200] method=baseline_avg loss=0.5467 train_acc=0.7044 train_loss=0.6083 val_acc=0.6913 val_loss=0.6185 router_H=0.6611 best=0.6913
           router_load=[0.0, 0.0, 0.3740529716014862, 0.6259466409683228]
[step 0200/200] method=baseline_avg loss=0.6226 train_acc=0.7044 train_loss=0.6288 val_acc=0.6913 val_loss=0.6346 router_H=0.6743 best=0.6913
           router_load=[0.0, 0.4031132161617279, 0.0, 0.5968864560127258]
saved summary -> /root/Optimization/MOE-grad-conflict-routing/runs/paper_suite_supplement/single_task_add_rerun/single_task/roberta_cola_ffn_e4_k2/hpo/baseline/trial_runs/coord_01_train_lr_020/baseline_s3.json
saved curve -> /root/Optimization/MOE-grad-conflict-routing/runs/paper_suite_supplement/single_task_add_rerun/single_task/roberta_cola_ffn_e4_k2/hpo/baseline/trial_runs/coord_01_train_lr_020/baseline_s3_curve.csv
