[run] method=baseline candidate=coord_01_train_lr_022 seed=2 steps=200 gpu=0
[run] cmd=
/root/miniconda3/envs/optimization/bin/python /root/Optimization/MOE-grad-conflict-routing/scripts/run.py --config configs/singletask_cola_real.yaml --set model.backbone_backend=hf --set model.hf_load_pretrained=true --set model.backbone=roberta --set model.hf_pretrained_name=roberta-base --set model.expert_type=ffn --set model.routing_mode=topk --set model.num_experts=4 --set model.top_k=2 --set seed=2 --set method.name=baseline_avg --set train.steps=200 --set train.eval_every_steps=50 --set train.grad_clip=1 --set train.lr=3.717574237e-06 --set train.weight_decay=0.01 --out /root/Optimization/MOE-grad-conflict-routing/runs/paper_suite_supplement/single_task_add_rerun/single_task/roberta_cola_ffn_e4_k2/hpo/baseline/trial_runs/coord_01_train_lr_022/baseline_s2.json --curve_out /root/Optimization/MOE-grad-conflict-routing/runs/paper_suite_supplement/single_task_add_rerun/single_task/roberta_cola_ffn_e4_k2/hpo/baseline/trial_runs/coord_01_train_lr_022/baseline_s2_curve.csv
Using the latest cached version of the dataset since glue couldn't be found on the Hugging Face Hub (offline mode is enabled).
Found the latest cached dataset configuration 'cola' at /root/.cache/huggingface/datasets/glue/cola/0.0.0/bcdcba79d07bc864c1c254ccfcedcce55bcc9a8c (last modified on Mon Mar 23 09:28:48 2026).
Loading weights:   0%|          | 0/197 [00:00<?, ?it/s]Loading weights: 100%|██████████| 197/197 [00:00<00:00, 13988.35it/s]
[1mRobertaModel LOAD REPORT[0m from: roberta-base
Key                             | Status     | 
--------------------------------+------------+-
lm_head.bias                    | UNEXPECTED | 
lm_head.layer_norm.weight       | UNEXPECTED | 
lm_head.dense.bias              | UNEXPECTED | 
roberta.embeddings.position_ids | UNEXPECTED | 
lm_head.dense.weight            | UNEXPECTED | 
lm_head.layer_norm.bias         | UNEXPECTED | 
pooler.dense.bias               | MISSING    | 
pooler.dense.weight             | MISSING    | 

[3mNotes:
- UNEXPECTED[3m	:can be ignored when loading from different task/architecture; not ok if you expect identical arch.
- MISSING[3m	:those params were newly initialized because missing from the checkpoint. Consider training on your downstream task.[0m
[step 0001/200] method=baseline_avg loss=0.7021 train_acc=nan train_loss=nan val_acc=nan val_loss=nan best=-1.0000
[step 0010/200] method=baseline_avg loss=0.6872 train_acc=nan train_loss=nan val_acc=nan val_loss=nan best=-1.0000
[step 0020/200] method=baseline_avg loss=0.6603 train_acc=nan train_loss=nan val_acc=nan val_loss=nan best=-1.0000
[step 0030/200] method=baseline_avg loss=0.5950 train_acc=nan train_loss=nan val_acc=nan val_loss=nan best=-1.0000
[step 0040/200] method=baseline_avg loss=0.5318 train_acc=nan train_loss=nan val_acc=nan val_loss=nan best=-1.0000
[step 0050/200] method=baseline_avg loss=0.5410 train_acc=0.7044 train_loss=0.5921 val_acc=0.6913 val_loss=0.6036 router_H=0.6898 best=0.6913
           router_load=[0.001589963329024613, 0.0003913962282240391, 0.5248728394508362, 0.47314581274986267]
[step 0060/200] method=baseline_avg loss=0.6350 train_acc=0.7044 train_loss=0.5921 val_acc=0.6913 val_loss=0.6036 router_H=0.6898 best=0.6913
           router_load=[0.001589963329024613, 0.0003913962282240391, 0.5248728394508362, 0.47314581274986267]
[step 0070/200] method=baseline_avg loss=0.5617 train_acc=0.7044 train_loss=0.5921 val_acc=0.6913 val_loss=0.6036 router_H=0.6898 best=0.6913
           router_load=[0.001589963329024613, 0.0003913962282240391, 0.5248728394508362, 0.47314581274986267]
[step 0080/200] method=baseline_avg loss=0.5724 train_acc=0.7044 train_loss=0.5921 val_acc=0.6913 val_loss=0.6036 router_H=0.6898 best=0.6913
           router_load=[0.001589963329024613, 0.0003913962282240391, 0.5248728394508362, 0.47314581274986267]
[step 0090/200] method=baseline_avg loss=0.5996 train_acc=0.7044 train_loss=0.5921 val_acc=0.6913 val_loss=0.6036 router_H=0.6898 best=0.6913
           router_load=[0.001589963329024613, 0.0003913962282240391, 0.5248728394508362, 0.47314581274986267]
[step 0100/200] method=baseline_avg loss=0.5943 train_acc=0.7044 train_loss=0.5518 val_acc=0.6913 val_loss=0.5708 router_H=0.6744 best=0.6913
           router_load=[0.0265683364123106, 0.0018095516134053469, 0.5872853398323059, 0.38433682918548584]
[step 0110/200] method=baseline_avg loss=0.6017 train_acc=0.7044 train_loss=0.5518 val_acc=0.6913 val_loss=0.5708 router_H=0.6744 best=0.6913
           router_load=[0.0265683364123106, 0.0018095516134053469, 0.5872853398323059, 0.38433682918548584]
[step 0120/200] method=baseline_avg loss=0.6531 train_acc=0.7044 train_loss=0.5518 val_acc=0.6913 val_loss=0.5708 router_H=0.6744 best=0.6913
           router_load=[0.0265683364123106, 0.0018095516134053469, 0.5872853398323059, 0.38433682918548584]
[step 0130/200] method=baseline_avg loss=0.5356 train_acc=0.7044 train_loss=0.5518 val_acc=0.6913 val_loss=0.5708 router_H=0.6744 best=0.6913
           router_load=[0.0265683364123106, 0.0018095516134053469, 0.5872853398323059, 0.38433682918548584]
[step 0140/200] method=baseline_avg loss=0.6174 train_acc=0.7044 train_loss=0.5518 val_acc=0.6913 val_loss=0.5708 router_H=0.6744 best=0.6913
           router_load=[0.0265683364123106, 0.0018095516134053469, 0.5872853398323059, 0.38433682918548584]
[step 0150/200] method=baseline_avg loss=0.4306 train_acc=0.7044 train_loss=0.5109 val_acc=0.6913 val_loss=0.5425 router_H=0.5927 best=0.6913
           router_load=[0.04066348448395729, 0.0045091030187904835, 0.7055779695510864, 0.24924957752227783]
[step 0160/200] method=baseline_avg loss=0.4932 train_acc=0.7044 train_loss=0.5109 val_acc=0.6913 val_loss=0.5425 router_H=0.5927 best=0.6913
           router_load=[0.04066348448395729, 0.0045091030187904835, 0.7055779695510864, 0.24924957752227783]
[step 0170/200] method=baseline_avg loss=0.5404 train_acc=0.7044 train_loss=0.5109 val_acc=0.6913 val_loss=0.5425 router_H=0.5927 best=0.6913
           router_load=[0.04066348448395729, 0.0045091030187904835, 0.7055779695510864, 0.24924957752227783]
[step 0180/200] method=baseline_avg loss=0.5301 train_acc=0.7044 train_loss=0.5109 val_acc=0.6913 val_loss=0.5425 router_H=0.5927 best=0.6913
           router_load=[0.04066348448395729, 0.0045091030187904835, 0.7055779695510864, 0.24924957752227783]
[step 0190/200] method=baseline_avg loss=0.4589 train_acc=0.7044 train_loss=0.5109 val_acc=0.6913 val_loss=0.5425 router_H=0.5927 best=0.6913
           router_load=[0.04066348448395729, 0.0045091030187904835, 0.7055779695510864, 0.24924957752227783]
[step 0200/200] method=baseline_avg loss=0.8470 train_acc=0.7044 train_loss=0.5332 val_acc=0.6913 val_loss=0.5776 router_H=0.5276 best=0.6913
           router_load=[0.028457840904593468, 0.007620783057063818, 0.764865517616272, 0.19905562698841095]
saved summary -> /root/Optimization/MOE-grad-conflict-routing/runs/paper_suite_supplement/single_task_add_rerun/single_task/roberta_cola_ffn_e4_k2/hpo/baseline/trial_runs/coord_01_train_lr_022/baseline_s2.json
saved curve -> /root/Optimization/MOE-grad-conflict-routing/runs/paper_suite_supplement/single_task_add_rerun/single_task/roberta_cola_ffn_e4_k2/hpo/baseline/trial_runs/coord_01_train_lr_022/baseline_s2_curve.csv
