[run] method=cagrad candidate=coord_02_anchor seed=3 steps=150 gpu=0
[run] cmd=
/home/zhujjing/anaconda3/envs/moe/bin/python /home/zhujjing/MOE-grad-conflict-routing/scripts/run.py --config configs/singletask_sst2_real.yaml --set model.backbone_backend=hf --set model.hf_load_pretrained=true --set model.hf_local_files_only=true --set model.backbone=deberta --set model.hf_pretrained_name=microsoft/deberta-v3-base --set model.expert_type=lora --set model.routing_mode=topk --set model.num_experts=4 --set model.top_k=2 --set seed=3 --set method.name=baseline_cagrad --set train.steps=150 --set train.eval_every_steps=50 --set method.baseline_cagrad.c=0.4 --set method.baseline_cagrad.inner_lr=0.1 --set train.grad_clip=1 --set train.lr=2e-05 --set train.weight_decay=0.01 --out /home/zhujjing/MOE-grad-conflict-routing/runs/paper_suite/single_gpu/single_task/deberta_sst2_lora_e4_k2_supplement/hpo/cagrad/trial_runs/coord_02_anchor/cagrad_s3.json --curve_out /home/zhujjing/MOE-grad-conflict-routing/runs/paper_suite/single_gpu/single_task/deberta_sst2_lora_e4_k2_supplement/hpo/cagrad/trial_runs/coord_02_anchor/cagrad_s3_curve.csv
Using the latest cached version of the dataset since glue couldn't be found on the Hugging Face Hub (offline mode is enabled).
Found the latest cached dataset configuration 'sst2' at /home/zhujjing/hf_cache/datasets/glue/sst2/0.0.0/bcdcba79d07bc864c1c254ccfcedcce55bcc9a8c (last modified on Thu Mar 19 15:01:41 2026).
/home/zhujjing/anaconda3/envs/moe/lib/python3.10/site-packages/transformers/utils/hub.py:124: FutureWarning: Using `TRANSFORMERS_CACHE` is deprecated and will be removed in v5 of Transformers. Use `HF_HOME` instead.
  warnings.warn(
/home/zhujjing/anaconda3/envs/moe/lib/python3.10/site-packages/transformers/convert_slow_tokenizer.py:560: UserWarning: The sentencepiece tokenizer that you are converting to a fast tokenizer uses the byte fallback option which is not implemented in the fast tokenizers. In practice this means that the fast version of the tokenizer can produce unknown tokens whereas the sentencepiece version would have converted these unknown tokens into a sequence of byte tokens matching the original piece of text.
  warnings.warn(
[step 0001/150] method=baseline_cagrad loss=1.4732 train_acc=nan train_loss=nan val_acc=nan val_loss=nan best=-1.0000
[step 0010/150] method=baseline_cagrad loss=0.6042 train_acc=nan train_loss=nan val_acc=nan val_loss=nan best=-1.0000
[step 0020/150] method=baseline_cagrad loss=0.6174 train_acc=nan train_loss=nan val_acc=nan val_loss=nan best=-1.0000
[step 0030/150] method=baseline_cagrad loss=0.5788 train_acc=nan train_loss=nan val_acc=nan val_loss=nan best=-1.0000
[step 0040/150] method=baseline_cagrad loss=0.4618 train_acc=nan train_loss=nan val_acc=nan val_loss=nan best=-1.0000
[step 0050/150] method=baseline_cagrad loss=0.5362 train_acc=0.8897 train_loss=0.2713 val_acc=0.9048 val_loss=0.2450 router_H=0.6580 best=0.9048
           router_load=[0.21846187114715576, 0.3332909345626831, 0.02659129723906517, 0.4216559827327728]
[step 0060/150] method=baseline_cagrad loss=0.5570 train_acc=0.8897 train_loss=0.2713 val_acc=0.9048 val_loss=0.2450 router_H=0.6580 best=0.9048
           router_load=[0.21846187114715576, 0.3332909345626831, 0.02659129723906517, 0.4216559827327728]
[step 0070/150] method=baseline_cagrad loss=0.2631 train_acc=0.8897 train_loss=0.2713 val_acc=0.9048 val_loss=0.2450 router_H=0.6580 best=0.9048
           router_load=[0.21846187114715576, 0.3332909345626831, 0.02659129723906517, 0.4216559827327728]
[step 0080/150] method=baseline_cagrad loss=0.1250 train_acc=0.8897 train_loss=0.2713 val_acc=0.9048 val_loss=0.2450 router_H=0.6580 best=0.9048
           router_load=[0.21846187114715576, 0.3332909345626831, 0.02659129723906517, 0.4216559827327728]
[step 0090/150] method=baseline_cagrad loss=0.0777 train_acc=0.8897 train_loss=0.2713 val_acc=0.9048 val_loss=0.2450 router_H=0.6580 best=0.9048
           router_load=[0.21846187114715576, 0.3332909345626831, 0.02659129723906517, 0.4216559827327728]
[step 0100/150] method=baseline_cagrad loss=0.2056 train_acc=0.9086 train_loss=0.2603 val_acc=0.9197 val_loss=0.2393 router_H=0.6594 best=0.9197
           router_load=[0.25949451327323914, 0.3000636398792267, 0.023641182109713554, 0.41680052876472473]
[step 0110/150] method=baseline_cagrad loss=0.6047 train_acc=0.9086 train_loss=0.2603 val_acc=0.9197 val_loss=0.2393 router_H=0.6594 best=0.9197
           router_load=[0.25949451327323914, 0.3000636398792267, 0.023641182109713554, 0.41680052876472473]
[step 0120/150] method=baseline_cagrad loss=0.5255 train_acc=0.9086 train_loss=0.2603 val_acc=0.9197 val_loss=0.2393 router_H=0.6594 best=0.9197
           router_load=[0.25949451327323914, 0.3000636398792267, 0.023641182109713554, 0.41680052876472473]
[step 0130/150] method=baseline_cagrad loss=0.1864 train_acc=0.9086 train_loss=0.2603 val_acc=0.9197 val_loss=0.2393 router_H=0.6594 best=0.9197
           router_load=[0.25949451327323914, 0.3000636398792267, 0.023641182109713554, 0.41680052876472473]
[step 0140/150] method=baseline_cagrad loss=0.3886 train_acc=0.9086 train_loss=0.2603 val_acc=0.9197 val_loss=0.2393 router_H=0.6594 best=0.9197
           router_load=[0.25949451327323914, 0.3000636398792267, 0.023641182109713554, 0.41680052876472473]
[step 0150/150] method=baseline_cagrad loss=0.1699 train_acc=0.9274 train_loss=0.1990 val_acc=0.9266 val_loss=0.2084 router_H=0.6603 best=0.9266
           router_load=[0.3313024044036865, 0.3473292589187622, 0.04169705510139465, 0.27967143058776855]
saved summary -> /home/zhujjing/MOE-grad-conflict-routing/runs/paper_suite/single_gpu/single_task/deberta_sst2_lora_e4_k2_supplement/hpo/cagrad/trial_runs/coord_02_anchor/cagrad_s3.json
saved curve -> /home/zhujjing/MOE-grad-conflict-routing/runs/paper_suite/single_gpu/single_task/deberta_sst2_lora_e4_k2_supplement/hpo/cagrad/trial_runs/coord_02_anchor/cagrad_s3_curve.csv
