[run] method=ours candidate=coord_02_train_weight_decay_002 seed=2 steps=200 gpu=0
[run] cmd=
/root/miniconda3/envs/optimization/bin/python /root/Optimization/MOE-grad-conflict-routing-appendix2/scripts/run.py --config configs/multitask_textcls_local_sst2_yelp_amazon_real.yaml --set model.backbone_backend=hf --set model.hf_load_pretrained=true --set model.hf_local_files_only=1 --set model.backbone=roberta --set model.hf_pretrained_name=roberta-base --set model.expert_type=lora --set model.routing_mode=topk --set model.num_experts=4 --set model.top_k=2 --set data.train_size=20000 --set data.val_size=4000 --set train.eval_val_fraction=0.2 --set train.skip_train_eval=true --set seed=2 --set method.name=ours --set train.steps=200 --set train.eval_every_steps=100 --set method.ours.use_load_norm=true --set method.ours.lambda_align=0.001 --set train.grad_clip=1 --set train.lr=2.555178414e-05 --set train.weight_decay=0.03175375625 --out /root/Optimization/MOE-grad-conflict-routing-appendix2/runs/paper_suite_supplement/appendix/multi_dataset_real/roberta_lora_e4_k2/_method_workers/ours/hpo/ours/trial_runs/coord_02_train_weight_decay_002/ours_s2.json --curve_out /root/Optimization/MOE-grad-conflict-routing-appendix2/runs/paper_suite_supplement/appendix/multi_dataset_real/roberta_lora_e4_k2/_method_workers/ours/hpo/ours/trial_runs/coord_02_train_weight_decay_002/ours_s2_curve.csv
Loading weights:   0%|          | 0/197 [00:00<?, ?it/s]Loading weights: 100%|██████████| 197/197 [00:00<00:00, 8323.37it/s]
[1mRobertaModel LOAD REPORT[0m from: roberta-base
Key                             | Status     | 
--------------------------------+------------+-
lm_head.dense.bias              | UNEXPECTED | 
lm_head.dense.weight            | UNEXPECTED | 
lm_head.layer_norm.weight       | UNEXPECTED | 
lm_head.layer_norm.bias         | UNEXPECTED | 
roberta.embeddings.position_ids | UNEXPECTED | 
lm_head.bias                    | UNEXPECTED | 
pooler.dense.bias               | MISSING    | 
pooler.dense.weight             | MISSING    | 

[3mNotes:
- UNEXPECTED[3m	:can be ignored when loading from different task/architecture; not ok if you expect identical arch.
- MISSING[3m	:those params were newly initialized because missing from the checkpoint. Consider training on your downstream task.[0m
[step 0001/200] method=ours loss=0.6886 train_acc=nan train_loss=nan val_acc=nan val_loss=nan best=-1.0000
[step 0010/200] method=ours loss=0.7614 train_acc=nan train_loss=nan val_acc=nan val_loss=nan best=-1.0000
[step 0020/200] method=ours loss=0.4843 train_acc=nan train_loss=nan val_acc=nan val_loss=nan best=-1.0000
[step 0030/200] method=ours loss=0.2331 train_acc=nan train_loss=nan val_acc=nan val_loss=nan best=-1.0000
[step 0040/200] method=ours loss=0.2573 train_acc=nan train_loss=nan val_acc=nan val_loss=nan best=-1.0000
[step 0050/200] method=ours loss=0.3705 train_acc=nan train_loss=nan val_acc=nan val_loss=nan best=-1.0000
[step 0060/200] method=ours loss=0.2017 train_acc=nan train_loss=nan val_acc=nan val_loss=nan best=-1.0000
[step 0070/200] method=ours loss=0.2745 train_acc=nan train_loss=nan val_acc=nan val_loss=nan best=-1.0000
[step 0080/200] method=ours loss=0.4928 train_acc=nan train_loss=nan val_acc=nan val_loss=nan best=-1.0000
[step 0090/200] method=ours loss=0.1196 train_acc=nan train_loss=nan val_acc=nan val_loss=nan best=-1.0000
[step 0100/200] method=ours loss=0.3516 train_acc=nan train_loss=nan val_acc=0.9103 val_loss=0.2634 router_H=0.6911 best=0.9103
           router_load=[0.021506117656826973, 0.30577388405799866, 0.21001112461090088, 0.46270909905433655]
[step 0110/200] method=ours loss=0.2905 train_acc=nan train_loss=nan val_acc=0.9103 val_loss=0.2634 router_H=0.6911 best=0.9103
           router_load=[0.021506117656826973, 0.30577388405799866, 0.21001112461090088, 0.46270909905433655]
[step 0120/200] method=ours loss=0.1884 train_acc=nan train_loss=nan val_acc=0.9103 val_loss=0.2634 router_H=0.6911 best=0.9103
           router_load=[0.021506117656826973, 0.30577388405799866, 0.21001112461090088, 0.46270909905433655]
[step 0130/200] method=ours loss=0.3729 train_acc=nan train_loss=nan val_acc=0.9103 val_loss=0.2634 router_H=0.6911 best=0.9103
           router_load=[0.021506117656826973, 0.30577388405799866, 0.21001112461090088, 0.46270909905433655]
[step 0140/200] method=ours loss=0.5097 train_acc=nan train_loss=nan val_acc=0.9103 val_loss=0.2634 router_H=0.6911 best=0.9103
           router_load=[0.021506117656826973, 0.30577388405799866, 0.21001112461090088, 0.46270909905433655]
[step 0150/200] method=ours loss=0.2605 train_acc=nan train_loss=nan val_acc=0.9103 val_loss=0.2634 router_H=0.6911 best=0.9103
           router_load=[0.021506117656826973, 0.30577388405799866, 0.21001112461090088, 0.46270909905433655]
[step 0160/200] method=ours loss=0.4107 train_acc=nan train_loss=nan val_acc=0.9103 val_loss=0.2634 router_H=0.6911 best=0.9103
           router_load=[0.021506117656826973, 0.30577388405799866, 0.21001112461090088, 0.46270909905433655]
[step 0170/200] method=ours loss=0.3499 train_acc=nan train_loss=nan val_acc=0.9103 val_loss=0.2634 router_H=0.6911 best=0.9103
           router_load=[0.021506117656826973, 0.30577388405799866, 0.21001112461090088, 0.46270909905433655]
[step 0180/200] method=ours loss=0.3446 train_acc=nan train_loss=nan val_acc=0.9103 val_loss=0.2634 router_H=0.6911 best=0.9103
           router_load=[0.021506117656826973, 0.30577388405799866, 0.21001112461090088, 0.46270909905433655]
[step 0190/200] method=ours loss=0.2885 train_acc=nan train_loss=nan val_acc=0.9103 val_loss=0.2634 router_H=0.6911 best=0.9103
           router_load=[0.021506117656826973, 0.30577388405799866, 0.21001112461090088, 0.46270909905433655]
[step 0200/200] method=ours loss=0.0630 train_acc=nan train_loss=nan val_acc=0.9161 val_loss=0.2406 router_H=0.6894 best=0.9161
           router_load=[0.22004127502441406, 0.3497753441333771, 0.10565672069787979, 0.3245266377925873]
saved summary -> /root/Optimization/MOE-grad-conflict-routing-appendix2/runs/paper_suite_supplement/appendix/multi_dataset_real/roberta_lora_e4_k2/_method_workers/ours/hpo/ours/trial_runs/coord_02_train_weight_decay_002/ours_s2.json
saved curve -> /root/Optimization/MOE-grad-conflict-routing-appendix2/runs/paper_suite_supplement/appendix/multi_dataset_real/roberta_lora_e4_k2/_method_workers/ours/hpo/ours/trial_runs/coord_02_train_weight_decay_002/ours_s2_curve.csv
