[run] method=baseline candidate=coord_02_train_weight_decay_006 seed=2 steps=150 gpu=0
[run] cmd=
/home/zhujjing/anaconda3/envs/moe/bin/python /home/zhujjing/MOE-grad-conflict-routing/scripts/run.py --config configs/singletask_mrpc_real.yaml --set model.backbone_backend=hf --set model.hf_load_pretrained=true --set model.backbone=deberta --set model.hf_pretrained_name=microsoft/deberta-v3-base --set model.expert_type=ffn --set model.routing_mode=topk --set model.num_experts=4 --set model.top_k=2 --set seed=2 --set method.name=baseline_avg --set train.steps=150 --set train.eval_every_steps=50 --set train.grad_clip=1 --set train.lr=0.0001112973657 --set train.weight_decay=0.0494133814 --out /home/zhujjing/MOE-grad-conflict-routing/runs/paper_suite/single_gpu/single_task/deberta_mrpc_ffn_e4_k2/hpo/baseline/trial_runs/coord_02_train_weight_decay_006/baseline_s2.json --curve_out /home/zhujjing/MOE-grad-conflict-routing/runs/paper_suite/single_gpu/single_task/deberta_mrpc_ffn_e4_k2/hpo/baseline/trial_runs/coord_02_train_weight_decay_006/baseline_s2_curve.csv
Using the latest cached version of the dataset since glue couldn't be found on the Hugging Face Hub (offline mode is enabled).
Found the latest cached dataset configuration 'mrpc' at /home/zhujjing/hf_cache/datasets/glue/mrpc/0.0.0/bcdcba79d07bc864c1c254ccfcedcce55bcc9a8c (last modified on Thu Mar 19 15:01:06 2026).
/home/zhujjing/anaconda3/envs/moe/lib/python3.10/site-packages/transformers/utils/hub.py:124: FutureWarning: Using `TRANSFORMERS_CACHE` is deprecated and will be removed in v5 of Transformers. Use `HF_HOME` instead.
  warnings.warn(
/home/zhujjing/anaconda3/envs/moe/lib/python3.10/site-packages/transformers/convert_slow_tokenizer.py:560: UserWarning: The sentencepiece tokenizer that you are converting to a fast tokenizer uses the byte fallback option which is not implemented in the fast tokenizers. In practice this means that the fast version of the tokenizer can produce unknown tokens whereas the sentencepiece version would have converted these unknown tokens into a sequence of byte tokens matching the original piece of text.
  warnings.warn(
[step 0001/150] method=baseline_avg loss=0.6515 train_acc=nan train_loss=nan val_acc=nan val_loss=nan best=-1.0000
[step 0010/150] method=baseline_avg loss=0.5665 train_acc=nan train_loss=nan val_acc=nan val_loss=nan best=-1.0000
[step 0020/150] method=baseline_avg loss=0.5105 train_acc=nan train_loss=nan val_acc=nan val_loss=nan best=-1.0000
[step 0030/150] method=baseline_avg loss=0.5337 train_acc=nan train_loss=nan val_acc=nan val_loss=nan best=-1.0000
[step 0040/150] method=baseline_avg loss=0.4624 train_acc=nan train_loss=nan val_acc=nan val_loss=nan best=-1.0000
[step 0050/150] method=baseline_avg loss=0.4271 train_acc=0.7625 train_loss=0.4905 val_acc=0.7574 val_loss=0.4999 router_H=0.5537 best=0.7574
           router_load=[0.7400636076927185, 0.03182211518287659, 0.2281142771244049, 0.0]
[step 0060/150] method=baseline_avg loss=0.6639 train_acc=0.7625 train_loss=0.4905 val_acc=0.7574 val_loss=0.4999 router_H=0.5537 best=0.7574
           router_load=[0.7400636076927185, 0.03182211518287659, 0.2281142771244049, 0.0]
[step 0070/150] method=baseline_avg loss=0.5530 train_acc=0.7625 train_loss=0.4905 val_acc=0.7574 val_loss=0.4999 router_H=0.5537 best=0.7574
           router_load=[0.7400636076927185, 0.03182211518287659, 0.2281142771244049, 0.0]
[step 0080/150] method=baseline_avg loss=0.3391 train_acc=0.7625 train_loss=0.4905 val_acc=0.7574 val_loss=0.4999 router_H=0.5537 best=0.7574
           router_load=[0.7400636076927185, 0.03182211518287659, 0.2281142771244049, 0.0]
[step 0090/150] method=baseline_avg loss=0.5377 train_acc=0.7625 train_loss=0.4905 val_acc=0.7574 val_loss=0.4999 router_H=0.5537 best=0.7574
           router_load=[0.7400636076927185, 0.03182211518287659, 0.2281142771244049, 0.0]
[step 0100/150] method=baseline_avg loss=0.2303 train_acc=0.8214 train_loss=0.3595 val_acc=0.8039 val_loss=0.3893 router_H=0.4377 best=0.8039
           router_load=[0.8326794505119324, 0.0, 0.16732056438922882, 0.0]
[step 0110/150] method=baseline_avg loss=0.5484 train_acc=0.8214 train_loss=0.3595 val_acc=0.8039 val_loss=0.3893 router_H=0.4377 best=0.8039
           router_load=[0.8326794505119324, 0.0, 0.16732056438922882, 0.0]
[step 0120/150] method=baseline_avg loss=0.1290 train_acc=0.8214 train_loss=0.3595 val_acc=0.8039 val_loss=0.3893 router_H=0.4377 best=0.8039
           router_load=[0.8326794505119324, 0.0, 0.16732056438922882, 0.0]
[step 0130/150] method=baseline_avg loss=0.4468 train_acc=0.8214 train_loss=0.3595 val_acc=0.8039 val_loss=0.3893 router_H=0.4377 best=0.8039
           router_load=[0.8326794505119324, 0.0, 0.16732056438922882, 0.0]
[step 0140/150] method=baseline_avg loss=0.3742 train_acc=0.8214 train_loss=0.3595 val_acc=0.8039 val_loss=0.3893 router_H=0.4377 best=0.8039
           router_load=[0.8326794505119324, 0.0, 0.16732056438922882, 0.0]
[step 0150/150] method=baseline_avg loss=0.5885 train_acc=0.8909 train_loss=0.2679 val_acc=0.8578 val_loss=0.3318 router_H=0.4876 best=0.8578
           router_load=[0.7791021466255188, 0.0, 0.2208978682756424, 0.0]
saved summary -> /home/zhujjing/MOE-grad-conflict-routing/runs/paper_suite/single_gpu/single_task/deberta_mrpc_ffn_e4_k2/hpo/baseline/trial_runs/coord_02_train_weight_decay_006/baseline_s2.json
saved curve -> /home/zhujjing/MOE-grad-conflict-routing/runs/paper_suite/single_gpu/single_task/deberta_mrpc_ffn_e4_k2/hpo/baseline/trial_runs/coord_02_train_weight_decay_006/baseline_s2_curve.csv
