[run] method=baseline candidate=coord_02_train_weight_decay_010 seed=3 steps=150 gpu=0
[run] cmd=
/home/zhujjing/anaconda3/envs/moe/bin/python /home/zhujjing/MOE-grad-conflict-routing/scripts/run.py --config configs/singletask_mrpc_real.yaml --set model.backbone_backend=hf --set model.hf_load_pretrained=true --set model.backbone=deberta --set model.hf_pretrained_name=microsoft/deberta-v3-base --set model.expert_type=ffn --set model.routing_mode=topk --set model.num_experts=4 --set model.top_k=2 --set seed=3 --set method.name=baseline_avg --set train.steps=150 --set train.eval_every_steps=50 --set train.grad_clip=1 --set train.lr=0.0001112973657 --set train.weight_decay=0.02446709884 --out /home/zhujjing/MOE-grad-conflict-routing/runs/paper_suite/single_gpu/single_task/deberta_mrpc_ffn_e4_k2/hpo/baseline/trial_runs/coord_02_train_weight_decay_010/baseline_s3.json --curve_out /home/zhujjing/MOE-grad-conflict-routing/runs/paper_suite/single_gpu/single_task/deberta_mrpc_ffn_e4_k2/hpo/baseline/trial_runs/coord_02_train_weight_decay_010/baseline_s3_curve.csv
Using the latest cached version of the dataset since glue couldn't be found on the Hugging Face Hub (offline mode is enabled).
Found the latest cached dataset configuration 'mrpc' at /home/zhujjing/hf_cache/datasets/glue/mrpc/0.0.0/bcdcba79d07bc864c1c254ccfcedcce55bcc9a8c (last modified on Thu Mar 19 15:01:06 2026).
/home/zhujjing/anaconda3/envs/moe/lib/python3.10/site-packages/transformers/utils/hub.py:124: FutureWarning: Using `TRANSFORMERS_CACHE` is deprecated and will be removed in v5 of Transformers. Use `HF_HOME` instead.
  warnings.warn(
/home/zhujjing/anaconda3/envs/moe/lib/python3.10/site-packages/transformers/convert_slow_tokenizer.py:560: UserWarning: The sentencepiece tokenizer that you are converting to a fast tokenizer uses the byte fallback option which is not implemented in the fast tokenizers. In practice this means that the fast version of the tokenizer can produce unknown tokens whereas the sentencepiece version would have converted these unknown tokens into a sequence of byte tokens matching the original piece of text.
  warnings.warn(
[step 0001/150] method=baseline_avg loss=0.6627 train_acc=nan train_loss=nan val_acc=nan val_loss=nan best=-1.0000
[step 0010/150] method=baseline_avg loss=0.7243 train_acc=nan train_loss=nan val_acc=nan val_loss=nan best=-1.0000
[step 0020/150] method=baseline_avg loss=0.5646 train_acc=nan train_loss=nan val_acc=nan val_loss=nan best=-1.0000
[step 0030/150] method=baseline_avg loss=0.4711 train_acc=nan train_loss=nan val_acc=nan val_loss=nan best=-1.0000
[step 0040/150] method=baseline_avg loss=0.6129 train_acc=nan train_loss=nan val_acc=nan val_loss=nan best=-1.0000
[step 0050/150] method=baseline_avg loss=0.4062 train_acc=0.8097 train_loss=0.4232 val_acc=0.8088 val_loss=0.4248 router_H=0.2525 best=0.8088
           router_load=[0.07168814539909363, 0.0, 0.928001880645752, 0.0003099998866673559]
[step 0060/150] method=baseline_avg loss=0.4821 train_acc=0.8097 train_loss=0.4232 val_acc=0.8088 val_loss=0.4248 router_H=0.2525 best=0.8088
           router_load=[0.07168814539909363, 0.0, 0.928001880645752, 0.0003099998866673559]
[step 0070/150] method=baseline_avg loss=0.3534 train_acc=0.8097 train_loss=0.4232 val_acc=0.8088 val_loss=0.4248 router_H=0.2525 best=0.8088
           router_load=[0.07168814539909363, 0.0, 0.928001880645752, 0.0003099998866673559]
[step 0080/150] method=baseline_avg loss=0.3609 train_acc=0.8097 train_loss=0.4232 val_acc=0.8088 val_loss=0.4248 router_H=0.2525 best=0.8088
           router_load=[0.07168814539909363, 0.0, 0.928001880645752, 0.0003099998866673559]
[step 0090/150] method=baseline_avg loss=0.5627 train_acc=0.8097 train_loss=0.4232 val_acc=0.8088 val_loss=0.4248 router_H=0.2525 best=0.8088
           router_load=[0.07168814539909363, 0.0, 0.928001880645752, 0.0003099998866673559]
[step 0100/150] method=baseline_avg loss=0.3633 train_acc=0.8520 train_loss=0.3281 val_acc=0.8309 val_loss=0.3658 router_H=0.5009 best=0.8309
           router_load=[0.2155178040266037, 0.0, 0.7830926775932312, 0.0013895323500037193]
[step 0110/150] method=baseline_avg loss=0.2591 train_acc=0.8520 train_loss=0.3281 val_acc=0.8309 val_loss=0.3658 router_H=0.5009 best=0.8309
           router_load=[0.2155178040266037, 0.0, 0.7830926775932312, 0.0013895323500037193]
[step 0120/150] method=baseline_avg loss=0.4318 train_acc=0.8520 train_loss=0.3281 val_acc=0.8309 val_loss=0.3658 router_H=0.5009 best=0.8309
           router_load=[0.2155178040266037, 0.0, 0.7830926775932312, 0.0013895323500037193]
[step 0130/150] method=baseline_avg loss=0.3633 train_acc=0.8520 train_loss=0.3281 val_acc=0.8309 val_loss=0.3658 router_H=0.5009 best=0.8309
           router_load=[0.2155178040266037, 0.0, 0.7830926775932312, 0.0013895323500037193]
[step 0140/150] method=baseline_avg loss=0.6322 train_acc=0.8520 train_loss=0.3281 val_acc=0.8309 val_loss=0.3658 router_H=0.5009 best=0.8309
           router_load=[0.2155178040266037, 0.0, 0.7830926775932312, 0.0013895323500037193]
[step 0150/150] method=baseline_avg loss=0.4140 train_acc=0.8615 train_loss=0.3263 val_acc=0.8064 val_loss=0.3969 router_H=0.4486 best=0.8309
           router_load=[0.18582035601139069, 0.0, 0.8141796588897705, 0.0]
saved summary -> /home/zhujjing/MOE-grad-conflict-routing/runs/paper_suite/single_gpu/single_task/deberta_mrpc_ffn_e4_k2/hpo/baseline/trial_runs/coord_02_train_weight_decay_010/baseline_s3.json
saved curve -> /home/zhujjing/MOE-grad-conflict-routing/runs/paper_suite/single_gpu/single_task/deberta_mrpc_ffn_e4_k2/hpo/baseline/trial_runs/coord_02_train_weight_decay_010/baseline_s3_curve.csv
